run=weak-q_lq_0p8_ls_0p7_lb_0p5 mode=weak-q noise=0.20 train=4200 valid=600 test=1200
epoch=1 loss_total=1.153141 loss_rec=0.725661 valid_auc=0.587617 valid_rmse=0.499755 q_change=57 q_delta=0.078453 q_grad=0.000703
epoch=2 loss_total=1.083342 loss_rec=0.705910 valid_auc=0.593929 valid_rmse=0.499315 q_change=57 q_delta=0.146294 q_grad=0.000601
epoch=3 loss_total=1.037993 loss_rec=0.699957 valid_auc=0.606138 valid_rmse=0.498533 q_change=57 q_delta=0.201968 q_grad=0.000509
epoch=4 loss_total=1.001439 loss_rec=0.693643 valid_auc=0.623850 valid_rmse=0.497813 q_change=57 q_delta=0.246481 q_grad=0.000429
epoch=5 loss_total=0.978495 loss_rec=0.693237 valid_auc=0.644732 valid_rmse=0.495818 q_change=57 q_delta=0.280873 q_grad=0.000370
epoch=6 loss_total=0.956272 loss_rec=0.687631 valid_auc=0.659308 valid_rmse=0.494222 q_change=57 q_delta=0.306611 q_grad=0.000338
epoch=7 loss_total=0.934002 loss_rec=0.677251 valid_auc=0.660268 valid_rmse=0.490433 q_change=57 q_delta=0.324970 q_grad=0.000351
epoch=8 loss_total=0.914265 loss_rec=0.665301 valid_auc=0.657779 valid_rmse=0.484947 q_change=57 q_delta=0.336673 q_grad=0.000457
epoch=9 loss_total=0.897175 loss_rec=0.653424 valid_auc=0.665882 valid_rmse=0.479074 q_change=57 q_delta=0.345888 q_grad=0.000623
epoch=10 loss_total=0.892403 loss_rec=0.653136 valid_auc=0.667623 valid_rmse=0.478963 q_change=57 q_delta=0.353308 q_grad=0.000731
epoch=11 loss_total=0.885558 loss_rec=0.649590 valid_auc=0.670714 valid_rmse=0.477499 q_change=57 q_delta=0.359547 q_grad=0.000859
epoch=12 loss_total=0.873157 loss_rec=0.640072 valid_auc=0.674230 valid_rmse=0.478016 q_change=57 q_delta=0.364211 q_grad=0.000950
epoch=13 loss_total=0.867952 loss_rec=0.637182 valid_auc=0.676596 valid_rmse=0.475056 q_change=57 q_delta=0.368318 q_grad=0.001000
epoch=14 loss_total=0.865293 loss_rec=0.636208 valid_auc=0.678136 valid_rmse=0.476268 q_change=57 q_delta=0.370931 q_grad=0.001131
epoch=15 loss_total=0.860895 loss_rec=0.633178 valid_auc=0.678839 valid_rmse=0.474356 q_change=57 q_delta=0.373578 q_grad=0.001232
epoch=16 loss_total=0.860536 loss_rec=0.633895 valid_auc=0.682165 valid_rmse=0.474098 q_change=57 q_delta=0.375224 q_grad=0.001374
epoch=17 loss_total=0.857038 loss_rec=0.631338 valid_auc=0.681708 valid_rmse=0.474138 q_change=57 q_delta=0.376671 q_grad=0.001357
epoch=18 loss_total=0.849900 loss_rec=0.624838 valid_auc=0.683326 valid_rmse=0.473239 q_change=57 q_delta=0.377889 q_grad=0.001428
epoch=19 loss_total=0.847881 loss_rec=0.623516 valid_auc=0.684129 valid_rmse=0.474211 q_change=57 q_delta=0.378971 q_grad=0.001553
epoch=20 loss_total=0.845281 loss_rec=0.621307 valid_auc=0.686741 valid_rmse=0.472133 q_change=56 q_delta=0.379827 q_grad=0.001662
epoch=21 loss_total=0.840476 loss_rec=0.616875 valid_auc=0.687913 valid_rmse=0.474026 q_change=56 q_delta=0.380475 q_grad=0.001607
epoch=22 loss_total=0.837892 loss_rec=0.614496 valid_auc=0.689029 valid_rmse=0.472674 q_change=56 q_delta=0.381385 q_grad=0.001766
epoch=23 loss_total=0.834631 loss_rec=0.611438 valid_auc=0.686228 valid_rmse=0.472536 q_change=56 q_delta=0.382583 q_grad=0.001760
epoch=24 loss_total=0.829343 loss_rec=0.606363 valid_auc=0.685458 valid_rmse=0.473307 q_change=56 q_delta=0.383372 q_grad=0.001794
epoch=25 loss_total=0.830727 loss_rec=0.607962 valid_auc=0.686094 valid_rmse=0.473256 q_change=55 q_delta=0.383970 q_grad=0.001933
epoch=26 loss_total=0.827786 loss_rec=0.605167 valid_auc=0.687578 valid_rmse=0.474053 q_change=54 q_delta=0.384641 q_grad=0.001915
epoch=27 loss_total=0.823791 loss_rec=0.601258 valid_auc=0.688828 valid_rmse=0.475032 q_change=54 q_delta=0.385361 q_grad=0.001894
epoch=28 loss_total=0.826262 loss_rec=0.603955 valid_auc=0.687958 valid_rmse=0.473769 q_change=53 q_delta=0.386564 q_grad=0.001965
epoch=29 loss_total=0.819508 loss_rec=0.597378 valid_auc=0.690737 valid_rmse=0.473144 q_change=53 q_delta=0.387724 q_grad=0.001999
epoch=30 loss_total=0.818712 loss_rec=0.596655 valid_auc=0.692366 valid_rmse=0.473660 q_change=52 q_delta=0.388934 q_grad=0.001967
epoch=31 loss_total=0.814505 loss_rec=0.592471 valid_auc=0.691629 valid_rmse=0.473475 q_change=52 q_delta=0.390103 q_grad=0.002005
epoch=32 loss_total=0.815771 loss_rec=0.593862 valid_auc=0.693248 valid_rmse=0.473429 q_change=52 q_delta=0.391398 q_grad=0.002055
epoch=33 loss_total=0.813063 loss_rec=0.591225 valid_auc=0.692333 valid_rmse=0.471444 q_change=52 q_delta=0.392716 q_grad=0.002048
epoch=34 loss_total=0.812140 loss_rec=0.590426 valid_auc=0.690201 valid_rmse=0.471969 q_change=52 q_delta=0.393683 q_grad=0.002044
epoch=35 loss_total=0.811293 loss_rec=0.589696 valid_auc=0.693873 valid_rmse=0.470799 q_change=52 q_delta=0.394632 q_grad=0.002028
epoch=36 loss_total=0.805168 loss_rec=0.583524 valid_auc=0.694788 valid_rmse=0.471799 q_change=50 q_delta=0.395215 q_grad=0.002108
epoch=37 loss_total=0.800455 loss_rec=0.578825 valid_auc=0.693616 valid_rmse=0.472668 q_change=51 q_delta=0.396018 q_grad=0.002111
epoch=38 loss_total=0.797926 loss_rec=0.576448 valid_auc=0.694308 valid_rmse=0.474025 q_change=50 q_delta=0.396981 q_grad=0.002230
epoch=39 loss_total=0.798546 loss_rec=0.577125 valid_auc=0.693873 valid_rmse=0.471493 q_change=51 q_delta=0.398204 q_grad=0.002169
epoch=40 loss_total=0.794175 loss_rec=0.572854 valid_auc=0.693873 valid_rmse=0.472061 q_change=51 q_delta=0.398977 q_grad=0.002229
epoch=41 loss_total=0.789086 loss_rec=0.567889 valid_auc=0.694833 valid_rmse=0.473524 q_change=51 q_delta=0.399783 q_grad=0.002240
epoch=42 loss_total=0.791143 loss_rec=0.570001 valid_auc=0.691071 valid_rmse=0.472993 q_change=51 q_delta=0.400772 q_grad=0.002356
epoch=43 loss_total=0.785371 loss_rec=0.564243 valid_auc=0.692701 valid_rmse=0.473561 q_change=51 q_delta=0.401253 q_grad=0.002328
epoch=44 loss_total=0.784512 loss_rec=0.563484 valid_auc=0.690904 valid_rmse=0.474645 q_change=50 q_delta=0.402082 q_grad=0.002401
epoch=45 loss_total=0.778990 loss_rec=0.558077 valid_auc=0.691127 valid_rmse=0.478913 q_change=50 q_delta=0.402450 q_grad=0.002467
epoch=46 loss_total=0.778955 loss_rec=0.558061 valid_auc=0.693895 valid_rmse=0.472430 q_change=50 q_delta=0.403367 q_grad=0.002450
epoch=47 loss_total=0.775013 loss_rec=0.554193 valid_auc=0.692366 valid_rmse=0.475449 q_change=50 q_delta=0.403992 q_grad=0.002475
epoch=48 loss_total=0.771694 loss_rec=0.550942 valid_auc=0.692366 valid_rmse=0.474182 q_change=50 q_delta=0.404632 q_grad=0.002580
epoch=49 loss_total=0.767918 loss_rec=0.547238 valid_auc=0.693806 valid_rmse=0.473423 q_change=50 q_delta=0.405097 q_grad=0.002610
epoch=50 loss_total=0.762697 loss_rec=0.542044 valid_auc=0.691440 valid_rmse=0.475814 q_change=50 q_delta=0.405626 q_grad=0.002600
epoch=51 loss_total=0.761402 loss_rec=0.540868 valid_auc=0.693214 valid_rmse=0.477102 q_change=50 q_delta=0.405982 q_grad=0.002705
epoch=52 loss_total=0.762721 loss_rec=0.542282 valid_auc=0.691975 valid_rmse=0.475353 q_change=50 q_delta=0.406607 q_grad=0.002760
epoch=53 loss_total=0.762781 loss_rec=0.542361 valid_auc=0.693694 valid_rmse=0.474273 q_change=50 q_delta=0.406986 q_grad=0.002797
epoch=54 loss_total=0.754320 loss_rec=0.533944 valid_auc=0.688214 valid_rmse=0.477357 q_change=50 q_delta=0.407150 q_grad=0.002798
epoch=55 loss_total=0.750698 loss_rec=0.530389 valid_auc=0.695246 valid_rmse=0.474094 q_change=50 q_delta=0.407496 q_grad=0.002805
epoch=56 loss_total=0.750788 loss_rec=0.530503 valid_auc=0.690134 valid_rmse=0.476850 q_change=50 q_delta=0.407716 q_grad=0.002896
epoch=57 loss_total=0.748464 loss_rec=0.528190 valid_auc=0.689732 valid_rmse=0.478921 q_change=50 q_delta=0.408012 q_grad=0.003005
epoch=58 loss_total=0.741949 loss_rec=0.521744 valid_auc=0.688973 valid_rmse=0.481279 q_change=50 q_delta=0.408208 q_grad=0.002938
epoch=59 loss_total=0.742565 loss_rec=0.522474 valid_auc=0.691752 valid_rmse=0.476346 q_change=50 q_delta=0.408552 q_grad=0.002942
epoch=60 loss_total=0.741082 loss_rec=0.521052 valid_auc=0.690469 valid_rmse=0.477569 q_change=50 q_delta=0.408669 q_grad=0.002944
epoch=61 loss_total=0.738055 loss_rec=0.517994 valid_auc=0.688415 valid_rmse=0.478108 q_change=50 q_delta=0.408874 q_grad=0.003102
epoch=62 loss_total=0.734795 loss_rec=0.514872 valid_auc=0.690748 valid_rmse=0.478056 q_change=50 q_delta=0.409025 q_grad=0.003047
epoch=63 loss_total=0.735267 loss_rec=0.515396 valid_auc=0.686886 valid_rmse=0.479308 q_change=50 q_delta=0.409156 q_grad=0.003154
epoch=64 loss_total=0.734809 loss_rec=0.514963 valid_auc=0.689978 valid_rmse=0.481979 q_change=50 q_delta=0.409097 q_grad=0.003160
epoch=65 loss_total=0.730509 loss_rec=0.510690 valid_auc=0.689621 valid_rmse=0.479249 q_change=50 q_delta=0.409365 q_grad=0.003001
epoch=66 loss_total=0.732058 loss_rec=0.512297 valid_auc=0.687589 valid_rmse=0.480648 q_change=50 q_delta=0.409393 q_grad=0.003235
epoch=67 loss_total=0.732305 loss_rec=0.512577 valid_auc=0.687333 valid_rmse=0.481500 q_change=50 q_delta=0.409445 q_grad=0.003247
epoch=68 loss_total=0.724797 loss_rec=0.505139 valid_auc=0.687634 valid_rmse=0.484506 q_change=50 q_delta=0.409335 q_grad=0.003178
epoch=69 loss_total=0.722512 loss_rec=0.502874 valid_auc=0.689420 valid_rmse=0.487161 q_change=50 q_delta=0.409461 q_grad=0.003329
epoch=70 loss_total=0.720548 loss_rec=0.500960 valid_auc=0.685893 valid_rmse=0.481726 q_change=50 q_delta=0.409696 q_grad=0.003377
epoch=71 loss_total=0.721453 loss_rec=0.501958 valid_auc=0.690335 valid_rmse=0.480676 q_change=50 q_delta=0.409670 q_grad=0.003319
epoch=72 loss_total=0.720835 loss_rec=0.501328 valid_auc=0.687009 valid_rmse=0.481398 q_change=50 q_delta=0.409759 q_grad=0.003335
epoch=73 loss_total=0.714845 loss_rec=0.495392 valid_auc=0.685056 valid_rmse=0.483545 q_change=50 q_delta=0.409804 q_grad=0.003397
epoch=74 loss_total=0.721290 loss_rec=0.501877 valid_auc=0.685636 valid_rmse=0.482874 q_change=50 q_delta=0.409833 q_grad=0.003347
epoch=75 loss_total=0.718482 loss_rec=0.499073 valid_auc=0.685246 valid_rmse=0.489263 q_change=50 q_delta=0.409640 q_grad=0.003350
Early stopping at epoch 75; best_epoch=55.
Saved run to C:\Users\YAN_SHU_YU\Desktop\Generative-CD\Q_GNCDM\results\weak_q_lambda_sweep\lq_0p8_ls_0p7_lb_0p5\seed_2026\noise_0.20\weak-q_lq_0p8_ls_0p7_lb_0p5
Final metrics: q_hat_f1=0.222222 response_auc=0.686497 mastery_pearson=0.434019
