run=weak-q_lq_0p8_ls_0p4_lb_0p6 mode=weak-q noise=0.20 train=4200 valid=600 test=1200
epoch=1 loss_total=1.047268 loss_rec=0.725653 valid_auc=0.587924 valid_rmse=0.499746 q_change=57 q_delta=0.077523 q_grad=0.000412
epoch=2 loss_total=0.998562 loss_rec=0.705795 valid_auc=0.596138 valid_rmse=0.499235 q_change=57 q_delta=0.142925 q_grad=0.000346
epoch=3 loss_total=0.970324 loss_rec=0.699535 valid_auc=0.612165 valid_rmse=0.498262 q_change=57 q_delta=0.195365 q_grad=0.000299
epoch=4 loss_total=0.946843 loss_rec=0.692545 valid_auc=0.635324 valid_rmse=0.497114 q_change=57 q_delta=0.236435 q_grad=0.000266
epoch=5 loss_total=0.933154 loss_rec=0.690614 valid_auc=0.656775 valid_rmse=0.494116 q_change=57 q_delta=0.266214 q_grad=0.000265
epoch=6 loss_total=0.915499 loss_rec=0.680859 valid_auc=0.667232 valid_rmse=0.489803 q_change=57 q_delta=0.285279 q_grad=0.000310
epoch=7 loss_total=0.891540 loss_rec=0.661552 valid_auc=0.667143 valid_rmse=0.482565 q_change=57 q_delta=0.295721 q_grad=0.000437
epoch=8 loss_total=0.874304 loss_rec=0.646790 valid_auc=0.669241 valid_rmse=0.479040 q_change=57 q_delta=0.302154 q_grad=0.000671
epoch=9 loss_total=0.863125 loss_rec=0.637633 valid_auc=0.678571 valid_rmse=0.474603 q_change=57 q_delta=0.307639 q_grad=0.000855
epoch=10 loss_total=0.862127 loss_rec=0.638410 valid_auc=0.680257 valid_rmse=0.474901 q_change=57 q_delta=0.311032 q_grad=0.000963
epoch=11 loss_total=0.856803 loss_rec=0.634087 valid_auc=0.684163 valid_rmse=0.472868 q_change=57 q_delta=0.313848 q_grad=0.001124
epoch=12 loss_total=0.845110 loss_rec=0.623224 valid_auc=0.685458 valid_rmse=0.473697 q_change=56 q_delta=0.315256 q_grad=0.001233
epoch=13 loss_total=0.839399 loss_rec=0.618219 valid_auc=0.685670 valid_rmse=0.472233 q_change=55 q_delta=0.317784 q_grad=0.001289
epoch=14 loss_total=0.837848 loss_rec=0.617173 valid_auc=0.685558 valid_rmse=0.473867 q_change=54 q_delta=0.319286 q_grad=0.001411
epoch=15 loss_total=0.832160 loss_rec=0.611946 valid_auc=0.685893 valid_rmse=0.472696 q_change=52 q_delta=0.322146 q_grad=0.001489
epoch=16 loss_total=0.832038 loss_rec=0.612247 valid_auc=0.686239 valid_rmse=0.473172 q_change=52 q_delta=0.324571 q_grad=0.001612
epoch=17 loss_total=0.826977 loss_rec=0.607660 valid_auc=0.684900 valid_rmse=0.473176 q_change=52 q_delta=0.327343 q_grad=0.001553
epoch=18 loss_total=0.819551 loss_rec=0.600606 valid_auc=0.686685 valid_rmse=0.473043 q_change=51 q_delta=0.329816 q_grad=0.001594
epoch=19 loss_total=0.817227 loss_rec=0.598777 valid_auc=0.686462 valid_rmse=0.474245 q_change=49 q_delta=0.332101 q_grad=0.001698
epoch=20 loss_total=0.813160 loss_rec=0.595018 valid_auc=0.688516 valid_rmse=0.472603 q_change=49 q_delta=0.334718 q_grad=0.001786
epoch=21 loss_total=0.806912 loss_rec=0.589107 valid_auc=0.689643 valid_rmse=0.473969 q_change=48 q_delta=0.336751 q_grad=0.001716
epoch=22 loss_total=0.803338 loss_rec=0.585822 valid_auc=0.689275 valid_rmse=0.473844 q_change=48 q_delta=0.338966 q_grad=0.001861
epoch=23 loss_total=0.799657 loss_rec=0.582448 valid_auc=0.686507 valid_rmse=0.474144 q_change=48 q_delta=0.341104 q_grad=0.001811
epoch=24 loss_total=0.792854 loss_rec=0.575935 valid_auc=0.686752 valid_rmse=0.474995 q_change=48 q_delta=0.342933 q_grad=0.001857
epoch=25 loss_total=0.791617 loss_rec=0.574934 valid_auc=0.688672 valid_rmse=0.475166 q_change=47 q_delta=0.344640 q_grad=0.001983
epoch=26 loss_total=0.787674 loss_rec=0.571219 valid_auc=0.690368 valid_rmse=0.475283 q_change=47 q_delta=0.346298 q_grad=0.001973
epoch=27 loss_total=0.781867 loss_rec=0.565603 valid_auc=0.689386 valid_rmse=0.477842 q_change=46 q_delta=0.347639 q_grad=0.001966
epoch=28 loss_total=0.783197 loss_rec=0.567102 valid_auc=0.690324 valid_rmse=0.475921 q_change=46 q_delta=0.349150 q_grad=0.002096
epoch=29 loss_total=0.774630 loss_rec=0.558744 valid_auc=0.692522 valid_rmse=0.475705 q_change=45 q_delta=0.350302 q_grad=0.002092
epoch=30 loss_total=0.771324 loss_rec=0.555556 valid_auc=0.693906 valid_rmse=0.476666 q_change=45 q_delta=0.351411 q_grad=0.002143
epoch=31 loss_total=0.765421 loss_rec=0.549819 valid_auc=0.692757 valid_rmse=0.476754 q_change=45 q_delta=0.352785 q_grad=0.002144
epoch=32 loss_total=0.763808 loss_rec=0.548363 valid_auc=0.696172 valid_rmse=0.476545 q_change=43 q_delta=0.354237 q_grad=0.002225
epoch=33 loss_total=0.756912 loss_rec=0.541543 valid_auc=0.692835 valid_rmse=0.475619 q_change=43 q_delta=0.355463 q_grad=0.002245
epoch=34 loss_total=0.755949 loss_rec=0.540752 valid_auc=0.692143 valid_rmse=0.475811 q_change=43 q_delta=0.356382 q_grad=0.002261
epoch=35 loss_total=0.755420 loss_rec=0.540338 valid_auc=0.697009 valid_rmse=0.474186 q_change=41 q_delta=0.357450 q_grad=0.002258
epoch=36 loss_total=0.746320 loss_rec=0.531281 valid_auc=0.694944 valid_rmse=0.474980 q_change=41 q_delta=0.358077 q_grad=0.002344
epoch=37 loss_total=0.741282 loss_rec=0.526323 valid_auc=0.692422 valid_rmse=0.478379 q_change=41 q_delta=0.358822 q_grad=0.002343
epoch=38 loss_total=0.733716 loss_rec=0.518911 valid_auc=0.693549 valid_rmse=0.478824 q_change=40 q_delta=0.359681 q_grad=0.002437
epoch=39 loss_total=0.733363 loss_rec=0.518658 valid_auc=0.693996 valid_rmse=0.477446 q_change=40 q_delta=0.360699 q_grad=0.002408
epoch=40 loss_total=0.730205 loss_rec=0.515608 valid_auc=0.693170 valid_rmse=0.478789 q_change=37 q_delta=0.361686 q_grad=0.002477
epoch=41 loss_total=0.722570 loss_rec=0.508121 valid_auc=0.692400 valid_rmse=0.482123 q_change=35 q_delta=0.362747 q_grad=0.002457
epoch=42 loss_total=0.726109 loss_rec=0.511780 valid_auc=0.690982 valid_rmse=0.480354 q_change=35 q_delta=0.363773 q_grad=0.002606
epoch=43 loss_total=0.719521 loss_rec=0.505297 valid_auc=0.692935 valid_rmse=0.480822 q_change=35 q_delta=0.364439 q_grad=0.002556
epoch=44 loss_total=0.715759 loss_rec=0.501631 valid_auc=0.692645 valid_rmse=0.480461 q_change=35 q_delta=0.365396 q_grad=0.002594
epoch=45 loss_total=0.712341 loss_rec=0.498347 valid_auc=0.690000 valid_rmse=0.485804 q_change=34 q_delta=0.366095 q_grad=0.002580
epoch=46 loss_total=0.711612 loss_rec=0.497669 valid_auc=0.695949 valid_rmse=0.479956 q_change=35 q_delta=0.367169 q_grad=0.002615
epoch=47 loss_total=0.707757 loss_rec=0.493942 valid_auc=0.692600 valid_rmse=0.483487 q_change=35 q_delta=0.367867 q_grad=0.002561
epoch=48 loss_total=0.707882 loss_rec=0.494189 valid_auc=0.692243 valid_rmse=0.482195 q_change=35 q_delta=0.368798 q_grad=0.002653
epoch=49 loss_total=0.701917 loss_rec=0.488321 valid_auc=0.693449 valid_rmse=0.480741 q_change=33 q_delta=0.369251 q_grad=0.002593
epoch=50 loss_total=0.697246 loss_rec=0.483734 valid_auc=0.692277 valid_rmse=0.485094 q_change=34 q_delta=0.370061 q_grad=0.002606
epoch=51 loss_total=0.698015 loss_rec=0.484639 valid_auc=0.691127 valid_rmse=0.485696 q_change=33 q_delta=0.370748 q_grad=0.002685
epoch=52 loss_total=0.698920 loss_rec=0.485636 valid_auc=0.691551 valid_rmse=0.483602 q_change=33 q_delta=0.371424 q_grad=0.002663
epoch=53 loss_total=0.700264 loss_rec=0.487068 valid_auc=0.692232 valid_rmse=0.482730 q_change=34 q_delta=0.372017 q_grad=0.002675
epoch=54 loss_total=0.694216 loss_rec=0.481070 valid_auc=0.688471 valid_rmse=0.484894 q_change=34 q_delta=0.372642 q_grad=0.002710
epoch=55 loss_total=0.689540 loss_rec=0.476505 valid_auc=0.695357 valid_rmse=0.481178 q_change=33 q_delta=0.373335 q_grad=0.002617
Early stopping at epoch 55; best_epoch=35.
Saved run to C:\Users\YAN_SHU_YU\Desktop\Generative-CD\Q_GNCDM\results\weak_q_lambda_sweep\lq_0p8_ls_0p4_lb_0p6\seed_2026\noise_0.20\weak-q_lq_0p8_ls_0p4_lb_0p6
Final metrics: q_hat_f1=0.416667 response_auc=0.692751 mastery_pearson=0.502567
