run=weak-q_lq_0p7_ls_0p9_lb_0p7 mode=weak-q noise=0.20 train=4200 valid=600 test=1200
epoch=1 loss_total=1.288254 loss_rec=0.725666 valid_auc=0.587444 valid_rmse=0.499760 q_change=57 q_delta=0.079415 q_grad=0.000940
epoch=2 loss_total=1.197779 loss_rec=0.706005 valid_auc=0.592846 valid_rmse=0.499362 q_change=57 q_delta=0.150541 q_grad=0.000862
epoch=3 loss_total=1.130790 loss_rec=0.700278 valid_auc=0.603270 valid_rmse=0.498693 q_change=57 q_delta=0.210490 q_grad=0.000770
epoch=4 loss_total=1.074350 loss_rec=0.694414 valid_auc=0.619051 valid_rmse=0.498218 q_change=57 q_delta=0.259003 q_grad=0.000673
epoch=5 loss_total=1.034743 loss_rec=0.694827 valid_auc=0.638449 valid_rmse=0.496715 q_change=57 q_delta=0.296952 q_grad=0.000577
epoch=6 loss_total=0.999908 loss_rec=0.691103 valid_auc=0.654208 valid_rmse=0.496293 q_change=57 q_delta=0.326132 q_grad=0.000496
epoch=7 loss_total=0.970214 loss_rec=0.685293 valid_auc=0.656373 valid_rmse=0.495144 q_change=57 q_delta=0.348442 q_grad=0.000434
epoch=8 loss_total=0.947835 loss_rec=0.680924 valid_auc=0.650792 valid_rmse=0.492804 q_change=57 q_delta=0.364943 q_grad=0.000400
epoch=9 loss_total=0.927645 loss_rec=0.673968 valid_auc=0.653895 valid_rmse=0.487039 q_change=57 q_delta=0.377219 q_grad=0.000431
epoch=10 loss_total=0.913620 loss_rec=0.669934 valid_auc=0.655391 valid_rmse=0.484690 q_change=57 q_delta=0.386283 q_grad=0.000491
epoch=11 loss_total=0.900733 loss_rec=0.664445 valid_auc=0.656451 valid_rmse=0.483073 q_change=57 q_delta=0.393822 q_grad=0.000589
epoch=12 loss_total=0.884382 loss_rec=0.654674 valid_auc=0.659821 valid_rmse=0.483552 q_change=57 q_delta=0.400189 q_grad=0.000657
epoch=13 loss_total=0.876928 loss_rec=0.652855 valid_auc=0.661853 valid_rmse=0.480023 q_change=57 q_delta=0.405666 q_grad=0.000673
epoch=14 loss_total=0.871211 loss_rec=0.651579 valid_auc=0.665078 valid_rmse=0.481329 q_change=57 q_delta=0.409944 q_grad=0.000744
epoch=15 loss_total=0.866328 loss_rec=0.650565 valid_auc=0.663002 valid_rmse=0.479698 q_change=57 q_delta=0.413950 q_grad=0.000781
epoch=16 loss_total=0.863618 loss_rec=0.651065 valid_auc=0.664531 valid_rmse=0.479749 q_change=57 q_delta=0.417113 q_grad=0.000857
epoch=17 loss_total=0.860803 loss_rec=0.651162 valid_auc=0.667054 valid_rmse=0.480368 q_change=57 q_delta=0.419907 q_grad=0.000832
epoch=18 loss_total=0.853505 loss_rec=0.646338 valid_auc=0.668058 valid_rmse=0.479552 q_change=57 q_delta=0.422460 q_grad=0.000856
epoch=19 loss_total=0.849811 loss_rec=0.644843 valid_auc=0.667578 valid_rmse=0.479489 q_change=57 q_delta=0.424622 q_grad=0.000911
epoch=20 loss_total=0.848322 loss_rec=0.645210 valid_auc=0.671183 valid_rmse=0.478091 q_change=57 q_delta=0.426655 q_grad=0.000990
epoch=21 loss_total=0.844026 loss_rec=0.642695 valid_auc=0.670915 valid_rmse=0.478954 q_change=57 q_delta=0.428209 q_grad=0.000945
epoch=22 loss_total=0.843027 loss_rec=0.643134 valid_auc=0.670212 valid_rmse=0.477830 q_change=57 q_delta=0.429715 q_grad=0.001025
epoch=23 loss_total=0.838843 loss_rec=0.640293 valid_auc=0.669509 valid_rmse=0.477476 q_change=57 q_delta=0.431172 q_grad=0.001036
epoch=24 loss_total=0.834250 loss_rec=0.636964 valid_auc=0.670240 valid_rmse=0.477855 q_change=57 q_delta=0.432355 q_grad=0.001078
epoch=25 loss_total=0.836573 loss_rec=0.640323 valid_auc=0.669810 valid_rmse=0.477359 q_change=57 q_delta=0.433360 q_grad=0.001172
epoch=26 loss_total=0.833797 loss_rec=0.638499 valid_auc=0.670469 valid_rmse=0.477997 q_change=57 q_delta=0.434301 q_grad=0.001184
epoch=27 loss_total=0.831491 loss_rec=0.636979 valid_auc=0.674196 valid_rmse=0.477421 q_change=57 q_delta=0.435103 q_grad=0.001193
epoch=28 loss_total=0.832278 loss_rec=0.638544 valid_auc=0.674754 valid_rmse=0.476582 q_change=57 q_delta=0.435922 q_grad=0.001251
epoch=29 loss_total=0.829107 loss_rec=0.636047 valid_auc=0.676797 valid_rmse=0.476510 q_change=57 q_delta=0.436591 q_grad=0.001310
epoch=30 loss_total=0.830062 loss_rec=0.637629 valid_auc=0.677634 valid_rmse=0.476752 q_change=57 q_delta=0.437156 q_grad=0.001307
epoch=31 loss_total=0.826179 loss_rec=0.634203 valid_auc=0.679107 valid_rmse=0.476034 q_change=57 q_delta=0.437717 q_grad=0.001343
epoch=32 loss_total=0.828044 loss_rec=0.636578 valid_auc=0.679330 valid_rmse=0.476968 q_change=57 q_delta=0.438117 q_grad=0.001403
epoch=33 loss_total=0.826778 loss_rec=0.635671 valid_auc=0.678058 valid_rmse=0.475444 q_change=57 q_delta=0.438737 q_grad=0.001394
epoch=34 loss_total=0.825625 loss_rec=0.634971 valid_auc=0.677065 valid_rmse=0.475102 q_change=57 q_delta=0.439064 q_grad=0.001426
epoch=35 loss_total=0.827235 loss_rec=0.636926 valid_auc=0.679018 valid_rmse=0.474509 q_change=57 q_delta=0.439396 q_grad=0.001426
epoch=36 loss_total=0.823845 loss_rec=0.633817 valid_auc=0.679498 valid_rmse=0.475545 q_change=57 q_delta=0.439582 q_grad=0.001472
epoch=37 loss_total=0.818786 loss_rec=0.629001 valid_auc=0.681484 valid_rmse=0.474729 q_change=57 q_delta=0.439821 q_grad=0.001504
epoch=38 loss_total=0.817684 loss_rec=0.628092 valid_auc=0.681897 valid_rmse=0.476058 q_change=57 q_delta=0.439982 q_grad=0.001612
epoch=39 loss_total=0.821226 loss_rec=0.631844 valid_auc=0.681183 valid_rmse=0.474263 q_change=57 q_delta=0.440283 q_grad=0.001587
epoch=40 loss_total=0.817274 loss_rec=0.628084 valid_auc=0.681652 valid_rmse=0.474312 q_change=57 q_delta=0.440346 q_grad=0.001631
epoch=41 loss_total=0.813017 loss_rec=0.623886 valid_auc=0.685056 valid_rmse=0.474555 q_change=57 q_delta=0.440282 q_grad=0.001658
epoch=42 loss_total=0.817526 loss_rec=0.628393 valid_auc=0.681942 valid_rmse=0.474595 q_change=57 q_delta=0.440282 q_grad=0.001709
epoch=43 loss_total=0.813459 loss_rec=0.624217 valid_auc=0.685446 valid_rmse=0.473672 q_change=57 q_delta=0.440019 q_grad=0.001672
epoch=44 loss_total=0.813573 loss_rec=0.624244 valid_auc=0.686629 valid_rmse=0.474051 q_change=56 q_delta=0.439970 q_grad=0.001747
epoch=45 loss_total=0.810912 loss_rec=0.621539 valid_auc=0.687109 valid_rmse=0.476187 q_change=56 q_delta=0.439997 q_grad=0.001786
epoch=46 loss_total=0.811847 loss_rec=0.622383 valid_auc=0.689018 valid_rmse=0.472407 q_change=56 q_delta=0.440562 q_grad=0.001755
epoch=47 loss_total=0.808652 loss_rec=0.619186 valid_auc=0.691110 valid_rmse=0.472668 q_change=56 q_delta=0.440871 q_grad=0.001781
epoch=48 loss_total=0.809461 loss_rec=0.619945 valid_auc=0.690446 valid_rmse=0.471887 q_change=56 q_delta=0.441200 q_grad=0.001810
epoch=49 loss_total=0.807412 loss_rec=0.617793 valid_auc=0.690257 valid_rmse=0.472080 q_change=56 q_delta=0.441383 q_grad=0.001848
epoch=50 loss_total=0.803113 loss_rec=0.613503 valid_auc=0.687277 valid_rmse=0.472823 q_change=56 q_delta=0.441538 q_grad=0.001766
epoch=51 loss_total=0.803640 loss_rec=0.614027 valid_auc=0.690826 valid_rmse=0.473895 q_change=56 q_delta=0.441583 q_grad=0.001903
epoch=52 loss_total=0.804546 loss_rec=0.614892 valid_auc=0.687913 valid_rmse=0.472315 q_change=56 q_delta=0.441749 q_grad=0.001905
epoch=53 loss_total=0.806069 loss_rec=0.616400 valid_auc=0.690848 valid_rmse=0.471393 q_change=56 q_delta=0.441838 q_grad=0.001887
epoch=54 loss_total=0.798335 loss_rec=0.608664 valid_auc=0.689989 valid_rmse=0.472705 q_change=56 q_delta=0.441796 q_grad=0.001856
epoch=55 loss_total=0.798196 loss_rec=0.608431 valid_auc=0.692958 valid_rmse=0.471129 q_change=56 q_delta=0.441768 q_grad=0.001899
epoch=56 loss_total=0.800030 loss_rec=0.610243 valid_auc=0.691395 valid_rmse=0.471319 q_change=56 q_delta=0.441767 q_grad=0.001948
epoch=57 loss_total=0.798267 loss_rec=0.608388 valid_auc=0.693973 valid_rmse=0.472924 q_change=56 q_delta=0.441576 q_grad=0.001975
epoch=58 loss_total=0.794652 loss_rec=0.604652 valid_auc=0.692779 valid_rmse=0.472898 q_change=55 q_delta=0.441557 q_grad=0.001931
epoch=59 loss_total=0.794178 loss_rec=0.604220 valid_auc=0.692288 valid_rmse=0.471092 q_change=55 q_delta=0.441648 q_grad=0.001936
epoch=60 loss_total=0.793238 loss_rec=0.603226 valid_auc=0.695112 valid_rmse=0.471551 q_change=54 q_delta=0.441973 q_grad=0.001960
epoch=61 loss_total=0.792451 loss_rec=0.602357 valid_auc=0.694955 valid_rmse=0.471463 q_change=54 q_delta=0.442378 q_grad=0.002003
epoch=62 loss_total=0.790754 loss_rec=0.600643 valid_auc=0.694844 valid_rmse=0.470742 q_change=54 q_delta=0.442707 q_grad=0.001948
epoch=63 loss_total=0.791731 loss_rec=0.601579 valid_auc=0.693192 valid_rmse=0.471877 q_change=54 q_delta=0.442906 q_grad=0.001966
epoch=64 loss_total=0.794253 loss_rec=0.604148 valid_auc=0.697109 valid_rmse=0.472927 q_change=54 q_delta=0.443222 q_grad=0.002020
epoch=65 loss_total=0.787931 loss_rec=0.597819 valid_auc=0.695413 valid_rmse=0.470574 q_change=54 q_delta=0.443625 q_grad=0.001929
epoch=66 loss_total=0.788333 loss_rec=0.598243 valid_auc=0.696864 valid_rmse=0.471201 q_change=54 q_delta=0.443868 q_grad=0.002053
epoch=67 loss_total=0.790744 loss_rec=0.600639 valid_auc=0.694163 valid_rmse=0.472510 q_change=54 q_delta=0.444125 q_grad=0.002028
epoch=68 loss_total=0.786673 loss_rec=0.596615 valid_auc=0.696217 valid_rmse=0.472776 q_change=54 q_delta=0.444349 q_grad=0.002042
epoch=69 loss_total=0.783255 loss_rec=0.593240 valid_auc=0.698895 valid_rmse=0.477824 q_change=54 q_delta=0.444464 q_grad=0.002116
epoch=70 loss_total=0.783052 loss_rec=0.593056 valid_auc=0.696071 valid_rmse=0.471048 q_change=54 q_delta=0.444779 q_grad=0.002110
epoch=71 loss_total=0.785188 loss_rec=0.595227 valid_auc=0.695960 valid_rmse=0.471259 q_change=54 q_delta=0.444953 q_grad=0.002123
epoch=72 loss_total=0.783611 loss_rec=0.593666 valid_auc=0.695167 valid_rmse=0.471853 q_change=54 q_delta=0.445129 q_grad=0.002138
epoch=73 loss_total=0.780569 loss_rec=0.590726 valid_auc=0.692176 valid_rmse=0.472239 q_change=54 q_delta=0.445310 q_grad=0.002190
epoch=74 loss_total=0.784720 loss_rec=0.594905 valid_auc=0.693002 valid_rmse=0.472832 q_change=54 q_delta=0.445419 q_grad=0.002132
epoch=75 loss_total=0.782698 loss_rec=0.592890 valid_auc=0.692266 valid_rmse=0.479351 q_change=54 q_delta=0.445487 q_grad=0.002130
epoch=76 loss_total=0.782763 loss_rec=0.592944 valid_auc=0.690993 valid_rmse=0.472310 q_change=54 q_delta=0.445680 q_grad=0.002127
epoch=77 loss_total=0.776459 loss_rec=0.586678 valid_auc=0.691975 valid_rmse=0.475941 q_change=54 q_delta=0.445676 q_grad=0.002120
epoch=78 loss_total=0.777589 loss_rec=0.587845 valid_auc=0.691295 valid_rmse=0.474029 q_change=54 q_delta=0.445755 q_grad=0.002278
epoch=79 loss_total=0.776897 loss_rec=0.587211 valid_auc=0.690435 valid_rmse=0.473342 q_change=54 q_delta=0.445862 q_grad=0.002347
epoch=80 loss_total=0.777208 loss_rec=0.587536 valid_auc=0.689788 valid_rmse=0.473032 q_change=54 q_delta=0.445929 q_grad=0.002271
epoch=81 loss_total=0.773195 loss_rec=0.583572 valid_auc=0.691786 valid_rmse=0.475242 q_change=54 q_delta=0.446012 q_grad=0.002318
epoch=82 loss_total=0.773615 loss_rec=0.584031 valid_auc=0.689721 valid_rmse=0.474507 q_change=54 q_delta=0.446053 q_grad=0.002362
epoch=83 loss_total=0.772173 loss_rec=0.582640 valid_auc=0.690458 valid_rmse=0.478549 q_change=54 q_delta=0.446088 q_grad=0.002328
epoch=84 loss_total=0.772899 loss_rec=0.583369 valid_auc=0.690603 valid_rmse=0.475205 q_change=54 q_delta=0.446251 q_grad=0.002410
epoch=85 loss_total=0.774918 loss_rec=0.585412 valid_auc=0.690045 valid_rmse=0.478932 q_change=54 q_delta=0.446149 q_grad=0.002430
epoch=86 loss_total=0.776210 loss_rec=0.586692 valid_auc=0.688728 valid_rmse=0.475884 q_change=54 q_delta=0.446220 q_grad=0.002403
epoch=87 loss_total=0.770074 loss_rec=0.580585 valid_auc=0.687031 valid_rmse=0.476484 q_change=54 q_delta=0.446240 q_grad=0.002352
epoch=88 loss_total=0.763900 loss_rec=0.574413 valid_auc=0.686998 valid_rmse=0.476200 q_change=54 q_delta=0.446271 q_grad=0.002441
epoch=89 loss_total=0.766035 loss_rec=0.576566 valid_auc=0.687467 valid_rmse=0.481966 q_change=54 q_delta=0.446223 q_grad=0.002495
Early stopping at epoch 89; best_epoch=69.
Saved run to C:\Users\YAN_SHU_YU\Desktop\Generative-CD\Q_GNCDM\results\weak_q_lambda_sweep\lq_0p7_ls_0p9_lb_0p7\seed_2026\noise_0.20\weak-q_lq_0p7_ls_0p9_lb_0p7
Final metrics: q_hat_f1=0.101695 response_auc=0.684534 mastery_pearson=0.305830
