run=weak-q_lq_0p8_ls_0p2_lb_0p8 mode=weak-q noise=0.20 train=4200 valid=600 test=1200
epoch=1 loss_total=1.009160 loss_rec=0.725623 valid_auc=0.589710 valid_rmse=0.499714 q_change=56 q_delta=0.074853 q_grad=0.000238
epoch=2 loss_total=0.972176 loss_rec=0.705530 valid_auc=0.602511 valid_rmse=0.499038 q_change=57 q_delta=0.136593 q_grad=0.000220
epoch=3 loss_total=0.951732 loss_rec=0.698638 valid_auc=0.626183 valid_rmse=0.497630 q_change=56 q_delta=0.184915 q_grad=0.000216
epoch=4 loss_total=0.932551 loss_rec=0.690110 valid_auc=0.654643 valid_rmse=0.495429 q_change=54 q_delta=0.221410 q_grad=0.000224
epoch=5 loss_total=0.919221 loss_rec=0.684243 valid_auc=0.669252 valid_rmse=0.489925 q_change=51 q_delta=0.244754 q_grad=0.000278
epoch=6 loss_total=0.896128 loss_rec=0.665596 valid_auc=0.671741 valid_rmse=0.481723 q_change=49 q_delta=0.256652 q_grad=0.000420
epoch=7 loss_total=0.869010 loss_rec=0.640866 valid_auc=0.675926 valid_rmse=0.476797 q_change=49 q_delta=0.263292 q_grad=0.000626
epoch=8 loss_total=0.857119 loss_rec=0.630692 valid_auc=0.681953 valid_rmse=0.474667 q_change=46 q_delta=0.267184 q_grad=0.000862
epoch=9 loss_total=0.845208 loss_rec=0.620219 valid_auc=0.689107 valid_rmse=0.471139 q_change=42 q_delta=0.271419 q_grad=0.001017
epoch=10 loss_total=0.843421 loss_rec=0.619889 valid_auc=0.689554 valid_rmse=0.472838 q_change=40 q_delta=0.276291 q_grad=0.001106
epoch=11 loss_total=0.836637 loss_rec=0.614192 valid_auc=0.689799 valid_rmse=0.471385 q_change=37 q_delta=0.282226 q_grad=0.001242
epoch=12 loss_total=0.822890 loss_rec=0.601572 valid_auc=0.689219 valid_rmse=0.473230 q_change=35 q_delta=0.287738 q_grad=0.001318
epoch=13 loss_total=0.815235 loss_rec=0.595062 valid_auc=0.689498 valid_rmse=0.472624 q_change=32 q_delta=0.293810 q_grad=0.001336
epoch=14 loss_total=0.812096 loss_rec=0.592988 valid_auc=0.689007 valid_rmse=0.474396 q_change=32 q_delta=0.299022 q_grad=0.001418
epoch=15 loss_total=0.803187 loss_rec=0.585027 valid_auc=0.691562 valid_rmse=0.473723 q_change=30 q_delta=0.304873 q_grad=0.001455
epoch=16 loss_total=0.801221 loss_rec=0.583960 valid_auc=0.691596 valid_rmse=0.474249 q_change=30 q_delta=0.310454 q_grad=0.001575
epoch=17 loss_total=0.793488 loss_rec=0.577088 valid_auc=0.689643 valid_rmse=0.474655 q_change=30 q_delta=0.315247 q_grad=0.001509
epoch=18 loss_total=0.782966 loss_rec=0.567293 valid_auc=0.692946 valid_rmse=0.474437 q_change=30 q_delta=0.319758 q_grad=0.001548
epoch=19 loss_total=0.778632 loss_rec=0.563739 valid_auc=0.693817 valid_rmse=0.475544 q_change=29 q_delta=0.324072 q_grad=0.001611
epoch=20 loss_total=0.771625 loss_rec=0.557387 valid_auc=0.695067 valid_rmse=0.474611 q_change=28 q_delta=0.328122 q_grad=0.001711
epoch=21 loss_total=0.762003 loss_rec=0.548422 valid_auc=0.698092 valid_rmse=0.475339 q_change=27 q_delta=0.331706 q_grad=0.001647
epoch=22 loss_total=0.756424 loss_rec=0.543459 valid_auc=0.697366 valid_rmse=0.475824 q_change=27 q_delta=0.335106 q_grad=0.001764
epoch=23 loss_total=0.749615 loss_rec=0.537215 valid_auc=0.693147 valid_rmse=0.477914 q_change=27 q_delta=0.338048 q_grad=0.001705
epoch=24 loss_total=0.739016 loss_rec=0.527159 valid_auc=0.694955 valid_rmse=0.478579 q_change=26 q_delta=0.341044 q_grad=0.001765
epoch=25 loss_total=0.734870 loss_rec=0.523533 valid_auc=0.698058 valid_rmse=0.478788 q_change=27 q_delta=0.343971 q_grad=0.001875
epoch=26 loss_total=0.731372 loss_rec=0.520544 valid_auc=0.696652 valid_rmse=0.479046 q_change=25 q_delta=0.346564 q_grad=0.001832
epoch=27 loss_total=0.722041 loss_rec=0.511637 valid_auc=0.695033 valid_rmse=0.483193 q_change=25 q_delta=0.348773 q_grad=0.001828
epoch=28 loss_total=0.722499 loss_rec=0.512508 valid_auc=0.695982 valid_rmse=0.481561 q_change=25 q_delta=0.351135 q_grad=0.001958
epoch=29 loss_total=0.715974 loss_rec=0.506409 valid_auc=0.696975 valid_rmse=0.481425 q_change=25 q_delta=0.353093 q_grad=0.001901
epoch=30 loss_total=0.712038 loss_rec=0.502845 valid_auc=0.697355 valid_rmse=0.482064 q_change=25 q_delta=0.355253 q_grad=0.001949
epoch=31 loss_total=0.705300 loss_rec=0.496469 valid_auc=0.698125 valid_rmse=0.482501 q_change=25 q_delta=0.357156 q_grad=0.001913
epoch=32 loss_total=0.704050 loss_rec=0.495574 valid_auc=0.700815 valid_rmse=0.483071 q_change=24 q_delta=0.359034 q_grad=0.001963
epoch=33 loss_total=0.697581 loss_rec=0.489402 valid_auc=0.695815 valid_rmse=0.482483 q_change=24 q_delta=0.360911 q_grad=0.001928
epoch=34 loss_total=0.697579 loss_rec=0.489740 valid_auc=0.697533 valid_rmse=0.481780 q_change=22 q_delta=0.362410 q_grad=0.001937
epoch=35 loss_total=0.699142 loss_rec=0.491618 valid_auc=0.701239 valid_rmse=0.479748 q_change=22 q_delta=0.364035 q_grad=0.001915
epoch=36 loss_total=0.691271 loss_rec=0.483990 valid_auc=0.697846 valid_rmse=0.481422 q_change=22 q_delta=0.365180 q_grad=0.001949
epoch=37 loss_total=0.687386 loss_rec=0.480363 valid_auc=0.697467 valid_rmse=0.483508 q_change=22 q_delta=0.366580 q_grad=0.001922
epoch=38 loss_total=0.678602 loss_rec=0.471870 valid_auc=0.698281 valid_rmse=0.483547 q_change=21 q_delta=0.368168 q_grad=0.001959
epoch=39 loss_total=0.681051 loss_rec=0.474563 valid_auc=0.698326 valid_rmse=0.482656 q_change=21 q_delta=0.369551 q_grad=0.001910
epoch=40 loss_total=0.677658 loss_rec=0.471397 valid_auc=0.697556 valid_rmse=0.483572 q_change=22 q_delta=0.370904 q_grad=0.001940
epoch=41 loss_total=0.671783 loss_rec=0.465776 valid_auc=0.697076 valid_rmse=0.486780 q_change=22 q_delta=0.372459 q_grad=0.001913
epoch=42 loss_total=0.675749 loss_rec=0.469965 valid_auc=0.696217 valid_rmse=0.485057 q_change=22 q_delta=0.373864 q_grad=0.002004
epoch=43 loss_total=0.669788 loss_rec=0.464235 valid_auc=0.698549 valid_rmse=0.485080 q_change=22 q_delta=0.375163 q_grad=0.001963
epoch=44 loss_total=0.665076 loss_rec=0.459737 valid_auc=0.697701 valid_rmse=0.484073 q_change=22 q_delta=0.376606 q_grad=0.001959
epoch=45 loss_total=0.663647 loss_rec=0.458522 valid_auc=0.696719 valid_rmse=0.488244 q_change=22 q_delta=0.377873 q_grad=0.001926
epoch=46 loss_total=0.662770 loss_rec=0.457813 valid_auc=0.699777 valid_rmse=0.484497 q_change=22 q_delta=0.379213 q_grad=0.001977
epoch=47 loss_total=0.658649 loss_rec=0.453900 valid_auc=0.697690 valid_rmse=0.486866 q_change=22 q_delta=0.380253 q_grad=0.001884
epoch=48 loss_total=0.661250 loss_rec=0.456687 valid_auc=0.698136 valid_rmse=0.484866 q_change=22 q_delta=0.381377 q_grad=0.001978
epoch=49 loss_total=0.653492 loss_rec=0.449104 valid_auc=0.697679 valid_rmse=0.484422 q_change=22 q_delta=0.382401 q_grad=0.001889
epoch=50 loss_total=0.650575 loss_rec=0.446336 valid_auc=0.696953 valid_rmse=0.488627 q_change=22 q_delta=0.383531 q_grad=0.001917
epoch=51 loss_total=0.650982 loss_rec=0.446945 valid_auc=0.697210 valid_rmse=0.488090 q_change=23 q_delta=0.384482 q_grad=0.001960
epoch=52 loss_total=0.650944 loss_rec=0.447064 valid_auc=0.695937 valid_rmse=0.487016 q_change=23 q_delta=0.385454 q_grad=0.001905
epoch=53 loss_total=0.653749 loss_rec=0.450024 valid_auc=0.696696 valid_rmse=0.485912 q_change=23 q_delta=0.386346 q_grad=0.001922
epoch=54 loss_total=0.648487 loss_rec=0.444908 valid_auc=0.693393 valid_rmse=0.487692 q_change=23 q_delta=0.387353 q_grad=0.001964
epoch=55 loss_total=0.644267 loss_rec=0.440849 valid_auc=0.699665 valid_rmse=0.483910 q_change=23 q_delta=0.388235 q_grad=0.001875
Early stopping at epoch 55; best_epoch=35.
Saved run to C:\Users\YAN_SHU_YU\Desktop\Generative-CD\Q_GNCDM\results\weak_q_lambda_sweep\lq_0p8_ls_0p2_lb_0p8\seed_2026\noise_0.20\weak-q_lq_0p8_ls_0p2_lb_0p8
Final metrics: q_hat_f1=0.725275 response_auc=0.689738 mastery_pearson=0.566159
