run=weak-q_lq_0p4_ls_0p7_lb_0p1 mode=weak-q noise=0.20 train=4200 valid=600 test=1200
epoch=1 loss_total=1.054961 loss_rec=0.725661 valid_auc=0.587612 valid_rmse=0.499755 q_change=57 q_delta=0.078413 q_grad=0.000682
epoch=2 loss_total=0.986671 loss_rec=0.705906 valid_auc=0.593884 valid_rmse=0.499313 q_change=57 q_delta=0.146142 q_grad=0.000582
epoch=3 loss_total=0.942550 loss_rec=0.699940 valid_auc=0.606540 valid_rmse=0.498524 q_change=57 q_delta=0.201691 q_grad=0.000493
epoch=4 loss_total=0.906946 loss_rec=0.693603 valid_auc=0.624129 valid_rmse=0.497790 q_change=57 q_delta=0.246101 q_grad=0.000416
epoch=5 loss_total=0.884715 loss_rec=0.693155 valid_auc=0.645011 valid_rmse=0.495766 q_change=57 q_delta=0.280388 q_grad=0.000361
epoch=6 loss_total=0.862978 loss_rec=0.687436 valid_auc=0.659810 valid_rmse=0.494094 q_change=57 q_delta=0.305987 q_grad=0.000332
epoch=7 loss_total=0.840906 loss_rec=0.676762 valid_auc=0.660312 valid_rmse=0.490128 q_change=57 q_delta=0.324135 q_grad=0.000350
epoch=8 loss_total=0.821228 loss_rec=0.664465 valid_auc=0.658359 valid_rmse=0.484585 q_change=57 q_delta=0.335664 q_grad=0.000464
epoch=9 loss_total=0.804501 loss_rec=0.652693 valid_auc=0.666551 valid_rmse=0.478824 q_change=57 q_delta=0.344894 q_grad=0.000634
epoch=10 loss_total=0.800203 loss_rec=0.652705 valid_auc=0.668292 valid_rmse=0.478790 q_change=57 q_delta=0.352354 q_grad=0.000741
epoch=11 loss_total=0.793618 loss_rec=0.649270 valid_auc=0.671105 valid_rmse=0.477412 q_change=57 q_delta=0.358624 q_grad=0.000870
epoch=12 loss_total=0.781565 loss_rec=0.639986 valid_auc=0.674263 valid_rmse=0.478004 q_change=57 q_delta=0.363350 q_grad=0.000961
epoch=13 loss_total=0.776563 loss_rec=0.637202 valid_auc=0.676551 valid_rmse=0.475104 q_change=57 q_delta=0.367557 q_grad=0.001010
epoch=14 loss_total=0.774155 loss_rec=0.636420 valid_auc=0.677377 valid_rmse=0.476425 q_change=57 q_delta=0.370295 q_grad=0.001140
epoch=15 loss_total=0.770062 loss_rec=0.633664 valid_auc=0.678214 valid_rmse=0.474599 q_change=57 q_delta=0.373118 q_grad=0.001238
epoch=16 loss_total=0.769937 loss_rec=0.634608 valid_auc=0.680804 valid_rmse=0.474437 q_change=57 q_delta=0.374966 q_grad=0.001378
epoch=17 loss_total=0.766747 loss_rec=0.632381 valid_auc=0.680658 valid_rmse=0.474537 q_change=57 q_delta=0.376658 q_grad=0.001357
epoch=18 loss_total=0.759956 loss_rec=0.626280 valid_auc=0.682109 valid_rmse=0.473714 q_change=57 q_delta=0.378153 q_grad=0.001423
epoch=19 loss_total=0.758306 loss_rec=0.625389 valid_auc=0.682355 valid_rmse=0.474599 q_change=57 q_delta=0.379512 q_grad=0.001544
epoch=20 loss_total=0.756195 loss_rec=0.623745 valid_auc=0.684699 valid_rmse=0.472670 q_change=57 q_delta=0.380646 q_grad=0.001651
epoch=21 loss_total=0.751867 loss_rec=0.619863 valid_auc=0.685586 valid_rmse=0.474459 q_change=57 q_delta=0.381243 q_grad=0.001592
epoch=22 loss_total=0.749927 loss_rec=0.618193 valid_auc=0.686920 valid_rmse=0.473213 q_change=56 q_delta=0.381857 q_grad=0.001744
epoch=23 loss_total=0.747129 loss_rec=0.615656 valid_auc=0.684788 valid_rmse=0.473001 q_change=56 q_delta=0.383329 q_grad=0.001737
epoch=24 loss_total=0.742324 loss_rec=0.611096 valid_auc=0.683839 valid_rmse=0.473709 q_change=56 q_delta=0.384397 q_grad=0.001768
epoch=25 loss_total=0.744315 loss_rec=0.613346 valid_auc=0.684464 valid_rmse=0.473624 q_change=56 q_delta=0.385278 q_grad=0.001904
epoch=26 loss_total=0.741729 loss_rec=0.610973 valid_auc=0.686217 valid_rmse=0.474392 q_change=56 q_delta=0.386221 q_grad=0.001882
epoch=27 loss_total=0.738399 loss_rec=0.607772 valid_auc=0.687768 valid_rmse=0.474941 q_change=56 q_delta=0.386922 q_grad=0.001862
epoch=28 loss_total=0.741247 loss_rec=0.610895 valid_auc=0.686518 valid_rmse=0.474028 q_change=56 q_delta=0.388012 q_grad=0.001933
epoch=29 loss_total=0.735483 loss_rec=0.605379 valid_auc=0.689319 valid_rmse=0.473190 q_change=56 q_delta=0.388774 q_grad=0.001962
epoch=30 loss_total=0.735231 loss_rec=0.605246 valid_auc=0.691339 valid_rmse=0.473619 q_change=56 q_delta=0.389242 q_grad=0.001922
epoch=31 loss_total=0.731496 loss_rec=0.601541 valid_auc=0.690815 valid_rmse=0.473391 q_change=54 q_delta=0.389844 q_grad=0.001958
epoch=32 loss_total=0.733301 loss_rec=0.603481 valid_auc=0.691775 valid_rmse=0.473439 q_change=54 q_delta=0.390366 q_grad=0.002005
epoch=33 loss_total=0.731474 loss_rec=0.601748 valid_auc=0.690502 valid_rmse=0.471685 q_change=54 q_delta=0.391495 q_grad=0.001988
epoch=34 loss_total=0.730661 loss_rec=0.601061 valid_auc=0.689062 valid_rmse=0.472006 q_change=53 q_delta=0.392251 q_grad=0.001971
epoch=35 loss_total=0.730406 loss_rec=0.600931 valid_auc=0.692377 valid_rmse=0.471019 q_change=52 q_delta=0.393016 q_grad=0.001944
epoch=36 loss_total=0.725628 loss_rec=0.596072 valid_auc=0.692824 valid_rmse=0.472157 q_change=52 q_delta=0.393394 q_grad=0.002019
epoch=37 loss_total=0.720762 loss_rec=0.591203 valid_auc=0.693850 valid_rmse=0.472295 q_change=51 q_delta=0.394415 q_grad=0.002023
epoch=38 loss_total=0.719544 loss_rec=0.590120 valid_auc=0.693304 valid_rmse=0.474167 q_change=51 q_delta=0.395362 q_grad=0.002131
epoch=39 loss_total=0.721088 loss_rec=0.591713 valid_auc=0.692924 valid_rmse=0.471484 q_change=51 q_delta=0.396741 q_grad=0.002057
epoch=40 loss_total=0.716797 loss_rec=0.587521 valid_auc=0.693571 valid_rmse=0.471913 q_change=51 q_delta=0.397613 q_grad=0.002106
epoch=41 loss_total=0.712746 loss_rec=0.583570 valid_auc=0.694621 valid_rmse=0.472697 q_change=51 q_delta=0.398606 q_grad=0.002105
epoch=42 loss_total=0.715256 loss_rec=0.586109 valid_auc=0.690179 valid_rmse=0.472734 q_change=51 q_delta=0.399720 q_grad=0.002217
epoch=43 loss_total=0.710062 loss_rec=0.580901 valid_auc=0.691562 valid_rmse=0.473089 q_change=51 q_delta=0.400429 q_grad=0.002172
epoch=44 loss_total=0.710566 loss_rec=0.581491 valid_auc=0.689487 valid_rmse=0.474036 q_change=51 q_delta=0.401200 q_grad=0.002233
epoch=45 loss_total=0.705848 loss_rec=0.576868 valid_auc=0.691596 valid_rmse=0.477400 q_change=50 q_delta=0.401588 q_grad=0.002283
epoch=46 loss_total=0.705976 loss_rec=0.576975 valid_auc=0.693270 valid_rmse=0.472020 q_change=50 q_delta=0.402565 q_grad=0.002257
epoch=47 loss_total=0.702656 loss_rec=0.573724 valid_auc=0.692031 valid_rmse=0.474092 q_change=50 q_delta=0.403288 q_grad=0.002268
epoch=48 loss_total=0.699610 loss_rec=0.570698 valid_auc=0.692288 valid_rmse=0.473065 q_change=50 q_delta=0.404175 q_grad=0.002364
epoch=49 loss_total=0.696658 loss_rec=0.567773 valid_auc=0.693281 valid_rmse=0.472681 q_change=50 q_delta=0.404884 q_grad=0.002396
epoch=50 loss_total=0.691243 loss_rec=0.562361 valid_auc=0.690592 valid_rmse=0.474535 q_change=50 q_delta=0.405609 q_grad=0.002342
epoch=51 loss_total=0.690463 loss_rec=0.561642 valid_auc=0.692768 valid_rmse=0.476363 q_change=50 q_delta=0.406167 q_grad=0.002470
epoch=52 loss_total=0.691533 loss_rec=0.562768 valid_auc=0.690502 valid_rmse=0.474113 q_change=50 q_delta=0.406974 q_grad=0.002506
epoch=53 loss_total=0.691033 loss_rec=0.562248 valid_auc=0.692690 valid_rmse=0.473267 q_change=50 q_delta=0.407514 q_grad=0.002537
epoch=54 loss_total=0.682314 loss_rec=0.553541 valid_auc=0.689074 valid_rmse=0.475873 q_change=50 q_delta=0.407899 q_grad=0.002539
epoch=55 loss_total=0.679436 loss_rec=0.550709 valid_auc=0.694475 valid_rmse=0.472821 q_change=50 q_delta=0.408431 q_grad=0.002571
epoch=56 loss_total=0.679575 loss_rec=0.550843 valid_auc=0.690234 valid_rmse=0.474939 q_change=49 q_delta=0.408780 q_grad=0.002640
epoch=57 loss_total=0.676417 loss_rec=0.547677 valid_auc=0.690145 valid_rmse=0.476734 q_change=49 q_delta=0.409116 q_grad=0.002758
epoch=58 loss_total=0.670708 loss_rec=0.542001 valid_auc=0.689442 valid_rmse=0.479490 q_change=49 q_delta=0.409531 q_grad=0.002725
epoch=59 loss_total=0.670868 loss_rec=0.542285 valid_auc=0.691116 valid_rmse=0.474412 q_change=50 q_delta=0.410179 q_grad=0.002712
epoch=60 loss_total=0.669141 loss_rec=0.540602 valid_auc=0.692377 valid_rmse=0.475260 q_change=50 q_delta=0.410501 q_grad=0.002731
epoch=61 loss_total=0.665971 loss_rec=0.537404 valid_auc=0.689777 valid_rmse=0.475292 q_change=50 q_delta=0.410927 q_grad=0.002870
Early stopping at epoch 61; best_epoch=41.
Saved run to C:\Users\YAN_SHU_YU\Desktop\Generative-CD\Q_GNCDM\results\weak_q_lambda_sweep\lq_0p4_ls_0p7_lb_0p1\seed_2026\noise_0.20\weak-q_lq_0p4_ls_0p7_lb_0p1
Final metrics: q_hat_f1=0.193548 response_auc=0.688706 mastery_pearson=0.361385
