run=weak-q_lq_0p2_ls_0p5_lb_0p1 mode=weak-q noise=0.20 train=4200 valid=600 test=1200
epoch=1 loss_total=0.967673 loss_rec=0.725659 valid_auc=0.587740 valid_rmse=0.499752 q_change=57 q_delta=0.078424 q_grad=0.000495
epoch=2 loss_total=0.911716 loss_rec=0.705888 valid_auc=0.594821 valid_rmse=0.499290 q_change=57 q_delta=0.146723 q_grad=0.000435
epoch=3 loss_total=0.876007 loss_rec=0.699872 valid_auc=0.609180 valid_rmse=0.498456 q_change=57 q_delta=0.203153 q_grad=0.000383
epoch=4 loss_total=0.845908 loss_rec=0.693445 valid_auc=0.629531 valid_rmse=0.497649 q_change=57 q_delta=0.248422 q_grad=0.000335
epoch=5 loss_total=0.827259 loss_rec=0.692815 valid_auc=0.651172 valid_rmse=0.495486 q_change=57 q_delta=0.282972 q_grad=0.000307
epoch=6 loss_total=0.807725 loss_rec=0.686598 valid_auc=0.664163 valid_rmse=0.493433 q_change=57 q_delta=0.307997 q_grad=0.000302
epoch=7 loss_total=0.786402 loss_rec=0.674569 valid_auc=0.662958 valid_rmse=0.488634 q_change=57 q_delta=0.324790 q_grad=0.000347
epoch=8 loss_total=0.767266 loss_rec=0.661161 valid_auc=0.661496 valid_rmse=0.483053 q_change=57 q_delta=0.334986 q_grad=0.000495
epoch=9 loss_total=0.752307 loss_rec=0.650155 valid_auc=0.668650 valid_rmse=0.478088 q_change=57 q_delta=0.343622 q_grad=0.000673
epoch=10 loss_total=0.749806 loss_rec=0.651215 valid_auc=0.670446 valid_rmse=0.478271 q_change=57 q_delta=0.350476 q_grad=0.000776
epoch=11 loss_total=0.744056 loss_rec=0.648001 valid_auc=0.671797 valid_rmse=0.476983 q_change=57 q_delta=0.356207 q_grad=0.000905
epoch=12 loss_total=0.732834 loss_rec=0.639007 valid_auc=0.674888 valid_rmse=0.477624 q_change=57 q_delta=0.360428 q_grad=0.000995
epoch=13 loss_total=0.728144 loss_rec=0.636096 valid_auc=0.676830 valid_rmse=0.474972 q_change=57 q_delta=0.364284 q_grad=0.001045
epoch=14 loss_total=0.726149 loss_rec=0.635403 valid_auc=0.677589 valid_rmse=0.476306 q_change=57 q_delta=0.366651 q_grad=0.001176
epoch=15 loss_total=0.722464 loss_rec=0.632775 valid_auc=0.677813 valid_rmse=0.474594 q_change=57 q_delta=0.369228 q_grad=0.001271
epoch=16 loss_total=0.722600 loss_rec=0.633757 valid_auc=0.680469 valid_rmse=0.474422 q_change=57 q_delta=0.370768 q_grad=0.001412
epoch=17 loss_total=0.719555 loss_rec=0.631452 valid_auc=0.680446 valid_rmse=0.474454 q_change=57 q_delta=0.372200 q_grad=0.001389
epoch=18 loss_total=0.712796 loss_rec=0.625192 valid_auc=0.681987 valid_rmse=0.473877 q_change=57 q_delta=0.373385 q_grad=0.001454
epoch=19 loss_total=0.711305 loss_rec=0.624280 valid_auc=0.682087 valid_rmse=0.474536 q_change=57 q_delta=0.374537 q_grad=0.001575
epoch=20 loss_total=0.709045 loss_rec=0.622351 valid_auc=0.684933 valid_rmse=0.472738 q_change=56 q_delta=0.375700 q_grad=0.001680
epoch=21 loss_total=0.704806 loss_rec=0.618458 valid_auc=0.685279 valid_rmse=0.474360 q_change=56 q_delta=0.376781 q_grad=0.001619
epoch=22 loss_total=0.702634 loss_rec=0.616513 valid_auc=0.686496 valid_rmse=0.473278 q_change=56 q_delta=0.377880 q_grad=0.001774
epoch=23 loss_total=0.699937 loss_rec=0.614076 valid_auc=0.684498 valid_rmse=0.473161 q_change=56 q_delta=0.379204 q_grad=0.001763
epoch=24 loss_total=0.695118 loss_rec=0.609510 valid_auc=0.683058 valid_rmse=0.473891 q_change=56 q_delta=0.380142 q_grad=0.001794
epoch=25 loss_total=0.696888 loss_rec=0.611597 valid_auc=0.683929 valid_rmse=0.473875 q_change=56 q_delta=0.380939 q_grad=0.001928
epoch=26 loss_total=0.694469 loss_rec=0.609415 valid_auc=0.685212 valid_rmse=0.474586 q_change=55 q_delta=0.381749 q_grad=0.001906
epoch=27 loss_total=0.691263 loss_rec=0.606406 valid_auc=0.686674 valid_rmse=0.475084 q_change=55 q_delta=0.382377 q_grad=0.001882
epoch=28 loss_total=0.694007 loss_rec=0.609448 valid_auc=0.685737 valid_rmse=0.474384 q_change=55 q_delta=0.383412 q_grad=0.001952
epoch=29 loss_total=0.688257 loss_rec=0.603986 valid_auc=0.688482 valid_rmse=0.473435 q_change=55 q_delta=0.384344 q_grad=0.001976
epoch=30 loss_total=0.687993 loss_rec=0.603899 valid_auc=0.690469 valid_rmse=0.473922 q_change=55 q_delta=0.385018 q_grad=0.001937
epoch=31 loss_total=0.684446 loss_rec=0.600483 valid_auc=0.689531 valid_rmse=0.473473 q_change=54 q_delta=0.385709 q_grad=0.001969
epoch=32 loss_total=0.686023 loss_rec=0.602251 valid_auc=0.691317 valid_rmse=0.473371 q_change=53 q_delta=0.386445 q_grad=0.002013
epoch=33 loss_total=0.684174 loss_rec=0.600560 valid_auc=0.690391 valid_rmse=0.471899 q_change=53 q_delta=0.387624 q_grad=0.001998
epoch=34 loss_total=0.683666 loss_rec=0.600247 valid_auc=0.688661 valid_rmse=0.472188 q_change=52 q_delta=0.388505 q_grad=0.001981
epoch=35 loss_total=0.683410 loss_rec=0.600167 valid_auc=0.692154 valid_rmse=0.471225 q_change=52 q_delta=0.389491 q_grad=0.001953
epoch=36 loss_total=0.678699 loss_rec=0.595488 valid_auc=0.692868 valid_rmse=0.472224 q_change=52 q_delta=0.390077 q_grad=0.002026
epoch=37 loss_total=0.673916 loss_rec=0.590782 valid_auc=0.693795 valid_rmse=0.472411 q_change=52 q_delta=0.390966 q_grad=0.002031
epoch=38 loss_total=0.672679 loss_rec=0.589705 valid_auc=0.693426 valid_rmse=0.474153 q_change=51 q_delta=0.391828 q_grad=0.002135
epoch=39 loss_total=0.674355 loss_rec=0.591498 valid_auc=0.692801 valid_rmse=0.471562 q_change=51 q_delta=0.393052 q_grad=0.002062
epoch=40 loss_total=0.670063 loss_rec=0.587362 valid_auc=0.692935 valid_rmse=0.472147 q_change=51 q_delta=0.393972 q_grad=0.002113
epoch=41 loss_total=0.666186 loss_rec=0.583633 valid_auc=0.694152 valid_rmse=0.472797 q_change=51 q_delta=0.395073 q_grad=0.002107
epoch=42 loss_total=0.668354 loss_rec=0.585892 valid_auc=0.689688 valid_rmse=0.472948 q_change=51 q_delta=0.396261 q_grad=0.002223
epoch=43 loss_total=0.663360 loss_rec=0.580966 valid_auc=0.690848 valid_rmse=0.473405 q_change=51 q_delta=0.397051 q_grad=0.002184
epoch=44 loss_total=0.663878 loss_rec=0.581628 valid_auc=0.689654 valid_rmse=0.474253 q_change=51 q_delta=0.397902 q_grad=0.002244
epoch=45 loss_total=0.659277 loss_rec=0.577174 valid_auc=0.691071 valid_rmse=0.477229 q_change=51 q_delta=0.398358 q_grad=0.002283
epoch=46 loss_total=0.659426 loss_rec=0.577373 valid_auc=0.692411 valid_rmse=0.472424 q_change=51 q_delta=0.399394 q_grad=0.002263
epoch=47 loss_total=0.656312 loss_rec=0.574411 valid_auc=0.692344 valid_rmse=0.474411 q_change=51 q_delta=0.399880 q_grad=0.002271
epoch=48 loss_total=0.653421 loss_rec=0.571594 valid_auc=0.690759 valid_rmse=0.473488 q_change=50 q_delta=0.400503 q_grad=0.002371
epoch=49 loss_total=0.650200 loss_rec=0.568446 valid_auc=0.692411 valid_rmse=0.473109 q_change=50 q_delta=0.400990 q_grad=0.002407
epoch=50 loss_total=0.645072 loss_rec=0.563401 valid_auc=0.690201 valid_rmse=0.474980 q_change=50 q_delta=0.401756 q_grad=0.002348
epoch=51 loss_total=0.644382 loss_rec=0.562806 valid_auc=0.692489 valid_rmse=0.476797 q_change=50 q_delta=0.402372 q_grad=0.002481
epoch=52 loss_total=0.645079 loss_rec=0.563600 valid_auc=0.690670 valid_rmse=0.474436 q_change=50 q_delta=0.403273 q_grad=0.002510
epoch=53 loss_total=0.644585 loss_rec=0.563141 valid_auc=0.692422 valid_rmse=0.473812 q_change=50 q_delta=0.403857 q_grad=0.002540
epoch=54 loss_total=0.635809 loss_rec=0.554428 valid_auc=0.688884 valid_rmse=0.476368 q_change=50 q_delta=0.404315 q_grad=0.002553
epoch=55 loss_total=0.632570 loss_rec=0.551246 valid_auc=0.694855 valid_rmse=0.473358 q_change=50 q_delta=0.404898 q_grad=0.002575
epoch=56 loss_total=0.632471 loss_rec=0.551189 valid_auc=0.689710 valid_rmse=0.475351 q_change=50 q_delta=0.405320 q_grad=0.002647
epoch=57 loss_total=0.629383 loss_rec=0.548139 valid_auc=0.690190 valid_rmse=0.477343 q_change=49 q_delta=0.405683 q_grad=0.002765
epoch=58 loss_total=0.623318 loss_rec=0.542133 valid_auc=0.689654 valid_rmse=0.479995 q_change=49 q_delta=0.406086 q_grad=0.002739
epoch=59 loss_total=0.623292 loss_rec=0.542239 valid_auc=0.691819 valid_rmse=0.475001 q_change=50 q_delta=0.406662 q_grad=0.002715
epoch=60 loss_total=0.621429 loss_rec=0.540423 valid_auc=0.692545 valid_rmse=0.475760 q_change=50 q_delta=0.407058 q_grad=0.002740
epoch=61 loss_total=0.617972 loss_rec=0.536972 valid_auc=0.690279 valid_rmse=0.475816 q_change=50 q_delta=0.407543 q_grad=0.002879
epoch=62 loss_total=0.614018 loss_rec=0.533145 valid_auc=0.691350 valid_rmse=0.476314 q_change=50 q_delta=0.407976 q_grad=0.002818
epoch=63 loss_total=0.613577 loss_rec=0.532742 valid_auc=0.687578 valid_rmse=0.477348 q_change=50 q_delta=0.408353 q_grad=0.002936
epoch=64 loss_total=0.614059 loss_rec=0.533278 valid_auc=0.691641 valid_rmse=0.479486 q_change=50 q_delta=0.408544 q_grad=0.002957
epoch=65 loss_total=0.608532 loss_rec=0.527774 valid_auc=0.689710 valid_rmse=0.476626 q_change=50 q_delta=0.409019 q_grad=0.002817
epoch=66 loss_total=0.609427 loss_rec=0.528730 valid_auc=0.689967 valid_rmse=0.477589 q_change=50 q_delta=0.409257 q_grad=0.003046
epoch=67 loss_total=0.609687 loss_rec=0.529022 valid_auc=0.688873 valid_rmse=0.478621 q_change=50 q_delta=0.409456 q_grad=0.003066
epoch=68 loss_total=0.602352 loss_rec=0.521749 valid_auc=0.689029 valid_rmse=0.482523 q_change=50 q_delta=0.409517 q_grad=0.002986
epoch=69 loss_total=0.599418 loss_rec=0.518840 valid_auc=0.690647 valid_rmse=0.484671 q_change=50 q_delta=0.409788 q_grad=0.003134
epoch=70 loss_total=0.596845 loss_rec=0.516282 valid_auc=0.687054 valid_rmse=0.479214 q_change=50 q_delta=0.410155 q_grad=0.003197
epoch=71 loss_total=0.597818 loss_rec=0.517344 valid_auc=0.689576 valid_rmse=0.478363 q_change=50 q_delta=0.410268 q_grad=0.003168
epoch=72 loss_total=0.595991 loss_rec=0.515506 valid_auc=0.688069 valid_rmse=0.479024 q_change=50 q_delta=0.410458 q_grad=0.003196
epoch=73 loss_total=0.590828 loss_rec=0.510380 valid_auc=0.685011 valid_rmse=0.480920 q_change=50 q_delta=0.410583 q_grad=0.003241
epoch=74 loss_total=0.597134 loss_rec=0.516714 valid_auc=0.686652 valid_rmse=0.480703 q_change=50 q_delta=0.410705 q_grad=0.003175
epoch=75 loss_total=0.593745 loss_rec=0.513315 valid_auc=0.685391 valid_rmse=0.486997 q_change=50 q_delta=0.410585 q_grad=0.003187
Early stopping at epoch 75; best_epoch=55.
Saved run to C:\Users\YAN_SHU_YU\Desktop\Generative-CD\Q_GNCDM\results\weak_q_lambda_sweep\lq_0p2_ls_0p5_lb_0p1\seed_2026\noise_0.20\weak-q_lq_0p2_ls_0p5_lb_0p1
Final metrics: q_hat_f1=0.222222 response_auc=0.688395 mastery_pearson=0.386193
