run=weak-q_lq_0p9_ls_0p4_lb_0p4 mode=weak-q noise=0.20 train=4200 valid=600 test=1200
epoch=1 loss_total=0.998920 loss_rec=0.725646 valid_auc=0.587969 valid_rmse=0.499740 q_change=57 q_delta=0.076003 q_grad=0.000379
epoch=2 loss_total=0.955083 loss_rec=0.705649 valid_auc=0.596574 valid_rmse=0.499169 q_change=57 q_delta=0.135516 q_grad=0.000282
epoch=3 loss_total=0.933591 loss_rec=0.698991 valid_auc=0.613683 valid_rmse=0.497994 q_change=57 q_delta=0.179416 q_grad=0.000229
epoch=4 loss_total=0.916392 loss_rec=0.690982 valid_auc=0.638025 valid_rmse=0.496250 q_change=57 q_delta=0.211047 q_grad=0.000212
epoch=5 loss_total=0.906564 loss_rec=0.686362 valid_auc=0.657902 valid_rmse=0.491616 q_change=57 q_delta=0.230348 q_grad=0.000250
epoch=6 loss_total=0.887382 loss_rec=0.669478 valid_auc=0.668047 valid_rmse=0.483914 q_change=57 q_delta=0.238072 q_grad=0.000375
epoch=7 loss_total=0.860804 loss_rec=0.643458 valid_auc=0.673359 valid_rmse=0.477837 q_change=57 q_delta=0.240890 q_grad=0.000595
epoch=8 loss_total=0.848942 loss_rec=0.631926 valid_auc=0.677221 valid_rmse=0.476317 q_change=57 q_delta=0.243716 q_grad=0.000854
epoch=9 loss_total=0.839895 loss_rec=0.623443 valid_auc=0.684185 valid_rmse=0.472612 q_change=57 q_delta=0.246655 q_grad=0.001008
epoch=10 loss_total=0.841795 loss_rec=0.626018 valid_auc=0.681775 valid_rmse=0.474597 q_change=55 q_delta=0.249446 q_grad=0.001076
epoch=11 loss_total=0.838844 loss_rec=0.623348 valid_auc=0.682344 valid_rmse=0.473241 q_change=54 q_delta=0.252857 q_grad=0.001192
epoch=12 loss_total=0.829430 loss_rec=0.614299 valid_auc=0.681752 valid_rmse=0.475102 q_change=54 q_delta=0.255776 q_grad=0.001241
epoch=13 loss_total=0.825705 loss_rec=0.610966 valid_auc=0.682277 valid_rmse=0.473805 q_change=52 q_delta=0.260013 q_grad=0.001236
epoch=14 loss_total=0.826054 loss_rec=0.611554 valid_auc=0.680714 valid_rmse=0.475884 q_change=50 q_delta=0.262747 q_grad=0.001310
epoch=15 loss_total=0.821804 loss_rec=0.607435 valid_auc=0.682623 valid_rmse=0.474353 q_change=49 q_delta=0.266343 q_grad=0.001337
epoch=16 loss_total=0.823500 loss_rec=0.609177 valid_auc=0.682835 valid_rmse=0.474659 q_change=49 q_delta=0.269511 q_grad=0.001436
epoch=17 loss_total=0.818942 loss_rec=0.604759 valid_auc=0.682165 valid_rmse=0.474529 q_change=49 q_delta=0.272549 q_grad=0.001367
epoch=18 loss_total=0.813411 loss_rec=0.599213 valid_auc=0.683661 valid_rmse=0.474537 q_change=48 q_delta=0.275691 q_grad=0.001404
epoch=19 loss_total=0.812295 loss_rec=0.598157 valid_auc=0.684174 valid_rmse=0.475219 q_change=48 q_delta=0.278944 q_grad=0.001488
epoch=20 loss_total=0.809541 loss_rec=0.595318 valid_auc=0.685815 valid_rmse=0.473810 q_change=45 q_delta=0.282313 q_grad=0.001567
epoch=21 loss_total=0.804096 loss_rec=0.589759 valid_auc=0.687132 valid_rmse=0.474753 q_change=44 q_delta=0.284854 q_grad=0.001502
epoch=22 loss_total=0.801525 loss_rec=0.587059 valid_auc=0.686808 valid_rmse=0.474805 q_change=40 q_delta=0.287830 q_grad=0.001624
epoch=23 loss_total=0.798438 loss_rec=0.583809 valid_auc=0.685446 valid_rmse=0.474914 q_change=40 q_delta=0.290634 q_grad=0.001588
epoch=24 loss_total=0.792696 loss_rec=0.577924 valid_auc=0.685525 valid_rmse=0.475429 q_change=39 q_delta=0.293547 q_grad=0.001639
epoch=25 loss_total=0.791396 loss_rec=0.576360 valid_auc=0.687467 valid_rmse=0.475562 q_change=39 q_delta=0.296396 q_grad=0.001748
epoch=26 loss_total=0.788083 loss_rec=0.572842 valid_auc=0.687645 valid_rmse=0.475602 q_change=39 q_delta=0.299345 q_grad=0.001738
epoch=27 loss_total=0.782745 loss_rec=0.567242 valid_auc=0.686886 valid_rmse=0.477684 q_change=38 q_delta=0.302205 q_grad=0.001745
epoch=28 loss_total=0.784477 loss_rec=0.568714 valid_auc=0.687757 valid_rmse=0.476517 q_change=37 q_delta=0.305296 q_grad=0.001871
epoch=29 loss_total=0.776146 loss_rec=0.560205 valid_auc=0.690190 valid_rmse=0.475991 q_change=33 q_delta=0.307566 q_grad=0.001864
epoch=30 loss_total=0.772613 loss_rec=0.556366 valid_auc=0.691607 valid_rmse=0.477228 q_change=32 q_delta=0.309963 q_grad=0.001943
epoch=31 loss_total=0.766787 loss_rec=0.550313 valid_auc=0.690246 valid_rmse=0.477586 q_change=32 q_delta=0.312305 q_grad=0.001948
epoch=32 loss_total=0.765945 loss_rec=0.549243 valid_auc=0.694353 valid_rmse=0.476455 q_change=32 q_delta=0.315035 q_grad=0.002007
epoch=33 loss_total=0.759073 loss_rec=0.542100 valid_auc=0.691551 valid_rmse=0.476208 q_change=31 q_delta=0.317986 q_grad=0.002042
epoch=34 loss_total=0.758540 loss_rec=0.541405 valid_auc=0.691942 valid_rmse=0.476021 q_change=31 q_delta=0.319939 q_grad=0.002047
epoch=35 loss_total=0.758600 loss_rec=0.541302 valid_auc=0.695636 valid_rmse=0.474805 q_change=31 q_delta=0.322000 q_grad=0.002055
epoch=36 loss_total=0.749941 loss_rec=0.532425 valid_auc=0.694855 valid_rmse=0.475389 q_change=31 q_delta=0.323724 q_grad=0.002127
epoch=37 loss_total=0.745686 loss_rec=0.527965 valid_auc=0.692478 valid_rmse=0.478347 q_change=30 q_delta=0.325859 q_grad=0.002132
epoch=38 loss_total=0.739170 loss_rec=0.521385 valid_auc=0.693170 valid_rmse=0.478892 q_change=29 q_delta=0.327703 q_grad=0.002199
epoch=39 loss_total=0.739435 loss_rec=0.521547 valid_auc=0.692500 valid_rmse=0.477670 q_change=28 q_delta=0.329527 q_grad=0.002184
epoch=40 loss_total=0.736882 loss_rec=0.518898 valid_auc=0.692355 valid_rmse=0.478682 q_change=29 q_delta=0.331102 q_grad=0.002235
epoch=41 loss_total=0.730160 loss_rec=0.512135 valid_auc=0.693103 valid_rmse=0.481453 q_change=29 q_delta=0.332872 q_grad=0.002208
epoch=42 loss_total=0.734048 loss_rec=0.515975 valid_auc=0.691083 valid_rmse=0.479684 q_change=28 q_delta=0.334576 q_grad=0.002355
epoch=43 loss_total=0.727686 loss_rec=0.509566 valid_auc=0.694007 valid_rmse=0.480427 q_change=28 q_delta=0.336027 q_grad=0.002306
epoch=44 loss_total=0.724982 loss_rec=0.506808 valid_auc=0.694141 valid_rmse=0.479228 q_change=28 q_delta=0.337462 q_grad=0.002314
epoch=45 loss_total=0.721725 loss_rec=0.503534 valid_auc=0.691696 valid_rmse=0.484210 q_change=27 q_delta=0.338695 q_grad=0.002302
epoch=46 loss_total=0.721311 loss_rec=0.503032 valid_auc=0.697299 valid_rmse=0.478774 q_change=27 q_delta=0.340341 q_grad=0.002345
epoch=47 loss_total=0.718892 loss_rec=0.500598 valid_auc=0.694900 valid_rmse=0.482092 q_change=26 q_delta=0.341567 q_grad=0.002298
epoch=48 loss_total=0.718167 loss_rec=0.499866 valid_auc=0.694643 valid_rmse=0.480562 q_change=26 q_delta=0.343118 q_grad=0.002373
epoch=49 loss_total=0.712001 loss_rec=0.493673 valid_auc=0.695781 valid_rmse=0.479512 q_change=28 q_delta=0.344235 q_grad=0.002347
epoch=50 loss_total=0.708347 loss_rec=0.490005 valid_auc=0.693393 valid_rmse=0.483647 q_change=28 q_delta=0.345519 q_grad=0.002341
epoch=51 loss_total=0.708724 loss_rec=0.490398 valid_auc=0.694978 valid_rmse=0.483827 q_change=27 q_delta=0.346545 q_grad=0.002422
epoch=52 loss_total=0.709491 loss_rec=0.491154 valid_auc=0.694263 valid_rmse=0.482135 q_change=27 q_delta=0.347835 q_grad=0.002424
epoch=53 loss_total=0.711269 loss_rec=0.492916 valid_auc=0.693437 valid_rmse=0.481641 q_change=27 q_delta=0.348886 q_grad=0.002406
epoch=54 loss_total=0.704670 loss_rec=0.486266 valid_auc=0.691998 valid_rmse=0.483132 q_change=26 q_delta=0.349933 q_grad=0.002457
epoch=55 loss_total=0.699882 loss_rec=0.481492 valid_auc=0.699330 valid_rmse=0.479305 q_change=26 q_delta=0.350960 q_grad=0.002398
epoch=56 loss_total=0.698780 loss_rec=0.480382 valid_auc=0.695536 valid_rmse=0.482606 q_change=26 q_delta=0.351989 q_grad=0.002404
epoch=57 loss_total=0.699616 loss_rec=0.481170 valid_auc=0.692857 valid_rmse=0.484891 q_change=26 q_delta=0.352940 q_grad=0.002540
epoch=58 loss_total=0.692992 loss_rec=0.474534 valid_auc=0.694565 valid_rmse=0.485118 q_change=26 q_delta=0.353869 q_grad=0.002455
epoch=59 loss_total=0.690377 loss_rec=0.471950 valid_auc=0.697891 valid_rmse=0.481854 q_change=26 q_delta=0.354974 q_grad=0.002425
epoch=60 loss_total=0.693609 loss_rec=0.475175 valid_auc=0.697109 valid_rmse=0.483142 q_change=26 q_delta=0.355854 q_grad=0.002475
epoch=61 loss_total=0.691697 loss_rec=0.473252 valid_auc=0.695045 valid_rmse=0.482383 q_change=26 q_delta=0.356942 q_grad=0.002520
epoch=62 loss_total=0.686600 loss_rec=0.468174 valid_auc=0.698583 valid_rmse=0.482502 q_change=26 q_delta=0.357853 q_grad=0.002426
epoch=63 loss_total=0.686934 loss_rec=0.468489 valid_auc=0.695871 valid_rmse=0.483612 q_change=26 q_delta=0.358684 q_grad=0.002528
epoch=64 loss_total=0.687121 loss_rec=0.468676 valid_auc=0.697411 valid_rmse=0.486203 q_change=26 q_delta=0.359582 q_grad=0.002513
epoch=65 loss_total=0.684376 loss_rec=0.465939 valid_auc=0.695279 valid_rmse=0.484044 q_change=26 q_delta=0.360613 q_grad=0.002424
epoch=66 loss_total=0.683745 loss_rec=0.465317 valid_auc=0.694431 valid_rmse=0.484594 q_change=26 q_delta=0.361477 q_grad=0.002559
epoch=67 loss_total=0.684071 loss_rec=0.465633 valid_auc=0.695391 valid_rmse=0.484912 q_change=26 q_delta=0.362365 q_grad=0.002531
epoch=68 loss_total=0.676875 loss_rec=0.458437 valid_auc=0.697511 valid_rmse=0.485852 q_change=26 q_delta=0.363159 q_grad=0.002552
epoch=69 loss_total=0.675382 loss_rec=0.456945 valid_auc=0.695301 valid_rmse=0.490723 q_change=27 q_delta=0.363885 q_grad=0.002536
epoch=70 loss_total=0.672139 loss_rec=0.453677 valid_auc=0.696272 valid_rmse=0.484312 q_change=27 q_delta=0.364841 q_grad=0.002589
epoch=71 loss_total=0.672037 loss_rec=0.453638 valid_auc=0.698940 valid_rmse=0.483840 q_change=27 q_delta=0.365624 q_grad=0.002522
epoch=72 loss_total=0.673833 loss_rec=0.455406 valid_auc=0.695658 valid_rmse=0.485798 q_change=27 q_delta=0.366356 q_grad=0.002592
epoch=73 loss_total=0.667944 loss_rec=0.449512 valid_auc=0.693114 valid_rmse=0.488088 q_change=27 q_delta=0.367073 q_grad=0.002626
epoch=74 loss_total=0.673117 loss_rec=0.454716 valid_auc=0.695681 valid_rmse=0.486193 q_change=27 q_delta=0.367779 q_grad=0.002555
epoch=75 loss_total=0.670989 loss_rec=0.452591 valid_auc=0.693192 valid_rmse=0.490768 q_change=27 q_delta=0.368372 q_grad=0.002617
Early stopping at epoch 75; best_epoch=55.
Saved run to C:\Users\YAN_SHU_YU\Desktop\Generative-CD\Q_GNCDM\results\weak_q_lambda_sweep\lq_0p9_ls_0p4_lb_0p4\seed_2026\noise_0.20\weak-q_lq_0p9_ls_0p4_lb_0p4
Final metrics: q_hat_f1=0.666667 response_auc=0.685165 mastery_pearson=0.557253
