run=weak-q_lq_0p7_ls_0p9_lb_0p6 mode=weak-q noise=0.20 train=4200 valid=600 test=1200
epoch=1 loss_total=1.263966 loss_rec=0.725666 valid_auc=0.587444 valid_rmse=0.499759 q_change=57 q_delta=0.079216 q_grad=0.000926
epoch=2 loss_total=1.175427 loss_rec=0.705987 valid_auc=0.592902 valid_rmse=0.499355 q_change=57 q_delta=0.149635 q_grad=0.000836
epoch=3 loss_total=1.111379 loss_rec=0.700222 valid_auc=0.603437 valid_rmse=0.498669 q_change=57 q_delta=0.208676 q_grad=0.000737
epoch=4 loss_total=1.058112 loss_rec=0.694284 valid_auc=0.619448 valid_rmse=0.498156 q_change=57 q_delta=0.256381 q_grad=0.000638
epoch=5 loss_total=1.021386 loss_rec=0.694573 valid_auc=0.638783 valid_rmse=0.496582 q_change=57 q_delta=0.293715 q_grad=0.000545
epoch=6 loss_total=0.988858 loss_rec=0.690595 valid_auc=0.654570 valid_rmse=0.496009 q_change=57 q_delta=0.322439 q_grad=0.000468
epoch=7 loss_total=0.960716 loss_rec=0.684216 valid_auc=0.656574 valid_rmse=0.494537 q_change=57 q_delta=0.344354 q_grad=0.000414
epoch=8 loss_total=0.939060 loss_rec=0.678772 valid_auc=0.651518 valid_rmse=0.491603 q_change=57 q_delta=0.360356 q_grad=0.000397
epoch=9 loss_total=0.918917 loss_rec=0.670332 valid_auc=0.656027 valid_rmse=0.485285 q_change=57 q_delta=0.372177 q_grad=0.000456
epoch=10 loss_total=0.906072 loss_rec=0.666378 valid_auc=0.656897 valid_rmse=0.483329 q_change=57 q_delta=0.381104 q_grad=0.000533
epoch=11 loss_total=0.894603 loss_rec=0.661614 valid_auc=0.658326 valid_rmse=0.482079 q_change=57 q_delta=0.388703 q_grad=0.000636
epoch=12 loss_total=0.879187 loss_rec=0.652221 valid_auc=0.661964 valid_rmse=0.482621 q_change=57 q_delta=0.395042 q_grad=0.000701
epoch=13 loss_total=0.872358 loss_rec=0.650493 valid_auc=0.663828 valid_rmse=0.479246 q_change=57 q_delta=0.400497 q_grad=0.000719
epoch=14 loss_total=0.867322 loss_rec=0.649450 valid_auc=0.666685 valid_rmse=0.480553 q_change=57 q_delta=0.404709 q_grad=0.000798
epoch=15 loss_total=0.862642 loss_rec=0.648238 valid_auc=0.665692 valid_rmse=0.478885 q_change=57 q_delta=0.408682 q_grad=0.000844
epoch=16 loss_total=0.860409 loss_rec=0.648879 valid_auc=0.666719 valid_rmse=0.478867 q_change=57 q_delta=0.411787 q_grad=0.000929
epoch=17 loss_total=0.857557 loss_rec=0.648635 valid_auc=0.668426 valid_rmse=0.479442 q_change=57 q_delta=0.414528 q_grad=0.000908
epoch=18 loss_total=0.850370 loss_rec=0.643634 valid_auc=0.669475 valid_rmse=0.478468 q_change=57 q_delta=0.417032 q_grad=0.000940
epoch=19 loss_total=0.846906 loss_rec=0.642138 valid_auc=0.669498 valid_rmse=0.478460 q_change=57 q_delta=0.419148 q_grad=0.001009
epoch=20 loss_total=0.845402 loss_rec=0.642269 valid_auc=0.672556 valid_rmse=0.476995 q_change=57 q_delta=0.421136 q_grad=0.001100
epoch=21 loss_total=0.841131 loss_rec=0.639566 valid_auc=0.673069 valid_rmse=0.477899 q_change=57 q_delta=0.422611 q_grad=0.001058
epoch=22 loss_total=0.840002 loss_rec=0.639679 valid_auc=0.674364 valid_rmse=0.476605 q_change=57 q_delta=0.424033 q_grad=0.001159
epoch=23 loss_total=0.835935 loss_rec=0.636764 valid_auc=0.673806 valid_rmse=0.476182 q_change=57 q_delta=0.425438 q_grad=0.001174
epoch=24 loss_total=0.831268 loss_rec=0.633186 valid_auc=0.674230 valid_rmse=0.476531 q_change=57 q_delta=0.426554 q_grad=0.001226
epoch=25 loss_total=0.833725 loss_rec=0.636528 valid_auc=0.674732 valid_rmse=0.476096 q_change=57 q_delta=0.427462 q_grad=0.001342
epoch=26 loss_total=0.830883 loss_rec=0.634481 valid_auc=0.675458 valid_rmse=0.476885 q_change=57 q_delta=0.428321 q_grad=0.001354
epoch=27 loss_total=0.828369 loss_rec=0.632597 valid_auc=0.678750 valid_rmse=0.476369 q_change=57 q_delta=0.428997 q_grad=0.001367
epoch=28 loss_total=0.829563 loss_rec=0.634427 valid_auc=0.679241 valid_rmse=0.475437 q_change=57 q_delta=0.429763 q_grad=0.001441
epoch=29 loss_total=0.825927 loss_rec=0.631323 valid_auc=0.681272 valid_rmse=0.475249 q_change=57 q_delta=0.430322 q_grad=0.001506
epoch=30 loss_total=0.826793 loss_rec=0.632682 valid_auc=0.681228 valid_rmse=0.475400 q_change=57 q_delta=0.430778 q_grad=0.001498
epoch=31 loss_total=0.822909 loss_rec=0.629081 valid_auc=0.683382 valid_rmse=0.474819 q_change=57 q_delta=0.431162 q_grad=0.001541
epoch=32 loss_total=0.824751 loss_rec=0.631277 valid_auc=0.684163 valid_rmse=0.475795 q_change=57 q_delta=0.431395 q_grad=0.001610
epoch=33 loss_total=0.823328 loss_rec=0.630042 valid_auc=0.681942 valid_rmse=0.474091 q_change=57 q_delta=0.431846 q_grad=0.001595
epoch=34 loss_total=0.822023 loss_rec=0.628996 valid_auc=0.681071 valid_rmse=0.473776 q_change=57 q_delta=0.431973 q_grad=0.001627
epoch=35 loss_total=0.823357 loss_rec=0.630450 valid_auc=0.684721 valid_rmse=0.473009 q_change=57 q_delta=0.432035 q_grad=0.001624
epoch=36 loss_total=0.819809 loss_rec=0.626910 valid_auc=0.686462 valid_rmse=0.473744 q_change=57 q_delta=0.431880 q_grad=0.001669
epoch=37 loss_total=0.813695 loss_rec=0.620755 valid_auc=0.688259 valid_rmse=0.473006 q_change=56 q_delta=0.431799 q_grad=0.001696
epoch=38 loss_total=0.812671 loss_rec=0.619711 valid_auc=0.687522 valid_rmse=0.475286 q_change=56 q_delta=0.432131 q_grad=0.001811
epoch=39 loss_total=0.815819 loss_rec=0.622905 valid_auc=0.688047 valid_rmse=0.472670 q_change=56 q_delta=0.432805 q_grad=0.001761
epoch=40 loss_total=0.811512 loss_rec=0.618625 valid_auc=0.688337 valid_rmse=0.472735 q_change=56 q_delta=0.433215 q_grad=0.001800
epoch=41 loss_total=0.806792 loss_rec=0.613930 valid_auc=0.691138 valid_rmse=0.473058 q_change=56 q_delta=0.433546 q_grad=0.001821
epoch=42 loss_total=0.811449 loss_rec=0.618612 valid_auc=0.686998 valid_rmse=0.473248 q_change=56 q_delta=0.433925 q_grad=0.001871
epoch=43 loss_total=0.806966 loss_rec=0.614078 valid_auc=0.689498 valid_rmse=0.472370 q_change=56 q_delta=0.433950 q_grad=0.001816
epoch=44 loss_total=0.807659 loss_rec=0.614808 valid_auc=0.688906 valid_rmse=0.472751 q_change=56 q_delta=0.434213 q_grad=0.001889
epoch=45 loss_total=0.804457 loss_rec=0.611602 valid_auc=0.690100 valid_rmse=0.475227 q_change=56 q_delta=0.434184 q_grad=0.001917
epoch=46 loss_total=0.805306 loss_rec=0.612375 valid_auc=0.691931 valid_rmse=0.471066 q_change=56 q_delta=0.434362 q_grad=0.001870
epoch=47 loss_total=0.802261 loss_rec=0.609332 valid_auc=0.694007 valid_rmse=0.471315 q_change=55 q_delta=0.434351 q_grad=0.001890
epoch=48 loss_total=0.802497 loss_rec=0.609517 valid_auc=0.694107 valid_rmse=0.470705 q_change=55 q_delta=0.434745 q_grad=0.001923
epoch=49 loss_total=0.800171 loss_rec=0.607101 valid_auc=0.694252 valid_rmse=0.470763 q_change=55 q_delta=0.435151 q_grad=0.001949
epoch=50 loss_total=0.795745 loss_rec=0.602667 valid_auc=0.692679 valid_rmse=0.471441 q_change=55 q_delta=0.435584 q_grad=0.001853
epoch=51 loss_total=0.795966 loss_rec=0.602908 valid_auc=0.695893 valid_rmse=0.472288 q_change=55 q_delta=0.435882 q_grad=0.001989
epoch=52 loss_total=0.797060 loss_rec=0.604011 valid_auc=0.693817 valid_rmse=0.470985 q_change=55 q_delta=0.436299 q_grad=0.001992
epoch=53 loss_total=0.798677 loss_rec=0.605636 valid_auc=0.695893 valid_rmse=0.470327 q_change=55 q_delta=0.436617 q_grad=0.001985
epoch=54 loss_total=0.790793 loss_rec=0.597822 valid_auc=0.695056 valid_rmse=0.471604 q_change=55 q_delta=0.436877 q_grad=0.001949
epoch=55 loss_total=0.790585 loss_rec=0.597688 valid_auc=0.698158 valid_rmse=0.470037 q_change=55 q_delta=0.437132 q_grad=0.002006
epoch=56 loss_total=0.791972 loss_rec=0.599128 valid_auc=0.696518 valid_rmse=0.470489 q_change=54 q_delta=0.437386 q_grad=0.002046
epoch=57 loss_total=0.790136 loss_rec=0.597345 valid_auc=0.697757 valid_rmse=0.472358 q_change=54 q_delta=0.437505 q_grad=0.002095
epoch=58 loss_total=0.786790 loss_rec=0.594030 valid_auc=0.695937 valid_rmse=0.472807 q_change=54 q_delta=0.437739 q_grad=0.002057
epoch=59 loss_total=0.786555 loss_rec=0.593965 valid_auc=0.695212 valid_rmse=0.470673 q_change=54 q_delta=0.438073 q_grad=0.002060
epoch=60 loss_total=0.786069 loss_rec=0.593571 valid_auc=0.696540 valid_rmse=0.471847 q_change=54 q_delta=0.438221 q_grad=0.002087
epoch=61 loss_total=0.784868 loss_rec=0.592432 valid_auc=0.696183 valid_rmse=0.471532 q_change=54 q_delta=0.438449 q_grad=0.002139
epoch=62 loss_total=0.782922 loss_rec=0.590581 valid_auc=0.695547 valid_rmse=0.471091 q_change=54 q_delta=0.438637 q_grad=0.002097
epoch=63 loss_total=0.784144 loss_rec=0.591835 valid_auc=0.693795 valid_rmse=0.472135 q_change=54 q_delta=0.438686 q_grad=0.002129
epoch=64 loss_total=0.786835 loss_rec=0.594647 valid_auc=0.698438 valid_rmse=0.473424 q_change=54 q_delta=0.438814 q_grad=0.002180
epoch=65 loss_total=0.780985 loss_rec=0.588838 valid_auc=0.694922 valid_rmse=0.471364 q_change=54 q_delta=0.439080 q_grad=0.002087
epoch=66 loss_total=0.781509 loss_rec=0.589453 valid_auc=0.696350 valid_rmse=0.472029 q_change=54 q_delta=0.439189 q_grad=0.002213
epoch=67 loss_total=0.783889 loss_rec=0.591877 valid_auc=0.693616 valid_rmse=0.473271 q_change=54 q_delta=0.439296 q_grad=0.002198
epoch=68 loss_total=0.779662 loss_rec=0.587720 valid_auc=0.694542 valid_rmse=0.474201 q_change=54 q_delta=0.439389 q_grad=0.002205
epoch=69 loss_total=0.776487 loss_rec=0.584614 valid_auc=0.697500 valid_rmse=0.479129 q_change=54 q_delta=0.439379 q_grad=0.002284
epoch=70 loss_total=0.775781 loss_rec=0.583910 valid_auc=0.693371 valid_rmse=0.472217 q_change=54 q_delta=0.439588 q_grad=0.002285
epoch=71 loss_total=0.778048 loss_rec=0.586216 valid_auc=0.693828 valid_rmse=0.472435 q_change=54 q_delta=0.439625 q_grad=0.002300
epoch=72 loss_total=0.776695 loss_rec=0.584860 valid_auc=0.692478 valid_rmse=0.472921 q_change=54 q_delta=0.439677 q_grad=0.002308
epoch=73 loss_total=0.772610 loss_rec=0.580863 valid_auc=0.690982 valid_rmse=0.473399 q_change=54 q_delta=0.439710 q_grad=0.002360
epoch=74 loss_total=0.776812 loss_rec=0.585050 valid_auc=0.692087 valid_rmse=0.474162 q_change=54 q_delta=0.439659 q_grad=0.002302
epoch=75 loss_total=0.774859 loss_rec=0.583002 valid_auc=0.688225 valid_rmse=0.481228 q_change=54 q_delta=0.439475 q_grad=0.002305
epoch=76 loss_total=0.774267 loss_rec=0.582278 valid_auc=0.688304 valid_rmse=0.473601 q_change=54 q_delta=0.439502 q_grad=0.002310
epoch=77 loss_total=0.767177 loss_rec=0.575103 valid_auc=0.688583 valid_rmse=0.477318 q_change=54 q_delta=0.439207 q_grad=0.002313
epoch=78 loss_total=0.767500 loss_rec=0.575292 valid_auc=0.688426 valid_rmse=0.476105 q_change=54 q_delta=0.439006 q_grad=0.002479
epoch=79 loss_total=0.765274 loss_rec=0.572891 valid_auc=0.687087 valid_rmse=0.475425 q_change=54 q_delta=0.438786 q_grad=0.002553
epoch=80 loss_total=0.765829 loss_rec=0.573226 valid_auc=0.686317 valid_rmse=0.475051 q_change=53 q_delta=0.438490 q_grad=0.002478
epoch=81 loss_total=0.759564 loss_rec=0.566765 valid_auc=0.685926 valid_rmse=0.478420 q_change=53 q_delta=0.438642 q_grad=0.002534
epoch=82 loss_total=0.758258 loss_rec=0.565242 valid_auc=0.684799 valid_rmse=0.477507 q_change=53 q_delta=0.438883 q_grad=0.002594
epoch=83 loss_total=0.757210 loss_rec=0.563960 valid_auc=0.684922 valid_rmse=0.482091 q_change=53 q_delta=0.438985 q_grad=0.002583
epoch=84 loss_total=0.755642 loss_rec=0.562172 valid_auc=0.684286 valid_rmse=0.479016 q_change=53 q_delta=0.439060 q_grad=0.002669
Early stopping at epoch 84; best_epoch=64.
Saved run to C:\Users\YAN_SHU_YU\Desktop\Generative-CD\Q_GNCDM\results\weak_q_lambda_sweep\lq_0p7_ls_0p9_lb_0p6\seed_2026\noise_0.20\weak-q_lq_0p7_ls_0p9_lb_0p6
Final metrics: q_hat_f1=0.101695 response_auc=0.686035 mastery_pearson=0.322017
