run=weak-q_lq_0p2_ls_0p3_lb_0p05 mode=weak-q noise=0.20 train=4200 valid=600 test=1200
epoch=1 loss_total=0.868780 loss_rec=0.725644 valid_auc=0.588393 valid_rmse=0.499736 q_change=57 q_delta=0.076487 q_grad=0.000286
epoch=2 loss_total=0.829081 loss_rec=0.705670 valid_auc=0.598337 valid_rmse=0.499153 q_change=57 q_delta=0.139431 q_grad=0.000243
epoch=3 loss_total=0.807874 loss_rec=0.699073 valid_auc=0.618058 valid_rmse=0.497966 q_change=57 q_delta=0.188659 q_grad=0.000221
epoch=4 loss_total=0.789356 loss_rec=0.691273 valid_auc=0.645368 valid_rmse=0.496284 q_change=57 q_delta=0.226205 q_grad=0.000217
epoch=5 loss_total=0.778215 loss_rec=0.687294 valid_auc=0.664464 valid_rmse=0.491908 q_change=57 q_delta=0.250933 q_grad=0.000255
epoch=6 loss_total=0.759149 loss_rec=0.672313 valid_auc=0.670491 valid_rmse=0.484828 q_change=57 q_delta=0.263622 q_grad=0.000366
epoch=7 loss_total=0.733385 loss_rec=0.648453 valid_auc=0.671730 valid_rmse=0.478637 q_change=57 q_delta=0.270422 q_grad=0.000563
epoch=8 loss_total=0.721892 loss_rec=0.638094 valid_auc=0.674096 valid_rmse=0.476895 q_change=57 q_delta=0.275721 q_grad=0.000816
epoch=9 loss_total=0.713386 loss_rec=0.630638 valid_auc=0.682109 valid_rmse=0.473387 q_change=57 q_delta=0.279778 q_grad=0.000980
epoch=10 loss_total=0.714759 loss_rec=0.632949 valid_auc=0.681842 valid_rmse=0.474541 q_change=57 q_delta=0.282474 q_grad=0.001060
epoch=11 loss_total=0.711290 loss_rec=0.629919 valid_auc=0.681864 valid_rmse=0.473223 q_change=57 q_delta=0.285204 q_grad=0.001199
epoch=12 loss_total=0.701885 loss_rec=0.620967 valid_auc=0.682556 valid_rmse=0.474461 q_change=56 q_delta=0.286923 q_grad=0.001272
epoch=13 loss_total=0.697628 loss_rec=0.617151 valid_auc=0.682455 valid_rmse=0.473417 q_change=56 q_delta=0.290048 q_grad=0.001284
epoch=14 loss_total=0.697805 loss_rec=0.617657 valid_auc=0.681384 valid_rmse=0.475294 q_change=56 q_delta=0.291733 q_grad=0.001376
epoch=15 loss_total=0.694011 loss_rec=0.614164 valid_auc=0.682076 valid_rmse=0.474093 q_change=54 q_delta=0.294549 q_grad=0.001419
epoch=16 loss_total=0.695281 loss_rec=0.615709 valid_auc=0.682640 valid_rmse=0.474478 q_change=54 q_delta=0.297330 q_grad=0.001518
epoch=17 loss_total=0.691209 loss_rec=0.611975 valid_auc=0.681685 valid_rmse=0.474387 q_change=53 q_delta=0.300161 q_grad=0.001444
epoch=18 loss_total=0.685657 loss_rec=0.606687 valid_auc=0.682522 valid_rmse=0.474518 q_change=53 q_delta=0.303259 q_grad=0.001470
epoch=19 loss_total=0.684641 loss_rec=0.606061 valid_auc=0.682556 valid_rmse=0.475201 q_change=53 q_delta=0.306353 q_grad=0.001564
epoch=20 loss_total=0.681912 loss_rec=0.603556 valid_auc=0.684699 valid_rmse=0.473803 q_change=52 q_delta=0.309482 q_grad=0.001628
epoch=21 loss_total=0.677343 loss_rec=0.599250 valid_auc=0.685725 valid_rmse=0.474796 q_change=53 q_delta=0.311852 q_grad=0.001553
epoch=22 loss_total=0.674671 loss_rec=0.596792 valid_auc=0.683929 valid_rmse=0.475127 q_change=53 q_delta=0.314302 q_grad=0.001678
epoch=23 loss_total=0.672219 loss_rec=0.594593 valid_auc=0.682612 valid_rmse=0.474967 q_change=52 q_delta=0.316952 q_grad=0.001638
epoch=24 loss_total=0.667018 loss_rec=0.589598 valid_auc=0.681540 valid_rmse=0.475968 q_change=50 q_delta=0.319071 q_grad=0.001674
epoch=25 loss_total=0.666850 loss_rec=0.589621 valid_auc=0.682243 valid_rmse=0.476085 q_change=50 q_delta=0.321435 q_grad=0.001777
epoch=26 loss_total=0.663794 loss_rec=0.586765 valid_auc=0.684464 valid_rmse=0.476194 q_change=51 q_delta=0.323856 q_grad=0.001762
epoch=27 loss_total=0.659686 loss_rec=0.582778 valid_auc=0.683616 valid_rmse=0.477803 q_change=50 q_delta=0.326548 q_grad=0.001757
epoch=28 loss_total=0.661717 loss_rec=0.584925 valid_auc=0.683884 valid_rmse=0.476832 q_change=51 q_delta=0.329353 q_grad=0.001854
epoch=29 loss_total=0.653987 loss_rec=0.577344 valid_auc=0.686328 valid_rmse=0.476232 q_change=50 q_delta=0.331690 q_grad=0.001852
epoch=30 loss_total=0.652003 loss_rec=0.575430 valid_auc=0.687645 valid_rmse=0.477312 q_change=50 q_delta=0.333759 q_grad=0.001874
epoch=31 loss_total=0.646348 loss_rec=0.569871 valid_auc=0.685580 valid_rmse=0.477643 q_change=49 q_delta=0.336009 q_grad=0.001888
epoch=32 loss_total=0.645677 loss_rec=0.569285 valid_auc=0.687366 valid_rmse=0.477095 q_change=49 q_delta=0.338395 q_grad=0.001946
epoch=33 loss_total=0.641077 loss_rec=0.564725 valid_auc=0.685703 valid_rmse=0.475852 q_change=49 q_delta=0.340524 q_grad=0.001975
epoch=34 loss_total=0.640208 loss_rec=0.563986 valid_auc=0.684587 valid_rmse=0.476095 q_change=48 q_delta=0.342360 q_grad=0.001970
epoch=35 loss_total=0.638448 loss_rec=0.562269 valid_auc=0.688136 valid_rmse=0.474952 q_change=47 q_delta=0.344133 q_grad=0.001975
epoch=36 loss_total=0.630546 loss_rec=0.554380 valid_auc=0.687690 valid_rmse=0.475993 q_change=46 q_delta=0.345527 q_grad=0.002050
epoch=37 loss_total=0.625691 loss_rec=0.549568 valid_auc=0.686138 valid_rmse=0.478447 q_change=45 q_delta=0.346913 q_grad=0.002046
epoch=38 loss_total=0.620048 loss_rec=0.543998 valid_auc=0.685714 valid_rmse=0.479427 q_change=43 q_delta=0.348579 q_grad=0.002165
epoch=39 loss_total=0.617028 loss_rec=0.541039 valid_auc=0.685469 valid_rmse=0.477980 q_change=43 q_delta=0.350527 q_grad=0.002120
epoch=40 loss_total=0.613188 loss_rec=0.537257 valid_auc=0.685893 valid_rmse=0.479209 q_change=44 q_delta=0.351951 q_grad=0.002200
epoch=41 loss_total=0.606202 loss_rec=0.530352 valid_auc=0.686641 valid_rmse=0.481363 q_change=43 q_delta=0.353634 q_grad=0.002192
epoch=42 loss_total=0.608339 loss_rec=0.532552 valid_auc=0.684029 valid_rmse=0.480338 q_change=42 q_delta=0.355215 q_grad=0.002339
epoch=43 loss_total=0.601388 loss_rec=0.525672 valid_auc=0.685167 valid_rmse=0.481683 q_change=43 q_delta=0.356538 q_grad=0.002284
epoch=44 loss_total=0.599040 loss_rec=0.523388 valid_auc=0.683728 valid_rmse=0.481501 q_change=43 q_delta=0.357852 q_grad=0.002339
epoch=45 loss_total=0.593416 loss_rec=0.517840 valid_auc=0.682132 valid_rmse=0.485643 q_change=43 q_delta=0.358834 q_grad=0.002369
epoch=46 loss_total=0.592486 loss_rec=0.516956 valid_auc=0.687165 valid_rmse=0.480933 q_change=43 q_delta=0.360346 q_grad=0.002357
epoch=47 loss_total=0.590900 loss_rec=0.515478 valid_auc=0.681384 valid_rmse=0.485026 q_change=43 q_delta=0.361309 q_grad=0.002347
epoch=48 loss_total=0.588709 loss_rec=0.513372 valid_auc=0.681607 valid_rmse=0.483200 q_change=43 q_delta=0.362470 q_grad=0.002396
epoch=49 loss_total=0.583375 loss_rec=0.508100 valid_auc=0.684621 valid_rmse=0.481765 q_change=42 q_delta=0.363108 q_grad=0.002371
epoch=50 loss_total=0.577943 loss_rec=0.502738 valid_auc=0.681942 valid_rmse=0.486045 q_change=42 q_delta=0.364047 q_grad=0.002369
epoch=51 loss_total=0.578102 loss_rec=0.503001 valid_auc=0.681663 valid_rmse=0.486109 q_change=41 q_delta=0.364779 q_grad=0.002424
epoch=52 loss_total=0.578849 loss_rec=0.503822 valid_auc=0.682489 valid_rmse=0.483813 q_change=40 q_delta=0.365680 q_grad=0.002469
epoch=53 loss_total=0.579967 loss_rec=0.504987 valid_auc=0.681172 valid_rmse=0.484373 q_change=40 q_delta=0.366201 q_grad=0.002478
epoch=54 loss_total=0.573624 loss_rec=0.498709 valid_auc=0.677790 valid_rmse=0.486848 q_change=40 q_delta=0.367106 q_grad=0.002496
epoch=55 loss_total=0.568800 loss_rec=0.493963 valid_auc=0.685871 valid_rmse=0.482812 q_change=40 q_delta=0.367993 q_grad=0.002425
Early stopping at epoch 55; best_epoch=35.
Saved run to C:\Users\YAN_SHU_YU\Desktop\Generative-CD\Q_GNCDM\results\weak_q_lambda_sweep\lq_0p2_ls_0p3_lb_0p05\seed_2026\noise_0.20\weak-q_lq_0p2_ls_0p3_lb_0p05
Final metrics: q_hat_f1=0.294118 response_auc=0.691811 mastery_pearson=0.432779
