run=weak-q_lq_0p7_ls_0p2_lb_0p3 mode=weak-q noise=0.20 train=4200 valid=600 test=1200
epoch=1 loss_total=0.887373 loss_rec=0.725608 valid_auc=0.590123 valid_rmse=0.499702 q_change=57 q_delta=0.071188 q_grad=0.000183
epoch=2 loss_total=0.857122 loss_rec=0.705129 valid_auc=0.604375 valid_rmse=0.498849 q_change=57 q_delta=0.117551 q_grad=0.000144
epoch=3 loss_total=0.844637 loss_rec=0.697100 valid_auc=0.626842 valid_rmse=0.496847 q_change=57 q_delta=0.144608 q_grad=0.000153
epoch=4 loss_total=0.831061 loss_rec=0.685444 valid_auc=0.652098 valid_rmse=0.492771 q_change=53 q_delta=0.158851 q_grad=0.000200
epoch=5 loss_total=0.816899 loss_rec=0.671325 valid_auc=0.665290 valid_rmse=0.483842 q_change=49 q_delta=0.159836 q_grad=0.000337
epoch=6 loss_total=0.790166 loss_rec=0.643608 valid_auc=0.672288 valid_rmse=0.476978 q_change=44 q_delta=0.159026 q_grad=0.000595
epoch=7 loss_total=0.771702 loss_rec=0.624926 valid_auc=0.678371 valid_rmse=0.475637 q_change=42 q_delta=0.162157 q_grad=0.000793
epoch=8 loss_total=0.766884 loss_rec=0.620251 valid_auc=0.676752 valid_rmse=0.476356 q_change=39 q_delta=0.166020 q_grad=0.000947
epoch=9 loss_total=0.761456 loss_rec=0.615079 valid_auc=0.681049 valid_rmse=0.474498 q_change=37 q_delta=0.170701 q_grad=0.001010
epoch=10 loss_total=0.765754 loss_rec=0.619678 valid_auc=0.679442 valid_rmse=0.476173 q_change=35 q_delta=0.175365 q_grad=0.001006
epoch=11 loss_total=0.764495 loss_rec=0.618471 valid_auc=0.679208 valid_rmse=0.475029 q_change=34 q_delta=0.179879 q_grad=0.001072
epoch=12 loss_total=0.757016 loss_rec=0.611124 valid_auc=0.678393 valid_rmse=0.476629 q_change=31 q_delta=0.183905 q_grad=0.001092
epoch=13 loss_total=0.754047 loss_rec=0.608294 valid_auc=0.678516 valid_rmse=0.475268 q_change=31 q_delta=0.189305 q_grad=0.001062
epoch=14 loss_total=0.755240 loss_rec=0.609494 valid_auc=0.677958 valid_rmse=0.477277 q_change=30 q_delta=0.193367 q_grad=0.001116
epoch=15 loss_total=0.751978 loss_rec=0.606146 valid_auc=0.680234 valid_rmse=0.475735 q_change=30 q_delta=0.198118 q_grad=0.001123
epoch=16 loss_total=0.754344 loss_rec=0.608400 valid_auc=0.679810 valid_rmse=0.475875 q_change=30 q_delta=0.202623 q_grad=0.001207
epoch=17 loss_total=0.749878 loss_rec=0.603915 valid_auc=0.679319 valid_rmse=0.475747 q_change=29 q_delta=0.206604 q_grad=0.001142
epoch=18 loss_total=0.745613 loss_rec=0.599528 valid_auc=0.679754 valid_rmse=0.476207 q_change=29 q_delta=0.211284 q_grad=0.001170
epoch=19 loss_total=0.745038 loss_rec=0.598843 valid_auc=0.680525 valid_rmse=0.476522 q_change=28 q_delta=0.216169 q_grad=0.001226
epoch=20 loss_total=0.743217 loss_rec=0.596839 valid_auc=0.682411 valid_rmse=0.475268 q_change=28 q_delta=0.221057 q_grad=0.001283
epoch=21 loss_total=0.738518 loss_rec=0.591897 valid_auc=0.683839 valid_rmse=0.475781 q_change=28 q_delta=0.225807 q_grad=0.001228
epoch=22 loss_total=0.736360 loss_rec=0.589514 valid_auc=0.682801 valid_rmse=0.476154 q_change=28 q_delta=0.230606 q_grad=0.001323
epoch=23 loss_total=0.734265 loss_rec=0.587143 valid_auc=0.682578 valid_rmse=0.476145 q_change=29 q_delta=0.235413 q_grad=0.001294
epoch=24 loss_total=0.729030 loss_rec=0.581637 valid_auc=0.682511 valid_rmse=0.476587 q_change=27 q_delta=0.240191 q_grad=0.001334
epoch=25 loss_total=0.727965 loss_rec=0.580217 valid_auc=0.684286 valid_rmse=0.476745 q_change=26 q_delta=0.245051 q_grad=0.001412
epoch=26 loss_total=0.725199 loss_rec=0.577122 valid_auc=0.685346 valid_rmse=0.476796 q_change=26 q_delta=0.249553 q_grad=0.001394
epoch=27 loss_total=0.720850 loss_rec=0.572408 valid_auc=0.684565 valid_rmse=0.478384 q_change=26 q_delta=0.253975 q_grad=0.001411
epoch=28 loss_total=0.722730 loss_rec=0.573891 valid_auc=0.685011 valid_rmse=0.477639 q_change=25 q_delta=0.259002 q_grad=0.001512
epoch=29 loss_total=0.714775 loss_rec=0.565592 valid_auc=0.687098 valid_rmse=0.476859 q_change=22 q_delta=0.263460 q_grad=0.001502
epoch=30 loss_total=0.712043 loss_rec=0.562421 valid_auc=0.688538 valid_rmse=0.478185 q_change=22 q_delta=0.267999 q_grad=0.001569
epoch=31 loss_total=0.706612 loss_rec=0.556608 valid_auc=0.687935 valid_rmse=0.478384 q_change=22 q_delta=0.272067 q_grad=0.001573
epoch=32 loss_total=0.705890 loss_rec=0.555474 valid_auc=0.691987 valid_rmse=0.476973 q_change=23 q_delta=0.276500 q_grad=0.001610
epoch=33 loss_total=0.699772 loss_rec=0.548932 valid_auc=0.689687 valid_rmse=0.476775 q_change=21 q_delta=0.281118 q_grad=0.001648
epoch=34 loss_total=0.699524 loss_rec=0.548327 valid_auc=0.689129 valid_rmse=0.476847 q_change=21 q_delta=0.284871 q_grad=0.001632
epoch=35 loss_total=0.699176 loss_rec=0.547622 valid_auc=0.691362 valid_rmse=0.475802 q_change=20 q_delta=0.288725 q_grad=0.001661
epoch=36 loss_total=0.691262 loss_rec=0.539302 valid_auc=0.692132 valid_rmse=0.476578 q_change=19 q_delta=0.292049 q_grad=0.001704
epoch=37 loss_total=0.687274 loss_rec=0.534940 valid_auc=0.690603 valid_rmse=0.479204 q_change=19 q_delta=0.295580 q_grad=0.001702
epoch=38 loss_total=0.681081 loss_rec=0.528442 valid_auc=0.691049 valid_rmse=0.479709 q_change=19 q_delta=0.298864 q_grad=0.001749
epoch=39 loss_total=0.681213 loss_rec=0.528271 valid_auc=0.690826 valid_rmse=0.478653 q_change=19 q_delta=0.301918 q_grad=0.001737
epoch=40 loss_total=0.677946 loss_rec=0.524711 valid_auc=0.690625 valid_rmse=0.479681 q_change=18 q_delta=0.304933 q_grad=0.001751
epoch=41 loss_total=0.671878 loss_rec=0.518390 valid_auc=0.690636 valid_rmse=0.482058 q_change=18 q_delta=0.307777 q_grad=0.001732
epoch=42 loss_total=0.675477 loss_rec=0.521736 valid_auc=0.690000 valid_rmse=0.480202 q_change=18 q_delta=0.310529 q_grad=0.001855
epoch=43 loss_total=0.669086 loss_rec=0.515127 valid_auc=0.691864 valid_rmse=0.480988 q_change=18 q_delta=0.313279 q_grad=0.001800
epoch=44 loss_total=0.667024 loss_rec=0.512839 valid_auc=0.692355 valid_rmse=0.479981 q_change=18 q_delta=0.315713 q_grad=0.001794
epoch=45 loss_total=0.663681 loss_rec=0.509303 valid_auc=0.690681 valid_rmse=0.484306 q_change=18 q_delta=0.317936 q_grad=0.001790
epoch=46 loss_total=0.662907 loss_rec=0.508307 valid_auc=0.695368 valid_rmse=0.479440 q_change=19 q_delta=0.320647 q_grad=0.001813
epoch=47 loss_total=0.661293 loss_rec=0.506505 valid_auc=0.692545 valid_rmse=0.482373 q_change=20 q_delta=0.323029 q_grad=0.001778
epoch=48 loss_total=0.660097 loss_rec=0.505143 valid_auc=0.692656 valid_rmse=0.480883 q_change=19 q_delta=0.325177 q_grad=0.001828
epoch=49 loss_total=0.654067 loss_rec=0.498941 valid_auc=0.693605 valid_rmse=0.479930 q_change=19 q_delta=0.327091 q_grad=0.001802
epoch=50 loss_total=0.650685 loss_rec=0.495409 valid_auc=0.693270 valid_rmse=0.483708 q_change=19 q_delta=0.329251 q_grad=0.001790
epoch=51 loss_total=0.651138 loss_rec=0.495717 valid_auc=0.693962 valid_rmse=0.483540 q_change=19 q_delta=0.330940 q_grad=0.001846
epoch=52 loss_total=0.651842 loss_rec=0.496280 valid_auc=0.692656 valid_rmse=0.482410 q_change=19 q_delta=0.333041 q_grad=0.001842
epoch=53 loss_total=0.653390 loss_rec=0.497685 valid_auc=0.692500 valid_rmse=0.482234 q_change=19 q_delta=0.334744 q_grad=0.001828
epoch=54 loss_total=0.647207 loss_rec=0.491354 valid_auc=0.691038 valid_rmse=0.483351 q_change=19 q_delta=0.336394 q_grad=0.001858
epoch=55 loss_total=0.642615 loss_rec=0.486645 valid_auc=0.697946 valid_rmse=0.479592 q_change=19 q_delta=0.337841 q_grad=0.001825
epoch=56 loss_total=0.641259 loss_rec=0.485179 valid_auc=0.694219 valid_rmse=0.482867 q_change=20 q_delta=0.339532 q_grad=0.001787
epoch=57 loss_total=0.642521 loss_rec=0.486280 valid_auc=0.692879 valid_rmse=0.484309 q_change=20 q_delta=0.341207 q_grad=0.001923
epoch=58 loss_total=0.636560 loss_rec=0.480198 valid_auc=0.693482 valid_rmse=0.484050 q_change=20 q_delta=0.342675 q_grad=0.001857
epoch=59 loss_total=0.633449 loss_rec=0.476994 valid_auc=0.696574 valid_rmse=0.481859 q_change=20 q_delta=0.344039 q_grad=0.001811
epoch=60 loss_total=0.637392 loss_rec=0.480829 valid_auc=0.696116 valid_rmse=0.483340 q_change=20 q_delta=0.345359 q_grad=0.001865
epoch=61 loss_total=0.634413 loss_rec=0.477755 valid_auc=0.694844 valid_rmse=0.481850 q_change=20 q_delta=0.346584 q_grad=0.001889
epoch=62 loss_total=0.630814 loss_rec=0.474060 valid_auc=0.696931 valid_rmse=0.482227 q_change=20 q_delta=0.347892 q_grad=0.001803
epoch=63 loss_total=0.630367 loss_rec=0.473506 valid_auc=0.695469 valid_rmse=0.483503 q_change=20 q_delta=0.349025 q_grad=0.001900
epoch=64 loss_total=0.631729 loss_rec=0.474773 valid_auc=0.696964 valid_rmse=0.484830 q_change=20 q_delta=0.350082 q_grad=0.001884
epoch=65 loss_total=0.629335 loss_rec=0.472295 valid_auc=0.695547 valid_rmse=0.483438 q_change=20 q_delta=0.351380 q_grad=0.001804
epoch=66 loss_total=0.628093 loss_rec=0.470996 valid_auc=0.695201 valid_rmse=0.483765 q_change=20 q_delta=0.352293 q_grad=0.001906
epoch=67 loss_total=0.628001 loss_rec=0.470815 valid_auc=0.694431 valid_rmse=0.484520 q_change=20 q_delta=0.353315 q_grad=0.001879
epoch=68 loss_total=0.621766 loss_rec=0.464502 valid_auc=0.696942 valid_rmse=0.484734 q_change=20 q_delta=0.354257 q_grad=0.001886
epoch=69 loss_total=0.619707 loss_rec=0.462371 valid_auc=0.696094 valid_rmse=0.489598 q_change=20 q_delta=0.355188 q_grad=0.001873
epoch=70 loss_total=0.617156 loss_rec=0.459724 valid_auc=0.695815 valid_rmse=0.484151 q_change=20 q_delta=0.356236 q_grad=0.001914
epoch=71 loss_total=0.616882 loss_rec=0.459423 valid_auc=0.699051 valid_rmse=0.482913 q_change=20 q_delta=0.356947 q_grad=0.001861
epoch=72 loss_total=0.618513 loss_rec=0.461000 valid_auc=0.696652 valid_rmse=0.484970 q_change=20 q_delta=0.357843 q_grad=0.001903
epoch=73 loss_total=0.614013 loss_rec=0.456420 valid_auc=0.694475 valid_rmse=0.487012 q_change=20 q_delta=0.358760 q_grad=0.001934
epoch=74 loss_total=0.617807 loss_rec=0.460178 valid_auc=0.695368 valid_rmse=0.485692 q_change=20 q_delta=0.359377 q_grad=0.001875
epoch=75 loss_total=0.615828 loss_rec=0.458141 valid_auc=0.693527 valid_rmse=0.490491 q_change=20 q_delta=0.360041 q_grad=0.001943
epoch=76 loss_total=0.614789 loss_rec=0.457061 valid_auc=0.695458 valid_rmse=0.484223 q_change=20 q_delta=0.361015 q_grad=0.001891
epoch=77 loss_total=0.606839 loss_rec=0.449066 valid_auc=0.697065 valid_rmse=0.485566 q_change=20 q_delta=0.361755 q_grad=0.001862
epoch=78 loss_total=0.607889 loss_rec=0.450076 valid_auc=0.696920 valid_rmse=0.488135 q_change=20 q_delta=0.362394 q_grad=0.001997
epoch=79 loss_total=0.605501 loss_rec=0.447651 valid_auc=0.694129 valid_rmse=0.486271 q_change=20 q_delta=0.363084 q_grad=0.001966
epoch=80 loss_total=0.605221 loss_rec=0.447348 valid_auc=0.697132 valid_rmse=0.487029 q_change=21 q_delta=0.363765 q_grad=0.001943
epoch=81 loss_total=0.605022 loss_rec=0.447115 valid_auc=0.696172 valid_rmse=0.488111 q_change=21 q_delta=0.364452 q_grad=0.001993
epoch=82 loss_total=0.600961 loss_rec=0.443025 valid_auc=0.694754 valid_rmse=0.488129 q_change=21 q_delta=0.365080 q_grad=0.001974
epoch=83 loss_total=0.607249 loss_rec=0.449302 valid_auc=0.696462 valid_rmse=0.487812 q_change=21 q_delta=0.365787 q_grad=0.001967
epoch=84 loss_total=0.606605 loss_rec=0.448635 valid_auc=0.695904 valid_rmse=0.485657 q_change=22 q_delta=0.366461 q_grad=0.001939
epoch=85 loss_total=0.600860 loss_rec=0.442854 valid_auc=0.696920 valid_rmse=0.488516 q_change=22 q_delta=0.367139 q_grad=0.001999
epoch=86 loss_total=0.601473 loss_rec=0.443421 valid_auc=0.694141 valid_rmse=0.487576 q_change=23 q_delta=0.367998 q_grad=0.002046
epoch=87 loss_total=0.599262 loss_rec=0.441186 valid_auc=0.694900 valid_rmse=0.486756 q_change=23 q_delta=0.368548 q_grad=0.001999
epoch=88 loss_total=0.594587 loss_rec=0.436476 valid_auc=0.697388 valid_rmse=0.486935 q_change=23 q_delta=0.369155 q_grad=0.002013
epoch=89 loss_total=0.596050 loss_rec=0.437931 valid_auc=0.696741 valid_rmse=0.491034 q_change=24 q_delta=0.369665 q_grad=0.001960
epoch=90 loss_total=0.602617 loss_rec=0.444470 valid_auc=0.692366 valid_rmse=0.487320 q_change=24 q_delta=0.370286 q_grad=0.001982
epoch=91 loss_total=0.595259 loss_rec=0.437083 valid_auc=0.693906 valid_rmse=0.488260 q_change=24 q_delta=0.370708 q_grad=0.001963
Early stopping at epoch 91; best_epoch=71.
Saved run to C:\Users\YAN_SHU_YU\Desktop\Generative-CD\Q_GNCDM\results\weak_q_lambda_sweep\lq_0p7_ls_0p2_lb_0p3\seed_2026\noise_0.20\weak-q_lq_0p7_ls_0p2_lb_0p3
Final metrics: q_hat_f1=0.752688 response_auc=0.684387 mastery_pearson=0.560186
