run=weak-q_lq_0p05_ls_0p05_lb_0p6 mode=weak-q noise=0.20 train=4200 valid=600 test=1200
epoch=1 loss_total=0.893557 loss_rec=0.725361 valid_auc=0.593594 valid_rmse=0.499522 q_change=0 q_delta=0.067306 q_grad=0.000128
epoch=2 loss_total=0.859922 loss_rec=0.703855 valid_auc=0.608583 valid_rmse=0.498232 q_change=1 q_delta=0.139731 q_grad=0.000194
epoch=3 loss_total=0.833130 loss_rec=0.693890 valid_auc=0.633705 valid_rmse=0.495151 q_change=2 q_delta=0.203718 q_grad=0.000249
epoch=4 loss_total=0.797721 loss_rec=0.676373 valid_auc=0.652567 valid_rmse=0.488575 q_change=5 q_delta=0.252643 q_grad=0.000302
epoch=5 loss_total=0.757420 loss_rec=0.650639 valid_auc=0.668761 valid_rmse=0.479239 q_change=5 q_delta=0.284312 q_grad=0.000415
epoch=6 loss_total=0.711363 loss_rec=0.615412 valid_auc=0.682121 valid_rmse=0.473428 q_change=7 q_delta=0.307367 q_grad=0.000582
epoch=7 loss_total=0.677554 loss_rec=0.589895 valid_auc=0.690893 valid_rmse=0.472608 q_change=8 q_delta=0.324489 q_grad=0.000659
epoch=8 loss_total=0.657622 loss_rec=0.576896 valid_auc=0.690379 valid_rmse=0.474051 q_change=8 q_delta=0.338103 q_grad=0.000730
epoch=9 loss_total=0.639369 loss_rec=0.564055 valid_auc=0.691518 valid_rmse=0.475395 q_change=8 q_delta=0.348335 q_grad=0.000755
epoch=10 loss_total=0.632512 loss_rec=0.561824 valid_auc=0.692746 valid_rmse=0.476822 q_change=8 q_delta=0.356589 q_grad=0.000743
epoch=11 loss_total=0.620336 loss_rec=0.553301 valid_auc=0.693069 valid_rmse=0.476543 q_change=8 q_delta=0.363338 q_grad=0.000762
epoch=12 loss_total=0.602003 loss_rec=0.538005 valid_auc=0.692076 valid_rmse=0.479336 q_change=8 q_delta=0.368627 q_grad=0.000752
epoch=13 loss_total=0.595732 loss_rec=0.534442 valid_auc=0.693828 valid_rmse=0.479050 q_change=8 q_delta=0.373459 q_grad=0.000764
epoch=14 loss_total=0.589256 loss_rec=0.530244 valid_auc=0.693906 valid_rmse=0.480035 q_change=7 q_delta=0.377112 q_grad=0.000723
epoch=15 loss_total=0.579536 loss_rec=0.522452 valid_auc=0.697467 valid_rmse=0.480968 q_change=6 q_delta=0.380599 q_grad=0.000717
epoch=16 loss_total=0.578000 loss_rec=0.522628 valid_auc=0.696384 valid_rmse=0.480814 q_change=6 q_delta=0.383533 q_grad=0.000753
epoch=17 loss_total=0.569132 loss_rec=0.515198 valid_auc=0.692924 valid_rmse=0.482576 q_change=6 q_delta=0.386151 q_grad=0.000707
epoch=18 loss_total=0.562127 loss_rec=0.509567 valid_auc=0.693214 valid_rmse=0.482373 q_change=6 q_delta=0.388545 q_grad=0.000713
epoch=19 loss_total=0.558388 loss_rec=0.506965 valid_auc=0.694520 valid_rmse=0.482059 q_change=6 q_delta=0.390517 q_grad=0.000696
epoch=20 loss_total=0.553090 loss_rec=0.502694 valid_auc=0.696194 valid_rmse=0.481565 q_change=5 q_delta=0.392288 q_grad=0.000711
epoch=21 loss_total=0.545939 loss_rec=0.496529 valid_auc=0.696518 valid_rmse=0.482700 q_change=5 q_delta=0.393931 q_grad=0.000666
epoch=22 loss_total=0.544641 loss_rec=0.496149 valid_auc=0.697980 valid_rmse=0.481513 q_change=5 q_delta=0.395411 q_grad=0.000671
epoch=23 loss_total=0.538899 loss_rec=0.491181 valid_auc=0.692824 valid_rmse=0.484365 q_change=5 q_delta=0.396829 q_grad=0.000659
epoch=24 loss_total=0.530837 loss_rec=0.483891 valid_auc=0.695714 valid_rmse=0.484605 q_change=5 q_delta=0.398030 q_grad=0.000645
epoch=25 loss_total=0.529672 loss_rec=0.483409 valid_auc=0.697031 valid_rmse=0.484019 q_change=6 q_delta=0.399165 q_grad=0.000668
epoch=26 loss_total=0.528175 loss_rec=0.482508 valid_auc=0.695603 valid_rmse=0.484570 q_change=6 q_delta=0.400399 q_grad=0.000634
epoch=27 loss_total=0.524731 loss_rec=0.479649 valid_auc=0.694408 valid_rmse=0.485679 q_change=5 q_delta=0.401236 q_grad=0.000626
epoch=28 loss_total=0.526508 loss_rec=0.481962 valid_auc=0.695045 valid_rmse=0.485748 q_change=5 q_delta=0.402272 q_grad=0.000626
epoch=29 loss_total=0.523411 loss_rec=0.479441 valid_auc=0.696071 valid_rmse=0.484826 q_change=6 q_delta=0.403403 q_grad=0.000618
epoch=30 loss_total=0.519919 loss_rec=0.476492 valid_auc=0.697199 valid_rmse=0.485333 q_change=6 q_delta=0.404452 q_grad=0.000623
epoch=31 loss_total=0.515206 loss_rec=0.472212 valid_auc=0.696853 valid_rmse=0.485136 q_change=7 q_delta=0.405447 q_grad=0.000605
epoch=32 loss_total=0.513984 loss_rec=0.471509 valid_auc=0.699308 valid_rmse=0.484207 q_change=7 q_delta=0.406387 q_grad=0.000598
epoch=33 loss_total=0.511828 loss_rec=0.469773 valid_auc=0.696786 valid_rmse=0.485803 q_change=6 q_delta=0.407301 q_grad=0.000577
epoch=34 loss_total=0.513657 loss_rec=0.472056 valid_auc=0.697600 valid_rmse=0.484082 q_change=6 q_delta=0.408012 q_grad=0.000581
epoch=35 loss_total=0.514065 loss_rec=0.472903 valid_auc=0.699085 valid_rmse=0.482982 q_change=6 q_delta=0.408748 q_grad=0.000582
epoch=36 loss_total=0.507028 loss_rec=0.466274 valid_auc=0.698795 valid_rmse=0.483168 q_change=6 q_delta=0.409177 q_grad=0.000586
epoch=37 loss_total=0.504279 loss_rec=0.463923 valid_auc=0.698292 valid_rmse=0.483732 q_change=6 q_delta=0.410034 q_grad=0.000558
epoch=38 loss_total=0.498691 loss_rec=0.458757 valid_auc=0.699308 valid_rmse=0.484059 q_change=7 q_delta=0.410987 q_grad=0.000564
epoch=39 loss_total=0.501885 loss_rec=0.462368 valid_auc=0.701116 valid_rmse=0.482257 q_change=7 q_delta=0.411806 q_grad=0.000559
epoch=40 loss_total=0.499110 loss_rec=0.460029 valid_auc=0.700089 valid_rmse=0.483312 q_change=7 q_delta=0.412839 q_grad=0.000548
epoch=41 loss_total=0.495375 loss_rec=0.456717 valid_auc=0.700145 valid_rmse=0.485083 q_change=7 q_delta=0.413986 q_grad=0.000544
epoch=42 loss_total=0.497464 loss_rec=0.459193 valid_auc=0.699576 valid_rmse=0.483583 q_change=8 q_delta=0.415011 q_grad=0.000559
epoch=43 loss_total=0.494745 loss_rec=0.456861 valid_auc=0.701194 valid_rmse=0.484595 q_change=8 q_delta=0.415972 q_grad=0.000551
epoch=44 loss_total=0.489389 loss_rec=0.451878 valid_auc=0.701786 valid_rmse=0.482272 q_change=8 q_delta=0.416811 q_grad=0.000537
epoch=45 loss_total=0.486944 loss_rec=0.449796 valid_auc=0.699688 valid_rmse=0.485760 q_change=8 q_delta=0.417641 q_grad=0.000517
epoch=46 loss_total=0.486622 loss_rec=0.449829 valid_auc=0.703136 valid_rmse=0.483791 q_change=8 q_delta=0.418615 q_grad=0.000527
epoch=47 loss_total=0.483566 loss_rec=0.447166 valid_auc=0.701060 valid_rmse=0.484286 q_change=8 q_delta=0.419412 q_grad=0.000507
epoch=48 loss_total=0.487526 loss_rec=0.451429 valid_auc=0.702087 valid_rmse=0.483617 q_change=8 q_delta=0.420045 q_grad=0.000515
epoch=49 loss_total=0.483064 loss_rec=0.447262 valid_auc=0.702578 valid_rmse=0.482139 q_change=9 q_delta=0.420718 q_grad=0.000488
epoch=50 loss_total=0.479957 loss_rec=0.444466 valid_auc=0.701395 valid_rmse=0.485493 q_change=9 q_delta=0.421369 q_grad=0.000479
epoch=51 loss_total=0.481936 loss_rec=0.446752 valid_auc=0.703382 valid_rmse=0.483793 q_change=9 q_delta=0.421956 q_grad=0.000499
epoch=52 loss_total=0.481537 loss_rec=0.446612 valid_auc=0.701786 valid_rmse=0.484723 q_change=9 q_delta=0.422616 q_grad=0.000499
epoch=53 loss_total=0.485772 loss_rec=0.451120 valid_auc=0.702489 valid_rmse=0.483460 q_change=9 q_delta=0.423158 q_grad=0.000475
epoch=54 loss_total=0.481558 loss_rec=0.447199 valid_auc=0.700871 valid_rmse=0.484516 q_change=9 q_delta=0.423662 q_grad=0.000482
epoch=55 loss_total=0.478705 loss_rec=0.444578 valid_auc=0.705402 valid_rmse=0.480840 q_change=9 q_delta=0.424139 q_grad=0.000441
epoch=56 loss_total=0.475096 loss_rec=0.441211 valid_auc=0.702868 valid_rmse=0.484102 q_change=9 q_delta=0.424625 q_grad=0.000433
epoch=57 loss_total=0.477549 loss_rec=0.443878 valid_auc=0.702031 valid_rmse=0.483683 q_change=9 q_delta=0.425043 q_grad=0.000482
epoch=58 loss_total=0.472179 loss_rec=0.438726 valid_auc=0.702667 valid_rmse=0.483384 q_change=9 q_delta=0.425507 q_grad=0.000453
epoch=59 loss_total=0.469654 loss_rec=0.436384 valid_auc=0.704777 valid_rmse=0.482035 q_change=9 q_delta=0.426032 q_grad=0.000435
epoch=60 loss_total=0.477233 loss_rec=0.444177 valid_auc=0.703058 valid_rmse=0.483782 q_change=9 q_delta=0.426377 q_grad=0.000437
epoch=61 loss_total=0.473182 loss_rec=0.440301 valid_auc=0.700502 valid_rmse=0.483373 q_change=9 q_delta=0.426793 q_grad=0.000448
epoch=62 loss_total=0.470285 loss_rec=0.437615 valid_auc=0.704163 valid_rmse=0.483334 q_change=9 q_delta=0.427182 q_grad=0.000408
epoch=63 loss_total=0.471115 loss_rec=0.438596 valid_auc=0.701585 valid_rmse=0.484687 q_change=9 q_delta=0.427448 q_grad=0.000436
epoch=64 loss_total=0.471078 loss_rec=0.438724 valid_auc=0.704699 valid_rmse=0.483301 q_change=9 q_delta=0.427849 q_grad=0.000434
epoch=65 loss_total=0.472691 loss_rec=0.440530 valid_auc=0.702165 valid_rmse=0.485035 q_change=10 q_delta=0.428229 q_grad=0.000404
epoch=66 loss_total=0.471603 loss_rec=0.439610 valid_auc=0.701797 valid_rmse=0.484730 q_change=10 q_delta=0.428624 q_grad=0.000428
epoch=67 loss_total=0.470980 loss_rec=0.439134 valid_auc=0.703248 valid_rmse=0.483935 q_change=10 q_delta=0.428881 q_grad=0.000413
epoch=68 loss_total=0.468381 loss_rec=0.436657 valid_auc=0.702712 valid_rmse=0.484103 q_change=10 q_delta=0.429089 q_grad=0.000413
epoch=69 loss_total=0.468375 loss_rec=0.436779 valid_auc=0.703214 valid_rmse=0.486222 q_change=10 q_delta=0.429383 q_grad=0.000391
epoch=70 loss_total=0.464310 loss_rec=0.432856 valid_auc=0.702076 valid_rmse=0.483913 q_change=10 q_delta=0.429725 q_grad=0.000409
epoch=71 loss_total=0.463132 loss_rec=0.431835 valid_auc=0.704531 valid_rmse=0.483234 q_change=10 q_delta=0.430019 q_grad=0.000374
epoch=72 loss_total=0.469559 loss_rec=0.438372 valid_auc=0.702868 valid_rmse=0.484682 q_change=10 q_delta=0.430219 q_grad=0.000398
epoch=73 loss_total=0.462743 loss_rec=0.431698 valid_auc=0.700915 valid_rmse=0.486204 q_change=10 q_delta=0.430500 q_grad=0.000397
epoch=74 loss_total=0.469050 loss_rec=0.438106 valid_auc=0.702087 valid_rmse=0.484866 q_change=10 q_delta=0.430730 q_grad=0.000377
epoch=75 loss_total=0.467562 loss_rec=0.436750 valid_auc=0.701585 valid_rmse=0.486607 q_change=10 q_delta=0.430963 q_grad=0.000396
Early stopping at epoch 75; best_epoch=55.
Saved run to C:\Users\YAN_SHU_YU\Desktop\Generative-CD\Q_GNCDM\results\weak_q_lambda_sweep\lq_0p05_ls_0p05_lb_0p6\seed_2026\noise_0.20\weak-q_lq_0p05_ls_0p05_lb_0p6
Final metrics: q_hat_f1=0.865385 response_auc=0.682357 mastery_pearson=0.585402
