run=weak-q_lq_0p9_ls_0p1_lb_0p5 mode=weak-q noise=0.20 train=4200 valid=600 test=1200
epoch=1 loss_total=0.892933 loss_rec=0.725491 valid_auc=0.593058 valid_rmse=0.499598 q_change=3 q_delta=0.057528 q_grad=0.000109
epoch=2 loss_total=0.867532 loss_rec=0.704072 valid_auc=0.609408 valid_rmse=0.498307 q_change=10 q_delta=0.083572 q_grad=0.000109
epoch=3 loss_total=0.856589 loss_rec=0.694078 valid_auc=0.631496 valid_rmse=0.495186 q_change=13 q_delta=0.095684 q_grad=0.000150
epoch=4 loss_total=0.839816 loss_rec=0.677118 valid_auc=0.653315 valid_rmse=0.488221 q_change=13 q_delta=0.102314 q_grad=0.000237
epoch=5 loss_total=0.818232 loss_rec=0.654352 valid_auc=0.664554 valid_rmse=0.480049 q_change=16 q_delta=0.108063 q_grad=0.000445
epoch=6 loss_total=0.795009 loss_rec=0.630088 valid_auc=0.671786 valid_rmse=0.476909 q_change=16 q_delta=0.116008 q_grad=0.000705
epoch=7 loss_total=0.783535 loss_rec=0.618688 valid_auc=0.676484 valid_rmse=0.476858 q_change=13 q_delta=0.121496 q_grad=0.000806
epoch=8 loss_total=0.780633 loss_rec=0.615869 valid_auc=0.674375 valid_rmse=0.477731 q_change=13 q_delta=0.127350 q_grad=0.000896
epoch=9 loss_total=0.776464 loss_rec=0.611833 valid_auc=0.677411 valid_rmse=0.476009 q_change=13 q_delta=0.133098 q_grad=0.000924
epoch=10 loss_total=0.781189 loss_rec=0.616687 valid_auc=0.676629 valid_rmse=0.477411 q_change=13 q_delta=0.138620 q_grad=0.000907
epoch=11 loss_total=0.780399 loss_rec=0.615849 valid_auc=0.676473 valid_rmse=0.476121 q_change=14 q_delta=0.143725 q_grad=0.000962
epoch=12 loss_total=0.773385 loss_rec=0.608858 valid_auc=0.676194 valid_rmse=0.477675 q_change=13 q_delta=0.148227 q_grad=0.000978
epoch=13 loss_total=0.770705 loss_rec=0.606215 valid_auc=0.676384 valid_rmse=0.476302 q_change=14 q_delta=0.154208 q_grad=0.000945
epoch=14 loss_total=0.772276 loss_rec=0.607684 valid_auc=0.675692 valid_rmse=0.478361 q_change=13 q_delta=0.159190 q_grad=0.000991
epoch=15 loss_total=0.769099 loss_rec=0.604328 valid_auc=0.677176 valid_rmse=0.476851 q_change=12 q_delta=0.164415 q_grad=0.000993
epoch=16 loss_total=0.772148 loss_rec=0.607181 valid_auc=0.678036 valid_rmse=0.476889 q_change=13 q_delta=0.169368 q_grad=0.001074
epoch=17 loss_total=0.767564 loss_rec=0.602518 valid_auc=0.677355 valid_rmse=0.476821 q_change=13 q_delta=0.174002 q_grad=0.001011
epoch=18 loss_total=0.764004 loss_rec=0.598788 valid_auc=0.677400 valid_rmse=0.477452 q_change=12 q_delta=0.178444 q_grad=0.001034
epoch=19 loss_total=0.763511 loss_rec=0.598101 valid_auc=0.678147 valid_rmse=0.477681 q_change=11 q_delta=0.183216 q_grad=0.001072
epoch=20 loss_total=0.762286 loss_rec=0.596653 valid_auc=0.680134 valid_rmse=0.476443 q_change=10 q_delta=0.188068 q_grad=0.001118
epoch=21 loss_total=0.758203 loss_rec=0.592266 valid_auc=0.680993 valid_rmse=0.476908 q_change=10 q_delta=0.192856 q_grad=0.001071
epoch=22 loss_total=0.756489 loss_rec=0.590290 valid_auc=0.679989 valid_rmse=0.477247 q_change=11 q_delta=0.197492 q_grad=0.001149
epoch=23 loss_total=0.755196 loss_rec=0.588664 valid_auc=0.679397 valid_rmse=0.477137 q_change=9 q_delta=0.202090 q_grad=0.001119
epoch=24 loss_total=0.750511 loss_rec=0.583683 valid_auc=0.679754 valid_rmse=0.477575 q_change=9 q_delta=0.207145 q_grad=0.001148
epoch=25 loss_total=0.749595 loss_rec=0.582385 valid_auc=0.680357 valid_rmse=0.477737 q_change=9 q_delta=0.212271 q_grad=0.001212
epoch=26 loss_total=0.746677 loss_rec=0.579086 valid_auc=0.682020 valid_rmse=0.477983 q_change=9 q_delta=0.216930 q_grad=0.001185
epoch=27 loss_total=0.744967 loss_rec=0.577003 valid_auc=0.681998 valid_rmse=0.478829 q_change=9 q_delta=0.221752 q_grad=0.001202
epoch=28 loss_total=0.747922 loss_rec=0.579538 valid_auc=0.681808 valid_rmse=0.478384 q_change=9 q_delta=0.226886 q_grad=0.001263
epoch=29 loss_total=0.740707 loss_rec=0.571909 valid_auc=0.684520 valid_rmse=0.477373 q_change=9 q_delta=0.231643 q_grad=0.001251
epoch=30 loss_total=0.738122 loss_rec=0.568852 valid_auc=0.686451 valid_rmse=0.478853 q_change=9 q_delta=0.236641 q_grad=0.001296
epoch=31 loss_total=0.734164 loss_rec=0.564467 valid_auc=0.684978 valid_rmse=0.478544 q_change=9 q_delta=0.241445 q_grad=0.001288
epoch=32 loss_total=0.733802 loss_rec=0.563604 valid_auc=0.688348 valid_rmse=0.477330 q_change=10 q_delta=0.246846 q_grad=0.001318
epoch=33 loss_total=0.730340 loss_rec=0.559656 valid_auc=0.686462 valid_rmse=0.476904 q_change=10 q_delta=0.252146 q_grad=0.001348
epoch=34 loss_total=0.730259 loss_rec=0.559100 valid_auc=0.685837 valid_rmse=0.477095 q_change=10 q_delta=0.256851 q_grad=0.001320
epoch=35 loss_total=0.730370 loss_rec=0.558763 valid_auc=0.687411 valid_rmse=0.476063 q_change=11 q_delta=0.261466 q_grad=0.001338
epoch=36 loss_total=0.722996 loss_rec=0.550845 valid_auc=0.689330 valid_rmse=0.476922 q_change=11 q_delta=0.265934 q_grad=0.001376
epoch=37 loss_total=0.719760 loss_rec=0.547097 valid_auc=0.688839 valid_rmse=0.478371 q_change=11 q_delta=0.270332 q_grad=0.001369
epoch=38 loss_total=0.714586 loss_rec=0.541443 valid_auc=0.688415 valid_rmse=0.479210 q_change=11 q_delta=0.274888 q_grad=0.001412
epoch=39 loss_total=0.714249 loss_rec=0.540622 valid_auc=0.688147 valid_rmse=0.478317 q_change=11 q_delta=0.279282 q_grad=0.001416
epoch=40 loss_total=0.711598 loss_rec=0.537469 valid_auc=0.688125 valid_rmse=0.479112 q_change=11 q_delta=0.283274 q_grad=0.001414
epoch=41 loss_total=0.706162 loss_rec=0.531569 valid_auc=0.689018 valid_rmse=0.480530 q_change=10 q_delta=0.287168 q_grad=0.001410
epoch=42 loss_total=0.708612 loss_rec=0.533533 valid_auc=0.688437 valid_rmse=0.479344 q_change=10 q_delta=0.291116 q_grad=0.001513
epoch=43 loss_total=0.703150 loss_rec=0.527614 valid_auc=0.689464 valid_rmse=0.480228 q_change=11 q_delta=0.294751 q_grad=0.001465
epoch=44 loss_total=0.700220 loss_rec=0.524234 valid_auc=0.690145 valid_rmse=0.479379 q_change=10 q_delta=0.298202 q_grad=0.001462
epoch=45 loss_total=0.696403 loss_rec=0.519992 valid_auc=0.689453 valid_rmse=0.483397 q_change=10 q_delta=0.301408 q_grad=0.001469
epoch=46 loss_total=0.696271 loss_rec=0.519440 valid_auc=0.693237 valid_rmse=0.478945 q_change=11 q_delta=0.304746 q_grad=0.001483
epoch=47 loss_total=0.694338 loss_rec=0.517085 valid_auc=0.691384 valid_rmse=0.481480 q_change=11 q_delta=0.308038 q_grad=0.001461
epoch=48 loss_total=0.692051 loss_rec=0.514427 valid_auc=0.691529 valid_rmse=0.480470 q_change=10 q_delta=0.311034 q_grad=0.001495
epoch=49 loss_total=0.688004 loss_rec=0.509990 valid_auc=0.692868 valid_rmse=0.479078 q_change=13 q_delta=0.313945 q_grad=0.001470
epoch=50 loss_total=0.685196 loss_rec=0.506839 valid_auc=0.692243 valid_rmse=0.482522 q_change=14 q_delta=0.316875 q_grad=0.001455
epoch=51 loss_total=0.684035 loss_rec=0.505325 valid_auc=0.693996 valid_rmse=0.482384 q_change=14 q_delta=0.319266 q_grad=0.001508
epoch=52 loss_total=0.684852 loss_rec=0.505816 valid_auc=0.691562 valid_rmse=0.481813 q_change=14 q_delta=0.321826 q_grad=0.001505
epoch=53 loss_total=0.685685 loss_rec=0.506347 valid_auc=0.691295 valid_rmse=0.481472 q_change=14 q_delta=0.324028 q_grad=0.001483
epoch=54 loss_total=0.680119 loss_rec=0.500480 valid_auc=0.690949 valid_rmse=0.482608 q_change=14 q_delta=0.326171 q_grad=0.001514
epoch=55 loss_total=0.674780 loss_rec=0.494864 valid_auc=0.697065 valid_rmse=0.479430 q_change=15 q_delta=0.328149 q_grad=0.001489
epoch=56 loss_total=0.673476 loss_rec=0.493305 valid_auc=0.693873 valid_rmse=0.482450 q_change=15 q_delta=0.330090 q_grad=0.001441
epoch=57 loss_total=0.674616 loss_rec=0.494152 valid_auc=0.693170 valid_rmse=0.483043 q_change=15 q_delta=0.332245 q_grad=0.001566
epoch=58 loss_total=0.669079 loss_rec=0.488356 valid_auc=0.694308 valid_rmse=0.482518 q_change=15 q_delta=0.334147 q_grad=0.001509
epoch=59 loss_total=0.666002 loss_rec=0.485026 valid_auc=0.696172 valid_rmse=0.480971 q_change=15 q_delta=0.335845 q_grad=0.001472
epoch=60 loss_total=0.670028 loss_rec=0.488818 valid_auc=0.696250 valid_rmse=0.482521 q_change=15 q_delta=0.337499 q_grad=0.001505
epoch=61 loss_total=0.666901 loss_rec=0.485484 valid_auc=0.694587 valid_rmse=0.481176 q_change=15 q_delta=0.338944 q_grad=0.001531
epoch=62 loss_total=0.663157 loss_rec=0.481502 valid_auc=0.696663 valid_rmse=0.481365 q_change=15 q_delta=0.340647 q_grad=0.001453
epoch=63 loss_total=0.662409 loss_rec=0.480540 valid_auc=0.696127 valid_rmse=0.482668 q_change=15 q_delta=0.342025 q_grad=0.001533
epoch=64 loss_total=0.664741 loss_rec=0.482676 valid_auc=0.697143 valid_rmse=0.483402 q_change=15 q_delta=0.343418 q_grad=0.001523
epoch=65 loss_total=0.662482 loss_rec=0.480211 valid_auc=0.696105 valid_rmse=0.482129 q_change=15 q_delta=0.345062 q_grad=0.001447
epoch=66 loss_total=0.660450 loss_rec=0.478031 valid_auc=0.696596 valid_rmse=0.482180 q_change=15 q_delta=0.346131 q_grad=0.001532
epoch=67 loss_total=0.660340 loss_rec=0.477738 valid_auc=0.695379 valid_rmse=0.483350 q_change=16 q_delta=0.347248 q_grad=0.001510
epoch=68 loss_total=0.655073 loss_rec=0.472300 valid_auc=0.697266 valid_rmse=0.483092 q_change=16 q_delta=0.348307 q_grad=0.001513
epoch=69 loss_total=0.652638 loss_rec=0.469705 valid_auc=0.696987 valid_rmse=0.488037 q_change=16 q_delta=0.349376 q_grad=0.001502
epoch=70 loss_total=0.650644 loss_rec=0.467525 valid_auc=0.696473 valid_rmse=0.482779 q_change=16 q_delta=0.350618 q_grad=0.001532
epoch=71 loss_total=0.650251 loss_rec=0.466979 valid_auc=0.699096 valid_rmse=0.481739 q_change=16 q_delta=0.351609 q_grad=0.001488
epoch=72 loss_total=0.651296 loss_rec=0.467919 valid_auc=0.697388 valid_rmse=0.483763 q_change=16 q_delta=0.352515 q_grad=0.001521
epoch=73 loss_total=0.647661 loss_rec=0.464118 valid_auc=0.695625 valid_rmse=0.485297 q_change=16 q_delta=0.353552 q_grad=0.001538
epoch=74 loss_total=0.650858 loss_rec=0.467195 valid_auc=0.696350 valid_rmse=0.484463 q_change=16 q_delta=0.354259 q_grad=0.001492
epoch=75 loss_total=0.648132 loss_rec=0.464319 valid_auc=0.695056 valid_rmse=0.488750 q_change=16 q_delta=0.354841 q_grad=0.001551
epoch=76 loss_total=0.648701 loss_rec=0.464796 valid_auc=0.696551 valid_rmse=0.483138 q_change=16 q_delta=0.355873 q_grad=0.001520
epoch=77 loss_total=0.641260 loss_rec=0.457228 valid_auc=0.697712 valid_rmse=0.484265 q_change=16 q_delta=0.356578 q_grad=0.001489
epoch=78 loss_total=0.642573 loss_rec=0.458431 valid_auc=0.697879 valid_rmse=0.486173 q_change=16 q_delta=0.357260 q_grad=0.001597
epoch=79 loss_total=0.639310 loss_rec=0.455058 valid_auc=0.696473 valid_rmse=0.484333 q_change=16 q_delta=0.357991 q_grad=0.001564
epoch=80 loss_total=0.639047 loss_rec=0.454697 valid_auc=0.698984 valid_rmse=0.485066 q_change=16 q_delta=0.358574 q_grad=0.001550
epoch=81 loss_total=0.638538 loss_rec=0.454101 valid_auc=0.698225 valid_rmse=0.485817 q_change=16 q_delta=0.359063 q_grad=0.001578
epoch=82 loss_total=0.635496 loss_rec=0.450976 valid_auc=0.696339 valid_rmse=0.486494 q_change=16 q_delta=0.359565 q_grad=0.001559
epoch=83 loss_total=0.641173 loss_rec=0.456575 valid_auc=0.698114 valid_rmse=0.485829 q_change=16 q_delta=0.360158 q_grad=0.001554
epoch=84 loss_total=0.640325 loss_rec=0.455634 valid_auc=0.698839 valid_rmse=0.483880 q_change=16 q_delta=0.360637 q_grad=0.001545
epoch=85 loss_total=0.635496 loss_rec=0.450727 valid_auc=0.698962 valid_rmse=0.486862 q_change=16 q_delta=0.361326 q_grad=0.001581
epoch=86 loss_total=0.635659 loss_rec=0.450771 valid_auc=0.697444 valid_rmse=0.485684 q_change=16 q_delta=0.362071 q_grad=0.001620
epoch=87 loss_total=0.633122 loss_rec=0.448170 valid_auc=0.697199 valid_rmse=0.485363 q_change=16 q_delta=0.362509 q_grad=0.001584
epoch=88 loss_total=0.628763 loss_rec=0.443726 valid_auc=0.699074 valid_rmse=0.484996 q_change=16 q_delta=0.363025 q_grad=0.001602
epoch=89 loss_total=0.628711 loss_rec=0.443618 valid_auc=0.699063 valid_rmse=0.489504 q_change=16 q_delta=0.363382 q_grad=0.001561
epoch=90 loss_total=0.637133 loss_rec=0.451956 valid_auc=0.695112 valid_rmse=0.485670 q_change=17 q_delta=0.364088 q_grad=0.001565
epoch=91 loss_total=0.629163 loss_rec=0.443918 valid_auc=0.696451 valid_rmse=0.486819 q_change=16 q_delta=0.364432 q_grad=0.001555
Early stopping at epoch 91; best_epoch=71.
Saved run to C:\Users\YAN_SHU_YU\Desktop\Generative-CD\Q_GNCDM\results\weak_q_lambda_sweep\lq_0p9_ls_0p1_lb_0p5\seed_2026\noise_0.20\weak-q_lq_0p9_ls_0p1_lb_0p5
Final metrics: q_hat_f1=0.808081 response_auc=0.683272 mastery_pearson=0.567052
