run=weak-q_lq_0p2_ls_0p5_lb_0p2 mode=weak-q noise=0.20 train=4200 valid=600 test=1200
epoch=1 loss_total=0.991963 loss_rec=0.725661 valid_auc=0.587746 valid_rmse=0.499753 q_change=57 q_delta=0.078808 q_grad=0.000508
epoch=2 loss_total=0.934105 loss_rec=0.705924 valid_auc=0.594732 valid_rmse=0.499305 q_change=57 q_delta=0.148490 q_grad=0.000460
epoch=3 loss_total=0.895554 loss_rec=0.699995 valid_auc=0.608683 valid_rmse=0.498514 q_change=57 q_delta=0.206752 q_grad=0.000414
epoch=4 loss_total=0.862444 loss_rec=0.693757 valid_auc=0.628504 valid_rmse=0.497813 q_change=57 q_delta=0.253773 q_grad=0.000366
epoch=5 loss_total=0.841180 loss_rec=0.693510 valid_auc=0.649643 valid_rmse=0.495889 q_change=57 q_delta=0.289940 q_grad=0.000330
epoch=6 loss_total=0.819969 loss_rec=0.688264 valid_auc=0.662868 valid_rmse=0.494466 q_change=57 q_delta=0.316658 q_grad=0.000311
epoch=7 loss_total=0.798731 loss_rec=0.678651 valid_auc=0.661920 valid_rmse=0.490968 q_change=57 q_delta=0.335439 q_grad=0.000329
epoch=8 loss_total=0.780033 loss_rec=0.667631 valid_auc=0.659386 valid_rmse=0.485444 q_change=57 q_delta=0.347173 q_grad=0.000428
epoch=9 loss_total=0.763028 loss_rec=0.655744 valid_auc=0.664408 valid_rmse=0.479667 q_change=57 q_delta=0.356326 q_grad=0.000588
epoch=10 loss_total=0.758604 loss_rec=0.655743 valid_auc=0.665882 valid_rmse=0.479672 q_change=57 q_delta=0.363842 q_grad=0.000693
epoch=11 loss_total=0.752054 loss_rec=0.652515 valid_auc=0.668426 valid_rmse=0.478472 q_change=57 q_delta=0.370188 q_grad=0.000808
epoch=12 loss_total=0.740487 loss_rec=0.643904 valid_auc=0.670536 valid_rmse=0.479284 q_change=57 q_delta=0.375103 q_grad=0.000886
epoch=13 loss_total=0.735677 loss_rec=0.641502 valid_auc=0.671797 valid_rmse=0.476462 q_change=57 q_delta=0.379491 q_grad=0.000920
epoch=14 loss_total=0.733048 loss_rec=0.640698 valid_auc=0.672288 valid_rmse=0.477801 q_change=57 q_delta=0.382453 q_grad=0.001037
epoch=15 loss_total=0.729551 loss_rec=0.638728 valid_auc=0.673192 valid_rmse=0.476042 q_change=57 q_delta=0.385531 q_grad=0.001117
epoch=16 loss_total=0.729205 loss_rec=0.639644 valid_auc=0.676362 valid_rmse=0.475796 q_change=57 q_delta=0.387610 q_grad=0.001248
epoch=17 loss_total=0.726503 loss_rec=0.638059 valid_auc=0.677232 valid_rmse=0.475946 q_change=57 q_delta=0.389495 q_grad=0.001233
epoch=18 loss_total=0.719783 loss_rec=0.632200 valid_auc=0.678996 valid_rmse=0.475226 q_change=57 q_delta=0.391161 q_grad=0.001298
epoch=19 loss_total=0.717907 loss_rec=0.631201 valid_auc=0.679743 valid_rmse=0.475452 q_change=57 q_delta=0.392651 q_grad=0.001410
epoch=20 loss_total=0.716227 loss_rec=0.630145 valid_auc=0.681908 valid_rmse=0.473829 q_change=57 q_delta=0.393951 q_grad=0.001526
epoch=21 loss_total=0.712315 loss_rec=0.626813 valid_auc=0.681886 valid_rmse=0.475158 q_change=57 q_delta=0.394634 q_grad=0.001484
epoch=22 loss_total=0.710608 loss_rec=0.625455 valid_auc=0.683906 valid_rmse=0.473815 q_change=57 q_delta=0.395178 q_grad=0.001633
epoch=23 loss_total=0.707516 loss_rec=0.622666 valid_auc=0.682087 valid_rmse=0.473609 q_change=56 q_delta=0.395896 q_grad=0.001648
epoch=24 loss_total=0.702454 loss_rec=0.617882 valid_auc=0.681261 valid_rmse=0.474078 q_change=56 q_delta=0.396744 q_grad=0.001698
epoch=25 loss_total=0.704570 loss_rec=0.620265 valid_auc=0.682087 valid_rmse=0.474130 q_change=56 q_delta=0.397746 q_grad=0.001858
epoch=26 loss_total=0.701767 loss_rec=0.617679 valid_auc=0.683504 valid_rmse=0.474872 q_change=56 q_delta=0.398671 q_grad=0.001845
epoch=27 loss_total=0.698677 loss_rec=0.614750 valid_auc=0.685469 valid_rmse=0.475125 q_change=56 q_delta=0.399318 q_grad=0.001841
epoch=28 loss_total=0.700911 loss_rec=0.617269 valid_auc=0.683449 valid_rmse=0.474563 q_change=56 q_delta=0.400346 q_grad=0.001934
epoch=29 loss_total=0.695972 loss_rec=0.612622 valid_auc=0.686451 valid_rmse=0.473717 q_change=56 q_delta=0.400995 q_grad=0.001975
epoch=30 loss_total=0.696130 loss_rec=0.612968 valid_auc=0.687522 valid_rmse=0.473915 q_change=56 q_delta=0.401400 q_grad=0.001937
epoch=31 loss_total=0.692731 loss_rec=0.609711 valid_auc=0.688025 valid_rmse=0.473782 q_change=56 q_delta=0.401867 q_grad=0.001974
epoch=32 loss_total=0.694348 loss_rec=0.611527 valid_auc=0.689922 valid_rmse=0.473913 q_change=56 q_delta=0.402223 q_grad=0.002023
epoch=33 loss_total=0.692772 loss_rec=0.610099 valid_auc=0.687623 valid_rmse=0.472541 q_change=56 q_delta=0.402892 q_grad=0.001995
epoch=34 loss_total=0.692093 loss_rec=0.609607 valid_auc=0.687042 valid_rmse=0.472524 q_change=56 q_delta=0.403183 q_grad=0.001990
epoch=35 loss_total=0.692357 loss_rec=0.610044 valid_auc=0.690257 valid_rmse=0.471639 q_change=56 q_delta=0.403475 q_grad=0.001960
epoch=36 loss_total=0.688638 loss_rec=0.606365 valid_auc=0.691886 valid_rmse=0.472248 q_change=55 q_delta=0.403382 q_grad=0.002009
epoch=37 loss_total=0.683113 loss_rec=0.600903 valid_auc=0.692277 valid_rmse=0.472240 q_change=54 q_delta=0.403592 q_grad=0.002008
epoch=38 loss_total=0.682456 loss_rec=0.600404 valid_auc=0.691306 valid_rmse=0.474041 q_change=54 q_delta=0.404163 q_grad=0.002111
epoch=39 loss_total=0.684782 loss_rec=0.602848 valid_auc=0.692757 valid_rmse=0.471064 q_change=54 q_delta=0.404954 q_grad=0.002035
epoch=40 loss_total=0.680283 loss_rec=0.598498 valid_auc=0.692533 valid_rmse=0.471534 q_change=54 q_delta=0.405564 q_grad=0.002076
epoch=41 loss_total=0.676717 loss_rec=0.595102 valid_auc=0.694364 valid_rmse=0.471669 q_change=54 q_delta=0.406208 q_grad=0.002055
epoch=42 loss_total=0.679686 loss_rec=0.598179 valid_auc=0.691217 valid_rmse=0.471972 q_change=54 q_delta=0.406884 q_grad=0.002153
epoch=43 loss_total=0.675216 loss_rec=0.593783 valid_auc=0.691529 valid_rmse=0.472314 q_change=53 q_delta=0.407360 q_grad=0.002103
epoch=44 loss_total=0.676436 loss_rec=0.595209 valid_auc=0.692176 valid_rmse=0.472545 q_change=53 q_delta=0.407973 q_grad=0.002152
epoch=45 loss_total=0.672718 loss_rec=0.591686 valid_auc=0.693382 valid_rmse=0.474931 q_change=53 q_delta=0.408453 q_grad=0.002178
epoch=46 loss_total=0.673606 loss_rec=0.592689 valid_auc=0.694208 valid_rmse=0.471066 q_change=53 q_delta=0.409413 q_grad=0.002141
epoch=47 loss_total=0.671266 loss_rec=0.590566 valid_auc=0.695033 valid_rmse=0.472247 q_change=53 q_delta=0.409992 q_grad=0.002162
epoch=48 loss_total=0.669797 loss_rec=0.589225 valid_auc=0.693315 valid_rmse=0.471959 q_change=53 q_delta=0.410613 q_grad=0.002225
epoch=49 loss_total=0.667415 loss_rec=0.586982 valid_auc=0.694542 valid_rmse=0.471768 q_change=53 q_delta=0.411121 q_grad=0.002264
epoch=50 loss_total=0.663738 loss_rec=0.583436 valid_auc=0.692266 valid_rmse=0.472972 q_change=53 q_delta=0.411681 q_grad=0.002178
epoch=51 loss_total=0.664371 loss_rec=0.584227 valid_auc=0.693761 valid_rmse=0.474627 q_change=53 q_delta=0.412068 q_grad=0.002312
epoch=52 loss_total=0.665761 loss_rec=0.585771 valid_auc=0.692478 valid_rmse=0.472652 q_change=53 q_delta=0.412659 q_grad=0.002316
epoch=53 loss_total=0.666969 loss_rec=0.587073 valid_auc=0.694475 valid_rmse=0.472392 q_change=53 q_delta=0.413009 q_grad=0.002330
epoch=54 loss_total=0.658636 loss_rec=0.578842 valid_auc=0.690368 valid_rmse=0.474525 q_change=53 q_delta=0.413253 q_grad=0.002319
epoch=55 loss_total=0.657118 loss_rec=0.577444 valid_auc=0.695212 valid_rmse=0.472245 q_change=53 q_delta=0.413725 q_grad=0.002358
epoch=56 loss_total=0.658421 loss_rec=0.578835 valid_auc=0.692065 valid_rmse=0.472980 q_change=52 q_delta=0.414019 q_grad=0.002385
epoch=57 loss_total=0.656308 loss_rec=0.576804 valid_auc=0.692054 valid_rmse=0.475330 q_change=52 q_delta=0.414203 q_grad=0.002505
epoch=58 loss_total=0.652253 loss_rec=0.572774 valid_auc=0.691451 valid_rmse=0.476624 q_change=53 q_delta=0.414444 q_grad=0.002483
epoch=59 loss_total=0.652672 loss_rec=0.573298 valid_auc=0.690324 valid_rmse=0.473703 q_change=53 q_delta=0.414739 q_grad=0.002464
epoch=60 loss_total=0.651287 loss_rec=0.571918 valid_auc=0.691908 valid_rmse=0.475148 q_change=53 q_delta=0.414677 q_grad=0.002534
epoch=61 loss_total=0.649598 loss_rec=0.570190 valid_auc=0.690971 valid_rmse=0.474683 q_change=53 q_delta=0.414750 q_grad=0.002610
epoch=62 loss_total=0.645827 loss_rec=0.566467 valid_auc=0.690134 valid_rmse=0.474570 q_change=53 q_delta=0.414823 q_grad=0.002576
epoch=63 loss_total=0.645458 loss_rec=0.566057 valid_auc=0.688382 valid_rmse=0.475541 q_change=52 q_delta=0.414760 q_grad=0.002638
epoch=64 loss_total=0.647280 loss_rec=0.567848 valid_auc=0.692801 valid_rmse=0.477769 q_change=52 q_delta=0.414858 q_grad=0.002707
epoch=65 loss_total=0.641019 loss_rec=0.561538 valid_auc=0.690458 valid_rmse=0.474846 q_change=52 q_delta=0.415290 q_grad=0.002576
epoch=66 loss_total=0.641063 loss_rec=0.561506 valid_auc=0.688694 valid_rmse=0.475977 q_change=52 q_delta=0.415365 q_grad=0.002774
epoch=67 loss_total=0.641595 loss_rec=0.561975 valid_auc=0.687411 valid_rmse=0.477019 q_change=52 q_delta=0.415526 q_grad=0.002788
epoch=68 loss_total=0.635068 loss_rec=0.555346 valid_auc=0.689152 valid_rmse=0.479322 q_change=52 q_delta=0.415551 q_grad=0.002780
epoch=69 loss_total=0.631137 loss_rec=0.551331 valid_auc=0.691830 valid_rmse=0.482926 q_change=51 q_delta=0.415650 q_grad=0.002885
epoch=70 loss_total=0.627819 loss_rec=0.547909 valid_auc=0.686931 valid_rmse=0.477031 q_change=51 q_delta=0.416410 q_grad=0.002925
epoch=71 loss_total=0.627900 loss_rec=0.548010 valid_auc=0.689408 valid_rmse=0.476246 q_change=51 q_delta=0.416958 q_grad=0.002941
epoch=72 loss_total=0.624835 loss_rec=0.544856 valid_auc=0.688884 valid_rmse=0.476642 q_change=51 q_delta=0.417409 q_grad=0.002962
epoch=73 loss_total=0.619466 loss_rec=0.539485 valid_auc=0.686562 valid_rmse=0.478297 q_change=51 q_delta=0.417797 q_grad=0.003036
epoch=74 loss_total=0.622912 loss_rec=0.542909 valid_auc=0.686987 valid_rmse=0.478503 q_change=51 q_delta=0.418109 q_grad=0.002993
epoch=75 loss_total=0.620107 loss_rec=0.540088 valid_auc=0.684163 valid_rmse=0.485764 q_change=51 q_delta=0.418228 q_grad=0.003018
Early stopping at epoch 75; best_epoch=55.
Saved run to C:\Users\YAN_SHU_YU\Desktop\Generative-CD\Q_GNCDM\results\weak_q_lambda_sweep\lq_0p2_ls_0p5_lb_0p2\seed_2026\noise_0.20\weak-q_lq_0p2_ls_0p5_lb_0p2
Final metrics: q_hat_f1=0.133333 response_auc=0.687250 mastery_pearson=0.355268
