run=weak-q_lq_0p9_ls_0p8_lb_0p1 mode=weak-q noise=0.20 train=4200 valid=600 test=1200
epoch=1 loss_total=1.099616 loss_rec=0.725657 valid_auc=0.587578 valid_rmse=0.499753 q_change=57 q_delta=0.077409 q_grad=0.000744
epoch=2 loss_total=1.030926 loss_rec=0.705822 valid_auc=0.593839 valid_rmse=0.499284 q_change=57 q_delta=0.141179 q_grad=0.000576
epoch=3 loss_total=0.991595 loss_rec=0.699651 valid_auc=0.606071 valid_rmse=0.498408 q_change=57 q_delta=0.191096 q_grad=0.000447
epoch=4 loss_total=0.962574 loss_rec=0.692837 valid_auc=0.623705 valid_rmse=0.497426 q_change=57 q_delta=0.229572 q_grad=0.000353
epoch=5 loss_total=0.946481 loss_rec=0.691329 valid_auc=0.644609 valid_rmse=0.494776 q_change=57 q_delta=0.258128 q_grad=0.000307
epoch=6 loss_total=0.928482 loss_rec=0.682753 valid_auc=0.659911 valid_rmse=0.491379 q_change=57 q_delta=0.277905 q_grad=0.000313
epoch=7 loss_total=0.905682 loss_rec=0.665536 valid_auc=0.663080 valid_rmse=0.484764 q_change=57 q_delta=0.289906 q_grad=0.000405
epoch=8 loss_total=0.886754 loss_rec=0.649425 valid_auc=0.666641 valid_rmse=0.480349 q_change=57 q_delta=0.297162 q_grad=0.000623
epoch=9 loss_total=0.874463 loss_rec=0.639237 valid_auc=0.678717 valid_rmse=0.474860 q_change=57 q_delta=0.303511 q_grad=0.000817
epoch=10 loss_total=0.873013 loss_rec=0.639742 valid_auc=0.678382 valid_rmse=0.475513 q_change=57 q_delta=0.308157 q_grad=0.000933
epoch=11 loss_total=0.868179 loss_rec=0.636073 valid_auc=0.681562 valid_rmse=0.473502 q_change=57 q_delta=0.312238 q_grad=0.001094
epoch=12 loss_total=0.856901 loss_rec=0.625850 valid_auc=0.682333 valid_rmse=0.474856 q_change=57 q_delta=0.314995 q_grad=0.001193
epoch=13 loss_total=0.852595 loss_rec=0.622463 valid_auc=0.682489 valid_rmse=0.473002 q_change=57 q_delta=0.318254 q_grad=0.001240
epoch=14 loss_total=0.852259 loss_rec=0.622783 valid_auc=0.681641 valid_rmse=0.474846 q_change=57 q_delta=0.320148 q_grad=0.001349
epoch=15 loss_total=0.848156 loss_rec=0.619229 valid_auc=0.681507 valid_rmse=0.473465 q_change=57 q_delta=0.322556 q_grad=0.001417
epoch=16 loss_total=0.849588 loss_rec=0.621092 valid_auc=0.683627 valid_rmse=0.473860 q_change=57 q_delta=0.324328 q_grad=0.001523
epoch=17 loss_total=0.846123 loss_rec=0.618162 valid_auc=0.681942 valid_rmse=0.474054 q_change=57 q_delta=0.326209 q_grad=0.001456
epoch=18 loss_total=0.840706 loss_rec=0.613071 valid_auc=0.682790 valid_rmse=0.473646 q_change=57 q_delta=0.328012 q_grad=0.001491
epoch=19 loss_total=0.839952 loss_rec=0.612786 valid_auc=0.682946 valid_rmse=0.474731 q_change=56 q_delta=0.329917 q_grad=0.001590
epoch=20 loss_total=0.837992 loss_rec=0.611061 valid_auc=0.685067 valid_rmse=0.473100 q_change=56 q_delta=0.331594 q_grad=0.001664
epoch=21 loss_total=0.833792 loss_rec=0.607091 valid_auc=0.685658 valid_rmse=0.474651 q_change=56 q_delta=0.332807 q_grad=0.001584
epoch=22 loss_total=0.832282 loss_rec=0.605727 valid_auc=0.684520 valid_rmse=0.474324 q_change=56 q_delta=0.334291 q_grad=0.001713
epoch=23 loss_total=0.830368 loss_rec=0.603922 valid_auc=0.683203 valid_rmse=0.473999 q_change=56 q_delta=0.336134 q_grad=0.001679
epoch=24 loss_total=0.826043 loss_rec=0.599708 valid_auc=0.681908 valid_rmse=0.474776 q_change=55 q_delta=0.337518 q_grad=0.001711
epoch=25 loss_total=0.827330 loss_rec=0.600965 valid_auc=0.682980 valid_rmse=0.474698 q_change=55 q_delta=0.338607 q_grad=0.001824
epoch=26 loss_total=0.824928 loss_rec=0.598588 valid_auc=0.684475 valid_rmse=0.474931 q_change=54 q_delta=0.339888 q_grad=0.001806
epoch=27 loss_total=0.821511 loss_rec=0.595004 valid_auc=0.685033 valid_rmse=0.475889 q_change=53 q_delta=0.340929 q_grad=0.001790
epoch=28 loss_total=0.824810 loss_rec=0.598303 valid_auc=0.684141 valid_rmse=0.474949 q_change=53 q_delta=0.342580 q_grad=0.001880
epoch=29 loss_total=0.818684 loss_rec=0.592111 valid_auc=0.687600 valid_rmse=0.474212 q_change=52 q_delta=0.343971 q_grad=0.001898
epoch=30 loss_total=0.817572 loss_rec=0.590808 valid_auc=0.688627 valid_rmse=0.475007 q_change=51 q_delta=0.345153 q_grad=0.001901
epoch=31 loss_total=0.813860 loss_rec=0.586792 valid_auc=0.688092 valid_rmse=0.475007 q_change=50 q_delta=0.346606 q_grad=0.001926
epoch=32 loss_total=0.815122 loss_rec=0.587875 valid_auc=0.690368 valid_rmse=0.474350 q_change=50 q_delta=0.348185 q_grad=0.001980
epoch=33 loss_total=0.812203 loss_rec=0.584687 valid_auc=0.688929 valid_rmse=0.472999 q_change=50 q_delta=0.349865 q_grad=0.001989
epoch=34 loss_total=0.811328 loss_rec=0.583607 valid_auc=0.687846 valid_rmse=0.473252 q_change=50 q_delta=0.351113 q_grad=0.001972
epoch=35 loss_total=0.811349 loss_rec=0.583400 valid_auc=0.691339 valid_rmse=0.471942 q_change=50 q_delta=0.352432 q_grad=0.001977
epoch=36 loss_total=0.804545 loss_rec=0.576195 valid_auc=0.691998 valid_rmse=0.472604 q_change=50 q_delta=0.353328 q_grad=0.002055
epoch=37 loss_total=0.799884 loss_rec=0.571176 valid_auc=0.691239 valid_rmse=0.473882 q_change=50 q_delta=0.354451 q_grad=0.002066
epoch=38 loss_total=0.796192 loss_rec=0.567327 valid_auc=0.690603 valid_rmse=0.475284 q_change=50 q_delta=0.355452 q_grad=0.002186
epoch=39 loss_total=0.795843 loss_rec=0.566638 valid_auc=0.690190 valid_rmse=0.473153 q_change=49 q_delta=0.356937 q_grad=0.002157
epoch=40 loss_total=0.791874 loss_rec=0.562366 valid_auc=0.690145 valid_rmse=0.473842 q_change=50 q_delta=0.357731 q_grad=0.002228
epoch=41 loss_total=0.785766 loss_rec=0.556035 valid_auc=0.692121 valid_rmse=0.475376 q_change=50 q_delta=0.358669 q_grad=0.002244
epoch=42 loss_total=0.787201 loss_rec=0.557195 valid_auc=0.686975 valid_rmse=0.474937 q_change=49 q_delta=0.359924 q_grad=0.002392
epoch=43 loss_total=0.780501 loss_rec=0.550181 valid_auc=0.689453 valid_rmse=0.475716 q_change=49 q_delta=0.360523 q_grad=0.002385
epoch=44 loss_total=0.778680 loss_rec=0.548187 valid_auc=0.688337 valid_rmse=0.475476 q_change=49 q_delta=0.361487 q_grad=0.002439
epoch=45 loss_total=0.772460 loss_rec=0.541826 valid_auc=0.686763 valid_rmse=0.480616 q_change=49 q_delta=0.361894 q_grad=0.002466
epoch=46 loss_total=0.772243 loss_rec=0.541364 valid_auc=0.691607 valid_rmse=0.474801 q_change=48 q_delta=0.362978 q_grad=0.002517
epoch=47 loss_total=0.768497 loss_rec=0.537452 valid_auc=0.689152 valid_rmse=0.477675 q_change=47 q_delta=0.363654 q_grad=0.002537
epoch=48 loss_total=0.766046 loss_rec=0.534945 valid_auc=0.688203 valid_rmse=0.477527 q_change=46 q_delta=0.364614 q_grad=0.002607
epoch=49 loss_total=0.760565 loss_rec=0.529384 valid_auc=0.690441 valid_rmse=0.475549 q_change=46 q_delta=0.365069 q_grad=0.002628
epoch=50 loss_total=0.754983 loss_rec=0.523720 valid_auc=0.689029 valid_rmse=0.479292 q_change=46 q_delta=0.365758 q_grad=0.002635
epoch=51 loss_total=0.755250 loss_rec=0.524060 valid_auc=0.690190 valid_rmse=0.479403 q_change=46 q_delta=0.366343 q_grad=0.002737
epoch=52 loss_total=0.756341 loss_rec=0.525153 valid_auc=0.688092 valid_rmse=0.478585 q_change=46 q_delta=0.367072 q_grad=0.002773
epoch=53 loss_total=0.756997 loss_rec=0.525787 valid_auc=0.688783 valid_rmse=0.477075 q_change=46 q_delta=0.367509 q_grad=0.002780
epoch=54 loss_total=0.749334 loss_rec=0.518061 valid_auc=0.686016 valid_rmse=0.479703 q_change=45 q_delta=0.368016 q_grad=0.002809
epoch=55 loss_total=0.745039 loss_rec=0.513839 valid_auc=0.693906 valid_rmse=0.476082 q_change=45 q_delta=0.368581 q_grad=0.002781
epoch=56 loss_total=0.745647 loss_rec=0.514484 valid_auc=0.688560 valid_rmse=0.479216 q_change=45 q_delta=0.368881 q_grad=0.002828
epoch=57 loss_total=0.744799 loss_rec=0.513670 valid_auc=0.686116 valid_rmse=0.481889 q_change=44 q_delta=0.369339 q_grad=0.002951
epoch=58 loss_total=0.738497 loss_rec=0.507390 valid_auc=0.687779 valid_rmse=0.482462 q_change=44 q_delta=0.369960 q_grad=0.002882
epoch=59 loss_total=0.737255 loss_rec=0.506317 valid_auc=0.692132 valid_rmse=0.477789 q_change=44 q_delta=0.370440 q_grad=0.002881
epoch=60 loss_total=0.739095 loss_rec=0.508239 valid_auc=0.690737 valid_rmse=0.479582 q_change=44 q_delta=0.370734 q_grad=0.002901
epoch=61 loss_total=0.737299 loss_rec=0.506455 valid_auc=0.688058 valid_rmse=0.479868 q_change=44 q_delta=0.371232 q_grad=0.003020
epoch=62 loss_total=0.733214 loss_rec=0.502495 valid_auc=0.690893 valid_rmse=0.479266 q_change=44 q_delta=0.371698 q_grad=0.002934
epoch=63 loss_total=0.733690 loss_rec=0.503039 valid_auc=0.688884 valid_rmse=0.480266 q_change=44 q_delta=0.372015 q_grad=0.003049
epoch=64 loss_total=0.733273 loss_rec=0.502698 valid_auc=0.691529 valid_rmse=0.482516 q_change=45 q_delta=0.372076 q_grad=0.003035
epoch=65 loss_total=0.731310 loss_rec=0.500839 valid_auc=0.690312 valid_rmse=0.480203 q_change=45 q_delta=0.372610 q_grad=0.002905
epoch=66 loss_total=0.731031 loss_rec=0.500585 valid_auc=0.688382 valid_rmse=0.480906 q_change=45 q_delta=0.373032 q_grad=0.003115
epoch=67 loss_total=0.731504 loss_rec=0.501133 valid_auc=0.688214 valid_rmse=0.482142 q_change=45 q_delta=0.373263 q_grad=0.003080
epoch=68 loss_total=0.724315 loss_rec=0.494010 valid_auc=0.691138 valid_rmse=0.482896 q_change=45 q_delta=0.373373 q_grad=0.003106
epoch=69 loss_total=0.721950 loss_rec=0.491687 valid_auc=0.690636 valid_rmse=0.486905 q_change=45 q_delta=0.373629 q_grad=0.003155
epoch=70 loss_total=0.719832 loss_rec=0.489598 valid_auc=0.688929 valid_rmse=0.482058 q_change=45 q_delta=0.374131 q_grad=0.003221
epoch=71 loss_total=0.720445 loss_rec=0.490350 valid_auc=0.693136 valid_rmse=0.480423 q_change=45 q_delta=0.374280 q_grad=0.003184
epoch=72 loss_total=0.720994 loss_rec=0.490934 valid_auc=0.690223 valid_rmse=0.481690 q_change=45 q_delta=0.374431 q_grad=0.003189
epoch=73 loss_total=0.715435 loss_rec=0.485412 valid_auc=0.688616 valid_rmse=0.484472 q_change=45 q_delta=0.374778 q_grad=0.003262
epoch=74 loss_total=0.720742 loss_rec=0.490803 valid_auc=0.690179 valid_rmse=0.482896 q_change=46 q_delta=0.375066 q_grad=0.003247
epoch=75 loss_total=0.718658 loss_rec=0.488734 valid_auc=0.687746 valid_rmse=0.488342 q_change=47 q_delta=0.374974 q_grad=0.003272
Early stopping at epoch 75; best_epoch=55.
Saved run to C:\Users\YAN_SHU_YU\Desktop\Generative-CD\Q_GNCDM\results\weak_q_lambda_sweep\lq_0p9_ls_0p8_lb_0p1\seed_2026\noise_0.20\weak-q_lq_0p9_ls_0p8_lb_0p1
Final metrics: q_hat_f1=0.323529 response_auc=0.684523 mastery_pearson=0.506857
