run=weak-q_lq_0p1_ls_0p9_lb_0p2 mode=weak-q noise=0.20 train=4200 valid=600 test=1200
epoch=1 loss_total=1.165270 loss_rec=0.725667 valid_auc=0.587433 valid_rmse=0.499760 q_change=57 q_delta=0.079599 q_grad=0.000921
epoch=2 loss_total=1.075113 loss_rec=0.706019 valid_auc=0.592902 valid_rmse=0.499367 q_change=57 q_delta=0.151391 q_grad=0.000860
epoch=3 loss_total=1.006990 loss_rec=0.700325 valid_auc=0.603248 valid_rmse=0.498713 q_change=57 q_delta=0.212186 q_grad=0.000779
epoch=4 loss_total=0.948754 loss_rec=0.694522 valid_auc=0.618984 valid_rmse=0.498267 q_change=57 q_delta=0.261436 q_grad=0.000687
epoch=5 loss_total=0.907304 loss_rec=0.695032 valid_auc=0.638304 valid_rmse=0.496820 q_change=57 q_delta=0.299909 q_grad=0.000593
epoch=6 loss_total=0.870936 loss_rec=0.691503 valid_auc=0.653795 valid_rmse=0.496513 q_change=57 q_delta=0.329434 q_grad=0.000510
epoch=7 loss_total=0.840212 loss_rec=0.686108 valid_auc=0.656205 valid_rmse=0.495595 q_change=57 q_delta=0.351988 q_grad=0.000444
epoch=8 loss_total=0.817375 loss_rec=0.682506 valid_auc=0.650257 valid_rmse=0.493683 q_change=57 q_delta=0.368772 q_grad=0.000400
epoch=9 loss_total=0.797296 loss_rec=0.676715 valid_auc=0.653270 valid_rmse=0.488464 q_change=57 q_delta=0.381329 q_grad=0.000413
epoch=10 loss_total=0.782763 loss_rec=0.672965 valid_auc=0.655480 valid_rmse=0.485956 q_change=57 q_delta=0.390492 q_grad=0.000456
epoch=11 loss_total=0.768777 loss_rec=0.666849 valid_auc=0.655368 valid_rmse=0.483866 q_change=57 q_delta=0.397915 q_grad=0.000547
epoch=12 loss_total=0.751735 loss_rec=0.656704 valid_auc=0.658850 valid_rmse=0.484351 q_change=57 q_delta=0.404224 q_grad=0.000621
epoch=13 loss_total=0.743792 loss_rec=0.654711 valid_auc=0.660603 valid_rmse=0.480605 q_change=57 q_delta=0.409668 q_grad=0.000636
epoch=14 loss_total=0.737587 loss_rec=0.653228 valid_auc=0.664185 valid_rmse=0.481909 q_change=57 q_delta=0.413952 q_grad=0.000703
epoch=15 loss_total=0.732589 loss_rec=0.652348 valid_auc=0.661741 valid_rmse=0.480303 q_change=57 q_delta=0.417938 q_grad=0.000735
epoch=16 loss_total=0.729512 loss_rec=0.652678 valid_auc=0.662690 valid_rmse=0.480368 q_change=57 q_delta=0.421099 q_grad=0.000802
epoch=17 loss_total=0.726753 loss_rec=0.653011 valid_auc=0.665469 valid_rmse=0.480976 q_change=57 q_delta=0.423895 q_grad=0.000776
epoch=18 loss_total=0.719382 loss_rec=0.648283 valid_auc=0.666741 valid_rmse=0.480260 q_change=57 q_delta=0.426437 q_grad=0.000794
epoch=19 loss_total=0.715539 loss_rec=0.646773 valid_auc=0.666016 valid_rmse=0.480196 q_change=57 q_delta=0.428601 q_grad=0.000840
epoch=20 loss_total=0.714070 loss_rec=0.647287 valid_auc=0.669989 valid_rmse=0.478793 q_change=57 q_delta=0.430632 q_grad=0.000910
epoch=21 loss_total=0.709731 loss_rec=0.644851 valid_auc=0.669018 valid_rmse=0.479727 q_change=57 q_delta=0.432208 q_grad=0.000864
epoch=22 loss_total=0.708863 loss_rec=0.645533 valid_auc=0.668560 valid_rmse=0.478646 q_change=57 q_delta=0.433743 q_grad=0.000931
epoch=23 loss_total=0.704626 loss_rec=0.642756 valid_auc=0.667277 valid_rmse=0.478406 q_change=57 q_delta=0.435208 q_grad=0.000937
epoch=24 loss_total=0.700157 loss_rec=0.639650 valid_auc=0.668092 valid_rmse=0.478824 q_change=57 q_delta=0.436412 q_grad=0.000971
epoch=25 loss_total=0.702362 loss_rec=0.642983 valid_auc=0.667165 valid_rmse=0.478327 q_change=57 q_delta=0.437463 q_grad=0.001049
epoch=26 loss_total=0.699643 loss_rec=0.641315 valid_auc=0.667098 valid_rmse=0.478864 q_change=57 q_delta=0.438443 q_grad=0.001059
epoch=27 loss_total=0.697501 loss_rec=0.640062 valid_auc=0.668884 valid_rmse=0.478307 q_change=57 q_delta=0.439311 q_grad=0.001062
epoch=28 loss_total=0.698066 loss_rec=0.641491 valid_auc=0.670212 valid_rmse=0.477597 q_change=57 q_delta=0.440155 q_grad=0.001107
epoch=29 loss_total=0.695195 loss_rec=0.639393 valid_auc=0.671652 valid_rmse=0.477541 q_change=57 q_delta=0.440883 q_grad=0.001158
epoch=30 loss_total=0.696112 loss_rec=0.641014 valid_auc=0.672522 valid_rmse=0.477876 q_change=57 q_delta=0.441488 q_grad=0.001156
epoch=31 loss_total=0.692281 loss_rec=0.637745 valid_auc=0.672857 valid_rmse=0.477081 q_change=57 q_delta=0.442137 q_grad=0.001184
epoch=32 loss_total=0.694131 loss_rec=0.640190 valid_auc=0.674118 valid_rmse=0.477887 q_change=57 q_delta=0.442606 q_grad=0.001235
epoch=33 loss_total=0.692904 loss_rec=0.639409 valid_auc=0.673571 valid_rmse=0.476547 q_change=57 q_delta=0.443271 q_grad=0.001229
epoch=34 loss_total=0.691821 loss_rec=0.638870 valid_auc=0.673192 valid_rmse=0.476220 q_change=57 q_delta=0.443666 q_grad=0.001256
epoch=35 loss_total=0.693464 loss_rec=0.640942 valid_auc=0.674375 valid_rmse=0.475774 q_change=57 q_delta=0.444072 q_grad=0.001254
epoch=36 loss_total=0.690025 loss_rec=0.637881 valid_auc=0.674978 valid_rmse=0.476952 q_change=57 q_delta=0.444364 q_grad=0.001300
epoch=37 loss_total=0.685495 loss_rec=0.633713 valid_auc=0.676250 valid_rmse=0.476071 q_change=57 q_delta=0.444722 q_grad=0.001331
epoch=38 loss_total=0.684310 loss_rec=0.632830 valid_auc=0.676908 valid_rmse=0.477167 q_change=57 q_delta=0.445005 q_grad=0.001426
epoch=39 loss_total=0.687810 loss_rec=0.636655 valid_auc=0.676875 valid_rmse=0.475532 q_change=57 q_delta=0.445424 q_grad=0.001408
epoch=40 loss_total=0.684256 loss_rec=0.633428 valid_auc=0.676786 valid_rmse=0.475742 q_change=57 q_delta=0.445663 q_grad=0.001453
epoch=41 loss_total=0.680506 loss_rec=0.629923 valid_auc=0.679129 valid_rmse=0.475949 q_change=57 q_delta=0.445847 q_grad=0.001472
epoch=42 loss_total=0.685126 loss_rec=0.634749 valid_auc=0.675871 valid_rmse=0.476141 q_change=57 q_delta=0.446099 q_grad=0.001526
epoch=43 loss_total=0.681770 loss_rec=0.631561 valid_auc=0.676674 valid_rmse=0.475777 q_change=57 q_delta=0.446216 q_grad=0.001497
epoch=44 loss_total=0.682124 loss_rec=0.632082 valid_auc=0.677511 valid_rmse=0.476000 q_change=57 q_delta=0.446414 q_grad=0.001565
epoch=45 loss_total=0.679965 loss_rec=0.630094 valid_auc=0.679297 valid_rmse=0.477372 q_change=57 q_delta=0.446492 q_grad=0.001611
epoch=46 loss_total=0.681722 loss_rec=0.631938 valid_auc=0.680446 valid_rmse=0.474382 q_change=57 q_delta=0.446667 q_grad=0.001600
epoch=47 loss_total=0.679018 loss_rec=0.629346 valid_auc=0.681942 valid_rmse=0.474737 q_change=57 q_delta=0.446688 q_grad=0.001630
epoch=48 loss_total=0.680427 loss_rec=0.630804 valid_auc=0.683192 valid_rmse=0.473732 q_change=57 q_delta=0.446775 q_grad=0.001658
epoch=49 loss_total=0.678336 loss_rec=0.628716 valid_auc=0.683371 valid_rmse=0.473871 q_change=57 q_delta=0.446809 q_grad=0.001699
epoch=50 loss_total=0.674685 loss_rec=0.625109 valid_auc=0.682132 valid_rmse=0.474249 q_change=57 q_delta=0.446798 q_grad=0.001644
epoch=51 loss_total=0.675640 loss_rec=0.626053 valid_auc=0.684196 valid_rmse=0.475933 q_change=57 q_delta=0.446695 q_grad=0.001781
epoch=52 loss_total=0.676625 loss_rec=0.627011 valid_auc=0.683973 valid_rmse=0.473839 q_change=57 q_delta=0.446716 q_grad=0.001796
epoch=53 loss_total=0.678245 loss_rec=0.628597 valid_auc=0.685301 valid_rmse=0.473381 q_change=57 q_delta=0.446642 q_grad=0.001781
epoch=54 loss_total=0.670333 loss_rec=0.620573 valid_auc=0.685446 valid_rmse=0.474307 q_change=57 q_delta=0.446455 q_grad=0.001766
epoch=55 loss_total=0.670780 loss_rec=0.620860 valid_auc=0.688158 valid_rmse=0.472749 q_change=57 q_delta=0.446295 q_grad=0.001805
epoch=56 loss_total=0.672246 loss_rec=0.622189 valid_auc=0.687076 valid_rmse=0.472864 q_change=57 q_delta=0.446164 q_grad=0.001866
epoch=57 loss_total=0.670979 loss_rec=0.620744 valid_auc=0.687946 valid_rmse=0.475044 q_change=57 q_delta=0.445831 q_grad=0.001899
epoch=58 loss_total=0.667041 loss_rec=0.616573 valid_auc=0.687478 valid_rmse=0.474371 q_change=56 q_delta=0.445675 q_grad=0.001873
epoch=59 loss_total=0.667005 loss_rec=0.616456 valid_auc=0.687199 valid_rmse=0.472655 q_change=56 q_delta=0.446062 q_grad=0.001892
epoch=60 loss_total=0.666186 loss_rec=0.615488 valid_auc=0.690580 valid_rmse=0.472517 q_change=56 q_delta=0.446268 q_grad=0.001912
epoch=61 loss_total=0.665773 loss_rec=0.614892 valid_auc=0.688705 valid_rmse=0.472967 q_change=56 q_delta=0.446510 q_grad=0.001942
epoch=62 loss_total=0.664927 loss_rec=0.614060 valid_auc=0.689208 valid_rmse=0.471964 q_change=56 q_delta=0.446772 q_grad=0.001896
epoch=63 loss_total=0.665775 loss_rec=0.614852 valid_auc=0.688147 valid_rmse=0.472673 q_change=56 q_delta=0.446909 q_grad=0.001888
epoch=64 loss_total=0.668254 loss_rec=0.617355 valid_auc=0.691362 valid_rmse=0.474314 q_change=56 q_delta=0.447082 q_grad=0.001962
epoch=65 loss_total=0.662192 loss_rec=0.611295 valid_auc=0.690725 valid_rmse=0.471378 q_change=56 q_delta=0.447344 q_grad=0.001852
epoch=66 loss_total=0.663402 loss_rec=0.612550 valid_auc=0.693337 valid_rmse=0.471850 q_change=56 q_delta=0.447462 q_grad=0.001963
epoch=67 loss_total=0.665386 loss_rec=0.614598 valid_auc=0.689408 valid_rmse=0.473208 q_change=56 q_delta=0.447655 q_grad=0.001926
epoch=68 loss_total=0.661825 loss_rec=0.611094 valid_auc=0.692400 valid_rmse=0.472799 q_change=56 q_delta=0.447759 q_grad=0.001939
epoch=69 loss_total=0.658769 loss_rec=0.608077 valid_auc=0.695580 valid_rmse=0.477567 q_change=56 q_delta=0.447781 q_grad=0.001995
epoch=70 loss_total=0.659217 loss_rec=0.608557 valid_auc=0.692556 valid_rmse=0.471259 q_change=56 q_delta=0.448006 q_grad=0.001988
epoch=71 loss_total=0.661043 loss_rec=0.610494 valid_auc=0.693348 valid_rmse=0.471174 q_change=56 q_delta=0.448138 q_grad=0.001982
epoch=72 loss_total=0.659888 loss_rec=0.609332 valid_auc=0.692533 valid_rmse=0.471880 q_change=56 q_delta=0.448162 q_grad=0.002003
epoch=73 loss_total=0.657632 loss_rec=0.607154 valid_auc=0.690156 valid_rmse=0.471802 q_change=56 q_delta=0.448330 q_grad=0.002049
epoch=74 loss_total=0.661091 loss_rec=0.610654 valid_auc=0.692087 valid_rmse=0.472101 q_change=56 q_delta=0.448347 q_grad=0.002006
epoch=75 loss_total=0.659708 loss_rec=0.609267 valid_auc=0.691027 valid_rmse=0.477205 q_change=56 q_delta=0.448300 q_grad=0.001983
epoch=76 loss_total=0.659786 loss_rec=0.609276 valid_auc=0.689196 valid_rmse=0.471784 q_change=56 q_delta=0.448370 q_grad=0.001978
epoch=77 loss_total=0.653887 loss_rec=0.603363 valid_auc=0.689654 valid_rmse=0.474848 q_change=56 q_delta=0.448303 q_grad=0.001961
epoch=78 loss_total=0.655459 loss_rec=0.604938 valid_auc=0.690167 valid_rmse=0.473053 q_change=56 q_delta=0.448341 q_grad=0.002104
epoch=79 loss_total=0.655390 loss_rec=0.604879 valid_auc=0.690703 valid_rmse=0.472614 q_change=56 q_delta=0.448438 q_grad=0.002174
epoch=80 loss_total=0.654831 loss_rec=0.604271 valid_auc=0.690469 valid_rmse=0.472032 q_change=56 q_delta=0.448349 q_grad=0.002081
epoch=81 loss_total=0.651506 loss_rec=0.600833 valid_auc=0.691283 valid_rmse=0.473317 q_change=55 q_delta=0.448174 q_grad=0.002137
epoch=82 loss_total=0.651121 loss_rec=0.600369 valid_auc=0.690592 valid_rmse=0.473174 q_change=55 q_delta=0.448152 q_grad=0.002148
epoch=83 loss_total=0.650153 loss_rec=0.599317 valid_auc=0.691172 valid_rmse=0.476850 q_change=55 q_delta=0.447939 q_grad=0.002113
epoch=84 loss_total=0.650678 loss_rec=0.599628 valid_auc=0.691953 valid_rmse=0.473497 q_change=55 q_delta=0.447815 q_grad=0.002170
epoch=85 loss_total=0.651921 loss_rec=0.600767 valid_auc=0.691295 valid_rmse=0.477214 q_change=55 q_delta=0.447685 q_grad=0.002181
epoch=86 loss_total=0.653123 loss_rec=0.601868 valid_auc=0.691194 valid_rmse=0.474639 q_change=55 q_delta=0.447616 q_grad=0.002157
epoch=87 loss_total=0.648305 loss_rec=0.596923 valid_auc=0.690123 valid_rmse=0.474166 q_change=55 q_delta=0.447514 q_grad=0.002104
epoch=88 loss_total=0.642861 loss_rec=0.591392 valid_auc=0.689810 valid_rmse=0.474192 q_change=55 q_delta=0.447491 q_grad=0.002158
epoch=89 loss_total=0.643876 loss_rec=0.592354 valid_auc=0.691350 valid_rmse=0.478966 q_change=54 q_delta=0.447296 q_grad=0.002176
Early stopping at epoch 89; best_epoch=69.
Saved run to C:\Users\YAN_SHU_YU\Desktop\Generative-CD\Q_GNCDM\results\weak_q_lambda_sweep\lq_0p1_ls_0p9_lb_0p2\seed_2026\noise_0.20\weak-q_lq_0p1_ls_0p9_lb_0p2
Final metrics: q_hat_f1=0.035088 response_auc=0.683839 mastery_pearson=0.277992
