run=weak-q_lq_0p05_ls_0p6_lb_0p1 mode=weak-q noise=0.20 train=4200 valid=600 test=1200
epoch=1 loss_total=1.010676 loss_rec=0.725664 valid_auc=0.587634 valid_rmse=0.499756 q_change=57 q_delta=0.079197 q_grad=0.000608
epoch=2 loss_total=0.944726 loss_rec=0.705967 valid_auc=0.594185 valid_rmse=0.499332 q_change=57 q_delta=0.149979 q_grad=0.000561
epoch=3 loss_total=0.898434 loss_rec=0.700146 valid_auc=0.606808 valid_rmse=0.498602 q_change=57 q_delta=0.209612 q_grad=0.000507
epoch=4 loss_total=0.858577 loss_rec=0.694119 valid_auc=0.624911 valid_rmse=0.498025 q_change=57 q_delta=0.257891 q_grad=0.000448
epoch=5 loss_total=0.831863 loss_rec=0.694263 valid_auc=0.645402 valid_rmse=0.496351 q_change=57 q_delta=0.295350 q_grad=0.000394
epoch=6 loss_total=0.806760 loss_rec=0.689950 valid_auc=0.659643 valid_rmse=0.495543 q_change=57 q_delta=0.323633 q_grad=0.000352
epoch=7 loss_total=0.783836 loss_rec=0.682704 valid_auc=0.659766 valid_rmse=0.493483 q_change=57 q_delta=0.344513 q_grad=0.000335
epoch=8 loss_total=0.765345 loss_rec=0.675403 valid_auc=0.655536 valid_rmse=0.489359 q_change=57 q_delta=0.358680 q_grad=0.000370
epoch=9 loss_total=0.746868 loss_rec=0.664541 valid_auc=0.660815 valid_rmse=0.482526 q_change=57 q_delta=0.368872 q_grad=0.000481
epoch=10 loss_total=0.738099 loss_rec=0.661745 valid_auc=0.661283 valid_rmse=0.481660 q_change=57 q_delta=0.376931 q_grad=0.000583
epoch=11 loss_total=0.729626 loss_rec=0.657867 valid_auc=0.661819 valid_rmse=0.480546 q_change=57 q_delta=0.383909 q_grad=0.000691
epoch=12 loss_total=0.716809 loss_rec=0.649235 valid_auc=0.666049 valid_rmse=0.481265 q_change=57 q_delta=0.389591 q_grad=0.000758
epoch=13 loss_total=0.711490 loss_rec=0.647404 valid_auc=0.667478 valid_rmse=0.478222 q_change=57 q_delta=0.394549 q_grad=0.000778
epoch=14 loss_total=0.707932 loss_rec=0.646548 valid_auc=0.668638 valid_rmse=0.479633 q_change=57 q_delta=0.398191 q_grad=0.000871
epoch=15 loss_total=0.704342 loss_rec=0.645279 valid_auc=0.667344 valid_rmse=0.477981 q_change=57 q_delta=0.401778 q_grad=0.000929
epoch=16 loss_total=0.703154 loss_rec=0.646018 valid_auc=0.669375 valid_rmse=0.477844 q_change=57 q_delta=0.404441 q_grad=0.001031
epoch=17 loss_total=0.700685 loss_rec=0.645286 valid_auc=0.671016 valid_rmse=0.478234 q_change=57 q_delta=0.406805 q_grad=0.001012
epoch=18 loss_total=0.694012 loss_rec=0.640044 valid_auc=0.671540 valid_rmse=0.477492 q_change=57 q_delta=0.408969 q_grad=0.001058
epoch=19 loss_total=0.691326 loss_rec=0.638694 valid_auc=0.672243 valid_rmse=0.477318 q_change=57 q_delta=0.410839 q_grad=0.001143
epoch=20 loss_total=0.689988 loss_rec=0.638432 valid_auc=0.675703 valid_rmse=0.475887 q_change=57 q_delta=0.412602 q_grad=0.001248
epoch=21 loss_total=0.686137 loss_rec=0.635620 valid_auc=0.676205 valid_rmse=0.476812 q_change=57 q_delta=0.413815 q_grad=0.001210
epoch=22 loss_total=0.684992 loss_rec=0.635261 valid_auc=0.677645 valid_rmse=0.475574 q_change=57 q_delta=0.414996 q_grad=0.001332
epoch=23 loss_total=0.681551 loss_rec=0.632559 valid_auc=0.676618 valid_rmse=0.475245 q_change=57 q_delta=0.416218 q_grad=0.001353
epoch=24 loss_total=0.676908 loss_rec=0.628613 valid_auc=0.676629 valid_rmse=0.475758 q_change=57 q_delta=0.417150 q_grad=0.001415
epoch=25 loss_total=0.679518 loss_rec=0.631793 valid_auc=0.676964 valid_rmse=0.475520 q_change=57 q_delta=0.417874 q_grad=0.001554
epoch=26 loss_total=0.677008 loss_rec=0.629781 valid_auc=0.678013 valid_rmse=0.476294 q_change=57 q_delta=0.418566 q_grad=0.001565
epoch=27 loss_total=0.674658 loss_rec=0.627789 valid_auc=0.681016 valid_rmse=0.475809 q_change=57 q_delta=0.419040 q_grad=0.001579
epoch=28 loss_total=0.676124 loss_rec=0.629623 valid_auc=0.680458 valid_rmse=0.475046 q_change=57 q_delta=0.419695 q_grad=0.001674
epoch=29 loss_total=0.672386 loss_rec=0.626199 valid_auc=0.681551 valid_rmse=0.474789 q_change=57 q_delta=0.420103 q_grad=0.001737
epoch=30 loss_total=0.673289 loss_rec=0.627378 valid_auc=0.682121 valid_rmse=0.475191 q_change=57 q_delta=0.420374 q_grad=0.001721
epoch=31 loss_total=0.669706 loss_rec=0.623855 valid_auc=0.684330 valid_rmse=0.474566 q_change=57 q_delta=0.420504 q_grad=0.001770
epoch=32 loss_total=0.671205 loss_rec=0.625469 valid_auc=0.686172 valid_rmse=0.475234 q_change=57 q_delta=0.420483 q_grad=0.001839
epoch=33 loss_total=0.669584 loss_rec=0.623847 valid_auc=0.683382 valid_rmse=0.473836 q_change=56 q_delta=0.420762 q_grad=0.001819
epoch=34 loss_total=0.668550 loss_rec=0.622892 valid_auc=0.682444 valid_rmse=0.473718 q_change=56 q_delta=0.421137 q_grad=0.001844
epoch=35 loss_total=0.669546 loss_rec=0.623940 valid_auc=0.685190 valid_rmse=0.473022 q_change=56 q_delta=0.421916 q_grad=0.001829
epoch=36 loss_total=0.666172 loss_rec=0.620626 valid_auc=0.686652 valid_rmse=0.473737 q_change=56 q_delta=0.422368 q_grad=0.001868
epoch=37 loss_total=0.660350 loss_rec=0.614895 valid_auc=0.687187 valid_rmse=0.473347 q_change=56 q_delta=0.422947 q_grad=0.001892
epoch=38 loss_total=0.660030 loss_rec=0.614756 valid_auc=0.684855 valid_rmse=0.475861 q_change=56 q_delta=0.423464 q_grad=0.002006
epoch=39 loss_total=0.663200 loss_rec=0.618115 valid_auc=0.685848 valid_rmse=0.473134 q_change=56 q_delta=0.424083 q_grad=0.001939
epoch=40 loss_total=0.659379 loss_rec=0.614474 valid_auc=0.686004 valid_rmse=0.473368 q_change=56 q_delta=0.424444 q_grad=0.001977
epoch=41 loss_total=0.655305 loss_rec=0.610578 valid_auc=0.688281 valid_rmse=0.473460 q_change=56 q_delta=0.424813 q_grad=0.001988
epoch=42 loss_total=0.659738 loss_rec=0.615168 valid_auc=0.684286 valid_rmse=0.473960 q_change=56 q_delta=0.425221 q_grad=0.002043
epoch=43 loss_total=0.655662 loss_rec=0.611195 valid_auc=0.686975 valid_rmse=0.473114 q_change=56 q_delta=0.425370 q_grad=0.001978
epoch=44 loss_total=0.656861 loss_rec=0.612568 valid_auc=0.686763 valid_rmse=0.473353 q_change=56 q_delta=0.425764 q_grad=0.002053
epoch=45 loss_total=0.654202 loss_rec=0.610052 valid_auc=0.688426 valid_rmse=0.475516 q_change=56 q_delta=0.425875 q_grad=0.002075
epoch=46 loss_total=0.655564 loss_rec=0.611505 valid_auc=0.689900 valid_rmse=0.471851 q_change=56 q_delta=0.426245 q_grad=0.002020
epoch=47 loss_total=0.652977 loss_rec=0.609057 valid_auc=0.692065 valid_rmse=0.472127 q_change=56 q_delta=0.426359 q_grad=0.002042
epoch=48 loss_total=0.653246 loss_rec=0.609383 valid_auc=0.690804 valid_rmse=0.471579 q_change=56 q_delta=0.426566 q_grad=0.002080
epoch=49 loss_total=0.651199 loss_rec=0.607369 valid_auc=0.691328 valid_rmse=0.471544 q_change=56 q_delta=0.426610 q_grad=0.002101
epoch=50 loss_total=0.647592 loss_rec=0.603786 valid_auc=0.688795 valid_rmse=0.472357 q_change=56 q_delta=0.426650 q_grad=0.002002
epoch=51 loss_total=0.647697 loss_rec=0.603942 valid_auc=0.692288 valid_rmse=0.472933 q_change=56 q_delta=0.426578 q_grad=0.002131
epoch=52 loss_total=0.648840 loss_rec=0.605064 valid_auc=0.690156 valid_rmse=0.471865 q_change=56 q_delta=0.426654 q_grad=0.002139
epoch=53 loss_total=0.650347 loss_rec=0.606555 valid_auc=0.692422 valid_rmse=0.471180 q_change=55 q_delta=0.426660 q_grad=0.002122
epoch=54 loss_total=0.642534 loss_rec=0.598756 valid_auc=0.691719 valid_rmse=0.472586 q_change=55 q_delta=0.426699 q_grad=0.002090
epoch=55 loss_total=0.642072 loss_rec=0.598287 valid_auc=0.694754 valid_rmse=0.471227 q_change=54 q_delta=0.427131 q_grad=0.002134
epoch=56 loss_total=0.643296 loss_rec=0.599528 valid_auc=0.692567 valid_rmse=0.471517 q_change=54 q_delta=0.427551 q_grad=0.002168
epoch=57 loss_total=0.641473 loss_rec=0.597704 valid_auc=0.694542 valid_rmse=0.473286 q_change=54 q_delta=0.427806 q_grad=0.002230
epoch=58 loss_total=0.638105 loss_rec=0.594318 valid_auc=0.692746 valid_rmse=0.473435 q_change=54 q_delta=0.428162 q_grad=0.002186
epoch=59 loss_total=0.637587 loss_rec=0.593933 valid_auc=0.691864 valid_rmse=0.471872 q_change=54 q_delta=0.428764 q_grad=0.002174
epoch=60 loss_total=0.636730 loss_rec=0.593126 valid_auc=0.693482 valid_rmse=0.473132 q_change=54 q_delta=0.429075 q_grad=0.002215
epoch=61 loss_total=0.635658 loss_rec=0.592106 valid_auc=0.693304 valid_rmse=0.472765 q_change=54 q_delta=0.429544 q_grad=0.002255
epoch=62 loss_total=0.633407 loss_rec=0.589932 valid_auc=0.692422 valid_rmse=0.472104 q_change=54 q_delta=0.429902 q_grad=0.002203
epoch=63 loss_total=0.634384 loss_rec=0.590925 valid_auc=0.690413 valid_rmse=0.473467 q_change=54 q_delta=0.430095 q_grad=0.002242
epoch=64 loss_total=0.637250 loss_rec=0.593891 valid_auc=0.694576 valid_rmse=0.474683 q_change=54 q_delta=0.430349 q_grad=0.002296
epoch=65 loss_total=0.631050 loss_rec=0.587720 valid_auc=0.691038 valid_rmse=0.472582 q_change=54 q_delta=0.430755 q_grad=0.002189
epoch=66 loss_total=0.631395 loss_rec=0.588146 valid_auc=0.692400 valid_rmse=0.473367 q_change=54 q_delta=0.430959 q_grad=0.002332
epoch=67 loss_total=0.633846 loss_rec=0.590658 valid_auc=0.689911 valid_rmse=0.474459 q_change=54 q_delta=0.431190 q_grad=0.002313
epoch=68 loss_total=0.629677 loss_rec=0.586553 valid_auc=0.690335 valid_rmse=0.475413 q_change=54 q_delta=0.431383 q_grad=0.002316
epoch=69 loss_total=0.626119 loss_rec=0.583058 valid_auc=0.693281 valid_rmse=0.480417 q_change=54 q_delta=0.431440 q_grad=0.002402
epoch=70 loss_total=0.625649 loss_rec=0.582622 valid_auc=0.689721 valid_rmse=0.473739 q_change=54 q_delta=0.431817 q_grad=0.002402
epoch=71 loss_total=0.627925 loss_rec=0.584971 valid_auc=0.689877 valid_rmse=0.474089 q_change=54 q_delta=0.431977 q_grad=0.002402
epoch=72 loss_total=0.626613 loss_rec=0.583701 valid_auc=0.688884 valid_rmse=0.474619 q_change=54 q_delta=0.432155 q_grad=0.002423
epoch=73 loss_total=0.623059 loss_rec=0.580266 valid_auc=0.686317 valid_rmse=0.474997 q_change=54 q_delta=0.432366 q_grad=0.002478
epoch=74 loss_total=0.626986 loss_rec=0.584243 valid_auc=0.687467 valid_rmse=0.475628 q_change=54 q_delta=0.432477 q_grad=0.002422
epoch=75 loss_total=0.624908 loss_rec=0.582166 valid_auc=0.686083 valid_rmse=0.481657 q_change=54 q_delta=0.432460 q_grad=0.002438
Early stopping at epoch 75; best_epoch=55.
Saved run to C:\Users\YAN_SHU_YU\Desktop\Generative-CD\Q_GNCDM\results\weak_q_lambda_sweep\lq_0p05_ls_0p6_lb_0p1\seed_2026\noise_0.20\weak-q_lq_0p05_ls_0p6_lb_0p1
Final metrics: q_hat_f1=0.101695 response_auc=0.685739 mastery_pearson=0.309116
