run=weak-q_lq_0p7_ls_0p3_lb_0p8 mode=weak-q noise=0.20 train=4200 valid=600 test=1200
epoch=1 loss_total=1.052239 loss_rec=0.725652 valid_auc=0.588214 valid_rmse=0.499743 q_change=57 q_delta=0.078159 q_grad=0.000345
epoch=2 loss_total=1.006036 loss_rec=0.705843 valid_auc=0.597344 valid_rmse=0.499235 q_change=57 q_delta=0.147269 q_grad=0.000324
epoch=3 loss_total=0.976577 loss_rec=0.699718 valid_auc=0.615190 valid_rmse=0.498300 q_change=57 q_delta=0.204957 q_grad=0.000305
epoch=4 loss_total=0.950174 loss_rec=0.693069 valid_auc=0.641049 valid_rmse=0.497316 q_change=57 q_delta=0.251255 q_grad=0.000284
epoch=5 loss_total=0.933545 loss_rec=0.691949 valid_auc=0.660960 valid_rmse=0.494789 q_change=57 q_delta=0.285592 q_grad=0.000280
epoch=6 loss_total=0.914567 loss_rec=0.684433 valid_auc=0.669721 valid_rmse=0.491775 q_change=57 q_delta=0.308916 q_grad=0.000301
epoch=7 loss_total=0.891846 loss_rec=0.669471 valid_auc=0.666228 valid_rmse=0.485583 q_change=57 q_delta=0.323298 q_grad=0.000380
epoch=8 loss_total=0.873315 loss_rec=0.655659 valid_auc=0.665335 valid_rmse=0.480895 q_change=57 q_delta=0.332076 q_grad=0.000563
epoch=9 loss_total=0.860575 loss_rec=0.646407 valid_auc=0.672589 valid_rmse=0.476923 q_change=55 q_delta=0.339754 q_grad=0.000734
epoch=10 loss_total=0.859291 loss_rec=0.648173 valid_auc=0.672679 valid_rmse=0.477334 q_change=55 q_delta=0.345344 q_grad=0.000826
epoch=11 loss_total=0.853676 loss_rec=0.644666 valid_auc=0.674487 valid_rmse=0.476072 q_change=55 q_delta=0.349929 q_grad=0.000959
epoch=12 loss_total=0.842423 loss_rec=0.635190 valid_auc=0.677556 valid_rmse=0.476390 q_change=55 q_delta=0.352907 q_grad=0.001052
epoch=13 loss_total=0.837080 loss_rec=0.631229 valid_auc=0.680379 valid_rmse=0.473923 q_change=55 q_delta=0.355497 q_grad=0.001111
epoch=14 loss_total=0.834505 loss_rec=0.629642 valid_auc=0.681417 valid_rmse=0.474860 q_change=54 q_delta=0.356486 q_grad=0.001254
epoch=15 loss_total=0.829339 loss_rec=0.625227 valid_auc=0.683036 valid_rmse=0.472956 q_change=54 q_delta=0.358488 q_grad=0.001362
epoch=16 loss_total=0.828442 loss_rec=0.625034 valid_auc=0.686004 valid_rmse=0.472601 q_change=54 q_delta=0.359824 q_grad=0.001517
epoch=17 loss_total=0.823834 loss_rec=0.620999 valid_auc=0.685569 valid_rmse=0.472493 q_change=52 q_delta=0.360676 q_grad=0.001501
epoch=18 loss_total=0.815092 loss_rec=0.612729 valid_auc=0.687411 valid_rmse=0.472290 q_change=52 q_delta=0.361864 q_grad=0.001580
epoch=19 loss_total=0.812211 loss_rec=0.610443 valid_auc=0.688092 valid_rmse=0.473108 q_change=52 q_delta=0.363153 q_grad=0.001713
epoch=20 loss_total=0.807942 loss_rec=0.606593 valid_auc=0.690725 valid_rmse=0.471270 q_change=51 q_delta=0.364416 q_grad=0.001818
epoch=21 loss_total=0.802223 loss_rec=0.601365 valid_auc=0.691016 valid_rmse=0.473179 q_change=51 q_delta=0.365775 q_grad=0.001775
epoch=22 loss_total=0.798221 loss_rec=0.597768 valid_auc=0.690893 valid_rmse=0.472466 q_change=51 q_delta=0.367115 q_grad=0.001941
epoch=23 loss_total=0.794600 loss_rec=0.594611 valid_auc=0.688426 valid_rmse=0.472878 q_change=51 q_delta=0.368674 q_grad=0.001904
epoch=24 loss_total=0.788619 loss_rec=0.589081 valid_auc=0.687824 valid_rmse=0.473968 q_change=50 q_delta=0.369738 q_grad=0.001945
epoch=25 loss_total=0.787991 loss_rec=0.588912 valid_auc=0.688276 valid_rmse=0.474390 q_change=49 q_delta=0.370723 q_grad=0.002073
epoch=26 loss_total=0.784944 loss_rec=0.586249 valid_auc=0.689833 valid_rmse=0.474636 q_change=49 q_delta=0.371707 q_grad=0.002057
epoch=27 loss_total=0.780602 loss_rec=0.582269 valid_auc=0.689420 valid_rmse=0.476701 q_change=48 q_delta=0.372474 q_grad=0.002029
epoch=28 loss_total=0.781528 loss_rec=0.583511 valid_auc=0.689487 valid_rmse=0.475005 q_change=48 q_delta=0.373618 q_grad=0.002142
epoch=29 loss_total=0.774032 loss_rec=0.576325 valid_auc=0.691808 valid_rmse=0.474727 q_change=48 q_delta=0.374743 q_grad=0.002157
epoch=30 loss_total=0.771705 loss_rec=0.574239 valid_auc=0.692612 valid_rmse=0.475530 q_change=48 q_delta=0.375808 q_grad=0.002153
epoch=31 loss_total=0.766581 loss_rec=0.569357 valid_auc=0.694286 valid_rmse=0.474511 q_change=48 q_delta=0.376665 q_grad=0.002167
epoch=32 loss_total=0.764805 loss_rec=0.567822 valid_auc=0.696786 valid_rmse=0.474674 q_change=48 q_delta=0.377566 q_grad=0.002269
epoch=33 loss_total=0.758903 loss_rec=0.562091 valid_auc=0.696373 valid_rmse=0.472802 q_change=48 q_delta=0.378470 q_grad=0.002268
epoch=34 loss_total=0.757207 loss_rec=0.560590 valid_auc=0.694643 valid_rmse=0.473540 q_change=46 q_delta=0.379039 q_grad=0.002312
epoch=35 loss_total=0.755958 loss_rec=0.559505 valid_auc=0.699029 valid_rmse=0.471901 q_change=45 q_delta=0.379739 q_grad=0.002301
epoch=36 loss_total=0.747259 loss_rec=0.550901 valid_auc=0.700815 valid_rmse=0.472172 q_change=45 q_delta=0.380166 q_grad=0.002402
epoch=37 loss_total=0.739942 loss_rec=0.543745 valid_auc=0.698984 valid_rmse=0.474690 q_change=45 q_delta=0.380690 q_grad=0.002447
epoch=38 loss_total=0.732403 loss_rec=0.536382 valid_auc=0.698315 valid_rmse=0.475618 q_change=44 q_delta=0.381302 q_grad=0.002579
epoch=39 loss_total=0.730229 loss_rec=0.534331 valid_auc=0.698616 valid_rmse=0.474571 q_change=44 q_delta=0.382184 q_grad=0.002572
epoch=40 loss_total=0.725135 loss_rec=0.529471 valid_auc=0.697042 valid_rmse=0.475927 q_change=44 q_delta=0.382944 q_grad=0.002654
epoch=41 loss_total=0.716994 loss_rec=0.521561 valid_auc=0.695893 valid_rmse=0.479985 q_change=43 q_delta=0.383473 q_grad=0.002687
epoch=42 loss_total=0.717569 loss_rec=0.522335 valid_auc=0.693549 valid_rmse=0.478862 q_change=43 q_delta=0.384382 q_grad=0.002806
epoch=43 loss_total=0.710707 loss_rec=0.515632 valid_auc=0.695212 valid_rmse=0.478984 q_change=42 q_delta=0.385045 q_grad=0.002786
epoch=44 loss_total=0.705512 loss_rec=0.510644 valid_auc=0.694855 valid_rmse=0.480127 q_change=42 q_delta=0.385908 q_grad=0.002870
epoch=45 loss_total=0.699800 loss_rec=0.505158 valid_auc=0.692779 valid_rmse=0.484821 q_change=42 q_delta=0.386501 q_grad=0.002861
epoch=46 loss_total=0.700624 loss_rec=0.506136 valid_auc=0.696295 valid_rmse=0.479472 q_change=42 q_delta=0.387211 q_grad=0.002883
epoch=47 loss_total=0.692665 loss_rec=0.498398 valid_auc=0.690926 valid_rmse=0.484005 q_change=42 q_delta=0.387957 q_grad=0.002826
epoch=48 loss_total=0.692727 loss_rec=0.498653 valid_auc=0.690949 valid_rmse=0.482744 q_change=41 q_delta=0.388614 q_grad=0.002968
epoch=49 loss_total=0.684250 loss_rec=0.490315 valid_auc=0.692556 valid_rmse=0.481697 q_change=41 q_delta=0.389152 q_grad=0.002894
epoch=50 loss_total=0.681639 loss_rec=0.487835 valid_auc=0.690257 valid_rmse=0.485652 q_change=41 q_delta=0.389637 q_grad=0.002916
epoch=51 loss_total=0.679435 loss_rec=0.485834 valid_auc=0.689007 valid_rmse=0.486380 q_change=41 q_delta=0.390172 q_grad=0.002950
epoch=52 loss_total=0.679964 loss_rec=0.486532 valid_auc=0.689219 valid_rmse=0.485250 q_change=40 q_delta=0.390725 q_grad=0.002931
epoch=53 loss_total=0.681156 loss_rec=0.487828 valid_auc=0.690625 valid_rmse=0.484194 q_change=39 q_delta=0.391046 q_grad=0.002968
epoch=54 loss_total=0.673529 loss_rec=0.480345 valid_auc=0.684475 valid_rmse=0.487705 q_change=39 q_delta=0.391420 q_grad=0.003009
epoch=55 loss_total=0.668860 loss_rec=0.475836 valid_auc=0.691060 valid_rmse=0.484518 q_change=39 q_delta=0.392046 q_grad=0.002892
epoch=56 loss_total=0.667784 loss_rec=0.474880 valid_auc=0.685190 valid_rmse=0.488184 q_change=39 q_delta=0.392334 q_grad=0.002973
Early stopping at epoch 56; best_epoch=36.
Saved run to C:\Users\YAN_SHU_YU\Desktop\Generative-CD\Q_GNCDM\results\weak_q_lambda_sweep\lq_0p7_ls_0p3_lb_0p8\seed_2026\noise_0.20\weak-q_lq_0p7_ls_0p3_lb_0p8
Final metrics: q_hat_f1=0.352941 response_auc=0.691066 mastery_pearson=0.472422
