run=weak-q_lq_0p5_ls_0p3_lb_0p6 mode=weak-q noise=0.20 train=4200 valid=600 test=1200
epoch=1 loss_total=1.003148 loss_rec=0.725653 valid_auc=0.588220 valid_rmse=0.499743 q_change=57 q_delta=0.078199 q_grad=0.000334
epoch=2 loss_total=0.957702 loss_rec=0.705844 valid_auc=0.597321 valid_rmse=0.499237 q_change=57 q_delta=0.147358 q_grad=0.000314
epoch=3 loss_total=0.928864 loss_rec=0.699718 valid_auc=0.615145 valid_rmse=0.498303 q_change=57 q_delta=0.205108 q_grad=0.000297
epoch=4 loss_total=0.902951 loss_rec=0.693072 valid_auc=0.640748 valid_rmse=0.497323 q_change=57 q_delta=0.251479 q_grad=0.000278
epoch=5 loss_total=0.886711 loss_rec=0.691964 valid_auc=0.660904 valid_rmse=0.494804 q_change=57 q_delta=0.285880 q_grad=0.000275
epoch=6 loss_total=0.868046 loss_rec=0.684457 valid_auc=0.669576 valid_rmse=0.491798 q_change=57 q_delta=0.309236 q_grad=0.000299
epoch=7 loss_total=0.845569 loss_rec=0.669495 valid_auc=0.666116 valid_rmse=0.485602 q_change=57 q_delta=0.323614 q_grad=0.000379
epoch=8 loss_total=0.827244 loss_rec=0.655700 valid_auc=0.664821 valid_rmse=0.480962 q_change=57 q_delta=0.332480 q_grad=0.000564
epoch=9 loss_total=0.814778 loss_rec=0.646610 valid_auc=0.671797 valid_rmse=0.477023 q_change=57 q_delta=0.340342 q_grad=0.000736
epoch=10 loss_total=0.813821 loss_rec=0.648637 valid_auc=0.672165 valid_rmse=0.477515 q_change=57 q_delta=0.346194 q_grad=0.000826
epoch=11 loss_total=0.808497 loss_rec=0.645381 valid_auc=0.673259 valid_rmse=0.476362 q_change=57 q_delta=0.351062 q_grad=0.000957
epoch=12 loss_total=0.797685 loss_rec=0.636343 valid_auc=0.676083 valid_rmse=0.476842 q_change=57 q_delta=0.354394 q_grad=0.001045
epoch=13 loss_total=0.792802 loss_rec=0.632856 valid_auc=0.678884 valid_rmse=0.474446 q_change=57 q_delta=0.357420 q_grad=0.001099
epoch=14 loss_total=0.790735 loss_rec=0.631795 valid_auc=0.679397 valid_rmse=0.475613 q_change=57 q_delta=0.358843 q_grad=0.001236
epoch=15 loss_total=0.786438 loss_rec=0.628252 valid_auc=0.680882 valid_rmse=0.473722 q_change=56 q_delta=0.360502 q_grad=0.001336
epoch=16 loss_total=0.786062 loss_rec=0.628542 valid_auc=0.683549 valid_rmse=0.473360 q_change=55 q_delta=0.362006 q_grad=0.001486
epoch=17 loss_total=0.782147 loss_rec=0.625179 valid_auc=0.683265 valid_rmse=0.473292 q_change=56 q_delta=0.363407 q_grad=0.001466
epoch=18 loss_total=0.774211 loss_rec=0.617667 valid_auc=0.684777 valid_rmse=0.473039 q_change=56 q_delta=0.364512 q_grad=0.001539
epoch=19 loss_total=0.771978 loss_rec=0.615967 valid_auc=0.685491 valid_rmse=0.473539 q_change=55 q_delta=0.365502 q_grad=0.001669
epoch=20 loss_total=0.768357 loss_rec=0.612689 valid_auc=0.688326 valid_rmse=0.471665 q_change=54 q_delta=0.366463 q_grad=0.001774
epoch=21 loss_total=0.763284 loss_rec=0.608024 valid_auc=0.688984 valid_rmse=0.473312 q_change=54 q_delta=0.367315 q_grad=0.001729
epoch=22 loss_total=0.759698 loss_rec=0.604767 valid_auc=0.689743 valid_rmse=0.472559 q_change=53 q_delta=0.368207 q_grad=0.001893
epoch=23 loss_total=0.756354 loss_rec=0.601806 valid_auc=0.687388 valid_rmse=0.472813 q_change=53 q_delta=0.369740 q_grad=0.001867
epoch=24 loss_total=0.750973 loss_rec=0.596834 valid_auc=0.686350 valid_rmse=0.473875 q_change=53 q_delta=0.370918 q_grad=0.001902
epoch=25 loss_total=0.751043 loss_rec=0.597333 valid_auc=0.686685 valid_rmse=0.474153 q_change=53 q_delta=0.371860 q_grad=0.002031
epoch=26 loss_total=0.748393 loss_rec=0.595024 valid_auc=0.688337 valid_rmse=0.474472 q_change=52 q_delta=0.372786 q_grad=0.002012
epoch=27 loss_total=0.744753 loss_rec=0.591714 valid_auc=0.688650 valid_rmse=0.475818 q_change=51 q_delta=0.373400 q_grad=0.001982
epoch=28 loss_total=0.746510 loss_rec=0.593780 valid_auc=0.687411 valid_rmse=0.474678 q_change=51 q_delta=0.374363 q_grad=0.002075
epoch=29 loss_total=0.739948 loss_rec=0.587531 valid_auc=0.690569 valid_rmse=0.474256 q_change=51 q_delta=0.375150 q_grad=0.002095
epoch=30 loss_total=0.738795 loss_rec=0.586609 valid_auc=0.691897 valid_rmse=0.474791 q_change=51 q_delta=0.375798 q_grad=0.002074
epoch=31 loss_total=0.734753 loss_rec=0.582788 valid_auc=0.692299 valid_rmse=0.473881 q_change=51 q_delta=0.376530 q_grad=0.002093
epoch=32 loss_total=0.734389 loss_rec=0.582655 valid_auc=0.694219 valid_rmse=0.473730 q_change=50 q_delta=0.377113 q_grad=0.002168
epoch=33 loss_total=0.730293 loss_rec=0.578730 valid_auc=0.694643 valid_rmse=0.472227 q_change=50 q_delta=0.377954 q_grad=0.002161
epoch=34 loss_total=0.729679 loss_rec=0.578313 valid_auc=0.691942 valid_rmse=0.472831 q_change=49 q_delta=0.378264 q_grad=0.002184
epoch=35 loss_total=0.728830 loss_rec=0.577609 valid_auc=0.696663 valid_rmse=0.471279 q_change=49 q_delta=0.378921 q_grad=0.002165
epoch=36 loss_total=0.721545 loss_rec=0.570402 valid_auc=0.698661 valid_rmse=0.471729 q_change=49 q_delta=0.379318 q_grad=0.002253
epoch=37 loss_total=0.715608 loss_rec=0.564577 valid_auc=0.696987 valid_rmse=0.473245 q_change=49 q_delta=0.379904 q_grad=0.002289
epoch=38 loss_total=0.710479 loss_rec=0.559594 valid_auc=0.696853 valid_rmse=0.474351 q_change=49 q_delta=0.380562 q_grad=0.002410
epoch=39 loss_total=0.709305 loss_rec=0.558505 valid_auc=0.698192 valid_rmse=0.472255 q_change=48 q_delta=0.381328 q_grad=0.002391
epoch=40 loss_total=0.703631 loss_rec=0.553006 valid_auc=0.696261 valid_rmse=0.473568 q_change=48 q_delta=0.381946 q_grad=0.002466
epoch=41 loss_total=0.696599 loss_rec=0.546153 valid_auc=0.696540 valid_rmse=0.476139 q_change=46 q_delta=0.382589 q_grad=0.002505
epoch=42 loss_total=0.696535 loss_rec=0.546249 valid_auc=0.694219 valid_rmse=0.475444 q_change=47 q_delta=0.383582 q_grad=0.002639
epoch=43 loss_total=0.689500 loss_rec=0.539327 valid_auc=0.695179 valid_rmse=0.475984 q_change=46 q_delta=0.384086 q_grad=0.002630
epoch=44 loss_total=0.685035 loss_rec=0.535028 valid_auc=0.694475 valid_rmse=0.477119 q_change=46 q_delta=0.384969 q_grad=0.002717
epoch=45 loss_total=0.678801 loss_rec=0.528990 valid_auc=0.693482 valid_rmse=0.481666 q_change=46 q_delta=0.385517 q_grad=0.002756
epoch=46 loss_total=0.678608 loss_rec=0.528915 valid_auc=0.696786 valid_rmse=0.475935 q_change=45 q_delta=0.386418 q_grad=0.002762
epoch=47 loss_total=0.671564 loss_rec=0.522067 valid_auc=0.692600 valid_rmse=0.480218 q_change=45 q_delta=0.387133 q_grad=0.002759
epoch=48 loss_total=0.669455 loss_rec=0.520123 valid_auc=0.692500 valid_rmse=0.478897 q_change=44 q_delta=0.387809 q_grad=0.002888
epoch=49 loss_total=0.661592 loss_rec=0.512378 valid_auc=0.694821 valid_rmse=0.478140 q_change=44 q_delta=0.388228 q_grad=0.002837
epoch=50 loss_total=0.657466 loss_rec=0.508364 valid_auc=0.691964 valid_rmse=0.481838 q_change=44 q_delta=0.388687 q_grad=0.002869
epoch=51 loss_total=0.654871 loss_rec=0.505952 valid_auc=0.692545 valid_rmse=0.482687 q_change=43 q_delta=0.389205 q_grad=0.002938
epoch=52 loss_total=0.654542 loss_rec=0.505775 valid_auc=0.691998 valid_rmse=0.481189 q_change=43 q_delta=0.389833 q_grad=0.002948
epoch=53 loss_total=0.655319 loss_rec=0.506646 valid_auc=0.692846 valid_rmse=0.480323 q_change=43 q_delta=0.390226 q_grad=0.002978
epoch=54 loss_total=0.646703 loss_rec=0.498167 valid_auc=0.687746 valid_rmse=0.483519 q_change=43 q_delta=0.390574 q_grad=0.003020
epoch=55 loss_total=0.641582 loss_rec=0.493182 valid_auc=0.693248 valid_rmse=0.480630 q_change=43 q_delta=0.391159 q_grad=0.002935
epoch=56 loss_total=0.640388 loss_rec=0.492088 valid_auc=0.688281 valid_rmse=0.483634 q_change=43 q_delta=0.391518 q_grad=0.003034
Early stopping at epoch 56; best_epoch=36.
Saved run to C:\Users\YAN_SHU_YU\Desktop\Generative-CD\Q_GNCDM\results\weak_q_lambda_sweep\lq_0p5_ls_0p3_lb_0p6\seed_2026\noise_0.20\weak-q_lq_0p5_ls_0p3_lb_0p6
Final metrics: q_hat_f1=0.250000 response_auc=0.691261 mastery_pearson=0.436838
