run=weak-q_lq_0p5_ls_0p6_lb_0p5 mode=weak-q noise=0.20 train=4200 valid=600 test=1200
epoch=1 loss_total=1.108983 loss_rec=0.725663 valid_auc=0.587645 valid_rmse=0.499756 q_change=57 q_delta=0.079075 q_grad=0.000625
epoch=2 loss_total=1.042296 loss_rec=0.705958 valid_auc=0.594152 valid_rmse=0.499329 q_change=57 q_delta=0.149387 q_grad=0.000568
epoch=3 loss_total=0.996081 loss_rec=0.700117 valid_auc=0.606864 valid_rmse=0.498591 q_change=57 q_delta=0.208400 q_grad=0.000508
epoch=4 loss_total=0.956725 loss_rec=0.694046 valid_auc=0.624888 valid_rmse=0.497991 q_change=57 q_delta=0.256113 q_grad=0.000446
epoch=5 loss_total=0.930610 loss_rec=0.694111 valid_auc=0.645692 valid_rmse=0.496270 q_change=57 q_delta=0.293137 q_grad=0.000391
epoch=6 loss_total=0.905986 loss_rec=0.689625 valid_auc=0.659665 valid_rmse=0.495356 q_change=57 q_delta=0.321082 q_grad=0.000350
epoch=7 loss_total=0.883237 loss_rec=0.681970 valid_auc=0.660179 valid_rmse=0.493063 q_change=57 q_delta=0.341648 q_grad=0.000337
epoch=8 loss_total=0.864578 loss_rec=0.673971 valid_auc=0.655893 valid_rmse=0.488640 q_change=57 q_delta=0.355457 q_grad=0.000381
epoch=9 loss_total=0.846131 loss_rec=0.662728 valid_auc=0.661328 valid_rmse=0.481896 q_change=57 q_delta=0.365462 q_grad=0.000503
epoch=10 loss_total=0.838064 loss_rec=0.660394 valid_auc=0.662132 valid_rmse=0.481257 q_change=57 q_delta=0.373462 q_grad=0.000607
epoch=11 loss_total=0.829926 loss_rec=0.656665 valid_auc=0.663147 valid_rmse=0.480096 q_change=57 q_delta=0.380361 q_grad=0.000717
epoch=12 loss_total=0.817202 loss_rec=0.647929 valid_auc=0.667623 valid_rmse=0.480794 q_change=57 q_delta=0.385912 q_grad=0.000786
epoch=13 loss_total=0.811895 loss_rec=0.645937 valid_auc=0.668817 valid_rmse=0.477750 q_change=57 q_delta=0.390763 q_grad=0.000811
epoch=14 loss_total=0.808455 loss_rec=0.645040 valid_auc=0.669431 valid_rmse=0.479112 q_change=57 q_delta=0.394264 q_grad=0.000910
epoch=15 loss_total=0.804738 loss_rec=0.643498 valid_auc=0.669029 valid_rmse=0.477393 q_change=57 q_delta=0.397734 q_grad=0.000976
epoch=16 loss_total=0.803703 loss_rec=0.644262 valid_auc=0.671295 valid_rmse=0.477186 q_change=57 q_delta=0.400256 q_grad=0.001087
epoch=17 loss_total=0.801056 loss_rec=0.643226 valid_auc=0.672969 valid_rmse=0.477483 q_change=57 q_delta=0.402489 q_grad=0.001071
epoch=18 loss_total=0.794258 loss_rec=0.637725 valid_auc=0.674386 valid_rmse=0.476588 q_change=57 q_delta=0.404513 q_grad=0.001124
epoch=19 loss_total=0.791681 loss_rec=0.636376 valid_auc=0.675569 valid_rmse=0.476532 q_change=57 q_delta=0.406251 q_grad=0.001220
epoch=20 loss_total=0.790168 loss_rec=0.635828 valid_auc=0.679208 valid_rmse=0.474979 q_change=57 q_delta=0.407862 q_grad=0.001331
epoch=21 loss_total=0.786210 loss_rec=0.632790 valid_auc=0.679721 valid_rmse=0.476035 q_change=57 q_delta=0.408902 q_grad=0.001295
epoch=22 loss_total=0.784861 loss_rec=0.632108 valid_auc=0.680893 valid_rmse=0.474667 q_change=57 q_delta=0.409871 q_grad=0.001429
epoch=23 loss_total=0.781427 loss_rec=0.629275 valid_auc=0.679955 valid_rmse=0.474317 q_change=57 q_delta=0.410906 q_grad=0.001452
epoch=24 loss_total=0.776586 loss_rec=0.624994 valid_auc=0.678817 valid_rmse=0.474770 q_change=57 q_delta=0.411596 q_grad=0.001514
epoch=25 loss_total=0.779072 loss_rec=0.627901 valid_auc=0.680145 valid_rmse=0.474498 q_change=57 q_delta=0.412000 q_grad=0.001667
epoch=26 loss_total=0.776215 loss_rec=0.625348 valid_auc=0.681596 valid_rmse=0.475252 q_change=57 q_delta=0.412340 q_grad=0.001673
epoch=27 loss_total=0.773175 loss_rec=0.622439 valid_auc=0.685458 valid_rmse=0.474892 q_change=57 q_delta=0.412346 q_grad=0.001685
epoch=28 loss_total=0.774487 loss_rec=0.623916 valid_auc=0.683873 valid_rmse=0.474189 q_change=56 q_delta=0.412935 q_grad=0.001784
epoch=29 loss_total=0.769778 loss_rec=0.619359 valid_auc=0.686842 valid_rmse=0.473615 q_change=56 q_delta=0.413794 q_grad=0.001844
epoch=30 loss_total=0.769854 loss_rec=0.619578 valid_auc=0.686998 valid_rmse=0.473664 q_change=56 q_delta=0.414402 q_grad=0.001819
epoch=31 loss_total=0.766039 loss_rec=0.615821 valid_auc=0.688025 valid_rmse=0.473589 q_change=56 q_delta=0.414988 q_grad=0.001865
epoch=32 loss_total=0.767528 loss_rec=0.617485 valid_auc=0.690201 valid_rmse=0.474036 q_change=56 q_delta=0.415378 q_grad=0.001928
epoch=33 loss_total=0.765826 loss_rec=0.615887 valid_auc=0.686886 valid_rmse=0.472559 q_change=56 q_delta=0.416008 q_grad=0.001903
epoch=34 loss_total=0.764769 loss_rec=0.614990 valid_auc=0.686384 valid_rmse=0.472469 q_change=56 q_delta=0.416266 q_grad=0.001920
epoch=35 loss_total=0.765351 loss_rec=0.615705 valid_auc=0.689833 valid_rmse=0.471655 q_change=56 q_delta=0.416493 q_grad=0.001902
epoch=36 loss_total=0.761795 loss_rec=0.612160 valid_auc=0.691741 valid_rmse=0.472220 q_change=56 q_delta=0.416371 q_grad=0.001948
epoch=37 loss_total=0.755888 loss_rec=0.606260 valid_auc=0.691406 valid_rmse=0.472212 q_change=56 q_delta=0.416476 q_grad=0.001952
epoch=38 loss_total=0.755145 loss_rec=0.605647 valid_auc=0.691172 valid_rmse=0.474284 q_change=55 q_delta=0.416574 q_grad=0.002056
epoch=39 loss_total=0.757625 loss_rec=0.608188 valid_auc=0.692857 valid_rmse=0.471203 q_change=55 q_delta=0.417123 q_grad=0.001984
epoch=40 loss_total=0.752950 loss_rec=0.603601 valid_auc=0.692556 valid_rmse=0.471534 q_change=55 q_delta=0.417615 q_grad=0.002016
epoch=41 loss_total=0.748825 loss_rec=0.599588 valid_auc=0.694710 valid_rmse=0.471578 q_change=55 q_delta=0.418070 q_grad=0.002006
epoch=42 loss_total=0.752399 loss_rec=0.603219 valid_auc=0.691596 valid_rmse=0.471685 q_change=55 q_delta=0.418564 q_grad=0.002086
epoch=43 loss_total=0.747902 loss_rec=0.598733 valid_auc=0.692377 valid_rmse=0.471682 q_change=55 q_delta=0.418829 q_grad=0.002030
epoch=44 loss_total=0.748618 loss_rec=0.599616 valid_auc=0.693170 valid_rmse=0.471859 q_change=55 q_delta=0.419329 q_grad=0.002086
epoch=45 loss_total=0.745236 loss_rec=0.596399 valid_auc=0.694007 valid_rmse=0.474298 q_change=55 q_delta=0.419613 q_grad=0.002113
epoch=46 loss_total=0.746015 loss_rec=0.597263 valid_auc=0.694877 valid_rmse=0.470226 q_change=54 q_delta=0.420108 q_grad=0.002070
epoch=47 loss_total=0.743542 loss_rec=0.594974 valid_auc=0.695982 valid_rmse=0.471155 q_change=54 q_delta=0.420477 q_grad=0.002096
epoch=48 loss_total=0.742608 loss_rec=0.594156 valid_auc=0.694766 valid_rmse=0.470858 q_change=54 q_delta=0.420823 q_grad=0.002151
epoch=49 loss_total=0.740224 loss_rec=0.591891 valid_auc=0.695067 valid_rmse=0.470750 q_change=54 q_delta=0.421073 q_grad=0.002190
epoch=50 loss_total=0.736329 loss_rec=0.588099 valid_auc=0.693281 valid_rmse=0.471876 q_change=53 q_delta=0.421352 q_grad=0.002102
epoch=51 loss_total=0.736797 loss_rec=0.588725 valid_auc=0.695446 valid_rmse=0.473435 q_change=53 q_delta=0.421521 q_grad=0.002234
epoch=52 loss_total=0.738269 loss_rec=0.590348 valid_auc=0.693705 valid_rmse=0.471740 q_change=53 q_delta=0.421903 q_grad=0.002239
epoch=53 loss_total=0.739616 loss_rec=0.591780 valid_auc=0.695692 valid_rmse=0.471357 q_change=52 q_delta=0.422114 q_grad=0.002253
epoch=54 loss_total=0.731394 loss_rec=0.583668 valid_auc=0.692556 valid_rmse=0.473303 q_change=52 q_delta=0.422327 q_grad=0.002229
epoch=55 loss_total=0.730207 loss_rec=0.582620 valid_auc=0.697355 valid_rmse=0.471277 q_change=52 q_delta=0.422684 q_grad=0.002276
epoch=56 loss_total=0.731577 loss_rec=0.584069 valid_auc=0.694275 valid_rmse=0.471988 q_change=52 q_delta=0.422971 q_grad=0.002310
epoch=57 loss_total=0.729486 loss_rec=0.582061 valid_auc=0.694319 valid_rmse=0.474306 q_change=52 q_delta=0.423213 q_grad=0.002412
epoch=58 loss_total=0.725677 loss_rec=0.578283 valid_auc=0.692746 valid_rmse=0.475456 q_change=52 q_delta=0.423499 q_grad=0.002380
epoch=59 loss_total=0.726245 loss_rec=0.578973 valid_auc=0.692299 valid_rmse=0.472818 q_change=52 q_delta=0.423771 q_grad=0.002372
epoch=60 loss_total=0.724988 loss_rec=0.577746 valid_auc=0.692734 valid_rmse=0.474300 q_change=52 q_delta=0.423758 q_grad=0.002428
epoch=61 loss_total=0.723274 loss_rec=0.576004 valid_auc=0.692455 valid_rmse=0.473916 q_change=52 q_delta=0.423853 q_grad=0.002497
epoch=62 loss_total=0.719698 loss_rec=0.572466 valid_auc=0.690681 valid_rmse=0.473803 q_change=53 q_delta=0.423916 q_grad=0.002470
epoch=63 loss_total=0.719758 loss_rec=0.572476 valid_auc=0.689386 valid_rmse=0.474708 q_change=52 q_delta=0.423880 q_grad=0.002521
epoch=64 loss_total=0.721601 loss_rec=0.574279 valid_auc=0.693504 valid_rmse=0.476893 q_change=52 q_delta=0.423807 q_grad=0.002586
epoch=65 loss_total=0.715305 loss_rec=0.567916 valid_auc=0.691205 valid_rmse=0.474309 q_change=52 q_delta=0.423956 q_grad=0.002474
epoch=66 loss_total=0.715388 loss_rec=0.567924 valid_auc=0.689420 valid_rmse=0.475381 q_change=52 q_delta=0.424194 q_grad=0.002653
epoch=67 loss_total=0.716242 loss_rec=0.568711 valid_auc=0.687634 valid_rmse=0.476513 q_change=52 q_delta=0.424485 q_grad=0.002658
epoch=68 loss_total=0.710140 loss_rec=0.562506 valid_auc=0.689397 valid_rmse=0.478603 q_change=52 q_delta=0.424639 q_grad=0.002665
epoch=69 loss_total=0.706276 loss_rec=0.558558 valid_auc=0.691797 valid_rmse=0.482925 q_change=52 q_delta=0.424734 q_grad=0.002773
epoch=70 loss_total=0.703616 loss_rec=0.555775 valid_auc=0.686663 valid_rmse=0.476536 q_change=52 q_delta=0.424990 q_grad=0.002809
epoch=71 loss_total=0.703899 loss_rec=0.556044 valid_auc=0.687667 valid_rmse=0.476024 q_change=51 q_delta=0.425081 q_grad=0.002835
epoch=72 loss_total=0.701303 loss_rec=0.553310 valid_auc=0.687757 valid_rmse=0.476276 q_change=51 q_delta=0.425376 q_grad=0.002851
epoch=73 loss_total=0.695646 loss_rec=0.547619 valid_auc=0.685123 valid_rmse=0.477769 q_change=51 q_delta=0.425835 q_grad=0.002932
epoch=74 loss_total=0.699050 loss_rec=0.550944 valid_auc=0.685089 valid_rmse=0.478323 q_change=51 q_delta=0.426223 q_grad=0.002895
epoch=75 loss_total=0.696437 loss_rec=0.548281 valid_auc=0.681083 valid_rmse=0.486059 q_change=51 q_delta=0.426433 q_grad=0.002913
Early stopping at epoch 75; best_epoch=55.
Saved run to C:\Users\YAN_SHU_YU\Desktop\Generative-CD\Q_GNCDM\results\weak_q_lambda_sweep\lq_0p5_ls_0p6_lb_0p5\seed_2026\noise_0.20\weak-q_lq_0p5_ls_0p6_lb_0p5
Final metrics: q_hat_f1=0.163934 response_auc=0.687033 mastery_pearson=0.348238
