run=weak-q_lq_0p3_ls_0p7_lb_0p6 mode=weak-q noise=0.20 train=4200 valid=600 test=1200
epoch=1 loss_total=1.176143 loss_rec=0.725668 valid_auc=0.587567 valid_rmse=0.499760 q_change=57 q_delta=0.079967 q_grad=0.000755
epoch=2 loss_total=1.096631 loss_rec=0.706043 valid_auc=0.593365 valid_rmse=0.499369 q_change=57 q_delta=0.153235 q_grad=0.000732
epoch=3 loss_total=1.035191 loss_rec=0.700396 valid_auc=0.604386 valid_rmse=0.498727 q_change=57 q_delta=0.215895 q_grad=0.000685
epoch=4 loss_total=0.980857 loss_rec=0.694685 valid_auc=0.620424 valid_rmse=0.498321 q_change=57 q_delta=0.266710 q_grad=0.000617
epoch=5 loss_total=0.941770 loss_rec=0.695339 valid_auc=0.640145 valid_rmse=0.496953 q_change=57 q_delta=0.306128 q_grad=0.000540
epoch=6 loss_total=0.907094 loss_rec=0.692082 valid_auc=0.655558 valid_rmse=0.496799 q_change=57 q_delta=0.336060 q_grad=0.000468
epoch=7 loss_total=0.877924 loss_rec=0.687238 valid_auc=0.657154 valid_rmse=0.496175 q_change=57 q_delta=0.358705 q_grad=0.000408
epoch=8 loss_total=0.856775 loss_rec=0.684605 valid_auc=0.651306 valid_rmse=0.494784 q_change=57 q_delta=0.375458 q_grad=0.000365
epoch=9 loss_total=0.838686 loss_rec=0.680308 valid_auc=0.653393 valid_rmse=0.490375 q_change=57 q_delta=0.387929 q_grad=0.000366
epoch=10 loss_total=0.825287 loss_rec=0.677254 valid_auc=0.656373 valid_rmse=0.487887 q_change=57 q_delta=0.396790 q_grad=0.000394
epoch=11 loss_total=0.811131 loss_rec=0.670416 valid_auc=0.655033 valid_rmse=0.484859 q_change=57 q_delta=0.403644 q_grad=0.000474
epoch=12 loss_total=0.793939 loss_rec=0.659455 valid_auc=0.657321 valid_rmse=0.485019 q_change=57 q_delta=0.409448 q_grad=0.000554
epoch=13 loss_total=0.785883 loss_rec=0.656870 valid_auc=0.658761 valid_rmse=0.481228 q_change=57 q_delta=0.414557 q_grad=0.000578
epoch=14 loss_total=0.779789 loss_rec=0.655159 valid_auc=0.662344 valid_rmse=0.482442 q_change=57 q_delta=0.418581 q_grad=0.000643
epoch=15 loss_total=0.775068 loss_rec=0.654269 valid_auc=0.660022 valid_rmse=0.480879 q_change=57 q_delta=0.422326 q_grad=0.000675
epoch=16 loss_total=0.772015 loss_rec=0.654369 valid_auc=0.660859 valid_rmse=0.480976 q_change=57 q_delta=0.425283 q_grad=0.000736
epoch=17 loss_total=0.769609 loss_rec=0.654838 valid_auc=0.662455 valid_rmse=0.481631 q_change=57 q_delta=0.427904 q_grad=0.000711
epoch=18 loss_total=0.762420 loss_rec=0.650108 valid_auc=0.664129 valid_rmse=0.481059 q_change=57 q_delta=0.430280 q_grad=0.000725
epoch=19 loss_total=0.758688 loss_rec=0.648533 valid_auc=0.663382 valid_rmse=0.480924 q_change=57 q_delta=0.432303 q_grad=0.000764
epoch=20 loss_total=0.757468 loss_rec=0.649158 valid_auc=0.667400 valid_rmse=0.479526 q_change=57 q_delta=0.434211 q_grad=0.000828
epoch=21 loss_total=0.753284 loss_rec=0.646752 valid_auc=0.666456 valid_rmse=0.480448 q_change=57 q_delta=0.435693 q_grad=0.000782
epoch=22 loss_total=0.752680 loss_rec=0.647598 valid_auc=0.665837 valid_rmse=0.479419 q_change=57 q_delta=0.437142 q_grad=0.000841
epoch=23 loss_total=0.748598 loss_rec=0.644884 valid_auc=0.664855 valid_rmse=0.479338 q_change=57 q_delta=0.438520 q_grad=0.000844
epoch=24 loss_total=0.744355 loss_rec=0.641928 valid_auc=0.666016 valid_rmse=0.479838 q_change=57 q_delta=0.439653 q_grad=0.000870
epoch=25 loss_total=0.746485 loss_rec=0.645114 valid_auc=0.665324 valid_rmse=0.479254 q_change=57 q_delta=0.440656 q_grad=0.000938
epoch=26 loss_total=0.743988 loss_rec=0.643613 valid_auc=0.665190 valid_rmse=0.479684 q_change=57 q_delta=0.441595 q_grad=0.000946
epoch=27 loss_total=0.742106 loss_rec=0.642582 valid_auc=0.666808 valid_rmse=0.479140 q_change=57 q_delta=0.442438 q_grad=0.000945
epoch=28 loss_total=0.742451 loss_rec=0.643752 valid_auc=0.667991 valid_rmse=0.478669 q_change=57 q_delta=0.443232 q_grad=0.000981
epoch=29 loss_total=0.739983 loss_rec=0.642029 valid_auc=0.668694 valid_rmse=0.478512 q_change=57 q_delta=0.443943 q_grad=0.001025
epoch=30 loss_total=0.740866 loss_rec=0.643585 valid_auc=0.670246 valid_rmse=0.479002 q_change=57 q_delta=0.444515 q_grad=0.001023
epoch=31 loss_total=0.737194 loss_rec=0.640466 valid_auc=0.668527 valid_rmse=0.478067 q_change=57 q_delta=0.445168 q_grad=0.001046
epoch=32 loss_total=0.739006 loss_rec=0.642858 valid_auc=0.670167 valid_rmse=0.478609 q_change=57 q_delta=0.445630 q_grad=0.001090
epoch=33 loss_total=0.737771 loss_rec=0.642058 valid_auc=0.669397 valid_rmse=0.477502 q_change=57 q_delta=0.446266 q_grad=0.001085
epoch=34 loss_total=0.736876 loss_rec=0.641692 valid_auc=0.668371 valid_rmse=0.477262 q_change=57 q_delta=0.446649 q_grad=0.001110
epoch=35 loss_total=0.738524 loss_rec=0.643763 valid_auc=0.669353 valid_rmse=0.476920 q_change=57 q_delta=0.447047 q_grad=0.001107
epoch=36 loss_total=0.735022 loss_rec=0.640637 valid_auc=0.670268 valid_rmse=0.478146 q_change=57 q_delta=0.447346 q_grad=0.001151
epoch=37 loss_total=0.730993 loss_rec=0.636974 valid_auc=0.671261 valid_rmse=0.477172 q_change=57 q_delta=0.447712 q_grad=0.001179
epoch=38 loss_total=0.729709 loss_rec=0.635998 valid_auc=0.672232 valid_rmse=0.478132 q_change=57 q_delta=0.448003 q_grad=0.001266
epoch=39 loss_total=0.733053 loss_rec=0.639670 valid_auc=0.671875 valid_rmse=0.476500 q_change=57 q_delta=0.448425 q_grad=0.001250
epoch=40 loss_total=0.729765 loss_rec=0.636713 valid_auc=0.672600 valid_rmse=0.476801 q_change=57 q_delta=0.448669 q_grad=0.001296
epoch=41 loss_total=0.726200 loss_rec=0.633414 valid_auc=0.674464 valid_rmse=0.476733 q_change=57 q_delta=0.448896 q_grad=0.001309
epoch=42 loss_total=0.730671 loss_rec=0.638110 valid_auc=0.671440 valid_rmse=0.477155 q_change=57 q_delta=0.449148 q_grad=0.001363
epoch=43 loss_total=0.727386 loss_rec=0.635023 valid_auc=0.672132 valid_rmse=0.476786 q_change=57 q_delta=0.449322 q_grad=0.001340
epoch=44 loss_total=0.727919 loss_rec=0.635756 valid_auc=0.672411 valid_rmse=0.477059 q_change=57 q_delta=0.449533 q_grad=0.001404
epoch=45 loss_total=0.725598 loss_rec=0.633630 valid_auc=0.674308 valid_rmse=0.478025 q_change=57 q_delta=0.449645 q_grad=0.001449
epoch=46 loss_total=0.727636 loss_rec=0.635794 valid_auc=0.676004 valid_rmse=0.475508 q_change=57 q_delta=0.449858 q_grad=0.001448
epoch=47 loss_total=0.725061 loss_rec=0.633381 valid_auc=0.676987 valid_rmse=0.475978 q_change=57 q_delta=0.449939 q_grad=0.001481
epoch=48 loss_total=0.726588 loss_rec=0.635019 valid_auc=0.678783 valid_rmse=0.474938 q_change=57 q_delta=0.450081 q_grad=0.001506
epoch=49 loss_total=0.724428 loss_rec=0.632918 valid_auc=0.679107 valid_rmse=0.475099 q_change=57 q_delta=0.450165 q_grad=0.001551
epoch=50 loss_total=0.721059 loss_rec=0.629653 valid_auc=0.677712 valid_rmse=0.475286 q_change=57 q_delta=0.450230 q_grad=0.001507
epoch=51 loss_total=0.722078 loss_rec=0.630729 valid_auc=0.678605 valid_rmse=0.477122 q_change=57 q_delta=0.450208 q_grad=0.001653
epoch=52 loss_total=0.723093 loss_rec=0.631785 valid_auc=0.679074 valid_rmse=0.475273 q_change=57 q_delta=0.450304 q_grad=0.001678
epoch=53 loss_total=0.724660 loss_rec=0.633414 valid_auc=0.679810 valid_rmse=0.474984 q_change=57 q_delta=0.450356 q_grad=0.001668
epoch=54 loss_total=0.716859 loss_rec=0.625625 valid_auc=0.679542 valid_rmse=0.475922 q_change=57 q_delta=0.450291 q_grad=0.001678
epoch=55 loss_total=0.717733 loss_rec=0.626467 valid_auc=0.682444 valid_rmse=0.474342 q_change=57 q_delta=0.450301 q_grad=0.001720
epoch=56 loss_total=0.719071 loss_rec=0.627806 valid_auc=0.681183 valid_rmse=0.474304 q_change=57 q_delta=0.450295 q_grad=0.001801
epoch=57 loss_total=0.718455 loss_rec=0.627147 valid_auc=0.680993 valid_rmse=0.476843 q_change=57 q_delta=0.450155 q_grad=0.001841
epoch=58 loss_total=0.714703 loss_rec=0.623305 valid_auc=0.681585 valid_rmse=0.475909 q_change=57 q_delta=0.450101 q_grad=0.001826
epoch=59 loss_total=0.715593 loss_rec=0.624169 valid_auc=0.681864 valid_rmse=0.474106 q_change=57 q_delta=0.450059 q_grad=0.001865
epoch=60 loss_total=0.714816 loss_rec=0.623301 valid_auc=0.685379 valid_rmse=0.473896 q_change=57 q_delta=0.449873 q_grad=0.001892
epoch=61 loss_total=0.714742 loss_rec=0.623012 valid_auc=0.684263 valid_rmse=0.474434 q_change=57 q_delta=0.449685 q_grad=0.001930
epoch=62 loss_total=0.713856 loss_rec=0.622005 valid_auc=0.684330 valid_rmse=0.473236 q_change=57 q_delta=0.449545 q_grad=0.001888
epoch=63 loss_total=0.714917 loss_rec=0.622877 valid_auc=0.684453 valid_rmse=0.473606 q_change=57 q_delta=0.449226 q_grad=0.001873
epoch=64 loss_total=0.716842 loss_rec=0.624612 valid_auc=0.687266 valid_rmse=0.475411 q_change=57 q_delta=0.448894 q_grad=0.001959
epoch=65 loss_total=0.710402 loss_rec=0.617904 valid_auc=0.687187 valid_rmse=0.472436 q_change=57 q_delta=0.448648 q_grad=0.001851
epoch=66 loss_total=0.711487 loss_rec=0.618812 valid_auc=0.690156 valid_rmse=0.472556 q_change=56 q_delta=0.448300 q_grad=0.001952
epoch=67 loss_total=0.712632 loss_rec=0.619770 valid_auc=0.686172 valid_rmse=0.474130 q_change=56 q_delta=0.448492 q_grad=0.001919
epoch=68 loss_total=0.708676 loss_rec=0.615694 valid_auc=0.689007 valid_rmse=0.473493 q_change=56 q_delta=0.448709 q_grad=0.001937
epoch=69 loss_total=0.704933 loss_rec=0.611838 valid_auc=0.692109 valid_rmse=0.478409 q_change=56 q_delta=0.448809 q_grad=0.001986
epoch=70 loss_total=0.705710 loss_rec=0.612552 valid_auc=0.688170 valid_rmse=0.472198 q_change=56 q_delta=0.449107 q_grad=0.001983
epoch=71 loss_total=0.706785 loss_rec=0.613680 valid_auc=0.689598 valid_rmse=0.472088 q_change=56 q_delta=0.449299 q_grad=0.001970
epoch=72 loss_total=0.705920 loss_rec=0.612782 valid_auc=0.688549 valid_rmse=0.472852 q_change=56 q_delta=0.449397 q_grad=0.002000
epoch=73 loss_total=0.703899 loss_rec=0.610824 valid_auc=0.686663 valid_rmse=0.472937 q_change=56 q_delta=0.449633 q_grad=0.002032
epoch=74 loss_total=0.706655 loss_rec=0.613631 valid_auc=0.688493 valid_rmse=0.472990 q_change=56 q_delta=0.449716 q_grad=0.001989
epoch=75 loss_total=0.705303 loss_rec=0.612319 valid_auc=0.689085 valid_rmse=0.477290 q_change=56 q_delta=0.449734 q_grad=0.001968
epoch=76 loss_total=0.705766 loss_rec=0.612770 valid_auc=0.686228 valid_rmse=0.472752 q_change=56 q_delta=0.449909 q_grad=0.001955
epoch=77 loss_total=0.699777 loss_rec=0.606834 valid_auc=0.687600 valid_rmse=0.475871 q_change=56 q_delta=0.449912 q_grad=0.001940
epoch=78 loss_total=0.701925 loss_rec=0.609071 valid_auc=0.688527 valid_rmse=0.473680 q_change=56 q_delta=0.450056 q_grad=0.002071
epoch=79 loss_total=0.701761 loss_rec=0.608977 valid_auc=0.687589 valid_rmse=0.473349 q_change=56 q_delta=0.450234 q_grad=0.002149
epoch=80 loss_total=0.701320 loss_rec=0.608617 valid_auc=0.688181 valid_rmse=0.472380 q_change=55 q_delta=0.450310 q_grad=0.002044
epoch=81 loss_total=0.698687 loss_rec=0.605991 valid_auc=0.689632 valid_rmse=0.473287 q_change=55 q_delta=0.450291 q_grad=0.002111
epoch=82 loss_total=0.699209 loss_rec=0.606596 valid_auc=0.689308 valid_rmse=0.473351 q_change=55 q_delta=0.450435 q_grad=0.002115
epoch=83 loss_total=0.697851 loss_rec=0.605311 valid_auc=0.690011 valid_rmse=0.475955 q_change=55 q_delta=0.450427 q_grad=0.002089
epoch=84 loss_total=0.698796 loss_rec=0.606290 valid_auc=0.690837 valid_rmse=0.473002 q_change=55 q_delta=0.450523 q_grad=0.002129
epoch=85 loss_total=0.699290 loss_rec=0.606817 valid_auc=0.689475 valid_rmse=0.475887 q_change=55 q_delta=0.450553 q_grad=0.002168
epoch=86 loss_total=0.701907 loss_rec=0.609506 valid_auc=0.690179 valid_rmse=0.473572 q_change=55 q_delta=0.450679 q_grad=0.002152
epoch=87 loss_total=0.697481 loss_rec=0.605079 valid_auc=0.689721 valid_rmse=0.472887 q_change=55 q_delta=0.450793 q_grad=0.002106
epoch=88 loss_total=0.692305 loss_rec=0.599929 valid_auc=0.688114 valid_rmse=0.473890 q_change=55 q_delta=0.450891 q_grad=0.002150
epoch=89 loss_total=0.694094 loss_rec=0.601791 valid_auc=0.690045 valid_rmse=0.477891 q_change=55 q_delta=0.450972 q_grad=0.002171
Early stopping at epoch 89; best_epoch=69.
Saved run to C:\Users\YAN_SHU_YU\Desktop\Generative-CD\Q_GNCDM\results\weak_q_lambda_sweep\lq_0p3_ls_0p7_lb_0p6\seed_2026\noise_0.20\weak-q_lq_0p3_ls_0p7_lb_0p6
Final metrics: q_hat_f1=0.035088 response_auc=0.683617 mastery_pearson=0.274864
