run=weak-q_lq_0p6_ls_0p4_lb_0p7 mode=weak-q noise=0.20 train=4200 valid=600 test=1200
epoch=1 loss_total=1.071053 loss_rec=0.725660 valid_auc=0.587891 valid_rmse=0.499751 q_change=57 q_delta=0.078878 q_grad=0.000441
epoch=2 loss_total=1.017469 loss_rec=0.705922 valid_auc=0.595424 valid_rmse=0.499292 q_change=57 q_delta=0.149307 q_grad=0.000411
epoch=3 loss_total=0.981511 loss_rec=0.699987 valid_auc=0.610374 valid_rmse=0.498483 q_change=57 q_delta=0.208593 q_grad=0.000380
epoch=4 loss_total=0.949836 loss_rec=0.693745 valid_auc=0.632020 valid_rmse=0.497764 q_change=57 q_delta=0.256516 q_grad=0.000343
epoch=5 loss_total=0.929358 loss_rec=0.693486 valid_auc=0.653984 valid_rmse=0.495821 q_change=57 q_delta=0.293123 q_grad=0.000316
epoch=6 loss_total=0.908612 loss_rec=0.688203 valid_auc=0.664844 valid_rmse=0.494342 q_change=57 q_delta=0.319793 q_grad=0.000303
epoch=7 loss_total=0.887597 loss_rec=0.678439 valid_auc=0.663683 valid_rmse=0.490706 q_change=57 q_delta=0.338202 q_grad=0.000326
epoch=8 loss_total=0.869099 loss_rec=0.667326 valid_auc=0.659922 valid_rmse=0.485081 q_change=57 q_delta=0.349441 q_grad=0.000430
epoch=9 loss_total=0.852430 loss_rec=0.655586 valid_auc=0.665246 valid_rmse=0.479511 q_change=57 q_delta=0.358228 q_grad=0.000589
epoch=10 loss_total=0.848421 loss_rec=0.655837 valid_auc=0.666384 valid_rmse=0.479564 q_change=57 q_delta=0.365388 q_grad=0.000691
epoch=11 loss_total=0.842016 loss_rec=0.652629 valid_auc=0.668248 valid_rmse=0.478500 q_change=57 q_delta=0.371425 q_grad=0.000805
epoch=12 loss_total=0.830499 loss_rec=0.643931 valid_auc=0.670324 valid_rmse=0.479308 q_change=57 q_delta=0.376039 q_grad=0.000881
epoch=13 loss_total=0.825715 loss_rec=0.641455 valid_auc=0.671674 valid_rmse=0.476543 q_change=57 q_delta=0.380179 q_grad=0.000916
epoch=14 loss_total=0.823039 loss_rec=0.640525 valid_auc=0.671853 valid_rmse=0.477881 q_change=57 q_delta=0.382876 q_grad=0.001033
epoch=15 loss_total=0.819527 loss_rec=0.638454 valid_auc=0.672958 valid_rmse=0.476058 q_change=57 q_delta=0.385724 q_grad=0.001113
epoch=16 loss_total=0.819122 loss_rec=0.639250 valid_auc=0.676350 valid_rmse=0.475672 q_change=57 q_delta=0.387525 q_grad=0.001246
epoch=17 loss_total=0.816342 loss_rec=0.637492 valid_auc=0.677801 valid_rmse=0.475778 q_change=57 q_delta=0.389103 q_grad=0.001237
epoch=18 loss_total=0.809329 loss_rec=0.631227 valid_auc=0.680379 valid_rmse=0.474986 q_change=57 q_delta=0.390365 q_grad=0.001306
epoch=19 loss_total=0.807174 loss_rec=0.629820 valid_auc=0.680893 valid_rmse=0.474992 q_change=57 q_delta=0.391432 q_grad=0.001422
epoch=20 loss_total=0.804943 loss_rec=0.628092 valid_auc=0.684459 valid_rmse=0.473096 q_change=57 q_delta=0.392227 q_grad=0.001543
epoch=21 loss_total=0.800494 loss_rec=0.624080 valid_auc=0.684732 valid_rmse=0.474295 q_change=56 q_delta=0.392819 q_grad=0.001509
epoch=22 loss_total=0.797946 loss_rec=0.621819 valid_auc=0.686663 valid_rmse=0.472771 q_change=56 q_delta=0.393871 q_grad=0.001669
epoch=23 loss_total=0.794282 loss_rec=0.618446 valid_auc=0.684900 valid_rmse=0.472743 q_change=56 q_delta=0.394956 q_grad=0.001686
epoch=24 loss_total=0.788635 loss_rec=0.613087 valid_auc=0.685636 valid_rmse=0.473083 q_change=56 q_delta=0.395565 q_grad=0.001746
epoch=25 loss_total=0.790080 loss_rec=0.614832 valid_auc=0.685993 valid_rmse=0.473130 q_change=56 q_delta=0.395891 q_grad=0.001924
epoch=26 loss_total=0.787027 loss_rec=0.611955 valid_auc=0.687723 valid_rmse=0.473846 q_change=56 q_delta=0.396161 q_grad=0.001917
epoch=27 loss_total=0.783279 loss_rec=0.608370 valid_auc=0.688560 valid_rmse=0.474579 q_change=55 q_delta=0.396296 q_grad=0.001920
epoch=28 loss_total=0.785011 loss_rec=0.610374 valid_auc=0.686105 valid_rmse=0.473846 q_change=55 q_delta=0.397138 q_grad=0.002011
epoch=29 loss_total=0.779135 loss_rec=0.604767 valid_auc=0.689129 valid_rmse=0.473223 q_change=55 q_delta=0.397729 q_grad=0.002059
epoch=30 loss_total=0.778877 loss_rec=0.604693 valid_auc=0.690625 valid_rmse=0.473624 q_change=54 q_delta=0.398117 q_grad=0.002024
epoch=31 loss_total=0.775155 loss_rec=0.601143 valid_auc=0.690435 valid_rmse=0.473331 q_change=54 q_delta=0.398546 q_grad=0.002049
epoch=32 loss_total=0.776103 loss_rec=0.602341 valid_auc=0.692779 valid_rmse=0.473273 q_change=53 q_delta=0.399263 q_grad=0.002098
epoch=33 loss_total=0.773710 loss_rec=0.600138 valid_auc=0.690636 valid_rmse=0.471984 q_change=53 q_delta=0.400185 q_grad=0.002069
epoch=34 loss_total=0.773211 loss_rec=0.599861 valid_auc=0.688393 valid_rmse=0.472411 q_change=53 q_delta=0.400906 q_grad=0.002078
epoch=35 loss_total=0.772950 loss_rec=0.599811 valid_auc=0.692600 valid_rmse=0.471251 q_change=53 q_delta=0.401762 q_grad=0.002044
epoch=36 loss_total=0.768476 loss_rec=0.595470 valid_auc=0.694621 valid_rmse=0.471874 q_change=53 q_delta=0.402241 q_grad=0.002101
epoch=37 loss_total=0.763167 loss_rec=0.590296 valid_auc=0.693828 valid_rmse=0.472443 q_change=53 q_delta=0.402891 q_grad=0.002105
epoch=38 loss_total=0.761660 loss_rec=0.588977 valid_auc=0.694196 valid_rmse=0.473734 q_change=53 q_delta=0.403536 q_grad=0.002211
epoch=39 loss_total=0.763897 loss_rec=0.591384 valid_auc=0.695290 valid_rmse=0.470771 q_change=53 q_delta=0.404286 q_grad=0.002149
epoch=40 loss_total=0.758802 loss_rec=0.586483 valid_auc=0.694967 valid_rmse=0.471615 q_change=53 q_delta=0.404738 q_grad=0.002196
epoch=41 loss_total=0.754990 loss_rec=0.582853 valid_auc=0.696172 valid_rmse=0.471980 q_change=53 q_delta=0.405211 q_grad=0.002196
epoch=42 loss_total=0.757331 loss_rec=0.585329 valid_auc=0.693616 valid_rmse=0.472016 q_change=53 q_delta=0.405764 q_grad=0.002318
epoch=43 loss_total=0.752676 loss_rec=0.580757 valid_auc=0.693672 valid_rmse=0.472649 q_change=53 q_delta=0.406005 q_grad=0.002295
epoch=44 loss_total=0.752400 loss_rec=0.580640 valid_auc=0.694353 valid_rmse=0.472995 q_change=53 q_delta=0.406313 q_grad=0.002367
epoch=45 loss_total=0.748245 loss_rec=0.576630 valid_auc=0.693996 valid_rmse=0.475791 q_change=53 q_delta=0.406453 q_grad=0.002401
epoch=46 loss_total=0.748601 loss_rec=0.577054 valid_auc=0.696574 valid_rmse=0.471559 q_change=53 q_delta=0.406914 q_grad=0.002391
epoch=47 loss_total=0.745109 loss_rec=0.573711 valid_auc=0.695469 valid_rmse=0.473545 q_change=53 q_delta=0.406994 q_grad=0.002420
epoch=48 loss_total=0.743153 loss_rec=0.571806 valid_auc=0.693834 valid_rmse=0.473035 q_change=53 q_delta=0.407183 q_grad=0.002527
epoch=49 loss_total=0.738764 loss_rec=0.567466 valid_auc=0.695312 valid_rmse=0.472592 q_change=53 q_delta=0.407148 q_grad=0.002566
epoch=50 loss_total=0.735235 loss_rec=0.563955 valid_auc=0.693650 valid_rmse=0.474220 q_change=53 q_delta=0.407148 q_grad=0.002535
epoch=51 loss_total=0.734128 loss_rec=0.562924 valid_auc=0.695804 valid_rmse=0.476323 q_change=53 q_delta=0.406968 q_grad=0.002668
epoch=52 loss_total=0.734075 loss_rec=0.562919 valid_auc=0.694821 valid_rmse=0.473683 q_change=52 q_delta=0.407045 q_grad=0.002695
epoch=53 loss_total=0.733894 loss_rec=0.562716 valid_auc=0.696016 valid_rmse=0.473424 q_change=52 q_delta=0.406906 q_grad=0.002736
epoch=54 loss_total=0.724413 loss_rec=0.553258 valid_auc=0.691674 valid_rmse=0.475917 q_change=51 q_delta=0.406964 q_grad=0.002762
epoch=55 loss_total=0.720229 loss_rec=0.549091 valid_auc=0.698304 valid_rmse=0.473101 q_change=51 q_delta=0.407168 q_grad=0.002759
epoch=56 loss_total=0.719951 loss_rec=0.548797 valid_auc=0.693471 valid_rmse=0.475020 q_change=51 q_delta=0.407608 q_grad=0.002858
epoch=57 loss_total=0.716444 loss_rec=0.545312 valid_auc=0.693147 valid_rmse=0.477594 q_change=51 q_delta=0.407958 q_grad=0.002995
epoch=58 loss_total=0.708465 loss_rec=0.537335 valid_auc=0.692254 valid_rmse=0.480437 q_change=51 q_delta=0.408341 q_grad=0.002949
epoch=59 loss_total=0.708250 loss_rec=0.537188 valid_auc=0.693739 valid_rmse=0.475915 q_change=51 q_delta=0.408875 q_grad=0.002965
epoch=60 loss_total=0.705562 loss_rec=0.534520 valid_auc=0.693917 valid_rmse=0.476682 q_change=51 q_delta=0.409136 q_grad=0.003013
epoch=61 loss_total=0.701011 loss_rec=0.529968 valid_auc=0.692701 valid_rmse=0.477101 q_change=51 q_delta=0.409442 q_grad=0.003135
epoch=62 loss_total=0.696240 loss_rec=0.525306 valid_auc=0.693661 valid_rmse=0.476940 q_change=51 q_delta=0.409723 q_grad=0.003082
epoch=63 loss_total=0.694600 loss_rec=0.523681 valid_auc=0.690335 valid_rmse=0.478056 q_change=51 q_delta=0.409905 q_grad=0.003192
epoch=64 loss_total=0.695121 loss_rec=0.524234 valid_auc=0.694275 valid_rmse=0.481629 q_change=51 q_delta=0.409853 q_grad=0.003231
epoch=65 loss_total=0.687834 loss_rec=0.516980 valid_auc=0.692835 valid_rmse=0.477951 q_change=51 q_delta=0.410220 q_grad=0.003102
epoch=66 loss_total=0.688327 loss_rec=0.517534 valid_auc=0.691964 valid_rmse=0.479376 q_change=50 q_delta=0.410241 q_grad=0.003343
epoch=67 loss_total=0.688032 loss_rec=0.517285 valid_auc=0.691696 valid_rmse=0.479968 q_change=50 q_delta=0.410345 q_grad=0.003360
epoch=68 loss_total=0.679225 loss_rec=0.508535 valid_auc=0.691228 valid_rmse=0.484003 q_change=50 q_delta=0.410257 q_grad=0.003274
epoch=69 loss_total=0.676149 loss_rec=0.505459 valid_auc=0.692980 valid_rmse=0.487277 q_change=49 q_delta=0.410295 q_grad=0.003453
epoch=70 loss_total=0.673287 loss_rec=0.502661 valid_auc=0.690848 valid_rmse=0.480719 q_change=49 q_delta=0.410520 q_grad=0.003499
epoch=71 loss_total=0.673763 loss_rec=0.503209 valid_auc=0.692098 valid_rmse=0.480434 q_change=49 q_delta=0.410557 q_grad=0.003441
epoch=72 loss_total=0.670944 loss_rec=0.500385 valid_auc=0.690949 valid_rmse=0.480520 q_change=49 q_delta=0.410712 q_grad=0.003506
epoch=73 loss_total=0.664398 loss_rec=0.493888 valid_auc=0.687467 valid_rmse=0.483311 q_change=49 q_delta=0.410750 q_grad=0.003537
epoch=74 loss_total=0.670469 loss_rec=0.499997 valid_auc=0.688672 valid_rmse=0.482968 q_change=49 q_delta=0.410852 q_grad=0.003490
epoch=75 loss_total=0.666478 loss_rec=0.496018 valid_auc=0.687321 valid_rmse=0.490555 q_change=49 q_delta=0.410701 q_grad=0.003518
Early stopping at epoch 75; best_epoch=55.
Saved run to C:\Users\YAN_SHU_YU\Desktop\Generative-CD\Q_GNCDM\results\weak_q_lambda_sweep\lq_0p6_ls_0p4_lb_0p7\seed_2026\noise_0.20\weak-q_lq_0p6_ls_0p4_lb_0p7
Final metrics: q_hat_f1=0.193548 response_auc=0.684192 mastery_pearson=0.421729
