run=weak-q_lq_0p4_ls_0p6_lb_0p7 mode=weak-q noise=0.20 train=4200 valid=600 test=1200
epoch=1 loss_total=1.157298 loss_rec=0.725667 valid_auc=0.587634 valid_rmse=0.499759 q_change=57 q_delta=0.079936 q_grad=0.000659
epoch=2 loss_total=1.085096 loss_rec=0.706034 valid_auc=0.593962 valid_rmse=0.499361 q_change=57 q_delta=0.153272 q_grad=0.000642
epoch=3 loss_total=1.030076 loss_rec=0.700367 valid_auc=0.605921 valid_rmse=0.498703 q_change=57 q_delta=0.216058 q_grad=0.000604
epoch=4 loss_total=0.981049 loss_rec=0.694626 valid_auc=0.622606 valid_rmse=0.498277 q_change=57 q_delta=0.266990 q_grad=0.000547
epoch=5 loss_total=0.946187 loss_rec=0.695238 valid_auc=0.642321 valid_rmse=0.496882 q_change=57 q_delta=0.306403 q_grad=0.000481
epoch=6 loss_total=0.914795 loss_rec=0.691899 valid_auc=0.657455 valid_rmse=0.496674 q_change=57 q_delta=0.336201 q_grad=0.000419
epoch=7 loss_total=0.888097 loss_rec=0.686873 valid_auc=0.658594 valid_rmse=0.495936 q_change=57 q_delta=0.358611 q_grad=0.000371
epoch=8 loss_total=0.868723 loss_rec=0.683868 valid_auc=0.652645 valid_rmse=0.494277 q_change=57 q_delta=0.374953 q_grad=0.000341
epoch=9 loss_total=0.851569 loss_rec=0.678708 valid_auc=0.655045 valid_rmse=0.489327 q_change=57 q_delta=0.386897 q_grad=0.000359
epoch=10 loss_total=0.838881 loss_rec=0.674898 valid_auc=0.657377 valid_rmse=0.486621 q_change=57 q_delta=0.395248 q_grad=0.000405
epoch=11 loss_total=0.825844 loss_rec=0.668119 valid_auc=0.655837 valid_rmse=0.483939 q_change=57 q_delta=0.401900 q_grad=0.000499
epoch=12 loss_total=0.809876 loss_rec=0.657673 valid_auc=0.659643 valid_rmse=0.484396 q_change=57 q_delta=0.407613 q_grad=0.000580
epoch=13 loss_total=0.802846 loss_rec=0.655497 valid_auc=0.660569 valid_rmse=0.480760 q_change=57 q_delta=0.412632 q_grad=0.000601
epoch=14 loss_total=0.797452 loss_rec=0.653952 valid_auc=0.663583 valid_rmse=0.482097 q_change=57 q_delta=0.416521 q_grad=0.000669
epoch=15 loss_total=0.793380 loss_rec=0.653243 valid_auc=0.660871 valid_rmse=0.480545 q_change=57 q_delta=0.420201 q_grad=0.000702
epoch=16 loss_total=0.790815 loss_rec=0.653458 valid_auc=0.661674 valid_rmse=0.480606 q_change=57 q_delta=0.423068 q_grad=0.000769
epoch=17 loss_total=0.788603 loss_rec=0.653763 valid_auc=0.664141 valid_rmse=0.481173 q_change=57 q_delta=0.425601 q_grad=0.000742
epoch=18 loss_total=0.781738 loss_rec=0.649053 valid_auc=0.665112 valid_rmse=0.480770 q_change=57 q_delta=0.427916 q_grad=0.000759
epoch=19 loss_total=0.778249 loss_rec=0.647468 valid_auc=0.664330 valid_rmse=0.480531 q_change=57 q_delta=0.429891 q_grad=0.000802
epoch=20 loss_total=0.777140 loss_rec=0.647978 valid_auc=0.667857 valid_rmse=0.479177 q_change=57 q_delta=0.431767 q_grad=0.000872
epoch=21 loss_total=0.773210 loss_rec=0.645616 valid_auc=0.666875 valid_rmse=0.480042 q_change=57 q_delta=0.433195 q_grad=0.000827
epoch=22 loss_total=0.772615 loss_rec=0.646289 valid_auc=0.666484 valid_rmse=0.479057 q_change=57 q_delta=0.434604 q_grad=0.000893
epoch=23 loss_total=0.768734 loss_rec=0.643606 valid_auc=0.665301 valid_rmse=0.478944 q_change=57 q_delta=0.435948 q_grad=0.000899
epoch=24 loss_total=0.764495 loss_rec=0.640497 valid_auc=0.667031 valid_rmse=0.479445 q_change=57 q_delta=0.437043 q_grad=0.000931
epoch=25 loss_total=0.766678 loss_rec=0.643603 valid_auc=0.665949 valid_rmse=0.478859 q_change=57 q_delta=0.438009 q_grad=0.001007
epoch=26 loss_total=0.764311 loss_rec=0.642106 valid_auc=0.666183 valid_rmse=0.479263 q_change=57 q_delta=0.438909 q_grad=0.001019
epoch=27 loss_total=0.762465 loss_rec=0.640988 valid_auc=0.667667 valid_rmse=0.478637 q_change=57 q_delta=0.439707 q_grad=0.001023
epoch=28 loss_total=0.762808 loss_rec=0.642041 valid_auc=0.668817 valid_rmse=0.478146 q_change=57 q_delta=0.440472 q_grad=0.001068
epoch=29 loss_total=0.760301 loss_rec=0.640174 valid_auc=0.670268 valid_rmse=0.477969 q_change=57 q_delta=0.441144 q_grad=0.001118
epoch=30 loss_total=0.761311 loss_rec=0.641765 valid_auc=0.670592 valid_rmse=0.478462 q_change=57 q_delta=0.441684 q_grad=0.001121
epoch=31 loss_total=0.757674 loss_rec=0.638588 valid_auc=0.670580 valid_rmse=0.477467 q_change=57 q_delta=0.442292 q_grad=0.001149
epoch=32 loss_total=0.759337 loss_rec=0.640746 valid_auc=0.671853 valid_rmse=0.478067 q_change=57 q_delta=0.442717 q_grad=0.001202
epoch=33 loss_total=0.758161 loss_rec=0.639932 valid_auc=0.670837 valid_rmse=0.476966 q_change=57 q_delta=0.443349 q_grad=0.001199
epoch=34 loss_total=0.757389 loss_rec=0.639610 valid_auc=0.670391 valid_rmse=0.476712 q_change=57 q_delta=0.443686 q_grad=0.001230
epoch=35 loss_total=0.758952 loss_rec=0.641525 valid_auc=0.671897 valid_rmse=0.476309 q_change=57 q_delta=0.444054 q_grad=0.001231
epoch=36 loss_total=0.755506 loss_rec=0.638392 valid_auc=0.672612 valid_rmse=0.477462 q_change=57 q_delta=0.444308 q_grad=0.001279
epoch=37 loss_total=0.751323 loss_rec=0.634505 valid_auc=0.673996 valid_rmse=0.476605 q_change=57 q_delta=0.444636 q_grad=0.001314
epoch=38 loss_total=0.750184 loss_rec=0.633612 valid_auc=0.674888 valid_rmse=0.477618 q_change=57 q_delta=0.444887 q_grad=0.001413
epoch=39 loss_total=0.753519 loss_rec=0.637213 valid_auc=0.674531 valid_rmse=0.475958 q_change=57 q_delta=0.445289 q_grad=0.001396
epoch=40 loss_total=0.750158 loss_rec=0.634123 valid_auc=0.674665 valid_rmse=0.476257 q_change=57 q_delta=0.445492 q_grad=0.001450
epoch=41 loss_total=0.746483 loss_rec=0.630656 valid_auc=0.677121 valid_rmse=0.476243 q_change=57 q_delta=0.445672 q_grad=0.001466
epoch=42 loss_total=0.750884 loss_rec=0.635226 valid_auc=0.673343 valid_rmse=0.476716 q_change=57 q_delta=0.445894 q_grad=0.001528
epoch=43 loss_total=0.747630 loss_rec=0.632119 valid_auc=0.674330 valid_rmse=0.476346 q_change=57 q_delta=0.446030 q_grad=0.001504
epoch=44 loss_total=0.748120 loss_rec=0.632765 valid_auc=0.675279 valid_rmse=0.476563 q_change=57 q_delta=0.446207 q_grad=0.001574
epoch=45 loss_total=0.745959 loss_rec=0.630746 valid_auc=0.676752 valid_rmse=0.477582 q_change=57 q_delta=0.446281 q_grad=0.001627
epoch=46 loss_total=0.747769 loss_rec=0.632643 valid_auc=0.678326 valid_rmse=0.475037 q_change=57 q_delta=0.446466 q_grad=0.001620
epoch=47 loss_total=0.745324 loss_rec=0.630314 valid_auc=0.679241 valid_rmse=0.475523 q_change=57 q_delta=0.446500 q_grad=0.001654
epoch=48 loss_total=0.746647 loss_rec=0.631698 valid_auc=0.680960 valid_rmse=0.474535 q_change=57 q_delta=0.446610 q_grad=0.001686
epoch=49 loss_total=0.744409 loss_rec=0.629483 valid_auc=0.680536 valid_rmse=0.474700 q_change=57 q_delta=0.446651 q_grad=0.001732
epoch=50 loss_total=0.741080 loss_rec=0.626206 valid_auc=0.679230 valid_rmse=0.475060 q_change=57 q_delta=0.446667 q_grad=0.001687
epoch=51 loss_total=0.742117 loss_rec=0.627270 valid_auc=0.679900 valid_rmse=0.476816 q_change=57 q_delta=0.446581 q_grad=0.001833
epoch=52 loss_total=0.743070 loss_rec=0.628211 valid_auc=0.679308 valid_rmse=0.474975 q_change=57 q_delta=0.446614 q_grad=0.001856
epoch=53 loss_total=0.744745 loss_rec=0.629884 valid_auc=0.680636 valid_rmse=0.474566 q_change=57 q_delta=0.446572 q_grad=0.001843
epoch=54 loss_total=0.736729 loss_rec=0.621806 valid_auc=0.680368 valid_rmse=0.475648 q_change=57 q_delta=0.446367 q_grad=0.001840
epoch=55 loss_total=0.737394 loss_rec=0.622346 valid_auc=0.684040 valid_rmse=0.473797 q_change=57 q_delta=0.446198 q_grad=0.001880
epoch=56 loss_total=0.738488 loss_rec=0.623313 valid_auc=0.681942 valid_rmse=0.474044 q_change=57 q_delta=0.445948 q_grad=0.001953
epoch=57 loss_total=0.737307 loss_rec=0.621947 valid_auc=0.683270 valid_rmse=0.476089 q_change=57 q_delta=0.445509 q_grad=0.001996
epoch=58 loss_total=0.733019 loss_rec=0.617450 valid_auc=0.683382 valid_rmse=0.475409 q_change=56 q_delta=0.445403 q_grad=0.001969
epoch=59 loss_total=0.733026 loss_rec=0.617376 valid_auc=0.683683 valid_rmse=0.473936 q_change=56 q_delta=0.445854 q_grad=0.002002
epoch=60 loss_total=0.732114 loss_rec=0.616355 valid_auc=0.686808 valid_rmse=0.473730 q_change=56 q_delta=0.446099 q_grad=0.002029
epoch=61 loss_total=0.731374 loss_rec=0.615480 valid_auc=0.684967 valid_rmse=0.474264 q_change=56 q_delta=0.446307 q_grad=0.002060
epoch=62 loss_total=0.730493 loss_rec=0.614605 valid_auc=0.684587 valid_rmse=0.473415 q_change=56 q_delta=0.446526 q_grad=0.002014
epoch=63 loss_total=0.731339 loss_rec=0.615403 valid_auc=0.685547 valid_rmse=0.473711 q_change=56 q_delta=0.446578 q_grad=0.002011
epoch=64 loss_total=0.733604 loss_rec=0.617694 valid_auc=0.688359 valid_rmse=0.475123 q_change=56 q_delta=0.446652 q_grad=0.002092
epoch=65 loss_total=0.727051 loss_rec=0.611123 valid_auc=0.687254 valid_rmse=0.472469 q_change=56 q_delta=0.446838 q_grad=0.001978
epoch=66 loss_total=0.728436 loss_rec=0.612544 valid_auc=0.689442 valid_rmse=0.472863 q_change=56 q_delta=0.446861 q_grad=0.002096
epoch=67 loss_total=0.730539 loss_rec=0.614676 valid_auc=0.685435 valid_rmse=0.474372 q_change=56 q_delta=0.446978 q_grad=0.002053
epoch=68 loss_total=0.726674 loss_rec=0.610864 valid_auc=0.688895 valid_rmse=0.473846 q_change=56 q_delta=0.447021 q_grad=0.002069
epoch=69 loss_total=0.723371 loss_rec=0.607591 valid_auc=0.691931 valid_rmse=0.478698 q_change=56 q_delta=0.446969 q_grad=0.002121
epoch=70 loss_total=0.724545 loss_rec=0.608799 valid_auc=0.688672 valid_rmse=0.472570 q_change=56 q_delta=0.447172 q_grad=0.002111
epoch=71 loss_total=0.725844 loss_rec=0.610190 valid_auc=0.689587 valid_rmse=0.472524 q_change=56 q_delta=0.447233 q_grad=0.002100
epoch=72 loss_total=0.725186 loss_rec=0.609537 valid_auc=0.688125 valid_rmse=0.473445 q_change=56 q_delta=0.447228 q_grad=0.002128
epoch=73 loss_total=0.723057 loss_rec=0.607482 valid_auc=0.684531 valid_rmse=0.473583 q_change=56 q_delta=0.447362 q_grad=0.002164
epoch=74 loss_total=0.725871 loss_rec=0.610345 valid_auc=0.687210 valid_rmse=0.473406 q_change=56 q_delta=0.447345 q_grad=0.002124
epoch=75 loss_total=0.724654 loss_rec=0.609162 valid_auc=0.687243 valid_rmse=0.477762 q_change=55 q_delta=0.447283 q_grad=0.002100
epoch=76 loss_total=0.725041 loss_rec=0.609536 valid_auc=0.684699 valid_rmse=0.473281 q_change=55 q_delta=0.447397 q_grad=0.002087
epoch=77 loss_total=0.719205 loss_rec=0.603727 valid_auc=0.686105 valid_rmse=0.476261 q_change=55 q_delta=0.447342 q_grad=0.002071
epoch=78 loss_total=0.721146 loss_rec=0.605719 valid_auc=0.686328 valid_rmse=0.474194 q_change=55 q_delta=0.447440 q_grad=0.002220
epoch=79 loss_total=0.721125 loss_rec=0.605731 valid_auc=0.686562 valid_rmse=0.473612 q_change=55 q_delta=0.447596 q_grad=0.002296
epoch=80 loss_total=0.720309 loss_rec=0.604953 valid_auc=0.687768 valid_rmse=0.472827 q_change=55 q_delta=0.447748 q_grad=0.002195
epoch=81 loss_total=0.717750 loss_rec=0.602366 valid_auc=0.689554 valid_rmse=0.473728 q_change=55 q_delta=0.447763 q_grad=0.002262
epoch=82 loss_total=0.717914 loss_rec=0.602558 valid_auc=0.687913 valid_rmse=0.473798 q_change=55 q_delta=0.447841 q_grad=0.002277
epoch=83 loss_total=0.716569 loss_rec=0.601227 valid_auc=0.689431 valid_rmse=0.476176 q_change=55 q_delta=0.447841 q_grad=0.002246
epoch=84 loss_total=0.717580 loss_rec=0.602205 valid_auc=0.691250 valid_rmse=0.473112 q_change=55 q_delta=0.447946 q_grad=0.002283
epoch=85 loss_total=0.717496 loss_rec=0.602069 valid_auc=0.689877 valid_rmse=0.476046 q_change=55 q_delta=0.447867 q_grad=0.002329
epoch=86 loss_total=0.719800 loss_rec=0.604373 valid_auc=0.689955 valid_rmse=0.473714 q_change=55 q_delta=0.447881 q_grad=0.002305
epoch=87 loss_total=0.714703 loss_rec=0.599198 valid_auc=0.689855 valid_rmse=0.473413 q_change=55 q_delta=0.447838 q_grad=0.002253
epoch=88 loss_total=0.709291 loss_rec=0.593716 valid_auc=0.689118 valid_rmse=0.474092 q_change=55 q_delta=0.447776 q_grad=0.002306
epoch=89 loss_total=0.710654 loss_rec=0.595023 valid_auc=0.689978 valid_rmse=0.478475 q_change=55 q_delta=0.447614 q_grad=0.002327
Early stopping at epoch 89; best_epoch=69.
Saved run to C:\Users\YAN_SHU_YU\Desktop\Generative-CD\Q_GNCDM\results\weak_q_lambda_sweep\lq_0p4_ls_0p6_lb_0p7\seed_2026\noise_0.20\weak-q_lq_0p4_ls_0p6_lb_0p7
Final metrics: q_hat_f1=0.035088 response_auc=0.684534 mastery_pearson=0.282499
