run=weak-q_lq_0p4_ls_0p3_lb_0p2 mode=weak-q noise=0.20 train=4200 valid=600 test=1200
epoch=1 loss_total=0.905719 loss_rec=0.725643 valid_auc=0.588437 valid_rmse=0.499735 q_change=57 q_delta=0.076246 q_grad=0.000290
epoch=2 loss_total=0.866145 loss_rec=0.705649 valid_auc=0.598415 valid_rmse=0.499144 q_change=57 q_delta=0.138152 q_grad=0.000240
epoch=3 loss_total=0.845537 loss_rec=0.698994 valid_auc=0.618125 valid_rmse=0.497928 q_change=57 q_delta=0.185849 q_grad=0.000216
epoch=4 loss_total=0.827697 loss_rec=0.691034 valid_auc=0.645112 valid_rmse=0.496152 q_change=57 q_delta=0.221700 q_grad=0.000213
epoch=5 loss_total=0.816930 loss_rec=0.686609 valid_auc=0.663884 valid_rmse=0.491518 q_change=57 q_delta=0.244618 q_grad=0.000255
epoch=6 loss_total=0.797478 loss_rec=0.670535 valid_auc=0.670681 valid_rmse=0.484019 q_change=57 q_delta=0.255486 q_grad=0.000377
epoch=7 loss_total=0.771496 loss_rec=0.645963 valid_auc=0.672868 valid_rmse=0.478101 q_change=57 q_delta=0.260951 q_grad=0.000584
epoch=8 loss_total=0.760340 loss_rec=0.635662 valid_auc=0.676261 valid_rmse=0.476412 q_change=57 q_delta=0.265194 q_grad=0.000838
epoch=9 loss_total=0.751616 loss_rec=0.627772 valid_auc=0.683828 valid_rmse=0.472838 q_change=57 q_delta=0.268381 q_grad=0.000999
epoch=10 loss_total=0.752942 loss_rec=0.629886 valid_auc=0.682545 valid_rmse=0.474279 q_change=56 q_delta=0.270650 q_grad=0.001077
epoch=11 loss_total=0.749460 loss_rec=0.626751 valid_auc=0.683315 valid_rmse=0.472919 q_change=56 q_delta=0.273438 q_grad=0.001210
epoch=12 loss_total=0.739851 loss_rec=0.617547 valid_auc=0.683092 valid_rmse=0.474431 q_change=54 q_delta=0.275658 q_grad=0.001277
epoch=13 loss_total=0.735485 loss_rec=0.613618 valid_auc=0.682935 valid_rmse=0.473398 q_change=53 q_delta=0.279352 q_grad=0.001281
epoch=14 loss_total=0.735512 loss_rec=0.613984 valid_auc=0.681763 valid_rmse=0.475348 q_change=51 q_delta=0.282076 q_grad=0.001367
epoch=15 loss_total=0.731195 loss_rec=0.609963 valid_auc=0.682812 valid_rmse=0.474072 q_change=50 q_delta=0.285958 q_grad=0.001404
epoch=16 loss_total=0.732299 loss_rec=0.611328 valid_auc=0.683348 valid_rmse=0.474517 q_change=51 q_delta=0.289251 q_grad=0.001505
epoch=17 loss_total=0.727723 loss_rec=0.607075 valid_auc=0.682321 valid_rmse=0.474355 q_change=50 q_delta=0.292312 q_grad=0.001434
epoch=18 loss_total=0.721771 loss_rec=0.601352 valid_auc=0.683158 valid_rmse=0.474441 q_change=51 q_delta=0.295287 q_grad=0.001466
epoch=19 loss_total=0.720365 loss_rec=0.600288 valid_auc=0.683962 valid_rmse=0.475224 q_change=49 q_delta=0.298149 q_grad=0.001557
epoch=20 loss_total=0.717188 loss_rec=0.597297 valid_auc=0.685502 valid_rmse=0.473838 q_change=47 q_delta=0.301047 q_grad=0.001631
epoch=21 loss_total=0.711845 loss_rec=0.592160 valid_auc=0.686819 valid_rmse=0.474764 q_change=47 q_delta=0.303503 q_grad=0.001560
epoch=22 loss_total=0.708836 loss_rec=0.589323 valid_auc=0.685234 valid_rmse=0.475125 q_change=47 q_delta=0.306285 q_grad=0.001688
epoch=23 loss_total=0.705760 loss_rec=0.586433 valid_auc=0.683527 valid_rmse=0.475119 q_change=47 q_delta=0.309123 q_grad=0.001644
epoch=24 loss_total=0.699812 loss_rec=0.580644 valid_auc=0.683929 valid_rmse=0.475941 q_change=47 q_delta=0.311887 q_grad=0.001687
epoch=25 loss_total=0.698732 loss_rec=0.579687 valid_auc=0.685324 valid_rmse=0.476032 q_change=47 q_delta=0.314514 q_grad=0.001794
epoch=26 loss_total=0.695199 loss_rec=0.576294 valid_auc=0.686027 valid_rmse=0.476163 q_change=45 q_delta=0.316945 q_grad=0.001780
epoch=27 loss_total=0.690139 loss_rec=0.571315 valid_auc=0.685167 valid_rmse=0.478377 q_change=43 q_delta=0.319071 q_grad=0.001781
epoch=28 loss_total=0.691654 loss_rec=0.572893 valid_auc=0.686574 valid_rmse=0.476918 q_change=42 q_delta=0.321528 q_grad=0.001897
epoch=29 loss_total=0.683229 loss_rec=0.564585 valid_auc=0.688962 valid_rmse=0.476515 q_change=42 q_delta=0.323430 q_grad=0.001887
epoch=30 loss_total=0.680305 loss_rec=0.561680 valid_auc=0.689699 valid_rmse=0.477641 q_change=39 q_delta=0.325175 q_grad=0.001939
epoch=31 loss_total=0.674115 loss_rec=0.555566 valid_auc=0.688560 valid_rmse=0.478104 q_change=39 q_delta=0.327361 q_grad=0.001941
epoch=32 loss_total=0.672576 loss_rec=0.554083 valid_auc=0.691507 valid_rmse=0.477394 q_change=38 q_delta=0.329791 q_grad=0.002008
epoch=33 loss_total=0.666253 loss_rec=0.547754 valid_auc=0.688516 valid_rmse=0.476760 q_change=38 q_delta=0.332226 q_grad=0.002038
epoch=34 loss_total=0.665579 loss_rec=0.547182 valid_auc=0.688538 valid_rmse=0.476774 q_change=38 q_delta=0.334093 q_grad=0.002040
epoch=35 loss_total=0.664342 loss_rec=0.545973 valid_auc=0.692757 valid_rmse=0.475508 q_change=38 q_delta=0.335998 q_grad=0.002054
epoch=36 loss_total=0.656025 loss_rec=0.537635 valid_auc=0.691004 valid_rmse=0.476506 q_change=36 q_delta=0.337583 q_grad=0.002126
epoch=37 loss_total=0.651192 loss_rec=0.532829 valid_auc=0.688795 valid_rmse=0.479727 q_change=36 q_delta=0.339368 q_grad=0.002121
epoch=38 loss_total=0.644535 loss_rec=0.526233 valid_auc=0.689475 valid_rmse=0.480014 q_change=36 q_delta=0.340946 q_grad=0.002218
epoch=39 loss_total=0.643391 loss_rec=0.525147 valid_auc=0.688806 valid_rmse=0.478884 q_change=36 q_delta=0.342523 q_grad=0.002175
epoch=40 loss_total=0.640077 loss_rec=0.521876 valid_auc=0.688627 valid_rmse=0.480109 q_change=36 q_delta=0.343907 q_grad=0.002231
epoch=41 loss_total=0.633173 loss_rec=0.515057 valid_auc=0.688761 valid_rmse=0.482858 q_change=34 q_delta=0.345473 q_grad=0.002212
epoch=42 loss_total=0.636886 loss_rec=0.518843 valid_auc=0.686228 valid_rmse=0.481153 q_change=33 q_delta=0.346936 q_grad=0.002362
epoch=43 loss_total=0.630685 loss_rec=0.512737 valid_auc=0.688996 valid_rmse=0.481870 q_change=34 q_delta=0.348245 q_grad=0.002299
epoch=44 loss_total=0.628261 loss_rec=0.510360 valid_auc=0.688404 valid_rmse=0.481397 q_change=34 q_delta=0.349340 q_grad=0.002322
epoch=45 loss_total=0.624521 loss_rec=0.506703 valid_auc=0.686161 valid_rmse=0.485501 q_change=33 q_delta=0.350260 q_grad=0.002324
epoch=46 loss_total=0.622803 loss_rec=0.505006 valid_auc=0.692042 valid_rmse=0.480578 q_change=33 q_delta=0.351733 q_grad=0.002343
epoch=47 loss_total=0.621125 loss_rec=0.503437 valid_auc=0.688493 valid_rmse=0.483749 q_change=33 q_delta=0.352613 q_grad=0.002302
epoch=48 loss_total=0.620370 loss_rec=0.502760 valid_auc=0.688036 valid_rmse=0.482366 q_change=33 q_delta=0.353820 q_grad=0.002369
epoch=49 loss_total=0.614596 loss_rec=0.497053 valid_auc=0.690692 valid_rmse=0.481017 q_change=33 q_delta=0.354539 q_grad=0.002314
epoch=50 loss_total=0.609240 loss_rec=0.491760 valid_auc=0.688650 valid_rmse=0.485285 q_change=32 q_delta=0.355569 q_grad=0.002332
epoch=51 loss_total=0.610433 loss_rec=0.493049 valid_auc=0.688728 valid_rmse=0.485425 q_change=32 q_delta=0.356460 q_grad=0.002395
epoch=52 loss_total=0.611007 loss_rec=0.493683 valid_auc=0.688694 valid_rmse=0.483373 q_change=32 q_delta=0.357568 q_grad=0.002386
epoch=53 loss_total=0.612475 loss_rec=0.495212 valid_auc=0.688683 valid_rmse=0.483109 q_change=32 q_delta=0.358213 q_grad=0.002409
epoch=54 loss_total=0.606153 loss_rec=0.488919 valid_auc=0.685848 valid_rmse=0.485114 q_change=32 q_delta=0.359366 q_grad=0.002428
epoch=55 loss_total=0.601460 loss_rec=0.484302 valid_auc=0.693203 valid_rmse=0.481356 q_change=33 q_delta=0.360595 q_grad=0.002362
epoch=56 loss_total=0.600368 loss_rec=0.483263 valid_auc=0.689319 valid_rmse=0.484523 q_change=35 q_delta=0.361568 q_grad=0.002382
epoch=57 loss_total=0.600912 loss_rec=0.483838 valid_auc=0.687009 valid_rmse=0.486713 q_change=35 q_delta=0.362504 q_grad=0.002497
epoch=58 loss_total=0.595041 loss_rec=0.478014 valid_auc=0.687065 valid_rmse=0.486828 q_change=35 q_delta=0.363526 q_grad=0.002434
epoch=59 loss_total=0.592117 loss_rec=0.475197 valid_auc=0.692042 valid_rmse=0.483746 q_change=35 q_delta=0.364579 q_grad=0.002385
epoch=60 loss_total=0.594462 loss_rec=0.477579 valid_auc=0.690904 valid_rmse=0.485116 q_change=35 q_delta=0.365451 q_grad=0.002437
epoch=61 loss_total=0.592215 loss_rec=0.475366 valid_auc=0.689375 valid_rmse=0.484568 q_change=35 q_delta=0.366427 q_grad=0.002461
epoch=62 loss_total=0.587836 loss_rec=0.471064 valid_auc=0.692935 valid_rmse=0.483776 q_change=35 q_delta=0.367227 q_grad=0.002380
epoch=63 loss_total=0.587406 loss_rec=0.470674 valid_auc=0.690279 valid_rmse=0.485731 q_change=35 q_delta=0.368052 q_grad=0.002484
epoch=64 loss_total=0.587224 loss_rec=0.470532 valid_auc=0.691150 valid_rmse=0.487357 q_change=34 q_delta=0.368655 q_grad=0.002451
epoch=65 loss_total=0.584667 loss_rec=0.468021 valid_auc=0.689408 valid_rmse=0.486101 q_change=33 q_delta=0.369560 q_grad=0.002349
epoch=66 loss_total=0.584626 loss_rec=0.468037 valid_auc=0.689118 valid_rmse=0.487201 q_change=33 q_delta=0.370164 q_grad=0.002494
epoch=67 loss_total=0.584264 loss_rec=0.467721 valid_auc=0.689118 valid_rmse=0.487230 q_change=33 q_delta=0.371073 q_grad=0.002498
epoch=68 loss_total=0.576852 loss_rec=0.460364 valid_auc=0.689888 valid_rmse=0.488646 q_change=32 q_delta=0.371700 q_grad=0.002456
epoch=69 loss_total=0.575531 loss_rec=0.459082 valid_auc=0.690502 valid_rmse=0.493221 q_change=31 q_delta=0.372295 q_grad=0.002478
epoch=70 loss_total=0.570994 loss_rec=0.454590 valid_auc=0.689174 valid_rmse=0.487529 q_change=30 q_delta=0.373180 q_grad=0.002530
epoch=71 loss_total=0.572164 loss_rec=0.455848 valid_auc=0.692444 valid_rmse=0.486375 q_change=30 q_delta=0.373682 q_grad=0.002466
epoch=72 loss_total=0.573152 loss_rec=0.456846 valid_auc=0.690156 valid_rmse=0.487174 q_change=30 q_delta=0.374249 q_grad=0.002527
epoch=73 loss_total=0.566280 loss_rec=0.450013 valid_auc=0.687578 valid_rmse=0.490193 q_change=30 q_delta=0.374833 q_grad=0.002502
epoch=74 loss_total=0.572275 loss_rec=0.456078 valid_auc=0.689263 valid_rmse=0.488454 q_change=30 q_delta=0.375598 q_grad=0.002502
epoch=75 loss_total=0.570153 loss_rec=0.453999 valid_auc=0.686473 valid_rmse=0.494238 q_change=30 q_delta=0.375990 q_grad=0.002508
Early stopping at epoch 75; best_epoch=55.
Saved run to C:\Users\YAN_SHU_YU\Desktop\Generative-CD\Q_GNCDM\results\weak_q_lambda_sweep\lq_0p4_ls_0p3_lb_0p2\seed_2026\noise_0.20\weak-q_lq_0p4_ls_0p3_lb_0p2
Final metrics: q_hat_f1=0.575000 response_auc=0.686004 mastery_pearson=0.526795
