run=weak-q_lq_0p8_ls_0p9_lb_0p4 mode=weak-q noise=0.20 train=4200 valid=600 test=1200
epoch=1 loss_total=1.215643 loss_rec=0.725663 valid_auc=0.587455 valid_rmse=0.499757 q_change=57 q_delta=0.078601 q_grad=0.000892
epoch=2 loss_total=1.132429 loss_rec=0.705934 valid_auc=0.593058 valid_rmse=0.499334 q_change=57 q_delta=0.146777 q_grad=0.000764
epoch=3 loss_total=1.076565 loss_rec=0.700043 valid_auc=0.603929 valid_rmse=0.498592 q_change=57 q_delta=0.202849 q_grad=0.000645
epoch=4 loss_total=1.032097 loss_rec=0.693851 valid_auc=0.620045 valid_rmse=0.497948 q_change=57 q_delta=0.247748 q_grad=0.000541
epoch=5 loss_total=1.003323 loss_rec=0.693684 valid_auc=0.640223 valid_rmse=0.496108 q_change=57 q_delta=0.282736 q_grad=0.000455
epoch=6 loss_total=0.977026 loss_rec=0.688672 valid_auc=0.656395 valid_rmse=0.494910 q_change=57 q_delta=0.309462 q_grad=0.000396
epoch=7 loss_total=0.952581 loss_rec=0.679840 valid_auc=0.658025 valid_rmse=0.492048 q_change=57 q_delta=0.329375 q_grad=0.000376
epoch=8 loss_total=0.931966 loss_rec=0.670108 valid_auc=0.654749 valid_rmse=0.487229 q_change=57 q_delta=0.343016 q_grad=0.000430
epoch=9 loss_total=0.912957 loss_rec=0.658536 valid_auc=0.661629 valid_rmse=0.480791 q_change=57 q_delta=0.353350 q_grad=0.000567
epoch=10 loss_total=0.905329 loss_rec=0.656956 valid_auc=0.663940 valid_rmse=0.480144 q_change=57 q_delta=0.361705 q_grad=0.000670
epoch=11 loss_total=0.897170 loss_rec=0.653393 valid_auc=0.666295 valid_rmse=0.478934 q_change=57 q_delta=0.368846 q_grad=0.000788
epoch=12 loss_total=0.883739 loss_rec=0.644029 valid_auc=0.670379 valid_rmse=0.479504 q_change=57 q_delta=0.374463 q_grad=0.000867
epoch=13 loss_total=0.878028 loss_rec=0.641641 valid_auc=0.672734 valid_rmse=0.476283 q_change=57 q_delta=0.379339 q_grad=0.000906
epoch=14 loss_total=0.874671 loss_rec=0.640793 valid_auc=0.672958 valid_rmse=0.477624 q_change=57 q_delta=0.382818 q_grad=0.001020
epoch=15 loss_total=0.870155 loss_rec=0.638392 valid_auc=0.674933 valid_rmse=0.475668 q_change=57 q_delta=0.386186 q_grad=0.001108
epoch=16 loss_total=0.869285 loss_rec=0.639230 valid_auc=0.678092 valid_rmse=0.475426 q_change=57 q_delta=0.388613 q_grad=0.001236
epoch=17 loss_total=0.865979 loss_rec=0.637467 valid_auc=0.678862 valid_rmse=0.475646 q_change=57 q_delta=0.390748 q_grad=0.001222
epoch=18 loss_total=0.858870 loss_rec=0.631537 valid_auc=0.680435 valid_rmse=0.474380 q_change=57 q_delta=0.392658 q_grad=0.001289
epoch=19 loss_total=0.856521 loss_rec=0.630355 valid_auc=0.680904 valid_rmse=0.475186 q_change=57 q_delta=0.394273 q_grad=0.001405
epoch=20 loss_total=0.854525 loss_rec=0.629195 valid_auc=0.683761 valid_rmse=0.473135 q_change=57 q_delta=0.395700 q_grad=0.001518
epoch=21 loss_total=0.850053 loss_rec=0.625515 valid_auc=0.683984 valid_rmse=0.474968 q_change=57 q_delta=0.396529 q_grad=0.001475
epoch=22 loss_total=0.848269 loss_rec=0.624256 valid_auc=0.685502 valid_rmse=0.473339 q_change=57 q_delta=0.397250 q_grad=0.001624
epoch=23 loss_total=0.844867 loss_rec=0.621306 valid_auc=0.683404 valid_rmse=0.473007 q_change=57 q_delta=0.398174 q_grad=0.001636
epoch=24 loss_total=0.840068 loss_rec=0.616898 valid_auc=0.682913 valid_rmse=0.473454 q_change=57 q_delta=0.398741 q_grad=0.001682
epoch=25 loss_total=0.842039 loss_rec=0.619169 valid_auc=0.684152 valid_rmse=0.473257 q_change=56 q_delta=0.399051 q_grad=0.001834
epoch=26 loss_total=0.838990 loss_rec=0.616335 valid_auc=0.686205 valid_rmse=0.474225 q_change=56 q_delta=0.399830 q_grad=0.001821
epoch=27 loss_total=0.835426 loss_rec=0.612860 valid_auc=0.688002 valid_rmse=0.474729 q_change=56 q_delta=0.400476 q_grad=0.001814
epoch=28 loss_total=0.837928 loss_rec=0.615603 valid_auc=0.686819 valid_rmse=0.473684 q_change=56 q_delta=0.401516 q_grad=0.001892
epoch=29 loss_total=0.832254 loss_rec=0.610125 valid_auc=0.690201 valid_rmse=0.472895 q_change=56 q_delta=0.402170 q_grad=0.001932
epoch=30 loss_total=0.832108 loss_rec=0.610072 valid_auc=0.691819 valid_rmse=0.473087 q_change=56 q_delta=0.402586 q_grad=0.001891
epoch=31 loss_total=0.828163 loss_rec=0.606083 valid_auc=0.692109 valid_rmse=0.473103 q_change=56 q_delta=0.403074 q_grad=0.001928
epoch=32 loss_total=0.830003 loss_rec=0.608029 valid_auc=0.693538 valid_rmse=0.473361 q_change=55 q_delta=0.403450 q_grad=0.001978
epoch=33 loss_total=0.828109 loss_rec=0.606183 valid_auc=0.691529 valid_rmse=0.471418 q_change=55 q_delta=0.404196 q_grad=0.001951
epoch=34 loss_total=0.827073 loss_rec=0.605242 valid_auc=0.690123 valid_rmse=0.471655 q_change=55 q_delta=0.404875 q_grad=0.001944
epoch=35 loss_total=0.826878 loss_rec=0.605154 valid_auc=0.693683 valid_rmse=0.470618 q_change=55 q_delta=0.405567 q_grad=0.001914
epoch=36 loss_total=0.822429 loss_rec=0.600560 valid_auc=0.694955 valid_rmse=0.471600 q_change=55 q_delta=0.405805 q_grad=0.001983
epoch=37 loss_total=0.817208 loss_rec=0.595302 valid_auc=0.695078 valid_rmse=0.471750 q_change=55 q_delta=0.406345 q_grad=0.001983
epoch=38 loss_total=0.816054 loss_rec=0.594269 valid_auc=0.694632 valid_rmse=0.473721 q_change=55 q_delta=0.406885 q_grad=0.002091
epoch=39 loss_total=0.817884 loss_rec=0.596120 valid_auc=0.694196 valid_rmse=0.470885 q_change=54 q_delta=0.407533 q_grad=0.002021
epoch=40 loss_total=0.813285 loss_rec=0.591581 valid_auc=0.694308 valid_rmse=0.471162 q_change=54 q_delta=0.408168 q_grad=0.002064
epoch=41 loss_total=0.809044 loss_rec=0.587397 valid_auc=0.695882 valid_rmse=0.472084 q_change=54 q_delta=0.408854 q_grad=0.002065
epoch=42 loss_total=0.812132 loss_rec=0.590444 valid_auc=0.691127 valid_rmse=0.472053 q_change=54 q_delta=0.409711 q_grad=0.002170
epoch=43 loss_total=0.806882 loss_rec=0.585090 valid_auc=0.692277 valid_rmse=0.472321 q_change=53 q_delta=0.410051 q_grad=0.002121
epoch=44 loss_total=0.807343 loss_rec=0.585592 valid_auc=0.690212 valid_rmse=0.473299 q_change=53 q_delta=0.410799 q_grad=0.002180
epoch=45 loss_total=0.802682 loss_rec=0.580975 valid_auc=0.692400 valid_rmse=0.476980 q_change=53 q_delta=0.411119 q_grad=0.002234
epoch=46 loss_total=0.802852 loss_rec=0.581056 valid_auc=0.694319 valid_rmse=0.471228 q_change=52 q_delta=0.411780 q_grad=0.002201
epoch=47 loss_total=0.799268 loss_rec=0.577480 valid_auc=0.693393 valid_rmse=0.473230 q_change=52 q_delta=0.412256 q_grad=0.002213
epoch=48 loss_total=0.796552 loss_rec=0.574721 valid_auc=0.693025 valid_rmse=0.472252 q_change=52 q_delta=0.413045 q_grad=0.002305
epoch=49 loss_total=0.793727 loss_rec=0.571859 valid_auc=0.694632 valid_rmse=0.471994 q_change=52 q_delta=0.413698 q_grad=0.002333
epoch=50 loss_total=0.788248 loss_rec=0.566304 valid_auc=0.691406 valid_rmse=0.473681 q_change=52 q_delta=0.414397 q_grad=0.002274
epoch=51 loss_total=0.787420 loss_rec=0.565509 valid_auc=0.694074 valid_rmse=0.475655 q_change=52 q_delta=0.414893 q_grad=0.002403
epoch=52 loss_total=0.788549 loss_rec=0.566647 valid_auc=0.691585 valid_rmse=0.473548 q_change=52 q_delta=0.415585 q_grad=0.002430
epoch=53 loss_total=0.788241 loss_rec=0.566269 valid_auc=0.693259 valid_rmse=0.472608 q_change=52 q_delta=0.416150 q_grad=0.002461
epoch=54 loss_total=0.779554 loss_rec=0.557556 valid_auc=0.690547 valid_rmse=0.475135 q_change=52 q_delta=0.416559 q_grad=0.002454
epoch=55 loss_total=0.776988 loss_rec=0.555028 valid_auc=0.696105 valid_rmse=0.472074 q_change=52 q_delta=0.416999 q_grad=0.002491
epoch=56 loss_total=0.777261 loss_rec=0.555247 valid_auc=0.691217 valid_rmse=0.474066 q_change=52 q_delta=0.417325 q_grad=0.002570
epoch=57 loss_total=0.773981 loss_rec=0.551933 valid_auc=0.692132 valid_rmse=0.475878 q_change=50 q_delta=0.417601 q_grad=0.002678
epoch=58 loss_total=0.768216 loss_rec=0.546173 valid_auc=0.691205 valid_rmse=0.478764 q_change=51 q_delta=0.418025 q_grad=0.002645
epoch=59 loss_total=0.768761 loss_rec=0.546846 valid_auc=0.692377 valid_rmse=0.473750 q_change=50 q_delta=0.418477 q_grad=0.002651
epoch=60 loss_total=0.766949 loss_rec=0.545091 valid_auc=0.693694 valid_rmse=0.474617 q_change=51 q_delta=0.418815 q_grad=0.002662
epoch=61 loss_total=0.763943 loss_rec=0.542034 valid_auc=0.691205 valid_rmse=0.474514 q_change=51 q_delta=0.419263 q_grad=0.002801
epoch=62 loss_total=0.759902 loss_rec=0.538099 valid_auc=0.692132 valid_rmse=0.475178 q_change=51 q_delta=0.419653 q_grad=0.002770
epoch=63 loss_total=0.760420 loss_rec=0.538640 valid_auc=0.689464 valid_rmse=0.475945 q_change=51 q_delta=0.419971 q_grad=0.002863
epoch=64 loss_total=0.761366 loss_rec=0.539627 valid_auc=0.693638 valid_rmse=0.478214 q_change=51 q_delta=0.420083 q_grad=0.002907
epoch=65 loss_total=0.755247 loss_rec=0.533522 valid_auc=0.691362 valid_rmse=0.475299 q_change=51 q_delta=0.420439 q_grad=0.002773
epoch=66 loss_total=0.756948 loss_rec=0.535285 valid_auc=0.690402 valid_rmse=0.476214 q_change=51 q_delta=0.420631 q_grad=0.003013
epoch=67 loss_total=0.757548 loss_rec=0.535898 valid_auc=0.690011 valid_rmse=0.477321 q_change=51 q_delta=0.420776 q_grad=0.003021
epoch=68 loss_total=0.750582 loss_rec=0.529008 valid_auc=0.691049 valid_rmse=0.480683 q_change=51 q_delta=0.420852 q_grad=0.002994
epoch=69 loss_total=0.747182 loss_rec=0.525625 valid_auc=0.691864 valid_rmse=0.482897 q_change=51 q_delta=0.421025 q_grad=0.003151
epoch=70 loss_total=0.745598 loss_rec=0.524036 valid_auc=0.687946 valid_rmse=0.477423 q_change=51 q_delta=0.421344 q_grad=0.003210
epoch=71 loss_total=0.746860 loss_rec=0.525411 valid_auc=0.690502 valid_rmse=0.476508 q_change=51 q_delta=0.421423 q_grad=0.003202
epoch=72 loss_total=0.745135 loss_rec=0.523669 valid_auc=0.688292 valid_rmse=0.477359 q_change=51 q_delta=0.421527 q_grad=0.003204
epoch=73 loss_total=0.740198 loss_rec=0.518796 valid_auc=0.685201 valid_rmse=0.479598 q_change=51 q_delta=0.421614 q_grad=0.003289
epoch=74 loss_total=0.746811 loss_rec=0.525432 valid_auc=0.685826 valid_rmse=0.478966 q_change=51 q_delta=0.421731 q_grad=0.003228
epoch=75 loss_total=0.743077 loss_rec=0.521692 valid_auc=0.684174 valid_rmse=0.485455 q_change=51 q_delta=0.421685 q_grad=0.003232
Early stopping at epoch 75; best_epoch=55.
Saved run to C:\Users\YAN_SHU_YU\Desktop\Generative-CD\Q_GNCDM\results\weak_q_lambda_sweep\lq_0p8_ls_0p9_lb_0p4\seed_2026\noise_0.20\weak-q_lq_0p8_ls_0p9_lb_0p4
Final metrics: q_hat_f1=0.163934 response_auc=0.689560 mastery_pearson=0.387924
