run=weak-q_lq_0p7_ls_0p5_lb_0p2 mode=weak-q noise=0.20 train=4200 valid=600 test=1200
epoch=1 loss_total=0.993221 loss_rec=0.725652 valid_auc=0.587779 valid_rmse=0.499746 q_change=57 q_delta=0.076886 q_grad=0.000469
epoch=2 loss_total=0.942637 loss_rec=0.705747 valid_auc=0.595179 valid_rmse=0.499228 q_change=57 q_delta=0.139310 q_grad=0.000361
epoch=3 loss_total=0.915659 loss_rec=0.699363 valid_auc=0.610246 valid_rmse=0.498214 q_change=57 q_delta=0.187424 q_grad=0.000289
epoch=4 loss_total=0.894634 loss_rec=0.692054 valid_auc=0.632667 valid_rmse=0.496906 q_change=57 q_delta=0.223861 q_grad=0.000248
epoch=5 loss_total=0.883187 loss_rec=0.689317 valid_auc=0.653906 valid_rmse=0.493436 q_change=57 q_delta=0.249180 q_grad=0.000254
epoch=6 loss_total=0.866078 loss_rec=0.677270 valid_auc=0.666038 valid_rmse=0.487904 q_change=57 q_delta=0.263851 q_grad=0.000323
epoch=7 loss_total=0.841092 loss_rec=0.654612 valid_auc=0.668850 valid_rmse=0.480528 q_change=57 q_delta=0.270765 q_grad=0.000491
epoch=8 loss_total=0.825757 loss_rec=0.640294 valid_auc=0.672600 valid_rmse=0.477845 q_change=57 q_delta=0.275400 q_grad=0.000751
epoch=9 loss_total=0.815778 loss_rec=0.631370 valid_auc=0.683393 valid_rmse=0.473204 q_change=57 q_delta=0.279436 q_grad=0.000934
epoch=10 loss_total=0.816197 loss_rec=0.632828 valid_auc=0.681641 valid_rmse=0.474646 q_change=57 q_delta=0.282439 q_grad=0.001034
epoch=11 loss_total=0.812434 loss_rec=0.629571 valid_auc=0.681942 valid_rmse=0.473030 q_change=57 q_delta=0.285494 q_grad=0.001179
epoch=12 loss_total=0.802377 loss_rec=0.620047 valid_auc=0.682645 valid_rmse=0.474649 q_change=57 q_delta=0.287585 q_grad=0.001255
epoch=13 loss_total=0.798442 loss_rec=0.616643 valid_auc=0.682210 valid_rmse=0.473303 q_change=56 q_delta=0.290697 q_grad=0.001272
epoch=14 loss_total=0.798660 loss_rec=0.617229 valid_auc=0.680871 valid_rmse=0.475365 q_change=55 q_delta=0.292411 q_grad=0.001361
epoch=15 loss_total=0.794650 loss_rec=0.613503 valid_auc=0.681585 valid_rmse=0.473961 q_change=54 q_delta=0.295192 q_grad=0.001405
epoch=16 loss_total=0.796257 loss_rec=0.615309 valid_auc=0.683036 valid_rmse=0.474404 q_change=54 q_delta=0.297338 q_grad=0.001504
epoch=17 loss_total=0.792284 loss_rec=0.611637 valid_auc=0.681920 valid_rmse=0.474297 q_change=53 q_delta=0.299760 q_grad=0.001433
epoch=18 loss_total=0.786950 loss_rec=0.606436 valid_auc=0.682946 valid_rmse=0.474168 q_change=52 q_delta=0.302035 q_grad=0.001465
epoch=19 loss_total=0.786012 loss_rec=0.605749 valid_auc=0.683437 valid_rmse=0.475031 q_change=52 q_delta=0.304697 q_grad=0.001558
epoch=20 loss_total=0.783610 loss_rec=0.603404 valid_auc=0.685022 valid_rmse=0.473488 q_change=51 q_delta=0.307562 q_grad=0.001633
epoch=21 loss_total=0.778866 loss_rec=0.598710 valid_auc=0.685413 valid_rmse=0.474668 q_change=50 q_delta=0.309626 q_grad=0.001559
epoch=22 loss_total=0.776638 loss_rec=0.596486 valid_auc=0.684676 valid_rmse=0.474675 q_change=50 q_delta=0.311959 q_grad=0.001687
epoch=23 loss_total=0.774321 loss_rec=0.594153 valid_auc=0.682779 valid_rmse=0.474521 q_change=50 q_delta=0.314619 q_grad=0.001651
epoch=24 loss_total=0.769236 loss_rec=0.589066 valid_auc=0.682478 valid_rmse=0.475229 q_change=50 q_delta=0.317125 q_grad=0.001691
epoch=25 loss_total=0.769234 loss_rec=0.588951 valid_auc=0.683839 valid_rmse=0.475210 q_change=50 q_delta=0.319357 q_grad=0.001801
epoch=26 loss_total=0.766328 loss_rec=0.585976 valid_auc=0.686239 valid_rmse=0.475331 q_change=50 q_delta=0.321537 q_grad=0.001789
epoch=27 loss_total=0.762120 loss_rec=0.581607 valid_auc=0.686094 valid_rmse=0.476812 q_change=50 q_delta=0.323538 q_grad=0.001784
epoch=28 loss_total=0.764572 loss_rec=0.583939 valid_auc=0.686138 valid_rmse=0.475655 q_change=49 q_delta=0.325564 q_grad=0.001890
epoch=29 loss_total=0.757155 loss_rec=0.576446 valid_auc=0.689029 valid_rmse=0.474932 q_change=48 q_delta=0.327258 q_grad=0.001895
epoch=30 loss_total=0.754798 loss_rec=0.573885 valid_auc=0.690480 valid_rmse=0.476080 q_change=47 q_delta=0.328652 q_grad=0.001932
epoch=31 loss_total=0.750008 loss_rec=0.568920 valid_auc=0.688605 valid_rmse=0.476012 q_change=47 q_delta=0.330444 q_grad=0.001947
epoch=32 loss_total=0.749846 loss_rec=0.568590 valid_auc=0.692600 valid_rmse=0.474963 q_change=46 q_delta=0.332375 q_grad=0.002006
epoch=33 loss_total=0.744657 loss_rec=0.563162 valid_auc=0.690804 valid_rmse=0.474070 q_change=46 q_delta=0.334070 q_grad=0.002035
epoch=34 loss_total=0.743626 loss_rec=0.562000 valid_auc=0.690190 valid_rmse=0.474188 q_change=45 q_delta=0.335468 q_grad=0.002029
epoch=35 loss_total=0.742932 loss_rec=0.561128 valid_auc=0.693806 valid_rmse=0.472892 q_change=44 q_delta=0.336844 q_grad=0.002051
epoch=36 loss_total=0.734338 loss_rec=0.552301 valid_auc=0.693404 valid_rmse=0.473306 q_change=44 q_delta=0.337890 q_grad=0.002132
epoch=37 loss_total=0.729356 loss_rec=0.547087 valid_auc=0.690636 valid_rmse=0.476116 q_change=43 q_delta=0.339114 q_grad=0.002149
epoch=38 loss_total=0.723105 loss_rec=0.540748 valid_auc=0.691462 valid_rmse=0.476891 q_change=42 q_delta=0.340461 q_grad=0.002257
epoch=39 loss_total=0.722244 loss_rec=0.539738 valid_auc=0.690893 valid_rmse=0.475406 q_change=42 q_delta=0.342142 q_grad=0.002243
epoch=40 loss_total=0.718931 loss_rec=0.536300 valid_auc=0.690513 valid_rmse=0.476441 q_change=41 q_delta=0.343182 q_grad=0.002315
epoch=41 loss_total=0.711913 loss_rec=0.529232 valid_auc=0.691060 valid_rmse=0.478794 q_change=40 q_delta=0.344519 q_grad=0.002308
epoch=42 loss_total=0.714707 loss_rec=0.531958 valid_auc=0.688504 valid_rmse=0.477577 q_change=40 q_delta=0.346006 q_grad=0.002464
epoch=43 loss_total=0.708009 loss_rec=0.525193 valid_auc=0.690859 valid_rmse=0.478502 q_change=40 q_delta=0.346851 q_grad=0.002434
epoch=44 loss_total=0.705872 loss_rec=0.523013 valid_auc=0.690022 valid_rmse=0.477790 q_change=40 q_delta=0.348077 q_grad=0.002458
epoch=45 loss_total=0.701312 loss_rec=0.518451 valid_auc=0.688259 valid_rmse=0.482994 q_change=40 q_delta=0.348840 q_grad=0.002457
epoch=46 loss_total=0.700740 loss_rec=0.517798 valid_auc=0.694275 valid_rmse=0.477114 q_change=40 q_delta=0.350214 q_grad=0.002501
epoch=47 loss_total=0.698170 loss_rec=0.515227 valid_auc=0.690837 valid_rmse=0.480545 q_change=40 q_delta=0.351136 q_grad=0.002473
epoch=48 loss_total=0.697128 loss_rec=0.514205 valid_auc=0.690112 valid_rmse=0.479537 q_change=40 q_delta=0.352106 q_grad=0.002539
epoch=49 loss_total=0.691567 loss_rec=0.508656 valid_auc=0.691908 valid_rmse=0.478058 q_change=39 q_delta=0.352690 q_grad=0.002524
epoch=50 loss_total=0.686932 loss_rec=0.504045 valid_auc=0.690424 valid_rmse=0.481964 q_change=39 q_delta=0.353541 q_grad=0.002522
epoch=51 loss_total=0.687991 loss_rec=0.505170 valid_auc=0.691317 valid_rmse=0.482227 q_change=38 q_delta=0.354110 q_grad=0.002607
epoch=52 loss_total=0.689188 loss_rec=0.506389 valid_auc=0.690089 valid_rmse=0.480492 q_change=38 q_delta=0.355122 q_grad=0.002615
epoch=53 loss_total=0.690575 loss_rec=0.507796 valid_auc=0.690435 valid_rmse=0.479867 q_change=37 q_delta=0.355742 q_grad=0.002616
epoch=54 loss_total=0.683958 loss_rec=0.501149 valid_auc=0.688315 valid_rmse=0.481586 q_change=36 q_delta=0.356387 q_grad=0.002638
epoch=55 loss_total=0.679551 loss_rec=0.496790 valid_auc=0.695960 valid_rmse=0.477868 q_change=36 q_delta=0.357116 q_grad=0.002586
epoch=56 loss_total=0.679447 loss_rec=0.496709 valid_auc=0.691964 valid_rmse=0.480854 q_change=37 q_delta=0.357437 q_grad=0.002624
epoch=57 loss_total=0.679414 loss_rec=0.496668 valid_auc=0.689230 valid_rmse=0.483853 q_change=37 q_delta=0.358023 q_grad=0.002739
epoch=58 loss_total=0.673111 loss_rec=0.490381 valid_auc=0.689810 valid_rmse=0.484043 q_change=37 q_delta=0.358722 q_grad=0.002667
epoch=59 loss_total=0.671114 loss_rec=0.488470 valid_auc=0.693973 valid_rmse=0.480037 q_change=35 q_delta=0.359407 q_grad=0.002644
epoch=60 loss_total=0.673474 loss_rec=0.490844 valid_auc=0.692835 valid_rmse=0.481756 q_change=35 q_delta=0.360001 q_grad=0.002680
epoch=61 loss_total=0.671479 loss_rec=0.488838 valid_auc=0.691150 valid_rmse=0.481356 q_change=35 q_delta=0.360648 q_grad=0.002760
epoch=62 loss_total=0.667183 loss_rec=0.484611 valid_auc=0.694107 valid_rmse=0.481124 q_change=35 q_delta=0.361301 q_grad=0.002668
epoch=63 loss_total=0.667376 loss_rec=0.484803 valid_auc=0.692589 valid_rmse=0.481970 q_change=35 q_delta=0.361955 q_grad=0.002790
epoch=64 loss_total=0.667052 loss_rec=0.484501 valid_auc=0.693605 valid_rmse=0.484493 q_change=34 q_delta=0.362447 q_grad=0.002750
epoch=65 loss_total=0.664729 loss_rec=0.482200 valid_auc=0.691931 valid_rmse=0.482403 q_change=35 q_delta=0.363263 q_grad=0.002651
epoch=66 loss_total=0.664488 loss_rec=0.481973 valid_auc=0.690982 valid_rmse=0.483363 q_change=36 q_delta=0.363914 q_grad=0.002814
epoch=67 loss_total=0.664314 loss_rec=0.481806 valid_auc=0.691239 valid_rmse=0.484326 q_change=36 q_delta=0.364604 q_grad=0.002800
epoch=68 loss_total=0.656535 loss_rec=0.474044 valid_auc=0.693783 valid_rmse=0.485518 q_change=35 q_delta=0.365073 q_grad=0.002796
epoch=69 loss_total=0.654548 loss_rec=0.472057 valid_auc=0.692031 valid_rmse=0.490160 q_change=36 q_delta=0.365825 q_grad=0.002821
epoch=70 loss_total=0.652128 loss_rec=0.469632 valid_auc=0.692210 valid_rmse=0.484231 q_change=36 q_delta=0.366621 q_grad=0.002894
epoch=71 loss_total=0.652211 loss_rec=0.469790 valid_auc=0.695603 valid_rmse=0.483175 q_change=36 q_delta=0.367232 q_grad=0.002813
epoch=72 loss_total=0.652936 loss_rec=0.470488 valid_auc=0.692857 valid_rmse=0.484777 q_change=35 q_delta=0.367708 q_grad=0.002861
epoch=73 loss_total=0.646630 loss_rec=0.464183 valid_auc=0.690112 valid_rmse=0.487314 q_change=35 q_delta=0.368269 q_grad=0.002895
epoch=74 loss_total=0.652065 loss_rec=0.469666 valid_auc=0.691920 valid_rmse=0.485734 q_change=36 q_delta=0.369103 q_grad=0.002865
epoch=75 loss_total=0.650058 loss_rec=0.467660 valid_auc=0.690100 valid_rmse=0.491029 q_change=36 q_delta=0.369427 q_grad=0.002913
Early stopping at epoch 75; best_epoch=55.
Saved run to C:\Users\YAN_SHU_YU\Desktop\Generative-CD\Q_GNCDM\results\weak_q_lambda_sweep\lq_0p7_ls_0p5_lb_0p2\seed_2026\noise_0.20\weak-q_lq_0p7_ls_0p5_lb_0p2
Final metrics: q_hat_f1=0.519481 response_auc=0.685360 mastery_pearson=0.529123
