run=weak-q_lq_0p8_ls_0p5_lb_0p6 mode=weak-q noise=0.20 train=4200 valid=600 test=1200
epoch=1 loss_total=1.090650 loss_rec=0.725658 valid_auc=0.587757 valid_rmse=0.499751 q_change=57 q_delta=0.078123 q_grad=0.000513
epoch=2 loss_total=1.034292 loss_rec=0.705864 valid_auc=0.594877 valid_rmse=0.499280 q_change=57 q_delta=0.145222 q_grad=0.000438
epoch=3 loss_total=0.999476 loss_rec=0.699786 valid_auc=0.609051 valid_rmse=0.498417 q_change=57 q_delta=0.199962 q_grad=0.000376
epoch=4 loss_total=0.970802 loss_rec=0.693213 valid_auc=0.629821 valid_rmse=0.497530 q_change=57 q_delta=0.243500 q_grad=0.000325
epoch=5 loss_total=0.953516 loss_rec=0.692258 valid_auc=0.651150 valid_rmse=0.495173 q_change=57 q_delta=0.276408 q_grad=0.000299
epoch=6 loss_total=0.934725 loss_rec=0.685194 valid_auc=0.663795 valid_rmse=0.492587 q_change=57 q_delta=0.299734 q_grad=0.000303
epoch=7 loss_total=0.912847 loss_rec=0.671171 valid_auc=0.663672 valid_rmse=0.486901 q_change=57 q_delta=0.314691 q_grad=0.000368
epoch=8 loss_total=0.893605 loss_rec=0.656513 valid_auc=0.662701 valid_rmse=0.481701 q_change=57 q_delta=0.323546 q_grad=0.000546
epoch=9 loss_total=0.879838 loss_rec=0.646011 valid_auc=0.671562 valid_rmse=0.476936 q_change=57 q_delta=0.331188 q_grad=0.000731
epoch=10 loss_total=0.877730 loss_rec=0.646845 valid_auc=0.673862 valid_rmse=0.476992 q_change=57 q_delta=0.336824 q_grad=0.000839
epoch=11 loss_total=0.872017 loss_rec=0.643103 valid_auc=0.676440 valid_rmse=0.475300 q_change=57 q_delta=0.341460 q_grad=0.000984
epoch=12 loss_total=0.860221 loss_rec=0.632971 valid_auc=0.680145 valid_rmse=0.475623 q_change=57 q_delta=0.344420 q_grad=0.001088
epoch=13 loss_total=0.854933 loss_rec=0.628967 valid_auc=0.681942 valid_rmse=0.473220 q_change=57 q_delta=0.347139 q_grad=0.001155
epoch=14 loss_total=0.852871 loss_rec=0.627742 valid_auc=0.683114 valid_rmse=0.474356 q_change=57 q_delta=0.348238 q_grad=0.001296
epoch=15 loss_total=0.847803 loss_rec=0.623278 valid_auc=0.683750 valid_rmse=0.472658 q_change=56 q_delta=0.349682 q_grad=0.001404
epoch=16 loss_total=0.847436 loss_rec=0.623379 valid_auc=0.686496 valid_rmse=0.472674 q_change=56 q_delta=0.350852 q_grad=0.001545
epoch=17 loss_total=0.843015 loss_rec=0.619412 valid_auc=0.685156 valid_rmse=0.472758 q_change=55 q_delta=0.352250 q_grad=0.001511
epoch=18 loss_total=0.835584 loss_rec=0.612310 valid_auc=0.686897 valid_rmse=0.472412 q_change=55 q_delta=0.353663 q_grad=0.001569
epoch=19 loss_total=0.833322 loss_rec=0.610531 valid_auc=0.686875 valid_rmse=0.473729 q_change=54 q_delta=0.355175 q_grad=0.001689
epoch=20 loss_total=0.829735 loss_rec=0.607213 valid_auc=0.688694 valid_rmse=0.471767 q_change=53 q_delta=0.356943 q_grad=0.001778
epoch=21 loss_total=0.824242 loss_rec=0.602064 valid_auc=0.689721 valid_rmse=0.473705 q_change=52 q_delta=0.358564 q_grad=0.001710
epoch=22 loss_total=0.820928 loss_rec=0.599014 valid_auc=0.688895 valid_rmse=0.473015 q_change=51 q_delta=0.360463 q_grad=0.001856
epoch=23 loss_total=0.817715 loss_rec=0.596108 valid_auc=0.686228 valid_rmse=0.473055 q_change=51 q_delta=0.362674 q_grad=0.001823
epoch=24 loss_total=0.811892 loss_rec=0.590608 valid_auc=0.685926 valid_rmse=0.473975 q_change=51 q_delta=0.364428 q_grad=0.001855
epoch=25 loss_total=0.811903 loss_rec=0.590885 valid_auc=0.687031 valid_rmse=0.474098 q_change=51 q_delta=0.365967 q_grad=0.001983
epoch=26 loss_total=0.808533 loss_rec=0.587756 valid_auc=0.688371 valid_rmse=0.474518 q_change=51 q_delta=0.367407 q_grad=0.001971
epoch=27 loss_total=0.803842 loss_rec=0.583264 valid_auc=0.688750 valid_rmse=0.476329 q_change=51 q_delta=0.368628 q_grad=0.001951
epoch=28 loss_total=0.805794 loss_rec=0.585434 valid_auc=0.688616 valid_rmse=0.474541 q_change=50 q_delta=0.369873 q_grad=0.002048
epoch=29 loss_total=0.797941 loss_rec=0.577793 valid_auc=0.691228 valid_rmse=0.474160 q_change=50 q_delta=0.370876 q_grad=0.002067
epoch=30 loss_total=0.796002 loss_rec=0.576001 valid_auc=0.692511 valid_rmse=0.474798 q_change=49 q_delta=0.372045 q_grad=0.002068
epoch=31 loss_total=0.791121 loss_rec=0.571278 valid_auc=0.692902 valid_rmse=0.474602 q_change=49 q_delta=0.373193 q_grad=0.002096
epoch=32 loss_total=0.790905 loss_rec=0.571224 valid_auc=0.694509 valid_rmse=0.474592 q_change=49 q_delta=0.374669 q_grad=0.002161
epoch=33 loss_total=0.786282 loss_rec=0.566701 valid_auc=0.693560 valid_rmse=0.472605 q_change=49 q_delta=0.376004 q_grad=0.002169
epoch=34 loss_total=0.785407 loss_rec=0.566012 valid_auc=0.692277 valid_rmse=0.473087 q_change=49 q_delta=0.376966 q_grad=0.002175
epoch=35 loss_total=0.784408 loss_rec=0.565130 valid_auc=0.696083 valid_rmse=0.471577 q_change=49 q_delta=0.378034 q_grad=0.002173
epoch=36 loss_total=0.776111 loss_rec=0.556880 valid_auc=0.695513 valid_rmse=0.472402 q_change=49 q_delta=0.378612 q_grad=0.002257
epoch=37 loss_total=0.771545 loss_rec=0.552398 valid_auc=0.693627 valid_rmse=0.474678 q_change=49 q_delta=0.379389 q_grad=0.002263
epoch=38 loss_total=0.766006 loss_rec=0.547015 valid_auc=0.694609 valid_rmse=0.475324 q_change=48 q_delta=0.380038 q_grad=0.002389
epoch=39 loss_total=0.764686 loss_rec=0.545787 valid_auc=0.693873 valid_rmse=0.473543 q_change=48 q_delta=0.381088 q_grad=0.002359
epoch=40 loss_total=0.761216 loss_rec=0.542427 valid_auc=0.692757 valid_rmse=0.474879 q_change=49 q_delta=0.381566 q_grad=0.002440
epoch=41 loss_total=0.754033 loss_rec=0.535389 valid_auc=0.693493 valid_rmse=0.477189 q_change=49 q_delta=0.382105 q_grad=0.002451
epoch=42 loss_total=0.756087 loss_rec=0.537549 valid_auc=0.690435 valid_rmse=0.475981 q_change=49 q_delta=0.382836 q_grad=0.002591
epoch=43 loss_total=0.749803 loss_rec=0.531346 valid_auc=0.691440 valid_rmse=0.476935 q_change=48 q_delta=0.383112 q_grad=0.002564
epoch=44 loss_total=0.746571 loss_rec=0.528218 valid_auc=0.690480 valid_rmse=0.477543 q_change=48 q_delta=0.383812 q_grad=0.002624
epoch=45 loss_total=0.741355 loss_rec=0.523141 valid_auc=0.689408 valid_rmse=0.482287 q_change=48 q_delta=0.384044 q_grad=0.002656
epoch=46 loss_total=0.740975 loss_rec=0.522799 valid_auc=0.693917 valid_rmse=0.476385 q_change=48 q_delta=0.384676 q_grad=0.002665
epoch=47 loss_total=0.736845 loss_rec=0.518772 valid_auc=0.689509 valid_rmse=0.480321 q_change=47 q_delta=0.385128 q_grad=0.002674
epoch=48 loss_total=0.734493 loss_rec=0.516528 valid_auc=0.690246 valid_rmse=0.479291 q_change=47 q_delta=0.385725 q_grad=0.002749
epoch=49 loss_total=0.728816 loss_rec=0.510924 valid_auc=0.692533 valid_rmse=0.477951 q_change=46 q_delta=0.385904 q_grad=0.002731
epoch=50 loss_total=0.724543 loss_rec=0.506713 valid_auc=0.690167 valid_rmse=0.481546 q_change=46 q_delta=0.386291 q_grad=0.002760
epoch=51 loss_total=0.723756 loss_rec=0.506054 valid_auc=0.690458 valid_rmse=0.482294 q_change=46 q_delta=0.386574 q_grad=0.002829
epoch=52 loss_total=0.725185 loss_rec=0.507568 valid_auc=0.690647 valid_rmse=0.480455 q_change=46 q_delta=0.387043 q_grad=0.002862
epoch=53 loss_total=0.725912 loss_rec=0.508356 valid_auc=0.690714 valid_rmse=0.479671 q_change=45 q_delta=0.387243 q_grad=0.002881
epoch=54 loss_total=0.718788 loss_rec=0.501275 valid_auc=0.687042 valid_rmse=0.482618 q_change=45 q_delta=0.387472 q_grad=0.002903
epoch=55 loss_total=0.714257 loss_rec=0.496843 valid_auc=0.694174 valid_rmse=0.479008 q_change=45 q_delta=0.387936 q_grad=0.002841
Early stopping at epoch 55; best_epoch=35.
Saved run to C:\Users\YAN_SHU_YU\Desktop\Generative-CD\Q_GNCDM\results\weak_q_lambda_sweep\lq_0p8_ls_0p5_lb_0p6\seed_2026\noise_0.20\weak-q_lq_0p8_ls_0p5_lb_0p6
Final metrics: q_hat_f1=0.250000 response_auc=0.692020 mastery_pearson=0.442615
