run=weak-q_lq_0p8_ls_0p9_lb_0p2 mode=weak-q noise=0.20 train=4200 valid=600 test=1200
epoch=1 loss_total=1.167060 loss_rec=0.725661 valid_auc=0.587494 valid_rmse=0.499756 q_change=57 q_delta=0.078164 q_grad=0.000866
epoch=2 loss_total=1.087554 loss_rec=0.705895 valid_auc=0.593259 valid_rmse=0.499318 q_change=57 q_delta=0.144716 q_grad=0.000714
epoch=3 loss_total=1.037054 loss_rec=0.699910 valid_auc=0.604213 valid_rmse=0.498534 q_change=57 q_delta=0.198560 q_grad=0.000584
epoch=4 loss_total=0.998151 loss_rec=0.693518 valid_auc=0.620893 valid_rmse=0.497785 q_change=57 q_delta=0.241221 q_grad=0.000477
epoch=5 loss_total=0.974275 loss_rec=0.692949 valid_auc=0.641529 valid_rmse=0.495707 q_change=57 q_delta=0.274142 q_grad=0.000399
epoch=6 loss_total=0.951578 loss_rec=0.686937 valid_auc=0.657321 valid_rmse=0.493896 q_change=57 q_delta=0.298864 q_grad=0.000357
epoch=7 loss_total=0.928618 loss_rec=0.675633 valid_auc=0.659241 valid_rmse=0.489715 q_change=57 q_delta=0.316551 q_grad=0.000369
epoch=8 loss_total=0.908197 loss_rec=0.662705 valid_auc=0.657288 valid_rmse=0.484277 q_change=57 q_delta=0.328014 q_grad=0.000486
epoch=9 loss_total=0.891461 loss_rec=0.651017 valid_auc=0.667946 valid_rmse=0.478414 q_change=57 q_delta=0.337244 q_grad=0.000659
epoch=10 loss_total=0.886858 loss_rec=0.650753 valid_auc=0.669799 valid_rmse=0.478131 q_change=57 q_delta=0.344601 q_grad=0.000767
epoch=11 loss_total=0.880141 loss_rec=0.647157 valid_auc=0.672489 valid_rmse=0.476536 q_change=57 q_delta=0.350793 q_grad=0.000905
epoch=12 loss_total=0.867500 loss_rec=0.637219 valid_auc=0.676808 valid_rmse=0.477144 q_change=57 q_delta=0.355354 q_grad=0.001002
epoch=13 loss_total=0.862292 loss_rec=0.634178 valid_auc=0.679163 valid_rmse=0.474245 q_change=57 q_delta=0.359465 q_grad=0.001060
epoch=14 loss_total=0.860120 loss_rec=0.633574 valid_auc=0.679342 valid_rmse=0.475733 q_change=57 q_delta=0.362105 q_grad=0.001193
epoch=15 loss_total=0.855453 loss_rec=0.630189 valid_auc=0.680033 valid_rmse=0.473765 q_change=57 q_delta=0.364801 q_grad=0.001297
epoch=16 loss_total=0.855448 loss_rec=0.631196 valid_auc=0.682578 valid_rmse=0.473741 q_change=57 q_delta=0.366617 q_grad=0.001435
epoch=17 loss_total=0.851858 loss_rec=0.628551 valid_auc=0.681261 valid_rmse=0.474008 q_change=57 q_delta=0.368309 q_grad=0.001405
epoch=18 loss_total=0.845144 loss_rec=0.622500 valid_auc=0.683460 valid_rmse=0.473080 q_change=57 q_delta=0.369860 q_grad=0.001467
epoch=19 loss_total=0.843548 loss_rec=0.621673 valid_auc=0.684152 valid_rmse=0.474354 q_change=57 q_delta=0.371309 q_grad=0.001589
epoch=20 loss_total=0.841267 loss_rec=0.619857 valid_auc=0.687031 valid_rmse=0.472219 q_change=57 q_delta=0.372567 q_grad=0.001684
epoch=21 loss_total=0.836758 loss_rec=0.615816 valid_auc=0.687154 valid_rmse=0.474359 q_change=57 q_delta=0.373307 q_grad=0.001616
epoch=22 loss_total=0.834950 loss_rec=0.614319 valid_auc=0.687556 valid_rmse=0.473308 q_change=56 q_delta=0.374080 q_grad=0.001762
epoch=23 loss_total=0.832275 loss_rec=0.611929 valid_auc=0.685212 valid_rmse=0.472989 q_change=56 q_delta=0.375457 q_grad=0.001746
epoch=24 loss_total=0.827564 loss_rec=0.607484 valid_auc=0.684163 valid_rmse=0.473772 q_change=56 q_delta=0.376565 q_grad=0.001775
epoch=25 loss_total=0.829429 loss_rec=0.609566 valid_auc=0.684732 valid_rmse=0.473699 q_change=56 q_delta=0.377454 q_grad=0.001904
epoch=26 loss_total=0.826750 loss_rec=0.607079 valid_auc=0.686663 valid_rmse=0.474402 q_change=56 q_delta=0.378477 q_grad=0.001882
epoch=27 loss_total=0.823252 loss_rec=0.603633 valid_auc=0.688025 valid_rmse=0.475133 q_change=56 q_delta=0.379254 q_grad=0.001860
epoch=28 loss_total=0.826251 loss_rec=0.606859 valid_auc=0.685971 valid_rmse=0.474024 q_change=56 q_delta=0.380397 q_grad=0.001934
epoch=29 loss_total=0.820200 loss_rec=0.600970 valid_auc=0.689777 valid_rmse=0.473289 q_change=55 q_delta=0.381229 q_grad=0.001965
epoch=30 loss_total=0.819679 loss_rec=0.600477 valid_auc=0.691127 valid_rmse=0.473762 q_change=54 q_delta=0.381760 q_grad=0.001934
epoch=31 loss_total=0.815750 loss_rec=0.596435 valid_auc=0.689944 valid_rmse=0.473762 q_change=54 q_delta=0.382634 q_grad=0.001969
epoch=32 loss_total=0.817606 loss_rec=0.598342 valid_auc=0.691585 valid_rmse=0.473739 q_change=54 q_delta=0.383628 q_grad=0.002021
epoch=33 loss_total=0.815376 loss_rec=0.596100 valid_auc=0.690089 valid_rmse=0.471756 q_change=53 q_delta=0.384935 q_grad=0.002009
epoch=34 loss_total=0.814413 loss_rec=0.595159 valid_auc=0.688627 valid_rmse=0.472199 q_change=51 q_delta=0.385877 q_grad=0.001994
epoch=35 loss_total=0.814183 loss_rec=0.594945 valid_auc=0.692567 valid_rmse=0.471051 q_change=51 q_delta=0.386878 q_grad=0.001976
epoch=36 loss_total=0.808506 loss_rec=0.589033 valid_auc=0.693449 valid_rmse=0.472078 q_change=51 q_delta=0.387385 q_grad=0.002054
epoch=37 loss_total=0.803790 loss_rec=0.584182 valid_auc=0.693516 valid_rmse=0.472590 q_change=51 q_delta=0.388324 q_grad=0.002056
epoch=38 loss_total=0.801773 loss_rec=0.582205 valid_auc=0.693058 valid_rmse=0.474393 q_change=51 q_delta=0.389258 q_grad=0.002170
epoch=39 loss_total=0.802705 loss_rec=0.583049 valid_auc=0.692221 valid_rmse=0.471725 q_change=50 q_delta=0.390339 q_grad=0.002106
epoch=40 loss_total=0.798425 loss_rec=0.578702 valid_auc=0.693382 valid_rmse=0.472009 q_change=50 q_delta=0.390984 q_grad=0.002160
epoch=41 loss_total=0.793607 loss_rec=0.573842 valid_auc=0.694018 valid_rmse=0.473277 q_change=49 q_delta=0.391703 q_grad=0.002165
epoch=42 loss_total=0.795997 loss_rec=0.576104 valid_auc=0.689754 valid_rmse=0.473033 q_change=49 q_delta=0.392875 q_grad=0.002279
epoch=43 loss_total=0.790208 loss_rec=0.570145 valid_auc=0.691462 valid_rmse=0.473470 q_change=49 q_delta=0.393617 q_grad=0.002244
epoch=44 loss_total=0.789882 loss_rec=0.569786 valid_auc=0.689609 valid_rmse=0.474383 q_change=49 q_delta=0.394834 q_grad=0.002299
epoch=45 loss_total=0.784427 loss_rec=0.564304 valid_auc=0.690123 valid_rmse=0.478559 q_change=50 q_delta=0.395532 q_grad=0.002362
epoch=46 loss_total=0.784354 loss_rec=0.564108 valid_auc=0.693315 valid_rmse=0.472273 q_change=50 q_delta=0.396668 q_grad=0.002343
epoch=47 loss_total=0.780559 loss_rec=0.560251 valid_auc=0.691083 valid_rmse=0.475067 q_change=50 q_delta=0.397416 q_grad=0.002376
epoch=48 loss_total=0.777075 loss_rec=0.556715 valid_auc=0.691016 valid_rmse=0.474108 q_change=50 q_delta=0.398300 q_grad=0.002468
epoch=49 loss_total=0.773553 loss_rec=0.553164 valid_auc=0.693259 valid_rmse=0.473027 q_change=50 q_delta=0.398918 q_grad=0.002498
epoch=50 loss_total=0.767649 loss_rec=0.547165 valid_auc=0.690257 valid_rmse=0.475582 q_change=50 q_delta=0.399546 q_grad=0.002483
epoch=51 loss_total=0.766369 loss_rec=0.545948 valid_auc=0.691998 valid_rmse=0.476597 q_change=50 q_delta=0.399999 q_grad=0.002589
epoch=52 loss_total=0.767847 loss_rec=0.547423 valid_auc=0.690212 valid_rmse=0.475407 q_change=50 q_delta=0.400679 q_grad=0.002642
epoch=53 loss_total=0.767537 loss_rec=0.547061 valid_auc=0.691350 valid_rmse=0.473894 q_change=50 q_delta=0.401234 q_grad=0.002670
epoch=54 loss_total=0.758705 loss_rec=0.538178 valid_auc=0.685926 valid_rmse=0.477368 q_change=50 q_delta=0.401523 q_grad=0.002667
epoch=55 loss_total=0.755177 loss_rec=0.534692 valid_auc=0.692879 valid_rmse=0.474204 q_change=50 q_delta=0.401901 q_grad=0.002688
epoch=56 loss_total=0.755202 loss_rec=0.534699 valid_auc=0.687533 valid_rmse=0.477058 q_change=50 q_delta=0.402175 q_grad=0.002762
epoch=57 loss_total=0.752806 loss_rec=0.532289 valid_auc=0.687165 valid_rmse=0.479071 q_change=50 q_delta=0.402476 q_grad=0.002877
epoch=58 loss_total=0.746600 loss_rec=0.526115 valid_auc=0.687109 valid_rmse=0.480998 q_change=50 q_delta=0.402839 q_grad=0.002806
epoch=59 loss_total=0.746654 loss_rec=0.526308 valid_auc=0.690179 valid_rmse=0.476122 q_change=50 q_delta=0.403238 q_grad=0.002815
epoch=60 loss_total=0.745026 loss_rec=0.524750 valid_auc=0.689051 valid_rmse=0.477626 q_change=50 q_delta=0.403457 q_grad=0.002811
epoch=61 loss_total=0.742345 loss_rec=0.522009 valid_auc=0.685647 valid_rmse=0.478329 q_change=50 q_delta=0.403795 q_grad=0.002960
Early stopping at epoch 61; best_epoch=41.
Saved run to C:\Users\YAN_SHU_YU\Desktop\Generative-CD\Q_GNCDM\results\weak_q_lambda_sweep\lq_0p8_ls_0p9_lb_0p2\seed_2026\noise_0.20\weak-q_lq_0p8_ls_0p9_lb_0p2
Final metrics: q_hat_f1=0.250000 response_auc=0.689907 mastery_pearson=0.395184
