run=weak-q_lq_0p7_ls_0p3_lb_0p7 mode=weak-q noise=0.20 train=4200 valid=600 test=1200
epoch=1 loss_total=1.027945 loss_rec=0.725650 valid_auc=0.588337 valid_rmse=0.499741 q_change=57 q_delta=0.077591 q_grad=0.000332
epoch=2 loss_total=0.983628 loss_rec=0.705787 valid_auc=0.597835 valid_rmse=0.499209 q_change=57 q_delta=0.144553 q_grad=0.000299
epoch=3 loss_total=0.956993 loss_rec=0.699513 valid_auc=0.615748 valid_rmse=0.498196 q_change=57 q_delta=0.199329 q_grad=0.000277
epoch=4 loss_total=0.933521 loss_rec=0.692513 valid_auc=0.642042 valid_rmse=0.497003 q_change=57 q_delta=0.242723 q_grad=0.000259
epoch=5 loss_total=0.919180 loss_rec=0.690569 valid_auc=0.662171 valid_rmse=0.493946 q_change=57 q_delta=0.274076 q_grad=0.000266
epoch=6 loss_total=0.900781 loss_rec=0.680840 valid_auc=0.669888 valid_rmse=0.489554 q_change=57 q_delta=0.294042 q_grad=0.000315
epoch=7 loss_total=0.876445 loss_rec=0.661885 valid_auc=0.667623 valid_rmse=0.482415 q_change=57 q_delta=0.305331 q_grad=0.000438
epoch=8 loss_total=0.859635 loss_rec=0.648200 valid_auc=0.669152 valid_rmse=0.479095 q_change=55 q_delta=0.312590 q_grad=0.000661
epoch=9 loss_total=0.848675 loss_rec=0.639720 valid_auc=0.677098 valid_rmse=0.475158 q_change=55 q_delta=0.318765 q_grad=0.000835
epoch=10 loss_total=0.847909 loss_rec=0.641075 valid_auc=0.678047 valid_rmse=0.475454 q_change=55 q_delta=0.322628 q_grad=0.000934
epoch=11 loss_total=0.842317 loss_rec=0.636785 valid_auc=0.681574 valid_rmse=0.473621 q_change=55 q_delta=0.325609 q_grad=0.001089
epoch=12 loss_total=0.830527 loss_rec=0.626056 valid_auc=0.684598 valid_rmse=0.473860 q_change=54 q_delta=0.327092 q_grad=0.001201
epoch=13 loss_total=0.824318 loss_rec=0.620718 valid_auc=0.685391 valid_rmse=0.472203 q_change=54 q_delta=0.329494 q_grad=0.001265
epoch=14 loss_total=0.821951 loss_rec=0.619005 valid_auc=0.686663 valid_rmse=0.473446 q_change=52 q_delta=0.330608 q_grad=0.001403
epoch=15 loss_total=0.815741 loss_rec=0.613403 valid_auc=0.686696 valid_rmse=0.472340 q_change=51 q_delta=0.333020 q_grad=0.001497
epoch=16 loss_total=0.814903 loss_rec=0.613166 valid_auc=0.688594 valid_rmse=0.472528 q_change=50 q_delta=0.334820 q_grad=0.001637
epoch=17 loss_total=0.809523 loss_rec=0.608367 valid_auc=0.686239 valid_rmse=0.472779 q_change=49 q_delta=0.337066 q_grad=0.001592
epoch=18 loss_total=0.801140 loss_rec=0.600502 valid_auc=0.688025 valid_rmse=0.472721 q_change=48 q_delta=0.339212 q_grad=0.001639
epoch=19 loss_total=0.798356 loss_rec=0.598362 valid_auc=0.687991 valid_rmse=0.473951 q_change=48 q_delta=0.341378 q_grad=0.001749
epoch=20 loss_total=0.793766 loss_rec=0.594233 valid_auc=0.689799 valid_rmse=0.472387 q_change=47 q_delta=0.343826 q_grad=0.001833
epoch=21 loss_total=0.787451 loss_rec=0.588418 valid_auc=0.690324 valid_rmse=0.473979 q_change=46 q_delta=0.345627 q_grad=0.001769
epoch=22 loss_total=0.783328 loss_rec=0.584735 valid_auc=0.690424 valid_rmse=0.473657 q_change=46 q_delta=0.347696 q_grad=0.001918
epoch=23 loss_total=0.779388 loss_rec=0.581277 valid_auc=0.688158 valid_rmse=0.474056 q_change=46 q_delta=0.349966 q_grad=0.001856
epoch=24 loss_total=0.772129 loss_rec=0.574439 valid_auc=0.687868 valid_rmse=0.475093 q_change=46 q_delta=0.351860 q_grad=0.001901
epoch=25 loss_total=0.770472 loss_rec=0.573194 valid_auc=0.689252 valid_rmse=0.475397 q_change=46 q_delta=0.353754 q_grad=0.002025
epoch=26 loss_total=0.766596 loss_rec=0.569696 valid_auc=0.690112 valid_rmse=0.475673 q_change=45 q_delta=0.355395 q_grad=0.002013
epoch=27 loss_total=0.760568 loss_rec=0.564010 valid_auc=0.689743 valid_rmse=0.478321 q_change=44 q_delta=0.356702 q_grad=0.002002
epoch=28 loss_total=0.760643 loss_rec=0.564361 valid_auc=0.691596 valid_rmse=0.476024 q_change=43 q_delta=0.358051 q_grad=0.002140
epoch=29 loss_total=0.751586 loss_rec=0.555596 valid_auc=0.693917 valid_rmse=0.475858 q_change=43 q_delta=0.359166 q_grad=0.002147
epoch=30 loss_total=0.747839 loss_rec=0.552095 valid_auc=0.694799 valid_rmse=0.476638 q_change=42 q_delta=0.360177 q_grad=0.002195
epoch=31 loss_total=0.740886 loss_rec=0.545426 valid_auc=0.695312 valid_rmse=0.476690 q_change=42 q_delta=0.361045 q_grad=0.002201
epoch=32 loss_total=0.738322 loss_rec=0.543142 valid_auc=0.698270 valid_rmse=0.477325 q_change=42 q_delta=0.362346 q_grad=0.002319
epoch=33 loss_total=0.731045 loss_rec=0.536080 valid_auc=0.695737 valid_rmse=0.476053 q_change=41 q_delta=0.363398 q_grad=0.002324
epoch=34 loss_total=0.729632 loss_rec=0.534945 valid_auc=0.693728 valid_rmse=0.476590 q_change=41 q_delta=0.364474 q_grad=0.002361
epoch=35 loss_total=0.729075 loss_rec=0.534626 valid_auc=0.698516 valid_rmse=0.475136 q_change=40 q_delta=0.365781 q_grad=0.002340
epoch=36 loss_total=0.719933 loss_rec=0.525652 valid_auc=0.696886 valid_rmse=0.476031 q_change=39 q_delta=0.366513 q_grad=0.002429
epoch=37 loss_total=0.713667 loss_rec=0.519606 valid_auc=0.694821 valid_rmse=0.479247 q_change=37 q_delta=0.367449 q_grad=0.002435
epoch=38 loss_total=0.705377 loss_rec=0.511550 valid_auc=0.695045 valid_rmse=0.479802 q_change=38 q_delta=0.368370 q_grad=0.002539
epoch=39 loss_total=0.704164 loss_rec=0.510525 valid_auc=0.694699 valid_rmse=0.479036 q_change=37 q_delta=0.369505 q_grad=0.002505
epoch=40 loss_total=0.700529 loss_rec=0.507108 valid_auc=0.693594 valid_rmse=0.480616 q_change=36 q_delta=0.370452 q_grad=0.002574
epoch=41 loss_total=0.692201 loss_rec=0.499017 valid_auc=0.692868 valid_rmse=0.484239 q_change=36 q_delta=0.371376 q_grad=0.002580
epoch=42 loss_total=0.695567 loss_rec=0.502586 valid_auc=0.690993 valid_rmse=0.482795 q_change=36 q_delta=0.372435 q_grad=0.002705
epoch=43 loss_total=0.689183 loss_rec=0.496385 valid_auc=0.693599 valid_rmse=0.482693 q_change=35 q_delta=0.373393 q_grad=0.002651
epoch=44 loss_total=0.684074 loss_rec=0.491460 valid_auc=0.692154 valid_rmse=0.482887 q_change=35 q_delta=0.374375 q_grad=0.002708
epoch=45 loss_total=0.680070 loss_rec=0.487662 valid_auc=0.690045 valid_rmse=0.487743 q_change=35 q_delta=0.375127 q_grad=0.002671
epoch=46 loss_total=0.680449 loss_rec=0.488175 valid_auc=0.694453 valid_rmse=0.483039 q_change=34 q_delta=0.376108 q_grad=0.002721
epoch=47 loss_total=0.674618 loss_rec=0.482538 valid_auc=0.690815 valid_rmse=0.486667 q_change=34 q_delta=0.376871 q_grad=0.002627
epoch=48 loss_total=0.675446 loss_rec=0.483548 valid_auc=0.690580 valid_rmse=0.485799 q_change=34 q_delta=0.377926 q_grad=0.002743
epoch=49 loss_total=0.668310 loss_rec=0.476556 valid_auc=0.692500 valid_rmse=0.483927 q_change=34 q_delta=0.378520 q_grad=0.002674
epoch=50 loss_total=0.665024 loss_rec=0.473392 valid_auc=0.690737 valid_rmse=0.488119 q_change=34 q_delta=0.379310 q_grad=0.002701
epoch=51 loss_total=0.664033 loss_rec=0.472595 valid_auc=0.688828 valid_rmse=0.488909 q_change=34 q_delta=0.379913 q_grad=0.002729
epoch=52 loss_total=0.665182 loss_rec=0.473888 valid_auc=0.689955 valid_rmse=0.487310 q_change=34 q_delta=0.380739 q_grad=0.002697
epoch=53 loss_total=0.666616 loss_rec=0.475438 valid_auc=0.690937 valid_rmse=0.486078 q_change=34 q_delta=0.381298 q_grad=0.002721
epoch=54 loss_total=0.660378 loss_rec=0.469314 valid_auc=0.684665 valid_rmse=0.489158 q_change=34 q_delta=0.381921 q_grad=0.002758
epoch=55 loss_total=0.655714 loss_rec=0.464807 valid_auc=0.693058 valid_rmse=0.485187 q_change=35 q_delta=0.382710 q_grad=0.002654
Early stopping at epoch 55; best_epoch=35.
Saved run to C:\Users\YAN_SHU_YU\Desktop\Generative-CD\Q_GNCDM\results\weak_q_lambda_sweep\lq_0p7_ls_0p3_lb_0p7\seed_2026\noise_0.20\weak-q_lq_0p7_ls_0p3_lb_0p7
Final metrics: q_hat_f1=0.465753 response_auc=0.690886 mastery_pearson=0.508451
