run=weak-q_lq_0p6_ls_0p5_lb_0p8 mode=weak-q noise=0.20 train=4200 valid=600 test=1200
epoch=1 loss_total=1.138717 loss_rec=0.725665 valid_auc=0.587734 valid_rmse=0.499756 q_change=57 q_delta=0.079538 q_grad=0.000555
epoch=2 loss_total=1.075450 loss_rec=0.705992 valid_auc=0.594442 valid_rmse=0.499335 q_change=57 q_delta=0.151776 q_grad=0.000531
epoch=3 loss_total=1.029678 loss_rec=0.700228 valid_auc=0.607690 valid_rmse=0.498623 q_change=57 q_delta=0.213280 q_grad=0.000494
epoch=4 loss_total=0.989143 loss_rec=0.694315 valid_auc=0.626194 valid_rmse=0.498100 q_change=57 q_delta=0.263177 q_grad=0.000446
epoch=5 loss_total=0.961395 loss_rec=0.694658 valid_auc=0.646830 valid_rmse=0.496539 q_change=57 q_delta=0.301728 q_grad=0.000395
epoch=6 loss_total=0.935481 loss_rec=0.690774 valid_auc=0.660714 valid_rmse=0.495988 q_change=57 q_delta=0.330685 q_grad=0.000353
epoch=7 loss_total=0.912422 loss_rec=0.684512 valid_auc=0.660547 valid_rmse=0.494500 q_change=57 q_delta=0.352103 q_grad=0.000328
epoch=8 loss_total=0.894715 loss_rec=0.679046 valid_auc=0.655575 valid_rmse=0.491281 q_change=57 q_delta=0.366873 q_grad=0.000341
epoch=9 loss_total=0.877045 loss_rec=0.669826 valid_auc=0.659565 valid_rmse=0.484565 q_change=57 q_delta=0.377236 q_grad=0.000422
epoch=10 loss_total=0.866615 loss_rec=0.665736 valid_auc=0.659531 valid_rmse=0.482812 q_change=57 q_delta=0.384961 q_grad=0.000515
epoch=11 loss_total=0.857179 loss_rec=0.661089 valid_auc=0.659816 valid_rmse=0.481512 q_change=57 q_delta=0.391696 q_grad=0.000622
epoch=12 loss_total=0.843806 loss_rec=0.652121 valid_auc=0.663560 valid_rmse=0.482248 q_change=57 q_delta=0.397283 q_grad=0.000689
epoch=13 loss_total=0.838358 loss_rec=0.650420 valid_auc=0.664554 valid_rmse=0.479204 q_change=57 q_delta=0.402173 q_grad=0.000707
epoch=14 loss_total=0.834457 loss_rec=0.649432 valid_auc=0.666897 valid_rmse=0.480632 q_change=57 q_delta=0.405797 q_grad=0.000789
epoch=15 loss_total=0.830935 loss_rec=0.648427 valid_auc=0.664308 valid_rmse=0.479069 q_change=57 q_delta=0.409352 q_grad=0.000833
epoch=16 loss_total=0.829423 loss_rec=0.649026 valid_auc=0.665681 valid_rmse=0.478973 q_change=57 q_delta=0.412025 q_grad=0.000923
epoch=17 loss_total=0.827201 loss_rec=0.648687 valid_auc=0.667824 valid_rmse=0.479472 q_change=57 q_delta=0.414375 q_grad=0.000901
epoch=18 loss_total=0.820602 loss_rec=0.643671 valid_auc=0.668538 valid_rmse=0.478975 q_change=57 q_delta=0.416542 q_grad=0.000935
epoch=19 loss_total=0.817625 loss_rec=0.642137 valid_auc=0.668248 valid_rmse=0.478589 q_change=57 q_delta=0.418402 q_grad=0.001003
epoch=20 loss_total=0.816440 loss_rec=0.642147 valid_auc=0.671551 valid_rmse=0.477246 q_change=57 q_delta=0.420171 q_grad=0.001099
epoch=21 loss_total=0.812722 loss_rec=0.639578 valid_auc=0.671752 valid_rmse=0.477994 q_change=57 q_delta=0.421425 q_grad=0.001059
epoch=22 loss_total=0.811776 loss_rec=0.639531 valid_auc=0.672600 valid_rmse=0.476845 q_change=57 q_delta=0.422649 q_grad=0.001163
epoch=23 loss_total=0.808154 loss_rec=0.636736 valid_auc=0.671998 valid_rmse=0.476501 q_change=57 q_delta=0.423866 q_grad=0.001182
epoch=24 loss_total=0.803568 loss_rec=0.632948 valid_auc=0.672969 valid_rmse=0.476956 q_change=57 q_delta=0.424812 q_grad=0.001240
epoch=25 loss_total=0.806021 loss_rec=0.636036 valid_auc=0.674141 valid_rmse=0.476464 q_change=57 q_delta=0.425582 q_grad=0.001362
epoch=26 loss_total=0.803609 loss_rec=0.634200 valid_auc=0.673873 valid_rmse=0.477024 q_change=57 q_delta=0.426298 q_grad=0.001379
epoch=27 loss_total=0.801481 loss_rec=0.632509 valid_auc=0.677422 valid_rmse=0.476294 q_change=57 q_delta=0.426844 q_grad=0.001397
epoch=28 loss_total=0.802176 loss_rec=0.633648 valid_auc=0.678237 valid_rmse=0.475637 q_change=57 q_delta=0.427493 q_grad=0.001480
epoch=29 loss_total=0.799006 loss_rec=0.630860 valid_auc=0.679922 valid_rmse=0.475491 q_change=57 q_delta=0.427957 q_grad=0.001550
epoch=30 loss_total=0.800169 loss_rec=0.632373 valid_auc=0.680826 valid_rmse=0.475962 q_change=57 q_delta=0.428302 q_grad=0.001552
epoch=31 loss_total=0.796493 loss_rec=0.628894 valid_auc=0.681819 valid_rmse=0.474972 q_change=57 q_delta=0.428612 q_grad=0.001598
epoch=32 loss_total=0.797979 loss_rec=0.630626 valid_auc=0.682913 valid_rmse=0.475830 q_change=57 q_delta=0.428756 q_grad=0.001672
epoch=33 loss_total=0.796578 loss_rec=0.629335 valid_auc=0.681283 valid_rmse=0.474530 q_change=57 q_delta=0.429122 q_grad=0.001665
epoch=34 loss_total=0.795767 loss_rec=0.628673 valid_auc=0.680703 valid_rmse=0.474273 q_change=57 q_delta=0.429047 q_grad=0.001710
epoch=35 loss_total=0.796782 loss_rec=0.629712 valid_auc=0.683326 valid_rmse=0.473514 q_change=57 q_delta=0.428907 q_grad=0.001712
epoch=36 loss_total=0.793035 loss_rec=0.625940 valid_auc=0.685770 valid_rmse=0.474110 q_change=56 q_delta=0.428523 q_grad=0.001757
epoch=37 loss_total=0.786767 loss_rec=0.619636 valid_auc=0.686752 valid_rmse=0.473585 q_change=56 q_delta=0.429230 q_grad=0.001794
epoch=38 loss_total=0.785934 loss_rec=0.618863 valid_auc=0.684263 valid_rmse=0.476001 q_change=56 q_delta=0.429814 q_grad=0.001920
epoch=39 loss_total=0.788725 loss_rec=0.621769 valid_auc=0.685513 valid_rmse=0.473292 q_change=56 q_delta=0.430453 q_grad=0.001869
epoch=40 loss_total=0.784724 loss_rec=0.617911 valid_auc=0.684230 valid_rmse=0.473748 q_change=56 q_delta=0.430794 q_grad=0.001923
epoch=41 loss_total=0.780130 loss_rec=0.613453 valid_auc=0.686306 valid_rmse=0.474003 q_change=56 q_delta=0.431078 q_grad=0.001943
epoch=42 loss_total=0.784572 loss_rec=0.618011 valid_auc=0.682902 valid_rmse=0.474555 q_change=56 q_delta=0.431402 q_grad=0.002004
epoch=43 loss_total=0.780497 loss_rec=0.614014 valid_auc=0.685156 valid_rmse=0.473624 q_change=56 q_delta=0.431499 q_grad=0.001953
epoch=44 loss_total=0.781180 loss_rec=0.614833 valid_auc=0.686027 valid_rmse=0.474027 q_change=56 q_delta=0.431736 q_grad=0.002035
epoch=45 loss_total=0.778794 loss_rec=0.612538 valid_auc=0.686004 valid_rmse=0.476153 q_change=56 q_delta=0.431758 q_grad=0.002070
epoch=46 loss_total=0.779838 loss_rec=0.613642 valid_auc=0.687902 valid_rmse=0.472613 q_change=56 q_delta=0.431972 q_grad=0.002018
epoch=47 loss_total=0.777039 loss_rec=0.610920 valid_auc=0.689509 valid_rmse=0.472978 q_change=56 q_delta=0.431898 q_grad=0.002048
epoch=48 loss_total=0.777539 loss_rec=0.611425 valid_auc=0.688795 valid_rmse=0.472307 q_change=56 q_delta=0.431941 q_grad=0.002091
epoch=49 loss_total=0.775250 loss_rec=0.609123 valid_auc=0.689219 valid_rmse=0.472297 q_change=56 q_delta=0.431782 q_grad=0.002118
epoch=50 loss_total=0.771081 loss_rec=0.604935 valid_auc=0.687087 valid_rmse=0.473180 q_change=56 q_delta=0.431659 q_grad=0.002021
epoch=51 loss_total=0.770964 loss_rec=0.604834 valid_auc=0.690692 valid_rmse=0.473647 q_change=55 q_delta=0.431402 q_grad=0.002154
epoch=52 loss_total=0.771637 loss_rec=0.605477 valid_auc=0.689174 valid_rmse=0.472536 q_change=55 q_delta=0.431858 q_grad=0.002163
epoch=53 loss_total=0.773336 loss_rec=0.607170 valid_auc=0.691730 valid_rmse=0.471771 q_change=55 q_delta=0.432178 q_grad=0.002141
epoch=54 loss_total=0.764961 loss_rec=0.598831 valid_auc=0.691150 valid_rmse=0.473017 q_change=55 q_delta=0.432457 q_grad=0.002102
epoch=55 loss_total=0.764759 loss_rec=0.598692 valid_auc=0.694855 valid_rmse=0.471013 q_change=55 q_delta=0.432693 q_grad=0.002149
epoch=56 loss_total=0.765824 loss_rec=0.599790 valid_auc=0.692868 valid_rmse=0.471478 q_change=55 q_delta=0.432931 q_grad=0.002196
epoch=57 loss_total=0.764222 loss_rec=0.598218 valid_auc=0.695435 valid_rmse=0.472298 q_change=55 q_delta=0.432985 q_grad=0.002250
epoch=58 loss_total=0.760383 loss_rec=0.594404 valid_auc=0.693449 valid_rmse=0.472893 q_change=55 q_delta=0.433171 q_grad=0.002206
epoch=59 loss_total=0.760156 loss_rec=0.594297 valid_auc=0.693817 valid_rmse=0.471031 q_change=55 q_delta=0.433425 q_grad=0.002209
epoch=60 loss_total=0.759504 loss_rec=0.593709 valid_auc=0.694900 valid_rmse=0.471825 q_change=54 q_delta=0.433528 q_grad=0.002257
epoch=61 loss_total=0.757941 loss_rec=0.592202 valid_auc=0.694855 valid_rmse=0.471585 q_change=54 q_delta=0.433680 q_grad=0.002298
epoch=62 loss_total=0.755754 loss_rec=0.590094 valid_auc=0.693181 valid_rmse=0.471342 q_change=54 q_delta=0.433831 q_grad=0.002261
epoch=63 loss_total=0.757148 loss_rec=0.591525 valid_auc=0.693002 valid_rmse=0.472136 q_change=54 q_delta=0.433787 q_grad=0.002290
epoch=64 loss_total=0.759311 loss_rec=0.593763 valid_auc=0.696931 valid_rmse=0.472917 q_change=54 q_delta=0.433850 q_grad=0.002363
epoch=65 loss_total=0.752852 loss_rec=0.587336 valid_auc=0.693828 valid_rmse=0.471734 q_change=54 q_delta=0.434149 q_grad=0.002263
epoch=66 loss_total=0.753198 loss_rec=0.587751 valid_auc=0.694364 valid_rmse=0.471999 q_change=54 q_delta=0.434237 q_grad=0.002405
epoch=67 loss_total=0.755414 loss_rec=0.589997 valid_auc=0.692098 valid_rmse=0.473360 q_change=54 q_delta=0.434342 q_grad=0.002400
epoch=68 loss_total=0.750842 loss_rec=0.585488 valid_auc=0.693047 valid_rmse=0.474185 q_change=54 q_delta=0.434453 q_grad=0.002422
epoch=69 loss_total=0.747203 loss_rec=0.581896 valid_auc=0.695681 valid_rmse=0.479187 q_change=54 q_delta=0.434438 q_grad=0.002517
epoch=70 loss_total=0.746990 loss_rec=0.581727 valid_auc=0.691674 valid_rmse=0.472945 q_change=54 q_delta=0.434719 q_grad=0.002526
epoch=71 loss_total=0.748822 loss_rec=0.583627 valid_auc=0.691261 valid_rmse=0.473424 q_change=54 q_delta=0.434781 q_grad=0.002537
epoch=72 loss_total=0.747522 loss_rec=0.582351 valid_auc=0.690312 valid_rmse=0.473947 q_change=54 q_delta=0.434888 q_grad=0.002570
epoch=73 loss_total=0.743451 loss_rec=0.578368 valid_auc=0.687545 valid_rmse=0.474693 q_change=54 q_delta=0.434967 q_grad=0.002625
epoch=74 loss_total=0.747802 loss_rec=0.582751 valid_auc=0.689531 valid_rmse=0.474953 q_change=53 q_delta=0.435024 q_grad=0.002582
epoch=75 loss_total=0.745481 loss_rec=0.580452 valid_auc=0.687388 valid_rmse=0.481392 q_change=53 q_delta=0.434966 q_grad=0.002590
epoch=76 loss_total=0.745487 loss_rec=0.580476 valid_auc=0.687031 valid_rmse=0.474217 q_change=53 q_delta=0.435200 q_grad=0.002579
epoch=77 loss_total=0.738822 loss_rec=0.573858 valid_auc=0.688940 valid_rmse=0.477402 q_change=53 q_delta=0.435104 q_grad=0.002582
epoch=78 loss_total=0.739463 loss_rec=0.574520 valid_auc=0.688371 valid_rmse=0.476317 q_change=53 q_delta=0.435172 q_grad=0.002781
epoch=79 loss_total=0.738625 loss_rec=0.573723 valid_auc=0.686607 valid_rmse=0.475435 q_change=53 q_delta=0.435294 q_grad=0.002859
epoch=80 loss_total=0.738711 loss_rec=0.573836 valid_auc=0.687199 valid_rmse=0.475011 q_change=53 q_delta=0.435375 q_grad=0.002767
epoch=81 loss_total=0.734766 loss_rec=0.569947 valid_auc=0.688237 valid_rmse=0.477630 q_change=53 q_delta=0.435364 q_grad=0.002840
epoch=82 loss_total=0.734827 loss_rec=0.570036 valid_auc=0.687422 valid_rmse=0.476833 q_change=53 q_delta=0.435440 q_grad=0.002906
epoch=83 loss_total=0.733946 loss_rec=0.569184 valid_auc=0.687344 valid_rmse=0.480814 q_change=53 q_delta=0.435401 q_grad=0.002876
epoch=84 loss_total=0.734124 loss_rec=0.569396 valid_auc=0.687154 valid_rmse=0.477008 q_change=53 q_delta=0.435571 q_grad=0.002949
Early stopping at epoch 84; best_epoch=64.
Saved run to C:\Users\YAN_SHU_YU\Desktop\Generative-CD\Q_GNCDM\results\weak_q_lambda_sweep\lq_0p6_ls_0p5_lb_0p8\seed_2026\noise_0.20\weak-q_lq_0p6_ls_0p5_lb_0p8
Final metrics: q_hat_f1=0.101695 response_auc=0.687011 mastery_pearson=0.332194
