run=weak-q_lq_0p8_ls_0p3_lb_0p4 mode=weak-q noise=0.20 train=4200 valid=600 test=1200
epoch=1 loss_total=0.955293 loss_rec=0.725637 valid_auc=0.588504 valid_rmse=0.499730 q_change=57 q_delta=0.074969 q_grad=0.000286
epoch=2 loss_total=0.917580 loss_rec=0.705527 valid_auc=0.599051 valid_rmse=0.499086 q_change=57 q_delta=0.131766 q_grad=0.000216
epoch=3 loss_total=0.900067 loss_rec=0.698530 valid_auc=0.618605 valid_rmse=0.497696 q_change=57 q_delta=0.172000 q_grad=0.000190
epoch=4 loss_total=0.884909 loss_rec=0.689643 valid_auc=0.644520 valid_rmse=0.495373 q_change=57 q_delta=0.199567 q_grad=0.000197
epoch=5 loss_total=0.874744 loss_rec=0.682621 valid_auc=0.662098 valid_rmse=0.489322 q_change=57 q_delta=0.213458 q_grad=0.000267
epoch=6 loss_total=0.852355 loss_rec=0.661047 valid_auc=0.670312 valid_rmse=0.480541 q_change=55 q_delta=0.216230 q_grad=0.000444
epoch=7 loss_total=0.826782 loss_rec=0.635458 valid_auc=0.676462 valid_rmse=0.476371 q_change=54 q_delta=0.218148 q_grad=0.000680
epoch=8 loss_total=0.817884 loss_rec=0.626787 valid_auc=0.678304 valid_rmse=0.475707 q_change=53 q_delta=0.220730 q_grad=0.000913
epoch=9 loss_total=0.809901 loss_rec=0.619223 valid_auc=0.683873 valid_rmse=0.472847 q_change=51 q_delta=0.223796 q_grad=0.001037
epoch=10 loss_total=0.812664 loss_rec=0.622527 valid_auc=0.681853 valid_rmse=0.474901 q_change=48 q_delta=0.227625 q_grad=0.001076
epoch=11 loss_total=0.810166 loss_rec=0.620232 valid_auc=0.682366 valid_rmse=0.473640 q_change=47 q_delta=0.231921 q_grad=0.001173
epoch=12 loss_total=0.801166 loss_rec=0.611515 valid_auc=0.681574 valid_rmse=0.475406 q_change=46 q_delta=0.235802 q_grad=0.001210
epoch=13 loss_total=0.797418 loss_rec=0.608073 valid_auc=0.681775 valid_rmse=0.474188 q_change=45 q_delta=0.240873 q_grad=0.001197
epoch=14 loss_total=0.797783 loss_rec=0.608608 valid_auc=0.680569 valid_rmse=0.476145 q_change=45 q_delta=0.244330 q_grad=0.001265
epoch=15 loss_total=0.793420 loss_rec=0.604312 valid_auc=0.682701 valid_rmse=0.474662 q_change=42 q_delta=0.248602 q_grad=0.001285
epoch=16 loss_total=0.795009 loss_rec=0.605905 valid_auc=0.682913 valid_rmse=0.474882 q_change=41 q_delta=0.252508 q_grad=0.001385
epoch=17 loss_total=0.790088 loss_rec=0.601068 valid_auc=0.682723 valid_rmse=0.474769 q_change=39 q_delta=0.255886 q_grad=0.001317
epoch=18 loss_total=0.784334 loss_rec=0.595279 valid_auc=0.683237 valid_rmse=0.474938 q_change=37 q_delta=0.259838 q_grad=0.001355
epoch=19 loss_total=0.783072 loss_rec=0.594041 valid_auc=0.684397 valid_rmse=0.475479 q_change=36 q_delta=0.264032 q_grad=0.001432
epoch=20 loss_total=0.780022 loss_rec=0.590895 valid_auc=0.686864 valid_rmse=0.474159 q_change=35 q_delta=0.268453 q_grad=0.001511
epoch=21 loss_total=0.774185 loss_rec=0.584942 valid_auc=0.688237 valid_rmse=0.474903 q_change=35 q_delta=0.272471 q_grad=0.001450
epoch=22 loss_total=0.771188 loss_rec=0.581828 valid_auc=0.687578 valid_rmse=0.475104 q_change=33 q_delta=0.276747 q_grad=0.001569
epoch=23 loss_total=0.767597 loss_rec=0.578087 valid_auc=0.686016 valid_rmse=0.475408 q_change=32 q_delta=0.280713 q_grad=0.001533
epoch=24 loss_total=0.761363 loss_rec=0.571717 valid_auc=0.686674 valid_rmse=0.475976 q_change=31 q_delta=0.284642 q_grad=0.001587
epoch=25 loss_total=0.759310 loss_rec=0.569441 valid_auc=0.687600 valid_rmse=0.476172 q_change=30 q_delta=0.288392 q_grad=0.001693
epoch=26 loss_total=0.755632 loss_rec=0.565581 valid_auc=0.688259 valid_rmse=0.476149 q_change=29 q_delta=0.292028 q_grad=0.001679
epoch=27 loss_total=0.749537 loss_rec=0.559265 valid_auc=0.687187 valid_rmse=0.478621 q_change=29 q_delta=0.295412 q_grad=0.001693
epoch=28 loss_total=0.750832 loss_rec=0.560332 valid_auc=0.687935 valid_rmse=0.477515 q_change=29 q_delta=0.299215 q_grad=0.001825
epoch=29 loss_total=0.742165 loss_rec=0.551522 valid_auc=0.690346 valid_rmse=0.477101 q_change=29 q_delta=0.302404 q_grad=0.001806
epoch=30 loss_total=0.738426 loss_rec=0.547535 valid_auc=0.692065 valid_rmse=0.478377 q_change=28 q_delta=0.305836 q_grad=0.001892
epoch=31 loss_total=0.732367 loss_rec=0.541316 valid_auc=0.690904 valid_rmse=0.478844 q_change=26 q_delta=0.308784 q_grad=0.001887
epoch=32 loss_total=0.731699 loss_rec=0.540466 valid_auc=0.695212 valid_rmse=0.477731 q_change=25 q_delta=0.311922 q_grad=0.001934
epoch=33 loss_total=0.724717 loss_rec=0.533283 valid_auc=0.691696 valid_rmse=0.477591 q_change=25 q_delta=0.315181 q_grad=0.001955
epoch=34 loss_total=0.724679 loss_rec=0.533137 valid_auc=0.692400 valid_rmse=0.477309 q_change=25 q_delta=0.317456 q_grad=0.001952
epoch=35 loss_total=0.724927 loss_rec=0.533257 valid_auc=0.695301 valid_rmse=0.476062 q_change=25 q_delta=0.319642 q_grad=0.001955
epoch=36 loss_total=0.716610 loss_rec=0.524766 valid_auc=0.694453 valid_rmse=0.476824 q_change=24 q_delta=0.321602 q_grad=0.002009
epoch=37 loss_total=0.712730 loss_rec=0.520737 valid_auc=0.692400 valid_rmse=0.479727 q_change=23 q_delta=0.323832 q_grad=0.002006
epoch=38 loss_total=0.706176 loss_rec=0.514126 valid_auc=0.693158 valid_rmse=0.480140 q_change=23 q_delta=0.325871 q_grad=0.002055
epoch=39 loss_total=0.706876 loss_rec=0.514750 valid_auc=0.693292 valid_rmse=0.479021 q_change=23 q_delta=0.327728 q_grad=0.002031
epoch=40 loss_total=0.704305 loss_rec=0.512097 valid_auc=0.692098 valid_rmse=0.479976 q_change=23 q_delta=0.329591 q_grad=0.002062
epoch=41 loss_total=0.697841 loss_rec=0.505588 valid_auc=0.692746 valid_rmse=0.482703 q_change=23 q_delta=0.331665 q_grad=0.002032
epoch=42 loss_total=0.701870 loss_rec=0.509570 valid_auc=0.691953 valid_rmse=0.480728 q_change=23 q_delta=0.333689 q_grad=0.002169
epoch=43 loss_total=0.695480 loss_rec=0.503143 valid_auc=0.693884 valid_rmse=0.481477 q_change=24 q_delta=0.335483 q_grad=0.002116
epoch=44 loss_total=0.692563 loss_rec=0.500171 valid_auc=0.694252 valid_rmse=0.480332 q_change=24 q_delta=0.337343 q_grad=0.002114
epoch=45 loss_total=0.689798 loss_rec=0.497383 valid_auc=0.692444 valid_rmse=0.484984 q_change=24 q_delta=0.338872 q_grad=0.002110
epoch=46 loss_total=0.689132 loss_rec=0.496636 valid_auc=0.696775 valid_rmse=0.479841 q_change=24 q_delta=0.340637 q_grad=0.002143
epoch=47 loss_total=0.686905 loss_rec=0.494387 valid_auc=0.694342 valid_rmse=0.483053 q_change=24 q_delta=0.342097 q_grad=0.002092
epoch=48 loss_total=0.686277 loss_rec=0.493749 valid_auc=0.694565 valid_rmse=0.481323 q_change=24 q_delta=0.343663 q_grad=0.002161
epoch=49 loss_total=0.680087 loss_rec=0.487529 valid_auc=0.695357 valid_rmse=0.480473 q_change=24 q_delta=0.344955 q_grad=0.002127
epoch=50 loss_total=0.676493 loss_rec=0.483910 valid_auc=0.694408 valid_rmse=0.484563 q_change=23 q_delta=0.346544 q_grad=0.002122
epoch=51 loss_total=0.676952 loss_rec=0.484372 valid_auc=0.695268 valid_rmse=0.484482 q_change=23 q_delta=0.347866 q_grad=0.002192
epoch=52 loss_total=0.677492 loss_rec=0.484895 valid_auc=0.693984 valid_rmse=0.483073 q_change=23 q_delta=0.349467 q_grad=0.002186
epoch=53 loss_total=0.679407 loss_rec=0.486792 valid_auc=0.693225 valid_rmse=0.482663 q_change=23 q_delta=0.350844 q_grad=0.002169
epoch=54 loss_total=0.673118 loss_rec=0.480460 valid_auc=0.692924 valid_rmse=0.483929 q_change=22 q_delta=0.352094 q_grad=0.002219
epoch=55 loss_total=0.668291 loss_rec=0.475636 valid_auc=0.698583 valid_rmse=0.480248 q_change=22 q_delta=0.353255 q_grad=0.002161
epoch=56 loss_total=0.666797 loss_rec=0.474132 valid_auc=0.695179 valid_rmse=0.483551 q_change=23 q_delta=0.354546 q_grad=0.002150
epoch=57 loss_total=0.668020 loss_rec=0.475308 valid_auc=0.692746 valid_rmse=0.485406 q_change=23 q_delta=0.355669 q_grad=0.002288
epoch=58 loss_total=0.661446 loss_rec=0.468719 valid_auc=0.694922 valid_rmse=0.485577 q_change=23 q_delta=0.356779 q_grad=0.002203
epoch=59 loss_total=0.658713 loss_rec=0.466007 valid_auc=0.697321 valid_rmse=0.482738 q_change=23 q_delta=0.357916 q_grad=0.002167
epoch=60 loss_total=0.662325 loss_rec=0.469610 valid_auc=0.697031 valid_rmse=0.483950 q_change=23 q_delta=0.358824 q_grad=0.002219
epoch=61 loss_total=0.660083 loss_rec=0.467364 valid_auc=0.694821 valid_rmse=0.482927 q_change=23 q_delta=0.359850 q_grad=0.002249
epoch=62 loss_total=0.655320 loss_rec=0.462609 valid_auc=0.698192 valid_rmse=0.483242 q_change=23 q_delta=0.360663 q_grad=0.002157
epoch=63 loss_total=0.655576 loss_rec=0.462850 valid_auc=0.695937 valid_rmse=0.484427 q_change=23 q_delta=0.361559 q_grad=0.002254
epoch=64 loss_total=0.656105 loss_rec=0.463375 valid_auc=0.697299 valid_rmse=0.486502 q_change=23 q_delta=0.362458 q_grad=0.002240
epoch=65 loss_total=0.653410 loss_rec=0.460689 valid_auc=0.695056 valid_rmse=0.484728 q_change=23 q_delta=0.363538 q_grad=0.002157
epoch=66 loss_total=0.652642 loss_rec=0.459934 valid_auc=0.694732 valid_rmse=0.485203 q_change=24 q_delta=0.364376 q_grad=0.002273
epoch=67 loss_total=0.653092 loss_rec=0.460380 valid_auc=0.694955 valid_rmse=0.485320 q_change=24 q_delta=0.365184 q_grad=0.002246
epoch=68 loss_total=0.646293 loss_rec=0.453586 valid_auc=0.697310 valid_rmse=0.486289 q_change=23 q_delta=0.365925 q_grad=0.002255
epoch=69 loss_total=0.645097 loss_rec=0.452393 valid_auc=0.695547 valid_rmse=0.491055 q_change=24 q_delta=0.366599 q_grad=0.002244
epoch=70 loss_total=0.641536 loss_rec=0.448813 valid_auc=0.696083 valid_rmse=0.484768 q_change=24 q_delta=0.367590 q_grad=0.002283
epoch=71 loss_total=0.641520 loss_rec=0.448855 valid_auc=0.698382 valid_rmse=0.484247 q_change=25 q_delta=0.368280 q_grad=0.002222
epoch=72 loss_total=0.643583 loss_rec=0.450905 valid_auc=0.695636 valid_rmse=0.486139 q_change=26 q_delta=0.369049 q_grad=0.002291
epoch=73 loss_total=0.637889 loss_rec=0.445207 valid_auc=0.693092 valid_rmse=0.488176 q_change=26 q_delta=0.369821 q_grad=0.002320
epoch=74 loss_total=0.642905 loss_rec=0.450254 valid_auc=0.694464 valid_rmse=0.486637 q_change=26 q_delta=0.370502 q_grad=0.002248
epoch=75 loss_total=0.640850 loss_rec=0.448207 valid_auc=0.693783 valid_rmse=0.491295 q_change=26 q_delta=0.371023 q_grad=0.002307
Early stopping at epoch 75; best_epoch=55.
Saved run to C:\Users\YAN_SHU_YU\Desktop\Generative-CD\Q_GNCDM\results\weak_q_lambda_sweep\lq_0p8_ls_0p3_lb_0p4\seed_2026\noise_0.20\weak-q_lq_0p8_ls_0p3_lb_0p4
Final metrics: q_hat_f1=0.725275 response_auc=0.685279 mastery_pearson=0.560560
