run=weak-q_lq_0p6_ls_0p5_lb_0p6 mode=weak-q noise=0.20 train=4200 valid=600 test=1200
epoch=1 loss_total=1.090142 loss_rec=0.725661 valid_auc=0.587779 valid_rmse=0.499753 q_change=57 q_delta=0.078845 q_grad=0.000529
epoch=2 loss_total=1.030768 loss_rec=0.705929 valid_auc=0.594732 valid_rmse=0.499308 q_change=57 q_delta=0.148614 q_grad=0.000479
epoch=3 loss_total=0.990977 loss_rec=0.700015 valid_auc=0.608304 valid_rmse=0.498525 q_change=57 q_delta=0.206969 q_grad=0.000429
epoch=4 loss_total=0.956906 loss_rec=0.693803 valid_auc=0.628248 valid_rmse=0.497838 q_change=57 q_delta=0.254064 q_grad=0.000379
epoch=5 loss_total=0.934920 loss_rec=0.693604 valid_auc=0.649107 valid_rmse=0.495947 q_change=57 q_delta=0.290329 q_grad=0.000340
epoch=6 loss_total=0.913222 loss_rec=0.688485 valid_auc=0.662327 valid_rmse=0.494610 q_change=57 q_delta=0.317203 q_grad=0.000317
epoch=7 loss_total=0.891808 loss_rec=0.679206 valid_auc=0.661585 valid_rmse=0.491318 q_change=57 q_delta=0.336235 q_grad=0.000329
epoch=8 loss_total=0.873135 loss_rec=0.668639 valid_auc=0.658650 valid_rmse=0.485898 q_change=57 q_delta=0.348194 q_grad=0.000420
epoch=9 loss_total=0.855812 loss_rec=0.656699 valid_auc=0.664342 valid_rmse=0.479937 q_change=57 q_delta=0.357326 q_grad=0.000575
epoch=10 loss_total=0.850809 loss_rec=0.656275 valid_auc=0.665324 valid_rmse=0.479855 q_change=57 q_delta=0.364787 q_grad=0.000681
epoch=11 loss_total=0.844037 loss_rec=0.652964 valid_auc=0.668348 valid_rmse=0.478621 q_change=57 q_delta=0.371106 q_grad=0.000796
epoch=12 loss_total=0.832152 loss_rec=0.644148 valid_auc=0.670848 valid_rmse=0.479326 q_change=57 q_delta=0.375984 q_grad=0.000873
epoch=13 loss_total=0.827173 loss_rec=0.641678 valid_auc=0.671953 valid_rmse=0.476467 q_change=57 q_delta=0.380304 q_grad=0.000909
epoch=14 loss_total=0.824344 loss_rec=0.640735 valid_auc=0.672411 valid_rmse=0.477739 q_change=57 q_delta=0.383186 q_grad=0.001026
epoch=15 loss_total=0.820631 loss_rec=0.638588 valid_auc=0.673404 valid_rmse=0.475911 q_change=57 q_delta=0.386151 q_grad=0.001108
epoch=16 loss_total=0.820127 loss_rec=0.639372 valid_auc=0.677176 valid_rmse=0.475577 q_change=57 q_delta=0.388094 q_grad=0.001240
epoch=17 loss_total=0.817254 loss_rec=0.637617 valid_auc=0.678504 valid_rmse=0.475666 q_change=57 q_delta=0.389810 q_grad=0.001229
epoch=18 loss_total=0.810285 loss_rec=0.631480 valid_auc=0.680223 valid_rmse=0.474798 q_change=57 q_delta=0.391257 q_grad=0.001297
epoch=19 loss_total=0.808159 loss_rec=0.630186 valid_auc=0.681038 valid_rmse=0.475013 q_change=57 q_delta=0.392492 q_grad=0.001412
epoch=20 loss_total=0.806080 loss_rec=0.628665 valid_auc=0.684542 valid_rmse=0.473157 q_change=57 q_delta=0.393463 q_grad=0.001531
epoch=21 loss_total=0.801726 loss_rec=0.624795 valid_auc=0.684453 valid_rmse=0.474493 q_change=57 q_delta=0.393795 q_grad=0.001494
epoch=22 loss_total=0.799381 loss_rec=0.622719 valid_auc=0.686842 valid_rmse=0.472931 q_change=56 q_delta=0.394425 q_grad=0.001652
epoch=23 loss_total=0.795771 loss_rec=0.619360 valid_auc=0.684648 valid_rmse=0.472754 q_change=56 q_delta=0.395677 q_grad=0.001669
epoch=24 loss_total=0.790312 loss_rec=0.614151 valid_auc=0.685112 valid_rmse=0.473079 q_change=56 q_delta=0.396469 q_grad=0.001722
epoch=25 loss_total=0.791829 loss_rec=0.615937 valid_auc=0.685748 valid_rmse=0.473079 q_change=56 q_delta=0.396972 q_grad=0.001892
epoch=26 loss_total=0.788794 loss_rec=0.613069 valid_auc=0.686641 valid_rmse=0.473948 q_change=56 q_delta=0.397423 q_grad=0.001885
epoch=27 loss_total=0.785032 loss_rec=0.609443 valid_auc=0.688348 valid_rmse=0.474619 q_change=55 q_delta=0.397656 q_grad=0.001883
epoch=28 loss_total=0.787053 loss_rec=0.611729 valid_auc=0.686150 valid_rmse=0.473767 q_change=55 q_delta=0.398326 q_grad=0.001967
epoch=29 loss_total=0.781099 loss_rec=0.606021 valid_auc=0.689810 valid_rmse=0.473050 q_change=55 q_delta=0.398914 q_grad=0.002012
epoch=30 loss_total=0.780763 loss_rec=0.605835 valid_auc=0.690714 valid_rmse=0.473355 q_change=54 q_delta=0.399374 q_grad=0.001974
epoch=31 loss_total=0.777016 loss_rec=0.602206 valid_auc=0.690714 valid_rmse=0.473187 q_change=54 q_delta=0.400110 q_grad=0.002005
epoch=32 loss_total=0.778195 loss_rec=0.603592 valid_auc=0.692946 valid_rmse=0.473190 q_change=54 q_delta=0.400919 q_grad=0.002050
epoch=33 loss_total=0.775965 loss_rec=0.601516 valid_auc=0.691094 valid_rmse=0.471635 q_change=54 q_delta=0.401877 q_grad=0.002022
epoch=34 loss_total=0.775312 loss_rec=0.601055 valid_auc=0.689431 valid_rmse=0.471951 q_change=53 q_delta=0.402494 q_grad=0.002026
epoch=35 loss_total=0.774949 loss_rec=0.600883 valid_auc=0.693237 valid_rmse=0.470853 q_change=53 q_delta=0.403108 q_grad=0.001994
epoch=36 loss_total=0.770438 loss_rec=0.596444 valid_auc=0.695290 valid_rmse=0.471557 q_change=53 q_delta=0.403592 q_grad=0.002055
epoch=37 loss_total=0.765178 loss_rec=0.591277 valid_auc=0.694330 valid_rmse=0.472037 q_change=53 q_delta=0.404270 q_grad=0.002057
epoch=38 loss_total=0.763797 loss_rec=0.590065 valid_auc=0.694810 valid_rmse=0.473446 q_change=53 q_delta=0.404905 q_grad=0.002166
epoch=39 loss_total=0.765839 loss_rec=0.592242 valid_auc=0.694978 valid_rmse=0.470622 q_change=53 q_delta=0.405615 q_grad=0.002102
epoch=40 loss_total=0.760911 loss_rec=0.587478 valid_auc=0.695246 valid_rmse=0.471429 q_change=53 q_delta=0.406074 q_grad=0.002151
epoch=41 loss_total=0.756866 loss_rec=0.583589 valid_auc=0.695960 valid_rmse=0.472095 q_change=53 q_delta=0.406508 q_grad=0.002152
epoch=42 loss_total=0.759211 loss_rec=0.586023 valid_auc=0.692712 valid_rmse=0.472141 q_change=52 q_delta=0.407044 q_grad=0.002271
epoch=43 loss_total=0.754331 loss_rec=0.581191 valid_auc=0.693080 valid_rmse=0.472775 q_change=52 q_delta=0.407231 q_grad=0.002241
epoch=44 loss_total=0.754212 loss_rec=0.581189 valid_auc=0.691775 valid_rmse=0.473595 q_change=52 q_delta=0.407821 q_grad=0.002307
epoch=45 loss_total=0.749640 loss_rec=0.576736 valid_auc=0.693002 valid_rmse=0.476728 q_change=52 q_delta=0.408198 q_grad=0.002345
epoch=46 loss_total=0.749526 loss_rec=0.576649 valid_auc=0.694420 valid_rmse=0.471889 q_change=52 q_delta=0.409019 q_grad=0.002329
epoch=47 loss_total=0.745696 loss_rec=0.572936 valid_auc=0.693426 valid_rmse=0.474146 q_change=52 q_delta=0.409403 q_grad=0.002343
epoch=48 loss_total=0.743027 loss_rec=0.570311 valid_auc=0.692589 valid_rmse=0.473250 q_change=51 q_delta=0.409889 q_grad=0.002448
epoch=49 loss_total=0.738984 loss_rec=0.566308 valid_auc=0.693404 valid_rmse=0.473001 q_change=51 q_delta=0.410360 q_grad=0.002484
epoch=50 loss_total=0.734173 loss_rec=0.561545 valid_auc=0.691652 valid_rmse=0.474732 q_change=51 q_delta=0.411042 q_grad=0.002438
epoch=51 loss_total=0.732824 loss_rec=0.560286 valid_auc=0.693906 valid_rmse=0.476902 q_change=51 q_delta=0.411533 q_grad=0.002571
epoch=52 loss_total=0.733179 loss_rec=0.560736 valid_auc=0.692879 valid_rmse=0.474411 q_change=51 q_delta=0.412296 q_grad=0.002602
epoch=53 loss_total=0.732754 loss_rec=0.560341 valid_auc=0.693114 valid_rmse=0.473831 q_change=51 q_delta=0.412770 q_grad=0.002640
epoch=54 loss_total=0.723866 loss_rec=0.551528 valid_auc=0.689732 valid_rmse=0.476391 q_change=51 q_delta=0.413130 q_grad=0.002658
epoch=55 loss_total=0.720298 loss_rec=0.548023 valid_auc=0.696406 valid_rmse=0.473415 q_change=51 q_delta=0.413575 q_grad=0.002667
epoch=56 loss_total=0.720361 loss_rec=0.548132 valid_auc=0.691708 valid_rmse=0.475260 q_change=51 q_delta=0.413902 q_grad=0.002765
epoch=57 loss_total=0.717279 loss_rec=0.545109 valid_auc=0.691629 valid_rmse=0.477396 q_change=51 q_delta=0.414162 q_grad=0.002884
epoch=58 loss_total=0.710317 loss_rec=0.538213 valid_auc=0.691328 valid_rmse=0.480402 q_change=51 q_delta=0.414448 q_grad=0.002849
epoch=59 loss_total=0.710885 loss_rec=0.538903 valid_auc=0.692913 valid_rmse=0.475308 q_change=51 q_delta=0.414865 q_grad=0.002851
epoch=60 loss_total=0.708933 loss_rec=0.537004 valid_auc=0.693493 valid_rmse=0.475880 q_change=51 q_delta=0.415008 q_grad=0.002876
epoch=61 loss_total=0.705240 loss_rec=0.533321 valid_auc=0.692009 valid_rmse=0.476080 q_change=51 q_delta=0.415210 q_grad=0.003025
epoch=62 loss_total=0.701256 loss_rec=0.529473 valid_auc=0.692891 valid_rmse=0.476235 q_change=50 q_delta=0.415404 q_grad=0.002971
epoch=63 loss_total=0.700750 loss_rec=0.529000 valid_auc=0.690190 valid_rmse=0.477078 q_change=50 q_delta=0.415547 q_grad=0.003088
epoch=64 loss_total=0.701443 loss_rec=0.529741 valid_auc=0.693828 valid_rmse=0.480016 q_change=50 q_delta=0.415474 q_grad=0.003124
epoch=65 loss_total=0.695322 loss_rec=0.523649 valid_auc=0.692199 valid_rmse=0.476512 q_change=50 q_delta=0.415761 q_grad=0.002983
epoch=66 loss_total=0.696414 loss_rec=0.524805 valid_auc=0.690926 valid_rmse=0.477868 q_change=50 q_delta=0.415852 q_grad=0.003223
epoch=67 loss_total=0.696687 loss_rec=0.525113 valid_auc=0.690759 valid_rmse=0.478739 q_change=50 q_delta=0.415981 q_grad=0.003250
epoch=68 loss_total=0.688606 loss_rec=0.517088 valid_auc=0.690491 valid_rmse=0.482654 q_change=50 q_delta=0.415959 q_grad=0.003175
epoch=69 loss_total=0.685898 loss_rec=0.514386 valid_auc=0.692522 valid_rmse=0.485597 q_change=50 q_delta=0.416114 q_grad=0.003352
epoch=70 loss_total=0.683701 loss_rec=0.512221 valid_auc=0.688917 valid_rmse=0.479185 q_change=50 q_delta=0.416362 q_grad=0.003417
epoch=71 loss_total=0.684441 loss_rec=0.513041 valid_auc=0.691908 valid_rmse=0.478532 q_change=50 q_delta=0.416391 q_grad=0.003381
epoch=72 loss_total=0.682174 loss_rec=0.510754 valid_auc=0.690692 valid_rmse=0.478727 q_change=50 q_delta=0.416548 q_grad=0.003421
epoch=73 loss_total=0.676687 loss_rec=0.505306 valid_auc=0.686942 valid_rmse=0.481212 q_change=50 q_delta=0.416571 q_grad=0.003477
epoch=74 loss_total=0.683069 loss_rec=0.511705 valid_auc=0.688158 valid_rmse=0.481183 q_change=50 q_delta=0.416635 q_grad=0.003430
epoch=75 loss_total=0.679570 loss_rec=0.508207 valid_auc=0.686696 valid_rmse=0.488205 q_change=50 q_delta=0.416477 q_grad=0.003443
Early stopping at epoch 75; best_epoch=55.
Saved run to C:\Users\YAN_SHU_YU\Desktop\Generative-CD\Q_GNCDM\results\weak_q_lambda_sweep\lq_0p6_ls_0p5_lb_0p6\seed_2026\noise_0.20\weak-q_lq_0p6_ls_0p5_lb_0p6
Final metrics: q_hat_f1=0.193548 response_auc=0.686513 mastery_pearson=0.401302
