run=weak-q_lq_0p9_ls_0p2_lb_0p9 mode=weak-q noise=0.20 train=4200 valid=600 test=1200
epoch=1 loss_total=1.033705 loss_rec=0.725619 valid_auc=0.589900 valid_rmse=0.499711 q_change=55 q_delta=0.074521 q_grad=0.000243
epoch=2 loss_total=0.996328 loss_rec=0.705508 valid_auc=0.602679 valid_rmse=0.499025 q_change=56 q_delta=0.135806 q_grad=0.000225
epoch=3 loss_total=0.975523 loss_rec=0.698580 valid_auc=0.626568 valid_rmse=0.497596 q_change=55 q_delta=0.183662 q_grad=0.000220
epoch=4 loss_total=0.955982 loss_rec=0.689958 valid_auc=0.654743 valid_rmse=0.495341 q_change=52 q_delta=0.219737 q_grad=0.000227
epoch=5 loss_total=0.942193 loss_rec=0.683846 valid_auc=0.669096 valid_rmse=0.489725 q_change=50 q_delta=0.243239 q_grad=0.000281
epoch=6 loss_total=0.918422 loss_rec=0.664679 valid_auc=0.671484 valid_rmse=0.481414 q_change=48 q_delta=0.255027 q_grad=0.000426
epoch=7 loss_total=0.890833 loss_rec=0.639611 valid_auc=0.676819 valid_rmse=0.476481 q_change=47 q_delta=0.261732 q_grad=0.000633
epoch=8 loss_total=0.878206 loss_rec=0.628848 valid_auc=0.683571 valid_rmse=0.474129 q_change=42 q_delta=0.265718 q_grad=0.000867
epoch=9 loss_total=0.865341 loss_rec=0.617578 valid_auc=0.690569 valid_rmse=0.470827 q_change=39 q_delta=0.271047 q_grad=0.001021
epoch=10 loss_total=0.862900 loss_rec=0.616779 valid_auc=0.690212 valid_rmse=0.472719 q_change=37 q_delta=0.277018 q_grad=0.001111
epoch=11 loss_total=0.855527 loss_rec=0.610676 valid_auc=0.691016 valid_rmse=0.471153 q_change=32 q_delta=0.283807 q_grad=0.001243
epoch=12 loss_total=0.840997 loss_rec=0.597425 valid_auc=0.690446 valid_rmse=0.473157 q_change=30 q_delta=0.290207 q_grad=0.001315
epoch=13 loss_total=0.832957 loss_rec=0.590675 valid_auc=0.690580 valid_rmse=0.472541 q_change=29 q_delta=0.296932 q_grad=0.001333
epoch=14 loss_total=0.829343 loss_rec=0.588244 valid_auc=0.690335 valid_rmse=0.474279 q_change=29 q_delta=0.303060 q_grad=0.001409
epoch=15 loss_total=0.819794 loss_rec=0.579732 valid_auc=0.692913 valid_rmse=0.473720 q_change=30 q_delta=0.308934 q_grad=0.001442
epoch=16 loss_total=0.817460 loss_rec=0.578378 valid_auc=0.693125 valid_rmse=0.474261 q_change=30 q_delta=0.314582 q_grad=0.001561
epoch=17 loss_total=0.809381 loss_rec=0.571233 valid_auc=0.692310 valid_rmse=0.474787 q_change=28 q_delta=0.319414 q_grad=0.001497
epoch=18 loss_total=0.798328 loss_rec=0.560969 valid_auc=0.694509 valid_rmse=0.474525 q_change=27 q_delta=0.323756 q_grad=0.001536
epoch=19 loss_total=0.793819 loss_rec=0.557284 valid_auc=0.696004 valid_rmse=0.475560 q_change=27 q_delta=0.327866 q_grad=0.001590
epoch=20 loss_total=0.786406 loss_rec=0.550570 valid_auc=0.696920 valid_rmse=0.474822 q_change=27 q_delta=0.331663 q_grad=0.001691
epoch=21 loss_total=0.776474 loss_rec=0.541336 valid_auc=0.699799 valid_rmse=0.475696 q_change=25 q_delta=0.335022 q_grad=0.001627
epoch=22 loss_total=0.770967 loss_rec=0.536478 valid_auc=0.699252 valid_rmse=0.475952 q_change=25 q_delta=0.338287 q_grad=0.001735
epoch=23 loss_total=0.763968 loss_rec=0.530062 valid_auc=0.694587 valid_rmse=0.478460 q_change=25 q_delta=0.341335 q_grad=0.001679
epoch=24 loss_total=0.753453 loss_rec=0.520118 valid_auc=0.696719 valid_rmse=0.478977 q_change=25 q_delta=0.344280 q_grad=0.001736
epoch=25 loss_total=0.749440 loss_rec=0.516639 valid_auc=0.699844 valid_rmse=0.479200 q_change=25 q_delta=0.347163 q_grad=0.001838
epoch=26 loss_total=0.746323 loss_rec=0.514041 valid_auc=0.697254 valid_rmse=0.479477 q_change=24 q_delta=0.349680 q_grad=0.001789
epoch=27 loss_total=0.736958 loss_rec=0.505112 valid_auc=0.695402 valid_rmse=0.483704 q_change=23 q_delta=0.352058 q_grad=0.001784
epoch=28 loss_total=0.737789 loss_rec=0.506368 valid_auc=0.697321 valid_rmse=0.481974 q_change=23 q_delta=0.354415 q_grad=0.001903
epoch=29 loss_total=0.731872 loss_rec=0.500885 valid_auc=0.697980 valid_rmse=0.481794 q_change=22 q_delta=0.356367 q_grad=0.001844
epoch=30 loss_total=0.727838 loss_rec=0.497230 valid_auc=0.698828 valid_rmse=0.482384 q_change=22 q_delta=0.358419 q_grad=0.001888
epoch=31 loss_total=0.721334 loss_rec=0.491088 valid_auc=0.699230 valid_rmse=0.482582 q_change=21 q_delta=0.360191 q_grad=0.001853
epoch=32 loss_total=0.720292 loss_rec=0.490405 valid_auc=0.702243 valid_rmse=0.483187 q_change=21 q_delta=0.361961 q_grad=0.001898
epoch=33 loss_total=0.714081 loss_rec=0.484493 valid_auc=0.697333 valid_rmse=0.482668 q_change=21 q_delta=0.363674 q_grad=0.001861
epoch=34 loss_total=0.714148 loss_rec=0.484901 valid_auc=0.698917 valid_rmse=0.481794 q_change=21 q_delta=0.365060 q_grad=0.001870
epoch=35 loss_total=0.716071 loss_rec=0.487143 valid_auc=0.702612 valid_rmse=0.479704 q_change=21 q_delta=0.366711 q_grad=0.001845
epoch=36 loss_total=0.708149 loss_rec=0.479469 valid_auc=0.698493 valid_rmse=0.481333 q_change=20 q_delta=0.367879 q_grad=0.001875
epoch=37 loss_total=0.704613 loss_rec=0.476187 valid_auc=0.698661 valid_rmse=0.483271 q_change=20 q_delta=0.369550 q_grad=0.001849
epoch=38 loss_total=0.695734 loss_rec=0.467602 valid_auc=0.699364 valid_rmse=0.483384 q_change=22 q_delta=0.371103 q_grad=0.001881
epoch=39 loss_total=0.698582 loss_rec=0.470696 valid_auc=0.699777 valid_rmse=0.482274 q_change=22 q_delta=0.372489 q_grad=0.001836
epoch=40 loss_total=0.695282 loss_rec=0.467621 valid_auc=0.699330 valid_rmse=0.483229 q_change=22 q_delta=0.373884 q_grad=0.001865
epoch=41 loss_total=0.689597 loss_rec=0.462188 valid_auc=0.698516 valid_rmse=0.486420 q_change=22 q_delta=0.375441 q_grad=0.001836
epoch=42 loss_total=0.693506 loss_rec=0.466319 valid_auc=0.697913 valid_rmse=0.484738 q_change=22 q_delta=0.376862 q_grad=0.001922
epoch=43 loss_total=0.687593 loss_rec=0.460634 valid_auc=0.699632 valid_rmse=0.484761 q_change=22 q_delta=0.378092 q_grad=0.001888
epoch=44 loss_total=0.682886 loss_rec=0.456141 valid_auc=0.698884 valid_rmse=0.483686 q_change=22 q_delta=0.379400 q_grad=0.001883
epoch=45 loss_total=0.681589 loss_rec=0.455057 valid_auc=0.698147 valid_rmse=0.487899 q_change=22 q_delta=0.380663 q_grad=0.001845
epoch=46 loss_total=0.680678 loss_rec=0.454313 valid_auc=0.700636 valid_rmse=0.484251 q_change=22 q_delta=0.381897 q_grad=0.001898
epoch=47 loss_total=0.676702 loss_rec=0.450542 valid_auc=0.698594 valid_rmse=0.486622 q_change=22 q_delta=0.382914 q_grad=0.001810
epoch=48 loss_total=0.679525 loss_rec=0.453547 valid_auc=0.699688 valid_rmse=0.484540 q_change=22 q_delta=0.383940 q_grad=0.001901
epoch=49 loss_total=0.671723 loss_rec=0.445919 valid_auc=0.698382 valid_rmse=0.484268 q_change=22 q_delta=0.384964 q_grad=0.001814
epoch=50 loss_total=0.669354 loss_rec=0.443699 valid_auc=0.697868 valid_rmse=0.488306 q_change=22 q_delta=0.386060 q_grad=0.001841
epoch=51 loss_total=0.669722 loss_rec=0.444264 valid_auc=0.698058 valid_rmse=0.487761 q_change=22 q_delta=0.386945 q_grad=0.001884
epoch=52 loss_total=0.669462 loss_rec=0.444161 valid_auc=0.696708 valid_rmse=0.486804 q_change=22 q_delta=0.387853 q_grad=0.001831
epoch=53 loss_total=0.672627 loss_rec=0.447478 valid_auc=0.697634 valid_rmse=0.485828 q_change=23 q_delta=0.388651 q_grad=0.001849
epoch=54 loss_total=0.667267 loss_rec=0.442266 valid_auc=0.694364 valid_rmse=0.487529 q_change=23 q_delta=0.389611 q_grad=0.001889
epoch=55 loss_total=0.663294 loss_rec=0.438448 valid_auc=0.700201 valid_rmse=0.483736 q_change=23 q_delta=0.390443 q_grad=0.001800
Early stopping at epoch 55; best_epoch=35.
Saved run to C:\Users\YAN_SHU_YU\Desktop\Generative-CD\Q_GNCDM\results\weak_q_lambda_sweep\lq_0p9_ls_0p2_lb_0p9\seed_2026\noise_0.20\weak-q_lq_0p9_ls_0p2_lb_0p9
Final metrics: q_hat_f1=0.739130 response_auc=0.689754 mastery_pearson=0.569894
