run=weak-q_lq_0p6_ls_0p9_lb_0p7 mode=weak-q noise=0.20 train=4200 valid=600 test=1200
epoch=1 loss_total=1.287996 loss_rec=0.725667 valid_auc=0.587444 valid_rmse=0.499761 q_change=57 q_delta=0.079607 q_grad=0.000948
epoch=2 loss_total=1.195947 loss_rec=0.706021 valid_auc=0.592835 valid_rmse=0.499368 q_change=57 q_delta=0.151418 q_grad=0.000883
epoch=3 loss_total=1.126276 loss_rec=0.700331 valid_auc=0.603058 valid_rmse=0.498716 q_change=57 q_delta=0.212230 q_grad=0.000799
epoch=4 loss_total=1.066831 loss_rec=0.694536 valid_auc=0.618728 valid_rmse=0.498274 q_change=57 q_delta=0.261490 q_grad=0.000704
epoch=5 loss_total=1.024458 loss_rec=0.695056 valid_auc=0.638292 valid_rmse=0.496833 q_change=57 q_delta=0.299978 q_grad=0.000607
epoch=6 loss_total=0.987391 loss_rec=0.691548 valid_auc=0.653739 valid_rmse=0.496539 q_change=57 q_delta=0.329526 q_grad=0.000522
epoch=7 loss_total=0.956151 loss_rec=0.686200 valid_auc=0.656261 valid_rmse=0.495650 q_change=57 q_delta=0.352119 q_grad=0.000453
epoch=8 loss_total=0.932957 loss_rec=0.682698 valid_auc=0.649788 valid_rmse=0.493806 q_change=57 q_delta=0.368973 q_grad=0.000406
epoch=9 loss_total=0.912708 loss_rec=0.677120 valid_auc=0.653058 valid_rmse=0.488709 q_change=57 q_delta=0.381618 q_grad=0.000415
epoch=10 loss_total=0.898004 loss_rec=0.673510 valid_auc=0.655179 valid_rmse=0.486224 q_change=57 q_delta=0.390853 q_grad=0.000454
epoch=11 loss_total=0.883775 loss_rec=0.667368 valid_auc=0.654989 valid_rmse=0.484052 q_change=57 q_delta=0.398290 q_grad=0.000542
epoch=12 loss_total=0.866470 loss_rec=0.657104 valid_auc=0.658214 valid_rmse=0.484519 q_change=57 q_delta=0.404596 q_grad=0.000616
epoch=13 loss_total=0.858311 loss_rec=0.655029 valid_auc=0.659833 valid_rmse=0.480730 q_change=57 q_delta=0.410040 q_grad=0.000632
epoch=14 loss_total=0.851924 loss_rec=0.653474 valid_auc=0.663549 valid_rmse=0.481997 q_change=57 q_delta=0.414331 q_grad=0.000698
epoch=15 loss_total=0.846782 loss_rec=0.652551 valid_auc=0.661339 valid_rmse=0.480388 q_change=57 q_delta=0.418320 q_grad=0.000730
epoch=16 loss_total=0.843604 loss_rec=0.652866 valid_auc=0.662355 valid_rmse=0.480459 q_change=57 q_delta=0.421489 q_grad=0.000796
epoch=17 loss_total=0.840778 loss_rec=0.653211 valid_auc=0.665000 valid_rmse=0.481082 q_change=57 q_delta=0.424291 q_grad=0.000770
epoch=18 loss_total=0.833336 loss_rec=0.648479 valid_auc=0.666339 valid_rmse=0.480353 q_change=57 q_delta=0.426838 q_grad=0.000788
epoch=19 loss_total=0.829417 loss_rec=0.646946 valid_auc=0.665714 valid_rmse=0.480287 q_change=57 q_delta=0.429000 q_grad=0.000834
epoch=20 loss_total=0.827916 loss_rec=0.647478 valid_auc=0.669643 valid_rmse=0.478893 q_change=57 q_delta=0.431028 q_grad=0.000903
epoch=21 loss_total=0.823530 loss_rec=0.645041 valid_auc=0.668426 valid_rmse=0.479820 q_change=57 q_delta=0.432608 q_grad=0.000857
epoch=22 loss_total=0.822643 loss_rec=0.645744 valid_auc=0.668504 valid_rmse=0.478745 q_change=57 q_delta=0.434140 q_grad=0.000923
epoch=23 loss_total=0.818353 loss_rec=0.642943 valid_auc=0.667188 valid_rmse=0.478497 q_change=57 q_delta=0.435605 q_grad=0.000929
epoch=24 loss_total=0.813851 loss_rec=0.639841 valid_auc=0.668248 valid_rmse=0.478910 q_change=57 q_delta=0.436808 q_grad=0.000961
epoch=25 loss_total=0.816055 loss_rec=0.643199 valid_auc=0.666987 valid_rmse=0.478401 q_change=57 q_delta=0.437856 q_grad=0.001038
epoch=26 loss_total=0.813309 loss_rec=0.641526 valid_auc=0.667182 valid_rmse=0.478937 q_change=57 q_delta=0.438836 q_grad=0.001048
epoch=27 loss_total=0.811155 loss_rec=0.640282 valid_auc=0.668862 valid_rmse=0.478386 q_change=57 q_delta=0.439703 q_grad=0.001051
epoch=28 loss_total=0.811676 loss_rec=0.641691 valid_auc=0.670033 valid_rmse=0.477683 q_change=57 q_delta=0.440541 q_grad=0.001095
epoch=29 loss_total=0.808816 loss_rec=0.639616 valid_auc=0.671551 valid_rmse=0.477619 q_change=57 q_delta=0.441265 q_grad=0.001144
epoch=30 loss_total=0.809709 loss_rec=0.641228 valid_auc=0.672522 valid_rmse=0.477939 q_change=57 q_delta=0.441868 q_grad=0.001142
epoch=31 loss_total=0.805850 loss_rec=0.637940 valid_auc=0.672712 valid_rmse=0.477129 q_change=57 q_delta=0.442513 q_grad=0.001170
epoch=32 loss_total=0.807728 loss_rec=0.640429 valid_auc=0.674230 valid_rmse=0.477943 q_change=57 q_delta=0.442977 q_grad=0.001220
epoch=33 loss_total=0.806473 loss_rec=0.639626 valid_auc=0.673583 valid_rmse=0.476584 q_change=57 q_delta=0.443633 q_grad=0.001213
epoch=34 loss_total=0.805351 loss_rec=0.639054 valid_auc=0.672846 valid_rmse=0.476235 q_change=57 q_delta=0.444024 q_grad=0.001240
epoch=35 loss_total=0.807023 loss_rec=0.641166 valid_auc=0.674364 valid_rmse=0.475784 q_change=57 q_delta=0.444422 q_grad=0.001238
epoch=36 loss_total=0.803552 loss_rec=0.638075 valid_auc=0.675179 valid_rmse=0.476946 q_change=57 q_delta=0.444710 q_grad=0.001283
epoch=37 loss_total=0.799000 loss_rec=0.633886 valid_auc=0.676417 valid_rmse=0.476052 q_change=57 q_delta=0.445061 q_grad=0.001312
epoch=38 loss_total=0.797793 loss_rec=0.632989 valid_auc=0.677165 valid_rmse=0.477128 q_change=57 q_delta=0.445335 q_grad=0.001408
epoch=39 loss_total=0.801292 loss_rec=0.636814 valid_auc=0.677076 valid_rmse=0.475490 q_change=57 q_delta=0.445746 q_grad=0.001389
epoch=40 loss_total=0.797703 loss_rec=0.633556 valid_auc=0.677154 valid_rmse=0.475668 q_change=57 q_delta=0.445975 q_grad=0.001434
epoch=41 loss_total=0.793945 loss_rec=0.630044 valid_auc=0.679475 valid_rmse=0.475866 q_change=57 q_delta=0.446148 q_grad=0.001452
epoch=42 loss_total=0.798577 loss_rec=0.634878 valid_auc=0.675859 valid_rmse=0.476029 q_change=57 q_delta=0.446386 q_grad=0.001505
epoch=43 loss_total=0.795169 loss_rec=0.631630 valid_auc=0.677009 valid_rmse=0.475631 q_change=57 q_delta=0.446484 q_grad=0.001476
epoch=44 loss_total=0.795532 loss_rec=0.632152 valid_auc=0.677946 valid_rmse=0.475862 q_change=57 q_delta=0.446664 q_grad=0.001544
epoch=45 loss_total=0.793288 loss_rec=0.630069 valid_auc=0.679598 valid_rmse=0.477218 q_change=57 q_delta=0.446722 q_grad=0.001590
epoch=46 loss_total=0.794987 loss_rec=0.631839 valid_auc=0.680536 valid_rmse=0.474173 q_change=57 q_delta=0.446860 q_grad=0.001579
epoch=47 loss_total=0.792189 loss_rec=0.629130 valid_auc=0.682578 valid_rmse=0.474448 q_change=57 q_delta=0.446841 q_grad=0.001610
epoch=48 loss_total=0.793512 loss_rec=0.630468 valid_auc=0.684442 valid_rmse=0.473405 q_change=57 q_delta=0.446871 q_grad=0.001637
epoch=49 loss_total=0.791369 loss_rec=0.628277 valid_auc=0.685513 valid_rmse=0.473502 q_change=57 q_delta=0.446824 q_grad=0.001679
epoch=50 loss_total=0.787390 loss_rec=0.624284 valid_auc=0.683002 valid_rmse=0.473967 q_change=57 q_delta=0.446712 q_grad=0.001624
epoch=51 loss_total=0.788172 loss_rec=0.624959 valid_auc=0.686038 valid_rmse=0.475475 q_change=57 q_delta=0.446455 q_grad=0.001760
epoch=52 loss_total=0.788760 loss_rec=0.625401 valid_auc=0.685759 valid_rmse=0.473352 q_change=57 q_delta=0.446321 q_grad=0.001774
epoch=53 loss_total=0.789899 loss_rec=0.626381 valid_auc=0.688036 valid_rmse=0.472651 q_change=57 q_delta=0.446077 q_grad=0.001760
epoch=54 loss_total=0.781655 loss_rec=0.617935 valid_auc=0.688058 valid_rmse=0.473826 q_change=56 q_delta=0.445910 q_grad=0.001744
epoch=55 loss_total=0.781626 loss_rec=0.617693 valid_auc=0.690748 valid_rmse=0.472221 q_change=56 q_delta=0.446221 q_grad=0.001789
epoch=56 loss_total=0.783265 loss_rec=0.619212 valid_auc=0.687857 valid_rmse=0.472579 q_change=56 q_delta=0.446521 q_grad=0.001850
epoch=57 loss_total=0.781690 loss_rec=0.617522 valid_auc=0.689944 valid_rmse=0.474526 q_change=56 q_delta=0.446574 q_grad=0.001879
epoch=58 loss_total=0.777842 loss_rec=0.613557 valid_auc=0.688393 valid_rmse=0.474172 q_change=56 q_delta=0.446784 q_grad=0.001848
epoch=59 loss_total=0.777831 loss_rec=0.613584 valid_auc=0.688460 valid_rmse=0.472305 q_change=56 q_delta=0.446993 q_grad=0.001871
epoch=60 loss_total=0.777154 loss_rec=0.612852 valid_auc=0.691406 valid_rmse=0.472321 q_change=56 q_delta=0.447038 q_grad=0.001891
epoch=61 loss_total=0.776857 loss_rec=0.612461 valid_auc=0.690692 valid_rmse=0.472594 q_change=56 q_delta=0.447123 q_grad=0.001925
epoch=62 loss_total=0.775880 loss_rec=0.611522 valid_auc=0.690045 valid_rmse=0.471764 q_change=56 q_delta=0.447255 q_grad=0.001877
epoch=63 loss_total=0.776874 loss_rec=0.612470 valid_auc=0.688973 valid_rmse=0.472603 q_change=56 q_delta=0.447249 q_grad=0.001875
epoch=64 loss_total=0.779367 loss_rec=0.614999 valid_auc=0.693504 valid_rmse=0.473980 q_change=56 q_delta=0.447284 q_grad=0.001939
epoch=65 loss_total=0.773182 loss_rec=0.608764 valid_auc=0.692254 valid_rmse=0.471098 q_change=56 q_delta=0.447383 q_grad=0.001837
epoch=66 loss_total=0.774203 loss_rec=0.609766 valid_auc=0.694442 valid_rmse=0.471571 q_change=56 q_delta=0.447338 q_grad=0.001943
epoch=67 loss_total=0.776171 loss_rec=0.611694 valid_auc=0.691272 valid_rmse=0.472889 q_change=56 q_delta=0.447340 q_grad=0.001905
epoch=68 loss_total=0.772234 loss_rec=0.607701 valid_auc=0.694074 valid_rmse=0.472496 q_change=56 q_delta=0.447245 q_grad=0.001916
epoch=69 loss_total=0.768797 loss_rec=0.604199 valid_auc=0.697054 valid_rmse=0.477040 q_change=55 q_delta=0.447088 q_grad=0.001968
epoch=70 loss_total=0.768686 loss_rec=0.604007 valid_auc=0.694275 valid_rmse=0.470838 q_change=55 q_delta=0.447139 q_grad=0.001957
epoch=71 loss_total=0.770483 loss_rec=0.605762 valid_auc=0.695234 valid_rmse=0.470626 q_change=54 q_delta=0.447075 q_grad=0.001957
epoch=72 loss_total=0.768737 loss_rec=0.603911 valid_auc=0.694185 valid_rmse=0.471470 q_change=54 q_delta=0.447027 q_grad=0.001972
epoch=73 loss_total=0.766182 loss_rec=0.601343 valid_auc=0.692500 valid_rmse=0.471329 q_change=54 q_delta=0.447367 q_grad=0.002014
epoch=74 loss_total=0.769400 loss_rec=0.604489 valid_auc=0.693549 valid_rmse=0.471755 q_change=54 q_delta=0.447566 q_grad=0.001961
epoch=75 loss_total=0.767653 loss_rec=0.602675 valid_auc=0.693404 valid_rmse=0.477105 q_change=54 q_delta=0.447794 q_grad=0.001952
epoch=76 loss_total=0.767192 loss_rec=0.602124 valid_auc=0.690971 valid_rmse=0.471388 q_change=54 q_delta=0.448121 q_grad=0.001949
epoch=77 loss_total=0.760997 loss_rec=0.595882 valid_auc=0.692098 valid_rmse=0.474775 q_change=54 q_delta=0.448299 q_grad=0.001937
epoch=78 loss_total=0.762433 loss_rec=0.597304 valid_auc=0.692667 valid_rmse=0.472614 q_change=54 q_delta=0.448517 q_grad=0.002087
epoch=79 loss_total=0.761934 loss_rec=0.596825 valid_auc=0.692288 valid_rmse=0.472189 q_change=54 q_delta=0.448726 q_grad=0.002157
epoch=80 loss_total=0.761378 loss_rec=0.596248 valid_auc=0.693259 valid_rmse=0.471609 q_change=54 q_delta=0.448948 q_grad=0.002077
epoch=81 loss_total=0.757817 loss_rec=0.592663 valid_auc=0.694196 valid_rmse=0.473139 q_change=54 q_delta=0.449103 q_grad=0.002143
epoch=82 loss_total=0.757711 loss_rec=0.592576 valid_auc=0.692556 valid_rmse=0.472797 q_change=54 q_delta=0.449237 q_grad=0.002170
epoch=83 loss_total=0.756261 loss_rec=0.591145 valid_auc=0.694107 valid_rmse=0.476426 q_change=54 q_delta=0.449378 q_grad=0.002149
epoch=84 loss_total=0.757200 loss_rec=0.592050 valid_auc=0.694520 valid_rmse=0.473088 q_change=54 q_delta=0.449601 q_grad=0.002216
epoch=85 loss_total=0.758697 loss_rec=0.593585 valid_auc=0.693426 valid_rmse=0.476977 q_change=54 q_delta=0.449605 q_grad=0.002233
epoch=86 loss_total=0.760297 loss_rec=0.595164 valid_auc=0.692333 valid_rmse=0.474235 q_change=54 q_delta=0.449742 q_grad=0.002218
epoch=87 loss_total=0.754393 loss_rec=0.589288 valid_auc=0.691205 valid_rmse=0.474447 q_change=54 q_delta=0.449866 q_grad=0.002174
epoch=88 loss_total=0.748884 loss_rec=0.583789 valid_auc=0.690179 valid_rmse=0.474383 q_change=54 q_delta=0.449961 q_grad=0.002242
epoch=89 loss_total=0.750757 loss_rec=0.585678 valid_auc=0.691116 valid_rmse=0.479475 q_change=54 q_delta=0.450016 q_grad=0.002289
Early stopping at epoch 89; best_epoch=69.
Saved run to C:\Users\YAN_SHU_YU\Desktop\Generative-CD\Q_GNCDM\results\weak_q_lambda_sweep\lq_0p6_ls_0p9_lb_0p7\seed_2026\noise_0.20\weak-q_lq_0p6_ls_0p9_lb_0p7
Final metrics: q_hat_f1=0.068966 response_auc=0.682980 mastery_pearson=0.288973
