run=weak-q_lq_0p3_ls_0p9_lb_0p3 mode=weak-q noise=0.20 train=4200 valid=600 test=1200
epoch=1 loss_total=1.190074 loss_rec=0.725666 valid_auc=0.587433 valid_rmse=0.499760 q_change=57 q_delta=0.079404 q_grad=0.000919
epoch=2 loss_total=1.101111 loss_rec=0.706003 valid_auc=0.592958 valid_rmse=0.499361 q_change=57 q_delta=0.150507 q_grad=0.000843
epoch=3 loss_total=1.035360 loss_rec=0.700272 valid_auc=0.603437 valid_rmse=0.498690 q_change=57 q_delta=0.210432 q_grad=0.000754
epoch=4 loss_total=0.979885 loss_rec=0.694402 valid_auc=0.619129 valid_rmse=0.498211 q_change=57 q_delta=0.258929 q_grad=0.000659
epoch=5 loss_total=0.941016 loss_rec=0.694804 valid_auc=0.638650 valid_rmse=0.496702 q_change=57 q_delta=0.296860 q_grad=0.000566
epoch=6 loss_total=0.906737 loss_rec=0.691060 valid_auc=0.654241 valid_rmse=0.496267 q_change=57 q_delta=0.326018 q_grad=0.000486
epoch=7 loss_total=0.877447 loss_rec=0.685200 valid_auc=0.656451 valid_rmse=0.495087 q_change=57 q_delta=0.348290 q_grad=0.000427
epoch=8 loss_total=0.855332 loss_rec=0.680725 valid_auc=0.651205 valid_rmse=0.492677 q_change=57 q_delta=0.364723 q_grad=0.000396
epoch=9 loss_total=0.835251 loss_rec=0.673568 valid_auc=0.654542 valid_rmse=0.486815 q_change=57 q_delta=0.376923 q_grad=0.000431
epoch=10 loss_total=0.821409 loss_rec=0.669479 valid_auc=0.655871 valid_rmse=0.484491 q_change=57 q_delta=0.385946 q_grad=0.000494
epoch=11 loss_total=0.808748 loss_rec=0.664054 valid_auc=0.656886 valid_rmse=0.482927 q_change=57 q_delta=0.393484 q_grad=0.000593
epoch=12 loss_total=0.792614 loss_rec=0.654384 valid_auc=0.660569 valid_rmse=0.483417 q_change=57 q_delta=0.399853 q_grad=0.000661
epoch=13 loss_total=0.785314 loss_rec=0.652605 valid_auc=0.662444 valid_rmse=0.479929 q_change=57 q_delta=0.405332 q_grad=0.000676
epoch=14 loss_total=0.779747 loss_rec=0.651392 valid_auc=0.665480 valid_rmse=0.481261 q_change=57 q_delta=0.409607 q_grad=0.000748
epoch=15 loss_total=0.774974 loss_rec=0.650407 valid_auc=0.663616 valid_rmse=0.479632 q_change=57 q_delta=0.413612 q_grad=0.000786
epoch=16 loss_total=0.772342 loss_rec=0.650915 valid_auc=0.664911 valid_rmse=0.479677 q_change=57 q_delta=0.416770 q_grad=0.000862
epoch=17 loss_total=0.769578 loss_rec=0.651001 valid_auc=0.667109 valid_rmse=0.480288 q_change=57 q_delta=0.419563 q_grad=0.000837
epoch=18 loss_total=0.762338 loss_rec=0.646184 valid_auc=0.668382 valid_rmse=0.479477 q_change=57 q_delta=0.422114 q_grad=0.000861
epoch=19 loss_total=0.758709 loss_rec=0.644712 valid_auc=0.667813 valid_rmse=0.479419 q_change=57 q_delta=0.424281 q_grad=0.000918
epoch=20 loss_total=0.757245 loss_rec=0.645066 valid_auc=0.671484 valid_rmse=0.478016 q_change=57 q_delta=0.426319 q_grad=0.000997
epoch=21 loss_total=0.752984 loss_rec=0.642551 valid_auc=0.671060 valid_rmse=0.478889 q_change=57 q_delta=0.427874 q_grad=0.000953
epoch=22 loss_total=0.752007 loss_rec=0.642981 valid_auc=0.670167 valid_rmse=0.477765 q_change=57 q_delta=0.429386 q_grad=0.001033
epoch=23 loss_total=0.747872 loss_rec=0.640168 valid_auc=0.669576 valid_rmse=0.477427 q_change=57 q_delta=0.430847 q_grad=0.001044
epoch=24 loss_total=0.743310 loss_rec=0.636845 valid_auc=0.670379 valid_rmse=0.477817 q_change=57 q_delta=0.432036 q_grad=0.001086
epoch=25 loss_total=0.745632 loss_rec=0.640184 valid_auc=0.670033 valid_rmse=0.477339 q_change=57 q_delta=0.433049 q_grad=0.001182
epoch=26 loss_total=0.742888 loss_rec=0.638379 valid_auc=0.670257 valid_rmse=0.477987 q_change=57 q_delta=0.433997 q_grad=0.001194
epoch=27 loss_total=0.740599 loss_rec=0.636865 valid_auc=0.673906 valid_rmse=0.477419 q_change=57 q_delta=0.434808 q_grad=0.001203
epoch=28 loss_total=0.741433 loss_rec=0.638462 valid_auc=0.674933 valid_rmse=0.476581 q_change=57 q_delta=0.435641 q_grad=0.001262
epoch=29 loss_total=0.738261 loss_rec=0.635960 valid_auc=0.676607 valid_rmse=0.476530 q_change=57 q_delta=0.436322 q_grad=0.001320
epoch=30 loss_total=0.739239 loss_rec=0.637558 valid_auc=0.677400 valid_rmse=0.476788 q_change=57 q_delta=0.436896 q_grad=0.001318
epoch=31 loss_total=0.735397 loss_rec=0.634173 valid_auc=0.678683 valid_rmse=0.476093 q_change=57 q_delta=0.437471 q_grad=0.001354
epoch=32 loss_total=0.737253 loss_rec=0.636533 valid_auc=0.678940 valid_rmse=0.477020 q_change=57 q_delta=0.437888 q_grad=0.001413
epoch=33 loss_total=0.736012 loss_rec=0.635656 valid_auc=0.677879 valid_rmse=0.475516 q_change=57 q_delta=0.438528 q_grad=0.001405
epoch=34 loss_total=0.734907 loss_rec=0.635008 valid_auc=0.676696 valid_rmse=0.475201 q_change=57 q_delta=0.438874 q_grad=0.001436
epoch=35 loss_total=0.736513 loss_rec=0.636959 valid_auc=0.678504 valid_rmse=0.474627 q_change=57 q_delta=0.439231 q_grad=0.001436
epoch=36 loss_total=0.733145 loss_rec=0.633886 valid_auc=0.679230 valid_rmse=0.475715 q_change=57 q_delta=0.439443 q_grad=0.001482
epoch=37 loss_total=0.728166 loss_rec=0.629169 valid_auc=0.681339 valid_rmse=0.474905 q_change=57 q_delta=0.439719 q_grad=0.001516
epoch=38 loss_total=0.727109 loss_rec=0.628321 valid_auc=0.681016 valid_rmse=0.476228 q_change=57 q_delta=0.439925 q_grad=0.001624
epoch=39 loss_total=0.730735 loss_rec=0.632188 valid_auc=0.680714 valid_rmse=0.474474 q_change=57 q_delta=0.440281 q_grad=0.001599
epoch=40 loss_total=0.726890 loss_rec=0.628573 valid_auc=0.680982 valid_rmse=0.474581 q_change=57 q_delta=0.440422 q_grad=0.001642
epoch=41 loss_total=0.722839 loss_rec=0.624639 valid_auc=0.682902 valid_rmse=0.474886 q_change=57 q_delta=0.440458 q_grad=0.001669
epoch=42 loss_total=0.727484 loss_rec=0.629363 valid_auc=0.680547 valid_rmse=0.474973 q_change=57 q_delta=0.440581 q_grad=0.001721
epoch=43 loss_total=0.723762 loss_rec=0.625621 valid_auc=0.682891 valid_rmse=0.474292 q_change=57 q_delta=0.440453 q_grad=0.001683
epoch=44 loss_total=0.724016 loss_rec=0.625856 valid_auc=0.684520 valid_rmse=0.474497 q_change=57 q_delta=0.440484 q_grad=0.001755
epoch=45 loss_total=0.721636 loss_rec=0.623462 valid_auc=0.685658 valid_rmse=0.476455 q_change=57 q_delta=0.440328 q_grad=0.001797
epoch=46 loss_total=0.722657 loss_rec=0.624358 valid_auc=0.687679 valid_rmse=0.472782 q_change=57 q_delta=0.440279 q_grad=0.001766
epoch=47 loss_total=0.719508 loss_rec=0.621145 valid_auc=0.689509 valid_rmse=0.473001 q_change=56 q_delta=0.440270 q_grad=0.001792
epoch=48 loss_total=0.720434 loss_rec=0.621967 valid_auc=0.689353 valid_rmse=0.472206 q_change=56 q_delta=0.440753 q_grad=0.001822
epoch=49 loss_total=0.718347 loss_rec=0.619744 valid_auc=0.689420 valid_rmse=0.472422 q_change=56 q_delta=0.441097 q_grad=0.001855
epoch=50 loss_total=0.714018 loss_rec=0.615411 valid_auc=0.685871 valid_rmse=0.473225 q_change=56 q_delta=0.441383 q_grad=0.001775
epoch=51 loss_total=0.714625 loss_rec=0.615991 valid_auc=0.689955 valid_rmse=0.474275 q_change=56 q_delta=0.441560 q_grad=0.001915
epoch=52 loss_total=0.715540 loss_rec=0.616881 valid_auc=0.687076 valid_rmse=0.472648 q_change=56 q_delta=0.441864 q_grad=0.001920
epoch=53 loss_total=0.717139 loss_rec=0.618482 valid_auc=0.690257 valid_rmse=0.471737 q_change=56 q_delta=0.442072 q_grad=0.001902
epoch=54 loss_total=0.709534 loss_rec=0.610914 valid_auc=0.689040 valid_rmse=0.473081 q_change=56 q_delta=0.442179 q_grad=0.001873
epoch=55 loss_total=0.709543 loss_rec=0.610892 valid_auc=0.691328 valid_rmse=0.471591 q_change=56 q_delta=0.442289 q_grad=0.001914
epoch=56 loss_total=0.711668 loss_rec=0.613063 valid_auc=0.689018 valid_rmse=0.471822 q_change=56 q_delta=0.442445 q_grad=0.001969
epoch=57 loss_total=0.710298 loss_rec=0.611692 valid_auc=0.691987 valid_rmse=0.473503 q_change=56 q_delta=0.442384 q_grad=0.002001
epoch=58 loss_total=0.706800 loss_rec=0.608150 valid_auc=0.691228 valid_rmse=0.473299 q_change=56 q_delta=0.442499 q_grad=0.001957
epoch=59 loss_total=0.706657 loss_rec=0.608114 valid_auc=0.691429 valid_rmse=0.471542 q_change=56 q_delta=0.442634 q_grad=0.001968
epoch=60 loss_total=0.705793 loss_rec=0.607199 valid_auc=0.694129 valid_rmse=0.471838 q_change=56 q_delta=0.442559 q_grad=0.001993
epoch=61 loss_total=0.705459 loss_rec=0.606755 valid_auc=0.693426 valid_rmse=0.471862 q_change=56 q_delta=0.442516 q_grad=0.002028
epoch=62 loss_total=0.703982 loss_rec=0.605248 valid_auc=0.692746 valid_rmse=0.470968 q_change=56 q_delta=0.442521 q_grad=0.001968
epoch=63 loss_total=0.704713 loss_rec=0.605864 valid_auc=0.691440 valid_rmse=0.472064 q_change=56 q_delta=0.442384 q_grad=0.001979
epoch=64 loss_total=0.707467 loss_rec=0.608602 valid_auc=0.695949 valid_rmse=0.473384 q_change=55 q_delta=0.442315 q_grad=0.002035
epoch=65 loss_total=0.700927 loss_rec=0.601954 valid_auc=0.694208 valid_rmse=0.470684 q_change=54 q_delta=0.442582 q_grad=0.001928
epoch=66 loss_total=0.701431 loss_rec=0.602400 valid_auc=0.695580 valid_rmse=0.471316 q_change=54 q_delta=0.442829 q_grad=0.002048
epoch=67 loss_total=0.703566 loss_rec=0.604461 valid_auc=0.692679 valid_rmse=0.472659 q_change=54 q_delta=0.443166 q_grad=0.002013
epoch=68 loss_total=0.699547 loss_rec=0.600416 valid_auc=0.695100 valid_rmse=0.472596 q_change=54 q_delta=0.443430 q_grad=0.002026
epoch=69 loss_total=0.696109 loss_rec=0.596965 valid_auc=0.698337 valid_rmse=0.477494 q_change=54 q_delta=0.443620 q_grad=0.002096
epoch=70 loss_total=0.695864 loss_rec=0.596694 valid_auc=0.695067 valid_rmse=0.471050 q_change=54 q_delta=0.444009 q_grad=0.002086
epoch=71 loss_total=0.697931 loss_rec=0.598764 valid_auc=0.695759 valid_rmse=0.471116 q_change=54 q_delta=0.444295 q_grad=0.002094
epoch=72 loss_total=0.696094 loss_rec=0.596897 valid_auc=0.694174 valid_rmse=0.471855 q_change=54 q_delta=0.444541 q_grad=0.002107
epoch=73 loss_total=0.693380 loss_rec=0.594256 valid_auc=0.692221 valid_rmse=0.472056 q_change=54 q_delta=0.444817 q_grad=0.002161
epoch=74 loss_total=0.697157 loss_rec=0.598026 valid_auc=0.693382 valid_rmse=0.472673 q_change=54 q_delta=0.445006 q_grad=0.002107
epoch=75 loss_total=0.695389 loss_rec=0.596240 valid_auc=0.693393 valid_rmse=0.478754 q_change=54 q_delta=0.445144 q_grad=0.002104
epoch=76 loss_total=0.695240 loss_rec=0.596066 valid_auc=0.691205 valid_rmse=0.472144 q_change=54 q_delta=0.445396 q_grad=0.002095
epoch=77 loss_total=0.689054 loss_rec=0.589899 valid_auc=0.692176 valid_rmse=0.475753 q_change=54 q_delta=0.445455 q_grad=0.002089
epoch=78 loss_total=0.690250 loss_rec=0.591120 valid_auc=0.691953 valid_rmse=0.473675 q_change=54 q_delta=0.445590 q_grad=0.002248
epoch=79 loss_total=0.689756 loss_rec=0.590692 valid_auc=0.691161 valid_rmse=0.473159 q_change=54 q_delta=0.445751 q_grad=0.002314
epoch=80 loss_total=0.689706 loss_rec=0.590651 valid_auc=0.690558 valid_rmse=0.472839 q_change=54 q_delta=0.445874 q_grad=0.002234
epoch=81 loss_total=0.685900 loss_rec=0.586872 valid_auc=0.692204 valid_rmse=0.474752 q_change=54 q_delta=0.445996 q_grad=0.002290
epoch=82 loss_total=0.686160 loss_rec=0.587175 valid_auc=0.690301 valid_rmse=0.474156 q_change=54 q_delta=0.446088 q_grad=0.002325
epoch=83 loss_total=0.684815 loss_rec=0.585881 valid_auc=0.690681 valid_rmse=0.478119 q_change=54 q_delta=0.446174 q_grad=0.002298
epoch=84 loss_total=0.685727 loss_rec=0.586787 valid_auc=0.691462 valid_rmse=0.474715 q_change=54 q_delta=0.446382 q_grad=0.002376
epoch=85 loss_total=0.687407 loss_rec=0.588512 valid_auc=0.690446 valid_rmse=0.478493 q_change=54 q_delta=0.446335 q_grad=0.002392
epoch=86 loss_total=0.689069 loss_rec=0.590170 valid_auc=0.688895 valid_rmse=0.475674 q_change=54 q_delta=0.446467 q_grad=0.002370
epoch=87 loss_total=0.683162 loss_rec=0.584319 valid_auc=0.688158 valid_rmse=0.476022 q_change=54 q_delta=0.446564 q_grad=0.002313
epoch=88 loss_total=0.677369 loss_rec=0.578543 valid_auc=0.687143 valid_rmse=0.475841 q_change=54 q_delta=0.446653 q_grad=0.002400
epoch=89 loss_total=0.679358 loss_rec=0.580568 valid_auc=0.687578 valid_rmse=0.481116 q_change=54 q_delta=0.446679 q_grad=0.002447
Early stopping at epoch 89; best_epoch=69.
Saved run to C:\Users\YAN_SHU_YU\Desktop\Generative-CD\Q_GNCDM\results\weak_q_lambda_sweep\lq_0p3_ls_0p9_lb_0p3\seed_2026\noise_0.20\weak-q_lq_0p3_ls_0p9_lb_0p3
Final metrics: q_hat_f1=0.101695 response_auc=0.683020 mastery_pearson=0.296090
