run=weak-q_lq_0p6_ls_0p7_lb_0p4 mode=weak-q noise=0.20 train=4200 valid=600 test=1200
epoch=1 loss_total=1.128341 loss_rec=0.725662 valid_auc=0.587617 valid_rmse=0.499756 q_change=57 q_delta=0.078708 q_grad=0.000705
epoch=2 loss_total=1.057419 loss_rec=0.705933 valid_auc=0.593839 valid_rmse=0.499324 q_change=57 q_delta=0.147502 q_grad=0.000616
epoch=3 loss_total=1.009920 loss_rec=0.700033 valid_auc=0.605960 valid_rmse=0.498567 q_change=57 q_delta=0.204474 q_grad=0.000532
epoch=4 loss_total=0.970936 loss_rec=0.693836 valid_auc=0.623538 valid_rmse=0.497908 q_change=57 q_delta=0.250267 q_grad=0.000455
epoch=5 loss_total=0.945789 loss_rec=0.693661 valid_auc=0.644152 valid_rmse=0.496051 q_change=57 q_delta=0.285816 q_grad=0.000392
epoch=6 loss_total=0.921975 loss_rec=0.688622 valid_auc=0.658672 valid_rmse=0.494808 q_change=57 q_delta=0.312671 q_grad=0.000352
epoch=7 loss_total=0.899228 loss_rec=0.679652 valid_auc=0.659442 valid_rmse=0.491792 q_change=57 q_delta=0.332286 q_grad=0.000348
epoch=8 loss_total=0.879730 loss_rec=0.669582 valid_auc=0.656060 valid_rmse=0.486699 q_change=57 q_delta=0.345223 q_grad=0.000421
epoch=9 loss_total=0.861552 loss_rec=0.657735 valid_auc=0.663069 valid_rmse=0.480367 q_change=57 q_delta=0.355003 q_grad=0.000567
epoch=10 loss_total=0.855174 loss_rec=0.656611 valid_auc=0.664364 valid_rmse=0.480094 q_change=57 q_delta=0.362964 q_grad=0.000674
epoch=11 loss_total=0.847703 loss_rec=0.653124 valid_auc=0.667109 valid_rmse=0.478807 q_change=57 q_delta=0.369739 q_grad=0.000791
epoch=12 loss_total=0.835078 loss_rec=0.644043 valid_auc=0.670703 valid_rmse=0.479394 q_change=57 q_delta=0.375032 q_grad=0.000871
epoch=13 loss_total=0.829791 loss_rec=0.641645 valid_auc=0.672199 valid_rmse=0.476358 q_change=57 q_delta=0.379660 q_grad=0.000908
epoch=14 loss_total=0.826730 loss_rec=0.640757 valid_auc=0.673013 valid_rmse=0.477631 q_change=57 q_delta=0.382871 q_grad=0.001024
epoch=15 loss_total=0.822647 loss_rec=0.638495 valid_auc=0.673962 valid_rmse=0.475774 q_change=57 q_delta=0.386060 q_grad=0.001109
epoch=16 loss_total=0.821973 loss_rec=0.639298 valid_auc=0.677656 valid_rmse=0.475515 q_change=57 q_delta=0.388271 q_grad=0.001240
epoch=17 loss_total=0.818897 loss_rec=0.637539 valid_auc=0.678605 valid_rmse=0.475634 q_change=57 q_delta=0.390229 q_grad=0.001227
epoch=18 loss_total=0.811914 loss_rec=0.631556 valid_auc=0.680424 valid_rmse=0.474586 q_change=57 q_delta=0.391962 q_grad=0.001294
epoch=19 loss_total=0.809758 loss_rec=0.630402 valid_auc=0.680815 valid_rmse=0.475125 q_change=57 q_delta=0.393446 q_grad=0.001410
epoch=20 loss_total=0.807812 loss_rec=0.629156 valid_auc=0.684085 valid_rmse=0.473217 q_change=57 q_delta=0.394722 q_grad=0.001525
epoch=21 loss_total=0.803513 loss_rec=0.625506 valid_auc=0.684163 valid_rmse=0.474842 q_change=57 q_delta=0.395388 q_grad=0.001483
epoch=22 loss_total=0.801619 loss_rec=0.624006 valid_auc=0.685837 valid_rmse=0.473312 q_change=57 q_delta=0.395921 q_grad=0.001634
epoch=23 loss_total=0.798268 loss_rec=0.620983 valid_auc=0.683728 valid_rmse=0.473025 q_change=57 q_delta=0.396668 q_grad=0.001649
epoch=24 loss_total=0.793250 loss_rec=0.616247 valid_auc=0.683783 valid_rmse=0.473418 q_change=56 q_delta=0.397323 q_grad=0.001696
epoch=25 loss_total=0.795151 loss_rec=0.618391 valid_auc=0.684688 valid_rmse=0.473338 q_change=56 q_delta=0.398147 q_grad=0.001854
epoch=26 loss_total=0.792167 loss_rec=0.615584 valid_auc=0.686250 valid_rmse=0.474316 q_change=56 q_delta=0.398968 q_grad=0.001842
epoch=27 loss_total=0.788608 loss_rec=0.612121 valid_auc=0.687801 valid_rmse=0.474812 q_change=56 q_delta=0.399510 q_grad=0.001836
epoch=28 loss_total=0.790970 loss_rec=0.614733 valid_auc=0.685898 valid_rmse=0.473887 q_change=56 q_delta=0.400443 q_grad=0.001917
epoch=29 loss_total=0.785265 loss_rec=0.609249 valid_auc=0.689844 valid_rmse=0.473029 q_change=56 q_delta=0.400989 q_grad=0.001958
epoch=30 loss_total=0.785033 loss_rec=0.609123 valid_auc=0.690837 valid_rmse=0.473238 q_change=56 q_delta=0.401292 q_grad=0.001918
epoch=31 loss_total=0.781198 loss_rec=0.605314 valid_auc=0.691172 valid_rmse=0.473193 q_change=55 q_delta=0.401689 q_grad=0.001954
epoch=32 loss_total=0.782810 loss_rec=0.607064 valid_auc=0.693203 valid_rmse=0.473337 q_change=55 q_delta=0.402049 q_grad=0.002001
epoch=33 loss_total=0.780835 loss_rec=0.605172 valid_auc=0.691016 valid_rmse=0.471553 q_change=54 q_delta=0.403020 q_grad=0.001973
epoch=34 loss_total=0.779864 loss_rec=0.604327 valid_auc=0.689576 valid_rmse=0.471665 q_change=54 q_delta=0.403631 q_grad=0.001969
epoch=35 loss_total=0.779602 loss_rec=0.604204 valid_auc=0.693125 valid_rmse=0.470719 q_change=54 q_delta=0.404269 q_grad=0.001938
epoch=36 loss_total=0.775175 loss_rec=0.599725 valid_auc=0.694643 valid_rmse=0.471612 q_change=54 q_delta=0.404498 q_grad=0.002002
epoch=37 loss_total=0.769855 loss_rec=0.594413 valid_auc=0.694542 valid_rmse=0.471847 q_change=54 q_delta=0.405054 q_grad=0.002001
epoch=38 loss_total=0.768709 loss_rec=0.593405 valid_auc=0.694654 valid_rmse=0.473638 q_change=54 q_delta=0.405531 q_grad=0.002108
epoch=39 loss_total=0.770625 loss_rec=0.595393 valid_auc=0.694174 valid_rmse=0.470745 q_change=54 q_delta=0.406256 q_grad=0.002037
epoch=40 loss_total=0.765883 loss_rec=0.590759 valid_auc=0.694464 valid_rmse=0.471280 q_change=52 q_delta=0.406709 q_grad=0.002082
epoch=41 loss_total=0.761757 loss_rec=0.586740 valid_auc=0.695871 valid_rmse=0.472012 q_change=52 q_delta=0.407257 q_grad=0.002080
epoch=42 loss_total=0.764448 loss_rec=0.589457 valid_auc=0.691908 valid_rmse=0.472053 q_change=52 q_delta=0.408247 q_grad=0.002188
epoch=43 loss_total=0.759459 loss_rec=0.584446 valid_auc=0.692511 valid_rmse=0.472479 q_change=52 q_delta=0.408856 q_grad=0.002143
epoch=44 loss_total=0.759814 loss_rec=0.584887 valid_auc=0.690882 valid_rmse=0.473403 q_change=52 q_delta=0.409646 q_grad=0.002203
epoch=45 loss_total=0.755296 loss_rec=0.580467 valid_auc=0.692712 valid_rmse=0.476716 q_change=52 q_delta=0.410089 q_grad=0.002248
epoch=46 loss_total=0.755353 loss_rec=0.580504 valid_auc=0.694587 valid_rmse=0.471468 q_change=52 q_delta=0.410994 q_grad=0.002221
epoch=47 loss_total=0.751799 loss_rec=0.577025 valid_auc=0.693627 valid_rmse=0.473466 q_change=51 q_delta=0.411432 q_grad=0.002231
epoch=48 loss_total=0.749087 loss_rec=0.574335 valid_auc=0.692958 valid_rmse=0.472577 q_change=51 q_delta=0.412079 q_grad=0.002323
epoch=49 loss_total=0.745966 loss_rec=0.571233 valid_auc=0.694275 valid_rmse=0.472340 q_change=51 q_delta=0.412812 q_grad=0.002356
epoch=50 loss_total=0.740743 loss_rec=0.566013 valid_auc=0.691607 valid_rmse=0.474014 q_change=51 q_delta=0.413578 q_grad=0.002295
epoch=51 loss_total=0.739881 loss_rec=0.565218 valid_auc=0.693504 valid_rmse=0.476207 q_change=51 q_delta=0.414151 q_grad=0.002427
epoch=52 loss_total=0.740870 loss_rec=0.566281 valid_auc=0.691362 valid_rmse=0.473819 q_change=51 q_delta=0.414955 q_grad=0.002454
epoch=53 loss_total=0.740428 loss_rec=0.565832 valid_auc=0.692868 valid_rmse=0.473146 q_change=51 q_delta=0.415510 q_grad=0.002483
epoch=54 loss_total=0.731695 loss_rec=0.557129 valid_auc=0.689821 valid_rmse=0.475735 q_change=51 q_delta=0.415916 q_grad=0.002485
epoch=55 loss_total=0.729003 loss_rec=0.554503 valid_auc=0.695703 valid_rmse=0.472676 q_change=51 q_delta=0.416451 q_grad=0.002515
epoch=56 loss_total=0.729225 loss_rec=0.554735 valid_auc=0.690904 valid_rmse=0.474515 q_change=51 q_delta=0.416821 q_grad=0.002591
epoch=57 loss_total=0.726009 loss_rec=0.551531 valid_auc=0.691339 valid_rmse=0.476487 q_change=51 q_delta=0.417148 q_grad=0.002705
epoch=58 loss_total=0.720094 loss_rec=0.545658 valid_auc=0.690301 valid_rmse=0.479450 q_change=51 q_delta=0.417531 q_grad=0.002678
epoch=59 loss_total=0.720655 loss_rec=0.546347 valid_auc=0.691317 valid_rmse=0.474376 q_change=51 q_delta=0.417990 q_grad=0.002675
epoch=60 loss_total=0.718964 loss_rec=0.544714 valid_auc=0.692835 valid_rmse=0.475147 q_change=51 q_delta=0.418165 q_grad=0.002692
epoch=61 loss_total=0.715787 loss_rec=0.541527 valid_auc=0.690636 valid_rmse=0.475008 q_change=51 q_delta=0.418436 q_grad=0.002829
Early stopping at epoch 61; best_epoch=41.
Saved run to C:\Users\YAN_SHU_YU\Desktop\Generative-CD\Q_GNCDM\results\weak_q_lambda_sweep\lq_0p6_ls_0p7_lb_0p4\seed_2026\noise_0.20\weak-q_lq_0p6_ls_0p7_lb_0p4
Final metrics: q_hat_f1=0.163934 response_auc=0.688198 mastery_pearson=0.358249
