run=weak-q_lq_0p3_ls_0p8_lb_0p4 mode=weak-q noise=0.20 train=4200 valid=600 test=1200
epoch=1 loss_total=1.170965 loss_rec=0.725667 valid_auc=0.587483 valid_rmse=0.499760 q_change=57 q_delta=0.079550 q_grad=0.000831
epoch=2 loss_total=1.087725 loss_rec=0.706011 valid_auc=0.593164 valid_rmse=0.499361 q_change=57 q_delta=0.151251 q_grad=0.000774
epoch=3 loss_total=1.025702 loss_rec=0.700298 valid_auc=0.603772 valid_rmse=0.498694 q_change=57 q_delta=0.211959 q_grad=0.000702
epoch=4 loss_total=0.972524 loss_rec=0.694462 valid_auc=0.619771 valid_rmse=0.498228 q_change=57 q_delta=0.261149 q_grad=0.000620
epoch=5 loss_total=0.935106 loss_rec=0.694923 valid_auc=0.639542 valid_rmse=0.496751 q_change=57 q_delta=0.299528 q_grad=0.000536
epoch=6 loss_total=0.901857 loss_rec=0.691296 valid_auc=0.655335 valid_rmse=0.496381 q_change=57 q_delta=0.328903 q_grad=0.000463
epoch=7 loss_total=0.873452 loss_rec=0.685681 valid_auc=0.656808 valid_rmse=0.495329 q_change=57 q_delta=0.351243 q_grad=0.000408
epoch=8 loss_total=0.852226 loss_rec=0.681633 valid_auc=0.651417 valid_rmse=0.493124 q_change=57 q_delta=0.367659 q_grad=0.000378
epoch=9 loss_total=0.833003 loss_rec=0.674983 valid_auc=0.654643 valid_rmse=0.487449 q_change=57 q_delta=0.379768 q_grad=0.000410
epoch=10 loss_total=0.819437 loss_rec=0.670840 valid_auc=0.656172 valid_rmse=0.484977 q_change=57 q_delta=0.388575 q_grad=0.000469
epoch=11 loss_total=0.806732 loss_rec=0.665036 valid_auc=0.656562 valid_rmse=0.483182 q_change=57 q_delta=0.395871 q_grad=0.000568
epoch=12 loss_total=0.790754 loss_rec=0.655231 valid_auc=0.659955 valid_rmse=0.483674 q_change=57 q_delta=0.402071 q_grad=0.000640
epoch=13 loss_total=0.783604 loss_rec=0.653390 valid_auc=0.661819 valid_rmse=0.480152 q_change=57 q_delta=0.407420 q_grad=0.000655
epoch=14 loss_total=0.778123 loss_rec=0.652095 valid_auc=0.665011 valid_rmse=0.481494 q_change=57 q_delta=0.411584 q_grad=0.000726
epoch=15 loss_total=0.773585 loss_rec=0.651205 valid_auc=0.662846 valid_rmse=0.479896 q_change=57 q_delta=0.415497 q_grad=0.000761
epoch=16 loss_total=0.770997 loss_rec=0.651640 valid_auc=0.664152 valid_rmse=0.479951 q_change=57 q_delta=0.418571 q_grad=0.000834
epoch=17 loss_total=0.768405 loss_rec=0.651790 valid_auc=0.666239 valid_rmse=0.480547 q_change=57 q_delta=0.421289 q_grad=0.000809
epoch=18 loss_total=0.761285 loss_rec=0.647006 valid_auc=0.667712 valid_rmse=0.479879 q_change=57 q_delta=0.423773 q_grad=0.000831
epoch=19 loss_total=0.757709 loss_rec=0.645506 valid_auc=0.667087 valid_rmse=0.479741 q_change=57 q_delta=0.425887 q_grad=0.000884
epoch=20 loss_total=0.756356 loss_rec=0.645908 valid_auc=0.670670 valid_rmse=0.478366 q_change=57 q_delta=0.427880 q_grad=0.000960
epoch=21 loss_total=0.752210 loss_rec=0.643452 valid_auc=0.669888 valid_rmse=0.479229 q_change=57 q_delta=0.429400 q_grad=0.000915
epoch=22 loss_total=0.751338 loss_rec=0.643943 valid_auc=0.669286 valid_rmse=0.478146 q_change=57 q_delta=0.430884 q_grad=0.000992
epoch=23 loss_total=0.747285 loss_rec=0.641172 valid_auc=0.668281 valid_rmse=0.477860 q_change=57 q_delta=0.432313 q_grad=0.001001
epoch=24 loss_total=0.742813 loss_rec=0.637905 valid_auc=0.669174 valid_rmse=0.478283 q_change=57 q_delta=0.433476 q_grad=0.001040
epoch=25 loss_total=0.745103 loss_rec=0.641184 valid_auc=0.668393 valid_rmse=0.477767 q_change=57 q_delta=0.434477 q_grad=0.001130
epoch=26 loss_total=0.742468 loss_rec=0.639465 valid_auc=0.668772 valid_rmse=0.478325 q_change=57 q_delta=0.435412 q_grad=0.001143
epoch=27 loss_total=0.740318 loss_rec=0.638075 valid_auc=0.671886 valid_rmse=0.477728 q_change=57 q_delta=0.436220 q_grad=0.001151
epoch=28 loss_total=0.740986 loss_rec=0.639488 valid_auc=0.672924 valid_rmse=0.476994 q_change=57 q_delta=0.437034 q_grad=0.001206
epoch=29 loss_total=0.738018 loss_rec=0.637181 valid_auc=0.674308 valid_rmse=0.476911 q_change=57 q_delta=0.437713 q_grad=0.001263
epoch=30 loss_total=0.739020 loss_rec=0.638790 valid_auc=0.675636 valid_rmse=0.477250 q_change=57 q_delta=0.438278 q_grad=0.001262
epoch=31 loss_total=0.735231 loss_rec=0.635460 valid_auc=0.676763 valid_rmse=0.476446 q_change=57 q_delta=0.438865 q_grad=0.001297
epoch=32 loss_total=0.737014 loss_rec=0.637743 valid_auc=0.677545 valid_rmse=0.477307 q_change=57 q_delta=0.439285 q_grad=0.001355
epoch=33 loss_total=0.735805 loss_rec=0.636898 valid_auc=0.676406 valid_rmse=0.475926 q_change=57 q_delta=0.439928 q_grad=0.001349
epoch=34 loss_total=0.734814 loss_rec=0.636364 valid_auc=0.675201 valid_rmse=0.475609 q_change=57 q_delta=0.440272 q_grad=0.001381
epoch=35 loss_total=0.736403 loss_rec=0.638301 valid_auc=0.677143 valid_rmse=0.475088 q_change=57 q_delta=0.440636 q_grad=0.001382
epoch=36 loss_total=0.733044 loss_rec=0.635246 valid_auc=0.677489 valid_rmse=0.476197 q_change=57 q_delta=0.440867 q_grad=0.001429
epoch=37 loss_total=0.728295 loss_rec=0.630775 valid_auc=0.679498 valid_rmse=0.475395 q_change=57 q_delta=0.441166 q_grad=0.001464
epoch=38 loss_total=0.727250 loss_rec=0.629955 valid_auc=0.679230 valid_rmse=0.476603 q_change=57 q_delta=0.441392 q_grad=0.001570
epoch=39 loss_total=0.730788 loss_rec=0.633747 valid_auc=0.679141 valid_rmse=0.474923 q_change=57 q_delta=0.441772 q_grad=0.001549
epoch=40 loss_total=0.727107 loss_rec=0.630320 valid_auc=0.679453 valid_rmse=0.475105 q_change=57 q_delta=0.441949 q_grad=0.001596
epoch=41 loss_total=0.723201 loss_rec=0.626574 valid_auc=0.681808 valid_rmse=0.475367 q_change=57 q_delta=0.442045 q_grad=0.001618
epoch=42 loss_total=0.727783 loss_rec=0.631282 valid_auc=0.678934 valid_rmse=0.475554 q_change=57 q_delta=0.442227 q_grad=0.001675
epoch=43 loss_total=0.724312 loss_rec=0.627876 valid_auc=0.679587 valid_rmse=0.475049 q_change=57 q_delta=0.442220 q_grad=0.001642
epoch=44 loss_total=0.724598 loss_rec=0.628227 valid_auc=0.680458 valid_rmse=0.475231 q_change=57 q_delta=0.442319 q_grad=0.001713
epoch=45 loss_total=0.722481 loss_rec=0.626171 valid_auc=0.682299 valid_rmse=0.476822 q_change=57 q_delta=0.442259 q_grad=0.001761
epoch=46 loss_total=0.723722 loss_rec=0.627354 valid_auc=0.684721 valid_rmse=0.473558 q_change=57 q_delta=0.442238 q_grad=0.001737
epoch=47 loss_total=0.720725 loss_rec=0.624297 valid_auc=0.687377 valid_rmse=0.473684 q_change=57 q_delta=0.442007 q_grad=0.001767
epoch=48 loss_total=0.721649 loss_rec=0.625071 valid_auc=0.687165 valid_rmse=0.472739 q_change=57 q_delta=0.441859 q_grad=0.001798
epoch=49 loss_total=0.719384 loss_rec=0.622617 valid_auc=0.687065 valid_rmse=0.472932 q_change=56 q_delta=0.441643 q_grad=0.001834
epoch=50 loss_total=0.714953 loss_rec=0.618105 valid_auc=0.684464 valid_rmse=0.473749 q_change=56 q_delta=0.442067 q_grad=0.001762
epoch=51 loss_total=0.715499 loss_rec=0.618549 valid_auc=0.688203 valid_rmse=0.474882 q_change=56 q_delta=0.442358 q_grad=0.001901
epoch=52 loss_total=0.716168 loss_rec=0.619143 valid_auc=0.685391 valid_rmse=0.473163 q_change=56 q_delta=0.442760 q_grad=0.001910
epoch=53 loss_total=0.717636 loss_rec=0.620578 valid_auc=0.688717 valid_rmse=0.472312 q_change=56 q_delta=0.443028 q_grad=0.001893
epoch=54 loss_total=0.709806 loss_rec=0.612751 valid_auc=0.687578 valid_rmse=0.473691 q_change=56 q_delta=0.443185 q_grad=0.001869
epoch=55 loss_total=0.709876 loss_rec=0.612788 valid_auc=0.690089 valid_rmse=0.472117 q_change=56 q_delta=0.443340 q_grad=0.001909
epoch=56 loss_total=0.711942 loss_rec=0.614894 valid_auc=0.686987 valid_rmse=0.472471 q_change=56 q_delta=0.443536 q_grad=0.001971
epoch=57 loss_total=0.710721 loss_rec=0.613688 valid_auc=0.689587 valid_rmse=0.474110 q_change=56 q_delta=0.443527 q_grad=0.002002
epoch=58 loss_total=0.707106 loss_rec=0.610070 valid_auc=0.688415 valid_rmse=0.473963 q_change=56 q_delta=0.443703 q_grad=0.001960
epoch=59 loss_total=0.707204 loss_rec=0.610303 valid_auc=0.688772 valid_rmse=0.472194 q_change=56 q_delta=0.443886 q_grad=0.001977
epoch=60 loss_total=0.706592 loss_rec=0.609703 valid_auc=0.691484 valid_rmse=0.472331 q_change=56 q_delta=0.443904 q_grad=0.002003
epoch=61 loss_total=0.706395 loss_rec=0.609484 valid_auc=0.690993 valid_rmse=0.472508 q_change=56 q_delta=0.443975 q_grad=0.002035
epoch=62 loss_total=0.705364 loss_rec=0.608523 valid_auc=0.690603 valid_rmse=0.471623 q_change=56 q_delta=0.444093 q_grad=0.001980
epoch=63 loss_total=0.706396 loss_rec=0.609535 valid_auc=0.689565 valid_rmse=0.472431 q_change=56 q_delta=0.444047 q_grad=0.001986
epoch=64 loss_total=0.709257 loss_rec=0.612457 valid_auc=0.693929 valid_rmse=0.473732 q_change=56 q_delta=0.444073 q_grad=0.002052
epoch=65 loss_total=0.702927 loss_rec=0.606085 valid_auc=0.692790 valid_rmse=0.471112 q_change=56 q_delta=0.444146 q_grad=0.001938
epoch=66 loss_total=0.703854 loss_rec=0.606995 valid_auc=0.694732 valid_rmse=0.471486 q_change=55 q_delta=0.444067 q_grad=0.002055
epoch=67 loss_total=0.705932 loss_rec=0.609021 valid_auc=0.691317 valid_rmse=0.472819 q_change=55 q_delta=0.444023 q_grad=0.002014
epoch=68 loss_total=0.701906 loss_rec=0.604925 valid_auc=0.693504 valid_rmse=0.472539 q_change=55 q_delta=0.443882 q_grad=0.002025
epoch=69 loss_total=0.698450 loss_rec=0.601394 valid_auc=0.696618 valid_rmse=0.477250 q_change=55 q_delta=0.443672 q_grad=0.002088
epoch=70 loss_total=0.698291 loss_rec=0.601141 valid_auc=0.693862 valid_rmse=0.471058 q_change=54 q_delta=0.443767 q_grad=0.002075
epoch=71 loss_total=0.700082 loss_rec=0.602876 valid_auc=0.694509 valid_rmse=0.471021 q_change=54 q_delta=0.443798 q_grad=0.002073
epoch=72 loss_total=0.698110 loss_rec=0.600798 valid_auc=0.693661 valid_rmse=0.471835 q_change=54 q_delta=0.444165 q_grad=0.002089
epoch=73 loss_total=0.695493 loss_rec=0.598170 valid_auc=0.691071 valid_rmse=0.471885 q_change=54 q_delta=0.444568 q_grad=0.002138
epoch=74 loss_total=0.698678 loss_rec=0.601284 valid_auc=0.692109 valid_rmse=0.472484 q_change=54 q_delta=0.444877 q_grad=0.002084
epoch=75 loss_total=0.696996 loss_rec=0.599541 valid_auc=0.692333 valid_rmse=0.478083 q_change=54 q_delta=0.445120 q_grad=0.002076
epoch=76 loss_total=0.696557 loss_rec=0.599039 valid_auc=0.690156 valid_rmse=0.472047 q_change=54 q_delta=0.445470 q_grad=0.002067
epoch=77 loss_total=0.690330 loss_rec=0.592783 valid_auc=0.690759 valid_rmse=0.475619 q_change=54 q_delta=0.445628 q_grad=0.002061
epoch=78 loss_total=0.691655 loss_rec=0.594099 valid_auc=0.691038 valid_rmse=0.473530 q_change=54 q_delta=0.445856 q_grad=0.002221
epoch=79 loss_total=0.691223 loss_rec=0.593697 valid_auc=0.690547 valid_rmse=0.473130 q_change=54 q_delta=0.446082 q_grad=0.002286
epoch=80 loss_total=0.690568 loss_rec=0.593036 valid_auc=0.690859 valid_rmse=0.472721 q_change=54 q_delta=0.446278 q_grad=0.002205
epoch=81 loss_total=0.687007 loss_rec=0.589473 valid_auc=0.692132 valid_rmse=0.474438 q_change=54 q_delta=0.446442 q_grad=0.002271
epoch=82 loss_total=0.687022 loss_rec=0.589516 valid_auc=0.690714 valid_rmse=0.474028 q_change=54 q_delta=0.446575 q_grad=0.002301
epoch=83 loss_total=0.685582 loss_rec=0.588108 valid_auc=0.691016 valid_rmse=0.477783 q_change=54 q_delta=0.446706 q_grad=0.002280
epoch=84 loss_total=0.686486 loss_rec=0.588993 valid_auc=0.691641 valid_rmse=0.474467 q_change=54 q_delta=0.446938 q_grad=0.002351
epoch=85 loss_total=0.687856 loss_rec=0.590398 valid_auc=0.690580 valid_rmse=0.478255 q_change=54 q_delta=0.446933 q_grad=0.002372
epoch=86 loss_total=0.689508 loss_rec=0.592034 valid_auc=0.688382 valid_rmse=0.475605 q_change=54 q_delta=0.447081 q_grad=0.002355
epoch=87 loss_total=0.683633 loss_rec=0.586201 valid_auc=0.687801 valid_rmse=0.475857 q_change=54 q_delta=0.447203 q_grad=0.002304
epoch=88 loss_total=0.678013 loss_rec=0.580591 valid_auc=0.686629 valid_rmse=0.475795 q_change=54 q_delta=0.447300 q_grad=0.002386
epoch=89 loss_total=0.679801 loss_rec=0.582401 valid_auc=0.687545 valid_rmse=0.480970 q_change=54 q_delta=0.447344 q_grad=0.002432
Early stopping at epoch 89; best_epoch=69.
Saved run to C:\Users\YAN_SHU_YU\Desktop\Generative-CD\Q_GNCDM\results\weak_q_lambda_sweep\lq_0p3_ls_0p8_lb_0p4\seed_2026\noise_0.20\weak-q_lq_0p3_ls_0p8_lb_0p4
Final metrics: q_hat_f1=0.068966 response_auc=0.683455 mastery_pearson=0.291291
