run=weak-q_lq_0p6_ls_0p3_lb_0p4 mode=weak-q noise=0.20 train=4200 valid=600 test=1200
epoch=1 loss_total=0.954808 loss_rec=0.725644 valid_auc=0.588438 valid_rmse=0.499736 q_change=57 q_delta=0.076328 q_grad=0.000301
epoch=2 loss_total=0.914480 loss_rec=0.705660 valid_auc=0.598516 valid_rmse=0.499149 q_change=57 q_delta=0.138458 q_grad=0.000249
epoch=3 loss_total=0.893270 loss_rec=0.699036 valid_auc=0.617729 valid_rmse=0.497952 q_change=57 q_delta=0.186433 q_grad=0.000223
epoch=4 loss_total=0.874997 loss_rec=0.691153 valid_auc=0.643717 valid_rmse=0.496228 q_change=57 q_delta=0.222573 q_grad=0.000217
epoch=5 loss_total=0.864008 loss_rec=0.686925 valid_auc=0.662980 valid_rmse=0.491734 q_change=57 q_delta=0.245903 q_grad=0.000255
epoch=6 loss_total=0.844635 loss_rec=0.671271 valid_auc=0.670446 valid_rmse=0.484400 q_change=57 q_delta=0.257148 q_grad=0.000371
epoch=7 loss_total=0.818370 loss_rec=0.646624 valid_auc=0.672366 valid_rmse=0.478249 q_change=55 q_delta=0.262404 q_grad=0.000574
epoch=8 loss_total=0.806415 loss_rec=0.635631 valid_auc=0.676618 valid_rmse=0.476351 q_change=55 q_delta=0.266435 q_grad=0.000829
epoch=9 loss_total=0.797017 loss_rec=0.627146 valid_auc=0.684788 valid_rmse=0.472535 q_change=55 q_delta=0.269420 q_grad=0.000993
epoch=10 loss_total=0.797696 loss_rec=0.628691 valid_auc=0.684118 valid_rmse=0.473917 q_change=54 q_delta=0.271571 q_grad=0.001078
epoch=11 loss_total=0.793632 loss_rec=0.625036 valid_auc=0.684632 valid_rmse=0.472501 q_change=52 q_delta=0.274575 q_grad=0.001215
epoch=12 loss_total=0.783274 loss_rec=0.615149 valid_auc=0.684196 valid_rmse=0.474074 q_change=50 q_delta=0.277396 q_grad=0.001287
epoch=13 loss_total=0.778339 loss_rec=0.610729 valid_auc=0.683895 valid_rmse=0.473081 q_change=50 q_delta=0.281728 q_grad=0.001298
epoch=14 loss_total=0.777778 loss_rec=0.610584 valid_auc=0.683136 valid_rmse=0.474967 q_change=49 q_delta=0.284978 q_grad=0.001386
epoch=15 loss_total=0.772596 loss_rec=0.605766 valid_auc=0.684487 valid_rmse=0.473731 q_change=48 q_delta=0.288872 q_grad=0.001426
epoch=16 loss_total=0.773181 loss_rec=0.606671 valid_auc=0.685246 valid_rmse=0.474115 q_change=46 q_delta=0.292061 q_grad=0.001536
epoch=17 loss_total=0.767923 loss_rec=0.601783 valid_auc=0.684185 valid_rmse=0.474043 q_change=46 q_delta=0.294819 q_grad=0.001467
epoch=18 loss_total=0.761003 loss_rec=0.595132 valid_auc=0.685491 valid_rmse=0.473986 q_change=44 q_delta=0.297855 q_grad=0.001504
epoch=19 loss_total=0.759030 loss_rec=0.593528 valid_auc=0.685982 valid_rmse=0.474834 q_change=45 q_delta=0.301149 q_grad=0.001595
epoch=20 loss_total=0.754988 loss_rec=0.589706 valid_auc=0.687757 valid_rmse=0.473544 q_change=45 q_delta=0.304357 q_grad=0.001679
epoch=21 loss_total=0.748618 loss_rec=0.583571 valid_auc=0.689632 valid_rmse=0.474452 q_change=43 q_delta=0.306989 q_grad=0.001612
epoch=22 loss_total=0.745069 loss_rec=0.580237 valid_auc=0.688839 valid_rmse=0.474657 q_change=41 q_delta=0.309884 q_grad=0.001743
epoch=23 loss_total=0.740979 loss_rec=0.576356 valid_auc=0.687054 valid_rmse=0.475049 q_change=39 q_delta=0.312552 q_grad=0.001692
epoch=24 loss_total=0.733946 loss_rec=0.569515 valid_auc=0.687517 valid_rmse=0.475794 q_change=39 q_delta=0.315334 q_grad=0.001744
epoch=25 loss_total=0.731819 loss_rec=0.567538 valid_auc=0.688973 valid_rmse=0.475940 q_change=38 q_delta=0.317973 q_grad=0.001860
epoch=26 loss_total=0.727750 loss_rec=0.563625 valid_auc=0.689475 valid_rmse=0.476013 q_change=36 q_delta=0.320840 q_grad=0.001845
epoch=27 loss_total=0.721292 loss_rec=0.557284 valid_auc=0.688404 valid_rmse=0.478922 q_change=33 q_delta=0.323412 q_grad=0.001849
epoch=28 loss_total=0.722089 loss_rec=0.558174 valid_auc=0.689308 valid_rmse=0.477352 q_change=33 q_delta=0.326049 q_grad=0.001986
epoch=29 loss_total=0.713261 loss_rec=0.549493 valid_auc=0.691440 valid_rmse=0.477238 q_change=33 q_delta=0.328176 q_grad=0.001966
epoch=30 loss_total=0.709294 loss_rec=0.545576 valid_auc=0.692444 valid_rmse=0.478325 q_change=33 q_delta=0.330492 q_grad=0.002040
epoch=31 loss_total=0.702662 loss_rec=0.539059 valid_auc=0.691618 valid_rmse=0.478782 q_change=32 q_delta=0.332654 q_grad=0.002026
epoch=32 loss_total=0.701021 loss_rec=0.537518 valid_auc=0.696027 valid_rmse=0.478239 q_change=31 q_delta=0.335120 q_grad=0.002097
epoch=33 loss_total=0.693853 loss_rec=0.530390 valid_auc=0.692600 valid_rmse=0.477870 q_change=31 q_delta=0.337611 q_grad=0.002106
epoch=34 loss_total=0.693617 loss_rec=0.530290 valid_auc=0.692902 valid_rmse=0.477614 q_change=31 q_delta=0.339359 q_grad=0.002113
epoch=35 loss_total=0.693477 loss_rec=0.530234 valid_auc=0.696596 valid_rmse=0.476229 q_change=31 q_delta=0.341202 q_grad=0.002104
epoch=36 loss_total=0.684918 loss_rec=0.521703 valid_auc=0.693862 valid_rmse=0.477266 q_change=30 q_delta=0.342703 q_grad=0.002171
epoch=37 loss_total=0.680381 loss_rec=0.517226 valid_auc=0.691853 valid_rmse=0.480469 q_change=29 q_delta=0.344460 q_grad=0.002162
epoch=38 loss_total=0.672995 loss_rec=0.509965 valid_auc=0.693371 valid_rmse=0.480643 q_change=29 q_delta=0.345935 q_grad=0.002224
epoch=39 loss_total=0.673443 loss_rec=0.510502 valid_auc=0.692600 valid_rmse=0.479581 q_change=29 q_delta=0.347332 q_grad=0.002188
epoch=40 loss_total=0.670630 loss_rec=0.507772 valid_auc=0.692422 valid_rmse=0.480620 q_change=29 q_delta=0.348582 q_grad=0.002235
epoch=41 loss_total=0.663673 loss_rec=0.500937 valid_auc=0.691998 valid_rmse=0.483692 q_change=29 q_delta=0.350056 q_grad=0.002201
epoch=42 loss_total=0.668005 loss_rec=0.505371 valid_auc=0.690312 valid_rmse=0.481928 q_change=28 q_delta=0.351251 q_grad=0.002343
epoch=43 loss_total=0.661593 loss_rec=0.499067 valid_auc=0.693025 valid_rmse=0.482401 q_change=29 q_delta=0.352505 q_grad=0.002284
epoch=44 loss_total=0.658094 loss_rec=0.495650 valid_auc=0.692455 valid_rmse=0.481642 q_change=28 q_delta=0.353505 q_grad=0.002293
epoch=45 loss_total=0.655367 loss_rec=0.493031 valid_auc=0.690792 valid_rmse=0.486246 q_change=27 q_delta=0.354484 q_grad=0.002284
epoch=46 loss_total=0.654308 loss_rec=0.492019 valid_auc=0.695525 valid_rmse=0.481103 q_change=26 q_delta=0.355823 q_grad=0.002321
epoch=47 loss_total=0.651308 loss_rec=0.489135 valid_auc=0.692746 valid_rmse=0.484201 q_change=25 q_delta=0.356965 q_grad=0.002253
epoch=48 loss_total=0.651342 loss_rec=0.489275 valid_auc=0.692366 valid_rmse=0.482566 q_change=26 q_delta=0.358307 q_grad=0.002338
epoch=49 loss_total=0.645207 loss_rec=0.483224 valid_auc=0.693170 valid_rmse=0.481660 q_change=26 q_delta=0.359090 q_grad=0.002278
epoch=50 loss_total=0.640125 loss_rec=0.478215 valid_auc=0.692813 valid_rmse=0.485983 q_change=26 q_delta=0.360310 q_grad=0.002288
epoch=51 loss_total=0.641255 loss_rec=0.479466 valid_auc=0.692969 valid_rmse=0.485964 q_change=26 q_delta=0.361318 q_grad=0.002358
epoch=52 loss_total=0.641680 loss_rec=0.479970 valid_auc=0.692277 valid_rmse=0.484250 q_change=26 q_delta=0.362299 q_grad=0.002328
epoch=53 loss_total=0.643132 loss_rec=0.481507 valid_auc=0.692020 valid_rmse=0.483653 q_change=26 q_delta=0.363087 q_grad=0.002339
epoch=54 loss_total=0.637248 loss_rec=0.475673 valid_auc=0.690658 valid_rmse=0.485106 q_change=27 q_delta=0.364052 q_grad=0.002375
epoch=55 loss_total=0.632314 loss_rec=0.470839 valid_auc=0.696819 valid_rmse=0.481581 q_change=27 q_delta=0.365054 q_grad=0.002298
epoch=56 loss_total=0.631178 loss_rec=0.469776 valid_auc=0.693672 valid_rmse=0.484764 q_change=26 q_delta=0.366095 q_grad=0.002329
epoch=57 loss_total=0.631678 loss_rec=0.470332 valid_auc=0.691183 valid_rmse=0.486687 q_change=26 q_delta=0.367015 q_grad=0.002431
epoch=58 loss_total=0.624991 loss_rec=0.463713 valid_auc=0.692433 valid_rmse=0.487089 q_change=26 q_delta=0.367780 q_grad=0.002352
epoch=59 loss_total=0.622409 loss_rec=0.461247 valid_auc=0.696417 valid_rmse=0.483701 q_change=27 q_delta=0.368727 q_grad=0.002310
epoch=60 loss_total=0.625342 loss_rec=0.464252 valid_auc=0.694777 valid_rmse=0.485388 q_change=26 q_delta=0.369492 q_grad=0.002346
epoch=61 loss_total=0.623724 loss_rec=0.462697 valid_auc=0.692578 valid_rmse=0.484649 q_change=26 q_delta=0.370389 q_grad=0.002379
epoch=62 loss_total=0.618566 loss_rec=0.457628 valid_auc=0.697377 valid_rmse=0.484116 q_change=26 q_delta=0.370949 q_grad=0.002287
epoch=63 loss_total=0.619043 loss_rec=0.458174 valid_auc=0.693650 valid_rmse=0.485530 q_change=26 q_delta=0.371739 q_grad=0.002381
epoch=64 loss_total=0.618771 loss_rec=0.457962 valid_auc=0.695513 valid_rmse=0.487785 q_change=26 q_delta=0.372358 q_grad=0.002349
epoch=65 loss_total=0.615923 loss_rec=0.455183 valid_auc=0.692545 valid_rmse=0.486242 q_change=26 q_delta=0.373350 q_grad=0.002268
epoch=66 loss_total=0.615551 loss_rec=0.454886 valid_auc=0.692656 valid_rmse=0.486909 q_change=27 q_delta=0.374063 q_grad=0.002378
epoch=67 loss_total=0.616369 loss_rec=0.455777 valid_auc=0.693304 valid_rmse=0.486659 q_change=27 q_delta=0.374887 q_grad=0.002381
epoch=68 loss_total=0.608604 loss_rec=0.448083 valid_auc=0.694386 valid_rmse=0.488168 q_change=27 q_delta=0.375558 q_grad=0.002344
epoch=69 loss_total=0.608293 loss_rec=0.447833 valid_auc=0.693929 valid_rmse=0.492459 q_change=27 q_delta=0.376195 q_grad=0.002355
epoch=70 loss_total=0.603857 loss_rec=0.443454 valid_auc=0.694107 valid_rmse=0.486106 q_change=27 q_delta=0.377030 q_grad=0.002376
epoch=71 loss_total=0.604434 loss_rec=0.444138 valid_auc=0.696339 valid_rmse=0.485968 q_change=27 q_delta=0.377791 q_grad=0.002332
epoch=72 loss_total=0.606128 loss_rec=0.445866 valid_auc=0.694643 valid_rmse=0.487080 q_change=27 q_delta=0.378410 q_grad=0.002403
epoch=73 loss_total=0.599597 loss_rec=0.439395 valid_auc=0.691350 valid_rmse=0.489238 q_change=27 q_delta=0.379035 q_grad=0.002412
epoch=74 loss_total=0.605506 loss_rec=0.445388 valid_auc=0.693203 valid_rmse=0.488074 q_change=27 q_delta=0.379713 q_grad=0.002364
epoch=75 loss_total=0.604049 loss_rec=0.443998 valid_auc=0.691127 valid_rmse=0.493140 q_change=27 q_delta=0.380336 q_grad=0.002386
epoch=76 loss_total=0.601392 loss_rec=0.441392 valid_auc=0.695313 valid_rmse=0.485122 q_change=27 q_delta=0.380935 q_grad=0.002340
epoch=77 loss_total=0.594266 loss_rec=0.434337 valid_auc=0.694710 valid_rmse=0.486990 q_change=27 q_delta=0.381508 q_grad=0.002307
epoch=78 loss_total=0.595028 loss_rec=0.435151 valid_auc=0.694386 valid_rmse=0.490468 q_change=27 q_delta=0.382073 q_grad=0.002446
epoch=79 loss_total=0.591397 loss_rec=0.431588 valid_auc=0.692188 valid_rmse=0.488443 q_change=27 q_delta=0.382654 q_grad=0.002443
epoch=80 loss_total=0.593001 loss_rec=0.433251 valid_auc=0.695335 valid_rmse=0.488497 q_change=27 q_delta=0.383265 q_grad=0.002379
epoch=81 loss_total=0.591897 loss_rec=0.432208 valid_auc=0.694085 valid_rmse=0.490362 q_change=27 q_delta=0.383669 q_grad=0.002469
epoch=82 loss_total=0.587431 loss_rec=0.427809 valid_auc=0.692143 valid_rmse=0.490103 q_change=27 q_delta=0.384153 q_grad=0.002464
Early stopping at epoch 82; best_epoch=62.
Saved run to C:\Users\YAN_SHU_YU\Desktop\Generative-CD\Q_GNCDM\results\weak_q_lambda_sweep\lq_0p6_ls_0p3_lb_0p4\seed_2026\noise_0.20\weak-q_lq_0p6_ls_0p3_lb_0p4
Final metrics: q_hat_f1=0.666667 response_auc=0.687186 mastery_pearson=0.556015
