run=weak-q_lq_0p5_ls_0p8_lb_0p8 mode=weak-q noise=0.20 train=4200 valid=600 test=1200
epoch=1 loss_total=1.268627 loss_rec=0.725669 valid_auc=0.587478 valid_rmse=0.499761 q_change=57 q_delta=0.079981 q_grad=0.000867
epoch=2 loss_total=1.180678 loss_rec=0.706049 valid_auc=0.593002 valid_rmse=0.499376 q_change=57 q_delta=0.153176 q_grad=0.000836
epoch=3 loss_total=1.111900 loss_rec=0.700419 valid_auc=0.603583 valid_rmse=0.498746 q_change=57 q_delta=0.215715 q_grad=0.000777
epoch=4 loss_total=1.051544 loss_rec=0.694732 valid_auc=0.619196 valid_rmse=0.498356 q_change=57 q_delta=0.266414 q_grad=0.000698
epoch=5 loss_total=1.007680 loss_rec=0.695418 valid_auc=0.638672 valid_rmse=0.497008 q_change=57 q_delta=0.305818 q_grad=0.000608
epoch=6 loss_total=0.969291 loss_rec=0.692222 valid_auc=0.653722 valid_rmse=0.496893 q_change=57 q_delta=0.335841 q_grad=0.000524
epoch=7 loss_total=0.937293 loss_rec=0.687510 valid_auc=0.656808 valid_rmse=0.496350 q_change=57 q_delta=0.358658 q_grad=0.000454
epoch=8 loss_total=0.914040 loss_rec=0.685141 valid_auc=0.649554 valid_rmse=0.495149 q_change=57 q_delta=0.375717 q_grad=0.000398
epoch=9 loss_total=0.894635 loss_rec=0.681481 valid_auc=0.652009 valid_rmse=0.491163 q_change=57 q_delta=0.388593 q_grad=0.000384
epoch=10 loss_total=0.880333 loss_rec=0.679143 valid_auc=0.654687 valid_rmse=0.488998 q_change=57 q_delta=0.397919 q_grad=0.000393
epoch=11 loss_total=0.865223 loss_rec=0.672606 valid_auc=0.654375 valid_rmse=0.485811 q_change=57 q_delta=0.405036 q_grad=0.000457
epoch=12 loss_total=0.846789 loss_rec=0.661252 valid_auc=0.656362 valid_rmse=0.485696 q_change=57 q_delta=0.410936 q_grad=0.000535
epoch=13 loss_total=0.837761 loss_rec=0.658392 valid_auc=0.657411 valid_rmse=0.481778 q_change=57 q_delta=0.416122 q_grad=0.000561
epoch=14 loss_total=0.830831 loss_rec=0.656444 valid_auc=0.660246 valid_rmse=0.482848 q_change=57 q_delta=0.420254 q_grad=0.000623
epoch=15 loss_total=0.825257 loss_rec=0.655215 valid_auc=0.658862 valid_rmse=0.481246 q_change=57 q_delta=0.424048 q_grad=0.000656
epoch=16 loss_total=0.821684 loss_rec=0.655223 valid_auc=0.659487 valid_rmse=0.481339 q_change=57 q_delta=0.427082 q_grad=0.000713
epoch=17 loss_total=0.819003 loss_rec=0.655814 valid_auc=0.661641 valid_rmse=0.482060 q_change=57 q_delta=0.429775 q_grad=0.000689
epoch=18 loss_total=0.811465 loss_rec=0.651079 valid_auc=0.663069 valid_rmse=0.481345 q_change=57 q_delta=0.432205 q_grad=0.000700
epoch=19 loss_total=0.807423 loss_rec=0.649481 valid_auc=0.662522 valid_rmse=0.481307 q_change=57 q_delta=0.434266 q_grad=0.000737
epoch=20 loss_total=0.806009 loss_rec=0.650162 valid_auc=0.666842 valid_rmse=0.479843 q_change=57 q_delta=0.436197 q_grad=0.000795
epoch=21 loss_total=0.801561 loss_rec=0.647724 valid_auc=0.665011 valid_rmse=0.480830 q_change=57 q_delta=0.437721 q_grad=0.000750
epoch=22 loss_total=0.800895 loss_rec=0.648709 valid_auc=0.664665 valid_rmse=0.479769 q_change=57 q_delta=0.439199 q_grad=0.000802
epoch=23 loss_total=0.796584 loss_rec=0.645950 valid_auc=0.664040 valid_rmse=0.479700 q_change=57 q_delta=0.440600 q_grad=0.000804
epoch=24 loss_total=0.792277 loss_rec=0.643099 valid_auc=0.665179 valid_rmse=0.480185 q_change=57 q_delta=0.441759 q_grad=0.000826
epoch=25 loss_total=0.794343 loss_rec=0.646366 valid_auc=0.664520 valid_rmse=0.479624 q_change=57 q_delta=0.442787 q_grad=0.000885
epoch=26 loss_total=0.791702 loss_rec=0.644856 valid_auc=0.663973 valid_rmse=0.480071 q_change=57 q_delta=0.443750 q_grad=0.000891
epoch=27 loss_total=0.789763 loss_rec=0.643896 valid_auc=0.665837 valid_rmse=0.479579 q_change=57 q_delta=0.444624 q_grad=0.000887
epoch=28 loss_total=0.790067 loss_rec=0.645146 valid_auc=0.667065 valid_rmse=0.479114 q_change=57 q_delta=0.445435 q_grad=0.000916
epoch=29 loss_total=0.787606 loss_rec=0.643537 valid_auc=0.667969 valid_rmse=0.478980 q_change=57 q_delta=0.446168 q_grad=0.000954
epoch=30 loss_total=0.788376 loss_rec=0.645076 valid_auc=0.668940 valid_rmse=0.479484 q_change=57 q_delta=0.446764 q_grad=0.000950
epoch=31 loss_total=0.784640 loss_rec=0.641984 valid_auc=0.668292 valid_rmse=0.478579 q_change=57 q_delta=0.447443 q_grad=0.000967
epoch=32 loss_total=0.786589 loss_rec=0.644604 valid_auc=0.669252 valid_rmse=0.479095 q_change=57 q_delta=0.447931 q_grad=0.001005
epoch=33 loss_total=0.785266 loss_rec=0.643791 valid_auc=0.668092 valid_rmse=0.477975 q_change=57 q_delta=0.448564 q_grad=0.000997
epoch=34 loss_total=0.784247 loss_rec=0.643378 valid_auc=0.667299 valid_rmse=0.477745 q_change=57 q_delta=0.448979 q_grad=0.001018
epoch=35 loss_total=0.785967 loss_rec=0.645594 valid_auc=0.668393 valid_rmse=0.477450 q_change=57 q_delta=0.449397 q_grad=0.001011
epoch=36 loss_total=0.782414 loss_rec=0.642481 valid_auc=0.669230 valid_rmse=0.478731 q_change=57 q_delta=0.449729 q_grad=0.001051
epoch=37 loss_total=0.778487 loss_rec=0.638987 valid_auc=0.670664 valid_rmse=0.477673 q_change=57 q_delta=0.450118 q_grad=0.001073
epoch=38 loss_total=0.777090 loss_rec=0.637963 valid_auc=0.670536 valid_rmse=0.478583 q_change=57 q_delta=0.450437 q_grad=0.001149
epoch=39 loss_total=0.780414 loss_rec=0.641679 valid_auc=0.670112 valid_rmse=0.476986 q_change=57 q_delta=0.450872 q_grad=0.001132
epoch=40 loss_total=0.777179 loss_rec=0.638837 valid_auc=0.670536 valid_rmse=0.477297 q_change=57 q_delta=0.451145 q_grad=0.001171
epoch=41 loss_total=0.773727 loss_rec=0.635712 valid_auc=0.672444 valid_rmse=0.477187 q_change=57 q_delta=0.451405 q_grad=0.001180
epoch=42 loss_total=0.778244 loss_rec=0.640510 valid_auc=0.669129 valid_rmse=0.477557 q_change=57 q_delta=0.451680 q_grad=0.001227
epoch=43 loss_total=0.774949 loss_rec=0.637467 valid_auc=0.669118 valid_rmse=0.477183 q_change=57 q_delta=0.451882 q_grad=0.001203
epoch=44 loss_total=0.775500 loss_rec=0.638266 valid_auc=0.670067 valid_rmse=0.477509 q_change=57 q_delta=0.452118 q_grad=0.001260
epoch=45 loss_total=0.773056 loss_rec=0.636072 valid_auc=0.671998 valid_rmse=0.478436 q_change=57 q_delta=0.452263 q_grad=0.001296
epoch=46 loss_total=0.775299 loss_rec=0.638485 valid_auc=0.674208 valid_rmse=0.476007 q_change=57 q_delta=0.452494 q_grad=0.001297
epoch=47 loss_total=0.772583 loss_rec=0.635977 valid_auc=0.674676 valid_rmse=0.476431 q_change=57 q_delta=0.452610 q_grad=0.001327
epoch=48 loss_total=0.774285 loss_rec=0.637843 valid_auc=0.676205 valid_rmse=0.475396 q_change=57 q_delta=0.452777 q_grad=0.001344
epoch=49 loss_total=0.772252 loss_rec=0.635907 valid_auc=0.676842 valid_rmse=0.475548 q_change=57 q_delta=0.452890 q_grad=0.001385
epoch=50 loss_total=0.768831 loss_rec=0.632649 valid_auc=0.675335 valid_rmse=0.475613 q_change=57 q_delta=0.452987 q_grad=0.001340
epoch=51 loss_total=0.769785 loss_rec=0.633685 valid_auc=0.675960 valid_rmse=0.477418 q_change=57 q_delta=0.453001 q_grad=0.001479
epoch=52 loss_total=0.770847 loss_rec=0.634825 valid_auc=0.676406 valid_rmse=0.475602 q_change=57 q_delta=0.453122 q_grad=0.001502
epoch=53 loss_total=0.772187 loss_rec=0.636267 valid_auc=0.677980 valid_rmse=0.475360 q_change=57 q_delta=0.453202 q_grad=0.001495
epoch=54 loss_total=0.764567 loss_rec=0.628686 valid_auc=0.678627 valid_rmse=0.476142 q_change=57 q_delta=0.453169 q_grad=0.001508
epoch=55 loss_total=0.765364 loss_rec=0.629471 valid_auc=0.680815 valid_rmse=0.474673 q_change=57 q_delta=0.453196 q_grad=0.001551
epoch=56 loss_total=0.766723 loss_rec=0.630854 valid_auc=0.680391 valid_rmse=0.474504 q_change=57 q_delta=0.453218 q_grad=0.001633
epoch=57 loss_total=0.766057 loss_rec=0.630180 valid_auc=0.680837 valid_rmse=0.477167 q_change=57 q_delta=0.453122 q_grad=0.001667
epoch=58 loss_total=0.762415 loss_rec=0.626473 valid_auc=0.681585 valid_rmse=0.476111 q_change=57 q_delta=0.453094 q_grad=0.001657
epoch=59 loss_total=0.763223 loss_rec=0.627270 valid_auc=0.681507 valid_rmse=0.474180 q_change=57 q_delta=0.453076 q_grad=0.001702
epoch=60 loss_total=0.762464 loss_rec=0.626444 valid_auc=0.685011 valid_rmse=0.473958 q_change=57 q_delta=0.452936 q_grad=0.001729
epoch=61 loss_total=0.762515 loss_rec=0.626292 valid_auc=0.684408 valid_rmse=0.474390 q_change=57 q_delta=0.452803 q_grad=0.001774
epoch=62 loss_total=0.761513 loss_rec=0.625196 valid_auc=0.685491 valid_rmse=0.473169 q_change=57 q_delta=0.452707 q_grad=0.001743
epoch=63 loss_total=0.762815 loss_rec=0.626352 valid_auc=0.685357 valid_rmse=0.473511 q_change=57 q_delta=0.452506 q_grad=0.001734
epoch=64 loss_total=0.764706 loss_rec=0.628088 valid_auc=0.687433 valid_rmse=0.475279 q_change=57 q_delta=0.452288 q_grad=0.001819
epoch=65 loss_total=0.758736 loss_rec=0.621911 valid_auc=0.686964 valid_rmse=0.472326 q_change=57 q_delta=0.452174 q_grad=0.001724
epoch=66 loss_total=0.760199 loss_rec=0.623235 valid_auc=0.689888 valid_rmse=0.472148 q_change=57 q_delta=0.451950 q_grad=0.001821
epoch=67 loss_total=0.761404 loss_rec=0.624208 valid_auc=0.687946 valid_rmse=0.473463 q_change=57 q_delta=0.451730 q_grad=0.001792
epoch=68 loss_total=0.757778 loss_rec=0.620385 valid_auc=0.690848 valid_rmse=0.473004 q_change=57 q_delta=0.451430 q_grad=0.001805
epoch=69 loss_total=0.754306 loss_rec=0.616671 valid_auc=0.693426 valid_rmse=0.478091 q_change=57 q_delta=0.450988 q_grad=0.001853
epoch=70 loss_total=0.754722 loss_rec=0.616814 valid_auc=0.690848 valid_rmse=0.471415 q_change=57 q_delta=0.450859 q_grad=0.001855
epoch=71 loss_total=0.755677 loss_rec=0.617703 valid_auc=0.691239 valid_rmse=0.471131 q_change=57 q_delta=0.450679 q_grad=0.001842
epoch=72 loss_total=0.754667 loss_rec=0.616472 valid_auc=0.690759 valid_rmse=0.471946 q_change=57 q_delta=0.450325 q_grad=0.001860
epoch=73 loss_total=0.752287 loss_rec=0.613981 valid_auc=0.689453 valid_rmse=0.471719 q_change=56 q_delta=0.450213 q_grad=0.001892
epoch=74 loss_total=0.755001 loss_rec=0.616570 valid_auc=0.690815 valid_rmse=0.472290 q_change=56 q_delta=0.450134 q_grad=0.001841
epoch=75 loss_total=0.753110 loss_rec=0.614579 valid_auc=0.689643 valid_rmse=0.477331 q_change=55 q_delta=0.450184 q_grad=0.001822
epoch=76 loss_total=0.753219 loss_rec=0.614532 valid_auc=0.688136 valid_rmse=0.472088 q_change=55 q_delta=0.450390 q_grad=0.001809
epoch=77 loss_total=0.746605 loss_rec=0.607846 valid_auc=0.688571 valid_rmse=0.475952 q_change=55 q_delta=0.450603 q_grad=0.001789
epoch=78 loss_total=0.748437 loss_rec=0.609600 valid_auc=0.688962 valid_rmse=0.474105 q_change=55 q_delta=0.450870 q_grad=0.001914
epoch=79 loss_total=0.747754 loss_rec=0.608797 valid_auc=0.688661 valid_rmse=0.473621 q_change=55 q_delta=0.451119 q_grad=0.001982
epoch=80 loss_total=0.746824 loss_rec=0.607841 valid_auc=0.689252 valid_rmse=0.472465 q_change=55 q_delta=0.451313 q_grad=0.001873
epoch=81 loss_total=0.743722 loss_rec=0.604626 valid_auc=0.688270 valid_rmse=0.474112 q_change=55 q_delta=0.451373 q_grad=0.001931
epoch=82 loss_total=0.744169 loss_rec=0.605049 valid_auc=0.688527 valid_rmse=0.473828 q_change=55 q_delta=0.451513 q_grad=0.001926
epoch=83 loss_total=0.741672 loss_rec=0.602506 valid_auc=0.689721 valid_rmse=0.477296 q_change=54 q_delta=0.451493 q_grad=0.001896
epoch=84 loss_total=0.742546 loss_rec=0.603309 valid_auc=0.689107 valid_rmse=0.474159 q_change=54 q_delta=0.451747 q_grad=0.001949
epoch=85 loss_total=0.743121 loss_rec=0.603858 valid_auc=0.690045 valid_rmse=0.476758 q_change=54 q_delta=0.452041 q_grad=0.001968
epoch=86 loss_total=0.745064 loss_rec=0.605774 valid_auc=0.689330 valid_rmse=0.474796 q_change=54 q_delta=0.452374 q_grad=0.001948
epoch=87 loss_total=0.740463 loss_rec=0.601138 valid_auc=0.688650 valid_rmse=0.474100 q_change=54 q_delta=0.452726 q_grad=0.001914
epoch=88 loss_total=0.734188 loss_rec=0.594849 valid_auc=0.687879 valid_rmse=0.474611 q_change=54 q_delta=0.452995 q_grad=0.001951
epoch=89 loss_total=0.735580 loss_rec=0.596224 valid_auc=0.689330 valid_rmse=0.479331 q_change=54 q_delta=0.453240 q_grad=0.001989
Early stopping at epoch 89; best_epoch=69.
Saved run to C:\Users\YAN_SHU_YU\Desktop\Generative-CD\Q_GNCDM\results\weak_q_lambda_sweep\lq_0p5_ls_0p8_lb_0p8\seed_2026\noise_0.20\weak-q_lq_0p5_ls_0p8_lb_0p8
Final metrics: q_hat_f1=0.000000 response_auc=0.683972 mastery_pearson=0.271002
