run=weak-q_lq_0p5_ls_0p8_lb_0p6 mode=weak-q noise=0.20 train=4200 valid=600 test=1200
epoch=1 loss_total=1.220055 loss_rec=0.725667 valid_auc=0.587511 valid_rmse=0.499760 q_change=57 q_delta=0.079554 q_grad=0.000841
epoch=2 loss_total=1.136059 loss_rec=0.706012 valid_auc=0.593092 valid_rmse=0.499361 q_change=57 q_delta=0.151265 q_grad=0.000784
epoch=3 loss_total=1.073416 loss_rec=0.700301 valid_auc=0.603806 valid_rmse=0.498695 q_change=57 q_delta=0.211982 q_grad=0.000710
epoch=4 loss_total=1.019755 loss_rec=0.694469 valid_auc=0.619766 valid_rmse=0.498232 q_change=57 q_delta=0.261176 q_grad=0.000627
epoch=5 loss_total=0.981967 loss_rec=0.694935 valid_auc=0.639464 valid_rmse=0.496757 q_change=57 q_delta=0.299564 q_grad=0.000542
epoch=6 loss_total=0.948440 loss_rec=0.691319 valid_auc=0.655290 valid_rmse=0.496395 q_change=57 q_delta=0.328951 q_grad=0.000468
epoch=7 loss_total=0.919833 loss_rec=0.685729 valid_auc=0.656763 valid_rmse=0.495359 q_change=57 q_delta=0.351313 q_grad=0.000411
epoch=8 loss_total=0.898477 loss_rec=0.681737 valid_auc=0.651350 valid_rmse=0.493191 q_change=57 q_delta=0.367767 q_grad=0.000380
epoch=9 loss_total=0.879209 loss_rec=0.675200 valid_auc=0.654464 valid_rmse=0.487573 q_change=57 q_delta=0.379920 q_grad=0.000409
epoch=10 loss_total=0.865562 loss_rec=0.671098 valid_auc=0.655826 valid_rmse=0.485091 q_change=57 q_delta=0.388753 q_grad=0.000467
epoch=11 loss_total=0.852740 loss_rec=0.665257 valid_auc=0.656362 valid_rmse=0.483260 q_change=57 q_delta=0.396049 q_grad=0.000565
epoch=12 loss_total=0.836647 loss_rec=0.655393 valid_auc=0.659743 valid_rmse=0.483751 q_change=57 q_delta=0.402248 q_grad=0.000637
epoch=13 loss_total=0.829419 loss_rec=0.653530 valid_auc=0.661451 valid_rmse=0.480202 q_change=57 q_delta=0.407597 q_grad=0.000653
epoch=14 loss_total=0.823859 loss_rec=0.652199 valid_auc=0.664654 valid_rmse=0.481529 q_change=57 q_delta=0.411763 q_grad=0.000723
epoch=15 loss_total=0.819266 loss_rec=0.651294 valid_auc=0.662645 valid_rmse=0.479931 q_change=57 q_delta=0.415677 q_grad=0.000759
epoch=16 loss_total=0.816639 loss_rec=0.651724 valid_auc=0.663783 valid_rmse=0.479988 q_change=57 q_delta=0.418754 q_grad=0.000831
epoch=17 loss_total=0.814022 loss_rec=0.651880 valid_auc=0.666317 valid_rmse=0.480588 q_change=57 q_delta=0.421474 q_grad=0.000806
epoch=18 loss_total=0.806873 loss_rec=0.647094 valid_auc=0.667712 valid_rmse=0.479919 q_change=57 q_delta=0.423960 q_grad=0.000828
epoch=19 loss_total=0.803265 loss_rec=0.645582 valid_auc=0.666897 valid_rmse=0.479779 q_change=57 q_delta=0.426072 q_grad=0.000880
epoch=20 loss_total=0.801901 loss_rec=0.645992 valid_auc=0.670552 valid_rmse=0.478407 q_change=57 q_delta=0.428063 q_grad=0.000956
epoch=21 loss_total=0.797738 loss_rec=0.643536 valid_auc=0.669821 valid_rmse=0.479265 q_change=57 q_delta=0.429584 q_grad=0.000911
epoch=22 loss_total=0.796858 loss_rec=0.644036 valid_auc=0.669442 valid_rmse=0.478184 q_change=57 q_delta=0.431066 q_grad=0.000988
epoch=23 loss_total=0.792781 loss_rec=0.641252 valid_auc=0.668203 valid_rmse=0.477893 q_change=57 q_delta=0.432494 q_grad=0.000996
epoch=24 loss_total=0.788296 loss_rec=0.637986 valid_auc=0.669196 valid_rmse=0.478312 q_change=57 q_delta=0.433655 q_grad=0.001036
epoch=25 loss_total=0.790586 loss_rec=0.641273 valid_auc=0.668359 valid_rmse=0.477788 q_change=57 q_delta=0.434654 q_grad=0.001125
epoch=26 loss_total=0.787939 loss_rec=0.639550 valid_auc=0.668728 valid_rmse=0.478343 q_change=57 q_delta=0.435587 q_grad=0.001137
epoch=27 loss_total=0.785782 loss_rec=0.638160 valid_auc=0.671786 valid_rmse=0.477744 q_change=57 q_delta=0.436393 q_grad=0.001145
epoch=28 loss_total=0.786430 loss_rec=0.639562 valid_auc=0.672902 valid_rmse=0.477011 q_change=57 q_delta=0.437202 q_grad=0.001200
epoch=29 loss_total=0.783465 loss_rec=0.637261 valid_auc=0.674431 valid_rmse=0.476921 q_change=57 q_delta=0.437877 q_grad=0.001257
epoch=30 loss_total=0.784457 loss_rec=0.638865 valid_auc=0.675547 valid_rmse=0.477252 q_change=57 q_delta=0.438440 q_grad=0.001256
epoch=31 loss_total=0.780651 loss_rec=0.635519 valid_auc=0.676741 valid_rmse=0.476438 q_change=57 q_delta=0.439023 q_grad=0.001291
epoch=32 loss_total=0.782444 loss_rec=0.637818 valid_auc=0.677467 valid_rmse=0.477303 q_change=57 q_delta=0.439438 q_grad=0.001348
epoch=33 loss_total=0.781223 loss_rec=0.636961 valid_auc=0.676384 valid_rmse=0.475914 q_change=57 q_delta=0.440074 q_grad=0.001343
epoch=34 loss_total=0.780211 loss_rec=0.636406 valid_auc=0.675413 valid_rmse=0.475584 q_change=57 q_delta=0.440413 q_grad=0.001375
epoch=35 loss_total=0.781808 loss_rec=0.638354 valid_auc=0.677321 valid_rmse=0.475057 q_change=57 q_delta=0.440770 q_grad=0.001375
epoch=36 loss_total=0.778435 loss_rec=0.635282 valid_auc=0.677813 valid_rmse=0.476151 q_change=57 q_delta=0.440994 q_grad=0.001423
epoch=37 loss_total=0.773660 loss_rec=0.630781 valid_auc=0.679654 valid_rmse=0.475339 q_change=57 q_delta=0.441284 q_grad=0.001457
epoch=38 loss_total=0.772603 loss_rec=0.629949 valid_auc=0.679286 valid_rmse=0.476541 q_change=57 q_delta=0.441499 q_grad=0.001563
epoch=39 loss_total=0.776133 loss_rec=0.633727 valid_auc=0.679330 valid_rmse=0.474855 q_change=57 q_delta=0.441866 q_grad=0.001541
epoch=40 loss_total=0.772420 loss_rec=0.630262 valid_auc=0.679732 valid_rmse=0.475015 q_change=57 q_delta=0.442027 q_grad=0.001589
epoch=41 loss_total=0.768477 loss_rec=0.626470 valid_auc=0.682266 valid_rmse=0.475262 q_change=57 q_delta=0.442100 q_grad=0.001611
epoch=42 loss_total=0.773046 loss_rec=0.631147 valid_auc=0.679163 valid_rmse=0.475432 q_change=57 q_delta=0.442252 q_grad=0.001667
epoch=43 loss_total=0.769500 loss_rec=0.627640 valid_auc=0.680268 valid_rmse=0.474853 q_change=57 q_delta=0.442200 q_grad=0.001635
epoch=44 loss_total=0.769742 loss_rec=0.627917 valid_auc=0.681674 valid_rmse=0.475046 q_change=57 q_delta=0.442248 q_grad=0.001707
epoch=45 loss_total=0.767488 loss_rec=0.625684 valid_auc=0.683795 valid_rmse=0.476648 q_change=57 q_delta=0.442124 q_grad=0.001755
epoch=46 loss_total=0.768555 loss_rec=0.626651 valid_auc=0.685033 valid_rmse=0.473313 q_change=57 q_delta=0.442032 q_grad=0.001731
epoch=47 loss_total=0.765374 loss_rec=0.623383 valid_auc=0.688013 valid_rmse=0.473415 q_change=57 q_delta=0.441752 q_grad=0.001759
epoch=48 loss_total=0.766178 loss_rec=0.624034 valid_auc=0.687969 valid_rmse=0.472534 q_change=56 q_delta=0.441699 q_grad=0.001791
epoch=49 loss_total=0.763919 loss_rec=0.621603 valid_auc=0.688147 valid_rmse=0.472775 q_change=56 q_delta=0.442107 q_grad=0.001829
epoch=50 loss_total=0.759420 loss_rec=0.617058 valid_auc=0.684821 valid_rmse=0.473619 q_change=56 q_delta=0.442448 q_grad=0.001756
epoch=51 loss_total=0.759985 loss_rec=0.617562 valid_auc=0.689096 valid_rmse=0.474697 q_change=56 q_delta=0.442647 q_grad=0.001896
epoch=52 loss_total=0.760680 loss_rec=0.618209 valid_auc=0.686233 valid_rmse=0.473044 q_change=56 q_delta=0.442971 q_grad=0.001904
epoch=53 loss_total=0.762174 loss_rec=0.619691 valid_auc=0.689163 valid_rmse=0.472136 q_change=56 q_delta=0.443175 q_grad=0.001887
epoch=54 loss_total=0.754386 loss_rec=0.611924 valid_auc=0.688158 valid_rmse=0.473539 q_change=56 q_delta=0.443277 q_grad=0.001862
epoch=55 loss_total=0.754475 loss_rec=0.611989 valid_auc=0.690547 valid_rmse=0.471946 q_change=56 q_delta=0.443384 q_grad=0.001902
epoch=56 loss_total=0.756582 loss_rec=0.614139 valid_auc=0.687812 valid_rmse=0.472303 q_change=56 q_delta=0.443537 q_grad=0.001963
epoch=57 loss_total=0.755303 loss_rec=0.612869 valid_auc=0.690435 valid_rmse=0.473957 q_change=56 q_delta=0.443490 q_grad=0.001993
epoch=58 loss_total=0.751711 loss_rec=0.609264 valid_auc=0.689129 valid_rmse=0.473822 q_change=56 q_delta=0.443622 q_grad=0.001950
epoch=59 loss_total=0.751728 loss_rec=0.609404 valid_auc=0.689230 valid_rmse=0.472013 q_change=56 q_delta=0.443765 q_grad=0.001965
epoch=60 loss_total=0.751060 loss_rec=0.608725 valid_auc=0.692087 valid_rmse=0.472188 q_change=56 q_delta=0.443730 q_grad=0.001991
epoch=61 loss_total=0.750734 loss_rec=0.608347 valid_auc=0.692065 valid_rmse=0.472276 q_change=56 q_delta=0.443723 q_grad=0.002025
epoch=62 loss_total=0.749471 loss_rec=0.607099 valid_auc=0.691775 valid_rmse=0.471426 q_change=56 q_delta=0.443754 q_grad=0.001968
epoch=63 loss_total=0.750392 loss_rec=0.607945 valid_auc=0.690871 valid_rmse=0.472301 q_change=55 q_delta=0.443620 q_grad=0.001975
epoch=64 loss_total=0.753054 loss_rec=0.610616 valid_auc=0.695000 valid_rmse=0.473482 q_change=55 q_delta=0.443539 q_grad=0.002035
epoch=65 loss_total=0.746501 loss_rec=0.603958 valid_auc=0.693315 valid_rmse=0.470888 q_change=55 q_delta=0.443530 q_grad=0.001926
epoch=66 loss_total=0.747105 loss_rec=0.604502 valid_auc=0.695100 valid_rmse=0.471303 q_change=55 q_delta=0.443387 q_grad=0.002039
epoch=67 loss_total=0.749086 loss_rec=0.606391 valid_auc=0.692467 valid_rmse=0.472592 q_change=54 q_delta=0.443367 q_grad=0.002002
epoch=68 loss_total=0.744894 loss_rec=0.602141 valid_auc=0.694208 valid_rmse=0.472449 q_change=54 q_delta=0.443786 q_grad=0.002013
epoch=69 loss_total=0.741379 loss_rec=0.598579 valid_auc=0.697199 valid_rmse=0.477229 q_change=54 q_delta=0.444077 q_grad=0.002078
epoch=70 loss_total=0.741183 loss_rec=0.598340 valid_auc=0.694687 valid_rmse=0.470975 q_change=54 q_delta=0.444551 q_grad=0.002068
epoch=71 loss_total=0.743025 loss_rec=0.600159 valid_auc=0.695463 valid_rmse=0.470972 q_change=54 q_delta=0.444883 q_grad=0.002076
epoch=72 loss_total=0.741101 loss_rec=0.598186 valid_auc=0.694252 valid_rmse=0.471751 q_change=54 q_delta=0.445167 q_grad=0.002095
epoch=73 loss_total=0.738332 loss_rec=0.595460 valid_auc=0.692020 valid_rmse=0.471931 q_change=54 q_delta=0.445473 q_grad=0.002145
epoch=74 loss_total=0.741817 loss_rec=0.598921 valid_auc=0.692879 valid_rmse=0.472545 q_change=54 q_delta=0.445689 q_grad=0.002094
epoch=75 loss_total=0.740083 loss_rec=0.597168 valid_auc=0.692623 valid_rmse=0.478398 q_change=54 q_delta=0.445855 q_grad=0.002092
epoch=76 loss_total=0.739807 loss_rec=0.596867 valid_auc=0.690670 valid_rmse=0.472087 q_change=54 q_delta=0.446125 q_grad=0.002086
epoch=77 loss_total=0.733541 loss_rec=0.590610 valid_auc=0.691763 valid_rmse=0.475674 q_change=54 q_delta=0.446211 q_grad=0.002079
epoch=78 loss_total=0.734950 loss_rec=0.592038 valid_auc=0.691261 valid_rmse=0.473667 q_change=54 q_delta=0.446370 q_grad=0.002241
epoch=79 loss_total=0.734338 loss_rec=0.591469 valid_auc=0.690625 valid_rmse=0.473153 q_change=54 q_delta=0.446541 q_grad=0.002310
epoch=80 loss_total=0.733979 loss_rec=0.591122 valid_auc=0.690312 valid_rmse=0.472793 q_change=54 q_delta=0.446678 q_grad=0.002232
epoch=81 loss_total=0.730291 loss_rec=0.587458 valid_auc=0.691663 valid_rmse=0.474709 q_change=54 q_delta=0.446807 q_grad=0.002292
epoch=82 loss_total=0.730538 loss_rec=0.587742 valid_auc=0.690112 valid_rmse=0.474197 q_change=54 q_delta=0.446903 q_grad=0.002329
epoch=83 loss_total=0.729071 loss_rec=0.586321 valid_auc=0.690636 valid_rmse=0.478051 q_change=54 q_delta=0.446998 q_grad=0.002303
epoch=84 loss_total=0.729948 loss_rec=0.587200 valid_auc=0.691083 valid_rmse=0.474706 q_change=54 q_delta=0.447199 q_grad=0.002375
epoch=85 loss_total=0.731534 loss_rec=0.588821 valid_auc=0.690234 valid_rmse=0.478456 q_change=54 q_delta=0.447166 q_grad=0.002397
epoch=86 loss_total=0.733142 loss_rec=0.590425 valid_auc=0.688192 valid_rmse=0.475725 q_change=54 q_delta=0.447291 q_grad=0.002376
epoch=87 loss_total=0.727145 loss_rec=0.584476 valid_auc=0.687757 valid_rmse=0.476125 q_change=54 q_delta=0.447385 q_grad=0.002326
epoch=88 loss_total=0.721422 loss_rec=0.578771 valid_auc=0.687210 valid_rmse=0.475976 q_change=54 q_delta=0.447466 q_grad=0.002410
epoch=89 loss_total=0.723453 loss_rec=0.580830 valid_auc=0.687333 valid_rmse=0.481322 q_change=54 q_delta=0.447491 q_grad=0.002460
Early stopping at epoch 89; best_epoch=69.
Saved run to C:\Users\YAN_SHU_YU\Desktop\Generative-CD\Q_GNCDM\results\weak_q_lambda_sweep\lq_0p5_ls_0p8_lb_0p6\seed_2026\noise_0.20\weak-q_lq_0p5_ls_0p8_lb_0p6
Final metrics: q_hat_f1=0.101695 response_auc=0.683633 mastery_pearson=0.296671
