run=weak-q_lq_0p4_ls_0p4_lb_0p4 mode=weak-q noise=0.20 train=4200 valid=600 test=1200
epoch=1 loss_total=0.997674 loss_rec=0.725657 valid_auc=0.587902 valid_rmse=0.499749 q_change=57 q_delta=0.078419 q_grad=0.000417
epoch=2 loss_total=0.946766 loss_rec=0.705877 valid_auc=0.595692 valid_rmse=0.499272 q_change=57 q_delta=0.147201 q_grad=0.000376
epoch=3 loss_total=0.914335 loss_rec=0.699830 valid_auc=0.610859 valid_rmse=0.498407 q_change=57 q_delta=0.204334 q_grad=0.000341
epoch=4 loss_total=0.886238 loss_rec=0.693347 valid_auc=0.633638 valid_rmse=0.497551 q_change=57 q_delta=0.250231 q_grad=0.000306
epoch=5 loss_total=0.868781 loss_rec=0.692595 valid_auc=0.655078 valid_rmse=0.495293 q_change=57 q_delta=0.284937 q_grad=0.000290
epoch=6 loss_total=0.849851 loss_rec=0.686044 valid_auc=0.666462 valid_rmse=0.492980 q_change=57 q_delta=0.309528 q_grad=0.000296
epoch=7 loss_total=0.828433 loss_rec=0.673171 valid_auc=0.664554 valid_rmse=0.487712 q_change=57 q_delta=0.325496 q_grad=0.000353
epoch=8 loss_total=0.809542 loss_rec=0.659465 valid_auc=0.661708 valid_rmse=0.482305 q_change=57 q_delta=0.335076 q_grad=0.000514
epoch=9 loss_total=0.795475 loss_rec=0.649064 valid_auc=0.669665 valid_rmse=0.477730 q_change=57 q_delta=0.343372 q_grad=0.000692
epoch=10 loss_total=0.793631 loss_rec=0.650527 valid_auc=0.670949 valid_rmse=0.477999 q_change=57 q_delta=0.349817 q_grad=0.000791
epoch=11 loss_total=0.788075 loss_rec=0.647301 valid_auc=0.672533 valid_rmse=0.476784 q_change=57 q_delta=0.355199 q_grad=0.000920
epoch=12 loss_total=0.777049 loss_rec=0.638306 valid_auc=0.675290 valid_rmse=0.477398 q_change=57 q_delta=0.359067 q_grad=0.001008
epoch=13 loss_total=0.772351 loss_rec=0.635226 valid_auc=0.677087 valid_rmse=0.474825 q_change=57 q_delta=0.362612 q_grad=0.001060
epoch=14 loss_total=0.770369 loss_rec=0.634418 valid_auc=0.677846 valid_rmse=0.476075 q_change=57 q_delta=0.364617 q_grad=0.001193
epoch=15 loss_total=0.766543 loss_rec=0.631503 valid_auc=0.679029 valid_rmse=0.474265 q_change=57 q_delta=0.366805 q_grad=0.001291
epoch=16 loss_total=0.766513 loss_rec=0.632192 valid_auc=0.681853 valid_rmse=0.473940 q_change=57 q_delta=0.367890 q_grad=0.001436
epoch=17 loss_total=0.763116 loss_rec=0.629387 valid_auc=0.682132 valid_rmse=0.473879 q_change=56 q_delta=0.368904 q_grad=0.001415
epoch=18 loss_total=0.755857 loss_rec=0.622518 valid_auc=0.683304 valid_rmse=0.473404 q_change=56 q_delta=0.370384 q_grad=0.001485
epoch=19 loss_total=0.753991 loss_rec=0.621160 valid_auc=0.683962 valid_rmse=0.473984 q_change=56 q_delta=0.371860 q_grad=0.001610
epoch=20 loss_total=0.751092 loss_rec=0.618557 valid_auc=0.686886 valid_rmse=0.472101 q_change=56 q_delta=0.373061 q_grad=0.001717
epoch=21 loss_total=0.746458 loss_rec=0.614271 valid_auc=0.687634 valid_rmse=0.473717 q_change=56 q_delta=0.373701 q_grad=0.001663
epoch=22 loss_total=0.743525 loss_rec=0.611581 valid_auc=0.688326 valid_rmse=0.472668 q_change=55 q_delta=0.374475 q_grad=0.001825
epoch=23 loss_total=0.740398 loss_rec=0.608735 valid_auc=0.685859 valid_rmse=0.472703 q_change=55 q_delta=0.375890 q_grad=0.001812
epoch=24 loss_total=0.735337 loss_rec=0.603996 valid_auc=0.685145 valid_rmse=0.473600 q_change=55 q_delta=0.376979 q_grad=0.001844
epoch=25 loss_total=0.736255 loss_rec=0.605273 valid_auc=0.685368 valid_rmse=0.473677 q_change=54 q_delta=0.377753 q_grad=0.001977
epoch=26 loss_total=0.733686 loss_rec=0.602969 valid_auc=0.686842 valid_rmse=0.474283 q_change=54 q_delta=0.378658 q_grad=0.001958
epoch=27 loss_total=0.730155 loss_rec=0.599694 valid_auc=0.687455 valid_rmse=0.475176 q_change=53 q_delta=0.379652 q_grad=0.001928
epoch=28 loss_total=0.732488 loss_rec=0.602321 valid_auc=0.687366 valid_rmse=0.474275 q_change=53 q_delta=0.380831 q_grad=0.002002
epoch=29 loss_total=0.726123 loss_rec=0.596246 valid_auc=0.689754 valid_rmse=0.473609 q_change=53 q_delta=0.381976 q_grad=0.002027
epoch=30 loss_total=0.725450 loss_rec=0.595778 valid_auc=0.691808 valid_rmse=0.474099 q_change=53 q_delta=0.382981 q_grad=0.001996
epoch=31 loss_total=0.721679 loss_rec=0.592189 valid_auc=0.691462 valid_rmse=0.473523 q_change=53 q_delta=0.383948 q_grad=0.002027
epoch=32 loss_total=0.722514 loss_rec=0.593234 valid_auc=0.693013 valid_rmse=0.473328 q_change=52 q_delta=0.384861 q_grad=0.002077
epoch=33 loss_total=0.719719 loss_rec=0.590611 valid_auc=0.692377 valid_rmse=0.471836 q_change=52 q_delta=0.386055 q_grad=0.002069
epoch=34 loss_total=0.719279 loss_rec=0.590383 valid_auc=0.689743 valid_rmse=0.472262 q_change=52 q_delta=0.387037 q_grad=0.002069
epoch=35 loss_total=0.718638 loss_rec=0.589911 valid_auc=0.694598 valid_rmse=0.471119 q_change=52 q_delta=0.388042 q_grad=0.002049
epoch=36 loss_total=0.712561 loss_rec=0.583918 valid_auc=0.695167 valid_rmse=0.472020 q_change=52 q_delta=0.388627 q_grad=0.002130
epoch=37 loss_total=0.707722 loss_rec=0.579210 valid_auc=0.694420 valid_rmse=0.472779 q_change=52 q_delta=0.389463 q_grad=0.002146
epoch=38 loss_total=0.705084 loss_rec=0.576745 valid_auc=0.693828 valid_rmse=0.474079 q_change=52 q_delta=0.390225 q_grad=0.002258
epoch=39 loss_total=0.705896 loss_rec=0.577706 valid_auc=0.693850 valid_rmse=0.471748 q_change=52 q_delta=0.391262 q_grad=0.002204
epoch=40 loss_total=0.701194 loss_rec=0.573190 valid_auc=0.693705 valid_rmse=0.472556 q_change=52 q_delta=0.391800 q_grad=0.002265
epoch=41 loss_total=0.696349 loss_rec=0.568531 valid_auc=0.695190 valid_rmse=0.473830 q_change=52 q_delta=0.392373 q_grad=0.002276
epoch=42 loss_total=0.697687 loss_rec=0.570007 valid_auc=0.691942 valid_rmse=0.473386 q_change=51 q_delta=0.393187 q_grad=0.002402
epoch=43 loss_total=0.691904 loss_rec=0.564329 valid_auc=0.693136 valid_rmse=0.474085 q_change=51 q_delta=0.393429 q_grad=0.002379
epoch=44 loss_total=0.690382 loss_rec=0.562956 valid_auc=0.691585 valid_rmse=0.475129 q_change=51 q_delta=0.394271 q_grad=0.002459
epoch=45 loss_total=0.684835 loss_rec=0.557567 valid_auc=0.692299 valid_rmse=0.478776 q_change=50 q_delta=0.394670 q_grad=0.002507
epoch=46 loss_total=0.684414 loss_rec=0.557221 valid_auc=0.694397 valid_rmse=0.473187 q_change=50 q_delta=0.395563 q_grad=0.002494
epoch=47 loss_total=0.680028 loss_rec=0.552986 valid_auc=0.692790 valid_rmse=0.476251 q_change=50 q_delta=0.396221 q_grad=0.002508
epoch=48 loss_total=0.676704 loss_rec=0.549763 valid_auc=0.692589 valid_rmse=0.474874 q_change=50 q_delta=0.397016 q_grad=0.002627
epoch=49 loss_total=0.671888 loss_rec=0.545032 valid_auc=0.693627 valid_rmse=0.474553 q_change=50 q_delta=0.397588 q_grad=0.002648
epoch=50 loss_total=0.666990 loss_rec=0.540234 valid_auc=0.691507 valid_rmse=0.476828 q_change=50 q_delta=0.398229 q_grad=0.002637
epoch=51 loss_total=0.665125 loss_rec=0.538508 valid_auc=0.693638 valid_rmse=0.478180 q_change=50 q_delta=0.398657 q_grad=0.002736
epoch=52 loss_total=0.665242 loss_rec=0.538738 valid_auc=0.692567 valid_rmse=0.476409 q_change=50 q_delta=0.399407 q_grad=0.002780
epoch=53 loss_total=0.665157 loss_rec=0.538721 valid_auc=0.693661 valid_rmse=0.475771 q_change=50 q_delta=0.399851 q_grad=0.002823
epoch=54 loss_total=0.656559 loss_rec=0.530226 valid_auc=0.690592 valid_rmse=0.478216 q_change=50 q_delta=0.400146 q_grad=0.002843
epoch=55 loss_total=0.651966 loss_rec=0.525708 valid_auc=0.696172 valid_rmse=0.475359 q_change=50 q_delta=0.400559 q_grad=0.002826
epoch=56 loss_total=0.651287 loss_rec=0.525105 valid_auc=0.690871 valid_rmse=0.477828 q_change=50 q_delta=0.400872 q_grad=0.002923
epoch=57 loss_total=0.648992 loss_rec=0.522880 valid_auc=0.690614 valid_rmse=0.480199 q_change=50 q_delta=0.401170 q_grad=0.003027
epoch=58 loss_total=0.641636 loss_rec=0.515602 valid_auc=0.690893 valid_rmse=0.482557 q_change=50 q_delta=0.401384 q_grad=0.002971
epoch=59 loss_total=0.641896 loss_rec=0.515988 valid_auc=0.692455 valid_rmse=0.478003 q_change=50 q_delta=0.401810 q_grad=0.002975
epoch=60 loss_total=0.639895 loss_rec=0.514042 valid_auc=0.692411 valid_rmse=0.478943 q_change=50 q_delta=0.401974 q_grad=0.002981
epoch=61 loss_total=0.636161 loss_rec=0.510331 valid_auc=0.690000 valid_rmse=0.479334 q_change=50 q_delta=0.402202 q_grad=0.003126
epoch=62 loss_total=0.632805 loss_rec=0.507110 valid_auc=0.692266 valid_rmse=0.479395 q_change=49 q_delta=0.402393 q_grad=0.003038
epoch=63 loss_total=0.631954 loss_rec=0.506291 valid_auc=0.689074 valid_rmse=0.480862 q_change=49 q_delta=0.402491 q_grad=0.003167
epoch=64 loss_total=0.631641 loss_rec=0.506014 valid_auc=0.690904 valid_rmse=0.483667 q_change=49 q_delta=0.402413 q_grad=0.003162
epoch=65 loss_total=0.626651 loss_rec=0.501059 valid_auc=0.689609 valid_rmse=0.480903 q_change=49 q_delta=0.402719 q_grad=0.003027
epoch=66 loss_total=0.627603 loss_rec=0.502077 valid_auc=0.688203 valid_rmse=0.482355 q_change=48 q_delta=0.402726 q_grad=0.003241
epoch=67 loss_total=0.628013 loss_rec=0.502529 valid_auc=0.687835 valid_rmse=0.483170 q_change=49 q_delta=0.402840 q_grad=0.003261
epoch=68 loss_total=0.619473 loss_rec=0.494045 valid_auc=0.687433 valid_rmse=0.487217 q_change=48 q_delta=0.402795 q_grad=0.003144
epoch=69 loss_total=0.617497 loss_rec=0.492080 valid_auc=0.688650 valid_rmse=0.489777 q_change=48 q_delta=0.402846 q_grad=0.003307
epoch=70 loss_total=0.614487 loss_rec=0.489130 valid_auc=0.686395 valid_rmse=0.483618 q_change=48 q_delta=0.403086 q_grad=0.003360
epoch=71 loss_total=0.615970 loss_rec=0.490673 valid_auc=0.689062 valid_rmse=0.483131 q_change=48 q_delta=0.403198 q_grad=0.003275
epoch=72 loss_total=0.614311 loss_rec=0.489015 valid_auc=0.687623 valid_rmse=0.483214 q_change=48 q_delta=0.403290 q_grad=0.003336
epoch=73 loss_total=0.607723 loss_rec=0.482466 valid_auc=0.683393 valid_rmse=0.485632 q_change=48 q_delta=0.403402 q_grad=0.003347
epoch=74 loss_total=0.614117 loss_rec=0.488912 valid_auc=0.684643 valid_rmse=0.485163 q_change=48 q_delta=0.403582 q_grad=0.003299
epoch=75 loss_total=0.610946 loss_rec=0.485745 valid_auc=0.683772 valid_rmse=0.492337 q_change=48 q_delta=0.403464 q_grad=0.003318
Early stopping at epoch 75; best_epoch=55.
Saved run to C:\Users\YAN_SHU_YU\Desktop\Generative-CD\Q_GNCDM\results\weak_q_lambda_sweep\lq_0p4_ls_0p4_lb_0p4\seed_2026\noise_0.20\weak-q_lq_0p4_ls_0p4_lb_0p4
Final metrics: q_hat_f1=0.222222 response_auc=0.683044 mastery_pearson=0.440966
