run=weak-q_lq_0p7_ls_0p4_lb_0p9 mode=weak-q noise=0.20 train=4200 valid=600 test=1200
epoch=1 loss_total=1.119886 loss_rec=0.725662 valid_auc=0.587857 valid_rmse=0.499752 q_change=57 q_delta=0.079295 q_grad=0.000459
epoch=2 loss_total=1.063971 loss_rec=0.705961 valid_auc=0.595257 valid_rmse=0.499310 q_change=57 q_delta=0.151226 q_grad=0.000441
epoch=3 loss_total=1.024680 loss_rec=0.700123 valid_auc=0.609810 valid_rmse=0.498548 q_change=57 q_delta=0.212424 q_grad=0.000416
epoch=4 loss_total=0.989495 loss_rec=0.694077 valid_auc=0.630859 valid_rmse=0.497939 q_change=57 q_delta=0.262047 q_grad=0.000379
epoch=5 loss_total=0.965957 loss_rec=0.694190 valid_auc=0.651674 valid_rmse=0.496228 q_change=57 q_delta=0.300095 q_grad=0.000344
epoch=6 loss_total=0.943115 loss_rec=0.689788 valid_auc=0.664213 valid_rmse=0.495326 q_change=57 q_delta=0.328197 q_grad=0.000317
epoch=7 loss_total=0.921725 loss_rec=0.682226 valid_auc=0.662533 valid_rmse=0.493003 q_change=57 q_delta=0.348333 q_grad=0.000314
epoch=8 loss_total=0.904170 loss_rec=0.674311 valid_auc=0.658259 valid_rmse=0.488391 q_change=57 q_delta=0.361300 q_grad=0.000367
epoch=9 loss_total=0.886403 loss_rec=0.662953 valid_auc=0.661931 valid_rmse=0.481738 q_change=57 q_delta=0.370540 q_grad=0.000492
epoch=10 loss_total=0.879274 loss_rec=0.660950 valid_auc=0.662991 valid_rmse=0.481195 q_change=57 q_delta=0.377952 q_grad=0.000595
epoch=11 loss_total=0.871710 loss_rec=0.657340 valid_auc=0.663270 valid_rmse=0.480183 q_change=57 q_delta=0.384355 q_grad=0.000702
epoch=12 loss_total=0.859627 loss_rec=0.648816 valid_auc=0.666406 valid_rmse=0.481102 q_change=57 q_delta=0.389474 q_grad=0.000768
epoch=13 loss_total=0.854661 loss_rec=0.646831 valid_auc=0.667467 valid_rmse=0.478204 q_change=57 q_delta=0.394023 q_grad=0.000790
epoch=14 loss_total=0.851410 loss_rec=0.645877 valid_auc=0.668103 valid_rmse=0.479630 q_change=57 q_delta=0.397207 q_grad=0.000886
epoch=15 loss_total=0.848191 loss_rec=0.644608 valid_auc=0.666708 valid_rmse=0.478024 q_change=57 q_delta=0.400483 q_grad=0.000943
epoch=16 loss_total=0.847291 loss_rec=0.645371 valid_auc=0.668839 valid_rmse=0.477750 q_change=57 q_delta=0.402815 q_grad=0.001052
epoch=17 loss_total=0.844961 loss_rec=0.644488 valid_auc=0.670179 valid_rmse=0.478059 q_change=57 q_delta=0.404857 q_grad=0.001036
epoch=18 loss_total=0.838303 loss_rec=0.639008 valid_auc=0.671496 valid_rmse=0.477473 q_change=57 q_delta=0.406716 q_grad=0.001085
epoch=19 loss_total=0.835726 loss_rec=0.637547 valid_auc=0.672455 valid_rmse=0.477072 q_change=57 q_delta=0.408337 q_grad=0.001175
epoch=20 loss_total=0.834296 loss_rec=0.637014 valid_auc=0.676228 valid_rmse=0.475646 q_change=57 q_delta=0.409853 q_grad=0.001288
epoch=21 loss_total=0.830614 loss_rec=0.634167 valid_auc=0.676819 valid_rmse=0.476449 q_change=57 q_delta=0.410809 q_grad=0.001255
epoch=22 loss_total=0.829311 loss_rec=0.633492 valid_auc=0.678504 valid_rmse=0.475122 q_change=57 q_delta=0.411701 q_grad=0.001385
epoch=23 loss_total=0.825853 loss_rec=0.630578 valid_auc=0.677578 valid_rmse=0.474826 q_change=57 q_delta=0.412635 q_grad=0.001415
epoch=24 loss_total=0.820882 loss_rec=0.626139 valid_auc=0.677634 valid_rmse=0.475328 q_change=57 q_delta=0.413234 q_grad=0.001485
epoch=25 loss_total=0.823352 loss_rec=0.628994 valid_auc=0.679062 valid_rmse=0.474951 q_change=57 q_delta=0.413545 q_grad=0.001640
epoch=26 loss_total=0.820645 loss_rec=0.626566 valid_auc=0.681127 valid_rmse=0.475339 q_change=57 q_delta=0.413711 q_grad=0.001651
epoch=27 loss_total=0.817726 loss_rec=0.623769 valid_auc=0.684565 valid_rmse=0.474694 q_change=56 q_delta=0.413516 q_grad=0.001669
epoch=28 loss_total=0.817888 loss_rec=0.624098 valid_auc=0.683449 valid_rmse=0.474230 q_change=56 q_delta=0.414313 q_grad=0.001777
epoch=29 loss_total=0.813505 loss_rec=0.619914 valid_auc=0.685435 valid_rmse=0.473860 q_change=56 q_delta=0.415139 q_grad=0.001845
epoch=30 loss_total=0.813739 loss_rec=0.620343 valid_auc=0.686931 valid_rmse=0.474121 q_change=56 q_delta=0.415654 q_grad=0.001836
epoch=31 loss_total=0.809905 loss_rec=0.616661 valid_auc=0.687254 valid_rmse=0.473662 q_change=56 q_delta=0.416184 q_grad=0.001883
epoch=32 loss_total=0.810918 loss_rec=0.617907 valid_auc=0.688795 valid_rmse=0.474318 q_change=56 q_delta=0.416512 q_grad=0.001955
epoch=33 loss_total=0.809229 loss_rec=0.616361 valid_auc=0.685547 valid_rmse=0.473170 q_change=56 q_delta=0.417066 q_grad=0.001941
epoch=34 loss_total=0.808402 loss_rec=0.615698 valid_auc=0.684542 valid_rmse=0.473159 q_change=56 q_delta=0.417178 q_grad=0.001981
epoch=35 loss_total=0.809206 loss_rec=0.616627 valid_auc=0.688036 valid_rmse=0.472340 q_change=56 q_delta=0.417320 q_grad=0.001977
epoch=36 loss_total=0.805702 loss_rec=0.613199 valid_auc=0.690558 valid_rmse=0.472726 q_change=56 q_delta=0.417126 q_grad=0.002027
epoch=37 loss_total=0.799636 loss_rec=0.607130 valid_auc=0.690759 valid_rmse=0.472863 q_change=56 q_delta=0.417061 q_grad=0.002056
epoch=38 loss_total=0.799002 loss_rec=0.606633 valid_auc=0.689542 valid_rmse=0.475115 q_change=56 q_delta=0.417051 q_grad=0.002177
epoch=39 loss_total=0.801492 loss_rec=0.609177 valid_auc=0.690592 valid_rmse=0.472141 q_change=56 q_delta=0.417155 q_grad=0.002109
epoch=40 loss_total=0.797005 loss_rec=0.604787 valid_auc=0.689051 valid_rmse=0.472918 q_change=56 q_delta=0.416984 q_grad=0.002155
epoch=41 loss_total=0.792580 loss_rec=0.600458 valid_auc=0.690770 valid_rmse=0.472875 q_change=55 q_delta=0.416864 q_grad=0.002149
epoch=42 loss_total=0.795839 loss_rec=0.603781 valid_auc=0.687679 valid_rmse=0.473223 q_change=55 q_delta=0.416895 q_grad=0.002224
epoch=43 loss_total=0.791451 loss_rec=0.599407 valid_auc=0.688583 valid_rmse=0.473154 q_change=55 q_delta=0.417057 q_grad=0.002165
epoch=44 loss_total=0.791293 loss_rec=0.599383 valid_auc=0.689118 valid_rmse=0.473244 q_change=54 q_delta=0.417383 q_grad=0.002227
epoch=45 loss_total=0.788380 loss_rec=0.596586 valid_auc=0.690223 valid_rmse=0.475467 q_change=54 q_delta=0.417571 q_grad=0.002255
epoch=46 loss_total=0.788703 loss_rec=0.596974 valid_auc=0.692433 valid_rmse=0.471672 q_change=54 q_delta=0.417905 q_grad=0.002203
epoch=47 loss_total=0.785757 loss_rec=0.594155 valid_auc=0.693504 valid_rmse=0.472386 q_change=54 q_delta=0.418196 q_grad=0.002229
epoch=48 loss_total=0.785129 loss_rec=0.593624 valid_auc=0.692310 valid_rmse=0.471981 q_change=54 q_delta=0.418545 q_grad=0.002295
epoch=49 loss_total=0.782136 loss_rec=0.590731 valid_auc=0.694520 valid_rmse=0.471359 q_change=53 q_delta=0.418762 q_grad=0.002328
epoch=50 loss_total=0.778137 loss_rec=0.586805 valid_auc=0.692813 valid_rmse=0.472566 q_change=53 q_delta=0.419066 q_grad=0.002251
epoch=51 loss_total=0.777985 loss_rec=0.586796 valid_auc=0.695547 valid_rmse=0.473461 q_change=53 q_delta=0.419391 q_grad=0.002379
epoch=52 loss_total=0.778720 loss_rec=0.587655 valid_auc=0.694587 valid_rmse=0.471774 q_change=53 q_delta=0.419911 q_grad=0.002407
epoch=53 loss_total=0.780375 loss_rec=0.589389 valid_auc=0.697176 valid_rmse=0.470961 q_change=53 q_delta=0.420218 q_grad=0.002419
epoch=54 loss_total=0.771871 loss_rec=0.580995 valid_auc=0.693080 valid_rmse=0.473163 q_change=53 q_delta=0.420523 q_grad=0.002404
epoch=55 loss_total=0.770344 loss_rec=0.579596 valid_auc=0.699308 valid_rmse=0.470426 q_change=53 q_delta=0.420932 q_grad=0.002441
epoch=56 loss_total=0.771027 loss_rec=0.580346 valid_auc=0.696507 valid_rmse=0.471410 q_change=53 q_delta=0.421196 q_grad=0.002507
epoch=57 loss_total=0.769059 loss_rec=0.578469 valid_auc=0.697221 valid_rmse=0.473087 q_change=53 q_delta=0.421408 q_grad=0.002628
epoch=58 loss_total=0.764379 loss_rec=0.573842 valid_auc=0.696116 valid_rmse=0.474496 q_change=53 q_delta=0.421644 q_grad=0.002589
epoch=59 loss_total=0.764946 loss_rec=0.574492 valid_auc=0.695469 valid_rmse=0.471934 q_change=53 q_delta=0.421891 q_grad=0.002605
epoch=60 loss_total=0.763360 loss_rec=0.572949 valid_auc=0.696138 valid_rmse=0.473051 q_change=53 q_delta=0.421941 q_grad=0.002708
epoch=61 loss_total=0.761143 loss_rec=0.570733 valid_auc=0.695346 valid_rmse=0.472944 q_change=53 q_delta=0.422074 q_grad=0.002778
epoch=62 loss_total=0.757735 loss_rec=0.567425 valid_auc=0.695022 valid_rmse=0.473028 q_change=53 q_delta=0.422245 q_grad=0.002776
epoch=63 loss_total=0.758153 loss_rec=0.567865 valid_auc=0.692422 valid_rmse=0.473712 q_change=53 q_delta=0.422305 q_grad=0.002844
epoch=64 loss_total=0.759617 loss_rec=0.569362 valid_auc=0.697020 valid_rmse=0.476060 q_change=53 q_delta=0.422312 q_grad=0.002947
epoch=65 loss_total=0.753388 loss_rec=0.563173 valid_auc=0.694810 valid_rmse=0.473376 q_change=53 q_delta=0.422503 q_grad=0.002832
epoch=66 loss_total=0.753786 loss_rec=0.563603 valid_auc=0.694129 valid_rmse=0.474188 q_change=53 q_delta=0.422482 q_grad=0.003031
epoch=67 loss_total=0.755732 loss_rec=0.565597 valid_auc=0.693460 valid_rmse=0.475053 q_change=53 q_delta=0.422568 q_grad=0.003049
epoch=68 loss_total=0.749150 loss_rec=0.559040 valid_auc=0.693571 valid_rmse=0.476933 q_change=53 q_delta=0.422487 q_grad=0.003048
epoch=69 loss_total=0.746192 loss_rec=0.556086 valid_auc=0.696507 valid_rmse=0.481352 q_change=53 q_delta=0.422416 q_grad=0.003174
epoch=70 loss_total=0.744721 loss_rec=0.554630 valid_auc=0.692411 valid_rmse=0.474677 q_change=53 q_delta=0.422580 q_grad=0.003201
epoch=71 loss_total=0.745072 loss_rec=0.555030 valid_auc=0.693560 valid_rmse=0.474618 q_change=53 q_delta=0.422491 q_grad=0.003202
epoch=72 loss_total=0.743283 loss_rec=0.553199 valid_auc=0.693237 valid_rmse=0.474577 q_change=53 q_delta=0.422468 q_grad=0.003255
epoch=73 loss_total=0.737176 loss_rec=0.547108 valid_auc=0.690949 valid_rmse=0.476365 q_change=53 q_delta=0.422310 q_grad=0.003323
epoch=74 loss_total=0.741240 loss_rec=0.551132 valid_auc=0.691908 valid_rmse=0.476624 q_change=53 q_delta=0.422165 q_grad=0.003327
epoch=75 loss_total=0.738221 loss_rec=0.548076 valid_auc=0.689788 valid_rmse=0.483907 q_change=53 q_delta=0.421790 q_grad=0.003356
Early stopping at epoch 75; best_epoch=55.
Saved run to C:\Users\YAN_SHU_YU\Desktop\Generative-CD\Q_GNCDM\results\weak_q_lambda_sweep\lq_0p7_ls_0p4_lb_0p9\seed_2026\noise_0.20\weak-q_lq_0p7_ls_0p4_lb_0p9
Final metrics: q_hat_f1=0.133333 response_auc=0.687539 mastery_pearson=0.375746
