run=weak-q_lq_0p9_ls_0p2_lb_0p6 mode=weak-q noise=0.20 train=4200 valid=600 test=1200
epoch=1 loss_total=0.960774 loss_rec=0.725612 valid_auc=0.590022 valid_rmse=0.499704 q_change=56 q_delta=0.072200 q_grad=0.000206
epoch=2 loss_total=0.928304 loss_rec=0.705251 valid_auc=0.603594 valid_rmse=0.498907 q_change=56 q_delta=0.123025 q_grad=0.000167
epoch=3 loss_total=0.913726 loss_rec=0.697573 valid_auc=0.626127 valid_rmse=0.497098 q_change=53 q_delta=0.156325 q_grad=0.000167
epoch=4 loss_total=0.899091 loss_rec=0.686886 valid_auc=0.652232 valid_rmse=0.493616 q_change=51 q_delta=0.177027 q_grad=0.000200
epoch=5 loss_total=0.885655 loss_rec=0.674995 valid_auc=0.665647 valid_rmse=0.485371 q_change=48 q_delta=0.184199 q_grad=0.000314
epoch=6 loss_total=0.858674 loss_rec=0.647905 valid_auc=0.671529 valid_rmse=0.477459 q_change=40 q_delta=0.186079 q_grad=0.000554
epoch=7 loss_total=0.836933 loss_rec=0.626185 valid_auc=0.680022 valid_rmse=0.475000 q_change=36 q_delta=0.190190 q_grad=0.000768
epoch=8 loss_total=0.829837 loss_rec=0.619442 valid_auc=0.679699 valid_rmse=0.475403 q_change=31 q_delta=0.195637 q_grad=0.000947
epoch=9 loss_total=0.822464 loss_rec=0.612496 valid_auc=0.684665 valid_rmse=0.473409 q_change=30 q_delta=0.202489 q_grad=0.001031
epoch=10 loss_total=0.825287 loss_rec=0.615849 valid_auc=0.683571 valid_rmse=0.475274 q_change=29 q_delta=0.209230 q_grad=0.001045
epoch=11 loss_total=0.822525 loss_rec=0.613309 valid_auc=0.683281 valid_rmse=0.473921 q_change=30 q_delta=0.216398 q_grad=0.001122
epoch=12 loss_total=0.813066 loss_rec=0.604125 valid_auc=0.682321 valid_rmse=0.475553 q_change=28 q_delta=0.222861 q_grad=0.001152
epoch=13 loss_total=0.808803 loss_rec=0.600168 valid_auc=0.683220 valid_rmse=0.474393 q_change=28 q_delta=0.230501 q_grad=0.001138
epoch=14 loss_total=0.808400 loss_rec=0.599946 valid_auc=0.682623 valid_rmse=0.476143 q_change=26 q_delta=0.236892 q_grad=0.001197
epoch=15 loss_total=0.803016 loss_rec=0.594647 valid_auc=0.684542 valid_rmse=0.474933 q_change=25 q_delta=0.243232 q_grad=0.001214
epoch=16 loss_total=0.803748 loss_rec=0.595427 valid_auc=0.685725 valid_rmse=0.475090 q_change=25 q_delta=0.249368 q_grad=0.001319
epoch=17 loss_total=0.797746 loss_rec=0.589525 valid_auc=0.685201 valid_rmse=0.475116 q_change=23 q_delta=0.255114 q_grad=0.001255
epoch=18 loss_total=0.790607 loss_rec=0.582402 valid_auc=0.686004 valid_rmse=0.475274 q_change=21 q_delta=0.260870 q_grad=0.001297
epoch=19 loss_total=0.788455 loss_rec=0.580312 valid_auc=0.687109 valid_rmse=0.475830 q_change=20 q_delta=0.266610 q_grad=0.001361
epoch=20 loss_total=0.784240 loss_rec=0.576073 valid_auc=0.689040 valid_rmse=0.474774 q_change=21 q_delta=0.272410 q_grad=0.001449
epoch=21 loss_total=0.776921 loss_rec=0.568718 valid_auc=0.690681 valid_rmse=0.475401 q_change=20 q_delta=0.277799 q_grad=0.001395
epoch=22 loss_total=0.772615 loss_rec=0.564399 valid_auc=0.690491 valid_rmse=0.475544 q_change=19 q_delta=0.282999 q_grad=0.001509
epoch=23 loss_total=0.767353 loss_rec=0.559088 valid_auc=0.687891 valid_rmse=0.476737 q_change=19 q_delta=0.287974 q_grad=0.001479
epoch=24 loss_total=0.759193 loss_rec=0.550890 valid_auc=0.689174 valid_rmse=0.477402 q_change=19 q_delta=0.293006 q_grad=0.001536
epoch=25 loss_total=0.755883 loss_rec=0.547493 valid_auc=0.692143 valid_rmse=0.477567 q_change=17 q_delta=0.297869 q_grad=0.001637
epoch=26 loss_total=0.751644 loss_rec=0.543193 valid_auc=0.691016 valid_rmse=0.477883 q_change=17 q_delta=0.302104 q_grad=0.001610
epoch=27 loss_total=0.744286 loss_rec=0.535744 valid_auc=0.689955 valid_rmse=0.481282 q_change=17 q_delta=0.306184 q_grad=0.001624
epoch=28 loss_total=0.745724 loss_rec=0.537109 valid_auc=0.690156 valid_rmse=0.480040 q_change=17 q_delta=0.310262 q_grad=0.001744
epoch=29 loss_total=0.738012 loss_rec=0.529384 valid_auc=0.692266 valid_rmse=0.479596 q_change=17 q_delta=0.313475 q_grad=0.001691
epoch=30 loss_total=0.734478 loss_rec=0.525760 valid_auc=0.693929 valid_rmse=0.480779 q_change=16 q_delta=0.316973 q_grad=0.001766
epoch=31 loss_total=0.728245 loss_rec=0.519500 valid_auc=0.693281 valid_rmse=0.481170 q_change=15 q_delta=0.319960 q_grad=0.001738
epoch=32 loss_total=0.728190 loss_rec=0.519383 valid_auc=0.697556 valid_rmse=0.480282 q_change=15 q_delta=0.323045 q_grad=0.001765
epoch=33 loss_total=0.721574 loss_rec=0.512704 valid_auc=0.693158 valid_rmse=0.480321 q_change=15 q_delta=0.326018 q_grad=0.001760
epoch=34 loss_total=0.722286 loss_rec=0.513419 valid_auc=0.693538 valid_rmse=0.479713 q_change=15 q_delta=0.328554 q_grad=0.001748
epoch=35 loss_total=0.723095 loss_rec=0.514193 valid_auc=0.696987 valid_rmse=0.478138 q_change=15 q_delta=0.331305 q_grad=0.001747
epoch=36 loss_total=0.715165 loss_rec=0.506190 valid_auc=0.695670 valid_rmse=0.479167 q_change=16 q_delta=0.333518 q_grad=0.001778
epoch=37 loss_total=0.712101 loss_rec=0.503081 valid_auc=0.694152 valid_rmse=0.481546 q_change=15 q_delta=0.335916 q_grad=0.001762
epoch=38 loss_total=0.705243 loss_rec=0.496232 valid_auc=0.695145 valid_rmse=0.481521 q_change=16 q_delta=0.338214 q_grad=0.001791
epoch=39 loss_total=0.706619 loss_rec=0.497592 valid_auc=0.695223 valid_rmse=0.480374 q_change=16 q_delta=0.340443 q_grad=0.001766
epoch=40 loss_total=0.703952 loss_rec=0.494895 valid_auc=0.694598 valid_rmse=0.481361 q_change=16 q_delta=0.342537 q_grad=0.001782
epoch=41 loss_total=0.698384 loss_rec=0.489326 valid_auc=0.694654 valid_rmse=0.483954 q_change=18 q_delta=0.344676 q_grad=0.001754
epoch=42 loss_total=0.702112 loss_rec=0.493052 valid_auc=0.694118 valid_rmse=0.482032 q_change=19 q_delta=0.346781 q_grad=0.001867
epoch=43 loss_total=0.696180 loss_rec=0.487120 valid_auc=0.696127 valid_rmse=0.482617 q_change=19 q_delta=0.348588 q_grad=0.001822
epoch=44 loss_total=0.692632 loss_rec=0.483554 valid_auc=0.695882 valid_rmse=0.481490 q_change=19 q_delta=0.350476 q_grad=0.001809
epoch=45 loss_total=0.690486 loss_rec=0.481415 valid_auc=0.694810 valid_rmse=0.485629 q_change=19 q_delta=0.352170 q_grad=0.001804
epoch=46 loss_total=0.689755 loss_rec=0.480650 valid_auc=0.698817 valid_rmse=0.481257 q_change=19 q_delta=0.353941 q_grad=0.001836
epoch=47 loss_total=0.687277 loss_rec=0.478171 valid_auc=0.696429 valid_rmse=0.484064 q_change=19 q_delta=0.355550 q_grad=0.001789
epoch=48 loss_total=0.687550 loss_rec=0.478468 valid_auc=0.697299 valid_rmse=0.482163 q_change=19 q_delta=0.356943 q_grad=0.001848
epoch=49 loss_total=0.680693 loss_rec=0.471606 valid_auc=0.696507 valid_rmse=0.481611 q_change=19 q_delta=0.358310 q_grad=0.001800
epoch=50 loss_total=0.677973 loss_rec=0.468876 valid_auc=0.696585 valid_rmse=0.485657 q_change=19 q_delta=0.359866 q_grad=0.001806
epoch=51 loss_total=0.678400 loss_rec=0.469322 valid_auc=0.697556 valid_rmse=0.485118 q_change=19 q_delta=0.360956 q_grad=0.001867
epoch=52 loss_total=0.678758 loss_rec=0.469692 valid_auc=0.695625 valid_rmse=0.484283 q_change=19 q_delta=0.362338 q_grad=0.001852
epoch=53 loss_total=0.681190 loss_rec=0.472131 valid_auc=0.695100 valid_rmse=0.483892 q_change=20 q_delta=0.363393 q_grad=0.001828
epoch=54 loss_total=0.675282 loss_rec=0.466219 valid_auc=0.693627 valid_rmse=0.485160 q_change=20 q_delta=0.364626 q_grad=0.001885
epoch=55 loss_total=0.670613 loss_rec=0.461561 valid_auc=0.699810 valid_rmse=0.481310 q_change=20 q_delta=0.365499 q_grad=0.001818
epoch=56 loss_total=0.668456 loss_rec=0.459412 valid_auc=0.696440 valid_rmse=0.484680 q_change=20 q_delta=0.366520 q_grad=0.001794
epoch=57 loss_total=0.670549 loss_rec=0.461491 valid_auc=0.694967 valid_rmse=0.485891 q_change=20 q_delta=0.367582 q_grad=0.001933
epoch=58 loss_total=0.664174 loss_rec=0.455118 valid_auc=0.696283 valid_rmse=0.485943 q_change=20 q_delta=0.368490 q_grad=0.001846
epoch=59 loss_total=0.661699 loss_rec=0.452669 valid_auc=0.698404 valid_rmse=0.483499 q_change=20 q_delta=0.369328 q_grad=0.001812
epoch=60 loss_total=0.666061 loss_rec=0.457038 valid_auc=0.697946 valid_rmse=0.484779 q_change=20 q_delta=0.370156 q_grad=0.001859
epoch=61 loss_total=0.663568 loss_rec=0.454562 valid_auc=0.695781 valid_rmse=0.483646 q_change=20 q_delta=0.370914 q_grad=0.001883
epoch=62 loss_total=0.659037 loss_rec=0.450038 valid_auc=0.699163 valid_rmse=0.484129 q_change=20 q_delta=0.371728 q_grad=0.001791
epoch=63 loss_total=0.659666 loss_rec=0.450673 valid_auc=0.696864 valid_rmse=0.485345 q_change=20 q_delta=0.372407 q_grad=0.001868
epoch=64 loss_total=0.660806 loss_rec=0.451817 valid_auc=0.698181 valid_rmse=0.486838 q_change=20 q_delta=0.373043 q_grad=0.001869
epoch=65 loss_total=0.658022 loss_rec=0.449056 valid_auc=0.695815 valid_rmse=0.485602 q_change=20 q_delta=0.374009 q_grad=0.001787
epoch=66 loss_total=0.657060 loss_rec=0.448111 valid_auc=0.695167 valid_rmse=0.486176 q_change=20 q_delta=0.374620 q_grad=0.001887
epoch=67 loss_total=0.658166 loss_rec=0.449232 valid_auc=0.695971 valid_rmse=0.485923 q_change=20 q_delta=0.375243 q_grad=0.001859
epoch=68 loss_total=0.652136 loss_rec=0.443213 valid_auc=0.697467 valid_rmse=0.486539 q_change=20 q_delta=0.375875 q_grad=0.001861
epoch=69 loss_total=0.651533 loss_rec=0.442624 valid_auc=0.696440 valid_rmse=0.491392 q_change=20 q_delta=0.376409 q_grad=0.001849
epoch=70 loss_total=0.647303 loss_rec=0.438386 valid_auc=0.696429 valid_rmse=0.485350 q_change=20 q_delta=0.377090 q_grad=0.001873
epoch=71 loss_total=0.647370 loss_rec=0.438498 valid_auc=0.698783 valid_rmse=0.485083 q_change=20 q_delta=0.377642 q_grad=0.001824
epoch=72 loss_total=0.649822 loss_rec=0.440959 valid_auc=0.696194 valid_rmse=0.486700 q_change=20 q_delta=0.378286 q_grad=0.001895
epoch=73 loss_total=0.644261 loss_rec=0.435402 valid_auc=0.694554 valid_rmse=0.488419 q_change=20 q_delta=0.378977 q_grad=0.001917
epoch=74 loss_total=0.649354 loss_rec=0.440522 valid_auc=0.694911 valid_rmse=0.487420 q_change=21 q_delta=0.379511 q_grad=0.001842
epoch=75 loss_total=0.647129 loss_rec=0.438307 valid_auc=0.694241 valid_rmse=0.491809 q_change=22 q_delta=0.380011 q_grad=0.001891
Early stopping at epoch 75; best_epoch=55.
Saved run to C:\Users\YAN_SHU_YU\Desktop\Generative-CD\Q_GNCDM\results\weak_q_lambda_sweep\lq_0p9_ls_0p2_lb_0p6\seed_2026\noise_0.20\weak-q_lq_0p9_ls_0p2_lb_0p6
Final metrics: q_hat_f1=0.752688 response_auc=0.684787 mastery_pearson=0.572715
