run=weak-q_lq_0p5_ls_0p7_lb_0p8 mode=weak-q noise=0.20 train=4200 valid=600 test=1200
epoch=1 loss_total=1.225233 loss_rec=0.725668 valid_auc=0.587567 valid_rmse=0.499760 q_change=57 q_delta=0.079967 q_grad=0.000766
epoch=2 loss_total=1.144964 loss_rec=0.706043 valid_auc=0.593348 valid_rmse=0.499370 q_change=57 q_delta=0.153232 q_grad=0.000741
epoch=3 loss_total=1.082904 loss_rec=0.700398 valid_auc=0.604174 valid_rmse=0.498728 q_change=57 q_delta=0.215890 q_grad=0.000693
epoch=4 loss_total=1.028088 loss_rec=0.694690 valid_auc=0.620385 valid_rmse=0.498324 q_change=57 q_delta=0.266703 q_grad=0.000624
epoch=5 loss_total=0.988630 loss_rec=0.695348 valid_auc=0.640223 valid_rmse=0.496958 q_change=57 q_delta=0.306124 q_grad=0.000545
epoch=6 loss_total=0.953673 loss_rec=0.692098 valid_auc=0.655692 valid_rmse=0.496808 q_change=57 q_delta=0.336064 q_grad=0.000472
epoch=7 loss_total=0.924293 loss_rec=0.687270 valid_auc=0.657093 valid_rmse=0.496193 q_change=57 q_delta=0.358724 q_grad=0.000412
epoch=8 loss_total=0.902995 loss_rec=0.684669 valid_auc=0.651194 valid_rmse=0.494825 q_change=57 q_delta=0.375505 q_grad=0.000367
epoch=9 loss_total=0.884833 loss_rec=0.680451 valid_auc=0.653203 valid_rmse=0.490467 q_change=57 q_delta=0.388012 q_grad=0.000368
epoch=10 loss_total=0.871386 loss_rec=0.677478 valid_auc=0.656083 valid_rmse=0.488012 q_change=57 q_delta=0.396911 q_grad=0.000393
epoch=11 loss_total=0.857163 loss_rec=0.670667 valid_auc=0.654933 valid_rmse=0.484956 q_change=57 q_delta=0.403778 q_grad=0.000472
epoch=12 loss_total=0.839862 loss_rec=0.659651 valid_auc=0.657042 valid_rmse=0.485084 q_change=57 q_delta=0.409578 q_grad=0.000552
epoch=13 loss_total=0.831711 loss_rec=0.657021 valid_auc=0.658549 valid_rmse=0.481287 q_change=57 q_delta=0.414686 q_grad=0.000576
epoch=14 loss_total=0.825539 loss_rec=0.655275 valid_auc=0.662132 valid_rmse=0.482470 q_change=57 q_delta=0.418712 q_grad=0.000641
epoch=15 loss_total=0.820742 loss_rec=0.654345 valid_auc=0.659855 valid_rmse=0.480911 q_change=57 q_delta=0.422458 q_grad=0.000673
epoch=16 loss_total=0.817652 loss_rec=0.654443 valid_auc=0.660536 valid_rmse=0.481010 q_change=57 q_delta=0.425418 q_grad=0.000735
epoch=17 loss_total=0.815218 loss_rec=0.654915 valid_auc=0.662187 valid_rmse=0.481672 q_change=57 q_delta=0.428041 q_grad=0.000709
epoch=18 loss_total=0.808000 loss_rec=0.650182 valid_auc=0.663862 valid_rmse=0.481096 q_change=57 q_delta=0.430420 q_grad=0.000723
epoch=19 loss_total=0.804237 loss_rec=0.648598 valid_auc=0.663092 valid_rmse=0.480960 q_change=57 q_delta=0.432442 q_grad=0.000762
epoch=20 loss_total=0.803005 loss_rec=0.649229 valid_auc=0.667321 valid_rmse=0.479564 q_change=57 q_delta=0.434350 q_grad=0.000825
epoch=21 loss_total=0.798799 loss_rec=0.646819 valid_auc=0.666295 valid_rmse=0.480487 q_change=57 q_delta=0.435832 q_grad=0.000780
epoch=22 loss_total=0.798190 loss_rec=0.647676 valid_auc=0.665681 valid_rmse=0.479458 q_change=57 q_delta=0.437281 q_grad=0.000839
epoch=23 loss_total=0.794087 loss_rec=0.644953 valid_auc=0.664777 valid_rmse=0.479373 q_change=57 q_delta=0.438660 q_grad=0.000841
epoch=24 loss_total=0.789832 loss_rec=0.641999 valid_auc=0.665893 valid_rmse=0.479873 q_change=57 q_delta=0.439792 q_grad=0.000868
epoch=25 loss_total=0.791960 loss_rec=0.645194 valid_auc=0.665212 valid_rmse=0.479290 q_change=57 q_delta=0.440795 q_grad=0.000934
epoch=26 loss_total=0.789451 loss_rec=0.643691 valid_auc=0.664989 valid_rmse=0.479716 q_change=57 q_delta=0.441734 q_grad=0.000942
epoch=27 loss_total=0.787567 loss_rec=0.642666 valid_auc=0.666786 valid_rmse=0.479178 q_change=57 q_delta=0.442578 q_grad=0.000942
epoch=28 loss_total=0.787899 loss_rec=0.643833 valid_auc=0.667868 valid_rmse=0.478713 q_change=57 q_delta=0.443370 q_grad=0.000977
epoch=29 loss_total=0.785433 loss_rec=0.642118 valid_auc=0.668650 valid_rmse=0.478552 q_change=57 q_delta=0.444080 q_grad=0.001020
epoch=30 loss_total=0.786307 loss_rec=0.643671 valid_auc=0.670234 valid_rmse=0.479038 q_change=57 q_delta=0.444653 q_grad=0.001018
epoch=31 loss_total=0.782628 loss_rec=0.640549 valid_auc=0.668627 valid_rmse=0.478098 q_change=57 q_delta=0.445305 q_grad=0.001041
epoch=32 loss_total=0.784452 loss_rec=0.642960 valid_auc=0.670067 valid_rmse=0.478645 q_change=57 q_delta=0.445766 q_grad=0.001085
epoch=33 loss_total=0.783207 loss_rec=0.642153 valid_auc=0.669286 valid_rmse=0.477527 q_change=57 q_delta=0.446399 q_grad=0.001079
epoch=34 loss_total=0.782299 loss_rec=0.641778 valid_auc=0.668605 valid_rmse=0.477280 q_change=57 q_delta=0.446783 q_grad=0.001105
epoch=35 loss_total=0.783959 loss_rec=0.643866 valid_auc=0.669208 valid_rmse=0.476941 q_change=57 q_delta=0.447179 q_grad=0.001101
epoch=36 loss_total=0.780446 loss_rec=0.640731 valid_auc=0.670145 valid_rmse=0.478165 q_change=57 q_delta=0.447478 q_grad=0.001145
epoch=37 loss_total=0.776413 loss_rec=0.637066 valid_auc=0.671484 valid_rmse=0.477189 q_change=57 q_delta=0.447842 q_grad=0.001172
epoch=38 loss_total=0.775121 loss_rec=0.636086 valid_auc=0.672210 valid_rmse=0.478140 q_change=57 q_delta=0.448131 q_grad=0.001259
epoch=39 loss_total=0.778467 loss_rec=0.639762 valid_auc=0.672132 valid_rmse=0.476509 q_change=57 q_delta=0.448553 q_grad=0.001243
epoch=40 loss_total=0.775170 loss_rec=0.636799 valid_auc=0.672533 valid_rmse=0.476802 q_change=57 q_delta=0.448795 q_grad=0.001288
epoch=41 loss_total=0.771610 loss_rec=0.633509 valid_auc=0.674308 valid_rmse=0.476731 q_change=57 q_delta=0.449020 q_grad=0.001301
epoch=42 loss_total=0.776090 loss_rec=0.638214 valid_auc=0.671339 valid_rmse=0.477141 q_change=57 q_delta=0.449271 q_grad=0.001355
epoch=43 loss_total=0.772796 loss_rec=0.635119 valid_auc=0.672221 valid_rmse=0.476767 q_change=57 q_delta=0.449442 q_grad=0.001332
epoch=44 loss_total=0.773337 loss_rec=0.635861 valid_auc=0.672511 valid_rmse=0.477044 q_change=57 q_delta=0.449651 q_grad=0.001395
epoch=45 loss_total=0.770996 loss_rec=0.633716 valid_auc=0.674643 valid_rmse=0.478004 q_change=57 q_delta=0.449761 q_grad=0.001440
epoch=46 loss_total=0.773033 loss_rec=0.635879 valid_auc=0.676027 valid_rmse=0.475476 q_change=57 q_delta=0.449971 q_grad=0.001439
epoch=47 loss_total=0.770445 loss_rec=0.633452 valid_auc=0.677277 valid_rmse=0.475931 q_change=57 q_delta=0.450049 q_grad=0.001471
epoch=48 loss_total=0.771975 loss_rec=0.635095 valid_auc=0.678839 valid_rmse=0.474881 q_change=57 q_delta=0.450188 q_grad=0.001496
epoch=49 loss_total=0.769821 loss_rec=0.632997 valid_auc=0.679252 valid_rmse=0.475037 q_change=57 q_delta=0.450267 q_grad=0.001541
epoch=50 loss_total=0.766420 loss_rec=0.629702 valid_auc=0.677578 valid_rmse=0.475226 q_change=57 q_delta=0.450329 q_grad=0.001497
epoch=51 loss_total=0.767449 loss_rec=0.630785 valid_auc=0.678850 valid_rmse=0.477051 q_change=57 q_delta=0.450301 q_grad=0.001642
epoch=52 loss_total=0.768445 loss_rec=0.631818 valid_auc=0.679230 valid_rmse=0.475184 q_change=57 q_delta=0.450393 q_grad=0.001668
epoch=53 loss_total=0.769984 loss_rec=0.633417 valid_auc=0.680145 valid_rmse=0.474882 q_change=57 q_delta=0.450437 q_grad=0.001658
epoch=54 loss_total=0.762172 loss_rec=0.625611 valid_auc=0.679788 valid_rmse=0.475814 q_change=57 q_delta=0.450363 q_grad=0.001667
epoch=55 loss_total=0.763003 loss_rec=0.626404 valid_auc=0.682935 valid_rmse=0.474208 q_change=57 q_delta=0.450360 q_grad=0.001710
epoch=56 loss_total=0.764343 loss_rec=0.627736 valid_auc=0.681518 valid_rmse=0.474194 q_change=57 q_delta=0.450337 q_grad=0.001791
epoch=57 loss_total=0.763647 loss_rec=0.626986 valid_auc=0.681842 valid_rmse=0.476703 q_change=57 q_delta=0.450176 q_grad=0.001830
epoch=58 loss_total=0.759857 loss_rec=0.623088 valid_auc=0.682467 valid_rmse=0.475757 q_change=57 q_delta=0.450091 q_grad=0.001815
epoch=59 loss_total=0.760604 loss_rec=0.623787 valid_auc=0.682913 valid_rmse=0.473915 q_change=57 q_delta=0.449999 q_grad=0.001854
epoch=60 loss_total=0.759726 loss_rec=0.622778 valid_auc=0.686328 valid_rmse=0.473675 q_change=57 q_delta=0.449737 q_grad=0.001881
epoch=61 loss_total=0.759420 loss_rec=0.622206 valid_auc=0.684955 valid_rmse=0.474219 q_change=57 q_delta=0.449448 q_grad=0.001918
epoch=62 loss_total=0.758312 loss_rec=0.620924 valid_auc=0.685379 valid_rmse=0.473042 q_change=57 q_delta=0.449209 q_grad=0.001878
epoch=63 loss_total=0.759030 loss_rec=0.621403 valid_auc=0.685670 valid_rmse=0.473429 q_change=57 q_delta=0.448776 q_grad=0.001862
epoch=64 loss_total=0.760615 loss_rec=0.622794 valid_auc=0.688248 valid_rmse=0.475149 q_change=56 q_delta=0.448564 q_grad=0.001947
epoch=65 loss_total=0.754036 loss_rec=0.615988 valid_auc=0.687857 valid_rmse=0.472276 q_change=56 q_delta=0.448890 q_grad=0.001842
epoch=66 loss_total=0.755046 loss_rec=0.616872 valid_auc=0.690592 valid_rmse=0.472509 q_change=56 q_delta=0.449035 q_grad=0.001947
epoch=67 loss_total=0.756427 loss_rec=0.618158 valid_auc=0.686362 valid_rmse=0.474084 q_change=56 q_delta=0.449244 q_grad=0.001915
epoch=68 loss_total=0.752553 loss_rec=0.614244 valid_auc=0.690078 valid_rmse=0.473422 q_change=56 q_delta=0.449360 q_grad=0.001932
epoch=69 loss_total=0.748969 loss_rec=0.610612 valid_auc=0.692556 valid_rmse=0.478450 q_change=56 q_delta=0.449376 q_grad=0.001982
epoch=70 loss_total=0.749845 loss_rec=0.611469 valid_auc=0.689498 valid_rmse=0.472046 q_change=56 q_delta=0.449601 q_grad=0.001977
epoch=71 loss_total=0.751091 loss_rec=0.612785 valid_auc=0.690234 valid_rmse=0.472011 q_change=56 q_delta=0.449721 q_grad=0.001968
epoch=72 loss_total=0.750314 loss_rec=0.611988 valid_auc=0.689632 valid_rmse=0.472817 q_change=56 q_delta=0.449757 q_grad=0.001995
epoch=73 loss_total=0.748227 loss_rec=0.609954 valid_auc=0.686752 valid_rmse=0.472860 q_change=56 q_delta=0.449924 q_grad=0.002030
epoch=74 loss_total=0.751087 loss_rec=0.612857 valid_auc=0.688862 valid_rmse=0.472923 q_change=56 q_delta=0.449946 q_grad=0.001987
epoch=75 loss_total=0.749701 loss_rec=0.611489 valid_auc=0.689152 valid_rmse=0.477374 q_change=56 q_delta=0.449901 q_grad=0.001965
epoch=76 loss_total=0.750111 loss_rec=0.611859 valid_auc=0.687076 valid_rmse=0.472653 q_change=56 q_delta=0.450011 q_grad=0.001954
epoch=77 loss_total=0.744067 loss_rec=0.605830 valid_auc=0.688315 valid_rmse=0.475794 q_change=55 q_delta=0.449938 q_grad=0.001937
epoch=78 loss_total=0.746068 loss_rec=0.607868 valid_auc=0.689185 valid_rmse=0.473579 q_change=55 q_delta=0.449988 q_grad=0.002070
epoch=79 loss_total=0.745842 loss_rec=0.607656 valid_auc=0.688717 valid_rmse=0.473096 q_change=55 q_delta=0.450079 q_grad=0.002147
epoch=80 loss_total=0.745189 loss_rec=0.607015 valid_auc=0.689219 valid_rmse=0.472153 q_change=55 q_delta=0.450038 q_grad=0.002045
epoch=81 loss_total=0.742274 loss_rec=0.604028 valid_auc=0.690446 valid_rmse=0.473117 q_change=55 q_delta=0.449919 q_grad=0.002110
epoch=82 loss_total=0.742440 loss_rec=0.604194 valid_auc=0.690190 valid_rmse=0.473089 q_change=55 q_delta=0.449951 q_grad=0.002114
epoch=83 loss_total=0.740611 loss_rec=0.602338 valid_auc=0.690625 valid_rmse=0.475636 q_change=55 q_delta=0.449870 q_grad=0.002087
epoch=84 loss_total=0.741429 loss_rec=0.603066 valid_auc=0.692400 valid_rmse=0.472535 q_change=55 q_delta=0.449909 q_grad=0.002126
epoch=85 loss_total=0.741583 loss_rec=0.603163 valid_auc=0.691116 valid_rmse=0.475570 q_change=55 q_delta=0.449792 q_grad=0.002160
epoch=86 loss_total=0.743964 loss_rec=0.605522 valid_auc=0.691674 valid_rmse=0.473101 q_change=54 q_delta=0.449775 q_grad=0.002138
epoch=87 loss_total=0.738638 loss_rec=0.600128 valid_auc=0.691484 valid_rmse=0.472628 q_change=54 q_delta=0.449866 q_grad=0.002089
epoch=88 loss_total=0.733053 loss_rec=0.594501 valid_auc=0.690402 valid_rmse=0.473549 q_change=54 q_delta=0.450167 q_grad=0.002134
epoch=89 loss_total=0.734516 loss_rec=0.595927 valid_auc=0.692545 valid_rmse=0.477584 q_change=54 q_delta=0.450475 q_grad=0.002164
Early stopping at epoch 89; best_epoch=69.
Saved run to C:\Users\YAN_SHU_YU\Desktop\Generative-CD\Q_GNCDM\results\weak_q_lambda_sweep\lq_0p5_ls_0p7_lb_0p8\seed_2026\noise_0.20\weak-q_lq_0p5_ls_0p7_lb_0p8
Final metrics: q_hat_f1=0.035088 response_auc=0.683834 mastery_pearson=0.278365
