run=weak-q_lq_0p5_ls_0p9_lb_0p2 mode=weak-q noise=0.20 train=4200 valid=600 test=1200
epoch=1 loss_total=1.166298 loss_rec=0.725663 valid_auc=0.587444 valid_rmse=0.499758 q_change=57 q_delta=0.078794 q_grad=0.000890
epoch=2 loss_total=1.082333 loss_rec=0.705950 valid_auc=0.593092 valid_rmse=0.499340 q_change=57 q_delta=0.147696 q_grad=0.000776
epoch=3 loss_total=1.024620 loss_rec=0.700098 valid_auc=0.603828 valid_rmse=0.498615 q_change=57 q_delta=0.204754 q_grad=0.000665
epoch=4 loss_total=0.977942 loss_rec=0.693988 valid_auc=0.619821 valid_rmse=0.498014 q_change=57 q_delta=0.250620 q_grad=0.000564
epoch=5 loss_total=0.947097 loss_rec=0.693977 valid_auc=0.640022 valid_rmse=0.496263 q_change=57 q_delta=0.286447 q_grad=0.000477
epoch=6 loss_total=0.919188 loss_rec=0.689328 valid_auc=0.656083 valid_rmse=0.495286 q_change=57 q_delta=0.313919 q_grad=0.000413
epoch=7 loss_total=0.893912 loss_rec=0.681377 valid_auc=0.657567 valid_rmse=0.492911 q_change=57 q_delta=0.334597 q_grad=0.000382
epoch=8 loss_total=0.873216 loss_rec=0.673064 valid_auc=0.653694 valid_rmse=0.488594 q_change=57 q_delta=0.349082 q_grad=0.000412
epoch=9 loss_total=0.853626 loss_rec=0.662056 valid_auc=0.659922 valid_rmse=0.481954 q_change=57 q_delta=0.359879 q_grad=0.000528
epoch=10 loss_total=0.844438 loss_rec=0.659677 valid_auc=0.661964 valid_rmse=0.481051 q_change=57 q_delta=0.368515 q_grad=0.000627
epoch=11 loss_total=0.835510 loss_rec=0.655971 valid_auc=0.663393 valid_rmse=0.479981 q_change=57 q_delta=0.375941 q_grad=0.000739
epoch=12 loss_total=0.821753 loss_rec=0.646883 valid_auc=0.667600 valid_rmse=0.480576 q_change=57 q_delta=0.381924 q_grad=0.000811
epoch=13 loss_total=0.815807 loss_rec=0.644794 valid_auc=0.670145 valid_rmse=0.477305 q_change=57 q_delta=0.387100 q_grad=0.000840
epoch=14 loss_total=0.812019 loss_rec=0.643965 valid_auc=0.670547 valid_rmse=0.478663 q_change=57 q_delta=0.390936 q_grad=0.000942
epoch=15 loss_total=0.807630 loss_rec=0.642109 valid_auc=0.670413 valid_rmse=0.476821 q_change=57 q_delta=0.394623 q_grad=0.001015
epoch=16 loss_total=0.806384 loss_rec=0.642936 valid_auc=0.673850 valid_rmse=0.476658 q_change=57 q_delta=0.397385 q_grad=0.001129
epoch=17 loss_total=0.803308 loss_rec=0.641739 valid_auc=0.675368 valid_rmse=0.476979 q_change=57 q_delta=0.399826 q_grad=0.001114
epoch=18 loss_total=0.796254 loss_rec=0.636186 valid_auc=0.677366 valid_rmse=0.475756 q_change=57 q_delta=0.402042 q_grad=0.001171
epoch=19 loss_total=0.793602 loss_rec=0.634958 valid_auc=0.677779 valid_rmse=0.476174 q_change=57 q_delta=0.403919 q_grad=0.001273
epoch=20 loss_total=0.791892 loss_rec=0.634356 valid_auc=0.681161 valid_rmse=0.474400 q_change=57 q_delta=0.405654 q_grad=0.001383
epoch=21 loss_total=0.787592 loss_rec=0.631115 valid_auc=0.681217 valid_rmse=0.475818 q_change=57 q_delta=0.406803 q_grad=0.001344
epoch=22 loss_total=0.786179 loss_rec=0.630479 valid_auc=0.682087 valid_rmse=0.474327 q_change=57 q_delta=0.407890 q_grad=0.001480
epoch=23 loss_total=0.782647 loss_rec=0.627664 valid_auc=0.681931 valid_rmse=0.473925 q_change=57 q_delta=0.409071 q_grad=0.001500
epoch=24 loss_total=0.777931 loss_rec=0.623606 valid_auc=0.680525 valid_rmse=0.474345 q_change=57 q_delta=0.409915 q_grad=0.001556
epoch=25 loss_total=0.780382 loss_rec=0.626589 valid_auc=0.681429 valid_rmse=0.474180 q_change=57 q_delta=0.410490 q_grad=0.001704
epoch=26 loss_total=0.777528 loss_rec=0.624156 valid_auc=0.681819 valid_rmse=0.475237 q_change=57 q_delta=0.411077 q_grad=0.001705
epoch=27 loss_total=0.774486 loss_rec=0.621364 valid_auc=0.685681 valid_rmse=0.475139 q_change=57 q_delta=0.411356 q_grad=0.001708
epoch=28 loss_total=0.776648 loss_rec=0.623802 valid_auc=0.684219 valid_rmse=0.474144 q_change=57 q_delta=0.411922 q_grad=0.001800
epoch=29 loss_total=0.771769 loss_rec=0.619121 valid_auc=0.686897 valid_rmse=0.473549 q_change=56 q_delta=0.412225 q_grad=0.001850
epoch=30 loss_total=0.772013 loss_rec=0.619535 valid_auc=0.687299 valid_rmse=0.473528 q_change=56 q_delta=0.412806 q_grad=0.001817
epoch=31 loss_total=0.768165 loss_rec=0.615670 valid_auc=0.688605 valid_rmse=0.473615 q_change=56 q_delta=0.413566 q_grad=0.001857
epoch=32 loss_total=0.770157 loss_rec=0.617822 valid_auc=0.690413 valid_rmse=0.474086 q_change=56 q_delta=0.414159 q_grad=0.001913
epoch=33 loss_total=0.768566 loss_rec=0.616327 valid_auc=0.687489 valid_rmse=0.472357 q_change=56 q_delta=0.414980 q_grad=0.001881
epoch=34 loss_total=0.767417 loss_rec=0.615358 valid_auc=0.688136 valid_rmse=0.472226 q_change=56 q_delta=0.415482 q_grad=0.001883
epoch=35 loss_total=0.768150 loss_rec=0.616243 valid_auc=0.691272 valid_rmse=0.471364 q_change=56 q_delta=0.415936 q_grad=0.001858
epoch=36 loss_total=0.764598 loss_rec=0.612657 valid_auc=0.694007 valid_rmse=0.472052 q_change=56 q_delta=0.416025 q_grad=0.001909
epoch=37 loss_total=0.758915 loss_rec=0.607006 valid_auc=0.693449 valid_rmse=0.471847 q_change=56 q_delta=0.416384 q_grad=0.001909
epoch=38 loss_total=0.758284 loss_rec=0.606539 valid_auc=0.692500 valid_rmse=0.474103 q_change=56 q_delta=0.416700 q_grad=0.002015
epoch=39 loss_total=0.760864 loss_rec=0.609186 valid_auc=0.693136 valid_rmse=0.471074 q_change=55 q_delta=0.417131 q_grad=0.001943
epoch=40 loss_total=0.756476 loss_rec=0.604868 valid_auc=0.693661 valid_rmse=0.471165 q_change=55 q_delta=0.417396 q_grad=0.001975
epoch=41 loss_total=0.752591 loss_rec=0.601075 valid_auc=0.695379 valid_rmse=0.471576 q_change=55 q_delta=0.418016 q_grad=0.001970
epoch=42 loss_total=0.756571 loss_rec=0.605081 valid_auc=0.692020 valid_rmse=0.471613 q_change=55 q_delta=0.418670 q_grad=0.002051
epoch=43 loss_total=0.751859 loss_rec=0.600329 valid_auc=0.693404 valid_rmse=0.471663 q_change=55 q_delta=0.419084 q_grad=0.001989
epoch=44 loss_total=0.753210 loss_rec=0.601823 valid_auc=0.693259 valid_rmse=0.471998 q_change=55 q_delta=0.419733 q_grad=0.002045
epoch=45 loss_total=0.749460 loss_rec=0.598218 valid_auc=0.693973 valid_rmse=0.474819 q_change=55 q_delta=0.420161 q_grad=0.002074
epoch=46 loss_total=0.750566 loss_rec=0.599366 valid_auc=0.695167 valid_rmse=0.470348 q_change=55 q_delta=0.420795 q_grad=0.002026
epoch=47 loss_total=0.747979 loss_rec=0.596946 valid_auc=0.696518 valid_rmse=0.471327 q_change=55 q_delta=0.421284 q_grad=0.002049
epoch=48 loss_total=0.747129 loss_rec=0.596170 valid_auc=0.694643 valid_rmse=0.470826 q_change=54 q_delta=0.421696 q_grad=0.002102
epoch=49 loss_total=0.744931 loss_rec=0.594043 valid_auc=0.695379 valid_rmse=0.470989 q_change=54 q_delta=0.422048 q_grad=0.002134
epoch=50 loss_total=0.740891 loss_rec=0.590063 valid_auc=0.693036 valid_rmse=0.471921 q_change=54 q_delta=0.422369 q_grad=0.002042
epoch=51 loss_total=0.741330 loss_rec=0.590613 valid_auc=0.694877 valid_rmse=0.473531 q_change=54 q_delta=0.422590 q_grad=0.002176
epoch=52 loss_total=0.742839 loss_rec=0.592190 valid_auc=0.693058 valid_rmse=0.471838 q_change=54 q_delta=0.422966 q_grad=0.002178
epoch=53 loss_total=0.743930 loss_rec=0.593289 valid_auc=0.694833 valid_rmse=0.471495 q_change=54 q_delta=0.423190 q_grad=0.002188
epoch=54 loss_total=0.735655 loss_rec=0.585026 valid_auc=0.692723 valid_rmse=0.473122 q_change=54 q_delta=0.423307 q_grad=0.002158
epoch=55 loss_total=0.734587 loss_rec=0.584006 valid_auc=0.696049 valid_rmse=0.471404 q_change=54 q_delta=0.423465 q_grad=0.002209
epoch=56 loss_total=0.735699 loss_rec=0.585054 valid_auc=0.693192 valid_rmse=0.472015 q_change=54 q_delta=0.423536 q_grad=0.002239
epoch=57 loss_total=0.733015 loss_rec=0.582283 valid_auc=0.693828 valid_rmse=0.474813 q_change=54 q_delta=0.423430 q_grad=0.002335
epoch=58 loss_total=0.728764 loss_rec=0.577850 valid_auc=0.690915 valid_rmse=0.475862 q_change=53 q_delta=0.423389 q_grad=0.002308
epoch=59 loss_total=0.728245 loss_rec=0.577309 valid_auc=0.690469 valid_rmse=0.472948 q_change=53 q_delta=0.423517 q_grad=0.002298
epoch=60 loss_total=0.726418 loss_rec=0.575310 valid_auc=0.691462 valid_rmse=0.474775 q_change=53 q_delta=0.423796 q_grad=0.002338
epoch=61 loss_total=0.723919 loss_rec=0.572562 valid_auc=0.690703 valid_rmse=0.474312 q_change=52 q_delta=0.424183 q_grad=0.002412
epoch=62 loss_total=0.719590 loss_rec=0.568084 valid_auc=0.690971 valid_rmse=0.473971 q_change=52 q_delta=0.424820 q_grad=0.002381
epoch=63 loss_total=0.719238 loss_rec=0.567522 valid_auc=0.688036 valid_rmse=0.474876 q_change=51 q_delta=0.425397 q_grad=0.002434
epoch=64 loss_total=0.720790 loss_rec=0.568983 valid_auc=0.693371 valid_rmse=0.477514 q_change=51 q_delta=0.425841 q_grad=0.002488
epoch=65 loss_total=0.713968 loss_rec=0.562020 valid_auc=0.689922 valid_rmse=0.474161 q_change=51 q_delta=0.426584 q_grad=0.002383
epoch=66 loss_total=0.713874 loss_rec=0.561856 valid_auc=0.689397 valid_rmse=0.475312 q_change=51 q_delta=0.427048 q_grad=0.002577
epoch=67 loss_total=0.714747 loss_rec=0.562629 valid_auc=0.688214 valid_rmse=0.476587 q_change=51 q_delta=0.427435 q_grad=0.002584
Early stopping at epoch 67; best_epoch=47.
Saved run to C:\Users\YAN_SHU_YU\Desktop\Generative-CD\Q_GNCDM\results\weak_q_lambda_sweep\lq_0p5_ls_0p9_lb_0p2\seed_2026\noise_0.20\weak-q_lq_0p5_ls_0p9_lb_0p2
Final metrics: q_hat_f1=0.068966 response_auc=0.688075 mastery_pearson=0.333754
