run=weak-q_lq_0p1_ls_0p3_lb_0p7 mode=weak-q noise=0.20 train=4200 valid=600 test=1200
epoch=1 loss_total=1.026396 loss_rec=0.725666 valid_auc=0.587991 valid_rmse=0.499754 q_change=57 q_delta=0.080850 q_grad=0.000379
epoch=2 loss_total=0.972347 loss_rec=0.706087 valid_auc=0.595837 valid_rmse=0.499352 q_change=57 q_delta=0.158971 q_grad=0.000427
epoch=3 loss_total=0.928519 loss_rec=0.700541 valid_auc=0.610134 valid_rmse=0.498717 q_change=57 q_delta=0.227293 q_grad=0.000446
epoch=4 loss_total=0.885857 loss_rec=0.695027 valid_auc=0.630011 valid_rmse=0.498389 q_change=57 q_delta=0.282112 q_grad=0.000429
epoch=5 loss_total=0.855034 loss_rec=0.695957 valid_auc=0.649749 valid_rmse=0.497176 q_change=57 q_delta=0.323143 q_grad=0.000390
epoch=6 loss_total=0.826909 loss_rec=0.693153 valid_auc=0.662416 valid_rmse=0.497280 q_change=57 q_delta=0.353011 q_grad=0.000344
epoch=7 loss_total=0.803451 loss_rec=0.689151 valid_auc=0.663147 valid_rmse=0.497094 q_change=57 q_delta=0.374813 q_grad=0.000304
epoch=8 loss_total=0.787554 loss_rec=0.687880 valid_auc=0.656060 valid_rmse=0.496426 q_change=57 q_delta=0.390478 q_grad=0.000272
epoch=9 loss_total=0.774661 loss_rec=0.685745 valid_auc=0.657444 valid_rmse=0.493485 q_change=57 q_delta=0.401889 q_grad=0.000268
epoch=10 loss_total=0.765376 loss_rec=0.684435 valid_auc=0.660045 valid_rmse=0.491713 q_change=57 q_delta=0.409615 q_grad=0.000278
epoch=11 loss_total=0.753357 loss_rec=0.677771 valid_auc=0.658705 valid_rmse=0.487420 q_change=57 q_delta=0.415049 q_grad=0.000330
epoch=12 loss_total=0.736482 loss_rec=0.665052 valid_auc=0.659520 valid_rmse=0.486099 q_change=57 q_delta=0.419273 q_grad=0.000418
epoch=13 loss_total=0.728757 loss_rec=0.660994 valid_auc=0.660703 valid_rmse=0.482355 q_change=57 q_delta=0.423344 q_grad=0.000464
epoch=14 loss_total=0.723113 loss_rec=0.658421 valid_auc=0.660391 valid_rmse=0.483766 q_change=57 q_delta=0.426548 q_grad=0.000531
epoch=15 loss_total=0.719608 loss_rec=0.657595 valid_auc=0.659554 valid_rmse=0.481572 q_change=57 q_delta=0.429609 q_grad=0.000570
epoch=16 loss_total=0.716806 loss_rec=0.657001 valid_auc=0.660826 valid_rmse=0.481361 q_change=57 q_delta=0.431942 q_grad=0.000641
epoch=17 loss_total=0.715223 loss_rec=0.657410 valid_auc=0.661953 valid_rmse=0.482069 q_change=57 q_delta=0.434025 q_grad=0.000619
epoch=18 loss_total=0.708672 loss_rec=0.652570 valid_auc=0.662589 valid_rmse=0.482077 q_change=57 q_delta=0.435922 q_grad=0.000634
epoch=19 loss_total=0.705469 loss_rec=0.650864 valid_auc=0.661116 valid_rmse=0.481524 q_change=57 q_delta=0.437541 q_grad=0.000667
epoch=20 loss_total=0.704833 loss_rec=0.651498 valid_auc=0.663638 valid_rmse=0.480449 q_change=57 q_delta=0.439114 q_grad=0.000724
epoch=21 loss_total=0.701246 loss_rec=0.649166 valid_auc=0.662600 valid_rmse=0.481176 q_change=57 q_delta=0.440295 q_grad=0.000681
epoch=22 loss_total=0.701113 loss_rec=0.650049 valid_auc=0.660971 valid_rmse=0.480397 q_change=57 q_delta=0.441493 q_grad=0.000730
epoch=23 loss_total=0.697667 loss_rec=0.647574 valid_auc=0.660670 valid_rmse=0.480467 q_change=57 q_delta=0.442615 q_grad=0.000733
epoch=24 loss_total=0.693980 loss_rec=0.644802 valid_auc=0.662723 valid_rmse=0.481211 q_change=57 q_delta=0.443537 q_grad=0.000753
epoch=25 loss_total=0.695827 loss_rec=0.647389 valid_auc=0.662121 valid_rmse=0.480446 q_change=57 q_delta=0.444372 q_grad=0.000806
epoch=26 loss_total=0.694075 loss_rec=0.646363 valid_auc=0.661730 valid_rmse=0.480551 q_change=57 q_delta=0.445161 q_grad=0.000819
epoch=27 loss_total=0.692744 loss_rec=0.645639 valid_auc=0.662857 valid_rmse=0.480125 q_change=57 q_delta=0.445876 q_grad=0.000813
epoch=28 loss_total=0.692799 loss_rec=0.646286 valid_auc=0.664051 valid_rmse=0.480210 q_change=57 q_delta=0.446523 q_grad=0.000841
epoch=29 loss_total=0.691014 loss_rec=0.645055 valid_auc=0.664241 valid_rmse=0.479836 q_change=57 q_delta=0.447147 q_grad=0.000875
epoch=30 loss_total=0.691927 loss_rec=0.646460 valid_auc=0.665837 valid_rmse=0.480633 q_change=57 q_delta=0.447607 q_grad=0.000877
epoch=31 loss_total=0.688774 loss_rec=0.643724 valid_auc=0.664442 valid_rmse=0.479585 q_change=57 q_delta=0.448204 q_grad=0.000893
epoch=32 loss_total=0.690415 loss_rec=0.645797 valid_auc=0.665837 valid_rmse=0.479690 q_change=57 q_delta=0.448606 q_grad=0.000929
epoch=33 loss_total=0.689277 loss_rec=0.644978 valid_auc=0.665290 valid_rmse=0.478897 q_change=57 q_delta=0.449166 q_grad=0.000926
epoch=34 loss_total=0.688901 loss_rec=0.645004 valid_auc=0.665240 valid_rmse=0.479061 q_change=57 q_delta=0.449466 q_grad=0.000949
epoch=35 loss_total=0.690447 loss_rec=0.646861 valid_auc=0.665837 valid_rmse=0.478873 q_change=57 q_delta=0.449810 q_grad=0.000944
epoch=36 loss_total=0.687017 loss_rec=0.643717 valid_auc=0.665926 valid_rmse=0.479930 q_change=57 q_delta=0.450059 q_grad=0.000988
epoch=37 loss_total=0.683978 loss_rec=0.640959 valid_auc=0.667109 valid_rmse=0.479023 q_change=57 q_delta=0.450387 q_grad=0.001012
epoch=38 loss_total=0.682620 loss_rec=0.639829 valid_auc=0.666071 valid_rmse=0.479852 q_change=57 q_delta=0.450643 q_grad=0.001091
epoch=39 loss_total=0.685574 loss_rec=0.643036 valid_auc=0.666719 valid_rmse=0.478193 q_change=57 q_delta=0.451045 q_grad=0.001073
epoch=40 loss_total=0.682972 loss_rec=0.640689 valid_auc=0.667645 valid_rmse=0.478656 q_change=57 q_delta=0.451240 q_grad=0.001122
epoch=41 loss_total=0.679383 loss_rec=0.637313 valid_auc=0.669107 valid_rmse=0.478101 q_change=57 q_delta=0.451481 q_grad=0.001127
epoch=42 loss_total=0.683698 loss_rec=0.641805 valid_auc=0.666462 valid_rmse=0.478835 q_change=57 q_delta=0.451690 q_grad=0.001187
epoch=43 loss_total=0.680518 loss_rec=0.638785 valid_auc=0.665837 valid_rmse=0.478367 q_change=57 q_delta=0.451892 q_grad=0.001171
epoch=44 loss_total=0.681247 loss_rec=0.639688 valid_auc=0.666730 valid_rmse=0.478641 q_change=57 q_delta=0.452077 q_grad=0.001234
epoch=45 loss_total=0.678751 loss_rec=0.637346 valid_auc=0.667801 valid_rmse=0.479184 q_change=57 q_delta=0.452190 q_grad=0.001276
epoch=46 loss_total=0.681214 loss_rec=0.639922 valid_auc=0.669453 valid_rmse=0.477325 q_change=57 q_delta=0.452400 q_grad=0.001288
epoch=47 loss_total=0.678915 loss_rec=0.637773 valid_auc=0.669397 valid_rmse=0.477758 q_change=57 q_delta=0.452499 q_grad=0.001328
epoch=48 loss_total=0.680496 loss_rec=0.639465 valid_auc=0.670993 valid_rmse=0.476871 q_change=57 q_delta=0.452661 q_grad=0.001356
epoch=49 loss_total=0.678454 loss_rec=0.637491 valid_auc=0.670804 valid_rmse=0.476997 q_change=57 q_delta=0.452757 q_grad=0.001403
epoch=50 loss_total=0.675479 loss_rec=0.634617 valid_auc=0.669208 valid_rmse=0.477099 q_change=57 q_delta=0.452838 q_grad=0.001364
epoch=51 loss_total=0.676203 loss_rec=0.635405 valid_auc=0.668661 valid_rmse=0.478378 q_change=57 q_delta=0.452853 q_grad=0.001522
epoch=52 loss_total=0.677329 loss_rec=0.636589 valid_auc=0.669911 valid_rmse=0.477290 q_change=57 q_delta=0.452975 q_grad=0.001567
epoch=53 loss_total=0.678384 loss_rec=0.637738 valid_auc=0.670804 valid_rmse=0.477096 q_change=57 q_delta=0.453068 q_grad=0.001564
epoch=54 loss_total=0.671399 loss_rec=0.630788 valid_auc=0.670848 valid_rmse=0.478027 q_change=57 q_delta=0.453057 q_grad=0.001597
epoch=55 loss_total=0.671952 loss_rec=0.631374 valid_auc=0.674085 valid_rmse=0.476426 q_change=57 q_delta=0.453146 q_grad=0.001637
epoch=56 loss_total=0.673081 loss_rec=0.632552 valid_auc=0.673583 valid_rmse=0.476346 q_change=57 q_delta=0.453209 q_grad=0.001748
epoch=57 loss_total=0.672832 loss_rec=0.632349 valid_auc=0.672958 valid_rmse=0.478539 q_change=57 q_delta=0.453171 q_grad=0.001793
epoch=58 loss_total=0.669492 loss_rec=0.629018 valid_auc=0.674007 valid_rmse=0.477881 q_change=57 q_delta=0.453223 q_grad=0.001788
epoch=59 loss_total=0.670210 loss_rec=0.629788 valid_auc=0.675100 valid_rmse=0.476621 q_change=57 q_delta=0.453293 q_grad=0.001866
epoch=60 loss_total=0.670138 loss_rec=0.629754 valid_auc=0.676708 valid_rmse=0.476265 q_change=57 q_delta=0.453302 q_grad=0.001917
epoch=61 loss_total=0.670196 loss_rec=0.629796 valid_auc=0.674989 valid_rmse=0.476691 q_change=57 q_delta=0.453327 q_grad=0.001960
epoch=62 loss_total=0.669198 loss_rec=0.628839 valid_auc=0.675513 valid_rmse=0.476192 q_change=57 q_delta=0.453374 q_grad=0.001930
epoch=63 loss_total=0.670872 loss_rec=0.630536 valid_auc=0.674900 valid_rmse=0.476719 q_change=57 q_delta=0.453356 q_grad=0.001947
epoch=64 loss_total=0.672852 loss_rec=0.632533 valid_auc=0.676116 valid_rmse=0.477287 q_change=57 q_delta=0.453343 q_grad=0.002038
epoch=65 loss_total=0.666870 loss_rec=0.626562 valid_auc=0.674805 valid_rmse=0.476244 q_change=57 q_delta=0.453470 q_grad=0.001956
epoch=66 loss_total=0.668909 loss_rec=0.628632 valid_auc=0.676808 valid_rmse=0.475994 q_change=57 q_delta=0.453444 q_grad=0.002068
epoch=67 loss_total=0.670671 loss_rec=0.630417 valid_auc=0.674721 valid_rmse=0.477099 q_change=57 q_delta=0.453448 q_grad=0.002034
epoch=68 loss_total=0.667051 loss_rec=0.626811 valid_auc=0.675558 valid_rmse=0.477246 q_change=57 q_delta=0.453448 q_grad=0.002063
epoch=69 loss_total=0.664268 loss_rec=0.624048 valid_auc=0.678125 valid_rmse=0.481969 q_change=57 q_delta=0.453352 q_grad=0.002138
epoch=70 loss_total=0.665806 loss_rec=0.625560 valid_auc=0.674944 valid_rmse=0.476480 q_change=57 q_delta=0.453491 q_grad=0.002152
epoch=71 loss_total=0.665792 loss_rec=0.625576 valid_auc=0.675937 valid_rmse=0.476250 q_change=57 q_delta=0.453485 q_grad=0.002175
epoch=72 loss_total=0.667242 loss_rec=0.627018 valid_auc=0.675156 valid_rmse=0.476985 q_change=57 q_delta=0.453467 q_grad=0.002231
epoch=73 loss_total=0.663853 loss_rec=0.623660 valid_auc=0.672305 valid_rmse=0.477479 q_change=57 q_delta=0.453492 q_grad=0.002256
epoch=74 loss_total=0.666598 loss_rec=0.626403 valid_auc=0.673839 valid_rmse=0.477507 q_change=57 q_delta=0.453469 q_grad=0.002230
epoch=75 loss_total=0.665925 loss_rec=0.625749 valid_auc=0.672511 valid_rmse=0.480957 q_change=57 q_delta=0.453432 q_grad=0.002253
epoch=76 loss_total=0.666966 loss_rec=0.626773 valid_auc=0.672746 valid_rmse=0.477159 q_change=57 q_delta=0.453543 q_grad=0.002222
epoch=77 loss_total=0.660689 loss_rec=0.620541 valid_auc=0.673516 valid_rmse=0.479774 q_change=57 q_delta=0.453474 q_grad=0.002222
epoch=78 loss_total=0.664011 loss_rec=0.623866 valid_auc=0.673259 valid_rmse=0.478019 q_change=57 q_delta=0.453512 q_grad=0.002391
epoch=79 loss_total=0.662180 loss_rec=0.622042 valid_auc=0.673181 valid_rmse=0.477682 q_change=57 q_delta=0.453541 q_grad=0.002426
epoch=80 loss_total=0.662453 loss_rec=0.622340 valid_auc=0.673616 valid_rmse=0.477246 q_change=57 q_delta=0.453576 q_grad=0.002339
epoch=81 loss_total=0.660587 loss_rec=0.620474 valid_auc=0.673750 valid_rmse=0.477683 q_change=57 q_delta=0.453547 q_grad=0.002396
epoch=82 loss_total=0.661377 loss_rec=0.621277 valid_auc=0.672935 valid_rmse=0.478348 q_change=57 q_delta=0.453555 q_grad=0.002436
epoch=83 loss_total=0.659860 loss_rec=0.619774 valid_auc=0.674163 valid_rmse=0.480112 q_change=57 q_delta=0.453529 q_grad=0.002395
epoch=84 loss_total=0.661529 loss_rec=0.621468 valid_auc=0.674308 valid_rmse=0.477216 q_change=57 q_delta=0.453620 q_grad=0.002426
epoch=85 loss_total=0.659788 loss_rec=0.619748 valid_auc=0.675000 valid_rmse=0.479133 q_change=57 q_delta=0.453590 q_grad=0.002492
epoch=86 loss_total=0.664369 loss_rec=0.624362 valid_auc=0.674196 valid_rmse=0.477693 q_change=57 q_delta=0.453646 q_grad=0.002493
epoch=87 loss_total=0.659679 loss_rec=0.619686 valid_auc=0.673962 valid_rmse=0.477398 q_change=57 q_delta=0.453656 q_grad=0.002415
epoch=88 loss_total=0.655668 loss_rec=0.615667 valid_auc=0.672969 valid_rmse=0.478263 q_change=57 q_delta=0.453665 q_grad=0.002468
epoch=89 loss_total=0.656130 loss_rec=0.616166 valid_auc=0.674922 valid_rmse=0.482227 q_change=57 q_delta=0.453621 q_grad=0.002468
Early stopping at epoch 89; best_epoch=69.
Saved run to C:\Users\YAN_SHU_YU\Desktop\Generative-CD\Q_GNCDM\results\weak_q_lambda_sweep\lq_0p1_ls_0p3_lb_0p7\seed_2026\noise_0.20\weak-q_lq_0p1_ls_0p3_lb_0p7
Final metrics: q_hat_f1=0.000000 response_auc=0.690110 mastery_pearson=0.257559
