run=weak-q_lq_0p3_ls_0p5_lb_0p2 mode=weak-q noise=0.20 train=4200 valid=600 test=1200
epoch=1 loss_total=0.992218 loss_rec=0.725659 valid_auc=0.587757 valid_rmse=0.499752 q_change=57 q_delta=0.078441 q_grad=0.000500
epoch=2 loss_total=0.935882 loss_rec=0.705891 valid_auc=0.594821 valid_rmse=0.499291 q_change=57 q_delta=0.146782 q_grad=0.000440
epoch=3 loss_total=0.899865 loss_rec=0.699880 valid_auc=0.609040 valid_rmse=0.498460 q_change=57 q_delta=0.203261 q_grad=0.000387
epoch=4 loss_total=0.869528 loss_rec=0.693464 valid_auc=0.629498 valid_rmse=0.497660 q_change=57 q_delta=0.248574 q_grad=0.000338
epoch=5 loss_total=0.850706 loss_rec=0.692857 valid_auc=0.650915 valid_rmse=0.495513 q_change=57 q_delta=0.283179 q_grad=0.000309
epoch=6 loss_total=0.831075 loss_rec=0.686701 valid_auc=0.663906 valid_rmse=0.493501 q_change=57 q_delta=0.308286 q_grad=0.000303
epoch=7 loss_total=0.809771 loss_rec=0.674827 valid_auc=0.662902 valid_rmse=0.488785 q_change=57 q_delta=0.325192 q_grad=0.000346
epoch=8 loss_total=0.790635 loss_rec=0.661523 valid_auc=0.661116 valid_rmse=0.483179 q_change=57 q_delta=0.335447 q_grad=0.000490
epoch=9 loss_total=0.775521 loss_rec=0.650417 valid_auc=0.668114 valid_rmse=0.478163 q_change=57 q_delta=0.344076 q_grad=0.000668
epoch=10 loss_total=0.772885 loss_rec=0.651380 valid_auc=0.670056 valid_rmse=0.478315 q_change=57 q_delta=0.350926 q_grad=0.000772
epoch=11 loss_total=0.767065 loss_rec=0.648132 valid_auc=0.671808 valid_rmse=0.477009 q_change=57 q_delta=0.356653 q_grad=0.000901
epoch=12 loss_total=0.755759 loss_rec=0.639081 valid_auc=0.674877 valid_rmse=0.477638 q_change=57 q_delta=0.360862 q_grad=0.000990
epoch=13 loss_total=0.751018 loss_rec=0.636140 valid_auc=0.676808 valid_rmse=0.474964 q_change=57 q_delta=0.364691 q_grad=0.001041
epoch=14 loss_total=0.748952 loss_rec=0.635386 valid_auc=0.677801 valid_rmse=0.476264 q_change=57 q_delta=0.367022 q_grad=0.001172
epoch=15 loss_total=0.745188 loss_rec=0.632680 valid_auc=0.678125 valid_rmse=0.474521 q_change=57 q_delta=0.369544 q_grad=0.001269
epoch=16 loss_total=0.745258 loss_rec=0.633592 valid_auc=0.680781 valid_rmse=0.474315 q_change=57 q_delta=0.371017 q_grad=0.001411
epoch=17 loss_total=0.742128 loss_rec=0.631190 valid_auc=0.680837 valid_rmse=0.474324 q_change=57 q_delta=0.372371 q_grad=0.001389
epoch=18 loss_total=0.735264 loss_rec=0.624805 valid_auc=0.682243 valid_rmse=0.473724 q_change=57 q_delta=0.373472 q_grad=0.001455
epoch=19 loss_total=0.733654 loss_rec=0.623757 valid_auc=0.682634 valid_rmse=0.474392 q_change=56 q_delta=0.374547 q_grad=0.001578
epoch=20 loss_total=0.731235 loss_rec=0.621654 valid_auc=0.685234 valid_rmse=0.472541 q_change=56 q_delta=0.375957 q_grad=0.001684
epoch=21 loss_total=0.726871 loss_rec=0.617626 valid_auc=0.686016 valid_rmse=0.474188 q_change=56 q_delta=0.376945 q_grad=0.001624
epoch=22 loss_total=0.724515 loss_rec=0.615491 valid_auc=0.687154 valid_rmse=0.473068 q_change=56 q_delta=0.377931 q_grad=0.001782
epoch=23 loss_total=0.721665 loss_rec=0.612891 valid_auc=0.684900 valid_rmse=0.472961 q_change=56 q_delta=0.379162 q_grad=0.001772
epoch=24 loss_total=0.716749 loss_rec=0.608228 valid_auc=0.684040 valid_rmse=0.473707 q_change=56 q_delta=0.380020 q_grad=0.001803
epoch=25 loss_total=0.718315 loss_rec=0.610108 valid_auc=0.684810 valid_rmse=0.473703 q_change=55 q_delta=0.380733 q_grad=0.001938
epoch=26 loss_total=0.715807 loss_rec=0.607824 valid_auc=0.686004 valid_rmse=0.474410 q_change=55 q_delta=0.381601 q_grad=0.001917
epoch=27 loss_total=0.712426 loss_rec=0.604633 valid_auc=0.686953 valid_rmse=0.475017 q_change=55 q_delta=0.382405 q_grad=0.001892
epoch=28 loss_total=0.715060 loss_rec=0.607550 valid_auc=0.686741 valid_rmse=0.474232 q_change=55 q_delta=0.383440 q_grad=0.001961
epoch=29 loss_total=0.709028 loss_rec=0.601787 valid_auc=0.689074 valid_rmse=0.473351 q_change=54 q_delta=0.384259 q_grad=0.001987
epoch=30 loss_total=0.708595 loss_rec=0.601518 valid_auc=0.691261 valid_rmse=0.473841 q_change=53 q_delta=0.384849 q_grad=0.001950
epoch=31 loss_total=0.704916 loss_rec=0.597957 valid_auc=0.690179 valid_rmse=0.473413 q_change=53 q_delta=0.385782 q_grad=0.001983
epoch=32 loss_total=0.706308 loss_rec=0.599529 valid_auc=0.692232 valid_rmse=0.473256 q_change=53 q_delta=0.386931 q_grad=0.002028
epoch=33 loss_total=0.704145 loss_rec=0.597508 valid_auc=0.691350 valid_rmse=0.471729 q_change=53 q_delta=0.388236 q_grad=0.002014
epoch=34 loss_total=0.703571 loss_rec=0.597116 valid_auc=0.689364 valid_rmse=0.472090 q_change=52 q_delta=0.389147 q_grad=0.002002
epoch=35 loss_total=0.703102 loss_rec=0.596806 valid_auc=0.692801 valid_rmse=0.471058 q_change=51 q_delta=0.390041 q_grad=0.001976
epoch=36 loss_total=0.697909 loss_rec=0.591642 valid_auc=0.693728 valid_rmse=0.472126 q_change=51 q_delta=0.390923 q_grad=0.002053
epoch=37 loss_total=0.693079 loss_rec=0.586894 valid_auc=0.693929 valid_rmse=0.472499 q_change=51 q_delta=0.392058 q_grad=0.002060
epoch=38 loss_total=0.691449 loss_rec=0.585427 valid_auc=0.693560 valid_rmse=0.474087 q_change=51 q_delta=0.393072 q_grad=0.002167
epoch=39 loss_total=0.692832 loss_rec=0.586938 valid_auc=0.693136 valid_rmse=0.471561 q_change=51 q_delta=0.394382 q_grad=0.002099
epoch=40 loss_total=0.688424 loss_rec=0.582697 valid_auc=0.693259 valid_rmse=0.472243 q_change=51 q_delta=0.395196 q_grad=0.002152
epoch=41 loss_total=0.684265 loss_rec=0.578709 valid_auc=0.694665 valid_rmse=0.473019 q_change=51 q_delta=0.396065 q_grad=0.002153
epoch=42 loss_total=0.686229 loss_rec=0.580788 valid_auc=0.690357 valid_rmse=0.472983 q_change=51 q_delta=0.397118 q_grad=0.002269
epoch=43 loss_total=0.681062 loss_rec=0.575708 valid_auc=0.691897 valid_rmse=0.473520 q_change=51 q_delta=0.397628 q_grad=0.002235
epoch=44 loss_total=0.681076 loss_rec=0.575866 valid_auc=0.690391 valid_rmse=0.474480 q_change=51 q_delta=0.398367 q_grad=0.002303
epoch=45 loss_total=0.676134 loss_rec=0.571072 valid_auc=0.691272 valid_rmse=0.477752 q_change=50 q_delta=0.398714 q_grad=0.002346
epoch=46 loss_total=0.676066 loss_rec=0.571055 valid_auc=0.693326 valid_rmse=0.472528 q_change=50 q_delta=0.399717 q_grad=0.002329
epoch=47 loss_total=0.672648 loss_rec=0.567774 valid_auc=0.692344 valid_rmse=0.474789 q_change=51 q_delta=0.400414 q_grad=0.002337
epoch=48 loss_total=0.669450 loss_rec=0.564649 valid_auc=0.691451 valid_rmse=0.473698 q_change=51 q_delta=0.401215 q_grad=0.002442
epoch=49 loss_total=0.665895 loss_rec=0.561162 valid_auc=0.692846 valid_rmse=0.473332 q_change=51 q_delta=0.401799 q_grad=0.002476
epoch=50 loss_total=0.660607 loss_rec=0.555956 valid_auc=0.690792 valid_rmse=0.475278 q_change=51 q_delta=0.402416 q_grad=0.002433
epoch=51 loss_total=0.659461 loss_rec=0.554914 valid_auc=0.692779 valid_rmse=0.476989 q_change=51 q_delta=0.402867 q_grad=0.002557
epoch=52 loss_total=0.660180 loss_rec=0.555734 valid_auc=0.691384 valid_rmse=0.474712 q_change=51 q_delta=0.403607 q_grad=0.002596
epoch=53 loss_total=0.659732 loss_rec=0.555321 valid_auc=0.693326 valid_rmse=0.473985 q_change=50 q_delta=0.404046 q_grad=0.002630
epoch=54 loss_total=0.651155 loss_rec=0.546821 valid_auc=0.689074 valid_rmse=0.476557 q_change=50 q_delta=0.404369 q_grad=0.002639
epoch=55 loss_total=0.647542 loss_rec=0.543267 valid_auc=0.694888 valid_rmse=0.473563 q_change=50 q_delta=0.404891 q_grad=0.002654
epoch=56 loss_total=0.647415 loss_rec=0.543190 valid_auc=0.690603 valid_rmse=0.475680 q_change=50 q_delta=0.405424 q_grad=0.002732
epoch=57 loss_total=0.644468 loss_rec=0.540283 valid_auc=0.690748 valid_rmse=0.477578 q_change=50 q_delta=0.405943 q_grad=0.002845
epoch=58 loss_total=0.638238 loss_rec=0.534123 valid_auc=0.690078 valid_rmse=0.480318 q_change=50 q_delta=0.406371 q_grad=0.002808
epoch=59 loss_total=0.638459 loss_rec=0.534476 valid_auc=0.692344 valid_rmse=0.475340 q_change=50 q_delta=0.406992 q_grad=0.002792
epoch=60 loss_total=0.636595 loss_rec=0.532663 valid_auc=0.692623 valid_rmse=0.476076 q_change=50 q_delta=0.407289 q_grad=0.002806
epoch=61 loss_total=0.633124 loss_rec=0.529196 valid_auc=0.690525 valid_rmse=0.476315 q_change=50 q_delta=0.407656 q_grad=0.002959
epoch=62 loss_total=0.629522 loss_rec=0.525725 valid_auc=0.691875 valid_rmse=0.476677 q_change=50 q_delta=0.407973 q_grad=0.002889
epoch=63 loss_total=0.629034 loss_rec=0.525272 valid_auc=0.688583 valid_rmse=0.477848 q_change=50 q_delta=0.408224 q_grad=0.003013
epoch=64 loss_total=0.629239 loss_rec=0.525519 valid_auc=0.691473 valid_rmse=0.480232 q_change=50 q_delta=0.408302 q_grad=0.003029
epoch=65 loss_total=0.624142 loss_rec=0.520446 valid_auc=0.691016 valid_rmse=0.477312 q_change=50 q_delta=0.408687 q_grad=0.002880
epoch=66 loss_total=0.625142 loss_rec=0.521500 valid_auc=0.689319 valid_rmse=0.478529 q_change=50 q_delta=0.408830 q_grad=0.003108
epoch=67 loss_total=0.625519 loss_rec=0.521907 valid_auc=0.688873 valid_rmse=0.479561 q_change=50 q_delta=0.408967 q_grad=0.003135
epoch=68 loss_total=0.617968 loss_rec=0.514415 valid_auc=0.688627 valid_rmse=0.483539 q_change=50 q_delta=0.408944 q_grad=0.003040
epoch=69 loss_total=0.615324 loss_rec=0.511787 valid_auc=0.690491 valid_rmse=0.485901 q_change=50 q_delta=0.409134 q_grad=0.003197
epoch=70 loss_total=0.612878 loss_rec=0.509362 valid_auc=0.687109 valid_rmse=0.480163 q_change=50 q_delta=0.409446 q_grad=0.003267
epoch=71 loss_total=0.613901 loss_rec=0.510463 valid_auc=0.690792 valid_rmse=0.479254 q_change=50 q_delta=0.409495 q_grad=0.003217
epoch=72 loss_total=0.612332 loss_rec=0.508883 valid_auc=0.688549 valid_rmse=0.479922 q_change=50 q_delta=0.409644 q_grad=0.003246
epoch=73 loss_total=0.606937 loss_rec=0.503521 valid_auc=0.685569 valid_rmse=0.481884 q_change=50 q_delta=0.409726 q_grad=0.003286
epoch=74 loss_total=0.613461 loss_rec=0.510073 valid_auc=0.686339 valid_rmse=0.481820 q_change=50 q_delta=0.409804 q_grad=0.003225
epoch=75 loss_total=0.610244 loss_rec=0.506844 valid_auc=0.684509 valid_rmse=0.488287 q_change=50 q_delta=0.409632 q_grad=0.003235
Early stopping at epoch 75; best_epoch=55.
Saved run to C:\Users\YAN_SHU_YU\Desktop\Generative-CD\Q_GNCDM\results\weak_q_lambda_sweep\lq_0p3_ls_0p5_lb_0p2\seed_2026\noise_0.20\weak-q_lq_0p3_ls_0p5_lb_0p2
Final metrics: q_hat_f1=0.222222 response_auc=0.687492 mastery_pearson=0.402068
