run=weak-q_lq_0p6_ls_0p4_lb_0p4 mode=weak-q noise=0.20 train=4200 valid=600 test=1200
epoch=1 loss_total=0.998178 loss_rec=0.725653 valid_auc=0.587958 valid_rmse=0.499746 q_change=57 q_delta=0.077492 q_grad=0.000402
epoch=2 loss_total=0.950228 loss_rec=0.705791 valid_auc=0.596038 valid_rmse=0.499233 q_change=57 q_delta=0.142812 q_grad=0.000337
epoch=3 loss_total=0.922606 loss_rec=0.699519 valid_auc=0.612176 valid_rmse=0.498254 q_change=57 q_delta=0.195168 q_grad=0.000291
epoch=4 loss_total=0.899600 loss_rec=0.692505 valid_auc=0.635614 valid_rmse=0.497091 q_change=57 q_delta=0.236176 q_grad=0.000260
epoch=5 loss_total=0.886257 loss_rec=0.690522 valid_auc=0.657266 valid_rmse=0.494053 q_change=57 q_delta=0.265867 q_grad=0.000262
epoch=6 loss_total=0.868778 loss_rec=0.680613 valid_auc=0.667165 valid_rmse=0.489639 q_change=57 q_delta=0.284791 q_grad=0.000310
epoch=7 loss_total=0.844860 loss_rec=0.661087 valid_auc=0.667277 valid_rmse=0.482374 q_change=57 q_delta=0.295155 q_grad=0.000441
epoch=8 loss_total=0.828038 loss_rec=0.646577 valid_auc=0.669330 valid_rmse=0.478991 q_change=57 q_delta=0.301749 q_grad=0.000677
epoch=9 loss_total=0.817297 loss_rec=0.637760 valid_auc=0.678114 valid_rmse=0.474709 q_change=57 q_delta=0.307440 q_grad=0.000861
epoch=10 loss_total=0.816790 loss_rec=0.638952 valid_auc=0.679475 valid_rmse=0.475113 q_change=57 q_delta=0.311110 q_grad=0.000966
epoch=11 loss_total=0.811942 loss_rec=0.635059 valid_auc=0.682478 valid_rmse=0.473272 q_change=57 q_delta=0.314214 q_grad=0.001123
epoch=12 loss_total=0.800870 loss_rec=0.624790 valid_auc=0.684442 valid_rmse=0.474080 q_change=57 q_delta=0.315857 q_grad=0.001228
epoch=13 loss_total=0.795685 loss_rec=0.620263 valid_auc=0.684397 valid_rmse=0.472561 q_change=56 q_delta=0.318167 q_grad=0.001279
epoch=14 loss_total=0.794606 loss_rec=0.619631 valid_auc=0.684118 valid_rmse=0.474194 q_change=55 q_delta=0.319558 q_grad=0.001398
epoch=15 loss_total=0.789632 loss_rec=0.615049 valid_auc=0.684688 valid_rmse=0.472968 q_change=54 q_delta=0.321896 q_grad=0.001473
epoch=16 loss_total=0.789934 loss_rec=0.615704 valid_auc=0.685658 valid_rmse=0.473382 q_change=53 q_delta=0.324079 q_grad=0.001591
epoch=17 loss_total=0.785389 loss_rec=0.611572 valid_auc=0.684230 valid_rmse=0.473388 q_change=52 q_delta=0.326457 q_grad=0.001530
epoch=18 loss_total=0.778600 loss_rec=0.605104 valid_auc=0.685357 valid_rmse=0.473268 q_change=52 q_delta=0.329164 q_grad=0.001569
epoch=19 loss_total=0.776771 loss_rec=0.603730 valid_auc=0.685368 valid_rmse=0.474333 q_change=52 q_delta=0.331760 q_grad=0.001673
epoch=20 loss_total=0.773239 loss_rec=0.600465 valid_auc=0.687243 valid_rmse=0.472685 q_change=51 q_delta=0.334421 q_grad=0.001753
epoch=21 loss_total=0.767784 loss_rec=0.595322 valid_auc=0.688783 valid_rmse=0.474038 q_change=51 q_delta=0.336245 q_grad=0.001681
epoch=22 loss_total=0.764631 loss_rec=0.592424 valid_auc=0.687243 valid_rmse=0.473946 q_change=50 q_delta=0.338469 q_grad=0.001821
epoch=23 loss_total=0.761510 loss_rec=0.589588 valid_auc=0.685346 valid_rmse=0.473988 q_change=50 q_delta=0.340758 q_grad=0.001778
epoch=24 loss_total=0.755478 loss_rec=0.583826 valid_auc=0.684911 valid_rmse=0.474929 q_change=50 q_delta=0.342853 q_grad=0.001818
epoch=25 loss_total=0.754934 loss_rec=0.583500 valid_auc=0.686362 valid_rmse=0.475071 q_change=50 q_delta=0.344761 q_grad=0.001939
epoch=26 loss_total=0.751462 loss_rec=0.580242 valid_auc=0.687991 valid_rmse=0.475234 q_change=50 q_delta=0.346579 q_grad=0.001929
epoch=27 loss_total=0.746540 loss_rec=0.575486 valid_auc=0.687746 valid_rmse=0.477290 q_change=49 q_delta=0.348178 q_grad=0.001918
epoch=28 loss_total=0.748423 loss_rec=0.577530 valid_auc=0.689319 valid_rmse=0.475618 q_change=48 q_delta=0.349775 q_grad=0.002031
epoch=29 loss_total=0.740291 loss_rec=0.569588 valid_auc=0.691183 valid_rmse=0.475245 q_change=47 q_delta=0.351011 q_grad=0.002034
epoch=30 loss_total=0.737684 loss_rec=0.567089 valid_auc=0.692533 valid_rmse=0.476096 q_change=47 q_delta=0.352118 q_grad=0.002063
epoch=31 loss_total=0.732296 loss_rec=0.561841 valid_auc=0.691440 valid_rmse=0.476099 q_change=46 q_delta=0.353396 q_grad=0.002077
epoch=32 loss_total=0.731324 loss_rec=0.561004 valid_auc=0.693605 valid_rmse=0.475729 q_change=46 q_delta=0.355031 q_grad=0.002150
epoch=33 loss_total=0.725583 loss_rec=0.555325 valid_auc=0.691987 valid_rmse=0.474448 q_change=46 q_delta=0.356504 q_grad=0.002171
epoch=34 loss_total=0.724692 loss_rec=0.554595 valid_auc=0.691083 valid_rmse=0.474652 q_change=46 q_delta=0.357660 q_grad=0.002177
epoch=35 loss_total=0.723652 loss_rec=0.553638 valid_auc=0.695413 valid_rmse=0.473168 q_change=46 q_delta=0.358795 q_grad=0.002183
epoch=36 loss_total=0.714894 loss_rec=0.544906 valid_auc=0.693806 valid_rmse=0.473914 q_change=45 q_delta=0.359502 q_grad=0.002264
epoch=37 loss_total=0.709827 loss_rec=0.539897 valid_auc=0.691362 valid_rmse=0.477015 q_change=45 q_delta=0.360293 q_grad=0.002271
epoch=38 loss_total=0.702968 loss_rec=0.533158 valid_auc=0.692009 valid_rmse=0.477565 q_change=44 q_delta=0.361149 q_grad=0.002386
epoch=39 loss_total=0.701523 loss_rec=0.531787 valid_auc=0.691685 valid_rmse=0.476214 q_change=43 q_delta=0.362362 q_grad=0.002358
epoch=40 loss_total=0.698314 loss_rec=0.528665 valid_auc=0.691663 valid_rmse=0.477505 q_change=42 q_delta=0.363123 q_grad=0.002435
epoch=41 loss_total=0.690693 loss_rec=0.521170 valid_auc=0.691194 valid_rmse=0.480317 q_change=41 q_delta=0.363920 q_grad=0.002429
epoch=42 loss_total=0.693666 loss_rec=0.524238 valid_auc=0.688694 valid_rmse=0.478843 q_change=41 q_delta=0.364866 q_grad=0.002584
epoch=43 loss_total=0.687366 loss_rec=0.518026 valid_auc=0.690737 valid_rmse=0.479603 q_change=40 q_delta=0.365461 q_grad=0.002535
epoch=44 loss_total=0.683932 loss_rec=0.514669 valid_auc=0.689721 valid_rmse=0.479534 q_change=40 q_delta=0.366231 q_grad=0.002577
epoch=45 loss_total=0.679585 loss_rec=0.510437 valid_auc=0.688080 valid_rmse=0.484206 q_change=40 q_delta=0.366952 q_grad=0.002587
epoch=46 loss_total=0.678567 loss_rec=0.509452 valid_auc=0.693683 valid_rmse=0.478764 q_change=39 q_delta=0.368046 q_grad=0.002608
epoch=47 loss_total=0.675158 loss_rec=0.506152 valid_auc=0.689487 valid_rmse=0.482198 q_change=40 q_delta=0.368886 q_grad=0.002587
epoch=48 loss_total=0.674151 loss_rec=0.505251 valid_auc=0.690268 valid_rmse=0.481061 q_change=40 q_delta=0.369800 q_grad=0.002662
epoch=49 loss_total=0.668378 loss_rec=0.499556 valid_auc=0.691864 valid_rmse=0.479590 q_change=40 q_delta=0.370191 q_grad=0.002616
epoch=50 loss_total=0.663595 loss_rec=0.494846 valid_auc=0.690145 valid_rmse=0.483747 q_change=40 q_delta=0.370887 q_grad=0.002639
epoch=51 loss_total=0.664252 loss_rec=0.495622 valid_auc=0.689721 valid_rmse=0.484241 q_change=39 q_delta=0.371612 q_grad=0.002711
epoch=52 loss_total=0.665391 loss_rec=0.496842 valid_auc=0.690201 valid_rmse=0.482169 q_change=39 q_delta=0.372336 q_grad=0.002710
epoch=53 loss_total=0.666358 loss_rec=0.497879 valid_auc=0.690167 valid_rmse=0.481471 q_change=39 q_delta=0.372866 q_grad=0.002727
epoch=54 loss_total=0.660239 loss_rec=0.491800 valid_auc=0.687176 valid_rmse=0.483742 q_change=39 q_delta=0.373510 q_grad=0.002750
epoch=55 loss_total=0.655588 loss_rec=0.487245 valid_auc=0.694297 valid_rmse=0.480176 q_change=39 q_delta=0.374254 q_grad=0.002671
Early stopping at epoch 55; best_epoch=35.
Saved run to C:\Users\YAN_SHU_YU\Desktop\Generative-CD\Q_GNCDM\results\weak_q_lambda_sweep\lq_0p6_ls_0p4_lb_0p4\seed_2026\noise_0.20\weak-q_lq_0p6_ls_0p4_lb_0p4
Final metrics: q_hat_f1=0.298507 response_auc=0.692770 mastery_pearson=0.472126
