run=weak-q_lq_0p7_ls_0p8_lb_0p4 mode=weak-q noise=0.20 train=4200 valid=600 test=1200
epoch=1 loss_total=1.171991 loss_rec=0.725662 valid_auc=0.587528 valid_rmse=0.499757 q_change=57 q_delta=0.078651 q_grad=0.000799
epoch=2 loss_total=1.094922 loss_rec=0.705933 valid_auc=0.593415 valid_rmse=0.499330 q_change=57 q_delta=0.147107 q_grad=0.000690
epoch=3 loss_total=1.043244 loss_rec=0.700039 valid_auc=0.604777 valid_rmse=0.498581 q_change=57 q_delta=0.203587 q_grad=0.000589
epoch=4 loss_total=1.001526 loss_rec=0.693846 valid_auc=0.621518 valid_rmse=0.497931 q_change=57 q_delta=0.248895 q_grad=0.000498
epoch=5 loss_total=0.974575 loss_rec=0.693677 valid_auc=0.642087 valid_rmse=0.496084 q_change=57 q_delta=0.284147 q_grad=0.000423
epoch=6 loss_total=0.949528 loss_rec=0.688657 valid_auc=0.657383 valid_rmse=0.494869 q_change=57 q_delta=0.310946 q_grad=0.000373
epoch=7 loss_total=0.925948 loss_rec=0.679775 valid_auc=0.658828 valid_rmse=0.491944 q_change=57 q_delta=0.330737 q_grad=0.000361
epoch=8 loss_total=0.905912 loss_rec=0.669901 valid_auc=0.655167 valid_rmse=0.487000 q_change=57 q_delta=0.344061 q_grad=0.000424
epoch=9 loss_total=0.887313 loss_rec=0.658185 valid_auc=0.662589 valid_rmse=0.480590 q_change=57 q_delta=0.354131 q_grad=0.000566
epoch=10 loss_total=0.880279 loss_rec=0.656799 valid_auc=0.664263 valid_rmse=0.480116 q_change=57 q_delta=0.362295 q_grad=0.000671
epoch=11 loss_total=0.872453 loss_rec=0.653260 valid_auc=0.666473 valid_rmse=0.478910 q_change=57 q_delta=0.369263 q_grad=0.000789
epoch=12 loss_total=0.859410 loss_rec=0.644024 valid_auc=0.670558 valid_rmse=0.479457 q_change=57 q_delta=0.374725 q_grad=0.000869
epoch=13 loss_total=0.853915 loss_rec=0.641634 valid_auc=0.672455 valid_rmse=0.476325 q_change=57 q_delta=0.379480 q_grad=0.000907
epoch=14 loss_total=0.850697 loss_rec=0.640755 valid_auc=0.673114 valid_rmse=0.477603 q_change=57 q_delta=0.382826 q_grad=0.001022
epoch=15 loss_total=0.846401 loss_rec=0.638425 valid_auc=0.674185 valid_rmse=0.475710 q_change=57 q_delta=0.386104 q_grad=0.001108
epoch=16 loss_total=0.845629 loss_rec=0.639244 valid_auc=0.678013 valid_rmse=0.475469 q_change=57 q_delta=0.388423 q_grad=0.001238
epoch=17 loss_total=0.842425 loss_rec=0.637468 valid_auc=0.678616 valid_rmse=0.475628 q_change=57 q_delta=0.390468 q_grad=0.001225
epoch=18 loss_total=0.835374 loss_rec=0.631503 valid_auc=0.680513 valid_rmse=0.474467 q_change=57 q_delta=0.392289 q_grad=0.001292
epoch=19 loss_total=0.833126 loss_rec=0.630337 valid_auc=0.680915 valid_rmse=0.475141 q_change=57 q_delta=0.393838 q_grad=0.001408
epoch=20 loss_total=0.831145 loss_rec=0.629122 valid_auc=0.684107 valid_rmse=0.473157 q_change=57 q_delta=0.395187 q_grad=0.001522
epoch=21 loss_total=0.826764 loss_rec=0.625460 valid_auc=0.684286 valid_rmse=0.474888 q_change=57 q_delta=0.395936 q_grad=0.001480
epoch=22 loss_total=0.824928 loss_rec=0.624082 valid_auc=0.685647 valid_rmse=0.473318 q_change=57 q_delta=0.396564 q_grad=0.001630
epoch=23 loss_total=0.821562 loss_rec=0.621102 valid_auc=0.683694 valid_rmse=0.472989 q_change=57 q_delta=0.397399 q_grad=0.001643
epoch=24 loss_total=0.816660 loss_rec=0.616530 valid_auc=0.683504 valid_rmse=0.473407 q_change=56 q_delta=0.397890 q_grad=0.001689
epoch=25 loss_total=0.818629 loss_rec=0.618761 valid_auc=0.684353 valid_rmse=0.473252 q_change=56 q_delta=0.398489 q_grad=0.001843
epoch=26 loss_total=0.815604 loss_rec=0.615925 valid_auc=0.686451 valid_rmse=0.474209 q_change=56 q_delta=0.399368 q_grad=0.001831
epoch=27 loss_total=0.812027 loss_rec=0.612432 valid_auc=0.687835 valid_rmse=0.474714 q_change=56 q_delta=0.399964 q_grad=0.001824
epoch=28 loss_total=0.814435 loss_rec=0.615082 valid_auc=0.686540 valid_rmse=0.473741 q_change=56 q_delta=0.400954 q_grad=0.001903
epoch=29 loss_total=0.808721 loss_rec=0.609570 valid_auc=0.690145 valid_rmse=0.472908 q_change=56 q_delta=0.401549 q_grad=0.001942
epoch=30 loss_total=0.808486 loss_rec=0.609425 valid_auc=0.691440 valid_rmse=0.473123 q_change=56 q_delta=0.401902 q_grad=0.001903
epoch=31 loss_total=0.804612 loss_rec=0.605538 valid_auc=0.691741 valid_rmse=0.473070 q_change=55 q_delta=0.402340 q_grad=0.001939
epoch=32 loss_total=0.806304 loss_rec=0.607346 valid_auc=0.693549 valid_rmse=0.473306 q_change=55 q_delta=0.402671 q_grad=0.001988
epoch=33 loss_total=0.804347 loss_rec=0.605449 valid_auc=0.691462 valid_rmse=0.471412 q_change=55 q_delta=0.403609 q_grad=0.001962
epoch=34 loss_total=0.803371 loss_rec=0.604580 valid_auc=0.690268 valid_rmse=0.471650 q_change=55 q_delta=0.404257 q_grad=0.001955
epoch=35 loss_total=0.803083 loss_rec=0.604413 valid_auc=0.693616 valid_rmse=0.470604 q_change=55 q_delta=0.404916 q_grad=0.001925
epoch=36 loss_total=0.798636 loss_rec=0.599864 valid_auc=0.694967 valid_rmse=0.471572 q_change=55 q_delta=0.405124 q_grad=0.001992
epoch=37 loss_total=0.793378 loss_rec=0.594589 valid_auc=0.695123 valid_rmse=0.471758 q_change=54 q_delta=0.405629 q_grad=0.001993
epoch=38 loss_total=0.792239 loss_rec=0.593578 valid_auc=0.694509 valid_rmse=0.473623 q_change=54 q_delta=0.406137 q_grad=0.002101
epoch=39 loss_total=0.794018 loss_rec=0.595401 valid_auc=0.694107 valid_rmse=0.470794 q_change=53 q_delta=0.406766 q_grad=0.002030
epoch=40 loss_total=0.789387 loss_rec=0.590854 valid_auc=0.694364 valid_rmse=0.471199 q_change=53 q_delta=0.407380 q_grad=0.002074
epoch=41 loss_total=0.785178 loss_rec=0.586728 valid_auc=0.695781 valid_rmse=0.472043 q_change=53 q_delta=0.408063 q_grad=0.002075
epoch=42 loss_total=0.788064 loss_rec=0.589610 valid_auc=0.691562 valid_rmse=0.472036 q_change=52 q_delta=0.408923 q_grad=0.002181
epoch=43 loss_total=0.782925 loss_rec=0.584410 valid_auc=0.692277 valid_rmse=0.472370 q_change=51 q_delta=0.409269 q_grad=0.002134
epoch=44 loss_total=0.783287 loss_rec=0.584840 valid_auc=0.691016 valid_rmse=0.473353 q_change=52 q_delta=0.410004 q_grad=0.002195
epoch=45 loss_total=0.778665 loss_rec=0.580294 valid_auc=0.692422 valid_rmse=0.476884 q_change=52 q_delta=0.410330 q_grad=0.002246
epoch=46 loss_total=0.778809 loss_rec=0.580392 valid_auc=0.694632 valid_rmse=0.471327 q_change=51 q_delta=0.411145 q_grad=0.002216
epoch=47 loss_total=0.775220 loss_rec=0.576854 valid_auc=0.693359 valid_rmse=0.473341 q_change=51 q_delta=0.411763 q_grad=0.002227
epoch=48 loss_total=0.772427 loss_rec=0.574060 valid_auc=0.692913 valid_rmse=0.472409 q_change=51 q_delta=0.412703 q_grad=0.002321
epoch=49 loss_total=0.769523 loss_rec=0.571160 valid_auc=0.694810 valid_rmse=0.472136 q_change=51 q_delta=0.413450 q_grad=0.002353
epoch=50 loss_total=0.764154 loss_rec=0.565768 valid_auc=0.691596 valid_rmse=0.473859 q_change=51 q_delta=0.414181 q_grad=0.002295
epoch=51 loss_total=0.763346 loss_rec=0.565024 valid_auc=0.693672 valid_rmse=0.475944 q_change=51 q_delta=0.414714 q_grad=0.002425
epoch=52 loss_total=0.764487 loss_rec=0.566226 valid_auc=0.691395 valid_rmse=0.473661 q_change=51 q_delta=0.415438 q_grad=0.002454
epoch=53 loss_total=0.764055 loss_rec=0.565769 valid_auc=0.693092 valid_rmse=0.472842 q_change=51 q_delta=0.416017 q_grad=0.002485
epoch=54 loss_total=0.755377 loss_rec=0.557107 valid_auc=0.689766 valid_rmse=0.475414 q_change=51 q_delta=0.416438 q_grad=0.002484
epoch=55 loss_total=0.752814 loss_rec=0.554608 valid_auc=0.695871 valid_rmse=0.472320 q_change=51 q_delta=0.416903 q_grad=0.002518
epoch=56 loss_total=0.753152 loss_rec=0.554940 valid_auc=0.690993 valid_rmse=0.474264 q_change=51 q_delta=0.417247 q_grad=0.002594
epoch=57 loss_total=0.749872 loss_rec=0.551656 valid_auc=0.691607 valid_rmse=0.476099 q_change=51 q_delta=0.417540 q_grad=0.002710
epoch=58 loss_total=0.744042 loss_rec=0.545858 valid_auc=0.690882 valid_rmse=0.479123 q_change=51 q_delta=0.417942 q_grad=0.002681
epoch=59 loss_total=0.744565 loss_rec=0.546517 valid_auc=0.691440 valid_rmse=0.473968 q_change=51 q_delta=0.418376 q_grad=0.002680
epoch=60 loss_total=0.742931 loss_rec=0.544946 valid_auc=0.693292 valid_rmse=0.474785 q_change=51 q_delta=0.418586 q_grad=0.002697
epoch=61 loss_total=0.739801 loss_rec=0.541794 valid_auc=0.690658 valid_rmse=0.474658 q_change=51 q_delta=0.418892 q_grad=0.002834
epoch=62 loss_total=0.735715 loss_rec=0.537831 valid_auc=0.691786 valid_rmse=0.475237 q_change=51 q_delta=0.419195 q_grad=0.002797
epoch=63 loss_total=0.736087 loss_rec=0.538233 valid_auc=0.688571 valid_rmse=0.475937 q_change=50 q_delta=0.419430 q_grad=0.002896
epoch=64 loss_total=0.737035 loss_rec=0.539227 valid_auc=0.693560 valid_rmse=0.478355 q_change=50 q_delta=0.419427 q_grad=0.002940
epoch=65 loss_total=0.731028 loss_rec=0.533236 valid_auc=0.691127 valid_rmse=0.475226 q_change=50 q_delta=0.419765 q_grad=0.002805
epoch=66 loss_total=0.732547 loss_rec=0.534821 valid_auc=0.690145 valid_rmse=0.476231 q_change=50 q_delta=0.419831 q_grad=0.003043
epoch=67 loss_total=0.733225 loss_rec=0.535519 valid_auc=0.690011 valid_rmse=0.477243 q_change=50 q_delta=0.419925 q_grad=0.003056
epoch=68 loss_total=0.726092 loss_rec=0.528454 valid_auc=0.690402 valid_rmse=0.480976 q_change=50 q_delta=0.419951 q_grad=0.003020
epoch=69 loss_total=0.722980 loss_rec=0.525362 valid_auc=0.691150 valid_rmse=0.483157 q_change=50 q_delta=0.420128 q_grad=0.003172
epoch=70 loss_total=0.721234 loss_rec=0.523612 valid_auc=0.687522 valid_rmse=0.477466 q_change=50 q_delta=0.420461 q_grad=0.003237
epoch=71 loss_total=0.722436 loss_rec=0.524926 valid_auc=0.690368 valid_rmse=0.476405 q_change=50 q_delta=0.420535 q_grad=0.003229
epoch=72 loss_total=0.720449 loss_rec=0.522912 valid_auc=0.688650 valid_rmse=0.477233 q_change=50 q_delta=0.420667 q_grad=0.003230
epoch=73 loss_total=0.715729 loss_rec=0.518251 valid_auc=0.685569 valid_rmse=0.479422 q_change=50 q_delta=0.420761 q_grad=0.003315
epoch=74 loss_total=0.722166 loss_rec=0.524704 valid_auc=0.685781 valid_rmse=0.479030 q_change=50 q_delta=0.420884 q_grad=0.003248
epoch=75 loss_total=0.718546 loss_rec=0.521084 valid_auc=0.684308 valid_rmse=0.485575 q_change=50 q_delta=0.420837 q_grad=0.003256
Early stopping at epoch 75; best_epoch=55.
Saved run to C:\Users\YAN_SHU_YU\Desktop\Generative-CD\Q_GNCDM\results\weak_q_lambda_sweep\lq_0p7_ls_0p8_lb_0p4\seed_2026\noise_0.20\weak-q_lq_0p7_ls_0p8_lb_0p4
Final metrics: q_hat_f1=0.193548 response_auc=0.688815 mastery_pearson=0.383677
