run=weak-q_lq_0p6_ls_0p5_lb_0p2 mode=weak-q noise=0.20 train=4200 valid=600 test=1200
epoch=1 loss_total=0.992973 loss_rec=0.725654 valid_auc=0.587768 valid_rmse=0.499748 q_change=57 q_delta=0.077288 q_grad=0.000477
epoch=2 loss_total=0.941003 loss_rec=0.705785 valid_auc=0.595089 valid_rmse=0.499245 q_change=57 q_delta=0.141275 q_grad=0.000380
epoch=3 loss_total=0.911941 loss_rec=0.699501 valid_auc=0.610056 valid_rmse=0.498280 q_change=57 q_delta=0.191663 q_grad=0.000312
epoch=4 loss_total=0.888883 loss_rec=0.692442 valid_auc=0.631964 valid_rmse=0.497116 q_change=57 q_delta=0.230618 q_grad=0.000267
epoch=5 loss_total=0.876007 loss_rec=0.690347 valid_auc=0.653783 valid_rmse=0.494040 q_change=57 q_delta=0.258702 q_grad=0.000263
epoch=6 loss_total=0.858906 loss_rec=0.680099 valid_auc=0.665525 valid_rmse=0.489498 q_change=57 q_delta=0.276498 q_grad=0.000310
epoch=7 loss_total=0.834982 loss_rec=0.659900 valid_auc=0.667143 valid_rmse=0.482147 q_change=57 q_delta=0.285968 q_grad=0.000448
epoch=8 loss_total=0.818175 loss_rec=0.644886 valid_auc=0.669922 valid_rmse=0.478817 q_change=57 q_delta=0.291967 q_grad=0.000693
epoch=9 loss_total=0.807557 loss_rec=0.635835 valid_auc=0.679833 valid_rmse=0.474206 q_change=57 q_delta=0.297190 q_grad=0.000881
epoch=10 loss_total=0.807215 loss_rec=0.636932 valid_auc=0.679788 valid_rmse=0.474998 q_change=57 q_delta=0.300745 q_grad=0.000989
epoch=11 loss_total=0.802871 loss_rec=0.633360 valid_auc=0.682835 valid_rmse=0.473187 q_change=57 q_delta=0.303986 q_grad=0.001145
epoch=12 loss_total=0.792254 loss_rec=0.623453 valid_auc=0.683359 valid_rmse=0.474414 q_change=57 q_delta=0.305968 q_grad=0.001239
epoch=13 loss_total=0.787839 loss_rec=0.619660 valid_auc=0.683136 valid_rmse=0.472975 q_change=57 q_delta=0.308710 q_grad=0.001276
epoch=14 loss_total=0.787597 loss_rec=0.619843 valid_auc=0.682199 valid_rmse=0.474852 q_change=56 q_delta=0.310072 q_grad=0.001381
epoch=15 loss_total=0.783387 loss_rec=0.615981 valid_auc=0.682868 valid_rmse=0.473526 q_change=56 q_delta=0.312554 q_grad=0.001441
epoch=16 loss_total=0.784523 loss_rec=0.617386 valid_auc=0.683828 valid_rmse=0.473942 q_change=54 q_delta=0.314418 q_grad=0.001546
epoch=17 loss_total=0.780574 loss_rec=0.613794 valid_auc=0.682690 valid_rmse=0.473924 q_change=54 q_delta=0.316544 q_grad=0.001478
epoch=18 loss_total=0.774789 loss_rec=0.608222 valid_auc=0.683650 valid_rmse=0.473724 q_change=52 q_delta=0.318685 q_grad=0.001512
epoch=19 loss_total=0.773614 loss_rec=0.607393 valid_auc=0.683527 valid_rmse=0.474695 q_change=52 q_delta=0.321067 q_grad=0.001611
epoch=20 loss_total=0.770942 loss_rec=0.604862 valid_auc=0.685614 valid_rmse=0.473096 q_change=52 q_delta=0.323875 q_grad=0.001686
epoch=21 loss_total=0.766157 loss_rec=0.600240 valid_auc=0.686540 valid_rmse=0.474338 q_change=51 q_delta=0.325965 q_grad=0.001609
epoch=22 loss_total=0.763689 loss_rec=0.597876 valid_auc=0.685792 valid_rmse=0.474288 q_change=51 q_delta=0.328263 q_grad=0.001742
epoch=23 loss_total=0.761232 loss_rec=0.595529 valid_auc=0.683527 valid_rmse=0.474146 q_change=50 q_delta=0.330731 q_grad=0.001706
epoch=24 loss_total=0.756029 loss_rec=0.590441 valid_auc=0.682746 valid_rmse=0.475002 q_change=50 q_delta=0.332930 q_grad=0.001743
epoch=25 loss_total=0.756205 loss_rec=0.590650 valid_auc=0.684676 valid_rmse=0.475026 q_change=50 q_delta=0.335025 q_grad=0.001858
epoch=26 loss_total=0.753163 loss_rec=0.587664 valid_auc=0.685592 valid_rmse=0.475165 q_change=50 q_delta=0.337173 q_grad=0.001846
epoch=27 loss_total=0.749007 loss_rec=0.583481 valid_auc=0.686094 valid_rmse=0.476657 q_change=50 q_delta=0.339149 q_grad=0.001837
epoch=28 loss_total=0.751443 loss_rec=0.585931 valid_auc=0.686730 valid_rmse=0.475424 q_change=50 q_delta=0.341081 q_grad=0.001937
epoch=29 loss_total=0.744040 loss_rec=0.578574 valid_auc=0.688583 valid_rmse=0.474803 q_change=50 q_delta=0.342729 q_grad=0.001946
epoch=30 loss_total=0.741958 loss_rec=0.576434 valid_auc=0.690346 valid_rmse=0.475804 q_change=49 q_delta=0.344111 q_grad=0.001968
epoch=31 loss_total=0.737298 loss_rec=0.571730 valid_auc=0.688828 valid_rmse=0.475741 q_change=48 q_delta=0.345695 q_grad=0.001987
epoch=32 loss_total=0.737252 loss_rec=0.571647 valid_auc=0.691920 valid_rmse=0.474966 q_change=48 q_delta=0.347414 q_grad=0.002048
epoch=33 loss_total=0.732601 loss_rec=0.566892 valid_auc=0.690145 valid_rmse=0.473788 q_change=48 q_delta=0.349045 q_grad=0.002069
epoch=34 loss_total=0.731725 loss_rec=0.566021 valid_auc=0.689922 valid_rmse=0.473944 q_change=47 q_delta=0.350332 q_grad=0.002061
epoch=35 loss_total=0.730959 loss_rec=0.565192 valid_auc=0.693560 valid_rmse=0.472564 q_change=47 q_delta=0.351741 q_grad=0.002077
epoch=36 loss_total=0.722774 loss_rec=0.556886 valid_auc=0.693304 valid_rmse=0.473075 q_change=47 q_delta=0.352646 q_grad=0.002157
epoch=37 loss_total=0.718061 loss_rec=0.552067 valid_auc=0.691094 valid_rmse=0.475665 q_change=46 q_delta=0.353681 q_grad=0.002167
epoch=38 loss_total=0.712234 loss_rec=0.546238 valid_auc=0.691228 valid_rmse=0.476479 q_change=46 q_delta=0.354665 q_grad=0.002286
epoch=39 loss_total=0.710856 loss_rec=0.544801 valid_auc=0.690848 valid_rmse=0.474713 q_change=46 q_delta=0.356125 q_grad=0.002260
epoch=40 loss_total=0.707315 loss_rec=0.541207 valid_auc=0.691250 valid_rmse=0.475742 q_change=46 q_delta=0.356930 q_grad=0.002340
epoch=41 loss_total=0.700068 loss_rec=0.533972 valid_auc=0.691083 valid_rmse=0.478167 q_change=44 q_delta=0.357935 q_grad=0.002344
epoch=42 loss_total=0.702415 loss_rec=0.536306 valid_auc=0.687232 valid_rmse=0.477239 q_change=44 q_delta=0.359088 q_grad=0.002501
epoch=43 loss_total=0.695943 loss_rec=0.529821 valid_auc=0.689710 valid_rmse=0.478005 q_change=44 q_delta=0.359753 q_grad=0.002472
epoch=44 loss_total=0.693690 loss_rec=0.527570 valid_auc=0.689319 valid_rmse=0.477776 q_change=44 q_delta=0.360617 q_grad=0.002505
epoch=45 loss_total=0.688633 loss_rec=0.522547 valid_auc=0.687199 valid_rmse=0.482772 q_change=44 q_delta=0.361255 q_grad=0.002517
epoch=46 loss_total=0.687710 loss_rec=0.521573 valid_auc=0.693248 valid_rmse=0.476896 q_change=44 q_delta=0.362451 q_grad=0.002549
epoch=47 loss_total=0.684771 loss_rec=0.518660 valid_auc=0.689576 valid_rmse=0.480375 q_change=45 q_delta=0.363257 q_grad=0.002544
epoch=48 loss_total=0.683145 loss_rec=0.517082 valid_auc=0.688772 valid_rmse=0.479586 q_change=45 q_delta=0.364224 q_grad=0.002608
epoch=49 loss_total=0.677791 loss_rec=0.511764 valid_auc=0.690904 valid_rmse=0.477933 q_change=44 q_delta=0.364717 q_grad=0.002592
epoch=50 loss_total=0.672776 loss_rec=0.506789 valid_auc=0.689107 valid_rmse=0.481824 q_change=44 q_delta=0.365518 q_grad=0.002600
epoch=51 loss_total=0.673655 loss_rec=0.507754 valid_auc=0.690067 valid_rmse=0.482145 q_change=44 q_delta=0.366113 q_grad=0.002682
epoch=52 loss_total=0.674996 loss_rec=0.509139 valid_auc=0.689364 valid_rmse=0.480589 q_change=44 q_delta=0.366880 q_grad=0.002694
epoch=53 loss_total=0.676083 loss_rec=0.510266 valid_auc=0.688147 valid_rmse=0.479887 q_change=43 q_delta=0.367372 q_grad=0.002704
epoch=54 loss_total=0.669563 loss_rec=0.503738 valid_auc=0.686819 valid_rmse=0.481773 q_change=43 q_delta=0.367886 q_grad=0.002718
epoch=55 loss_total=0.665257 loss_rec=0.499500 valid_auc=0.693984 valid_rmse=0.478277 q_change=43 q_delta=0.368423 q_grad=0.002661
epoch=56 loss_total=0.665482 loss_rec=0.499764 valid_auc=0.689375 valid_rmse=0.481112 q_change=43 q_delta=0.368777 q_grad=0.002709
epoch=57 loss_total=0.665179 loss_rec=0.499477 valid_auc=0.686786 valid_rmse=0.484076 q_change=43 q_delta=0.369263 q_grad=0.002812
epoch=58 loss_total=0.658934 loss_rec=0.493272 valid_auc=0.688326 valid_rmse=0.484269 q_change=42 q_delta=0.369751 q_grad=0.002745
epoch=59 loss_total=0.657821 loss_rec=0.492272 valid_auc=0.692578 valid_rmse=0.479844 q_change=40 q_delta=0.370292 q_grad=0.002725
epoch=60 loss_total=0.659314 loss_rec=0.493794 valid_auc=0.691295 valid_rmse=0.481790 q_change=40 q_delta=0.370678 q_grad=0.002746
epoch=61 loss_total=0.657243 loss_rec=0.491717 valid_auc=0.689498 valid_rmse=0.481762 q_change=40 q_delta=0.371127 q_grad=0.002840
epoch=62 loss_total=0.653574 loss_rec=0.488149 valid_auc=0.692176 valid_rmse=0.481279 q_change=40 q_delta=0.371518 q_grad=0.002748
epoch=63 loss_total=0.653756 loss_rec=0.488341 valid_auc=0.690056 valid_rmse=0.482298 q_change=40 q_delta=0.371797 q_grad=0.002873
epoch=64 loss_total=0.653041 loss_rec=0.487664 valid_auc=0.691027 valid_rmse=0.484363 q_change=40 q_delta=0.371936 q_grad=0.002823
epoch=65 loss_total=0.651012 loss_rec=0.485658 valid_auc=0.690391 valid_rmse=0.482639 q_change=40 q_delta=0.372497 q_grad=0.002722
epoch=66 loss_total=0.651031 loss_rec=0.485707 valid_auc=0.689096 valid_rmse=0.483803 q_change=40 q_delta=0.372864 q_grad=0.002902
epoch=67 loss_total=0.650908 loss_rec=0.485615 valid_auc=0.688772 valid_rmse=0.484740 q_change=40 q_delta=0.373319 q_grad=0.002893
epoch=68 loss_total=0.643019 loss_rec=0.477761 valid_auc=0.691138 valid_rmse=0.486281 q_change=39 q_delta=0.373679 q_grad=0.002860
epoch=69 loss_total=0.641636 loss_rec=0.476386 valid_auc=0.690045 valid_rmse=0.490512 q_change=39 q_delta=0.374121 q_grad=0.002928
epoch=70 loss_total=0.638700 loss_rec=0.473477 valid_auc=0.689196 valid_rmse=0.485086 q_change=39 q_delta=0.374709 q_grad=0.002978
epoch=71 loss_total=0.639529 loss_rec=0.474379 valid_auc=0.692333 valid_rmse=0.483983 q_change=38 q_delta=0.375079 q_grad=0.002909
epoch=72 loss_total=0.639868 loss_rec=0.474692 valid_auc=0.690391 valid_rmse=0.485003 q_change=38 q_delta=0.375342 q_grad=0.002955
epoch=73 loss_total=0.633100 loss_rec=0.467939 valid_auc=0.686931 valid_rmse=0.487828 q_change=38 q_delta=0.375898 q_grad=0.002974
epoch=74 loss_total=0.638708 loss_rec=0.473602 valid_auc=0.689018 valid_rmse=0.486346 q_change=38 q_delta=0.376419 q_grad=0.002964
epoch=75 loss_total=0.636685 loss_rec=0.471577 valid_auc=0.687020 valid_rmse=0.492559 q_change=38 q_delta=0.376596 q_grad=0.002991
Early stopping at epoch 75; best_epoch=55.
Saved run to C:\Users\YAN_SHU_YU\Desktop\Generative-CD\Q_GNCDM\results\weak_q_lambda_sweep\lq_0p6_ls_0p5_lb_0p2\seed_2026\noise_0.20\weak-q_lq_0p6_ls_0p5_lb_0p2
Final metrics: q_hat_f1=0.371429 response_auc=0.684378 mastery_pearson=0.511449
