run=weak-q_lq_0p7_ls_0p7_lb_0p7 mode=weak-q noise=0.20 train=4200 valid=600 test=1200
epoch=1 loss_total=1.201464 loss_rec=0.725665 valid_auc=0.587567 valid_rmse=0.499758 q_change=57 q_delta=0.079236 q_grad=0.000737
epoch=2 loss_total=1.126337 loss_rec=0.705980 valid_auc=0.593694 valid_rmse=0.499344 q_change=57 q_delta=0.149929 q_grad=0.000672
epoch=3 loss_total=1.072778 loss_rec=0.700192 valid_auc=0.605290 valid_rmse=0.498638 q_change=57 q_delta=0.209387 q_grad=0.000601
epoch=4 loss_total=1.027406 loss_rec=0.694219 valid_auc=0.621964 valid_rmse=0.498098 q_change=57 q_delta=0.257489 q_grad=0.000525
epoch=5 loss_total=0.996564 loss_rec=0.694455 valid_auc=0.642288 valid_rmse=0.496485 q_change=57 q_delta=0.294974 q_grad=0.000454
epoch=6 loss_total=0.968425 loss_rec=0.690356 valid_auc=0.657489 valid_rmse=0.495824 q_change=57 q_delta=0.323549 q_grad=0.000397
epoch=7 loss_total=0.943476 loss_rec=0.683663 valid_auc=0.658438 valid_rmse=0.494133 q_change=57 q_delta=0.345027 q_grad=0.000364
epoch=8 loss_total=0.923969 loss_rec=0.677513 valid_auc=0.653616 valid_rmse=0.490706 q_change=57 q_delta=0.360176 q_grad=0.000372
epoch=9 loss_total=0.905029 loss_rec=0.667925 valid_auc=0.658371 valid_rmse=0.484003 q_change=57 q_delta=0.371101 q_grad=0.000457
epoch=10 loss_total=0.894171 loss_rec=0.664197 valid_auc=0.659074 valid_rmse=0.482484 q_change=57 q_delta=0.379442 q_grad=0.000550
epoch=11 loss_total=0.884360 loss_rec=0.659809 valid_auc=0.660268 valid_rmse=0.481299 q_change=57 q_delta=0.386651 q_grad=0.000657
epoch=12 loss_total=0.870366 loss_rec=0.650746 valid_auc=0.663717 valid_rmse=0.481926 q_change=57 q_delta=0.392596 q_grad=0.000723
epoch=13 loss_total=0.864447 loss_rec=0.648985 valid_auc=0.665290 valid_rmse=0.478743 q_change=57 q_delta=0.397743 q_grad=0.000743
epoch=14 loss_total=0.860259 loss_rec=0.648020 valid_auc=0.668069 valid_rmse=0.480068 q_change=57 q_delta=0.401611 q_grad=0.000829
epoch=15 loss_total=0.856187 loss_rec=0.646737 valid_auc=0.666384 valid_rmse=0.478439 q_change=57 q_delta=0.405338 q_grad=0.000881
epoch=16 loss_total=0.854551 loss_rec=0.647415 valid_auc=0.667969 valid_rmse=0.478324 q_change=57 q_delta=0.408171 q_grad=0.000976
epoch=17 loss_total=0.851908 loss_rec=0.646860 valid_auc=0.669900 valid_rmse=0.478783 q_change=57 q_delta=0.410669 q_grad=0.000958
epoch=18 loss_total=0.845003 loss_rec=0.641682 valid_auc=0.670547 valid_rmse=0.477899 q_change=57 q_delta=0.412953 q_grad=0.000998
epoch=19 loss_total=0.841951 loss_rec=0.640211 valid_auc=0.670525 valid_rmse=0.477771 q_change=57 q_delta=0.414889 q_grad=0.001076
epoch=20 loss_total=0.840553 loss_rec=0.640106 valid_auc=0.674096 valid_rmse=0.476293 q_change=57 q_delta=0.416710 q_grad=0.001176
epoch=21 loss_total=0.836498 loss_rec=0.637289 valid_auc=0.675312 valid_rmse=0.477173 q_change=57 q_delta=0.417994 q_grad=0.001136
epoch=22 loss_total=0.835339 loss_rec=0.637085 valid_auc=0.676953 valid_rmse=0.475823 q_change=57 q_delta=0.419223 q_grad=0.001250
epoch=23 loss_total=0.831548 loss_rec=0.634168 valid_auc=0.675960 valid_rmse=0.475417 q_change=57 q_delta=0.420469 q_grad=0.001271
epoch=24 loss_total=0.826828 loss_rec=0.630282 valid_auc=0.676384 valid_rmse=0.475806 q_change=57 q_delta=0.421419 q_grad=0.001329
epoch=25 loss_total=0.829354 loss_rec=0.633474 valid_auc=0.677433 valid_rmse=0.475414 q_change=57 q_delta=0.422146 q_grad=0.001461
epoch=26 loss_total=0.826607 loss_rec=0.631303 valid_auc=0.678237 valid_rmse=0.476178 q_change=57 q_delta=0.422830 q_grad=0.001475
epoch=27 loss_total=0.824065 loss_rec=0.629180 valid_auc=0.681830 valid_rmse=0.475626 q_change=57 q_delta=0.423283 q_grad=0.001491
epoch=28 loss_total=0.825307 loss_rec=0.630848 valid_auc=0.681217 valid_rmse=0.474761 q_change=57 q_delta=0.423867 q_grad=0.001580
epoch=29 loss_total=0.821441 loss_rec=0.627306 valid_auc=0.683315 valid_rmse=0.474433 q_change=57 q_delta=0.424186 q_grad=0.001647
epoch=30 loss_total=0.822102 loss_rec=0.628238 valid_auc=0.683560 valid_rmse=0.474638 q_change=57 q_delta=0.424346 q_grad=0.001637
epoch=31 loss_total=0.818067 loss_rec=0.624222 valid_auc=0.686261 valid_rmse=0.474003 q_change=57 q_delta=0.424342 q_grad=0.001686
epoch=32 loss_total=0.819415 loss_rec=0.625668 valid_auc=0.689029 valid_rmse=0.474749 q_change=56 q_delta=0.424216 q_grad=0.001759
epoch=33 loss_total=0.817534 loss_rec=0.623770 valid_auc=0.685100 valid_rmse=0.473183 q_change=56 q_delta=0.424788 q_grad=0.001739
epoch=34 loss_total=0.816016 loss_rec=0.622334 valid_auc=0.684676 valid_rmse=0.472979 q_change=56 q_delta=0.425381 q_grad=0.001771
epoch=35 loss_total=0.816934 loss_rec=0.623322 valid_auc=0.688225 valid_rmse=0.472185 q_change=56 q_delta=0.425922 q_grad=0.001762
epoch=36 loss_total=0.813382 loss_rec=0.619783 valid_auc=0.689900 valid_rmse=0.472749 q_change=56 q_delta=0.426128 q_grad=0.001810
epoch=37 loss_total=0.807212 loss_rec=0.613634 valid_auc=0.690067 valid_rmse=0.472498 q_change=56 q_delta=0.426436 q_grad=0.001826
epoch=38 loss_total=0.806527 loss_rec=0.613076 valid_auc=0.688661 valid_rmse=0.474887 q_change=56 q_delta=0.426667 q_grad=0.001942
epoch=39 loss_total=0.809282 loss_rec=0.615886 valid_auc=0.690011 valid_rmse=0.471915 q_change=56 q_delta=0.426955 q_grad=0.001881
epoch=40 loss_total=0.804825 loss_rec=0.611470 valid_auc=0.689866 valid_rmse=0.472095 q_change=56 q_delta=0.426959 q_grad=0.001919
epoch=41 loss_total=0.800103 loss_rec=0.606781 valid_auc=0.691842 valid_rmse=0.472276 q_change=55 q_delta=0.426990 q_grad=0.001926
epoch=42 loss_total=0.804304 loss_rec=0.610981 valid_auc=0.689330 valid_rmse=0.472392 q_change=55 q_delta=0.427149 q_grad=0.001986
epoch=43 loss_total=0.799550 loss_rec=0.606154 valid_auc=0.691496 valid_rmse=0.471892 q_change=55 q_delta=0.427504 q_grad=0.001926
epoch=44 loss_total=0.800062 loss_rec=0.606737 valid_auc=0.691763 valid_rmse=0.472123 q_change=55 q_delta=0.428036 q_grad=0.001993
epoch=45 loss_total=0.796715 loss_rec=0.603472 valid_auc=0.693225 valid_rmse=0.474625 q_change=55 q_delta=0.428384 q_grad=0.002016
epoch=46 loss_total=0.797482 loss_rec=0.604253 valid_auc=0.695156 valid_rmse=0.470373 q_change=55 q_delta=0.428879 q_grad=0.001966
epoch=47 loss_total=0.794756 loss_rec=0.601650 valid_auc=0.696395 valid_rmse=0.470881 q_change=55 q_delta=0.429250 q_grad=0.001992
epoch=48 loss_total=0.794523 loss_rec=0.601475 valid_auc=0.695368 valid_rmse=0.470401 q_change=55 q_delta=0.429555 q_grad=0.002037
epoch=49 loss_total=0.792094 loss_rec=0.599108 valid_auc=0.696239 valid_rmse=0.470343 q_change=55 q_delta=0.429795 q_grad=0.002066
epoch=50 loss_total=0.787958 loss_rec=0.595040 valid_auc=0.694018 valid_rmse=0.471217 q_change=55 q_delta=0.430065 q_grad=0.001974
epoch=51 loss_total=0.788245 loss_rec=0.595453 valid_auc=0.697109 valid_rmse=0.472323 q_change=55 q_delta=0.430230 q_grad=0.002105
epoch=52 loss_total=0.789542 loss_rec=0.596861 valid_auc=0.694520 valid_rmse=0.470975 q_change=54 q_delta=0.430562 q_grad=0.002110
epoch=53 loss_total=0.791152 loss_rec=0.598538 valid_auc=0.696395 valid_rmse=0.470453 q_change=54 q_delta=0.430782 q_grad=0.002117
epoch=54 loss_total=0.783143 loss_rec=0.590647 valid_auc=0.694342 valid_rmse=0.472007 q_change=54 q_delta=0.430973 q_grad=0.002081
epoch=55 loss_total=0.782506 loss_rec=0.590150 valid_auc=0.698594 valid_rmse=0.470307 q_change=54 q_delta=0.431149 q_grad=0.002136
epoch=56 loss_total=0.783862 loss_rec=0.591589 valid_auc=0.695792 valid_rmse=0.470899 q_change=54 q_delta=0.431340 q_grad=0.002175
epoch=57 loss_total=0.781944 loss_rec=0.589758 valid_auc=0.696395 valid_rmse=0.472988 q_change=54 q_delta=0.431439 q_grad=0.002250
epoch=58 loss_total=0.778519 loss_rec=0.586395 valid_auc=0.695056 valid_rmse=0.473762 q_change=54 q_delta=0.431567 q_grad=0.002210
epoch=59 loss_total=0.778772 loss_rec=0.586822 valid_auc=0.694386 valid_rmse=0.471510 q_change=54 q_delta=0.431896 q_grad=0.002208
epoch=60 loss_total=0.778117 loss_rec=0.586258 valid_auc=0.695458 valid_rmse=0.472827 q_change=54 q_delta=0.431958 q_grad=0.002248
epoch=61 loss_total=0.776598 loss_rec=0.584793 valid_auc=0.694710 valid_rmse=0.472454 q_change=54 q_delta=0.432152 q_grad=0.002306
epoch=62 loss_total=0.774134 loss_rec=0.582427 valid_auc=0.693426 valid_rmse=0.472240 q_change=54 q_delta=0.432269 q_grad=0.002273
epoch=63 loss_total=0.775044 loss_rec=0.583365 valid_auc=0.691696 valid_rmse=0.473164 q_change=54 q_delta=0.432266 q_grad=0.002312
epoch=64 loss_total=0.777426 loss_rec=0.585808 valid_auc=0.695547 valid_rmse=0.474644 q_change=54 q_delta=0.432234 q_grad=0.002370
epoch=65 loss_total=0.771748 loss_rec=0.580144 valid_auc=0.692969 valid_rmse=0.472625 q_change=53 q_delta=0.432396 q_grad=0.002270
epoch=66 loss_total=0.772160 loss_rec=0.580577 valid_auc=0.692489 valid_rmse=0.473378 q_change=53 q_delta=0.432330 q_grad=0.002416
epoch=67 loss_total=0.773873 loss_rec=0.582295 valid_auc=0.690536 valid_rmse=0.474688 q_change=53 q_delta=0.432258 q_grad=0.002405
epoch=68 loss_total=0.768960 loss_rec=0.577326 valid_auc=0.691574 valid_rmse=0.476168 q_change=53 q_delta=0.432110 q_grad=0.002418
epoch=69 loss_total=0.765478 loss_rec=0.573785 valid_auc=0.693951 valid_rmse=0.481088 q_change=53 q_delta=0.431853 q_grad=0.002510
epoch=70 loss_total=0.763543 loss_rec=0.571718 valid_auc=0.689074 valid_rmse=0.474718 q_change=53 q_delta=0.431804 q_grad=0.002523
epoch=71 loss_total=0.764486 loss_rec=0.572600 valid_auc=0.689632 valid_rmse=0.474790 q_change=52 q_delta=0.431600 q_grad=0.002547
epoch=72 loss_total=0.762774 loss_rec=0.570721 valid_auc=0.688560 valid_rmse=0.475341 q_change=52 q_delta=0.431805 q_grad=0.002558
epoch=73 loss_total=0.757227 loss_rec=0.565115 valid_auc=0.686094 valid_rmse=0.476348 q_change=52 q_delta=0.432160 q_grad=0.002621
epoch=74 loss_total=0.760725 loss_rec=0.568465 valid_auc=0.686730 valid_rmse=0.477200 q_change=52 q_delta=0.432342 q_grad=0.002588
epoch=75 loss_total=0.758604 loss_rec=0.566204 valid_auc=0.683549 valid_rmse=0.484567 q_change=52 q_delta=0.432439 q_grad=0.002605
Early stopping at epoch 75; best_epoch=55.
Saved run to C:\Users\YAN_SHU_YU\Desktop\Generative-CD\Q_GNCDM\results\weak_q_lambda_sweep\lq_0p7_ls_0p7_lb_0p7\seed_2026\noise_0.20\weak-q_lq_0p7_ls_0p7_lb_0p7
Final metrics: q_hat_f1=0.101695 response_auc=0.686555 mastery_pearson=0.332231
