run=weak-q_lq_0p05_ls_0p4_lb_0p3 mode=weak-q noise=0.20 train=4200 valid=600 test=1200
epoch=1 loss_total=0.972489 loss_rec=0.725663 valid_auc=0.587846 valid_rmse=0.499753 q_change=57 q_delta=0.079501 q_grad=0.000432
epoch=2 loss_total=0.918047 loss_rec=0.705975 valid_auc=0.595262 valid_rmse=0.499316 q_change=57 q_delta=0.152152 q_grad=0.000424
epoch=3 loss_total=0.879221 loss_rec=0.700167 valid_auc=0.609844 valid_rmse=0.498569 q_change=57 q_delta=0.214233 q_grad=0.000406
epoch=4 loss_total=0.843913 loss_rec=0.694186 valid_auc=0.630223 valid_rmse=0.497997 q_change=57 q_delta=0.264598 q_grad=0.000374
epoch=5 loss_total=0.820068 loss_rec=0.694415 valid_auc=0.651283 valid_rmse=0.496358 q_change=57 q_delta=0.303174 q_grad=0.000341
epoch=6 loss_total=0.797017 loss_rec=0.690256 valid_auc=0.664007 valid_rmse=0.495613 q_change=57 q_delta=0.331683 q_grad=0.000313
epoch=7 loss_total=0.775779 loss_rec=0.683275 valid_auc=0.662054 valid_rmse=0.493635 q_change=57 q_delta=0.352219 q_grad=0.000306
epoch=8 loss_total=0.758765 loss_rec=0.676316 valid_auc=0.657835 valid_rmse=0.489479 q_change=57 q_delta=0.365663 q_grad=0.000347
epoch=9 loss_total=0.741150 loss_rec=0.665420 valid_auc=0.661239 valid_rmse=0.482653 q_change=57 q_delta=0.375118 q_grad=0.000459
epoch=10 loss_total=0.733175 loss_rec=0.662714 valid_auc=0.662199 valid_rmse=0.481808 q_change=57 q_delta=0.382588 q_grad=0.000561
epoch=11 loss_total=0.725255 loss_rec=0.658856 valid_auc=0.661864 valid_rmse=0.480780 q_change=57 q_delta=0.389095 q_grad=0.000667
epoch=12 loss_total=0.713165 loss_rec=0.650476 valid_auc=0.665391 valid_rmse=0.481706 q_change=57 q_delta=0.394383 q_grad=0.000731
epoch=13 loss_total=0.708279 loss_rec=0.648698 valid_auc=0.666060 valid_rmse=0.478791 q_change=57 q_delta=0.399060 q_grad=0.000747
epoch=14 loss_total=0.704995 loss_rec=0.647835 valid_auc=0.667232 valid_rmse=0.480278 q_change=57 q_delta=0.402424 q_grad=0.000835
epoch=15 loss_total=0.701999 loss_rec=0.646915 valid_auc=0.665056 valid_rmse=0.478746 q_change=57 q_delta=0.405826 q_grad=0.000884
epoch=16 loss_total=0.700945 loss_rec=0.647616 valid_auc=0.666518 valid_rmse=0.478595 q_change=57 q_delta=0.408327 q_grad=0.000980
epoch=17 loss_total=0.698863 loss_rec=0.647089 valid_auc=0.668616 valid_rmse=0.479002 q_change=57 q_delta=0.410528 q_grad=0.000959
epoch=18 loss_total=0.692491 loss_rec=0.642019 valid_auc=0.668739 valid_rmse=0.478671 q_change=57 q_delta=0.412557 q_grad=0.000998
epoch=19 loss_total=0.689861 loss_rec=0.640598 valid_auc=0.668873 valid_rmse=0.478221 q_change=57 q_delta=0.414341 q_grad=0.001073
epoch=20 loss_total=0.688701 loss_rec=0.640431 valid_auc=0.672054 valid_rmse=0.476907 q_change=57 q_delta=0.416045 q_grad=0.001176
epoch=21 loss_total=0.685176 loss_rec=0.637860 valid_auc=0.672533 valid_rmse=0.477674 q_change=57 q_delta=0.417213 q_grad=0.001137
epoch=22 loss_total=0.684186 loss_rec=0.637606 valid_auc=0.673125 valid_rmse=0.476557 q_change=57 q_delta=0.418374 q_grad=0.001252
epoch=23 loss_total=0.680843 loss_rec=0.634952 valid_auc=0.672132 valid_rmse=0.476282 q_change=57 q_delta=0.419542 q_grad=0.001273
epoch=24 loss_total=0.676271 loss_rec=0.631034 valid_auc=0.673036 valid_rmse=0.476833 q_change=57 q_delta=0.420439 q_grad=0.001337
epoch=25 loss_total=0.678773 loss_rec=0.634068 valid_auc=0.673538 valid_rmse=0.476456 q_change=57 q_delta=0.421178 q_grad=0.001469
epoch=26 loss_total=0.676575 loss_rec=0.632356 valid_auc=0.674866 valid_rmse=0.476987 q_change=57 q_delta=0.421863 q_grad=0.001484
epoch=27 loss_total=0.674598 loss_rec=0.630738 valid_auc=0.677634 valid_rmse=0.476335 q_change=57 q_delta=0.422387 q_grad=0.001502
epoch=28 loss_total=0.675324 loss_rec=0.631830 valid_auc=0.677645 valid_rmse=0.475820 q_change=57 q_delta=0.423053 q_grad=0.001593
epoch=29 loss_total=0.672223 loss_rec=0.629072 valid_auc=0.679509 valid_rmse=0.475701 q_change=57 q_delta=0.423543 q_grad=0.001660
epoch=30 loss_total=0.673553 loss_rec=0.630716 valid_auc=0.679520 valid_rmse=0.476441 q_change=57 q_delta=0.423910 q_grad=0.001661
epoch=31 loss_total=0.670146 loss_rec=0.627504 valid_auc=0.680190 valid_rmse=0.475462 q_change=57 q_delta=0.424290 q_grad=0.001705
epoch=32 loss_total=0.671584 loss_rec=0.629188 valid_auc=0.681529 valid_rmse=0.476250 q_change=57 q_delta=0.424555 q_grad=0.001778
epoch=33 loss_total=0.670383 loss_rec=0.628144 valid_auc=0.679487 valid_rmse=0.475189 q_change=57 q_delta=0.425116 q_grad=0.001770
epoch=34 loss_total=0.670216 loss_rec=0.628194 valid_auc=0.678036 valid_rmse=0.475126 q_change=57 q_delta=0.425260 q_grad=0.001809
epoch=35 loss_total=0.671488 loss_rec=0.629591 valid_auc=0.679609 valid_rmse=0.474560 q_change=57 q_delta=0.425467 q_grad=0.001806
epoch=36 loss_total=0.668389 loss_rec=0.626614 valid_auc=0.679185 valid_rmse=0.475566 q_change=57 q_delta=0.425426 q_grad=0.001839
epoch=37 loss_total=0.663144 loss_rec=0.621396 valid_auc=0.681373 valid_rmse=0.474982 q_change=57 q_delta=0.425355 q_grad=0.001885
epoch=38 loss_total=0.662535 loss_rec=0.620753 valid_auc=0.680078 valid_rmse=0.476694 q_change=57 q_delta=0.425171 q_grad=0.002005
epoch=39 loss_total=0.665601 loss_rec=0.623823 valid_auc=0.680357 valid_rmse=0.474606 q_change=56 q_delta=0.425139 q_grad=0.001954
epoch=40 loss_total=0.661374 loss_rec=0.619618 valid_auc=0.680335 valid_rmse=0.475069 q_change=56 q_delta=0.425726 q_grad=0.002000
epoch=41 loss_total=0.656884 loss_rec=0.615178 valid_auc=0.682277 valid_rmse=0.475032 q_change=56 q_delta=0.426358 q_grad=0.002015
epoch=42 loss_total=0.660750 loss_rec=0.619148 valid_auc=0.678728 valid_rmse=0.475907 q_change=56 q_delta=0.426966 q_grad=0.002068
epoch=43 loss_total=0.656967 loss_rec=0.615474 valid_auc=0.682433 valid_rmse=0.474888 q_change=56 q_delta=0.427371 q_grad=0.002011
epoch=44 loss_total=0.657586 loss_rec=0.616278 valid_auc=0.681484 valid_rmse=0.475356 q_change=56 q_delta=0.427835 q_grad=0.002090
epoch=45 loss_total=0.655591 loss_rec=0.614443 valid_auc=0.681853 valid_rmse=0.477280 q_change=56 q_delta=0.428102 q_grad=0.002120
epoch=46 loss_total=0.656844 loss_rec=0.615844 valid_auc=0.682522 valid_rmse=0.474359 q_change=56 q_delta=0.428601 q_grad=0.002064
epoch=47 loss_total=0.654350 loss_rec=0.613531 valid_auc=0.684007 valid_rmse=0.474800 q_change=56 q_delta=0.428814 q_grad=0.002094
epoch=48 loss_total=0.655423 loss_rec=0.614719 valid_auc=0.683973 valid_rmse=0.474012 q_change=56 q_delta=0.429187 q_grad=0.002148
epoch=49 loss_total=0.653539 loss_rec=0.612962 valid_auc=0.683839 valid_rmse=0.474233 q_change=56 q_delta=0.429408 q_grad=0.002172
epoch=50 loss_total=0.650223 loss_rec=0.609773 valid_auc=0.681819 valid_rmse=0.475178 q_change=56 q_delta=0.429663 q_grad=0.002075
epoch=51 loss_total=0.650724 loss_rec=0.610435 valid_auc=0.684442 valid_rmse=0.475762 q_change=56 q_delta=0.429759 q_grad=0.002211
epoch=52 loss_total=0.652053 loss_rec=0.611859 valid_auc=0.682612 valid_rmse=0.474706 q_change=56 q_delta=0.430067 q_grad=0.002231
epoch=53 loss_total=0.654243 loss_rec=0.614183 valid_auc=0.684810 valid_rmse=0.474134 q_change=56 q_delta=0.430292 q_grad=0.002206
epoch=54 loss_total=0.646544 loss_rec=0.606616 valid_auc=0.683594 valid_rmse=0.475403 q_change=56 q_delta=0.430418 q_grad=0.002179
epoch=55 loss_total=0.647074 loss_rec=0.607244 valid_auc=0.686071 valid_rmse=0.473955 q_change=56 q_delta=0.430600 q_grad=0.002197
epoch=56 loss_total=0.648893 loss_rec=0.609159 valid_auc=0.682768 valid_rmse=0.474367 q_change=56 q_delta=0.430784 q_grad=0.002261
epoch=57 loss_total=0.648329 loss_rec=0.608668 valid_auc=0.685368 valid_rmse=0.475164 q_change=56 q_delta=0.430764 q_grad=0.002324
epoch=58 loss_total=0.644540 loss_rec=0.604931 valid_auc=0.684051 valid_rmse=0.475553 q_change=56 q_delta=0.430927 q_grad=0.002267
epoch=59 loss_total=0.645031 loss_rec=0.605560 valid_auc=0.683996 valid_rmse=0.474072 q_change=56 q_delta=0.431122 q_grad=0.002273
epoch=60 loss_total=0.644266 loss_rec=0.604839 valid_auc=0.686150 valid_rmse=0.474293 q_change=56 q_delta=0.431130 q_grad=0.002326
epoch=61 loss_total=0.643979 loss_rec=0.604568 valid_auc=0.686529 valid_rmse=0.474253 q_change=56 q_delta=0.431178 q_grad=0.002349
epoch=62 loss_total=0.642511 loss_rec=0.603186 valid_auc=0.686607 valid_rmse=0.473483 q_change=56 q_delta=0.431304 q_grad=0.002285
epoch=63 loss_total=0.643975 loss_rec=0.604639 valid_auc=0.686897 valid_rmse=0.473801 q_change=56 q_delta=0.431190 q_grad=0.002306
epoch=64 loss_total=0.647255 loss_rec=0.607979 valid_auc=0.690145 valid_rmse=0.474766 q_change=56 q_delta=0.431130 q_grad=0.002385
epoch=65 loss_total=0.640280 loss_rec=0.600982 valid_auc=0.688683 valid_rmse=0.472754 q_change=56 q_delta=0.431223 q_grad=0.002241
epoch=66 loss_total=0.641061 loss_rec=0.601794 valid_auc=0.691127 valid_rmse=0.472532 q_change=56 q_delta=0.431082 q_grad=0.002383
epoch=67 loss_total=0.643147 loss_rec=0.603853 valid_auc=0.688382 valid_rmse=0.473750 q_change=56 q_delta=0.430976 q_grad=0.002334
epoch=68 loss_total=0.638694 loss_rec=0.599385 valid_auc=0.691507 valid_rmse=0.473205 q_change=55 q_delta=0.430810 q_grad=0.002350
epoch=69 loss_total=0.634822 loss_rec=0.595510 valid_auc=0.694364 valid_rmse=0.477311 q_change=55 q_delta=0.430647 q_grad=0.002423
epoch=70 loss_total=0.635384 loss_rec=0.596076 valid_auc=0.691429 valid_rmse=0.472149 q_change=55 q_delta=0.431209 q_grad=0.002413
epoch=71 loss_total=0.636640 loss_rec=0.597367 valid_auc=0.690558 valid_rmse=0.472355 q_change=54 q_delta=0.431529 q_grad=0.002396
epoch=72 loss_total=0.634542 loss_rec=0.595268 valid_auc=0.691685 valid_rmse=0.472958 q_change=54 q_delta=0.431750 q_grad=0.002432
epoch=73 loss_total=0.631680 loss_rec=0.592475 valid_auc=0.688538 valid_rmse=0.473406 q_change=54 q_delta=0.432074 q_grad=0.002481
epoch=74 loss_total=0.634298 loss_rec=0.595114 valid_auc=0.691819 valid_rmse=0.472967 q_change=54 q_delta=0.432414 q_grad=0.002441
epoch=75 loss_total=0.632468 loss_rec=0.593316 valid_auc=0.690011 valid_rmse=0.477897 q_change=54 q_delta=0.432646 q_grad=0.002439
epoch=76 loss_total=0.631859 loss_rec=0.592717 valid_auc=0.687980 valid_rmse=0.473225 q_change=54 q_delta=0.433081 q_grad=0.002406
epoch=77 loss_total=0.625865 loss_rec=0.586754 valid_auc=0.689509 valid_rmse=0.476446 q_change=54 q_delta=0.433192 q_grad=0.002420
epoch=78 loss_total=0.626697 loss_rec=0.587621 valid_auc=0.688627 valid_rmse=0.474639 q_change=54 q_delta=0.433472 q_grad=0.002615
epoch=79 loss_total=0.626530 loss_rec=0.587501 valid_auc=0.687723 valid_rmse=0.474109 q_change=54 q_delta=0.433716 q_grad=0.002676
epoch=80 loss_total=0.625198 loss_rec=0.586189 valid_auc=0.687734 valid_rmse=0.474041 q_change=54 q_delta=0.433911 q_grad=0.002594
epoch=81 loss_total=0.622004 loss_rec=0.583028 valid_auc=0.689732 valid_rmse=0.475391 q_change=54 q_delta=0.434064 q_grad=0.002690
epoch=82 loss_total=0.621670 loss_rec=0.582714 valid_auc=0.687176 valid_rmse=0.475486 q_change=54 q_delta=0.434152 q_grad=0.002727
epoch=83 loss_total=0.619778 loss_rec=0.580833 valid_auc=0.687266 valid_rmse=0.478490 q_change=54 q_delta=0.434250 q_grad=0.002707
epoch=84 loss_total=0.620365 loss_rec=0.581437 valid_auc=0.687790 valid_rmse=0.475482 q_change=54 q_delta=0.434486 q_grad=0.002790
epoch=85 loss_total=0.620303 loss_rec=0.581388 valid_auc=0.686110 valid_rmse=0.479497 q_change=54 q_delta=0.434448 q_grad=0.002866
epoch=86 loss_total=0.622385 loss_rec=0.583470 valid_auc=0.684487 valid_rmse=0.476771 q_change=54 q_delta=0.434627 q_grad=0.002867
epoch=87 loss_total=0.616482 loss_rec=0.577611 valid_auc=0.682980 valid_rmse=0.477805 q_change=54 q_delta=0.434731 q_grad=0.002806
epoch=88 loss_total=0.611004 loss_rec=0.572160 valid_auc=0.683036 valid_rmse=0.477674 q_change=54 q_delta=0.434891 q_grad=0.002905
epoch=89 loss_total=0.612208 loss_rec=0.573412 valid_auc=0.683170 valid_rmse=0.483316 q_change=54 q_delta=0.434894 q_grad=0.002962
Early stopping at epoch 89; best_epoch=69.
Saved run to C:\Users\YAN_SHU_YU\Desktop\Generative-CD\Q_GNCDM\results\weak_q_lambda_sweep\lq_0p05_ls_0p4_lb_0p3\seed_2026\noise_0.20\weak-q_lq_0p05_ls_0p4_lb_0p3
Final metrics: q_hat_f1=0.068966 response_auc=0.685362 mastery_pearson=0.312152
