run=weak-q_lq_0p3_ls_0p9_lb_0p2 mode=weak-q noise=0.20 train=4200 valid=600 test=1200
epoch=1 loss_total=1.165786 loss_rec=0.725665 valid_auc=0.587433 valid_rmse=0.499759 q_change=57 q_delta=0.079202 q_grad=0.000906
epoch=2 loss_total=1.078759 loss_rec=0.705985 valid_auc=0.592991 valid_rmse=0.499354 q_change=57 q_delta=0.149583 q_grad=0.000817
epoch=3 loss_total=1.015947 loss_rec=0.700215 valid_auc=0.603516 valid_rmse=0.498666 q_change=57 q_delta=0.208586 q_grad=0.000721
epoch=4 loss_total=0.963644 loss_rec=0.694268 valid_auc=0.619442 valid_rmse=0.498147 q_change=57 q_delta=0.256263 q_grad=0.000625
epoch=5 loss_total=0.927654 loss_rec=0.694545 valid_auc=0.639118 valid_rmse=0.496565 q_change=57 q_delta=0.293569 q_grad=0.000534
epoch=6 loss_total=0.895676 loss_rec=0.690537 valid_auc=0.654978 valid_rmse=0.495973 q_change=57 q_delta=0.322260 q_grad=0.000459
epoch=7 loss_total=0.867921 loss_rec=0.684088 valid_auc=0.656696 valid_rmse=0.494457 q_change=57 q_delta=0.344123 q_grad=0.000408
epoch=8 loss_total=0.846493 loss_rec=0.678494 valid_auc=0.651853 valid_rmse=0.491429 q_change=57 q_delta=0.360035 q_grad=0.000395
epoch=9 loss_total=0.826432 loss_rec=0.669823 valid_auc=0.656451 valid_rmse=0.485029 q_change=57 q_delta=0.371774 q_grad=0.000457
epoch=10 loss_total=0.813845 loss_rec=0.665902 valid_auc=0.657578 valid_rmse=0.483142 q_change=57 q_delta=0.380675 q_grad=0.000537
epoch=11 loss_total=0.802615 loss_rec=0.661225 valid_auc=0.658571 valid_rmse=0.481938 q_change=57 q_delta=0.388277 q_grad=0.000641
epoch=12 loss_total=0.787433 loss_rec=0.651944 valid_auc=0.662288 valid_rmse=0.482494 q_change=57 q_delta=0.394617 q_grad=0.000706
epoch=13 loss_total=0.780742 loss_rec=0.650239 valid_auc=0.664397 valid_rmse=0.479146 q_change=57 q_delta=0.400073 q_grad=0.000724
epoch=14 loss_total=0.775849 loss_rec=0.649249 valid_auc=0.667132 valid_rmse=0.480475 q_change=57 q_delta=0.404283 q_grad=0.000804
epoch=15 loss_total=0.771278 loss_rec=0.648066 valid_auc=0.665893 valid_rmse=0.478811 q_change=57 q_delta=0.408257 q_grad=0.000851
epoch=16 loss_total=0.769118 loss_rec=0.648709 valid_auc=0.667254 valid_rmse=0.478787 q_change=57 q_delta=0.411359 q_grad=0.000936
epoch=17 loss_total=0.766311 loss_rec=0.648450 valid_auc=0.668761 valid_rmse=0.479349 q_change=57 q_delta=0.414101 q_grad=0.000914
epoch=18 loss_total=0.759183 loss_rec=0.643459 valid_auc=0.669888 valid_rmse=0.478394 q_change=57 q_delta=0.416607 q_grad=0.000948
epoch=19 loss_total=0.755797 loss_rec=0.642000 valid_auc=0.669632 valid_rmse=0.478389 q_change=57 q_delta=0.418734 q_grad=0.001018
epoch=20 loss_total=0.754320 loss_rec=0.642123 valid_auc=0.672902 valid_rmse=0.476927 q_change=57 q_delta=0.420733 q_grad=0.001109
epoch=21 loss_total=0.750084 loss_rec=0.639424 valid_auc=0.673359 valid_rmse=0.477840 q_change=57 q_delta=0.422216 q_grad=0.001067
epoch=22 loss_total=0.748984 loss_rec=0.639540 valid_auc=0.674509 valid_rmse=0.476582 q_change=57 q_delta=0.423654 q_grad=0.001168
epoch=23 loss_total=0.744984 loss_rec=0.636679 valid_auc=0.673806 valid_rmse=0.476184 q_change=57 q_delta=0.425074 q_grad=0.001183
epoch=24 loss_total=0.740354 loss_rec=0.633115 valid_auc=0.673996 valid_rmse=0.476561 q_change=57 q_delta=0.426207 q_grad=0.001235
epoch=25 loss_total=0.742810 loss_rec=0.636446 valid_auc=0.674676 valid_rmse=0.476168 q_change=57 q_delta=0.427137 q_grad=0.001351
epoch=26 loss_total=0.740014 loss_rec=0.634440 valid_auc=0.675257 valid_rmse=0.476972 q_change=57 q_delta=0.428016 q_grad=0.001364
epoch=27 loss_total=0.737542 loss_rec=0.632595 valid_auc=0.678326 valid_rmse=0.476478 q_change=57 q_delta=0.428720 q_grad=0.001376
epoch=28 loss_total=0.738792 loss_rec=0.634476 valid_auc=0.678694 valid_rmse=0.475523 q_change=57 q_delta=0.429517 q_grad=0.001451
epoch=29 loss_total=0.735176 loss_rec=0.631402 valid_auc=0.680446 valid_rmse=0.475415 q_change=57 q_delta=0.430113 q_grad=0.001515
epoch=30 loss_total=0.736102 loss_rec=0.632830 valid_auc=0.680748 valid_rmse=0.475592 q_change=57 q_delta=0.430609 q_grad=0.001507
epoch=31 loss_total=0.732334 loss_rec=0.629373 valid_auc=0.682679 valid_rmse=0.475072 q_change=57 q_delta=0.431055 q_grad=0.001550
epoch=32 loss_total=0.734209 loss_rec=0.631628 valid_auc=0.682935 valid_rmse=0.476040 q_change=57 q_delta=0.431361 q_grad=0.001619
epoch=33 loss_total=0.732905 loss_rec=0.630559 valid_auc=0.680871 valid_rmse=0.474370 q_change=57 q_delta=0.431907 q_grad=0.001604
epoch=34 loss_total=0.731796 loss_rec=0.629771 valid_auc=0.679609 valid_rmse=0.474102 q_change=57 q_delta=0.432142 q_grad=0.001634
epoch=35 loss_total=0.733260 loss_rec=0.631431 valid_auc=0.682879 valid_rmse=0.473424 q_change=57 q_delta=0.432349 q_grad=0.001630
epoch=36 loss_total=0.729949 loss_rec=0.628238 valid_auc=0.684654 valid_rmse=0.474291 q_change=57 q_delta=0.432344 q_grad=0.001673
epoch=37 loss_total=0.724229 loss_rec=0.622560 valid_auc=0.686027 valid_rmse=0.473522 q_change=57 q_delta=0.432363 q_grad=0.001706
epoch=38 loss_total=0.723245 loss_rec=0.621568 valid_auc=0.685480 valid_rmse=0.475545 q_change=57 q_delta=0.432362 q_grad=0.001818
epoch=39 loss_total=0.726646 loss_rec=0.625018 valid_auc=0.686083 valid_rmse=0.473168 q_change=56 q_delta=0.432513 q_grad=0.001771
epoch=40 loss_total=0.722375 loss_rec=0.620759 valid_auc=0.686652 valid_rmse=0.473239 q_change=56 q_delta=0.432794 q_grad=0.001807
epoch=41 loss_total=0.717826 loss_rec=0.616203 valid_auc=0.689799 valid_rmse=0.473480 q_change=56 q_delta=0.433317 q_grad=0.001831
epoch=42 loss_total=0.722457 loss_rec=0.620862 valid_auc=0.685078 valid_rmse=0.473788 q_change=56 q_delta=0.433904 q_grad=0.001878
epoch=43 loss_total=0.718248 loss_rec=0.616649 valid_auc=0.688036 valid_rmse=0.472906 q_change=56 q_delta=0.434184 q_grad=0.001822
epoch=44 loss_total=0.719104 loss_rec=0.617597 valid_auc=0.687946 valid_rmse=0.473323 q_change=56 q_delta=0.434664 q_grad=0.001898
epoch=45 loss_total=0.716391 loss_rec=0.614984 valid_auc=0.689029 valid_rmse=0.475726 q_change=56 q_delta=0.434870 q_grad=0.001926
epoch=46 loss_total=0.717614 loss_rec=0.616242 valid_auc=0.689464 valid_rmse=0.471732 q_change=56 q_delta=0.435265 q_grad=0.001883
epoch=47 loss_total=0.714750 loss_rec=0.613470 valid_auc=0.691842 valid_rmse=0.471963 q_change=56 q_delta=0.435417 q_grad=0.001905
epoch=48 loss_total=0.715352 loss_rec=0.614093 valid_auc=0.691116 valid_rmse=0.471310 q_change=56 q_delta=0.435635 q_grad=0.001935
epoch=49 loss_total=0.713299 loss_rec=0.611988 valid_auc=0.691529 valid_rmse=0.471398 q_change=56 q_delta=0.435704 q_grad=0.001963
epoch=50 loss_total=0.709220 loss_rec=0.607905 valid_auc=0.689252 valid_rmse=0.472071 q_change=56 q_delta=0.435752 q_grad=0.001868
epoch=51 loss_total=0.709427 loss_rec=0.608094 valid_auc=0.693460 valid_rmse=0.472849 q_change=56 q_delta=0.435704 q_grad=0.002003
epoch=52 loss_total=0.710509 loss_rec=0.609097 valid_auc=0.690882 valid_rmse=0.471481 q_change=56 q_delta=0.435788 q_grad=0.002005
epoch=53 loss_total=0.711996 loss_rec=0.610521 valid_auc=0.694286 valid_rmse=0.470771 q_change=55 q_delta=0.435822 q_grad=0.001985
epoch=54 loss_total=0.704190 loss_rec=0.602692 valid_auc=0.692946 valid_rmse=0.471987 q_change=55 q_delta=0.436060 q_grad=0.001952
epoch=55 loss_total=0.703935 loss_rec=0.602379 valid_auc=0.696473 valid_rmse=0.470588 q_change=55 q_delta=0.436483 q_grad=0.002001
epoch=56 loss_total=0.705437 loss_rec=0.603878 valid_auc=0.694442 valid_rmse=0.470839 q_change=55 q_delta=0.436885 q_grad=0.002039
epoch=57 loss_total=0.703649 loss_rec=0.602066 valid_auc=0.695949 valid_rmse=0.472575 q_change=55 q_delta=0.437145 q_grad=0.002079
epoch=58 loss_total=0.700267 loss_rec=0.598648 valid_auc=0.694208 valid_rmse=0.472756 q_change=55 q_delta=0.437504 q_grad=0.002040
epoch=59 loss_total=0.699894 loss_rec=0.598394 valid_auc=0.693549 valid_rmse=0.470973 q_change=55 q_delta=0.437920 q_grad=0.002043
epoch=60 loss_total=0.699110 loss_rec=0.597650 valid_auc=0.695815 valid_rmse=0.471935 q_change=55 q_delta=0.438143 q_grad=0.002070
epoch=61 loss_total=0.698244 loss_rec=0.596794 valid_auc=0.695033 valid_rmse=0.471674 q_change=55 q_delta=0.438467 q_grad=0.002117
epoch=62 loss_total=0.696401 loss_rec=0.595012 valid_auc=0.694978 valid_rmse=0.471040 q_change=54 q_delta=0.438735 q_grad=0.002065
epoch=63 loss_total=0.697518 loss_rec=0.596136 valid_auc=0.692868 valid_rmse=0.472232 q_change=54 q_delta=0.438847 q_grad=0.002095
epoch=64 loss_total=0.700353 loss_rec=0.599076 valid_auc=0.697232 valid_rmse=0.473450 q_change=54 q_delta=0.439055 q_grad=0.002148
epoch=65 loss_total=0.694195 loss_rec=0.592946 valid_auc=0.694911 valid_rmse=0.471189 q_change=54 q_delta=0.439368 q_grad=0.002048
epoch=66 loss_total=0.694696 loss_rec=0.593517 valid_auc=0.696127 valid_rmse=0.471840 q_change=54 q_delta=0.439485 q_grad=0.002180
epoch=67 loss_total=0.697230 loss_rec=0.596081 valid_auc=0.693650 valid_rmse=0.473132 q_change=54 q_delta=0.439659 q_grad=0.002156
epoch=68 loss_total=0.693125 loss_rec=0.592057 valid_auc=0.694933 valid_rmse=0.473712 q_change=54 q_delta=0.439816 q_grad=0.002163
epoch=69 loss_total=0.689827 loss_rec=0.588839 valid_auc=0.698069 valid_rmse=0.478653 q_change=54 q_delta=0.439898 q_grad=0.002241
epoch=70 loss_total=0.689525 loss_rec=0.588564 valid_auc=0.694386 valid_rmse=0.471824 q_change=54 q_delta=0.440223 q_grad=0.002235
epoch=71 loss_total=0.691893 loss_rec=0.590990 valid_auc=0.694621 valid_rmse=0.472098 q_change=54 q_delta=0.440382 q_grad=0.002243
epoch=72 loss_total=0.690447 loss_rec=0.589592 valid_auc=0.693449 valid_rmse=0.472596 q_change=54 q_delta=0.440562 q_grad=0.002252
epoch=73 loss_total=0.687111 loss_rec=0.586391 valid_auc=0.690714 valid_rmse=0.472950 q_change=54 q_delta=0.440749 q_grad=0.002307
epoch=74 loss_total=0.691334 loss_rec=0.590669 valid_auc=0.692623 valid_rmse=0.473508 q_change=54 q_delta=0.440865 q_grad=0.002244
epoch=75 loss_total=0.689352 loss_rec=0.588688 valid_auc=0.690379 valid_rmse=0.480124 q_change=54 q_delta=0.440898 q_grad=0.002248
epoch=76 loss_total=0.689505 loss_rec=0.588844 valid_auc=0.689654 valid_rmse=0.472935 q_change=54 q_delta=0.441130 q_grad=0.002238
epoch=77 loss_total=0.683195 loss_rec=0.582585 valid_auc=0.690078 valid_rmse=0.476544 q_change=54 q_delta=0.441100 q_grad=0.002241
epoch=78 loss_total=0.683929 loss_rec=0.583362 valid_auc=0.689732 valid_rmse=0.474787 q_change=54 q_delta=0.441202 q_grad=0.002404
epoch=79 loss_total=0.683281 loss_rec=0.582798 valid_auc=0.689096 valid_rmse=0.473919 q_change=54 q_delta=0.441335 q_grad=0.002464
epoch=80 loss_total=0.683986 loss_rec=0.583527 valid_auc=0.688717 valid_rmse=0.473604 q_change=54 q_delta=0.441388 q_grad=0.002383
epoch=81 loss_total=0.679786 loss_rec=0.579394 valid_auc=0.689587 valid_rmse=0.475835 q_change=54 q_delta=0.441486 q_grad=0.002431
epoch=82 loss_total=0.680025 loss_rec=0.579685 valid_auc=0.688884 valid_rmse=0.475003 q_change=54 q_delta=0.441543 q_grad=0.002479
epoch=83 loss_total=0.679037 loss_rec=0.578760 valid_auc=0.688650 valid_rmse=0.479080 q_change=54 q_delta=0.441580 q_grad=0.002441
epoch=84 loss_total=0.679664 loss_rec=0.579403 valid_auc=0.689096 valid_rmse=0.475655 q_change=54 q_delta=0.441772 q_grad=0.002536
epoch=85 loss_total=0.681491 loss_rec=0.581269 valid_auc=0.688906 valid_rmse=0.479291 q_change=54 q_delta=0.441673 q_grad=0.002560
epoch=86 loss_total=0.682658 loss_rec=0.582442 valid_auc=0.688426 valid_rmse=0.476185 q_change=54 q_delta=0.441782 q_grad=0.002534
epoch=87 loss_total=0.676640 loss_rec=0.576484 valid_auc=0.686339 valid_rmse=0.476921 q_change=54 q_delta=0.441830 q_grad=0.002471
epoch=88 loss_total=0.670309 loss_rec=0.570170 valid_auc=0.685502 valid_rmse=0.476676 q_change=54 q_delta=0.441907 q_grad=0.002573
epoch=89 loss_total=0.672359 loss_rec=0.572271 valid_auc=0.685625 valid_rmse=0.482400 q_change=54 q_delta=0.441898 q_grad=0.002631
Early stopping at epoch 89; best_epoch=69.
Saved run to C:\Users\YAN_SHU_YU\Desktop\Generative-CD\Q_GNCDM\results\weak_q_lambda_sweep\lq_0p3_ls_0p9_lb_0p2\seed_2026\noise_0.20\weak-q_lq_0p3_ls_0p9_lb_0p2
Final metrics: q_hat_f1=0.101695 response_auc=0.685343 mastery_pearson=0.311548
