run=weak-q_lq_0p8_ls_0p4_lb_0p5 mode=weak-q noise=0.20 train=4200 valid=600 test=1200
epoch=1 loss_total=1.022972 loss_rec=0.725651 valid_auc=0.587946 valid_rmse=0.499744 q_change=57 q_delta=0.077031 q_grad=0.000399
epoch=2 loss_total=0.976062 loss_rec=0.705748 valid_auc=0.596261 valid_rmse=0.499214 q_change=57 q_delta=0.140555 q_grad=0.000322
epoch=3 loss_total=0.950329 loss_rec=0.699361 valid_auc=0.612712 valid_rmse=0.498176 q_change=57 q_delta=0.190319 q_grad=0.000272
epoch=4 loss_total=0.929285 loss_rec=0.692057 valid_auc=0.636696 valid_rmse=0.496845 q_change=57 q_delta=0.228498 q_grad=0.000244
epoch=5 loss_total=0.917330 loss_rec=0.689333 valid_auc=0.657288 valid_rmse=0.493350 q_change=57 q_delta=0.255115 q_grad=0.000255
epoch=6 loss_total=0.899697 loss_rec=0.677379 valid_auc=0.667768 valid_rmse=0.487803 q_change=57 q_delta=0.270580 q_grad=0.000327
epoch=7 loss_total=0.874442 loss_rec=0.655000 valid_auc=0.669018 valid_rmse=0.480489 q_change=57 q_delta=0.278055 q_grad=0.000490
epoch=8 loss_total=0.859064 loss_rec=0.641063 valid_auc=0.672433 valid_rmse=0.477762 q_change=57 q_delta=0.282954 q_grad=0.000745
epoch=9 loss_total=0.848689 loss_rec=0.632012 valid_auc=0.683092 valid_rmse=0.473252 q_change=57 q_delta=0.286987 q_grad=0.000926
epoch=10 loss_total=0.848364 loss_rec=0.632889 valid_auc=0.682801 valid_rmse=0.474192 q_change=57 q_delta=0.289570 q_grad=0.001030
epoch=11 loss_total=0.843737 loss_rec=0.628859 valid_auc=0.684420 valid_rmse=0.472411 q_change=56 q_delta=0.292143 q_grad=0.001183
epoch=12 loss_total=0.832728 loss_rec=0.618420 valid_auc=0.684743 valid_rmse=0.473855 q_change=54 q_delta=0.294070 q_grad=0.001273
epoch=13 loss_total=0.827693 loss_rec=0.613956 valid_auc=0.684185 valid_rmse=0.472695 q_change=54 q_delta=0.297376 q_grad=0.001303
epoch=14 loss_total=0.826910 loss_rec=0.613597 valid_auc=0.683940 valid_rmse=0.474583 q_change=52 q_delta=0.299795 q_grad=0.001402
epoch=15 loss_total=0.821636 loss_rec=0.608688 valid_auc=0.684732 valid_rmse=0.473316 q_change=52 q_delta=0.303238 q_grad=0.001455
epoch=16 loss_total=0.822189 loss_rec=0.609545 valid_auc=0.685056 valid_rmse=0.473814 q_change=50 q_delta=0.306254 q_grad=0.001568
epoch=17 loss_total=0.817204 loss_rec=0.604929 valid_auc=0.683962 valid_rmse=0.473721 q_change=50 q_delta=0.309123 q_grad=0.001502
epoch=18 loss_total=0.810327 loss_rec=0.598298 valid_auc=0.685932 valid_rmse=0.473534 q_change=49 q_delta=0.311718 q_grad=0.001542
epoch=19 loss_total=0.808379 loss_rec=0.596706 valid_auc=0.686127 valid_rmse=0.474568 q_change=48 q_delta=0.314648 q_grad=0.001639
epoch=20 loss_total=0.804595 loss_rec=0.593106 valid_auc=0.687500 valid_rmse=0.473058 q_change=48 q_delta=0.317692 q_grad=0.001727
epoch=21 loss_total=0.798369 loss_rec=0.587079 valid_auc=0.689219 valid_rmse=0.474256 q_change=48 q_delta=0.319854 q_grad=0.001658
epoch=22 loss_total=0.795121 loss_rec=0.583996 valid_auc=0.688683 valid_rmse=0.474192 q_change=47 q_delta=0.322312 q_grad=0.001797
epoch=23 loss_total=0.791419 loss_rec=0.580457 valid_auc=0.686752 valid_rmse=0.474510 q_change=47 q_delta=0.324676 q_grad=0.001749
epoch=24 loss_total=0.784695 loss_rec=0.573900 valid_auc=0.687132 valid_rmse=0.475189 q_change=46 q_delta=0.326839 q_grad=0.001800
epoch=25 loss_total=0.783185 loss_rec=0.572484 valid_auc=0.688761 valid_rmse=0.475290 q_change=45 q_delta=0.328800 q_grad=0.001921
epoch=26 loss_total=0.779293 loss_rec=0.568697 valid_auc=0.689699 valid_rmse=0.475417 q_change=43 q_delta=0.330751 q_grad=0.001910
epoch=27 loss_total=0.773307 loss_rec=0.562775 valid_auc=0.689051 valid_rmse=0.478007 q_change=42 q_delta=0.332400 q_grad=0.001908
epoch=28 loss_total=0.774596 loss_rec=0.564114 valid_auc=0.689475 valid_rmse=0.476303 q_change=40 q_delta=0.334413 q_grad=0.002041
epoch=29 loss_total=0.766020 loss_rec=0.555652 valid_auc=0.692500 valid_rmse=0.476023 q_change=39 q_delta=0.335746 q_grad=0.002030
epoch=30 loss_total=0.762386 loss_rec=0.552019 valid_auc=0.692824 valid_rmse=0.477156 q_change=39 q_delta=0.337154 q_grad=0.002097
epoch=31 loss_total=0.756320 loss_rec=0.546019 valid_auc=0.692199 valid_rmse=0.477313 q_change=38 q_delta=0.338774 q_grad=0.002091
epoch=32 loss_total=0.754894 loss_rec=0.544648 valid_auc=0.696138 valid_rmse=0.476748 q_change=38 q_delta=0.340352 q_grad=0.002162
epoch=33 loss_total=0.747717 loss_rec=0.537452 valid_auc=0.692366 valid_rmse=0.476237 q_change=37 q_delta=0.342262 q_grad=0.002184
epoch=34 loss_total=0.747019 loss_rec=0.536843 valid_auc=0.692835 valid_rmse=0.476152 q_change=36 q_delta=0.343489 q_grad=0.002199
epoch=35 loss_total=0.746935 loss_rec=0.536803 valid_auc=0.696596 valid_rmse=0.474756 q_change=35 q_delta=0.344939 q_grad=0.002193
epoch=36 loss_total=0.737977 loss_rec=0.527827 valid_auc=0.694788 valid_rmse=0.475470 q_change=35 q_delta=0.346115 q_grad=0.002271
epoch=37 loss_total=0.733409 loss_rec=0.523264 valid_auc=0.692879 valid_rmse=0.478899 q_change=35 q_delta=0.347510 q_grad=0.002270
epoch=38 loss_total=0.726131 loss_rec=0.516094 valid_auc=0.693359 valid_rmse=0.479175 q_change=35 q_delta=0.348695 q_grad=0.002344
epoch=39 loss_total=0.726245 loss_rec=0.516264 valid_auc=0.693705 valid_rmse=0.478006 q_change=34 q_delta=0.349858 q_grad=0.002320
epoch=40 loss_total=0.723477 loss_rec=0.513555 valid_auc=0.692913 valid_rmse=0.479035 q_change=34 q_delta=0.350987 q_grad=0.002383
epoch=41 loss_total=0.716188 loss_rec=0.506370 valid_auc=0.693013 valid_rmse=0.482209 q_change=34 q_delta=0.352405 q_grad=0.002354
epoch=42 loss_total=0.720230 loss_rec=0.510496 valid_auc=0.690759 valid_rmse=0.480594 q_change=33 q_delta=0.353664 q_grad=0.002504
epoch=43 loss_total=0.713749 loss_rec=0.504094 valid_auc=0.692913 valid_rmse=0.480986 q_change=31 q_delta=0.354681 q_grad=0.002456
epoch=44 loss_total=0.710457 loss_rec=0.500866 valid_auc=0.693538 valid_rmse=0.480199 q_change=31 q_delta=0.355815 q_grad=0.002473
epoch=45 loss_total=0.707426 loss_rec=0.497934 valid_auc=0.690748 valid_rmse=0.485446 q_change=31 q_delta=0.356662 q_grad=0.002460
epoch=46 loss_total=0.706753 loss_rec=0.497283 valid_auc=0.696395 valid_rmse=0.479743 q_change=30 q_delta=0.357881 q_grad=0.002501
epoch=47 loss_total=0.703554 loss_rec=0.494181 valid_auc=0.693627 valid_rmse=0.483095 q_change=30 q_delta=0.358549 q_grad=0.002444
epoch=48 loss_total=0.703477 loss_rec=0.494196 valid_auc=0.692919 valid_rmse=0.481645 q_change=29 q_delta=0.359623 q_grad=0.002531
epoch=49 loss_total=0.697549 loss_rec=0.488344 valid_auc=0.694096 valid_rmse=0.480405 q_change=29 q_delta=0.360076 q_grad=0.002483
epoch=50 loss_total=0.692907 loss_rec=0.483767 valid_auc=0.692701 valid_rmse=0.484705 q_change=29 q_delta=0.360988 q_grad=0.002488
epoch=51 loss_total=0.693781 loss_rec=0.484751 valid_auc=0.692679 valid_rmse=0.485167 q_change=29 q_delta=0.361835 q_grad=0.002573
epoch=52 loss_total=0.694447 loss_rec=0.485486 valid_auc=0.691752 valid_rmse=0.483132 q_change=29 q_delta=0.362723 q_grad=0.002558
epoch=53 loss_total=0.695919 loss_rec=0.487030 valid_auc=0.692578 valid_rmse=0.482509 q_change=29 q_delta=0.363535 q_grad=0.002562
epoch=54 loss_total=0.689636 loss_rec=0.480774 valid_auc=0.690190 valid_rmse=0.484227 q_change=29 q_delta=0.364378 q_grad=0.002602
epoch=55 loss_total=0.684904 loss_rec=0.476134 valid_auc=0.696808 valid_rmse=0.480555 q_change=30 q_delta=0.365383 q_grad=0.002521
epoch=56 loss_total=0.684179 loss_rec=0.475465 valid_auc=0.693627 valid_rmse=0.483579 q_change=30 q_delta=0.366227 q_grad=0.002575
epoch=57 loss_total=0.684276 loss_rec=0.475604 valid_auc=0.690692 valid_rmse=0.486221 q_change=30 q_delta=0.367099 q_grad=0.002671
epoch=58 loss_total=0.677387 loss_rec=0.468775 valid_auc=0.691607 valid_rmse=0.486743 q_change=30 q_delta=0.367946 q_grad=0.002590
epoch=59 loss_total=0.675142 loss_rec=0.466638 valid_auc=0.695603 valid_rmse=0.483059 q_change=31 q_delta=0.368820 q_grad=0.002556
epoch=60 loss_total=0.677837 loss_rec=0.469397 valid_auc=0.694408 valid_rmse=0.484672 q_change=31 q_delta=0.369495 q_grad=0.002594
epoch=61 loss_total=0.676336 loss_rec=0.467941 valid_auc=0.692958 valid_rmse=0.484130 q_change=32 q_delta=0.370293 q_grad=0.002636
epoch=62 loss_total=0.670871 loss_rec=0.462566 valid_auc=0.697187 valid_rmse=0.483633 q_change=32 q_delta=0.371022 q_grad=0.002552
epoch=63 loss_total=0.671612 loss_rec=0.463361 valid_auc=0.694609 valid_rmse=0.484628 q_change=32 q_delta=0.371744 q_grad=0.002645
epoch=64 loss_total=0.671176 loss_rec=0.462983 valid_auc=0.695748 valid_rmse=0.487707 q_change=32 q_delta=0.372442 q_grad=0.002613
epoch=65 loss_total=0.668273 loss_rec=0.460140 valid_auc=0.693069 valid_rmse=0.485519 q_change=32 q_delta=0.373142 q_grad=0.002524
epoch=66 loss_total=0.668069 loss_rec=0.460002 valid_auc=0.693025 valid_rmse=0.486344 q_change=32 q_delta=0.373729 q_grad=0.002656
epoch=67 loss_total=0.668711 loss_rec=0.460709 valid_auc=0.693147 valid_rmse=0.486302 q_change=31 q_delta=0.374365 q_grad=0.002656
epoch=68 loss_total=0.660422 loss_rec=0.452483 valid_auc=0.694621 valid_rmse=0.488073 q_change=31 q_delta=0.374887 q_grad=0.002629
epoch=69 loss_total=0.660039 loss_rec=0.452149 valid_auc=0.693069 valid_rmse=0.492456 q_change=32 q_delta=0.375478 q_grad=0.002644
epoch=70 loss_total=0.656197 loss_rec=0.448360 valid_auc=0.694743 valid_rmse=0.485700 q_change=31 q_delta=0.376129 q_grad=0.002675
epoch=71 loss_total=0.656622 loss_rec=0.448889 valid_auc=0.696272 valid_rmse=0.485789 q_change=32 q_delta=0.376731 q_grad=0.002617
epoch=72 loss_total=0.658147 loss_rec=0.450429 valid_auc=0.694163 valid_rmse=0.486816 q_change=32 q_delta=0.377262 q_grad=0.002691
epoch=73 loss_total=0.651351 loss_rec=0.443689 valid_auc=0.691540 valid_rmse=0.489191 q_change=33 q_delta=0.377668 q_grad=0.002710
epoch=74 loss_total=0.657395 loss_rec=0.449819 valid_auc=0.693728 valid_rmse=0.487795 q_change=33 q_delta=0.378256 q_grad=0.002656
epoch=75 loss_total=0.655991 loss_rec=0.448473 valid_auc=0.690993 valid_rmse=0.492666 q_change=33 q_delta=0.378774 q_grad=0.002690
epoch=76 loss_total=0.653400 loss_rec=0.445925 valid_auc=0.695435 valid_rmse=0.484877 q_change=33 q_delta=0.379277 q_grad=0.002628
epoch=77 loss_total=0.646159 loss_rec=0.438743 valid_auc=0.696016 valid_rmse=0.486339 q_change=33 q_delta=0.379815 q_grad=0.002612
epoch=78 loss_total=0.646796 loss_rec=0.439432 valid_auc=0.695123 valid_rmse=0.489961 q_change=33 q_delta=0.380215 q_grad=0.002768
epoch=79 loss_total=0.643284 loss_rec=0.435981 valid_auc=0.691685 valid_rmse=0.488415 q_change=33 q_delta=0.380819 q_grad=0.002779
epoch=80 loss_total=0.644428 loss_rec=0.437185 valid_auc=0.695547 valid_rmse=0.487896 q_change=33 q_delta=0.381520 q_grad=0.002699
epoch=81 loss_total=0.643236 loss_rec=0.436045 valid_auc=0.694554 valid_rmse=0.489485 q_change=32 q_delta=0.381857 q_grad=0.002807
epoch=82 loss_total=0.638803 loss_rec=0.431681 valid_auc=0.692690 valid_rmse=0.490168 q_change=32 q_delta=0.382328 q_grad=0.002793
Early stopping at epoch 82; best_epoch=62.
Saved run to C:\Users\YAN_SHU_YU\Desktop\Generative-CD\Q_GNCDM\results\weak_q_lambda_sweep\lq_0p8_ls_0p4_lb_0p5\seed_2026\noise_0.20\weak-q_lq_0p8_ls_0p4_lb_0p5
Final metrics: q_hat_f1=0.592593 response_auc=0.687350 mastery_pearson=0.555929
