run=weak-q_lq_0p8_ls_0p4_lb_0p7 mode=weak-q noise=0.20 train=4200 valid=600 test=1200
epoch=1 loss_total=1.071561 loss_rec=0.725655 valid_auc=0.587924 valid_rmse=0.499747 q_change=57 q_delta=0.077992 q_grad=0.000425
epoch=2 loss_total=1.021017 loss_rec=0.705840 valid_auc=0.595871 valid_rmse=0.499255 q_change=57 q_delta=0.145164 q_grad=0.000370
epoch=3 loss_total=0.990129 loss_rec=0.699697 valid_auc=0.611496 valid_rmse=0.498341 q_change=57 q_delta=0.200075 q_grad=0.000327
epoch=4 loss_total=0.963967 loss_rec=0.692988 valid_auc=0.634152 valid_rmse=0.497356 q_change=57 q_delta=0.243723 q_grad=0.000291
epoch=5 loss_total=0.948186 loss_rec=0.691725 valid_auc=0.655938 valid_rmse=0.494779 q_change=57 q_delta=0.276214 q_grad=0.000280
epoch=6 loss_total=0.929921 loss_rec=0.683820 valid_auc=0.666652 valid_rmse=0.491600 q_change=57 q_delta=0.298387 q_grad=0.000302
epoch=7 loss_total=0.907312 loss_rec=0.667954 valid_auc=0.665547 valid_rmse=0.485156 q_change=57 q_delta=0.311817 q_grad=0.000389
epoch=8 loss_total=0.888676 loss_rec=0.653173 valid_auc=0.665513 valid_rmse=0.480568 q_change=57 q_delta=0.319821 q_grad=0.000589
epoch=9 loss_total=0.876146 loss_rec=0.643533 valid_auc=0.674029 valid_rmse=0.476190 q_change=57 q_delta=0.326820 q_grad=0.000772
epoch=10 loss_total=0.874671 loss_rec=0.644622 valid_auc=0.675469 valid_rmse=0.476320 q_change=57 q_delta=0.331670 q_grad=0.000876
epoch=11 loss_total=0.869057 loss_rec=0.640663 valid_auc=0.679124 valid_rmse=0.474558 q_change=57 q_delta=0.335562 q_grad=0.001025
epoch=12 loss_total=0.857271 loss_rec=0.630232 valid_auc=0.682020 valid_rmse=0.474761 q_change=57 q_delta=0.337706 q_grad=0.001134
epoch=13 loss_total=0.851553 loss_rec=0.625542 valid_auc=0.684263 valid_rmse=0.472596 q_change=56 q_delta=0.339756 q_grad=0.001205
epoch=14 loss_total=0.849252 loss_rec=0.623908 valid_auc=0.685335 valid_rmse=0.473655 q_change=56 q_delta=0.340635 q_grad=0.001348
epoch=15 loss_total=0.843553 loss_rec=0.618737 valid_auc=0.685480 valid_rmse=0.472218 q_change=55 q_delta=0.342532 q_grad=0.001454
epoch=16 loss_total=0.842840 loss_rec=0.618513 valid_auc=0.687679 valid_rmse=0.472383 q_change=54 q_delta=0.343981 q_grad=0.001595
epoch=17 loss_total=0.837868 loss_rec=0.614035 valid_auc=0.686484 valid_rmse=0.472532 q_change=53 q_delta=0.345637 q_grad=0.001557
epoch=18 loss_total=0.829948 loss_rec=0.606539 valid_auc=0.687422 valid_rmse=0.472369 q_change=53 q_delta=0.347611 q_grad=0.001612
epoch=19 loss_total=0.827361 loss_rec=0.604517 valid_auc=0.687500 valid_rmse=0.473708 q_change=53 q_delta=0.349702 q_grad=0.001727
epoch=20 loss_total=0.823260 loss_rec=0.600790 valid_auc=0.689453 valid_rmse=0.471914 q_change=51 q_delta=0.351828 q_grad=0.001815
epoch=21 loss_total=0.817327 loss_rec=0.595286 valid_auc=0.690413 valid_rmse=0.473694 q_change=51 q_delta=0.353258 q_grad=0.001748
epoch=22 loss_total=0.813626 loss_rec=0.591946 valid_auc=0.689621 valid_rmse=0.473190 q_change=51 q_delta=0.355088 q_grad=0.001896
epoch=23 loss_total=0.810099 loss_rec=0.588818 valid_auc=0.686819 valid_rmse=0.473426 q_change=51 q_delta=0.357003 q_grad=0.001852
epoch=24 loss_total=0.803683 loss_rec=0.582782 valid_auc=0.686674 valid_rmse=0.474439 q_change=49 q_delta=0.358464 q_grad=0.001889
epoch=25 loss_total=0.802904 loss_rec=0.582336 valid_auc=0.688259 valid_rmse=0.474599 q_change=48 q_delta=0.359778 q_grad=0.002016
epoch=26 loss_total=0.799289 loss_rec=0.579023 valid_auc=0.689621 valid_rmse=0.474851 q_change=48 q_delta=0.361218 q_grad=0.002006
epoch=27 loss_total=0.793989 loss_rec=0.573992 valid_auc=0.689872 valid_rmse=0.477104 q_change=48 q_delta=0.362494 q_grad=0.001988
epoch=28 loss_total=0.795366 loss_rec=0.575611 valid_auc=0.690770 valid_rmse=0.475041 q_change=47 q_delta=0.363727 q_grad=0.002105
epoch=29 loss_total=0.786959 loss_rec=0.567457 valid_auc=0.693025 valid_rmse=0.474741 q_change=47 q_delta=0.364740 q_grad=0.002115
epoch=30 loss_total=0.784283 loss_rec=0.564971 valid_auc=0.694721 valid_rmse=0.475487 q_change=47 q_delta=0.365665 q_grad=0.002138
epoch=31 loss_total=0.778655 loss_rec=0.559568 valid_auc=0.694420 valid_rmse=0.475236 q_change=47 q_delta=0.366724 q_grad=0.002155
epoch=32 loss_total=0.777384 loss_rec=0.558515 valid_auc=0.696027 valid_rmse=0.475470 q_change=46 q_delta=0.368073 q_grad=0.002239
epoch=33 loss_total=0.771403 loss_rec=0.552682 valid_auc=0.694587 valid_rmse=0.473745 q_change=46 q_delta=0.369204 q_grad=0.002253
epoch=34 loss_total=0.770209 loss_rec=0.551715 valid_auc=0.692980 valid_rmse=0.474289 q_change=46 q_delta=0.369994 q_grad=0.002277
epoch=35 loss_total=0.769201 loss_rec=0.550867 valid_auc=0.697422 valid_rmse=0.472730 q_change=46 q_delta=0.371021 q_grad=0.002272
epoch=36 loss_total=0.760191 loss_rec=0.541949 valid_auc=0.696328 valid_rmse=0.473484 q_change=46 q_delta=0.371534 q_grad=0.002365
epoch=37 loss_total=0.754852 loss_rec=0.536750 valid_auc=0.694286 valid_rmse=0.476591 q_change=46 q_delta=0.372213 q_grad=0.002372
epoch=38 loss_total=0.747634 loss_rec=0.529717 valid_auc=0.694743 valid_rmse=0.477070 q_change=47 q_delta=0.372955 q_grad=0.002494
epoch=39 loss_total=0.746009 loss_rec=0.528219 valid_auc=0.694475 valid_rmse=0.475779 q_change=47 q_delta=0.373958 q_grad=0.002470
epoch=40 loss_total=0.742533 loss_rec=0.524895 valid_auc=0.693315 valid_rmse=0.477291 q_change=46 q_delta=0.374648 q_grad=0.002550
epoch=41 loss_total=0.734724 loss_rec=0.517265 valid_auc=0.692868 valid_rmse=0.480434 q_change=45 q_delta=0.375197 q_grad=0.002559
epoch=42 loss_total=0.737390 loss_rec=0.520078 valid_auc=0.690725 valid_rmse=0.478893 q_change=44 q_delta=0.375956 q_grad=0.002696
epoch=43 loss_total=0.730864 loss_rec=0.513669 valid_auc=0.692500 valid_rmse=0.479417 q_change=43 q_delta=0.376391 q_grad=0.002653
epoch=44 loss_total=0.726622 loss_rec=0.509554 valid_auc=0.691440 valid_rmse=0.479693 q_change=43 q_delta=0.377114 q_grad=0.002715
epoch=45 loss_total=0.722015 loss_rec=0.505110 valid_auc=0.690759 valid_rmse=0.484669 q_change=40 q_delta=0.377434 q_grad=0.002713
epoch=46 loss_total=0.721628 loss_rec=0.504791 valid_auc=0.695536 valid_rmse=0.479091 q_change=40 q_delta=0.378098 q_grad=0.002745
epoch=47 loss_total=0.716685 loss_rec=0.499988 valid_auc=0.691384 valid_rmse=0.482894 q_change=40 q_delta=0.378663 q_grad=0.002715
epoch=48 loss_total=0.715861 loss_rec=0.499297 valid_auc=0.691775 valid_rmse=0.482001 q_change=39 q_delta=0.379294 q_grad=0.002808
epoch=49 loss_total=0.709339 loss_rec=0.492868 valid_auc=0.693287 valid_rmse=0.480287 q_change=39 q_delta=0.379522 q_grad=0.002754
epoch=50 loss_total=0.705406 loss_rec=0.489020 valid_auc=0.691395 valid_rmse=0.484517 q_change=39 q_delta=0.379934 q_grad=0.002790
epoch=51 loss_total=0.704815 loss_rec=0.488573 valid_auc=0.690592 valid_rmse=0.485230 q_change=38 q_delta=0.380450 q_grad=0.002844
epoch=52 loss_total=0.706136 loss_rec=0.489998 valid_auc=0.691228 valid_rmse=0.483357 q_change=38 q_delta=0.380964 q_grad=0.002843
epoch=53 loss_total=0.707383 loss_rec=0.491325 valid_auc=0.691674 valid_rmse=0.482335 q_change=37 q_delta=0.381252 q_grad=0.002855
epoch=54 loss_total=0.700672 loss_rec=0.484684 valid_auc=0.686775 valid_rmse=0.485445 q_change=36 q_delta=0.381606 q_grad=0.002891
epoch=55 loss_total=0.696048 loss_rec=0.480179 valid_auc=0.694665 valid_rmse=0.481722 q_change=36 q_delta=0.382173 q_grad=0.002798
Early stopping at epoch 55; best_epoch=35.
Saved run to C:\Users\YAN_SHU_YU\Desktop\Generative-CD\Q_GNCDM\results\weak_q_lambda_sweep\lq_0p8_ls_0p4_lb_0p7\seed_2026\noise_0.20\weak-q_lq_0p8_ls_0p4_lb_0p7
Final metrics: q_hat_f1=0.328358 response_auc=0.692098 mastery_pearson=0.477021
