run=weak-q_lq_0p9_ls_0p4_lb_0p8 mode=weak-q noise=0.20 train=4200 valid=600 test=1200
epoch=1 loss_total=1.096106 loss_rec=0.725655 valid_auc=0.587930 valid_rmse=0.499747 q_change=57 q_delta=0.077993 q_grad=0.000430
epoch=2 loss_total=1.045184 loss_rec=0.705841 valid_auc=0.595915 valid_rmse=0.499255 q_change=57 q_delta=0.145170 q_grad=0.000375
epoch=3 loss_total=1.013985 loss_rec=0.699700 valid_auc=0.611663 valid_rmse=0.498342 q_change=57 q_delta=0.200075 q_grad=0.000331
epoch=4 loss_total=0.987579 loss_rec=0.692994 valid_auc=0.634152 valid_rmse=0.497358 q_change=57 q_delta=0.243705 q_grad=0.000294
epoch=5 loss_total=0.971607 loss_rec=0.691733 valid_auc=0.655792 valid_rmse=0.494785 q_change=57 q_delta=0.276176 q_grad=0.000282
epoch=6 loss_total=0.953201 loss_rec=0.683843 valid_auc=0.666853 valid_rmse=0.491617 q_change=57 q_delta=0.298339 q_grad=0.000303
epoch=7 loss_total=0.930502 loss_rec=0.668012 valid_auc=0.665815 valid_rmse=0.485190 q_change=57 q_delta=0.311766 q_grad=0.000389
epoch=8 loss_total=0.911738 loss_rec=0.653196 valid_auc=0.665413 valid_rmse=0.480568 q_change=57 q_delta=0.319700 q_grad=0.000588
epoch=9 loss_total=0.899032 loss_rec=0.643436 valid_auc=0.673850 valid_rmse=0.476143 q_change=57 q_delta=0.326586 q_grad=0.000770
epoch=10 loss_total=0.897355 loss_rec=0.644363 valid_auc=0.675804 valid_rmse=0.476223 q_change=57 q_delta=0.331284 q_grad=0.000876
epoch=11 loss_total=0.891535 loss_rec=0.640221 valid_auc=0.679844 valid_rmse=0.474362 q_change=57 q_delta=0.335004 q_grad=0.001027
epoch=12 loss_total=0.879447 loss_rec=0.629493 valid_auc=0.682980 valid_rmse=0.474509 q_change=57 q_delta=0.336951 q_grad=0.001138
epoch=13 loss_total=0.873431 loss_rec=0.624514 valid_auc=0.684989 valid_rmse=0.472356 q_change=56 q_delta=0.338828 q_grad=0.001212
epoch=14 loss_total=0.870866 loss_rec=0.622631 valid_auc=0.686250 valid_rmse=0.473393 q_change=55 q_delta=0.339812 q_grad=0.001357
epoch=15 loss_total=0.864757 loss_rec=0.617084 valid_auc=0.686172 valid_rmse=0.472022 q_change=55 q_delta=0.341767 q_grad=0.001464
epoch=16 loss_total=0.863803 loss_rec=0.616662 valid_auc=0.688359 valid_rmse=0.472248 q_change=54 q_delta=0.343235 q_grad=0.001608
epoch=17 loss_total=0.858570 loss_rec=0.611967 valid_auc=0.686931 valid_rmse=0.472433 q_change=53 q_delta=0.345232 q_grad=0.001570
epoch=18 loss_total=0.850374 loss_rec=0.604236 valid_auc=0.688270 valid_rmse=0.472258 q_change=53 q_delta=0.347364 q_grad=0.001624
epoch=19 loss_total=0.847543 loss_rec=0.602006 valid_auc=0.688147 valid_rmse=0.473706 q_change=50 q_delta=0.349321 q_grad=0.001739
epoch=20 loss_total=0.843200 loss_rec=0.598070 valid_auc=0.689799 valid_rmse=0.471907 q_change=50 q_delta=0.351312 q_grad=0.001829
epoch=21 loss_total=0.836916 loss_rec=0.592237 valid_auc=0.690714 valid_rmse=0.473711 q_change=50 q_delta=0.352783 q_grad=0.001764
epoch=22 loss_total=0.833034 loss_rec=0.588740 valid_auc=0.690312 valid_rmse=0.473237 q_change=49 q_delta=0.354516 q_grad=0.001914
epoch=23 loss_total=0.829300 loss_rec=0.585425 valid_auc=0.687333 valid_rmse=0.473549 q_change=48 q_delta=0.356257 q_grad=0.001866
epoch=24 loss_total=0.822529 loss_rec=0.579045 valid_auc=0.687199 valid_rmse=0.474530 q_change=48 q_delta=0.357669 q_grad=0.001906
epoch=25 loss_total=0.821457 loss_rec=0.578317 valid_auc=0.689263 valid_rmse=0.474711 q_change=48 q_delta=0.359104 q_grad=0.002035
epoch=26 loss_total=0.817624 loss_rec=0.574797 valid_auc=0.690112 valid_rmse=0.474940 q_change=48 q_delta=0.360559 q_grad=0.002025
epoch=27 loss_total=0.811914 loss_rec=0.569369 valid_auc=0.689721 valid_rmse=0.477469 q_change=46 q_delta=0.361761 q_grad=0.002008
epoch=28 loss_total=0.812992 loss_rec=0.570692 valid_auc=0.691350 valid_rmse=0.475233 q_change=45 q_delta=0.363077 q_grad=0.002134
epoch=29 loss_total=0.804324 loss_rec=0.562284 valid_auc=0.693705 valid_rmse=0.474986 q_change=45 q_delta=0.364008 q_grad=0.002142
epoch=30 loss_total=0.801294 loss_rec=0.559449 valid_auc=0.694799 valid_rmse=0.475801 q_change=45 q_delta=0.364991 q_grad=0.002175
epoch=31 loss_total=0.795351 loss_rec=0.553742 valid_auc=0.694989 valid_rmse=0.475566 q_change=45 q_delta=0.366106 q_grad=0.002187
epoch=32 loss_total=0.793723 loss_rec=0.552342 valid_auc=0.697444 valid_rmse=0.475998 q_change=45 q_delta=0.367369 q_grad=0.002278
epoch=33 loss_total=0.787149 loss_rec=0.545922 valid_auc=0.694866 valid_rmse=0.474346 q_change=45 q_delta=0.368545 q_grad=0.002293
epoch=34 loss_total=0.785837 loss_rec=0.544839 valid_auc=0.693538 valid_rmse=0.474866 q_change=45 q_delta=0.369341 q_grad=0.002320
epoch=35 loss_total=0.785012 loss_rec=0.544187 valid_auc=0.697991 valid_rmse=0.473346 q_change=45 q_delta=0.370331 q_grad=0.002312
epoch=36 loss_total=0.775876 loss_rec=0.535152 valid_auc=0.697054 valid_rmse=0.474088 q_change=45 q_delta=0.370941 q_grad=0.002406
epoch=37 loss_total=0.770442 loss_rec=0.529865 valid_auc=0.694353 valid_rmse=0.477387 q_change=45 q_delta=0.371607 q_grad=0.002409
epoch=38 loss_total=0.762759 loss_rec=0.522374 valid_auc=0.694609 valid_rmse=0.477824 q_change=45 q_delta=0.372272 q_grad=0.002523
epoch=39 loss_total=0.761548 loss_rec=0.521297 valid_auc=0.694888 valid_rmse=0.476649 q_change=44 q_delta=0.373248 q_grad=0.002499
epoch=40 loss_total=0.758144 loss_rec=0.518053 valid_auc=0.693672 valid_rmse=0.478183 q_change=43 q_delta=0.373982 q_grad=0.002574
epoch=41 loss_total=0.750324 loss_rec=0.510420 valid_auc=0.693036 valid_rmse=0.481600 q_change=42 q_delta=0.374512 q_grad=0.002575
epoch=42 loss_total=0.753221 loss_rec=0.513472 valid_auc=0.691429 valid_rmse=0.479965 q_change=41 q_delta=0.375200 q_grad=0.002709
epoch=43 loss_total=0.746644 loss_rec=0.507018 valid_auc=0.693036 valid_rmse=0.480288 q_change=41 q_delta=0.375711 q_grad=0.002665
epoch=44 loss_total=0.742189 loss_rec=0.502695 valid_auc=0.692545 valid_rmse=0.480492 q_change=39 q_delta=0.376294 q_grad=0.002725
epoch=45 loss_total=0.738019 loss_rec=0.498691 valid_auc=0.690759 valid_rmse=0.485742 q_change=39 q_delta=0.376674 q_grad=0.002707
epoch=46 loss_total=0.737647 loss_rec=0.498393 valid_auc=0.695915 valid_rmse=0.480149 q_change=39 q_delta=0.377394 q_grad=0.002747
epoch=47 loss_total=0.732537 loss_rec=0.493431 valid_auc=0.692455 valid_rmse=0.483862 q_change=39 q_delta=0.377992 q_grad=0.002699
epoch=48 loss_total=0.732322 loss_rec=0.493356 valid_auc=0.691652 valid_rmse=0.483119 q_change=36 q_delta=0.378605 q_grad=0.002803
epoch=49 loss_total=0.725767 loss_rec=0.486905 valid_auc=0.693449 valid_rmse=0.481352 q_change=36 q_delta=0.378866 q_grad=0.002743
epoch=50 loss_total=0.722014 loss_rec=0.483244 valid_auc=0.692511 valid_rmse=0.485396 q_change=35 q_delta=0.379354 q_grad=0.002771
epoch=51 loss_total=0.721631 loss_rec=0.483015 valid_auc=0.690826 valid_rmse=0.486340 q_change=35 q_delta=0.379792 q_grad=0.002826
epoch=52 loss_total=0.722987 loss_rec=0.484483 valid_auc=0.691663 valid_rmse=0.484512 q_change=35 q_delta=0.380335 q_grad=0.002811
epoch=53 loss_total=0.724305 loss_rec=0.485890 valid_auc=0.692433 valid_rmse=0.483396 q_change=35 q_delta=0.380689 q_grad=0.002823
epoch=54 loss_total=0.717802 loss_rec=0.479459 valid_auc=0.687377 valid_rmse=0.486303 q_change=35 q_delta=0.381160 q_grad=0.002860
epoch=55 loss_total=0.713270 loss_rec=0.475055 valid_auc=0.695067 valid_rmse=0.482537 q_change=36 q_delta=0.381796 q_grad=0.002759
Early stopping at epoch 55; best_epoch=35.
Saved run to C:\Users\YAN_SHU_YU\Desktop\Generative-CD\Q_GNCDM\results\weak_q_lambda_sweep\lq_0p9_ls_0p4_lb_0p8\seed_2026\noise_0.20\weak-q_lq_0p9_ls_0p4_lb_0p8
Final metrics: q_hat_f1=0.352941 response_auc=0.692540 mastery_pearson=0.491092
