run=weak-q_lq_0p6_ls_0p5_lb_0p3 mode=weak-q noise=0.20 train=4200 valid=600 test=1200
epoch=1 loss_total=1.017268 loss_rec=0.725656 valid_auc=0.587779 valid_rmse=0.499749 q_change=57 q_delta=0.077702 q_grad=0.000490
epoch=2 loss_total=0.963500 loss_rec=0.705824 valid_auc=0.594911 valid_rmse=0.499262 q_change=57 q_delta=0.143255 q_grad=0.000404
epoch=3 loss_total=0.931930 loss_rec=0.699642 valid_auc=0.609576 valid_rmse=0.498348 q_change=57 q_delta=0.195867 q_grad=0.000339
epoch=4 loss_total=0.906403 loss_rec=0.692831 valid_auc=0.631094 valid_rmse=0.497326 q_change=57 q_delta=0.237211 q_grad=0.000291
epoch=5 loss_total=0.891644 loss_rec=0.691335 valid_auc=0.653069 valid_rmse=0.494626 q_change=57 q_delta=0.267856 q_grad=0.000277
epoch=6 loss_total=0.874047 loss_rec=0.682775 valid_auc=0.664788 valid_rmse=0.491095 q_change=57 q_delta=0.288593 q_grad=0.000303
epoch=7 loss_total=0.851276 loss_rec=0.665544 valid_auc=0.665413 valid_rmse=0.484287 q_change=57 q_delta=0.300807 q_grad=0.000405
epoch=8 loss_total=0.833033 loss_rec=0.650234 valid_auc=0.666473 valid_rmse=0.480067 q_change=57 q_delta=0.308224 q_grad=0.000623
epoch=9 loss_total=0.821261 loss_rec=0.640748 valid_auc=0.675971 valid_rmse=0.475501 q_change=57 q_delta=0.314785 q_grad=0.000813
epoch=10 loss_total=0.820201 loss_rec=0.641757 valid_auc=0.676864 valid_rmse=0.475798 q_change=57 q_delta=0.319344 q_grad=0.000922
epoch=11 loss_total=0.815201 loss_rec=0.638004 valid_auc=0.680368 valid_rmse=0.473967 q_change=57 q_delta=0.323171 q_grad=0.001078
epoch=12 loss_total=0.804022 loss_rec=0.627889 valid_auc=0.682958 valid_rmse=0.474649 q_change=57 q_delta=0.325455 q_grad=0.001183
epoch=13 loss_total=0.799130 loss_rec=0.623836 valid_auc=0.683214 valid_rmse=0.472791 q_change=57 q_delta=0.328010 q_grad=0.001240
epoch=14 loss_total=0.798100 loss_rec=0.623349 valid_auc=0.683013 valid_rmse=0.474409 q_change=57 q_delta=0.329119 q_grad=0.001365
epoch=15 loss_total=0.793559 loss_rec=0.619233 valid_auc=0.683393 valid_rmse=0.473036 q_change=56 q_delta=0.331068 q_grad=0.001449
epoch=16 loss_total=0.794075 loss_rec=0.620087 valid_auc=0.685179 valid_rmse=0.473362 q_change=56 q_delta=0.332636 q_grad=0.001568
epoch=17 loss_total=0.790022 loss_rec=0.616432 valid_auc=0.683984 valid_rmse=0.473409 q_change=54 q_delta=0.334401 q_grad=0.001511
epoch=18 loss_total=0.783636 loss_rec=0.610319 valid_auc=0.684554 valid_rmse=0.473201 q_change=54 q_delta=0.336110 q_grad=0.001552
epoch=19 loss_total=0.782098 loss_rec=0.609202 valid_auc=0.684554 valid_rmse=0.474305 q_change=52 q_delta=0.338204 q_grad=0.001658
epoch=20 loss_total=0.779102 loss_rec=0.606414 valid_auc=0.686484 valid_rmse=0.472563 q_change=52 q_delta=0.340415 q_grad=0.001736
epoch=21 loss_total=0.774171 loss_rec=0.601743 valid_auc=0.687790 valid_rmse=0.474062 q_change=51 q_delta=0.342477 q_grad=0.001660
epoch=22 loss_total=0.771440 loss_rec=0.599203 valid_auc=0.687165 valid_rmse=0.473745 q_change=51 q_delta=0.344703 q_grad=0.001799
epoch=23 loss_total=0.768700 loss_rec=0.596682 valid_auc=0.684766 valid_rmse=0.473664 q_change=51 q_delta=0.347085 q_grad=0.001764
epoch=24 loss_total=0.763269 loss_rec=0.591473 valid_auc=0.683438 valid_rmse=0.474608 q_change=51 q_delta=0.349168 q_grad=0.001798
epoch=25 loss_total=0.763512 loss_rec=0.591878 valid_auc=0.685391 valid_rmse=0.474639 q_change=51 q_delta=0.351075 q_grad=0.001919
epoch=26 loss_total=0.760384 loss_rec=0.588909 valid_auc=0.686172 valid_rmse=0.474876 q_change=50 q_delta=0.352815 q_grad=0.001907
epoch=27 loss_total=0.756123 loss_rec=0.584743 valid_auc=0.686931 valid_rmse=0.476417 q_change=50 q_delta=0.354528 q_grad=0.001893
epoch=28 loss_total=0.758470 loss_rec=0.587223 valid_auc=0.687366 valid_rmse=0.475014 q_change=50 q_delta=0.356324 q_grad=0.001990
epoch=29 loss_total=0.750952 loss_rec=0.579848 valid_auc=0.689342 valid_rmse=0.474498 q_change=50 q_delta=0.357853 q_grad=0.002004
epoch=30 loss_total=0.749047 loss_rec=0.578004 valid_auc=0.691350 valid_rmse=0.475321 q_change=50 q_delta=0.359189 q_grad=0.002012
epoch=31 loss_total=0.744353 loss_rec=0.573378 valid_auc=0.690804 valid_rmse=0.475206 q_change=49 q_delta=0.360651 q_grad=0.002037
epoch=32 loss_total=0.744365 loss_rec=0.573466 valid_auc=0.692679 valid_rmse=0.474801 q_change=49 q_delta=0.362212 q_grad=0.002100
epoch=33 loss_total=0.740011 loss_rec=0.569123 valid_auc=0.691585 valid_rmse=0.473190 q_change=49 q_delta=0.363552 q_grad=0.002114
epoch=34 loss_total=0.739136 loss_rec=0.568359 valid_auc=0.690279 valid_rmse=0.473513 q_change=48 q_delta=0.364653 q_grad=0.002108
epoch=35 loss_total=0.738235 loss_rec=0.567497 valid_auc=0.694699 valid_rmse=0.472041 q_change=48 q_delta=0.365911 q_grad=0.002115
epoch=36 loss_total=0.730247 loss_rec=0.559486 valid_auc=0.693292 valid_rmse=0.472807 q_change=48 q_delta=0.366640 q_grad=0.002195
epoch=37 loss_total=0.725740 loss_rec=0.554985 valid_auc=0.691842 valid_rmse=0.475043 q_change=48 q_delta=0.367549 q_grad=0.002203
epoch=38 loss_total=0.720365 loss_rec=0.549697 valid_auc=0.692377 valid_rmse=0.475816 q_change=47 q_delta=0.368504 q_grad=0.002326
epoch=39 loss_total=0.719006 loss_rec=0.548369 valid_auc=0.691183 valid_rmse=0.474072 q_change=47 q_delta=0.369867 q_grad=0.002296
epoch=40 loss_total=0.715613 loss_rec=0.545012 valid_auc=0.691060 valid_rmse=0.475132 q_change=47 q_delta=0.370565 q_grad=0.002377
epoch=41 loss_total=0.708415 loss_rec=0.537899 valid_auc=0.691429 valid_rmse=0.477340 q_change=47 q_delta=0.371377 q_grad=0.002382
epoch=42 loss_total=0.710475 loss_rec=0.540007 valid_auc=0.687980 valid_rmse=0.476364 q_change=46 q_delta=0.372251 q_grad=0.002537
epoch=43 loss_total=0.704106 loss_rec=0.533679 valid_auc=0.689732 valid_rmse=0.477388 q_change=46 q_delta=0.372746 q_grad=0.002509
epoch=44 loss_total=0.701458 loss_rec=0.531087 valid_auc=0.688136 valid_rmse=0.477734 q_change=46 q_delta=0.373420 q_grad=0.002555
epoch=45 loss_total=0.696165 loss_rec=0.525881 valid_auc=0.687388 valid_rmse=0.482344 q_change=46 q_delta=0.373840 q_grad=0.002583
epoch=46 loss_total=0.695430 loss_rec=0.525146 valid_auc=0.692801 valid_rmse=0.476663 q_change=45 q_delta=0.374822 q_grad=0.002597
epoch=47 loss_total=0.691984 loss_rec=0.521766 valid_auc=0.688359 valid_rmse=0.480183 q_change=46 q_delta=0.375465 q_grad=0.002607
epoch=48 loss_total=0.689593 loss_rec=0.519453 valid_auc=0.688627 valid_rmse=0.479363 q_change=46 q_delta=0.376209 q_grad=0.002675
epoch=49 loss_total=0.684135 loss_rec=0.514049 valid_auc=0.690558 valid_rmse=0.477913 q_change=46 q_delta=0.376587 q_grad=0.002661
epoch=50 loss_total=0.679175 loss_rec=0.509140 valid_auc=0.688661 valid_rmse=0.481637 q_change=45 q_delta=0.377163 q_grad=0.002682
epoch=51 loss_total=0.679240 loss_rec=0.509310 valid_auc=0.689029 valid_rmse=0.482120 q_change=45 q_delta=0.377703 q_grad=0.002760
epoch=52 loss_total=0.680648 loss_rec=0.510781 valid_auc=0.688728 valid_rmse=0.480439 q_change=44 q_delta=0.378362 q_grad=0.002788
epoch=53 loss_total=0.681288 loss_rec=0.511471 valid_auc=0.688482 valid_rmse=0.479770 q_change=44 q_delta=0.378807 q_grad=0.002802
epoch=54 loss_total=0.674533 loss_rec=0.504733 valid_auc=0.685770 valid_rmse=0.482278 q_change=44 q_delta=0.379235 q_grad=0.002817
epoch=55 loss_total=0.670218 loss_rec=0.500504 valid_auc=0.692154 valid_rmse=0.478699 q_change=44 q_delta=0.379725 q_grad=0.002758
Early stopping at epoch 55; best_epoch=35.
Saved run to C:\Users\YAN_SHU_YU\Desktop\Generative-CD\Q_GNCDM\results\weak_q_lambda_sweep\lq_0p6_ls_0p5_lb_0p3\seed_2026\noise_0.20\weak-q_lq_0p6_ls_0p5_lb_0p3
Final metrics: q_hat_f1=0.246154 response_auc=0.692556 mastery_pearson=0.438939
