run=weak-q_lq_0p5_ls_0p5_lb_0p2 mode=weak-q noise=0.20 train=4200 valid=600 test=1200
epoch=1 loss_total=0.992723 loss_rec=0.725656 valid_auc=0.587734 valid_rmse=0.499749 q_change=57 q_delta=0.077681 q_grad=0.000485
epoch=2 loss_total=0.939332 loss_rec=0.705821 valid_auc=0.594933 valid_rmse=0.499260 q_change=57 q_delta=0.143175 q_grad=0.000400
epoch=3 loss_total=0.908065 loss_rec=0.699633 valid_auc=0.609699 valid_rmse=0.498343 q_change=57 q_delta=0.195717 q_grad=0.000335
epoch=4 loss_total=0.882770 loss_rec=0.692807 valid_auc=0.631250 valid_rmse=0.497312 q_change=57 q_delta=0.236997 q_grad=0.000288
epoch=5 loss_total=0.868172 loss_rec=0.691280 valid_auc=0.653181 valid_rmse=0.494590 q_change=57 q_delta=0.267565 q_grad=0.000275
epoch=6 loss_total=0.850644 loss_rec=0.682630 valid_auc=0.664900 valid_rmse=0.490999 q_change=57 q_delta=0.288193 q_grad=0.000303
epoch=7 loss_total=0.827833 loss_rec=0.665228 valid_auc=0.665525 valid_rmse=0.484141 q_change=57 q_delta=0.300301 q_grad=0.000407
epoch=8 loss_total=0.809726 loss_rec=0.649971 valid_auc=0.666663 valid_rmse=0.479993 q_change=57 q_delta=0.307725 q_grad=0.000628
epoch=9 loss_total=0.798126 loss_rec=0.640612 valid_auc=0.676060 valid_rmse=0.475472 q_change=57 q_delta=0.314315 q_grad=0.000817
epoch=10 loss_total=0.797224 loss_rec=0.641739 valid_auc=0.676775 valid_rmse=0.475812 q_change=57 q_delta=0.318923 q_grad=0.000925
epoch=11 loss_total=0.792365 loss_rec=0.638099 valid_auc=0.680045 valid_rmse=0.474043 q_change=57 q_delta=0.322816 q_grad=0.001081
epoch=12 loss_total=0.781376 loss_rec=0.628164 valid_auc=0.682455 valid_rmse=0.474750 q_change=57 q_delta=0.325184 q_grad=0.001184
epoch=13 loss_total=0.776631 loss_rec=0.624251 valid_auc=0.683036 valid_rmse=0.472902 q_change=57 q_delta=0.327830 q_grad=0.001239
epoch=14 loss_total=0.775759 loss_rec=0.623922 valid_auc=0.682433 valid_rmse=0.474552 q_change=57 q_delta=0.329020 q_grad=0.001363
epoch=15 loss_total=0.771448 loss_rec=0.620036 valid_auc=0.682679 valid_rmse=0.473180 q_change=56 q_delta=0.330850 q_grad=0.001445
epoch=16 loss_total=0.772118 loss_rec=0.621040 valid_auc=0.684487 valid_rmse=0.473489 q_change=56 q_delta=0.332457 q_grad=0.001563
epoch=17 loss_total=0.768254 loss_rec=0.617572 valid_auc=0.683817 valid_rmse=0.473541 q_change=56 q_delta=0.334270 q_grad=0.001504
epoch=18 loss_total=0.762084 loss_rec=0.611669 valid_auc=0.684247 valid_rmse=0.473349 q_change=54 q_delta=0.336029 q_grad=0.001543
epoch=19 loss_total=0.760739 loss_rec=0.610743 valid_auc=0.684141 valid_rmse=0.474398 q_change=53 q_delta=0.337799 q_grad=0.001649
epoch=20 loss_total=0.757970 loss_rec=0.608179 valid_auc=0.686105 valid_rmse=0.472691 q_change=52 q_delta=0.339874 q_grad=0.001724
epoch=21 loss_total=0.753317 loss_rec=0.603784 valid_auc=0.687054 valid_rmse=0.474151 q_change=52 q_delta=0.341615 q_grad=0.001646
epoch=22 loss_total=0.750766 loss_rec=0.601422 valid_auc=0.686842 valid_rmse=0.473868 q_change=52 q_delta=0.343964 q_grad=0.001784
epoch=23 loss_total=0.748236 loss_rec=0.599106 valid_auc=0.684442 valid_rmse=0.473741 q_change=51 q_delta=0.346473 q_grad=0.001749
epoch=24 loss_total=0.743078 loss_rec=0.594163 valid_auc=0.683449 valid_rmse=0.474611 q_change=51 q_delta=0.348475 q_grad=0.001781
epoch=25 loss_total=0.743576 loss_rec=0.594828 valid_auc=0.684665 valid_rmse=0.474633 q_change=51 q_delta=0.350498 q_grad=0.001899
epoch=26 loss_total=0.740653 loss_rec=0.592065 valid_auc=0.685737 valid_rmse=0.474896 q_change=51 q_delta=0.352378 q_grad=0.001886
epoch=27 loss_total=0.736687 loss_rec=0.588192 valid_auc=0.685737 valid_rmse=0.476217 q_change=50 q_delta=0.354099 q_grad=0.001871
epoch=28 loss_total=0.739175 loss_rec=0.590821 valid_auc=0.686250 valid_rmse=0.474991 q_change=50 q_delta=0.355760 q_grad=0.001961
epoch=29 loss_total=0.731939 loss_rec=0.583726 valid_auc=0.688739 valid_rmse=0.474425 q_change=50 q_delta=0.357329 q_grad=0.001979
epoch=30 loss_total=0.730298 loss_rec=0.582146 valid_auc=0.690301 valid_rmse=0.475255 q_change=50 q_delta=0.358807 q_grad=0.001980
epoch=31 loss_total=0.725798 loss_rec=0.577702 valid_auc=0.690089 valid_rmse=0.475113 q_change=50 q_delta=0.360409 q_grad=0.002007
epoch=32 loss_total=0.726123 loss_rec=0.578091 valid_auc=0.691842 valid_rmse=0.474695 q_change=50 q_delta=0.362092 q_grad=0.002067
epoch=33 loss_total=0.722279 loss_rec=0.574251 valid_auc=0.690937 valid_rmse=0.473070 q_change=49 q_delta=0.363579 q_grad=0.002079
epoch=34 loss_total=0.721430 loss_rec=0.573503 valid_auc=0.689286 valid_rmse=0.473412 q_change=49 q_delta=0.364677 q_grad=0.002067
epoch=35 loss_total=0.720586 loss_rec=0.572687 valid_auc=0.693527 valid_rmse=0.471979 q_change=49 q_delta=0.365944 q_grad=0.002073
epoch=36 loss_total=0.712976 loss_rec=0.565043 valid_auc=0.692612 valid_rmse=0.472885 q_change=48 q_delta=0.366829 q_grad=0.002151
epoch=37 loss_total=0.708526 loss_rec=0.560592 valid_auc=0.691786 valid_rmse=0.474700 q_change=48 q_delta=0.367861 q_grad=0.002157
epoch=38 loss_total=0.703743 loss_rec=0.555881 valid_auc=0.691719 valid_rmse=0.475610 q_change=48 q_delta=0.368821 q_grad=0.002280
epoch=39 loss_total=0.702564 loss_rec=0.554726 valid_auc=0.690458 valid_rmse=0.473776 q_change=48 q_delta=0.370377 q_grad=0.002245
epoch=40 loss_total=0.699055 loss_rec=0.551239 valid_auc=0.690502 valid_rmse=0.474695 q_change=48 q_delta=0.371228 q_grad=0.002321
epoch=41 loss_total=0.692226 loss_rec=0.544482 valid_auc=0.691719 valid_rmse=0.476580 q_change=48 q_delta=0.372202 q_grad=0.002329
epoch=42 loss_total=0.694084 loss_rec=0.546377 valid_auc=0.687935 valid_rmse=0.475750 q_change=48 q_delta=0.373229 q_grad=0.002477
epoch=43 loss_total=0.687693 loss_rec=0.540014 valid_auc=0.689397 valid_rmse=0.476788 q_change=47 q_delta=0.373847 q_grad=0.002452
epoch=44 loss_total=0.685277 loss_rec=0.537645 valid_auc=0.687991 valid_rmse=0.477339 q_change=46 q_delta=0.374616 q_grad=0.002503
epoch=45 loss_total=0.679642 loss_rec=0.532084 valid_auc=0.686696 valid_rmse=0.481792 q_change=46 q_delta=0.374938 q_grad=0.002541
epoch=46 loss_total=0.678832 loss_rec=0.531264 valid_auc=0.692400 valid_rmse=0.476280 q_change=46 q_delta=0.375931 q_grad=0.002548
epoch=47 loss_total=0.675404 loss_rec=0.527893 valid_auc=0.688415 valid_rmse=0.479621 q_change=46 q_delta=0.376542 q_grad=0.002566
epoch=48 loss_total=0.672601 loss_rec=0.525154 valid_auc=0.688393 valid_rmse=0.478845 q_change=45 q_delta=0.377333 q_grad=0.002636
epoch=49 loss_total=0.667312 loss_rec=0.519910 valid_auc=0.690301 valid_rmse=0.477473 q_change=45 q_delta=0.377665 q_grad=0.002628
epoch=50 loss_total=0.662149 loss_rec=0.514794 valid_auc=0.687288 valid_rmse=0.480975 q_change=46 q_delta=0.378262 q_grad=0.002642
epoch=51 loss_total=0.661710 loss_rec=0.514451 valid_auc=0.688225 valid_rmse=0.481573 q_change=46 q_delta=0.378770 q_grad=0.002720
epoch=52 loss_total=0.663129 loss_rec=0.515920 valid_auc=0.687467 valid_rmse=0.480147 q_change=45 q_delta=0.379462 q_grad=0.002763
epoch=53 loss_total=0.663597 loss_rec=0.516431 valid_auc=0.687388 valid_rmse=0.479494 q_change=45 q_delta=0.379925 q_grad=0.002776
epoch=54 loss_total=0.656463 loss_rec=0.509309 valid_auc=0.684855 valid_rmse=0.482122 q_change=45 q_delta=0.380421 q_grad=0.002789
epoch=55 loss_total=0.652223 loss_rec=0.505147 valid_auc=0.691897 valid_rmse=0.478608 q_change=45 q_delta=0.380969 q_grad=0.002739
Early stopping at epoch 55; best_epoch=35.
Saved run to C:\Users\YAN_SHU_YU\Desktop\Generative-CD\Q_GNCDM\results\weak_q_lambda_sweep\lq_0p5_ls_0p5_lb_0p2\seed_2026\noise_0.20\weak-q_lq_0p5_ls_0p5_lb_0p2
Final metrics: q_hat_f1=0.250000 response_auc=0.692231 mastery_pearson=0.424554
