run=weak-q_lq_0p5_ls_0p3_lb_0p3 mode=weak-q noise=0.20 train=4200 valid=600 test=1200
epoch=1 loss_total=0.930263 loss_rec=0.725644 valid_auc=0.588460 valid_rmse=0.499735 q_change=57 q_delta=0.076294 q_grad=0.000296
epoch=2 loss_total=0.890313 loss_rec=0.705656 valid_auc=0.598549 valid_rmse=0.499147 q_change=57 q_delta=0.138331 q_grad=0.000244
epoch=3 loss_total=0.869407 loss_rec=0.699018 valid_auc=0.617712 valid_rmse=0.497942 q_change=57 q_delta=0.186191 q_grad=0.000219
epoch=4 loss_total=0.851356 loss_rec=0.691101 valid_auc=0.644509 valid_rmse=0.496195 q_change=57 q_delta=0.222213 q_grad=0.000215
epoch=5 loss_total=0.840492 loss_rec=0.686788 valid_auc=0.663460 valid_rmse=0.491639 q_change=57 q_delta=0.245368 q_grad=0.000255
epoch=6 loss_total=0.821107 loss_rec=0.670951 valid_auc=0.670658 valid_rmse=0.484230 q_change=57 q_delta=0.256454 q_grad=0.000374
epoch=7 loss_total=0.794993 loss_rec=0.646347 valid_auc=0.672667 valid_rmse=0.478186 q_change=57 q_delta=0.261828 q_grad=0.000579
epoch=8 loss_total=0.783436 loss_rec=0.635695 valid_auc=0.676395 valid_rmse=0.476393 q_change=57 q_delta=0.265974 q_grad=0.000833
epoch=9 loss_total=0.774394 loss_rec=0.627523 valid_auc=0.684319 valid_rmse=0.472697 q_change=57 q_delta=0.269065 q_grad=0.000996
epoch=10 loss_total=0.775407 loss_rec=0.629359 valid_auc=0.683298 valid_rmse=0.474097 q_change=55 q_delta=0.271233 q_grad=0.001077
epoch=11 loss_total=0.771645 loss_rec=0.625970 valid_auc=0.684007 valid_rmse=0.472711 q_change=54 q_delta=0.274167 q_grad=0.001213
epoch=12 loss_total=0.761678 loss_rec=0.616437 valid_auc=0.683504 valid_rmse=0.474254 q_change=51 q_delta=0.276615 q_grad=0.001282
epoch=13 loss_total=0.757041 loss_rec=0.612271 valid_auc=0.683415 valid_rmse=0.473236 q_change=50 q_delta=0.280569 q_grad=0.001290
epoch=14 loss_total=0.756781 loss_rec=0.612385 valid_auc=0.682489 valid_rmse=0.475165 q_change=50 q_delta=0.283693 q_grad=0.001377
epoch=15 loss_total=0.752048 loss_rec=0.607979 valid_auc=0.683627 valid_rmse=0.473904 q_change=50 q_delta=0.287612 q_grad=0.001415
epoch=16 loss_total=0.752905 loss_rec=0.609124 valid_auc=0.684018 valid_rmse=0.474332 q_change=50 q_delta=0.290808 q_grad=0.001521
epoch=17 loss_total=0.748004 loss_rec=0.604567 valid_auc=0.683259 valid_rmse=0.474201 q_change=48 q_delta=0.293730 q_grad=0.001451
epoch=18 loss_total=0.741591 loss_rec=0.598402 valid_auc=0.684219 valid_rmse=0.474215 q_change=47 q_delta=0.296512 q_grad=0.001485
epoch=19 loss_total=0.739924 loss_rec=0.597088 valid_auc=0.684888 valid_rmse=0.475031 q_change=47 q_delta=0.299449 q_grad=0.001577
epoch=20 loss_total=0.736339 loss_rec=0.593704 valid_auc=0.686496 valid_rmse=0.473662 q_change=47 q_delta=0.302611 q_grad=0.001656
epoch=21 loss_total=0.730482 loss_rec=0.588066 valid_auc=0.688158 valid_rmse=0.474612 q_change=47 q_delta=0.305228 q_grad=0.001587
epoch=22 loss_total=0.727205 loss_rec=0.584981 valid_auc=0.687031 valid_rmse=0.474868 q_change=47 q_delta=0.308271 q_grad=0.001717
epoch=23 loss_total=0.723629 loss_rec=0.581600 valid_auc=0.685424 valid_rmse=0.475050 q_change=44 q_delta=0.311014 q_grad=0.001669
epoch=24 loss_total=0.717099 loss_rec=0.575245 valid_auc=0.685703 valid_rmse=0.475826 q_change=42 q_delta=0.313649 q_grad=0.001717
epoch=25 loss_total=0.715501 loss_rec=0.573782 valid_auc=0.687422 valid_rmse=0.475952 q_change=40 q_delta=0.316147 q_grad=0.001828
epoch=26 loss_total=0.711637 loss_rec=0.570064 valid_auc=0.688170 valid_rmse=0.476017 q_change=40 q_delta=0.318395 q_grad=0.001814
epoch=27 loss_total=0.705899 loss_rec=0.564425 valid_auc=0.687489 valid_rmse=0.478569 q_change=40 q_delta=0.320518 q_grad=0.001817
epoch=28 loss_total=0.707066 loss_rec=0.565670 valid_auc=0.687612 valid_rmse=0.477029 q_change=38 q_delta=0.323232 q_grad=0.001944
epoch=29 loss_total=0.698382 loss_rec=0.557116 valid_auc=0.690279 valid_rmse=0.476789 q_change=37 q_delta=0.325445 q_grad=0.001930
epoch=30 loss_total=0.694882 loss_rec=0.553648 valid_auc=0.691239 valid_rmse=0.477901 q_change=37 q_delta=0.327774 q_grad=0.001996
epoch=31 loss_total=0.688450 loss_rec=0.547308 valid_auc=0.690112 valid_rmse=0.478380 q_change=35 q_delta=0.329949 q_grad=0.001990
epoch=32 loss_total=0.686660 loss_rec=0.545596 valid_auc=0.694096 valid_rmse=0.477730 q_change=34 q_delta=0.332394 q_grad=0.002060
epoch=33 loss_total=0.679707 loss_rec=0.538657 valid_auc=0.691127 valid_rmse=0.477249 q_change=34 q_delta=0.334983 q_grad=0.002083
epoch=34 loss_total=0.679358 loss_rec=0.538426 valid_auc=0.691071 valid_rmse=0.477119 q_change=34 q_delta=0.336657 q_grad=0.002088
epoch=35 loss_total=0.678720 loss_rec=0.537844 valid_auc=0.694453 valid_rmse=0.475832 q_change=33 q_delta=0.338443 q_grad=0.002090
epoch=36 loss_total=0.670195 loss_rec=0.529324 valid_auc=0.692891 valid_rmse=0.476728 q_change=34 q_delta=0.339895 q_grad=0.002159
epoch=37 loss_total=0.665464 loss_rec=0.524631 valid_auc=0.690915 valid_rmse=0.480114 q_change=32 q_delta=0.341797 q_grad=0.002154
epoch=38 loss_total=0.658355 loss_rec=0.517617 valid_auc=0.691484 valid_rmse=0.480328 q_change=31 q_delta=0.343419 q_grad=0.002231
epoch=39 loss_total=0.658158 loss_rec=0.517491 valid_auc=0.691116 valid_rmse=0.479175 q_change=31 q_delta=0.344962 q_grad=0.002191
epoch=40 loss_total=0.655153 loss_rec=0.514553 valid_auc=0.690748 valid_rmse=0.480236 q_change=31 q_delta=0.346245 q_grad=0.002240
epoch=41 loss_total=0.648121 loss_rec=0.507625 valid_auc=0.690480 valid_rmse=0.483291 q_change=31 q_delta=0.347831 q_grad=0.002211
epoch=42 loss_total=0.652275 loss_rec=0.511864 valid_auc=0.688069 valid_rmse=0.481524 q_change=31 q_delta=0.349205 q_grad=0.002359
epoch=43 loss_total=0.645953 loss_rec=0.505640 valid_auc=0.691127 valid_rmse=0.482072 q_change=32 q_delta=0.350446 q_grad=0.002297
epoch=44 loss_total=0.642971 loss_rec=0.502724 valid_auc=0.690257 valid_rmse=0.481480 q_change=32 q_delta=0.351562 q_grad=0.002309
epoch=45 loss_total=0.639877 loss_rec=0.499725 valid_auc=0.688404 valid_rmse=0.485842 q_change=32 q_delta=0.352528 q_grad=0.002306
epoch=46 loss_total=0.638532 loss_rec=0.498414 valid_auc=0.693717 valid_rmse=0.480745 q_change=31 q_delta=0.353761 q_grad=0.002334
epoch=47 loss_total=0.636054 loss_rec=0.496046 valid_auc=0.691429 valid_rmse=0.483774 q_change=31 q_delta=0.354502 q_grad=0.002277
epoch=48 loss_total=0.635719 loss_rec=0.495803 valid_auc=0.690357 valid_rmse=0.482352 q_change=31 q_delta=0.355809 q_grad=0.002354
epoch=49 loss_total=0.629844 loss_rec=0.490002 valid_auc=0.692031 valid_rmse=0.481272 q_change=31 q_delta=0.356621 q_grad=0.002296
epoch=50 loss_total=0.624462 loss_rec=0.484686 valid_auc=0.690993 valid_rmse=0.485633 q_change=31 q_delta=0.357918 q_grad=0.002310
epoch=51 loss_total=0.625778 loss_rec=0.486109 valid_auc=0.690982 valid_rmse=0.485667 q_change=32 q_delta=0.359067 q_grad=0.002381
epoch=52 loss_total=0.626337 loss_rec=0.486736 valid_auc=0.690748 valid_rmse=0.483800 q_change=32 q_delta=0.360150 q_grad=0.002356
epoch=53 loss_total=0.627605 loss_rec=0.488075 valid_auc=0.690497 valid_rmse=0.483346 q_change=30 q_delta=0.360888 q_grad=0.002374
epoch=54 loss_total=0.621604 loss_rec=0.482112 valid_auc=0.688359 valid_rmse=0.484944 q_change=30 q_delta=0.361988 q_grad=0.002401
epoch=55 loss_total=0.616778 loss_rec=0.477374 valid_auc=0.695167 valid_rmse=0.481342 q_change=30 q_delta=0.363075 q_grad=0.002328
epoch=56 loss_total=0.615705 loss_rec=0.476361 valid_auc=0.691775 valid_rmse=0.484537 q_change=31 q_delta=0.363959 q_grad=0.002358
epoch=57 loss_total=0.616124 loss_rec=0.476822 valid_auc=0.689397 valid_rmse=0.486666 q_change=30 q_delta=0.364806 q_grad=0.002462
epoch=58 loss_total=0.609636 loss_rec=0.470392 valid_auc=0.690112 valid_rmse=0.487004 q_change=30 q_delta=0.365628 q_grad=0.002390
epoch=59 loss_total=0.606973 loss_rec=0.467837 valid_auc=0.694665 valid_rmse=0.483605 q_change=30 q_delta=0.366517 q_grad=0.002344
epoch=60 loss_total=0.609505 loss_rec=0.470426 valid_auc=0.693248 valid_rmse=0.485182 q_change=30 q_delta=0.367403 q_grad=0.002384
epoch=61 loss_total=0.607662 loss_rec=0.468631 valid_auc=0.691283 valid_rmse=0.484539 q_change=30 q_delta=0.368164 q_grad=0.002422
epoch=62 loss_total=0.602815 loss_rec=0.463868 valid_auc=0.695379 valid_rmse=0.483894 q_change=30 q_delta=0.368924 q_grad=0.002330
epoch=63 loss_total=0.602913 loss_rec=0.464021 valid_auc=0.693136 valid_rmse=0.485353 q_change=30 q_delta=0.369713 q_grad=0.002432
epoch=64 loss_total=0.602509 loss_rec=0.463669 valid_auc=0.693873 valid_rmse=0.487479 q_change=29 q_delta=0.370264 q_grad=0.002389
epoch=65 loss_total=0.599814 loss_rec=0.461031 valid_auc=0.691730 valid_rmse=0.486074 q_change=30 q_delta=0.371135 q_grad=0.002306
epoch=66 loss_total=0.599749 loss_rec=0.461036 valid_auc=0.690937 valid_rmse=0.486930 q_change=29 q_delta=0.371745 q_grad=0.002430
epoch=67 loss_total=0.599834 loss_rec=0.461181 valid_auc=0.691239 valid_rmse=0.486967 q_change=29 q_delta=0.372681 q_grad=0.002430
epoch=68 loss_total=0.592140 loss_rec=0.453552 valid_auc=0.692589 valid_rmse=0.488453 q_change=29 q_delta=0.373311 q_grad=0.002390
epoch=69 loss_total=0.591415 loss_rec=0.452879 valid_auc=0.692020 valid_rmse=0.492703 q_change=29 q_delta=0.373950 q_grad=0.002408
epoch=70 loss_total=0.587194 loss_rec=0.448711 valid_auc=0.692132 valid_rmse=0.486674 q_change=28 q_delta=0.374755 q_grad=0.002442
epoch=71 loss_total=0.587884 loss_rec=0.449502 valid_auc=0.694821 valid_rmse=0.486077 q_change=29 q_delta=0.375374 q_grad=0.002384
epoch=72 loss_total=0.589163 loss_rec=0.450803 valid_auc=0.692645 valid_rmse=0.487032 q_change=28 q_delta=0.375915 q_grad=0.002454
epoch=73 loss_total=0.582543 loss_rec=0.444235 valid_auc=0.689911 valid_rmse=0.489488 q_change=28 q_delta=0.376700 q_grad=0.002455
epoch=74 loss_total=0.588482 loss_rec=0.450252 valid_auc=0.690993 valid_rmse=0.488413 q_change=27 q_delta=0.377487 q_grad=0.002427
epoch=75 loss_total=0.587023 loss_rec=0.448851 valid_auc=0.688650 valid_rmse=0.493676 q_change=27 q_delta=0.378172 q_grad=0.002444
epoch=76 loss_total=0.584295 loss_rec=0.446174 valid_auc=0.693114 valid_rmse=0.484912 q_change=27 q_delta=0.378887 q_grad=0.002396
epoch=77 loss_total=0.576851 loss_rec=0.438787 valid_auc=0.693203 valid_rmse=0.487283 q_change=27 q_delta=0.379542 q_grad=0.002351
epoch=78 loss_total=0.577847 loss_rec=0.439822 valid_auc=0.692533 valid_rmse=0.490327 q_change=27 q_delta=0.380184 q_grad=0.002520
epoch=79 loss_total=0.574414 loss_rec=0.436464 valid_auc=0.690424 valid_rmse=0.488356 q_change=27 q_delta=0.380789 q_grad=0.002501
epoch=80 loss_total=0.575159 loss_rec=0.437255 valid_auc=0.693862 valid_rmse=0.488020 q_change=28 q_delta=0.381541 q_grad=0.002430
epoch=81 loss_total=0.574183 loss_rec=0.436334 valid_auc=0.692969 valid_rmse=0.489932 q_change=28 q_delta=0.381998 q_grad=0.002531
epoch=82 loss_total=0.569444 loss_rec=0.431660 valid_auc=0.690022 valid_rmse=0.490047 q_change=29 q_delta=0.382597 q_grad=0.002514
Early stopping at epoch 82; best_epoch=62.
Saved run to C:\Users\YAN_SHU_YU\Desktop\Generative-CD\Q_GNCDM\results\weak_q_lambda_sweep\lq_0p5_ls_0p3_lb_0p3\seed_2026\noise_0.20\weak-q_lq_0p5_ls_0p3_lb_0p3
Final metrics: q_hat_f1=0.626506 response_auc=0.687451 mastery_pearson=0.545761
