run=weak-q_lq_0p9_ls_0p9_lb_0p6 mode=weak-q noise=0.20 train=4200 valid=600 test=1200
epoch=1 loss_total=1.264479 loss_rec=0.725664 valid_auc=0.587444 valid_rmse=0.499758 q_change=57 q_delta=0.078817 q_grad=0.000911
epoch=2 loss_total=1.179004 loss_rec=0.705953 valid_auc=0.592969 valid_rmse=0.499341 q_change=57 q_delta=0.147780 q_grad=0.000794
epoch=3 loss_total=1.120058 loss_rec=0.700107 valid_auc=0.603867 valid_rmse=0.498620 q_change=57 q_delta=0.204905 q_grad=0.000681
epoch=4 loss_total=1.072423 loss_rec=0.694009 valid_auc=0.619777 valid_rmse=0.498025 q_change=57 q_delta=0.250821 q_grad=0.000577
epoch=5 loss_total=1.040848 loss_rec=0.694017 valid_auc=0.639699 valid_rmse=0.496288 q_change=57 q_delta=0.286694 q_grad=0.000488
epoch=6 loss_total=1.012403 loss_rec=0.689415 valid_auc=0.655463 valid_rmse=0.495340 q_change=57 q_delta=0.314219 q_grad=0.000421
epoch=7 loss_total=0.986780 loss_rec=0.681580 valid_auc=0.657321 valid_rmse=0.493041 q_change=57 q_delta=0.334980 q_grad=0.000387
epoch=8 loss_total=0.965919 loss_rec=0.673490 valid_auc=0.653237 valid_rmse=0.488839 q_change=57 q_delta=0.349583 q_grad=0.000413
epoch=9 loss_total=0.946195 loss_rec=0.662649 valid_auc=0.659509 valid_rmse=0.482194 q_change=57 q_delta=0.360432 q_grad=0.000524
epoch=10 loss_total=0.936628 loss_rec=0.660091 valid_auc=0.661362 valid_rmse=0.481214 q_change=57 q_delta=0.369057 q_grad=0.000622
epoch=11 loss_total=0.927469 loss_rec=0.656305 valid_auc=0.662679 valid_rmse=0.480138 q_change=57 q_delta=0.376474 q_grad=0.000733
epoch=12 loss_total=0.913465 loss_rec=0.647096 valid_auc=0.667042 valid_rmse=0.480716 q_change=57 q_delta=0.382447 q_grad=0.000804
epoch=13 loss_total=0.907390 loss_rec=0.644994 valid_auc=0.669621 valid_rmse=0.477393 q_change=57 q_delta=0.387602 q_grad=0.000833
epoch=14 loss_total=0.903444 loss_rec=0.644093 valid_auc=0.670748 valid_rmse=0.478702 q_change=57 q_delta=0.391413 q_grad=0.000934
epoch=15 loss_total=0.898914 loss_rec=0.642166 valid_auc=0.670882 valid_rmse=0.476833 q_change=57 q_delta=0.395064 q_grad=0.001007
epoch=16 loss_total=0.897572 loss_rec=0.642954 valid_auc=0.673627 valid_rmse=0.476629 q_change=57 q_delta=0.397791 q_grad=0.001121
epoch=17 loss_total=0.894395 loss_rec=0.641699 valid_auc=0.675368 valid_rmse=0.476932 q_change=57 q_delta=0.400183 q_grad=0.001106
epoch=18 loss_total=0.887221 loss_rec=0.636051 valid_auc=0.677902 valid_rmse=0.475628 q_change=57 q_delta=0.402337 q_grad=0.001164
epoch=19 loss_total=0.884449 loss_rec=0.634721 valid_auc=0.678348 valid_rmse=0.476049 q_change=57 q_delta=0.404141 q_grad=0.001267
epoch=20 loss_total=0.882616 loss_rec=0.634001 valid_auc=0.681574 valid_rmse=0.474193 q_change=57 q_delta=0.405788 q_grad=0.001378
epoch=21 loss_total=0.878193 loss_rec=0.630630 valid_auc=0.681696 valid_rmse=0.475627 q_change=57 q_delta=0.406840 q_grad=0.001341
epoch=22 loss_total=0.876623 loss_rec=0.629818 valid_auc=0.683270 valid_rmse=0.474011 q_change=57 q_delta=0.407795 q_grad=0.001479
epoch=23 loss_total=0.872912 loss_rec=0.626778 valid_auc=0.682801 valid_rmse=0.473573 q_change=57 q_delta=0.408836 q_grad=0.001500
epoch=24 loss_total=0.867999 loss_rec=0.622470 valid_auc=0.681663 valid_rmse=0.473906 q_change=57 q_delta=0.409514 q_grad=0.001556
epoch=25 loss_total=0.870246 loss_rec=0.625175 valid_auc=0.682444 valid_rmse=0.473657 q_change=57 q_delta=0.409896 q_grad=0.001709
epoch=26 loss_total=0.867139 loss_rec=0.622392 valid_auc=0.683884 valid_rmse=0.474666 q_change=57 q_delta=0.410293 q_grad=0.001710
epoch=27 loss_total=0.863687 loss_rec=0.619090 valid_auc=0.687277 valid_rmse=0.474758 q_change=56 q_delta=0.410381 q_grad=0.001715
epoch=28 loss_total=0.865645 loss_rec=0.621264 valid_auc=0.685781 valid_rmse=0.473721 q_change=56 q_delta=0.411069 q_grad=0.001805
epoch=29 loss_total=0.860375 loss_rec=0.616152 valid_auc=0.688806 valid_rmse=0.473047 q_change=56 q_delta=0.411773 q_grad=0.001857
epoch=30 loss_total=0.860315 loss_rec=0.616196 valid_auc=0.689743 valid_rmse=0.473023 q_change=56 q_delta=0.412264 q_grad=0.001825
epoch=31 loss_total=0.856247 loss_rec=0.612073 valid_auc=0.691518 valid_rmse=0.473172 q_change=56 q_delta=0.412755 q_grad=0.001865
epoch=32 loss_total=0.858025 loss_rec=0.613954 valid_auc=0.693437 valid_rmse=0.473611 q_change=56 q_delta=0.413080 q_grad=0.001921
epoch=33 loss_total=0.856077 loss_rec=0.612032 valid_auc=0.691016 valid_rmse=0.471712 q_change=56 q_delta=0.413662 q_grad=0.001890
epoch=34 loss_total=0.854769 loss_rec=0.610815 valid_auc=0.690826 valid_rmse=0.471646 q_change=55 q_delta=0.413956 q_grad=0.001894
epoch=35 loss_total=0.854874 loss_rec=0.611010 valid_auc=0.693571 valid_rmse=0.470756 q_change=55 q_delta=0.414471 q_grad=0.001867
epoch=36 loss_total=0.850880 loss_rec=0.606897 valid_auc=0.694877 valid_rmse=0.471544 q_change=55 q_delta=0.414768 q_grad=0.001923
epoch=37 loss_total=0.845224 loss_rec=0.601216 valid_auc=0.694554 valid_rmse=0.471598 q_change=55 q_delta=0.415308 q_grad=0.001919
epoch=38 loss_total=0.844220 loss_rec=0.600341 valid_auc=0.694375 valid_rmse=0.473618 q_change=55 q_delta=0.415835 q_grad=0.002024
epoch=39 loss_total=0.846520 loss_rec=0.602705 valid_auc=0.695692 valid_rmse=0.470560 q_change=55 q_delta=0.416462 q_grad=0.001954
epoch=40 loss_total=0.841761 loss_rec=0.598032 valid_auc=0.695145 valid_rmse=0.470821 q_change=55 q_delta=0.416917 q_grad=0.001989
epoch=41 loss_total=0.837676 loss_rec=0.594047 valid_auc=0.696629 valid_rmse=0.471489 q_change=55 q_delta=0.417265 q_grad=0.001987
epoch=42 loss_total=0.841252 loss_rec=0.597621 valid_auc=0.693237 valid_rmse=0.471415 q_change=55 q_delta=0.417689 q_grad=0.002083
epoch=43 loss_total=0.836429 loss_rec=0.592730 valid_auc=0.693672 valid_rmse=0.471688 q_change=55 q_delta=0.417805 q_grad=0.002031
epoch=44 loss_total=0.837087 loss_rec=0.593472 valid_auc=0.692623 valid_rmse=0.472393 q_change=55 q_delta=0.418170 q_grad=0.002086
epoch=45 loss_total=0.832937 loss_rec=0.589399 valid_auc=0.693650 valid_rmse=0.475723 q_change=54 q_delta=0.418289 q_grad=0.002129
epoch=46 loss_total=0.833373 loss_rec=0.589765 valid_auc=0.695045 valid_rmse=0.470528 q_change=54 q_delta=0.418609 q_grad=0.002093
epoch=47 loss_total=0.829916 loss_rec=0.586346 valid_auc=0.694676 valid_rmse=0.472159 q_change=54 q_delta=0.419079 q_grad=0.002110
epoch=48 loss_total=0.827877 loss_rec=0.584244 valid_auc=0.694141 valid_rmse=0.471457 q_change=54 q_delta=0.419557 q_grad=0.002188
epoch=49 loss_total=0.824910 loss_rec=0.581199 valid_auc=0.694632 valid_rmse=0.471489 q_change=53 q_delta=0.419925 q_grad=0.002218
epoch=50 loss_total=0.819774 loss_rec=0.575952 valid_auc=0.691886 valid_rmse=0.472938 q_change=53 q_delta=0.420291 q_grad=0.002142
epoch=51 loss_total=0.819016 loss_rec=0.575172 valid_auc=0.693984 valid_rmse=0.475177 q_change=53 q_delta=0.420789 q_grad=0.002276
epoch=52 loss_total=0.819917 loss_rec=0.576043 valid_auc=0.691328 valid_rmse=0.473097 q_change=53 q_delta=0.421641 q_grad=0.002290
epoch=53 loss_total=0.819658 loss_rec=0.575694 valid_auc=0.694152 valid_rmse=0.472481 q_change=52 q_delta=0.422293 q_grad=0.002312
epoch=54 loss_total=0.810918 loss_rec=0.566898 valid_auc=0.690324 valid_rmse=0.474795 q_change=52 q_delta=0.422845 q_grad=0.002297
epoch=55 loss_total=0.808817 loss_rec=0.564823 valid_auc=0.696406 valid_rmse=0.472186 q_change=52 q_delta=0.423337 q_grad=0.002337
epoch=56 loss_total=0.809188 loss_rec=0.565135 valid_auc=0.691685 valid_rmse=0.473694 q_change=52 q_delta=0.423794 q_grad=0.002403
epoch=57 loss_total=0.805673 loss_rec=0.561582 valid_auc=0.692355 valid_rmse=0.475899 q_change=52 q_delta=0.424112 q_grad=0.002509
epoch=58 loss_total=0.800125 loss_rec=0.556015 valid_auc=0.689967 valid_rmse=0.478604 q_change=52 q_delta=0.424597 q_grad=0.002486
epoch=59 loss_total=0.800439 loss_rec=0.556460 valid_auc=0.691797 valid_rmse=0.473813 q_change=52 q_delta=0.425081 q_grad=0.002490
epoch=60 loss_total=0.798814 loss_rec=0.554888 valid_auc=0.692400 valid_rmse=0.474849 q_change=52 q_delta=0.425361 q_grad=0.002508
epoch=61 loss_total=0.795717 loss_rec=0.551764 valid_auc=0.691116 valid_rmse=0.474394 q_change=52 q_delta=0.425757 q_grad=0.002626
Early stopping at epoch 61; best_epoch=41.
Saved run to C:\Users\YAN_SHU_YU\Desktop\Generative-CD\Q_GNCDM\results\weak_q_lambda_sweep\lq_0p9_ls_0p9_lb_0p6\seed_2026\noise_0.20\weak-q_lq_0p9_ls_0p9_lb_0p6
Final metrics: q_hat_f1=0.068966 response_auc=0.687539 mastery_pearson=0.346624
