run=weak-q_lq_0p7_ls_0p05_lb_0p7 mode=weak-q noise=0.20 train=4200 valid=600 test=1200
epoch=1 loss_total=0.918964 loss_rec=0.725326 valid_auc=0.593638 valid_rmse=0.499503 q_change=0 q_delta=0.061345 q_grad=0.000106
epoch=2 loss_total=0.891422 loss_rec=0.703401 valid_auc=0.610703 valid_rmse=0.498024 q_change=1 q_delta=0.108312 q_grad=0.000126
epoch=3 loss_total=0.876682 loss_rec=0.692544 valid_auc=0.636373 valid_rmse=0.494303 q_change=1 q_delta=0.143130 q_grad=0.000167
epoch=4 loss_total=0.853872 loss_rec=0.672401 valid_auc=0.657333 valid_rmse=0.486045 q_change=4 q_delta=0.169106 q_grad=0.000259
epoch=5 loss_total=0.825337 loss_rec=0.645203 valid_auc=0.668047 valid_rmse=0.478654 q_change=7 q_delta=0.186923 q_grad=0.000465
epoch=6 loss_total=0.798805 loss_rec=0.619776 valid_auc=0.675893 valid_rmse=0.475961 q_change=8 q_delta=0.203170 q_grad=0.000689
epoch=7 loss_total=0.783656 loss_rec=0.605883 valid_auc=0.681998 valid_rmse=0.475599 q_change=9 q_delta=0.215981 q_grad=0.000754
epoch=8 loss_total=0.776820 loss_rec=0.600315 valid_auc=0.681194 valid_rmse=0.476279 q_change=9 q_delta=0.228651 q_grad=0.000823
epoch=9 loss_total=0.768453 loss_rec=0.593106 valid_auc=0.684788 valid_rmse=0.475120 q_change=9 q_delta=0.239708 q_grad=0.000849
epoch=10 loss_total=0.769186 loss_rec=0.595069 valid_auc=0.684263 valid_rmse=0.476820 q_change=9 q_delta=0.250258 q_grad=0.000841
epoch=11 loss_total=0.764230 loss_rec=0.591121 valid_auc=0.684442 valid_rmse=0.475330 q_change=8 q_delta=0.259649 q_grad=0.000893
epoch=12 loss_total=0.751669 loss_rec=0.579508 valid_auc=0.684453 valid_rmse=0.477110 q_change=8 q_delta=0.268101 q_grad=0.000908
epoch=13 loss_total=0.745945 loss_rec=0.574778 valid_auc=0.685033 valid_rmse=0.476288 q_change=7 q_delta=0.277084 q_grad=0.000914
epoch=14 loss_total=0.742738 loss_rec=0.572479 valid_auc=0.685480 valid_rmse=0.477530 q_change=6 q_delta=0.284543 q_grad=0.000930
epoch=15 loss_total=0.734420 loss_rec=0.564944 valid_auc=0.687634 valid_rmse=0.477667 q_change=5 q_delta=0.291747 q_grad=0.000942
epoch=16 loss_total=0.733414 loss_rec=0.564695 valid_auc=0.688170 valid_rmse=0.477627 q_change=5 q_delta=0.298227 q_grad=0.001031
epoch=17 loss_total=0.724903 loss_rec=0.556906 valid_auc=0.686875 valid_rmse=0.478222 q_change=4 q_delta=0.304044 q_grad=0.000975
epoch=18 loss_total=0.715934 loss_rec=0.548599 valid_auc=0.687746 valid_rmse=0.478485 q_change=4 q_delta=0.309705 q_grad=0.001004
epoch=19 loss_total=0.712289 loss_rec=0.545561 valid_auc=0.689866 valid_rmse=0.479119 q_change=5 q_delta=0.314710 q_grad=0.001027
epoch=20 loss_total=0.706579 loss_rec=0.540404 valid_auc=0.690703 valid_rmse=0.478366 q_change=5 q_delta=0.319690 q_grad=0.001087
epoch=21 loss_total=0.698361 loss_rec=0.532721 valid_auc=0.692924 valid_rmse=0.478899 q_change=5 q_delta=0.324025 q_grad=0.001038
epoch=22 loss_total=0.693437 loss_rec=0.528306 valid_auc=0.693192 valid_rmse=0.478838 q_change=5 q_delta=0.328340 q_grad=0.001091
epoch=23 loss_total=0.688626 loss_rec=0.523930 valid_auc=0.689721 valid_rmse=0.480841 q_change=5 q_delta=0.332556 q_grad=0.001074
epoch=24 loss_total=0.679725 loss_rec=0.515483 valid_auc=0.691830 valid_rmse=0.481339 q_change=7 q_delta=0.336525 q_grad=0.001072
epoch=25 loss_total=0.677383 loss_rec=0.513526 valid_auc=0.693371 valid_rmse=0.481589 q_change=7 q_delta=0.340221 q_grad=0.001127
epoch=26 loss_total=0.672867 loss_rec=0.509349 valid_auc=0.692187 valid_rmse=0.481755 q_change=7 q_delta=0.343861 q_grad=0.001075
epoch=27 loss_total=0.669006 loss_rec=0.505809 valid_auc=0.691473 valid_rmse=0.484328 q_change=7 q_delta=0.347225 q_grad=0.001079
epoch=28 loss_total=0.671153 loss_rec=0.508268 valid_auc=0.691696 valid_rmse=0.483343 q_change=7 q_delta=0.350584 q_grad=0.001117
epoch=29 loss_total=0.665382 loss_rec=0.502803 valid_auc=0.693237 valid_rmse=0.482458 q_change=7 q_delta=0.353607 q_grad=0.001079
epoch=30 loss_total=0.661448 loss_rec=0.499131 valid_auc=0.694799 valid_rmse=0.483750 q_change=8 q_delta=0.356292 q_grad=0.001111
epoch=31 loss_total=0.655397 loss_rec=0.493311 valid_auc=0.693795 valid_rmse=0.483621 q_change=9 q_delta=0.359037 q_grad=0.001084
epoch=32 loss_total=0.655386 loss_rec=0.493548 valid_auc=0.698075 valid_rmse=0.482727 q_change=9 q_delta=0.361542 q_grad=0.001090
epoch=33 loss_total=0.651749 loss_rec=0.490106 valid_auc=0.694063 valid_rmse=0.483263 q_change=9 q_delta=0.364055 q_grad=0.001074
epoch=34 loss_total=0.653565 loss_rec=0.492146 valid_auc=0.695290 valid_rmse=0.481998 q_change=9 q_delta=0.366091 q_grad=0.001058
epoch=35 loss_total=0.653944 loss_rec=0.492719 valid_auc=0.697422 valid_rmse=0.480280 q_change=9 q_delta=0.368036 q_grad=0.001065
epoch=36 loss_total=0.646345 loss_rec=0.485281 valid_auc=0.696350 valid_rmse=0.481522 q_change=9 q_delta=0.369839 q_grad=0.001066
epoch=37 loss_total=0.644850 loss_rec=0.483932 valid_auc=0.695804 valid_rmse=0.482787 q_change=9 q_delta=0.371508 q_grad=0.001037
epoch=38 loss_total=0.638274 loss_rec=0.477536 valid_auc=0.696842 valid_rmse=0.483054 q_change=9 q_delta=0.373171 q_grad=0.001054
epoch=39 loss_total=0.639606 loss_rec=0.479005 valid_auc=0.698158 valid_rmse=0.481629 q_change=9 q_delta=0.374662 q_grad=0.001044
epoch=40 loss_total=0.638373 loss_rec=0.477903 valid_auc=0.697444 valid_rmse=0.482519 q_change=9 q_delta=0.375997 q_grad=0.001034
epoch=41 loss_total=0.633992 loss_rec=0.473666 valid_auc=0.697857 valid_rmse=0.484459 q_change=9 q_delta=0.377419 q_grad=0.001018
epoch=42 loss_total=0.636461 loss_rec=0.476247 valid_auc=0.696886 valid_rmse=0.483031 q_change=9 q_delta=0.378695 q_grad=0.001082
epoch=43 loss_total=0.632811 loss_rec=0.472721 valid_auc=0.698047 valid_rmse=0.483995 q_change=9 q_delta=0.379932 q_grad=0.001064
epoch=44 loss_total=0.627718 loss_rec=0.467733 valid_auc=0.698549 valid_rmse=0.482265 q_change=10 q_delta=0.380893 q_grad=0.001032
epoch=45 loss_total=0.625981 loss_rec=0.466110 valid_auc=0.696970 valid_rmse=0.485870 q_change=10 q_delta=0.381917 q_grad=0.001025
epoch=46 loss_total=0.625783 loss_rec=0.466014 valid_auc=0.700502 valid_rmse=0.482755 q_change=9 q_delta=0.383025 q_grad=0.001048
epoch=47 loss_total=0.623748 loss_rec=0.464099 valid_auc=0.699252 valid_rmse=0.484079 q_change=9 q_delta=0.383916 q_grad=0.001023
epoch=48 loss_total=0.624996 loss_rec=0.465431 valid_auc=0.700781 valid_rmse=0.482811 q_change=10 q_delta=0.384703 q_grad=0.001038
epoch=49 loss_total=0.619887 loss_rec=0.460397 valid_auc=0.700201 valid_rmse=0.481807 q_change=10 q_delta=0.385524 q_grad=0.001007
epoch=50 loss_total=0.617531 loss_rec=0.458127 valid_auc=0.699442 valid_rmse=0.485341 q_change=10 q_delta=0.386315 q_grad=0.000996
epoch=51 loss_total=0.618338 loss_rec=0.459027 valid_auc=0.701183 valid_rmse=0.484178 q_change=10 q_delta=0.386966 q_grad=0.001047
epoch=52 loss_total=0.618161 loss_rec=0.458923 valid_auc=0.699286 valid_rmse=0.483955 q_change=10 q_delta=0.387781 q_grad=0.001047
epoch=53 loss_total=0.621206 loss_rec=0.462038 valid_auc=0.699163 valid_rmse=0.483606 q_change=10 q_delta=0.388440 q_grad=0.001011
epoch=54 loss_total=0.616995 loss_rec=0.457913 valid_auc=0.698170 valid_rmse=0.484800 q_change=10 q_delta=0.389114 q_grad=0.001041
epoch=55 loss_total=0.612316 loss_rec=0.453294 valid_auc=0.703683 valid_rmse=0.480921 q_change=10 q_delta=0.389735 q_grad=0.000991
epoch=56 loss_total=0.609118 loss_rec=0.450158 valid_auc=0.700725 valid_rmse=0.483888 q_change=10 q_delta=0.390423 q_grad=0.000960
epoch=57 loss_total=0.611904 loss_rec=0.453001 valid_auc=0.699308 valid_rmse=0.484483 q_change=11 q_delta=0.391136 q_grad=0.001073
epoch=58 loss_total=0.606058 loss_rec=0.447222 valid_auc=0.699933 valid_rmse=0.484290 q_change=11 q_delta=0.391658 q_grad=0.001014
epoch=59 loss_total=0.603432 loss_rec=0.444631 valid_auc=0.702087 valid_rmse=0.482673 q_change=11 q_delta=0.392142 q_grad=0.000991
epoch=60 loss_total=0.608954 loss_rec=0.450208 valid_auc=0.700971 valid_rmse=0.484408 q_change=11 q_delta=0.392815 q_grad=0.001007
epoch=61 loss_total=0.605900 loss_rec=0.447192 valid_auc=0.699286 valid_rmse=0.483270 q_change=11 q_delta=0.393197 q_grad=0.001042
epoch=62 loss_total=0.601848 loss_rec=0.443201 valid_auc=0.702902 valid_rmse=0.483122 q_change=11 q_delta=0.393766 q_grad=0.000969
epoch=63 loss_total=0.602938 loss_rec=0.444332 valid_auc=0.700882 valid_rmse=0.484444 q_change=11 q_delta=0.394104 q_grad=0.001026
epoch=64 loss_total=0.604335 loss_rec=0.445764 valid_auc=0.702723 valid_rmse=0.484592 q_change=11 q_delta=0.394492 q_grad=0.001023
epoch=65 loss_total=0.603127 loss_rec=0.444613 valid_auc=0.700937 valid_rmse=0.484605 q_change=11 q_delta=0.395090 q_grad=0.000964
epoch=66 loss_total=0.600999 loss_rec=0.442534 valid_auc=0.700212 valid_rmse=0.485123 q_change=11 q_delta=0.395635 q_grad=0.001027
epoch=67 loss_total=0.601799 loss_rec=0.443370 valid_auc=0.700748 valid_rmse=0.484984 q_change=12 q_delta=0.395904 q_grad=0.001004
epoch=68 loss_total=0.597035 loss_rec=0.438627 valid_auc=0.702489 valid_rmse=0.484122 q_change=12 q_delta=0.396160 q_grad=0.001008
epoch=69 loss_total=0.597251 loss_rec=0.438872 valid_auc=0.702176 valid_rmse=0.488536 q_change=12 q_delta=0.396489 q_grad=0.000985
epoch=70 loss_total=0.592448 loss_rec=0.434098 valid_auc=0.701708 valid_rmse=0.484031 q_change=12 q_delta=0.396951 q_grad=0.001015
epoch=71 loss_total=0.592773 loss_rec=0.434483 valid_auc=0.703884 valid_rmse=0.483433 q_change=12 q_delta=0.397419 q_grad=0.000962
epoch=72 loss_total=0.595898 loss_rec=0.437629 valid_auc=0.703415 valid_rmse=0.484628 q_change=12 q_delta=0.397651 q_grad=0.001017
epoch=73 loss_total=0.589198 loss_rec=0.430978 valid_auc=0.700837 valid_rmse=0.486379 q_change=12 q_delta=0.398072 q_grad=0.001017
epoch=74 loss_total=0.594822 loss_rec=0.436626 valid_auc=0.700904 valid_rmse=0.486057 q_change=12 q_delta=0.398216 q_grad=0.000980
epoch=75 loss_total=0.592703 loss_rec=0.434545 valid_auc=0.700815 valid_rmse=0.489597 q_change=12 q_delta=0.398608 q_grad=0.001024
epoch=76 loss_total=0.592672 loss_rec=0.434511 valid_auc=0.701172 valid_rmse=0.484767 q_change=12 q_delta=0.399084 q_grad=0.001003
epoch=77 loss_total=0.585559 loss_rec=0.427438 valid_auc=0.703761 valid_rmse=0.485350 q_change=13 q_delta=0.399590 q_grad=0.000984
epoch=78 loss_total=0.586523 loss_rec=0.428422 valid_auc=0.703002 valid_rmse=0.486823 q_change=13 q_delta=0.400069 q_grad=0.001035
epoch=79 loss_total=0.582554 loss_rec=0.424490 valid_auc=0.700592 valid_rmse=0.486028 q_change=14 q_delta=0.400499 q_grad=0.001029
epoch=80 loss_total=0.584055 loss_rec=0.426020 valid_auc=0.704297 valid_rmse=0.486215 q_change=14 q_delta=0.400703 q_grad=0.001001
epoch=81 loss_total=0.583431 loss_rec=0.425412 valid_auc=0.703237 valid_rmse=0.486946 q_change=14 q_delta=0.400895 q_grad=0.001018
epoch=82 loss_total=0.580142 loss_rec=0.422134 valid_auc=0.700748 valid_rmse=0.488111 q_change=14 q_delta=0.401210 q_grad=0.001015
epoch=83 loss_total=0.584979 loss_rec=0.427001 valid_auc=0.701161 valid_rmse=0.487478 q_change=14 q_delta=0.401543 q_grad=0.001010
epoch=84 loss_total=0.584587 loss_rec=0.426624 valid_auc=0.702645 valid_rmse=0.485359 q_change=14 q_delta=0.401809 q_grad=0.000996
epoch=85 loss_total=0.579902 loss_rec=0.421966 valid_auc=0.703337 valid_rmse=0.488102 q_change=14 q_delta=0.402279 q_grad=0.001013
epoch=86 loss_total=0.579618 loss_rec=0.421701 valid_auc=0.699375 valid_rmse=0.487906 q_change=14 q_delta=0.402672 q_grad=0.001038
epoch=87 loss_total=0.577553 loss_rec=0.419658 valid_auc=0.700703 valid_rmse=0.487270 q_change=14 q_delta=0.402827 q_grad=0.001019
epoch=88 loss_total=0.574012 loss_rec=0.416150 valid_auc=0.703359 valid_rmse=0.486406 q_change=14 q_delta=0.403134 q_grad=0.001020
epoch=89 loss_total=0.573254 loss_rec=0.415405 valid_auc=0.701194 valid_rmse=0.490988 q_change=14 q_delta=0.403293 q_grad=0.001007
epoch=90 loss_total=0.582150 loss_rec=0.424337 valid_auc=0.698237 valid_rmse=0.487769 q_change=14 q_delta=0.403766 q_grad=0.001004
epoch=91 loss_total=0.575050 loss_rec=0.417260 valid_auc=0.700592 valid_rmse=0.488042 q_change=14 q_delta=0.403856 q_grad=0.000999
epoch=92 loss_total=0.580074 loss_rec=0.422300 valid_auc=0.697768 valid_rmse=0.488355 q_change=14 q_delta=0.404149 q_grad=0.001006
epoch=93 loss_total=0.573653 loss_rec=0.415901 valid_auc=0.700078 valid_rmse=0.487944 q_change=14 q_delta=0.404293 q_grad=0.000996
epoch=94 loss_total=0.573011 loss_rec=0.415278 valid_auc=0.700614 valid_rmse=0.488390 q_change=14 q_delta=0.404528 q_grad=0.000969
epoch=95 loss_total=0.568354 loss_rec=0.410628 valid_auc=0.700346 valid_rmse=0.487691 q_change=14 q_delta=0.404859 q_grad=0.001026
epoch=96 loss_total=0.575501 loss_rec=0.417798 valid_auc=0.698694 valid_rmse=0.487960 q_change=14 q_delta=0.405215 q_grad=0.001001
epoch=97 loss_total=0.571155 loss_rec=0.413475 valid_auc=0.699777 valid_rmse=0.487163 q_change=14 q_delta=0.405422 q_grad=0.000993
epoch=98 loss_total=0.576300 loss_rec=0.418634 valid_auc=0.700179 valid_rmse=0.487613 q_change=16 q_delta=0.405962 q_grad=0.000996
epoch=99 loss_total=0.568773 loss_rec=0.411121 valid_auc=0.697556 valid_rmse=0.490258 q_change=16 q_delta=0.406184 q_grad=0.001006
epoch=100 loss_total=0.568187 loss_rec=0.410543 valid_auc=0.696328 valid_rmse=0.492396 q_change=15 q_delta=0.406402 q_grad=0.001024
Early stopping at epoch 100; best_epoch=80.
Saved run to C:\Users\YAN_SHU_YU\Desktop\Generative-CD\Q_GNCDM\results\weak_q_lambda_sweep\lq_0p7_ls_0p05_lb_0p7\seed_2026\noise_0.20\weak-q_lq_0p7_ls_0p05_lb_0p7
Final metrics: q_hat_f1=0.848485 response_auc=0.687658 mastery_pearson=0.591993
