run=weak-q_lq_0p05_ls_0p6_lb_0p05 mode=weak-q noise=0.20 train=4200 valid=600 test=1200
epoch=1 loss_total=0.998532 loss_rec=0.725663 valid_auc=0.587645 valid_rmse=0.499755 q_change=57 q_delta=0.079042 q_grad=0.000602
epoch=2 loss_total=0.933549 loss_rec=0.705953 valid_auc=0.594196 valid_rmse=0.499326 q_change=57 q_delta=0.149273 q_grad=0.000548
epoch=3 loss_total=0.888729 loss_rec=0.700100 valid_auc=0.607187 valid_rmse=0.498581 q_change=57 q_delta=0.208202 q_grad=0.000491
epoch=4 loss_total=0.850457 loss_rec=0.694006 valid_auc=0.625089 valid_rmse=0.497968 q_change=57 q_delta=0.255846 q_grad=0.000431
epoch=5 loss_total=0.825162 loss_rec=0.694032 valid_auc=0.645826 valid_rmse=0.496222 q_change=57 q_delta=0.292786 q_grad=0.000379
epoch=6 loss_total=0.801120 loss_rec=0.689450 valid_auc=0.660134 valid_rmse=0.495244 q_change=57 q_delta=0.320607 q_grad=0.000342
epoch=7 loss_total=0.778676 loss_rec=0.681547 valid_auc=0.659916 valid_rmse=0.492793 q_change=57 q_delta=0.340970 q_grad=0.000334
epoch=8 loss_total=0.760034 loss_rec=0.673089 valid_auc=0.656451 valid_rmse=0.488150 q_change=57 q_delta=0.354512 q_grad=0.000386
epoch=9 loss_total=0.741666 loss_rec=0.661576 valid_auc=0.661853 valid_rmse=0.481492 q_change=57 q_delta=0.364429 q_grad=0.000515
epoch=10 loss_total=0.734225 loss_rec=0.659673 valid_auc=0.662913 valid_rmse=0.481041 q_change=57 q_delta=0.372452 q_grad=0.000620
epoch=11 loss_total=0.726390 loss_rec=0.656095 valid_auc=0.663817 valid_rmse=0.479892 q_change=57 q_delta=0.379346 q_grad=0.000729
epoch=12 loss_total=0.713962 loss_rec=0.647518 valid_auc=0.668092 valid_rmse=0.480588 q_change=57 q_delta=0.384886 q_grad=0.000800
epoch=13 loss_total=0.708770 loss_rec=0.645507 valid_auc=0.669219 valid_rmse=0.477607 q_change=57 q_delta=0.389739 q_grad=0.000824
epoch=14 loss_total=0.705502 loss_rec=0.644690 valid_auc=0.669766 valid_rmse=0.479016 q_change=57 q_delta=0.393242 q_grad=0.000925
epoch=15 loss_total=0.701926 loss_rec=0.643208 valid_auc=0.669107 valid_rmse=0.477309 q_change=57 q_delta=0.396729 q_grad=0.000990
epoch=16 loss_total=0.700996 loss_rec=0.644011 valid_auc=0.671708 valid_rmse=0.477137 q_change=57 q_delta=0.399267 q_grad=0.001102
epoch=17 loss_total=0.698418 loss_rec=0.642990 valid_auc=0.673136 valid_rmse=0.477443 q_change=57 q_delta=0.401528 q_grad=0.001085
epoch=18 loss_total=0.691719 loss_rec=0.637553 valid_auc=0.674487 valid_rmse=0.476637 q_change=57 q_delta=0.403588 q_grad=0.001138
epoch=19 loss_total=0.689271 loss_rec=0.636309 valid_auc=0.675458 valid_rmse=0.476594 q_change=57 q_delta=0.405381 q_grad=0.001234
epoch=20 loss_total=0.687834 loss_rec=0.635819 valid_auc=0.678705 valid_rmse=0.475106 q_change=57 q_delta=0.407056 q_grad=0.001345
epoch=21 loss_total=0.683966 loss_rec=0.632866 valid_auc=0.679141 valid_rmse=0.476184 q_change=57 q_delta=0.408166 q_grad=0.001307
epoch=22 loss_total=0.682712 loss_rec=0.632283 valid_auc=0.679967 valid_rmse=0.474935 q_change=57 q_delta=0.409238 q_grad=0.001440
epoch=23 loss_total=0.679457 loss_rec=0.629660 valid_auc=0.678772 valid_rmse=0.474627 q_change=57 q_delta=0.410387 q_grad=0.001461
epoch=24 loss_total=0.674781 loss_rec=0.625574 valid_auc=0.677723 valid_rmse=0.475177 q_change=57 q_delta=0.411229 q_grad=0.001523
epoch=25 loss_total=0.677411 loss_rec=0.628688 valid_auc=0.678527 valid_rmse=0.475029 q_change=57 q_delta=0.411837 q_grad=0.001671
epoch=26 loss_total=0.674870 loss_rec=0.626546 valid_auc=0.678996 valid_rmse=0.475881 q_change=57 q_delta=0.412422 q_grad=0.001676
epoch=27 loss_total=0.672329 loss_rec=0.624249 valid_auc=0.682790 valid_rmse=0.475485 q_change=57 q_delta=0.412714 q_grad=0.001685
epoch=28 loss_total=0.674089 loss_rec=0.626254 valid_auc=0.681239 valid_rmse=0.474731 q_change=57 q_delta=0.413212 q_grad=0.001785
epoch=29 loss_total=0.669819 loss_rec=0.622158 valid_auc=0.684219 valid_rmse=0.474262 q_change=57 q_delta=0.413410 q_grad=0.001840
epoch=30 loss_total=0.670232 loss_rec=0.622713 valid_auc=0.684531 valid_rmse=0.474481 q_change=56 q_delta=0.413504 q_grad=0.001812
epoch=31 loss_total=0.666506 loss_rec=0.618967 valid_auc=0.685681 valid_rmse=0.474225 q_change=56 q_delta=0.414205 q_grad=0.001859
epoch=32 loss_total=0.667997 loss_rec=0.620591 valid_auc=0.687366 valid_rmse=0.474737 q_change=56 q_delta=0.414942 q_grad=0.001918
epoch=33 loss_total=0.666463 loss_rec=0.619163 valid_auc=0.684297 valid_rmse=0.473399 q_change=56 q_delta=0.415910 q_grad=0.001891
epoch=34 loss_total=0.665646 loss_rec=0.618558 valid_auc=0.683638 valid_rmse=0.473358 q_change=56 q_delta=0.416511 q_grad=0.001905
epoch=35 loss_total=0.666751 loss_rec=0.619852 valid_auc=0.686484 valid_rmse=0.472652 q_change=56 q_delta=0.417102 q_grad=0.001885
epoch=36 loss_total=0.663548 loss_rec=0.616778 valid_auc=0.688025 valid_rmse=0.473323 q_change=56 q_delta=0.417362 q_grad=0.001926
epoch=37 loss_total=0.657974 loss_rec=0.611342 valid_auc=0.688527 valid_rmse=0.472985 q_change=56 q_delta=0.417823 q_grad=0.001940
epoch=38 loss_total=0.657776 loss_rec=0.611369 valid_auc=0.686250 valid_rmse=0.475360 q_change=56 q_delta=0.418265 q_grad=0.002049
epoch=39 loss_total=0.660784 loss_rec=0.614556 valid_auc=0.687701 valid_rmse=0.472546 q_change=56 q_delta=0.418787 q_grad=0.001975
epoch=40 loss_total=0.656955 loss_rec=0.610894 valid_auc=0.687958 valid_rmse=0.472685 q_change=56 q_delta=0.419055 q_grad=0.002010
epoch=41 loss_total=0.653102 loss_rec=0.607210 valid_auc=0.690737 valid_rmse=0.472707 q_change=56 q_delta=0.419372 q_grad=0.002011
epoch=42 loss_total=0.657282 loss_rec=0.611510 valid_auc=0.687299 valid_rmse=0.473083 q_change=56 q_delta=0.419694 q_grad=0.002074
epoch=43 loss_total=0.652997 loss_rec=0.607273 valid_auc=0.689900 valid_rmse=0.472453 q_change=56 q_delta=0.419731 q_grad=0.002006
epoch=44 loss_total=0.654306 loss_rec=0.608728 valid_auc=0.690100 valid_rmse=0.472631 q_change=56 q_delta=0.420072 q_grad=0.002077
epoch=45 loss_total=0.651120 loss_rec=0.605641 valid_auc=0.691205 valid_rmse=0.474896 q_change=56 q_delta=0.420076 q_grad=0.002099
epoch=46 loss_total=0.652380 loss_rec=0.606933 valid_auc=0.692020 valid_rmse=0.471150 q_change=56 q_delta=0.420386 q_grad=0.002042
epoch=47 loss_total=0.649713 loss_rec=0.604363 valid_auc=0.693650 valid_rmse=0.471655 q_change=56 q_delta=0.420445 q_grad=0.002063
epoch=48 loss_total=0.649222 loss_rec=0.603893 valid_auc=0.692600 valid_rmse=0.471239 q_change=55 q_delta=0.420585 q_grad=0.002104
epoch=49 loss_total=0.646919 loss_rec=0.601599 valid_auc=0.692600 valid_rmse=0.471333 q_change=55 q_delta=0.420626 q_grad=0.002127
epoch=50 loss_total=0.643064 loss_rec=0.597753 valid_auc=0.690446 valid_rmse=0.472244 q_change=55 q_delta=0.421116 q_grad=0.002028
epoch=51 loss_total=0.643184 loss_rec=0.597933 valid_auc=0.692701 valid_rmse=0.473151 q_change=54 q_delta=0.421493 q_grad=0.002155
epoch=52 loss_total=0.644431 loss_rec=0.599219 valid_auc=0.691518 valid_rmse=0.471955 q_change=54 q_delta=0.422042 q_grad=0.002162
epoch=53 loss_total=0.645848 loss_rec=0.600667 valid_auc=0.693181 valid_rmse=0.471639 q_change=54 q_delta=0.422450 q_grad=0.002155
epoch=54 loss_total=0.637950 loss_rec=0.592850 valid_auc=0.691663 valid_rmse=0.473026 q_change=54 q_delta=0.422799 q_grad=0.002124
epoch=55 loss_total=0.637381 loss_rec=0.592372 valid_auc=0.694821 valid_rmse=0.471691 q_change=54 q_delta=0.423306 q_grad=0.002171
epoch=56 loss_total=0.638609 loss_rec=0.593680 valid_auc=0.692824 valid_rmse=0.471966 q_change=54 q_delta=0.423809 q_grad=0.002196
epoch=57 loss_total=0.636808 loss_rec=0.591952 valid_auc=0.694375 valid_rmse=0.474164 q_change=54 q_delta=0.424103 q_grad=0.002277
epoch=58 loss_total=0.633683 loss_rec=0.588867 valid_auc=0.692299 valid_rmse=0.474279 q_change=54 q_delta=0.424407 q_grad=0.002234
epoch=59 loss_total=0.633296 loss_rec=0.588658 valid_auc=0.690703 valid_rmse=0.472503 q_change=54 q_delta=0.424948 q_grad=0.002213
epoch=60 loss_total=0.632549 loss_rec=0.587983 valid_auc=0.692042 valid_rmse=0.473963 q_change=54 q_delta=0.425154 q_grad=0.002261
epoch=61 loss_total=0.631439 loss_rec=0.586949 valid_auc=0.692165 valid_rmse=0.473410 q_change=54 q_delta=0.425550 q_grad=0.002305
epoch=62 loss_total=0.628958 loss_rec=0.584573 valid_auc=0.690937 valid_rmse=0.472956 q_change=54 q_delta=0.425839 q_grad=0.002262
epoch=63 loss_total=0.629941 loss_rec=0.585592 valid_auc=0.689185 valid_rmse=0.474271 q_change=54 q_delta=0.425982 q_grad=0.002305
epoch=64 loss_total=0.632813 loss_rec=0.588576 valid_auc=0.692868 valid_rmse=0.475540 q_change=54 q_delta=0.426173 q_grad=0.002356
epoch=65 loss_total=0.627012 loss_rec=0.582819 valid_auc=0.690804 valid_rmse=0.473287 q_change=54 q_delta=0.426550 q_grad=0.002250
epoch=66 loss_total=0.627423 loss_rec=0.583324 valid_auc=0.690647 valid_rmse=0.474143 q_change=54 q_delta=0.426718 q_grad=0.002395
epoch=67 loss_total=0.629963 loss_rec=0.585954 valid_auc=0.688817 valid_rmse=0.475047 q_change=54 q_delta=0.426921 q_grad=0.002381
epoch=68 loss_total=0.625763 loss_rec=0.581819 valid_auc=0.689297 valid_rmse=0.476351 q_change=54 q_delta=0.427072 q_grad=0.002378
epoch=69 loss_total=0.622281 loss_rec=0.578410 valid_auc=0.692199 valid_rmse=0.481162 q_change=54 q_delta=0.427084 q_grad=0.002467
epoch=70 loss_total=0.621368 loss_rec=0.577533 valid_auc=0.688940 valid_rmse=0.474580 q_change=54 q_delta=0.427452 q_grad=0.002477
epoch=71 loss_total=0.623710 loss_rec=0.579975 valid_auc=0.689520 valid_rmse=0.474653 q_change=54 q_delta=0.427602 q_grad=0.002475
epoch=72 loss_total=0.622635 loss_rec=0.578943 valid_auc=0.688571 valid_rmse=0.475193 q_change=54 q_delta=0.427755 q_grad=0.002499
epoch=73 loss_total=0.618884 loss_rec=0.575310 valid_auc=0.685815 valid_rmse=0.475603 q_change=53 q_delta=0.427945 q_grad=0.002552
epoch=74 loss_total=0.622897 loss_rec=0.579381 valid_auc=0.687667 valid_rmse=0.476199 q_change=53 q_delta=0.428056 q_grad=0.002501
epoch=75 loss_total=0.620901 loss_rec=0.577398 valid_auc=0.685658 valid_rmse=0.482014 q_change=53 q_delta=0.428004 q_grad=0.002520
Early stopping at epoch 75; best_epoch=55.
Saved run to C:\Users\YAN_SHU_YU\Desktop\Generative-CD\Q_GNCDM\results\weak_q_lambda_sweep\lq_0p05_ls_0p6_lb_0p05\seed_2026\noise_0.20\weak-q_lq_0p05_ls_0p6_lb_0p05
Final metrics: q_hat_f1=0.101695 response_auc=0.686497 mastery_pearson=0.317888
