run=weak-q_lq_0p5_ls_0p6_lb_0p2 mode=weak-q noise=0.20 train=4200 valid=600 test=1200
epoch=1 loss_total=1.036113 loss_rec=0.725659 valid_auc=0.587723 valid_rmse=0.499753 q_change=57 q_delta=0.078127 q_grad=0.000586
epoch=2 loss_total=0.975089 loss_rec=0.705872 valid_auc=0.594397 valid_rmse=0.499292 q_change=57 q_delta=0.144976 q_grad=0.000493
epoch=3 loss_total=0.937268 loss_rec=0.699820 valid_auc=0.607701 valid_rmse=0.498454 q_change=57 q_delta=0.199353 q_grad=0.000415
epoch=4 loss_total=0.906763 loss_rec=0.693300 valid_auc=0.627154 valid_rmse=0.497610 q_change=57 q_delta=0.242571 q_grad=0.000351
epoch=5 loss_total=0.888403 loss_rec=0.692465 valid_auc=0.648181 valid_rmse=0.495339 q_change=57 q_delta=0.275493 q_grad=0.000314
epoch=6 loss_total=0.869111 loss_rec=0.685728 valid_auc=0.661797 valid_rmse=0.492996 q_change=57 q_delta=0.299305 q_grad=0.000309
epoch=7 loss_total=0.847396 loss_rec=0.672506 valid_auc=0.662645 valid_rmse=0.487711 q_change=57 q_delta=0.315102 q_grad=0.000362
epoch=8 loss_total=0.827973 loss_rec=0.658120 valid_auc=0.662020 valid_rmse=0.482330 q_change=57 q_delta=0.324675 q_grad=0.000527
epoch=9 loss_total=0.813638 loss_rec=0.647294 valid_auc=0.670725 valid_rmse=0.477257 q_change=57 q_delta=0.332874 q_grad=0.000712
epoch=10 loss_total=0.811248 loss_rec=0.648075 valid_auc=0.672042 valid_rmse=0.477426 q_change=57 q_delta=0.339175 q_grad=0.000821
epoch=11 loss_total=0.805585 loss_rec=0.644577 valid_auc=0.674420 valid_rmse=0.475847 q_change=57 q_delta=0.344418 q_grad=0.000963
epoch=12 loss_total=0.794014 loss_rec=0.634880 valid_auc=0.678605 valid_rmse=0.476310 q_change=57 q_delta=0.348076 q_grad=0.001065
epoch=13 loss_total=0.789139 loss_rec=0.631480 valid_auc=0.680547 valid_rmse=0.473810 q_change=57 q_delta=0.351481 q_grad=0.001125
epoch=14 loss_total=0.787425 loss_rec=0.630790 valid_auc=0.679821 valid_rmse=0.475177 q_change=57 q_delta=0.353352 q_grad=0.001261
epoch=15 loss_total=0.783160 loss_rec=0.627323 valid_auc=0.680748 valid_rmse=0.473479 q_change=57 q_delta=0.355480 q_grad=0.001362
epoch=16 loss_total=0.783412 loss_rec=0.628179 valid_auc=0.683549 valid_rmse=0.473442 q_change=57 q_delta=0.356660 q_grad=0.001499
epoch=17 loss_total=0.779867 loss_rec=0.625203 valid_auc=0.682679 valid_rmse=0.473540 q_change=57 q_delta=0.357927 q_grad=0.001463
epoch=18 loss_total=0.773229 loss_rec=0.618920 valid_auc=0.684464 valid_rmse=0.473015 q_change=56 q_delta=0.359082 q_grad=0.001518
epoch=19 loss_total=0.771767 loss_rec=0.617958 valid_auc=0.684721 valid_rmse=0.474187 q_change=56 q_delta=0.360728 q_grad=0.001637
epoch=20 loss_total=0.769222 loss_rec=0.615667 valid_auc=0.687277 valid_rmse=0.472257 q_change=56 q_delta=0.362213 q_grad=0.001725
epoch=21 loss_total=0.764743 loss_rec=0.611493 valid_auc=0.687533 valid_rmse=0.474080 q_change=56 q_delta=0.363203 q_grad=0.001650
epoch=22 loss_total=0.762332 loss_rec=0.609288 valid_auc=0.687801 valid_rmse=0.473263 q_change=55 q_delta=0.364286 q_grad=0.001796
epoch=23 loss_total=0.759703 loss_rec=0.606881 valid_auc=0.685324 valid_rmse=0.473072 q_change=55 q_delta=0.365716 q_grad=0.001769
epoch=24 loss_total=0.754858 loss_rec=0.602268 valid_auc=0.684308 valid_rmse=0.473912 q_change=55 q_delta=0.366920 q_grad=0.001795
epoch=25 loss_total=0.756047 loss_rec=0.603673 valid_auc=0.685134 valid_rmse=0.473858 q_change=54 q_delta=0.367905 q_grad=0.001918
epoch=26 loss_total=0.753271 loss_rec=0.601068 valid_auc=0.686819 valid_rmse=0.474431 q_change=51 q_delta=0.369129 q_grad=0.001899
epoch=27 loss_total=0.749638 loss_rec=0.597549 valid_auc=0.687578 valid_rmse=0.475391 q_change=51 q_delta=0.370564 q_grad=0.001876
epoch=28 loss_total=0.752289 loss_rec=0.600412 valid_auc=0.687054 valid_rmse=0.474327 q_change=51 q_delta=0.372362 q_grad=0.001952
epoch=29 loss_total=0.745624 loss_rec=0.593929 valid_auc=0.689163 valid_rmse=0.473633 q_change=51 q_delta=0.374026 q_grad=0.001978
epoch=30 loss_total=0.744689 loss_rec=0.593086 valid_auc=0.690904 valid_rmse=0.474324 q_change=51 q_delta=0.375531 q_grad=0.001956
epoch=31 loss_total=0.740554 loss_rec=0.589001 valid_auc=0.689989 valid_rmse=0.474065 q_change=51 q_delta=0.377072 q_grad=0.001991
epoch=32 loss_total=0.741826 loss_rec=0.590389 valid_auc=0.691931 valid_rmse=0.473864 q_change=51 q_delta=0.378536 q_grad=0.002043
epoch=33 loss_total=0.739103 loss_rec=0.587730 valid_auc=0.691071 valid_rmse=0.471971 q_change=51 q_delta=0.379942 q_grad=0.002042
epoch=34 loss_total=0.738266 loss_rec=0.587019 valid_auc=0.689174 valid_rmse=0.472466 q_change=51 q_delta=0.380967 q_grad=0.002029
epoch=35 loss_total=0.737594 loss_rec=0.586433 valid_auc=0.692768 valid_rmse=0.471397 q_change=51 q_delta=0.382057 q_grad=0.002020
epoch=36 loss_total=0.731112 loss_rec=0.579919 valid_auc=0.694185 valid_rmse=0.472301 q_change=51 q_delta=0.382709 q_grad=0.002099
epoch=37 loss_total=0.726696 loss_rec=0.575504 valid_auc=0.693583 valid_rmse=0.473180 q_change=49 q_delta=0.383525 q_grad=0.002103
epoch=38 loss_total=0.723811 loss_rec=0.572730 valid_auc=0.692913 valid_rmse=0.474570 q_change=49 q_delta=0.384326 q_grad=0.002217
epoch=39 loss_total=0.723936 loss_rec=0.572898 valid_auc=0.691964 valid_rmse=0.472246 q_change=49 q_delta=0.385798 q_grad=0.002161
epoch=40 loss_total=0.719952 loss_rec=0.568964 valid_auc=0.692746 valid_rmse=0.472664 q_change=49 q_delta=0.386765 q_grad=0.002221
epoch=41 loss_total=0.714552 loss_rec=0.563647 valid_auc=0.693371 valid_rmse=0.474273 q_change=49 q_delta=0.387860 q_grad=0.002231
epoch=42 loss_total=0.716423 loss_rec=0.565546 valid_auc=0.689710 valid_rmse=0.473741 q_change=49 q_delta=0.389001 q_grad=0.002354
epoch=43 loss_total=0.710499 loss_rec=0.559637 valid_auc=0.692054 valid_rmse=0.474352 q_change=49 q_delta=0.389764 q_grad=0.002329
epoch=44 loss_total=0.709175 loss_rec=0.558384 valid_auc=0.689397 valid_rmse=0.475386 q_change=49 q_delta=0.390749 q_grad=0.002392
epoch=45 loss_total=0.703646 loss_rec=0.552941 valid_auc=0.689844 valid_rmse=0.479697 q_change=49 q_delta=0.391295 q_grad=0.002453
epoch=46 loss_total=0.703282 loss_rec=0.552571 valid_auc=0.693181 valid_rmse=0.473452 q_change=49 q_delta=0.392315 q_grad=0.002441
epoch=47 loss_total=0.699489 loss_rec=0.548832 valid_auc=0.690446 valid_rmse=0.476721 q_change=49 q_delta=0.392904 q_grad=0.002470
epoch=48 loss_total=0.696024 loss_rec=0.545411 valid_auc=0.690625 valid_rmse=0.475522 q_change=49 q_delta=0.393588 q_grad=0.002564
epoch=49 loss_total=0.691740 loss_rec=0.541171 valid_auc=0.692723 valid_rmse=0.474477 q_change=49 q_delta=0.393999 q_grad=0.002584
epoch=50 loss_total=0.686310 loss_rec=0.535758 valid_auc=0.689442 valid_rmse=0.477553 q_change=50 q_delta=0.394488 q_grad=0.002577
epoch=51 loss_total=0.684985 loss_rec=0.534535 valid_auc=0.690502 valid_rmse=0.478458 q_change=50 q_delta=0.394854 q_grad=0.002664
epoch=52 loss_total=0.686364 loss_rec=0.535965 valid_auc=0.689877 valid_rmse=0.476804 q_change=50 q_delta=0.395520 q_grad=0.002722
epoch=53 loss_total=0.686240 loss_rec=0.535866 valid_auc=0.691261 valid_rmse=0.475721 q_change=50 q_delta=0.395926 q_grad=0.002742
epoch=54 loss_total=0.678017 loss_rec=0.527660 valid_auc=0.686362 valid_rmse=0.479118 q_change=50 q_delta=0.396132 q_grad=0.002746
epoch=55 loss_total=0.673865 loss_rec=0.523563 valid_auc=0.693170 valid_rmse=0.475756 q_change=49 q_delta=0.396520 q_grad=0.002734
epoch=56 loss_total=0.673709 loss_rec=0.523435 valid_auc=0.687366 valid_rmse=0.478550 q_change=49 q_delta=0.396743 q_grad=0.002811
Early stopping at epoch 56; best_epoch=36.
Saved run to C:\Users\YAN_SHU_YU\Desktop\Generative-CD\Q_GNCDM\results\weak_q_lambda_sweep\lq_0p5_ls_0p6_lb_0p2\seed_2026\noise_0.20\weak-q_lq_0p5_ls_0p6_lb_0p2
Final metrics: q_hat_f1=0.193548 response_auc=0.691878 mastery_pearson=0.390606
