run=weak-q_lq_0p3_ls_0p4_lb_0p05 mode=weak-q noise=0.20 train=4200 valid=600 test=1200
epoch=1 loss_total=0.912398 loss_rec=0.725651 valid_auc=0.587946 valid_rmse=0.499744 q_change=57 q_delta=0.077140 q_grad=0.000380
epoch=2 loss_total=0.866478 loss_rec=0.705754 valid_auc=0.596194 valid_rmse=0.499215 q_change=57 q_delta=0.141235 q_grad=0.000312
epoch=3 loss_total=0.841027 loss_rec=0.699384 valid_auc=0.613114 valid_rmse=0.498184 q_change=57 q_delta=0.191910 q_grad=0.000267
epoch=4 loss_total=0.819932 loss_rec=0.692134 valid_auc=0.637444 valid_rmse=0.496879 q_change=57 q_delta=0.231145 q_grad=0.000242
epoch=5 loss_total=0.807902 loss_rec=0.689571 valid_auc=0.658605 valid_rmse=0.493459 q_change=57 q_delta=0.258823 q_grad=0.000254
epoch=6 loss_total=0.790468 loss_rec=0.678058 valid_auc=0.668214 valid_rmse=0.488117 q_change=57 q_delta=0.275388 q_grad=0.000323
epoch=7 loss_total=0.765720 loss_rec=0.656402 valid_auc=0.668962 valid_rmse=0.480820 q_change=57 q_delta=0.283957 q_grad=0.000482
epoch=8 loss_total=0.750687 loss_rec=0.642946 valid_auc=0.671652 valid_rmse=0.478147 q_change=57 q_delta=0.289908 q_grad=0.000733
epoch=9 loss_total=0.741049 loss_rec=0.634748 valid_auc=0.680290 valid_rmse=0.474080 q_change=57 q_delta=0.295003 q_grad=0.000914
epoch=10 loss_total=0.741508 loss_rec=0.636492 valid_auc=0.679911 valid_rmse=0.474898 q_change=57 q_delta=0.298369 q_grad=0.001011
epoch=11 loss_total=0.737561 loss_rec=0.633215 valid_auc=0.681998 valid_rmse=0.473336 q_change=57 q_delta=0.301478 q_grad=0.001163
epoch=12 loss_total=0.727510 loss_rec=0.623779 valid_auc=0.683214 valid_rmse=0.474444 q_change=57 q_delta=0.303320 q_grad=0.001251
epoch=13 loss_total=0.723165 loss_rec=0.619969 valid_auc=0.682857 valid_rmse=0.473146 q_change=56 q_delta=0.305921 q_grad=0.001282
epoch=14 loss_total=0.723089 loss_rec=0.620259 valid_auc=0.681563 valid_rmse=0.474969 q_change=56 q_delta=0.307346 q_grad=0.001385
epoch=15 loss_total=0.719188 loss_rec=0.616673 valid_auc=0.682065 valid_rmse=0.473729 q_change=56 q_delta=0.309944 q_grad=0.001442
epoch=16 loss_total=0.720403 loss_rec=0.618156 valid_auc=0.683203 valid_rmse=0.474123 q_change=54 q_delta=0.311797 q_grad=0.001546
epoch=17 loss_total=0.716578 loss_rec=0.614679 valid_auc=0.682143 valid_rmse=0.474090 q_change=53 q_delta=0.313829 q_grad=0.001475
epoch=18 loss_total=0.710995 loss_rec=0.609339 valid_auc=0.683147 valid_rmse=0.474069 q_change=53 q_delta=0.316176 q_grad=0.001504
epoch=19 loss_total=0.710015 loss_rec=0.608744 valid_auc=0.682723 valid_rmse=0.474911 q_change=52 q_delta=0.318833 q_grad=0.001602
epoch=20 loss_total=0.707462 loss_rec=0.606383 valid_auc=0.685089 valid_rmse=0.473368 q_change=52 q_delta=0.321829 q_grad=0.001671
epoch=21 loss_total=0.703047 loss_rec=0.602205 valid_auc=0.686283 valid_rmse=0.474568 q_change=52 q_delta=0.324143 q_grad=0.001592
epoch=22 loss_total=0.700644 loss_rec=0.599984 valid_auc=0.684431 valid_rmse=0.474648 q_change=52 q_delta=0.326618 q_grad=0.001723
epoch=23 loss_total=0.698410 loss_rec=0.597960 valid_auc=0.683382 valid_rmse=0.474442 q_change=52 q_delta=0.329298 q_grad=0.001684
epoch=24 loss_total=0.693467 loss_rec=0.593207 valid_auc=0.681808 valid_rmse=0.475308 q_change=51 q_delta=0.331472 q_grad=0.001718
epoch=25 loss_total=0.693807 loss_rec=0.593701 valid_auc=0.682768 valid_rmse=0.475395 q_change=51 q_delta=0.333450 q_grad=0.001826
epoch=26 loss_total=0.691029 loss_rec=0.591084 valid_auc=0.684643 valid_rmse=0.475613 q_change=50 q_delta=0.335506 q_grad=0.001812
epoch=27 loss_total=0.687283 loss_rec=0.587421 valid_auc=0.684621 valid_rmse=0.476880 q_change=50 q_delta=0.337351 q_grad=0.001802
epoch=28 loss_total=0.689711 loss_rec=0.589946 valid_auc=0.684833 valid_rmse=0.475872 q_change=50 q_delta=0.339436 q_grad=0.001893
epoch=29 loss_total=0.682464 loss_rec=0.582822 valid_auc=0.687254 valid_rmse=0.475172 q_change=50 q_delta=0.341288 q_grad=0.001902
epoch=30 loss_total=0.680789 loss_rec=0.581180 valid_auc=0.688772 valid_rmse=0.476214 q_change=49 q_delta=0.342859 q_grad=0.001910
epoch=31 loss_total=0.676032 loss_rec=0.576470 valid_auc=0.687176 valid_rmse=0.476194 q_change=49 q_delta=0.344655 q_grad=0.001932
epoch=32 loss_total=0.676125 loss_rec=0.576590 valid_auc=0.689554 valid_rmse=0.475673 q_change=49 q_delta=0.346726 q_grad=0.001989
epoch=33 loss_total=0.672174 loss_rec=0.572610 valid_auc=0.688594 valid_rmse=0.474185 q_change=49 q_delta=0.348672 q_grad=0.002008
epoch=34 loss_total=0.671364 loss_rec=0.571877 valid_auc=0.686708 valid_rmse=0.474565 q_change=49 q_delta=0.350223 q_grad=0.001994
epoch=35 loss_total=0.670269 loss_rec=0.570774 valid_auc=0.690893 valid_rmse=0.473266 q_change=49 q_delta=0.351725 q_grad=0.002003
epoch=36 loss_total=0.662722 loss_rec=0.563163 valid_auc=0.689821 valid_rmse=0.474262 q_change=49 q_delta=0.352833 q_grad=0.002078
epoch=37 loss_total=0.658247 loss_rec=0.558683 valid_auc=0.688516 valid_rmse=0.476289 q_change=49 q_delta=0.354100 q_grad=0.002079
epoch=38 loss_total=0.653461 loss_rec=0.553913 valid_auc=0.688304 valid_rmse=0.477163 q_change=48 q_delta=0.355371 q_grad=0.002202
epoch=39 loss_total=0.651505 loss_rec=0.551984 valid_auc=0.687254 valid_rmse=0.475586 q_change=47 q_delta=0.357041 q_grad=0.002158
epoch=40 loss_total=0.647818 loss_rec=0.548286 valid_auc=0.687656 valid_rmse=0.476487 q_change=48 q_delta=0.358000 q_grad=0.002235
epoch=41 loss_total=0.640925 loss_rec=0.541428 valid_auc=0.688862 valid_rmse=0.478417 q_change=48 q_delta=0.359060 q_grad=0.002241
epoch=42 loss_total=0.642426 loss_rec=0.542964 valid_auc=0.684676 valid_rmse=0.477752 q_change=47 q_delta=0.360334 q_grad=0.002389
epoch=43 loss_total=0.635721 loss_rec=0.536297 valid_auc=0.686529 valid_rmse=0.479010 q_change=46 q_delta=0.361169 q_grad=0.002359
epoch=44 loss_total=0.633519 loss_rec=0.534095 valid_auc=0.685558 valid_rmse=0.479143 q_change=46 q_delta=0.362223 q_grad=0.002414
epoch=45 loss_total=0.627585 loss_rec=0.528205 valid_auc=0.684900 valid_rmse=0.483502 q_change=46 q_delta=0.362834 q_grad=0.002449
epoch=46 loss_total=0.626402 loss_rec=0.527000 valid_auc=0.689844 valid_rmse=0.478422 q_change=46 q_delta=0.364196 q_grad=0.002452
epoch=47 loss_total=0.623984 loss_rec=0.524655 valid_auc=0.684330 valid_rmse=0.482029 q_change=46 q_delta=0.365061 q_grad=0.002463
epoch=48 loss_total=0.621126 loss_rec=0.521843 valid_auc=0.684955 valid_rmse=0.480918 q_change=46 q_delta=0.366091 q_grad=0.002533
epoch=49 loss_total=0.615829 loss_rec=0.516579 valid_auc=0.688036 valid_rmse=0.479339 q_change=46 q_delta=0.366708 q_grad=0.002517
epoch=50 loss_total=0.610304 loss_rec=0.511111 valid_auc=0.685022 valid_rmse=0.483414 q_change=46 q_delta=0.367592 q_grad=0.002520
epoch=51 loss_total=0.610272 loss_rec=0.511164 valid_auc=0.684922 valid_rmse=0.483815 q_change=46 q_delta=0.368268 q_grad=0.002595
epoch=52 loss_total=0.611239 loss_rec=0.512162 valid_auc=0.685290 valid_rmse=0.481788 q_change=45 q_delta=0.368988 q_grad=0.002641
epoch=53 loss_total=0.612282 loss_rec=0.513257 valid_auc=0.684342 valid_rmse=0.481977 q_change=45 q_delta=0.369647 q_grad=0.002645
epoch=54 loss_total=0.604974 loss_rec=0.505968 valid_auc=0.682277 valid_rmse=0.484509 q_change=45 q_delta=0.370336 q_grad=0.002660
epoch=55 loss_total=0.600800 loss_rec=0.501859 valid_auc=0.688326 valid_rmse=0.480726 q_change=45 q_delta=0.370974 q_grad=0.002603
Early stopping at epoch 55; best_epoch=35.
Saved run to C:\Users\YAN_SHU_YU\Desktop\Generative-CD\Q_GNCDM\results\weak_q_lambda_sweep\lq_0p3_ls_0p4_lb_0p05\seed_2026\noise_0.20\weak-q_lq_0p3_ls_0p4_lb_0p05
Final metrics: q_hat_f1=0.218750 response_auc=0.692356 mastery_pearson=0.422271
