run=weak-q_lq_0p7_ls_0p3_lb_0p2 mode=weak-q noise=0.20 train=4200 valid=600 test=1200
epoch=1 loss_total=0.906442 loss_rec=0.725633 valid_auc=0.588772 valid_rmse=0.499727 q_change=57 q_delta=0.074127 q_grad=0.000268
epoch=2 loss_total=0.870675 loss_rec=0.705440 valid_auc=0.599710 valid_rmse=0.499045 q_change=57 q_delta=0.127678 q_grad=0.000193
epoch=3 loss_total=0.855249 loss_rec=0.698201 valid_auc=0.619241 valid_rmse=0.497527 q_change=57 q_delta=0.163271 q_grad=0.000172
epoch=4 loss_total=0.841482 loss_rec=0.688656 valid_auc=0.645156 valid_rmse=0.494806 q_change=57 q_delta=0.185769 q_grad=0.000191
epoch=5 loss_total=0.831141 loss_rec=0.679844 valid_auc=0.662266 valid_rmse=0.487853 q_change=57 q_delta=0.194330 q_grad=0.000280
epoch=6 loss_total=0.807267 loss_rec=0.655661 valid_auc=0.670368 valid_rmse=0.479095 q_change=55 q_delta=0.193949 q_grad=0.000487
epoch=7 loss_total=0.783577 loss_rec=0.631566 valid_auc=0.676406 valid_rmse=0.476116 q_change=56 q_delta=0.195312 q_grad=0.000724
epoch=8 loss_total=0.776647 loss_rec=0.624711 valid_auc=0.676964 valid_rmse=0.476191 q_change=55 q_delta=0.197992 q_grad=0.000933
epoch=9 loss_total=0.770168 loss_rec=0.618543 valid_auc=0.682210 valid_rmse=0.473635 q_change=53 q_delta=0.201199 q_grad=0.001032
epoch=10 loss_total=0.774010 loss_rec=0.622796 valid_auc=0.680402 valid_rmse=0.475598 q_change=52 q_delta=0.204909 q_grad=0.001049
epoch=11 loss_total=0.772445 loss_rec=0.621354 valid_auc=0.680022 valid_rmse=0.474453 q_change=53 q_delta=0.208757 q_grad=0.001131
epoch=12 loss_total=0.764598 loss_rec=0.613721 valid_auc=0.679074 valid_rmse=0.476189 q_change=51 q_delta=0.211996 q_grad=0.001157
epoch=13 loss_total=0.761646 loss_rec=0.610993 valid_auc=0.679230 valid_rmse=0.474871 q_change=51 q_delta=0.216483 q_grad=0.001130
epoch=14 loss_total=0.762869 loss_rec=0.612302 valid_auc=0.678426 valid_rmse=0.476953 q_change=50 q_delta=0.219236 q_grad=0.001192
epoch=15 loss_total=0.759625 loss_rec=0.609041 valid_auc=0.680368 valid_rmse=0.475402 q_change=50 q_delta=0.222771 q_grad=0.001203
epoch=16 loss_total=0.762096 loss_rec=0.611451 valid_auc=0.680112 valid_rmse=0.475638 q_change=49 q_delta=0.225924 q_grad=0.001291
epoch=17 loss_total=0.758102 loss_rec=0.607513 valid_auc=0.679833 valid_rmse=0.475497 q_change=47 q_delta=0.228827 q_grad=0.001221
epoch=18 loss_total=0.753886 loss_rec=0.603209 valid_auc=0.679598 valid_rmse=0.475881 q_change=46 q_delta=0.232043 q_grad=0.001248
epoch=19 loss_total=0.753543 loss_rec=0.602817 valid_auc=0.680502 valid_rmse=0.476250 q_change=43 q_delta=0.235432 q_grad=0.001313
epoch=20 loss_total=0.751939 loss_rec=0.601065 valid_auc=0.681674 valid_rmse=0.474996 q_change=41 q_delta=0.238851 q_grad=0.001376
epoch=21 loss_total=0.747690 loss_rec=0.596609 valid_auc=0.682958 valid_rmse=0.475609 q_change=41 q_delta=0.241657 q_grad=0.001310
epoch=22 loss_total=0.745823 loss_rec=0.594535 valid_auc=0.681830 valid_rmse=0.475925 q_change=41 q_delta=0.244979 q_grad=0.001412
epoch=23 loss_total=0.744034 loss_rec=0.592486 valid_auc=0.681217 valid_rmse=0.475845 q_change=41 q_delta=0.248592 q_grad=0.001378
epoch=24 loss_total=0.739662 loss_rec=0.587857 valid_auc=0.681016 valid_rmse=0.476254 q_change=39 q_delta=0.252403 q_grad=0.001418
epoch=25 loss_total=0.739218 loss_rec=0.587046 valid_auc=0.682634 valid_rmse=0.476371 q_change=39 q_delta=0.256190 q_grad=0.001502
epoch=26 loss_total=0.736933 loss_rec=0.584446 valid_auc=0.684219 valid_rmse=0.476361 q_change=35 q_delta=0.259645 q_grad=0.001485
epoch=27 loss_total=0.733128 loss_rec=0.580253 valid_auc=0.684420 valid_rmse=0.477578 q_change=34 q_delta=0.263051 q_grad=0.001494
epoch=28 loss_total=0.735651 loss_rec=0.582370 valid_auc=0.683594 valid_rmse=0.477013 q_change=34 q_delta=0.267057 q_grad=0.001593
epoch=29 loss_total=0.728401 loss_rec=0.574766 valid_auc=0.686708 valid_rmse=0.476046 q_change=34 q_delta=0.270373 q_grad=0.001590
epoch=30 loss_total=0.726059 loss_rec=0.571943 valid_auc=0.688170 valid_rmse=0.477455 q_change=33 q_delta=0.273667 q_grad=0.001648
epoch=31 loss_total=0.721278 loss_rec=0.566730 valid_auc=0.686116 valid_rmse=0.477529 q_change=33 q_delta=0.276968 q_grad=0.001660
epoch=32 loss_total=0.720851 loss_rec=0.565854 valid_auc=0.690145 valid_rmse=0.476050 q_change=30 q_delta=0.280775 q_grad=0.001706
epoch=33 loss_total=0.715214 loss_rec=0.559722 valid_auc=0.688382 valid_rmse=0.475684 q_change=30 q_delta=0.284603 q_grad=0.001751
epoch=34 loss_total=0.714543 loss_rec=0.558629 valid_auc=0.687723 valid_rmse=0.475771 q_change=30 q_delta=0.287718 q_grad=0.001741
epoch=35 loss_total=0.714084 loss_rec=0.557753 valid_auc=0.690770 valid_rmse=0.474714 q_change=29 q_delta=0.290863 q_grad=0.001774
epoch=36 loss_total=0.706095 loss_rec=0.549306 valid_auc=0.691406 valid_rmse=0.475200 q_change=30 q_delta=0.293551 q_grad=0.001835
epoch=37 loss_total=0.701536 loss_rec=0.544287 valid_auc=0.689565 valid_rmse=0.477903 q_change=28 q_delta=0.296667 q_grad=0.001847
epoch=38 loss_total=0.695570 loss_rec=0.537980 valid_auc=0.690134 valid_rmse=0.478508 q_change=27 q_delta=0.299649 q_grad=0.001915
epoch=39 loss_total=0.695289 loss_rec=0.537334 valid_auc=0.690636 valid_rmse=0.477261 q_change=26 q_delta=0.302479 q_grad=0.001907
epoch=40 loss_total=0.691969 loss_rec=0.533684 valid_auc=0.690379 valid_rmse=0.478281 q_change=26 q_delta=0.304862 q_grad=0.001940
epoch=41 loss_total=0.685616 loss_rec=0.527050 valid_auc=0.690335 valid_rmse=0.480737 q_change=26 q_delta=0.307418 q_grad=0.001927
epoch=42 loss_total=0.688930 loss_rec=0.530089 valid_auc=0.688717 valid_rmse=0.479136 q_change=26 q_delta=0.310046 q_grad=0.002062
epoch=43 loss_total=0.682361 loss_rec=0.523272 valid_auc=0.690871 valid_rmse=0.480018 q_change=25 q_delta=0.312263 q_grad=0.002011
epoch=44 loss_total=0.680632 loss_rec=0.521312 valid_auc=0.691138 valid_rmse=0.478975 q_change=25 q_delta=0.314453 q_grad=0.002015
epoch=45 loss_total=0.676774 loss_rec=0.517260 valid_auc=0.689944 valid_rmse=0.483502 q_change=25 q_delta=0.316387 q_grad=0.002007
epoch=46 loss_total=0.676184 loss_rec=0.516432 valid_auc=0.695011 valid_rmse=0.478428 q_change=25 q_delta=0.318685 q_grad=0.002039
epoch=47 loss_total=0.674492 loss_rec=0.514561 valid_auc=0.692009 valid_rmse=0.481593 q_change=26 q_delta=0.320351 q_grad=0.002003
epoch=48 loss_total=0.673007 loss_rec=0.512911 valid_auc=0.691328 valid_rmse=0.480197 q_change=26 q_delta=0.322454 q_grad=0.002061
epoch=49 loss_total=0.667248 loss_rec=0.506988 valid_auc=0.693036 valid_rmse=0.479142 q_change=26 q_delta=0.323855 q_grad=0.002044
epoch=50 loss_total=0.663510 loss_rec=0.503118 valid_auc=0.692065 valid_rmse=0.482827 q_change=27 q_delta=0.325670 q_grad=0.002029
epoch=51 loss_total=0.664107 loss_rec=0.503588 valid_auc=0.693114 valid_rmse=0.482821 q_change=26 q_delta=0.327182 q_grad=0.002096
epoch=52 loss_total=0.664881 loss_rec=0.504229 valid_auc=0.691596 valid_rmse=0.481730 q_change=25 q_delta=0.329059 q_grad=0.002096
epoch=53 loss_total=0.666505 loss_rec=0.505716 valid_auc=0.691417 valid_rmse=0.481327 q_change=25 q_delta=0.330503 q_grad=0.002087
epoch=54 loss_total=0.659893 loss_rec=0.498951 valid_auc=0.690078 valid_rmse=0.482545 q_change=25 q_delta=0.331895 q_grad=0.002113
epoch=55 loss_total=0.655469 loss_rec=0.494422 valid_auc=0.697779 valid_rmse=0.478764 q_change=25 q_delta=0.333250 q_grad=0.002084
epoch=56 loss_total=0.654491 loss_rec=0.493343 valid_auc=0.693705 valid_rmse=0.482167 q_change=25 q_delta=0.334745 q_grad=0.002056
epoch=57 loss_total=0.655465 loss_rec=0.494153 valid_auc=0.691830 valid_rmse=0.483894 q_change=24 q_delta=0.336171 q_grad=0.002197
epoch=58 loss_total=0.649456 loss_rec=0.488034 valid_auc=0.692946 valid_rmse=0.483620 q_change=24 q_delta=0.337514 q_grad=0.002129
epoch=59 loss_total=0.646519 loss_rec=0.485020 valid_auc=0.695670 valid_rmse=0.481014 q_change=24 q_delta=0.338942 q_grad=0.002083
epoch=60 loss_total=0.649876 loss_rec=0.488274 valid_auc=0.694766 valid_rmse=0.482652 q_change=24 q_delta=0.340143 q_grad=0.002137
epoch=61 loss_total=0.647355 loss_rec=0.485653 valid_auc=0.693806 valid_rmse=0.481377 q_change=24 q_delta=0.341487 q_grad=0.002175
epoch=62 loss_total=0.643581 loss_rec=0.481800 valid_auc=0.696317 valid_rmse=0.481497 q_change=24 q_delta=0.342571 q_grad=0.002084
epoch=63 loss_total=0.643093 loss_rec=0.481198 valid_auc=0.694475 valid_rmse=0.482716 q_change=24 q_delta=0.343759 q_grad=0.002193
epoch=64 loss_total=0.643999 loss_rec=0.482013 valid_auc=0.696071 valid_rmse=0.484377 q_change=24 q_delta=0.344834 q_grad=0.002173
epoch=65 loss_total=0.641774 loss_rec=0.479709 valid_auc=0.694609 valid_rmse=0.482593 q_change=24 q_delta=0.346186 q_grad=0.002083
epoch=66 loss_total=0.640679 loss_rec=0.478549 valid_auc=0.694609 valid_rmse=0.483059 q_change=24 q_delta=0.347201 q_grad=0.002203
epoch=67 loss_total=0.640383 loss_rec=0.478153 valid_auc=0.694252 valid_rmse=0.483952 q_change=25 q_delta=0.348264 q_grad=0.002180
epoch=68 loss_total=0.633814 loss_rec=0.471503 valid_auc=0.696150 valid_rmse=0.484420 q_change=25 q_delta=0.349217 q_grad=0.002190
epoch=69 loss_total=0.631290 loss_rec=0.468903 valid_auc=0.695391 valid_rmse=0.489150 q_change=25 q_delta=0.350071 q_grad=0.002182
epoch=70 loss_total=0.629120 loss_rec=0.466631 valid_auc=0.694900 valid_rmse=0.483771 q_change=25 q_delta=0.351367 q_grad=0.002236
epoch=71 loss_total=0.628690 loss_rec=0.466184 valid_auc=0.698940 valid_rmse=0.482401 q_change=25 q_delta=0.352232 q_grad=0.002181
epoch=72 loss_total=0.630119 loss_rec=0.467541 valid_auc=0.696194 valid_rmse=0.484466 q_change=24 q_delta=0.352983 q_grad=0.002221
epoch=73 loss_total=0.625168 loss_rec=0.462508 valid_auc=0.693359 valid_rmse=0.486820 q_change=25 q_delta=0.354112 q_grad=0.002262
epoch=74 loss_total=0.629052 loss_rec=0.466357 valid_auc=0.695067 valid_rmse=0.485183 q_change=25 q_delta=0.354975 q_grad=0.002206
epoch=75 loss_total=0.626995 loss_rec=0.464235 valid_auc=0.693002 valid_rmse=0.490009 q_change=24 q_delta=0.355741 q_grad=0.002279
epoch=76 loss_total=0.625756 loss_rec=0.462943 valid_auc=0.695223 valid_rmse=0.483425 q_change=24 q_delta=0.356775 q_grad=0.002216
epoch=77 loss_total=0.617512 loss_rec=0.454646 valid_auc=0.696362 valid_rmse=0.484901 q_change=24 q_delta=0.357598 q_grad=0.002187
epoch=78 loss_total=0.617993 loss_rec=0.455081 valid_auc=0.696205 valid_rmse=0.487859 q_change=25 q_delta=0.358331 q_grad=0.002355
epoch=79 loss_total=0.615618 loss_rec=0.452668 valid_auc=0.693248 valid_rmse=0.485972 q_change=25 q_delta=0.359091 q_grad=0.002317
epoch=80 loss_total=0.615269 loss_rec=0.452299 valid_auc=0.696819 valid_rmse=0.486493 q_change=25 q_delta=0.359953 q_grad=0.002290
epoch=81 loss_total=0.614503 loss_rec=0.451483 valid_auc=0.696261 valid_rmse=0.487620 q_change=25 q_delta=0.360651 q_grad=0.002352
epoch=82 loss_total=0.610425 loss_rec=0.447374 valid_auc=0.694286 valid_rmse=0.488050 q_change=26 q_delta=0.361441 q_grad=0.002336
epoch=83 loss_total=0.616680 loss_rec=0.453618 valid_auc=0.696060 valid_rmse=0.488074 q_change=27 q_delta=0.362197 q_grad=0.002326
epoch=84 loss_total=0.615918 loss_rec=0.452839 valid_auc=0.696496 valid_rmse=0.485459 q_change=27 q_delta=0.362930 q_grad=0.002300
epoch=85 loss_total=0.610506 loss_rec=0.447380 valid_auc=0.696518 valid_rmse=0.488493 q_change=26 q_delta=0.363503 q_grad=0.002363
epoch=86 loss_total=0.610693 loss_rec=0.447522 valid_auc=0.694855 valid_rmse=0.487107 q_change=27 q_delta=0.364441 q_grad=0.002426
epoch=87 loss_total=0.608225 loss_rec=0.445020 valid_auc=0.695636 valid_rmse=0.486204 q_change=27 q_delta=0.365109 q_grad=0.002364
epoch=88 loss_total=0.603266 loss_rec=0.440027 valid_auc=0.697031 valid_rmse=0.487090 q_change=27 q_delta=0.365683 q_grad=0.002386
epoch=89 loss_total=0.604948 loss_rec=0.441712 valid_auc=0.695603 valid_rmse=0.491210 q_change=27 q_delta=0.366143 q_grad=0.002322
epoch=90 loss_total=0.611416 loss_rec=0.448147 valid_auc=0.691551 valid_rmse=0.487231 q_change=27 q_delta=0.366934 q_grad=0.002351
epoch=91 loss_total=0.603878 loss_rec=0.440573 valid_auc=0.693571 valid_rmse=0.487889 q_change=27 q_delta=0.367434 q_grad=0.002323
Early stopping at epoch 91; best_epoch=71.
Saved run to C:\Users\YAN_SHU_YU\Desktop\Generative-CD\Q_GNCDM\results\weak_q_lambda_sweep\lq_0p7_ls_0p3_lb_0p2\seed_2026\noise_0.20\weak-q_lq_0p7_ls_0p3_lb_0p2
Final metrics: q_hat_f1=0.681818 response_auc=0.684995 mastery_pearson=0.554699
