run=weak-q_lq_0p5_ls_0p8_lb_0p2 mode=weak-q noise=0.20 train=4200 valid=600 test=1200
epoch=1 loss_total=1.122901 loss_rec=0.725662 valid_auc=0.587545 valid_rmse=0.499757 q_change=57 q_delta=0.078636 q_grad=0.000788
epoch=2 loss_total=1.046586 loss_rec=0.705932 valid_auc=0.593504 valid_rmse=0.499329 q_change=57 q_delta=0.147049 q_grad=0.000681
epoch=3 loss_total=0.995524 loss_rec=0.700033 valid_auc=0.604888 valid_rmse=0.498578 q_change=57 q_delta=0.203482 q_grad=0.000581
epoch=4 loss_total=0.954283 loss_rec=0.693831 valid_auc=0.621613 valid_rmse=0.497923 q_change=57 q_delta=0.248754 q_grad=0.000491
epoch=5 loss_total=0.927693 loss_rec=0.693648 valid_auc=0.642277 valid_rmse=0.496066 q_change=57 q_delta=0.283969 q_grad=0.000418
epoch=6 loss_total=0.902905 loss_rec=0.688592 valid_auc=0.657679 valid_rmse=0.494827 q_change=57 q_delta=0.310724 q_grad=0.000370
epoch=7 loss_total=0.879468 loss_rec=0.679615 valid_auc=0.658750 valid_rmse=0.491842 q_change=57 q_delta=0.330446 q_grad=0.000360
epoch=8 loss_total=0.859478 loss_rec=0.669586 valid_auc=0.655301 valid_rmse=0.486837 q_change=57 q_delta=0.343687 q_grad=0.000426
epoch=9 loss_total=0.840980 loss_rec=0.657828 valid_auc=0.662991 valid_rmse=0.480463 q_change=57 q_delta=0.353741 q_grad=0.000570
epoch=10 loss_total=0.834172 loss_rec=0.656576 valid_auc=0.664833 valid_rmse=0.480018 q_change=57 q_delta=0.361916 q_grad=0.000675
epoch=11 loss_total=0.826457 loss_rec=0.653074 valid_auc=0.666886 valid_rmse=0.478816 q_change=57 q_delta=0.368887 q_grad=0.000793
epoch=12 loss_total=0.813551 loss_rec=0.643912 valid_auc=0.670480 valid_rmse=0.479422 q_change=57 q_delta=0.374356 q_grad=0.000874
epoch=13 loss_total=0.808139 loss_rec=0.641549 valid_auc=0.672567 valid_rmse=0.476307 q_change=57 q_delta=0.379131 q_grad=0.000912
epoch=14 loss_total=0.805010 loss_rec=0.640719 valid_auc=0.673248 valid_rmse=0.477613 q_change=57 q_delta=0.382502 q_grad=0.001027
epoch=15 loss_total=0.800805 loss_rec=0.638452 valid_auc=0.674208 valid_rmse=0.475745 q_change=57 q_delta=0.385816 q_grad=0.001113
epoch=16 loss_total=0.800098 loss_rec=0.639314 valid_auc=0.677734 valid_rmse=0.475535 q_change=57 q_delta=0.388174 q_grad=0.001242
epoch=17 loss_total=0.796972 loss_rec=0.637603 valid_auc=0.678237 valid_rmse=0.475710 q_change=57 q_delta=0.390270 q_grad=0.001228
epoch=18 loss_total=0.790014 loss_rec=0.631731 valid_auc=0.680290 valid_rmse=0.474596 q_change=57 q_delta=0.392155 q_grad=0.001295
epoch=19 loss_total=0.787853 loss_rec=0.630659 valid_auc=0.680513 valid_rmse=0.475262 q_change=57 q_delta=0.393777 q_grad=0.001410
epoch=20 loss_total=0.785991 loss_rec=0.629577 valid_auc=0.683482 valid_rmse=0.473349 q_change=57 q_delta=0.395217 q_grad=0.001523
epoch=21 loss_total=0.781726 loss_rec=0.626056 valid_auc=0.683594 valid_rmse=0.475052 q_change=57 q_delta=0.396064 q_grad=0.001479
epoch=22 loss_total=0.780069 loss_rec=0.624892 valid_auc=0.684866 valid_rmse=0.473572 q_change=57 q_delta=0.396816 q_grad=0.001627
epoch=23 loss_total=0.776866 loss_rec=0.622124 valid_auc=0.682690 valid_rmse=0.473254 q_change=57 q_delta=0.397760 q_grad=0.001639
epoch=24 loss_total=0.772127 loss_rec=0.617759 valid_auc=0.681763 valid_rmse=0.473708 q_change=57 q_delta=0.398353 q_grad=0.001685
epoch=25 loss_total=0.774240 loss_rec=0.620168 valid_auc=0.683036 valid_rmse=0.473572 q_change=56 q_delta=0.398703 q_grad=0.001836
epoch=26 loss_total=0.771324 loss_rec=0.617471 valid_auc=0.685379 valid_rmse=0.474467 q_change=56 q_delta=0.399556 q_grad=0.001823
epoch=27 loss_total=0.767959 loss_rec=0.614211 valid_auc=0.687076 valid_rmse=0.474817 q_change=56 q_delta=0.400297 q_grad=0.001816
epoch=28 loss_total=0.770508 loss_rec=0.617012 valid_auc=0.685547 valid_rmse=0.473901 q_change=56 q_delta=0.401423 q_grad=0.001897
epoch=29 loss_total=0.765104 loss_rec=0.611837 valid_auc=0.688996 valid_rmse=0.473124 q_change=56 q_delta=0.402165 q_grad=0.001934
epoch=30 loss_total=0.765133 loss_rec=0.612008 valid_auc=0.691127 valid_rmse=0.473274 q_change=56 q_delta=0.402666 q_grad=0.001894
epoch=31 loss_total=0.761413 loss_rec=0.608318 valid_auc=0.690882 valid_rmse=0.473227 q_change=56 q_delta=0.403214 q_grad=0.001929
epoch=32 loss_total=0.763306 loss_rec=0.610358 valid_auc=0.692734 valid_rmse=0.473502 q_change=56 q_delta=0.403647 q_grad=0.001978
epoch=33 loss_total=0.761639 loss_rec=0.608785 valid_auc=0.690781 valid_rmse=0.471692 q_change=56 q_delta=0.404367 q_grad=0.001951
epoch=34 loss_total=0.760720 loss_rec=0.608013 valid_auc=0.689487 valid_rmse=0.471836 q_change=55 q_delta=0.404789 q_grad=0.001940
epoch=35 loss_total=0.760762 loss_rec=0.608200 valid_auc=0.692902 valid_rmse=0.470832 q_change=55 q_delta=0.405194 q_grad=0.001909
epoch=36 loss_total=0.756758 loss_rec=0.604119 valid_auc=0.694129 valid_rmse=0.471762 q_change=55 q_delta=0.405525 q_grad=0.001974
epoch=37 loss_total=0.751513 loss_rec=0.598887 valid_auc=0.694743 valid_rmse=0.471713 q_change=55 q_delta=0.406171 q_grad=0.001972
epoch=38 loss_total=0.750733 loss_rec=0.598268 valid_auc=0.694263 valid_rmse=0.473735 q_change=55 q_delta=0.406820 q_grad=0.002078
epoch=39 loss_total=0.752853 loss_rec=0.600461 valid_auc=0.693884 valid_rmse=0.470846 q_change=54 q_delta=0.407594 q_grad=0.002004
epoch=40 loss_total=0.748513 loss_rec=0.596232 valid_auc=0.694174 valid_rmse=0.471170 q_change=54 q_delta=0.408174 q_grad=0.002045
epoch=41 loss_total=0.744756 loss_rec=0.592588 valid_auc=0.695558 valid_rmse=0.471783 q_change=54 q_delta=0.408662 q_grad=0.002036
epoch=42 loss_total=0.748031 loss_rec=0.595876 valid_auc=0.691585 valid_rmse=0.471890 q_change=54 q_delta=0.409221 q_grad=0.002140
epoch=43 loss_total=0.743173 loss_rec=0.590976 valid_auc=0.692433 valid_rmse=0.472193 q_change=54 q_delta=0.409460 q_grad=0.002088
epoch=44 loss_total=0.744155 loss_rec=0.592059 valid_auc=0.691027 valid_rmse=0.472863 q_change=53 q_delta=0.409952 q_grad=0.002140
epoch=45 loss_total=0.739935 loss_rec=0.587929 valid_auc=0.692690 valid_rmse=0.475996 q_change=53 q_delta=0.410220 q_grad=0.002182
epoch=46 loss_total=0.740498 loss_rec=0.588452 valid_auc=0.694174 valid_rmse=0.471048 q_change=53 q_delta=0.411066 q_grad=0.002148
epoch=47 loss_total=0.737326 loss_rec=0.585347 valid_auc=0.693895 valid_rmse=0.472729 q_change=52 q_delta=0.411667 q_grad=0.002163
epoch=48 loss_total=0.735146 loss_rec=0.583142 valid_auc=0.693225 valid_rmse=0.471980 q_change=52 q_delta=0.412286 q_grad=0.002247
epoch=49 loss_total=0.732428 loss_rec=0.580401 valid_auc=0.693616 valid_rmse=0.471925 q_change=52 q_delta=0.412774 q_grad=0.002279
epoch=50 loss_total=0.727361 loss_rec=0.575280 valid_auc=0.691094 valid_rmse=0.473414 q_change=52 q_delta=0.413237 q_grad=0.002203
epoch=51 loss_total=0.726902 loss_rec=0.574828 valid_auc=0.693348 valid_rmse=0.475462 q_change=51 q_delta=0.413632 q_grad=0.002338
epoch=52 loss_total=0.727945 loss_rec=0.575869 valid_auc=0.691373 valid_rmse=0.473340 q_change=51 q_delta=0.414331 q_grad=0.002353
epoch=53 loss_total=0.727688 loss_rec=0.575552 valid_auc=0.693806 valid_rmse=0.472750 q_change=51 q_delta=0.415137 q_grad=0.002374
epoch=54 loss_total=0.718893 loss_rec=0.566705 valid_auc=0.689754 valid_rmse=0.475135 q_change=51 q_delta=0.415789 q_grad=0.002368
epoch=55 loss_total=0.716744 loss_rec=0.564581 valid_auc=0.695379 valid_rmse=0.472446 q_change=51 q_delta=0.416474 q_grad=0.002407
epoch=56 loss_total=0.717043 loss_rec=0.564829 valid_auc=0.691027 valid_rmse=0.473919 q_change=51 q_delta=0.417045 q_grad=0.002466
epoch=57 loss_total=0.713626 loss_rec=0.561379 valid_auc=0.691842 valid_rmse=0.476119 q_change=50 q_delta=0.417508 q_grad=0.002586
epoch=58 loss_total=0.708152 loss_rec=0.555877 valid_auc=0.690000 valid_rmse=0.478609 q_change=50 q_delta=0.418120 q_grad=0.002569
epoch=59 loss_total=0.708119 loss_rec=0.555966 valid_auc=0.690725 valid_rmse=0.473854 q_change=50 q_delta=0.418708 q_grad=0.002563
epoch=60 loss_total=0.706515 loss_rec=0.554392 valid_auc=0.692388 valid_rmse=0.474911 q_change=51 q_delta=0.419040 q_grad=0.002591
epoch=61 loss_total=0.703505 loss_rec=0.551350 valid_auc=0.690960 valid_rmse=0.474516 q_change=51 q_delta=0.419498 q_grad=0.002707
Early stopping at epoch 61; best_epoch=41.
Saved run to C:\Users\YAN_SHU_YU\Desktop\Generative-CD\Q_GNCDM\results\weak_q_lambda_sweep\lq_0p5_ls_0p8_lb_0p2\seed_2026\noise_0.20\weak-q_lq_0p5_ls_0p8_lb_0p2
Final metrics: q_hat_f1=0.101695 response_auc=0.687867 mastery_pearson=0.346624
