run=weak-q_lq_0p6_ls_0p8_lb_0p9 mode=weak-q noise=0.20 train=4200 valid=600 test=1200
epoch=1 loss_total=1.293172 loss_rec=0.725669 valid_auc=0.587478 valid_rmse=0.499761 q_change=57 q_delta=0.079981 q_grad=0.000872
epoch=2 loss_total=1.204845 loss_rec=0.706049 valid_auc=0.592991 valid_rmse=0.499376 q_change=57 q_delta=0.153175 q_grad=0.000841
epoch=3 loss_total=1.135757 loss_rec=0.700419 valid_auc=0.603527 valid_rmse=0.498746 q_change=57 q_delta=0.215712 q_grad=0.000782
epoch=4 loss_total=1.075159 loss_rec=0.694734 valid_auc=0.619174 valid_rmse=0.498357 q_change=57 q_delta=0.266410 q_grad=0.000701
epoch=5 loss_total=1.031110 loss_rec=0.695421 valid_auc=0.638638 valid_rmse=0.497010 q_change=57 q_delta=0.305815 q_grad=0.000611
epoch=6 loss_total=0.992581 loss_rec=0.692227 valid_auc=0.653694 valid_rmse=0.496896 q_change=57 q_delta=0.335841 q_grad=0.000527
epoch=7 loss_total=0.960477 loss_rec=0.687520 valid_auc=0.656708 valid_rmse=0.496356 q_change=57 q_delta=0.358662 q_grad=0.000456
epoch=8 loss_total=0.937144 loss_rec=0.685162 valid_auc=0.649464 valid_rmse=0.495162 q_change=57 q_delta=0.375731 q_grad=0.000399
epoch=9 loss_total=0.917691 loss_rec=0.681527 valid_auc=0.651987 valid_rmse=0.491193 q_change=57 q_delta=0.388618 q_grad=0.000385
epoch=10 loss_total=0.903357 loss_rec=0.679220 valid_auc=0.654687 valid_rmse=0.489044 q_change=57 q_delta=0.397959 q_grad=0.000393
epoch=11 loss_total=0.888221 loss_rec=0.672706 valid_auc=0.654308 valid_rmse=0.485854 q_change=57 q_delta=0.405084 q_grad=0.000456
epoch=12 loss_total=0.869742 loss_rec=0.661338 valid_auc=0.656261 valid_rmse=0.485728 q_change=57 q_delta=0.410984 q_grad=0.000534
epoch=13 loss_total=0.860673 loss_rec=0.658461 valid_auc=0.657444 valid_rmse=0.481805 q_change=57 q_delta=0.416169 q_grad=0.000561
epoch=14 loss_total=0.853707 loss_rec=0.656498 valid_auc=0.660156 valid_rmse=0.482867 q_change=57 q_delta=0.420302 q_grad=0.000622
epoch=15 loss_total=0.848096 loss_rec=0.655252 valid_auc=0.658750 valid_rmse=0.481261 q_change=57 q_delta=0.424096 q_grad=0.000655
epoch=16 loss_total=0.844502 loss_rec=0.655255 valid_auc=0.659185 valid_rmse=0.481354 q_change=57 q_delta=0.427131 q_grad=0.000713
epoch=17 loss_total=0.841805 loss_rec=0.655846 valid_auc=0.661652 valid_rmse=0.482076 q_change=57 q_delta=0.429825 q_grad=0.000688
epoch=18 loss_total=0.834253 loss_rec=0.651110 valid_auc=0.662946 valid_rmse=0.481361 q_change=57 q_delta=0.432256 q_grad=0.000699
epoch=19 loss_total=0.830197 loss_rec=0.649508 valid_auc=0.662377 valid_rmse=0.481323 q_change=57 q_delta=0.434316 q_grad=0.000736
epoch=20 loss_total=0.828774 loss_rec=0.650191 valid_auc=0.666808 valid_rmse=0.479859 q_change=57 q_delta=0.436248 q_grad=0.000794
epoch=21 loss_total=0.824315 loss_rec=0.647750 valid_auc=0.664855 valid_rmse=0.480845 q_change=57 q_delta=0.437772 q_grad=0.000749
epoch=22 loss_total=0.823645 loss_rec=0.648740 valid_auc=0.664542 valid_rmse=0.479785 q_change=57 q_delta=0.439250 q_grad=0.000801
epoch=23 loss_total=0.819324 loss_rec=0.645976 valid_auc=0.663940 valid_rmse=0.479714 q_change=57 q_delta=0.440651 q_grad=0.000803
epoch=24 loss_total=0.815010 loss_rec=0.643126 valid_auc=0.665067 valid_rmse=0.480199 q_change=57 q_delta=0.441810 q_grad=0.000825
epoch=25 loss_total=0.817074 loss_rec=0.646397 valid_auc=0.664520 valid_rmse=0.479638 q_change=57 q_delta=0.442837 q_grad=0.000884
epoch=26 loss_total=0.814428 loss_rec=0.644887 valid_auc=0.663962 valid_rmse=0.480084 q_change=57 q_delta=0.443801 q_grad=0.000889
epoch=27 loss_total=0.812486 loss_rec=0.643928 valid_auc=0.665792 valid_rmse=0.479595 q_change=57 q_delta=0.444675 q_grad=0.000886
epoch=28 loss_total=0.812785 loss_rec=0.645177 valid_auc=0.667020 valid_rmse=0.479133 q_change=57 q_delta=0.445485 q_grad=0.000915
epoch=29 loss_total=0.810325 loss_rec=0.643572 valid_auc=0.667857 valid_rmse=0.478998 q_change=57 q_delta=0.446218 q_grad=0.000952
epoch=30 loss_total=0.811089 loss_rec=0.645108 valid_auc=0.668962 valid_rmse=0.479500 q_change=57 q_delta=0.446814 q_grad=0.000948
epoch=31 loss_total=0.807350 loss_rec=0.642016 valid_auc=0.668158 valid_rmse=0.478593 q_change=57 q_delta=0.447493 q_grad=0.000965
epoch=32 loss_total=0.809303 loss_rec=0.644644 valid_auc=0.669308 valid_rmse=0.479113 q_change=57 q_delta=0.447981 q_grad=0.001003
epoch=33 loss_total=0.807975 loss_rec=0.643828 valid_auc=0.668092 valid_rmse=0.477988 q_change=57 q_delta=0.448612 q_grad=0.000994
epoch=34 loss_total=0.806950 loss_rec=0.643411 valid_auc=0.667266 valid_rmse=0.477755 q_change=57 q_delta=0.449028 q_grad=0.001016
epoch=35 loss_total=0.808675 loss_rec=0.645634 valid_auc=0.668337 valid_rmse=0.477461 q_change=57 q_delta=0.449445 q_grad=0.001009
epoch=36 loss_total=0.805117 loss_rec=0.642518 valid_auc=0.669308 valid_rmse=0.478743 q_change=57 q_delta=0.449776 q_grad=0.001048
epoch=37 loss_total=0.801188 loss_rec=0.639023 valid_auc=0.670759 valid_rmse=0.477684 q_change=57 q_delta=0.450165 q_grad=0.001070
epoch=38 loss_total=0.799788 loss_rec=0.637998 valid_auc=0.670480 valid_rmse=0.478591 q_change=57 q_delta=0.450483 q_grad=0.001146
epoch=39 loss_total=0.803112 loss_rec=0.641715 valid_auc=0.670067 valid_rmse=0.476995 q_change=57 q_delta=0.450918 q_grad=0.001130
epoch=40 loss_total=0.799872 loss_rec=0.638869 valid_auc=0.670625 valid_rmse=0.477303 q_change=57 q_delta=0.451190 q_grad=0.001168
epoch=41 loss_total=0.796423 loss_rec=0.635749 valid_auc=0.672478 valid_rmse=0.477193 q_change=57 q_delta=0.451449 q_grad=0.001177
epoch=42 loss_total=0.800943 loss_rec=0.640550 valid_auc=0.669141 valid_rmse=0.477556 q_change=57 q_delta=0.451724 q_grad=0.001224
epoch=43 loss_total=0.797645 loss_rec=0.637505 valid_auc=0.669051 valid_rmse=0.477181 q_change=57 q_delta=0.451925 q_grad=0.001200
epoch=44 loss_total=0.798199 loss_rec=0.638306 valid_auc=0.670201 valid_rmse=0.477509 q_change=57 q_delta=0.452160 q_grad=0.001257
epoch=45 loss_total=0.795748 loss_rec=0.636106 valid_auc=0.672098 valid_rmse=0.478434 q_change=57 q_delta=0.452303 q_grad=0.001293
epoch=46 loss_total=0.797991 loss_rec=0.638519 valid_auc=0.674185 valid_rmse=0.476001 q_change=57 q_delta=0.452533 q_grad=0.001294
epoch=47 loss_total=0.795267 loss_rec=0.636004 valid_auc=0.674788 valid_rmse=0.476419 q_change=57 q_delta=0.452648 q_grad=0.001323
epoch=48 loss_total=0.796972 loss_rec=0.637872 valid_auc=0.676194 valid_rmse=0.475380 q_change=57 q_delta=0.452814 q_grad=0.001340
epoch=49 loss_total=0.794942 loss_rec=0.635939 valid_auc=0.676864 valid_rmse=0.475530 q_change=57 q_delta=0.452925 q_grad=0.001381
epoch=50 loss_total=0.791510 loss_rec=0.632670 valid_auc=0.675324 valid_rmse=0.475593 q_change=57 q_delta=0.453021 q_grad=0.001336
epoch=51 loss_total=0.792468 loss_rec=0.633709 valid_auc=0.675960 valid_rmse=0.477395 q_change=57 q_delta=0.453033 q_grad=0.001474
epoch=52 loss_total=0.793523 loss_rec=0.634842 valid_auc=0.676440 valid_rmse=0.475572 q_change=57 q_delta=0.453152 q_grad=0.001498
epoch=53 loss_total=0.794855 loss_rec=0.636276 valid_auc=0.677980 valid_rmse=0.475325 q_change=57 q_delta=0.453230 q_grad=0.001490
epoch=54 loss_total=0.787233 loss_rec=0.628692 valid_auc=0.678650 valid_rmse=0.476102 q_change=57 q_delta=0.453195 q_grad=0.001504
epoch=55 loss_total=0.788018 loss_rec=0.629464 valid_auc=0.680770 valid_rmse=0.474626 q_change=57 q_delta=0.453220 q_grad=0.001547
epoch=56 loss_total=0.789380 loss_rec=0.630850 valid_auc=0.680424 valid_rmse=0.474462 q_change=57 q_delta=0.453240 q_grad=0.001628
epoch=57 loss_total=0.788696 loss_rec=0.630155 valid_auc=0.681016 valid_rmse=0.477117 q_change=57 q_delta=0.453141 q_grad=0.001662
epoch=58 loss_total=0.785055 loss_rec=0.626449 valid_auc=0.681797 valid_rmse=0.476060 q_change=57 q_delta=0.453111 q_grad=0.001653
epoch=59 loss_total=0.785841 loss_rec=0.627226 valid_auc=0.681719 valid_rmse=0.474116 q_change=57 q_delta=0.453092 q_grad=0.001697
epoch=60 loss_total=0.785071 loss_rec=0.626388 valid_auc=0.685033 valid_rmse=0.473894 q_change=57 q_delta=0.452948 q_grad=0.001724
epoch=61 loss_total=0.785109 loss_rec=0.626223 valid_auc=0.684710 valid_rmse=0.474315 q_change=57 q_delta=0.452809 q_grad=0.001769
epoch=62 loss_total=0.784060 loss_rec=0.625081 valid_auc=0.685937 valid_rmse=0.473086 q_change=57 q_delta=0.452706 q_grad=0.001738
epoch=63 loss_total=0.785341 loss_rec=0.626208 valid_auc=0.685301 valid_rmse=0.473413 q_change=57 q_delta=0.452490 q_grad=0.001730
epoch=64 loss_total=0.787146 loss_rec=0.627849 valid_auc=0.687734 valid_rmse=0.475170 q_change=57 q_delta=0.452246 q_grad=0.001815
epoch=65 loss_total=0.781087 loss_rec=0.621562 valid_auc=0.687277 valid_rmse=0.472204 q_change=57 q_delta=0.452091 q_grad=0.001721
epoch=66 loss_total=0.782403 loss_rec=0.622713 valid_auc=0.690737 valid_rmse=0.472038 q_change=57 q_delta=0.451818 q_grad=0.001816
epoch=67 loss_total=0.783465 loss_rec=0.623515 valid_auc=0.688393 valid_rmse=0.473413 q_change=57 q_delta=0.451540 q_grad=0.001787
epoch=68 loss_total=0.779663 loss_rec=0.619482 valid_auc=0.691289 valid_rmse=0.472905 q_change=57 q_delta=0.451170 q_grad=0.001799
epoch=69 loss_total=0.775914 loss_rec=0.615472 valid_auc=0.693214 valid_rmse=0.478111 q_change=57 q_delta=0.450681 q_grad=0.001846
epoch=70 loss_total=0.776103 loss_rec=0.615387 valid_auc=0.691083 valid_rmse=0.471390 q_change=57 q_delta=0.450489 q_grad=0.001846
epoch=71 loss_total=0.776962 loss_rec=0.616150 valid_auc=0.692042 valid_rmse=0.471189 q_change=56 q_delta=0.450262 q_grad=0.001833
epoch=72 loss_total=0.775789 loss_rec=0.614770 valid_auc=0.691205 valid_rmse=0.472084 q_change=55 q_delta=0.450176 q_grad=0.001855
epoch=73 loss_total=0.773419 loss_rec=0.612279 valid_auc=0.689743 valid_rmse=0.471925 q_change=55 q_delta=0.450286 q_grad=0.001885
epoch=74 loss_total=0.776060 loss_rec=0.614807 valid_auc=0.690815 valid_rmse=0.472420 q_change=55 q_delta=0.450438 q_grad=0.001834
epoch=75 loss_total=0.774150 loss_rec=0.612799 valid_auc=0.690246 valid_rmse=0.477308 q_change=55 q_delta=0.450611 q_grad=0.001816
epoch=76 loss_total=0.774192 loss_rec=0.612671 valid_auc=0.688806 valid_rmse=0.472073 q_change=55 q_delta=0.450837 q_grad=0.001804
epoch=77 loss_total=0.767627 loss_rec=0.606012 valid_auc=0.689900 valid_rmse=0.475857 q_change=55 q_delta=0.450936 q_grad=0.001784
epoch=78 loss_total=0.769434 loss_rec=0.607737 valid_auc=0.690022 valid_rmse=0.473715 q_change=55 q_delta=0.451054 q_grad=0.001903
epoch=79 loss_total=0.768905 loss_rec=0.607127 valid_auc=0.689833 valid_rmse=0.473215 q_change=55 q_delta=0.451188 q_grad=0.001972
epoch=80 loss_total=0.768009 loss_rec=0.606187 valid_auc=0.690246 valid_rmse=0.472158 q_change=54 q_delta=0.451304 q_grad=0.001867
epoch=81 loss_total=0.764872 loss_rec=0.602952 valid_auc=0.689598 valid_rmse=0.473629 q_change=54 q_delta=0.451534 q_grad=0.001928
epoch=82 loss_total=0.765170 loss_rec=0.603236 valid_auc=0.690022 valid_rmse=0.473371 q_change=54 q_delta=0.451883 q_grad=0.001927
epoch=83 loss_total=0.762795 loss_rec=0.600827 valid_auc=0.691574 valid_rmse=0.476426 q_change=54 q_delta=0.452226 q_grad=0.001901
epoch=84 loss_total=0.763680 loss_rec=0.601660 valid_auc=0.690770 valid_rmse=0.473262 q_change=54 q_delta=0.452613 q_grad=0.001955
epoch=85 loss_total=0.764328 loss_rec=0.602301 valid_auc=0.691071 valid_rmse=0.476385 q_change=54 q_delta=0.452850 q_grad=0.001975
epoch=86 loss_total=0.766506 loss_rec=0.604452 valid_auc=0.690647 valid_rmse=0.473934 q_change=54 q_delta=0.453148 q_grad=0.001961
epoch=87 loss_total=0.761409 loss_rec=0.599346 valid_auc=0.689967 valid_rmse=0.473419 q_change=54 q_delta=0.453433 q_grad=0.001927
epoch=88 loss_total=0.755619 loss_rec=0.593556 valid_auc=0.688728 valid_rmse=0.473978 q_change=54 q_delta=0.453665 q_grad=0.001967
epoch=89 loss_total=0.757232 loss_rec=0.595165 valid_auc=0.690904 valid_rmse=0.478364 q_change=54 q_delta=0.453857 q_grad=0.002006
Early stopping at epoch 89; best_epoch=69.
Saved run to C:\Users\YAN_SHU_YU\Desktop\Generative-CD\Q_GNCDM\results\weak_q_lambda_sweep\lq_0p6_ls_0p8_lb_0p9\seed_2026\noise_0.20\weak-q_lq_0p6_ls_0p8_lb_0p9
Final metrics: q_hat_f1=0.000000 response_auc=0.683614 mastery_pearson=0.274375
