run=weak-q_lq_0p1_ls_0p4_lb_0p7 mode=weak-q noise=0.20 train=4200 valid=600 test=1200
epoch=1 loss_total=1.069751 loss_rec=0.725670 valid_auc=0.587768 valid_rmse=0.499758 q_change=57 q_delta=0.080891 q_grad=0.000481
epoch=2 loss_total=1.007962 loss_rec=0.706100 valid_auc=0.594687 valid_rmse=0.499372 q_change=57 q_delta=0.158139 q_grad=0.000520
epoch=3 loss_total=0.957462 loss_rec=0.700572 valid_auc=0.608114 valid_rmse=0.498760 q_change=57 q_delta=0.225449 q_grad=0.000528
epoch=4 loss_total=0.909365 loss_rec=0.695078 valid_auc=0.625513 valid_rmse=0.498451 q_change=57 q_delta=0.279634 q_grad=0.000500
epoch=5 loss_total=0.874180 loss_rec=0.696029 valid_auc=0.645279 valid_rmse=0.497252 q_change=57 q_delta=0.320586 q_grad=0.000449
epoch=6 loss_total=0.842590 loss_rec=0.693275 valid_auc=0.659375 valid_rmse=0.497388 q_change=57 q_delta=0.350742 q_grad=0.000393
epoch=7 loss_total=0.816443 loss_rec=0.689383 valid_auc=0.660714 valid_rmse=0.497271 q_change=57 q_delta=0.372986 q_grad=0.000343
epoch=8 loss_total=0.798495 loss_rec=0.688325 valid_auc=0.653560 valid_rmse=0.496781 q_change=57 q_delta=0.389239 q_grad=0.000300
epoch=9 loss_total=0.784356 loss_rec=0.686826 valid_auc=0.654777 valid_rmse=0.494295 q_change=57 q_delta=0.401329 q_grad=0.000283
epoch=10 loss_total=0.774471 loss_rec=0.686506 valid_auc=0.657762 valid_rmse=0.493198 q_change=57 q_delta=0.409873 q_grad=0.000276
epoch=11 loss_total=0.762497 loss_rec=0.681204 valid_auc=0.658371 valid_rmse=0.489461 q_change=57 q_delta=0.415975 q_grad=0.000305
epoch=12 loss_total=0.744956 loss_rec=0.668678 valid_auc=0.659643 valid_rmse=0.487596 q_change=57 q_delta=0.420413 q_grad=0.000378
epoch=13 loss_total=0.735641 loss_rec=0.663509 valid_auc=0.660614 valid_rmse=0.483135 q_change=57 q_delta=0.424470 q_grad=0.000437
epoch=14 loss_total=0.728641 loss_rec=0.659998 valid_auc=0.660078 valid_rmse=0.484481 q_change=57 q_delta=0.427773 q_grad=0.000509
epoch=15 loss_total=0.724344 loss_rec=0.658808 valid_auc=0.658917 valid_rmse=0.482220 q_change=57 q_delta=0.430923 q_grad=0.000550
epoch=16 loss_total=0.720940 loss_rec=0.657967 valid_auc=0.659275 valid_rmse=0.481893 q_change=57 q_delta=0.433369 q_grad=0.000615
epoch=17 loss_total=0.719048 loss_rec=0.658409 valid_auc=0.660424 valid_rmse=0.482619 q_change=57 q_delta=0.435570 q_grad=0.000596
epoch=18 loss_total=0.712185 loss_rec=0.653563 valid_auc=0.660904 valid_rmse=0.482449 q_change=57 q_delta=0.437564 q_grad=0.000606
epoch=19 loss_total=0.708657 loss_rec=0.651783 valid_auc=0.660391 valid_rmse=0.482050 q_change=57 q_delta=0.439248 q_grad=0.000635
epoch=20 loss_total=0.707828 loss_rec=0.652444 valid_auc=0.662734 valid_rmse=0.480724 q_change=57 q_delta=0.440867 q_grad=0.000687
epoch=21 loss_total=0.704014 loss_rec=0.650093 valid_auc=0.661864 valid_rmse=0.481423 q_change=57 q_delta=0.442113 q_grad=0.000647
epoch=22 loss_total=0.703820 loss_rec=0.651089 valid_auc=0.660826 valid_rmse=0.480644 q_change=57 q_delta=0.443355 q_grad=0.000689
epoch=23 loss_total=0.700113 loss_rec=0.648519 valid_auc=0.660156 valid_rmse=0.480733 q_change=57 q_delta=0.444523 q_grad=0.000690
epoch=24 loss_total=0.696379 loss_rec=0.645856 valid_auc=0.661741 valid_rmse=0.481448 q_change=57 q_delta=0.445488 q_grad=0.000705
epoch=25 loss_total=0.698258 loss_rec=0.648602 valid_auc=0.661016 valid_rmse=0.480610 q_change=57 q_delta=0.446357 q_grad=0.000752
epoch=26 loss_total=0.696317 loss_rec=0.647506 valid_auc=0.660022 valid_rmse=0.480842 q_change=57 q_delta=0.447179 q_grad=0.000760
epoch=27 loss_total=0.694847 loss_rec=0.646757 valid_auc=0.661786 valid_rmse=0.480461 q_change=57 q_delta=0.447931 q_grad=0.000751
epoch=28 loss_total=0.695061 loss_rec=0.647673 valid_auc=0.663650 valid_rmse=0.480477 q_change=57 q_delta=0.448610 q_grad=0.000773
epoch=29 loss_total=0.693256 loss_rec=0.646519 valid_auc=0.663650 valid_rmse=0.480096 q_change=57 q_delta=0.449262 q_grad=0.000802
epoch=30 loss_total=0.694032 loss_rec=0.647876 valid_auc=0.664319 valid_rmse=0.480943 q_change=57 q_delta=0.449757 q_grad=0.000800
epoch=31 loss_total=0.690784 loss_rec=0.645123 valid_auc=0.662455 valid_rmse=0.479985 q_change=57 q_delta=0.450382 q_grad=0.000810
epoch=32 loss_total=0.692657 loss_rec=0.647513 valid_auc=0.664096 valid_rmse=0.480056 q_change=57 q_delta=0.450812 q_grad=0.000838
epoch=33 loss_total=0.691430 loss_rec=0.646670 valid_auc=0.663036 valid_rmse=0.479272 q_change=57 q_delta=0.451369 q_grad=0.000832
epoch=34 loss_total=0.690883 loss_rec=0.646597 valid_auc=0.662656 valid_rmse=0.479497 q_change=57 q_delta=0.451714 q_grad=0.000850
epoch=35 loss_total=0.692584 loss_rec=0.648675 valid_auc=0.664509 valid_rmse=0.479299 q_change=57 q_delta=0.452084 q_grad=0.000839
epoch=36 loss_total=0.689177 loss_rec=0.645614 valid_auc=0.664185 valid_rmse=0.480468 q_change=57 q_delta=0.452376 q_grad=0.000876
epoch=37 loss_total=0.686129 loss_rec=0.642909 valid_auc=0.666339 valid_rmse=0.479399 q_change=57 q_delta=0.452730 q_grad=0.000893
epoch=38 loss_total=0.684730 loss_rec=0.641797 valid_auc=0.665145 valid_rmse=0.480224 q_change=57 q_delta=0.453021 q_grad=0.000957
epoch=39 loss_total=0.687767 loss_rec=0.645151 valid_auc=0.665658 valid_rmse=0.478619 q_change=57 q_delta=0.453438 q_grad=0.000940
epoch=40 loss_total=0.685131 loss_rec=0.642832 valid_auc=0.666339 valid_rmse=0.479146 q_change=57 q_delta=0.453676 q_grad=0.000976
epoch=41 loss_total=0.681732 loss_rec=0.639702 valid_auc=0.667009 valid_rmse=0.478585 q_change=57 q_delta=0.453946 q_grad=0.000979
epoch=42 loss_total=0.686118 loss_rec=0.644321 valid_auc=0.664732 valid_rmse=0.479276 q_change=57 q_delta=0.454191 q_grad=0.001025
epoch=43 loss_total=0.683033 loss_rec=0.641449 valid_auc=0.664710 valid_rmse=0.478807 q_change=57 q_delta=0.454420 q_grad=0.001004
epoch=44 loss_total=0.683744 loss_rec=0.642377 valid_auc=0.664643 valid_rmse=0.479072 q_change=57 q_delta=0.454638 q_grad=0.001055
epoch=45 loss_total=0.681250 loss_rec=0.640095 valid_auc=0.665893 valid_rmse=0.479621 q_change=57 q_delta=0.454790 q_grad=0.001080
epoch=46 loss_total=0.683906 loss_rec=0.642903 valid_auc=0.666830 valid_rmse=0.477924 q_change=57 q_delta=0.455020 q_grad=0.001090
epoch=47 loss_total=0.681407 loss_rec=0.640597 valid_auc=0.666786 valid_rmse=0.478262 q_change=57 q_delta=0.455158 q_grad=0.001123
epoch=48 loss_total=0.683241 loss_rec=0.642591 valid_auc=0.668393 valid_rmse=0.477483 q_change=57 q_delta=0.455347 q_grad=0.001136
epoch=49 loss_total=0.681598 loss_rec=0.641060 valid_auc=0.669230 valid_rmse=0.477613 q_change=57 q_delta=0.455482 q_grad=0.001176
epoch=50 loss_total=0.678502 loss_rec=0.638131 valid_auc=0.667600 valid_rmse=0.477618 q_change=57 q_delta=0.455606 q_grad=0.001129
epoch=51 loss_total=0.679004 loss_rec=0.638718 valid_auc=0.666194 valid_rmse=0.478817 q_change=57 q_delta=0.455658 q_grad=0.001264
epoch=52 loss_total=0.680250 loss_rec=0.640065 valid_auc=0.667734 valid_rmse=0.477772 q_change=57 q_delta=0.455813 q_grad=0.001299
epoch=53 loss_total=0.681121 loss_rec=0.641068 valid_auc=0.668817 valid_rmse=0.477614 q_change=57 q_delta=0.455932 q_grad=0.001298
epoch=54 loss_total=0.674441 loss_rec=0.634454 valid_auc=0.669743 valid_rmse=0.478368 q_change=57 q_delta=0.455956 q_grad=0.001326
epoch=55 loss_total=0.674989 loss_rec=0.635055 valid_auc=0.670960 valid_rmse=0.477080 q_change=57 q_delta=0.456055 q_grad=0.001361
epoch=56 loss_total=0.676157 loss_rec=0.636297 valid_auc=0.670871 valid_rmse=0.476757 q_change=57 q_delta=0.456140 q_grad=0.001458
epoch=57 loss_total=0.675872 loss_rec=0.636087 valid_auc=0.671473 valid_rmse=0.478895 q_change=57 q_delta=0.456140 q_grad=0.001493
epoch=58 loss_total=0.672684 loss_rec=0.632932 valid_auc=0.671172 valid_rmse=0.478202 q_change=57 q_delta=0.456207 q_grad=0.001488
epoch=59 loss_total=0.673252 loss_rec=0.633568 valid_auc=0.672333 valid_rmse=0.476816 q_change=57 q_delta=0.456286 q_grad=0.001559
epoch=60 loss_total=0.673122 loss_rec=0.633485 valid_auc=0.674710 valid_rmse=0.476465 q_change=57 q_delta=0.456303 q_grad=0.001604
epoch=61 loss_total=0.673286 loss_rec=0.633641 valid_auc=0.674040 valid_rmse=0.476734 q_change=57 q_delta=0.456338 q_grad=0.001655
epoch=62 loss_total=0.672260 loss_rec=0.632667 valid_auc=0.675234 valid_rmse=0.476026 q_change=57 q_delta=0.456388 q_grad=0.001635
epoch=63 loss_total=0.673810 loss_rec=0.634244 valid_auc=0.674665 valid_rmse=0.476589 q_change=57 q_delta=0.456378 q_grad=0.001662
epoch=64 loss_total=0.675514 loss_rec=0.635964 valid_auc=0.675502 valid_rmse=0.477025 q_change=57 q_delta=0.456365 q_grad=0.001747
epoch=65 loss_total=0.669878 loss_rec=0.630336 valid_auc=0.675391 valid_rmse=0.475942 q_change=57 q_delta=0.456476 q_grad=0.001687
epoch=66 loss_total=0.671695 loss_rec=0.632180 valid_auc=0.676339 valid_rmse=0.475730 q_change=57 q_delta=0.456454 q_grad=0.001791
epoch=67 loss_total=0.673353 loss_rec=0.633858 valid_auc=0.675112 valid_rmse=0.476759 q_change=57 q_delta=0.456456 q_grad=0.001782
epoch=68 loss_total=0.669758 loss_rec=0.630283 valid_auc=0.675971 valid_rmse=0.477033 q_change=57 q_delta=0.456452 q_grad=0.001817
epoch=69 loss_total=0.667181 loss_rec=0.627716 valid_auc=0.678616 valid_rmse=0.481740 q_change=57 q_delta=0.456368 q_grad=0.001890
epoch=70 loss_total=0.668495 loss_rec=0.629004 valid_auc=0.675770 valid_rmse=0.475961 q_change=57 q_delta=0.456488 q_grad=0.001910
epoch=71 loss_total=0.668491 loss_rec=0.629018 valid_auc=0.677511 valid_rmse=0.475703 q_change=57 q_delta=0.456468 q_grad=0.001941
epoch=72 loss_total=0.669847 loss_rec=0.630353 valid_auc=0.675871 valid_rmse=0.476373 q_change=57 q_delta=0.456445 q_grad=0.002002
epoch=73 loss_total=0.666231 loss_rec=0.626752 valid_auc=0.673962 valid_rmse=0.476805 q_change=57 q_delta=0.456453 q_grad=0.002031
epoch=74 loss_total=0.669267 loss_rec=0.629771 valid_auc=0.675513 valid_rmse=0.476952 q_change=57 q_delta=0.456413 q_grad=0.002016
epoch=75 loss_total=0.668466 loss_rec=0.628964 valid_auc=0.673973 valid_rmse=0.480806 q_change=57 q_delta=0.456353 q_grad=0.002045
epoch=76 loss_total=0.669385 loss_rec=0.629839 valid_auc=0.674319 valid_rmse=0.476585 q_change=57 q_delta=0.456427 q_grad=0.002034
epoch=77 loss_total=0.663076 loss_rec=0.623565 valid_auc=0.673717 valid_rmse=0.479295 q_change=57 q_delta=0.456358 q_grad=0.002032
epoch=78 loss_total=0.666191 loss_rec=0.626662 valid_auc=0.674420 valid_rmse=0.477519 q_change=57 q_delta=0.456360 q_grad=0.002197
epoch=79 loss_total=0.664347 loss_rec=0.624790 valid_auc=0.675112 valid_rmse=0.476993 q_change=57 q_delta=0.456363 q_grad=0.002241
epoch=80 loss_total=0.665064 loss_rec=0.625514 valid_auc=0.675759 valid_rmse=0.476502 q_change=57 q_delta=0.456376 q_grad=0.002176
epoch=81 loss_total=0.662434 loss_rec=0.622855 valid_auc=0.676038 valid_rmse=0.477011 q_change=57 q_delta=0.456314 q_grad=0.002236
epoch=82 loss_total=0.663298 loss_rec=0.623709 valid_auc=0.675268 valid_rmse=0.477723 q_change=57 q_delta=0.456307 q_grad=0.002280
epoch=83 loss_total=0.661808 loss_rec=0.622216 valid_auc=0.676027 valid_rmse=0.479940 q_change=57 q_delta=0.456261 q_grad=0.002256
epoch=84 loss_total=0.663332 loss_rec=0.623745 valid_auc=0.676473 valid_rmse=0.476689 q_change=57 q_delta=0.456325 q_grad=0.002292
epoch=85 loss_total=0.661849 loss_rec=0.622268 valid_auc=0.677254 valid_rmse=0.478929 q_change=57 q_delta=0.456285 q_grad=0.002357
epoch=86 loss_total=0.666302 loss_rec=0.626744 valid_auc=0.676440 valid_rmse=0.477297 q_change=57 q_delta=0.456326 q_grad=0.002357
epoch=87 loss_total=0.661507 loss_rec=0.621944 valid_auc=0.676161 valid_rmse=0.476780 q_change=57 q_delta=0.456320 q_grad=0.002290
epoch=88 loss_total=0.657001 loss_rec=0.617429 valid_auc=0.675100 valid_rmse=0.477663 q_change=57 q_delta=0.456327 q_grad=0.002340
epoch=89 loss_total=0.657808 loss_rec=0.618261 valid_auc=0.676440 valid_rmse=0.482081 q_change=57 q_delta=0.456281 q_grad=0.002349
Early stopping at epoch 89; best_epoch=69.
Saved run to C:\Users\YAN_SHU_YU\Desktop\Generative-CD\Q_GNCDM\results\weak_q_lambda_sweep\lq_0p1_ls_0p4_lb_0p7\seed_2026\noise_0.20\weak-q_lq_0p1_ls_0p4_lb_0p7
Final metrics: q_hat_f1=0.000000 response_auc=0.691394 mastery_pearson=0.256024
