run=weak-q_lq_0p7_ls_0p1_lb_0p4 mode=weak-q noise=0.20 train=4200 valid=600 test=1200
epoch=1 loss_total=0.868250 loss_rec=0.725508 valid_auc=0.592919 valid_rmse=0.499609 q_change=14 q_delta=0.060034 q_grad=0.000108
epoch=2 loss_total=0.842672 loss_rec=0.704218 valid_auc=0.610658 valid_rmse=0.498346 q_change=28 q_delta=0.089419 q_grad=0.000112
epoch=3 loss_total=0.831495 loss_rec=0.694392 valid_auc=0.634487 valid_rmse=0.495260 q_change=21 q_delta=0.103918 q_grad=0.000151
epoch=4 loss_total=0.814788 loss_rec=0.677808 valid_auc=0.657020 valid_rmse=0.488332 q_change=19 q_delta=0.111631 q_grad=0.000236
epoch=5 loss_total=0.793222 loss_rec=0.655287 valid_auc=0.666897 valid_rmse=0.479668 q_change=17 q_delta=0.116295 q_grad=0.000444
epoch=6 loss_total=0.769448 loss_rec=0.630609 valid_auc=0.673594 valid_rmse=0.476395 q_change=18 q_delta=0.123881 q_grad=0.000710
epoch=7 loss_total=0.757516 loss_rec=0.618759 valid_auc=0.677902 valid_rmse=0.476288 q_change=16 q_delta=0.129891 q_grad=0.000816
epoch=8 loss_total=0.754385 loss_rec=0.615750 valid_auc=0.676083 valid_rmse=0.477125 q_change=16 q_delta=0.136229 q_grad=0.000910
epoch=9 loss_total=0.749935 loss_rec=0.611468 valid_auc=0.678996 valid_rmse=0.475544 q_change=15 q_delta=0.142555 q_grad=0.000939
epoch=10 loss_total=0.754473 loss_rec=0.616191 valid_auc=0.678147 valid_rmse=0.476975 q_change=14 q_delta=0.148630 q_grad=0.000923
epoch=11 loss_total=0.753406 loss_rec=0.615127 valid_auc=0.678069 valid_rmse=0.475733 q_change=13 q_delta=0.154468 q_grad=0.000979
epoch=12 loss_total=0.746144 loss_rec=0.607930 valid_auc=0.677623 valid_rmse=0.477250 q_change=13 q_delta=0.159712 q_grad=0.000993
epoch=13 loss_total=0.743157 loss_rec=0.605027 valid_auc=0.677935 valid_rmse=0.475925 q_change=13 q_delta=0.166061 q_grad=0.000960
epoch=14 loss_total=0.744354 loss_rec=0.606185 valid_auc=0.677121 valid_rmse=0.477887 q_change=14 q_delta=0.171634 q_grad=0.001007
epoch=15 loss_total=0.740834 loss_rec=0.602558 valid_auc=0.678996 valid_rmse=0.476473 q_change=14 q_delta=0.177596 q_grad=0.001009
epoch=16 loss_total=0.743516 loss_rec=0.605116 valid_auc=0.679475 valid_rmse=0.476490 q_change=15 q_delta=0.183373 q_grad=0.001092
epoch=17 loss_total=0.738575 loss_rec=0.600133 valid_auc=0.679129 valid_rmse=0.476407 q_change=15 q_delta=0.188824 q_grad=0.001027
epoch=18 loss_total=0.734415 loss_rec=0.595865 valid_auc=0.679085 valid_rmse=0.476963 q_change=15 q_delta=0.194174 q_grad=0.001052
epoch=19 loss_total=0.733494 loss_rec=0.594829 valid_auc=0.680078 valid_rmse=0.477218 q_change=13 q_delta=0.199765 q_grad=0.001091
epoch=20 loss_total=0.731646 loss_rec=0.592817 valid_auc=0.682165 valid_rmse=0.475936 q_change=13 q_delta=0.205433 q_grad=0.001141
epoch=21 loss_total=0.726970 loss_rec=0.587929 valid_auc=0.683538 valid_rmse=0.476332 q_change=12 q_delta=0.210993 q_grad=0.001096
epoch=22 loss_total=0.724578 loss_rec=0.585357 valid_auc=0.682422 valid_rmse=0.476672 q_change=12 q_delta=0.216391 q_grad=0.001174
epoch=23 loss_total=0.722485 loss_rec=0.583031 valid_auc=0.682511 valid_rmse=0.476583 q_change=12 q_delta=0.221635 q_grad=0.001148
epoch=24 loss_total=0.716903 loss_rec=0.577237 valid_auc=0.683281 valid_rmse=0.477082 q_change=12 q_delta=0.227366 q_grad=0.001179
epoch=25 loss_total=0.715318 loss_rec=0.575380 valid_auc=0.684152 valid_rmse=0.477268 q_change=12 q_delta=0.233154 q_grad=0.001247
epoch=26 loss_total=0.711494 loss_rec=0.571287 valid_auc=0.685156 valid_rmse=0.477541 q_change=12 q_delta=0.238206 q_grad=0.001220
epoch=27 loss_total=0.708942 loss_rec=0.568460 valid_auc=0.684821 valid_rmse=0.478861 q_change=12 q_delta=0.243482 q_grad=0.001242
epoch=28 loss_total=0.710945 loss_rec=0.570157 valid_auc=0.684844 valid_rmse=0.478180 q_change=12 q_delta=0.249175 q_grad=0.001313
epoch=29 loss_total=0.702738 loss_rec=0.561665 valid_auc=0.687600 valid_rmse=0.477400 q_change=10 q_delta=0.254359 q_grad=0.001298
epoch=30 loss_total=0.699539 loss_rec=0.558133 valid_auc=0.688940 valid_rmse=0.478877 q_change=12 q_delta=0.259769 q_grad=0.001352
epoch=31 loss_total=0.694385 loss_rec=0.552673 valid_auc=0.687154 valid_rmse=0.478921 q_change=12 q_delta=0.264906 q_grad=0.001348
epoch=32 loss_total=0.693289 loss_rec=0.551235 valid_auc=0.691484 valid_rmse=0.477842 q_change=12 q_delta=0.270461 q_grad=0.001376
epoch=33 loss_total=0.688841 loss_rec=0.546443 valid_auc=0.689230 valid_rmse=0.477387 q_change=13 q_delta=0.275745 q_grad=0.001405
epoch=34 loss_total=0.688432 loss_rec=0.545731 valid_auc=0.688705 valid_rmse=0.477607 q_change=13 q_delta=0.280518 q_grad=0.001378
epoch=35 loss_total=0.688130 loss_rec=0.545125 valid_auc=0.690859 valid_rmse=0.476534 q_change=13 q_delta=0.285126 q_grad=0.001404
epoch=36 loss_total=0.680173 loss_rec=0.536799 valid_auc=0.691317 valid_rmse=0.477515 q_change=13 q_delta=0.289436 q_grad=0.001433
epoch=37 loss_total=0.676684 loss_rec=0.532982 valid_auc=0.690313 valid_rmse=0.479542 q_change=13 q_delta=0.293609 q_grad=0.001421
epoch=38 loss_total=0.670529 loss_rec=0.526531 valid_auc=0.690502 valid_rmse=0.480268 q_change=13 q_delta=0.297752 q_grad=0.001464
epoch=39 loss_total=0.669923 loss_rec=0.525627 valid_auc=0.689743 valid_rmse=0.479448 q_change=13 q_delta=0.301698 q_grad=0.001461
epoch=40 loss_total=0.667345 loss_rec=0.522749 valid_auc=0.689743 valid_rmse=0.480240 q_change=13 q_delta=0.305113 q_grad=0.001459
epoch=41 loss_total=0.661496 loss_rec=0.516635 valid_auc=0.690982 valid_rmse=0.482168 q_change=13 q_delta=0.308484 q_grad=0.001444
epoch=42 loss_total=0.664258 loss_rec=0.519129 valid_auc=0.689866 valid_rmse=0.480454 q_change=13 q_delta=0.311853 q_grad=0.001551
epoch=43 loss_total=0.659029 loss_rec=0.513656 valid_auc=0.691440 valid_rmse=0.481318 q_change=13 q_delta=0.314995 q_grad=0.001500
epoch=44 loss_total=0.655352 loss_rec=0.509738 valid_auc=0.692187 valid_rmse=0.480252 q_change=13 q_delta=0.317838 q_grad=0.001483
epoch=45 loss_total=0.652230 loss_rec=0.506395 valid_auc=0.691317 valid_rmse=0.484504 q_change=14 q_delta=0.320436 q_grad=0.001490
epoch=46 loss_total=0.651574 loss_rec=0.505521 valid_auc=0.695212 valid_rmse=0.479783 q_change=14 q_delta=0.323225 q_grad=0.001503
epoch=47 loss_total=0.649904 loss_rec=0.503635 valid_auc=0.693638 valid_rmse=0.482188 q_change=15 q_delta=0.325750 q_grad=0.001473
epoch=48 loss_total=0.648282 loss_rec=0.501827 valid_auc=0.693315 valid_rmse=0.481075 q_change=14 q_delta=0.328164 q_grad=0.001507
epoch=49 loss_total=0.643660 loss_rec=0.497009 valid_auc=0.694598 valid_rmse=0.479823 q_change=14 q_delta=0.330414 q_grad=0.001480
epoch=50 loss_total=0.640490 loss_rec=0.493661 valid_auc=0.694040 valid_rmse=0.483632 q_change=15 q_delta=0.332941 q_grad=0.001465
epoch=51 loss_total=0.640096 loss_rec=0.493090 valid_auc=0.695748 valid_rmse=0.483215 q_change=15 q_delta=0.334864 q_grad=0.001515
epoch=52 loss_total=0.640771 loss_rec=0.493603 valid_auc=0.693661 valid_rmse=0.482370 q_change=15 q_delta=0.337007 q_grad=0.001512
epoch=53 loss_total=0.641834 loss_rec=0.494511 valid_auc=0.693504 valid_rmse=0.482151 q_change=15 q_delta=0.338738 q_grad=0.001487
epoch=54 loss_total=0.636632 loss_rec=0.489153 valid_auc=0.692009 valid_rmse=0.483168 q_change=15 q_delta=0.340537 q_grad=0.001521
epoch=55 loss_total=0.631236 loss_rec=0.483615 valid_auc=0.698694 valid_rmse=0.479865 q_change=15 q_delta=0.342145 q_grad=0.001486
epoch=56 loss_total=0.629820 loss_rec=0.482074 valid_auc=0.695904 valid_rmse=0.482858 q_change=15 q_delta=0.343754 q_grad=0.001443
epoch=57 loss_total=0.630824 loss_rec=0.482920 valid_auc=0.694821 valid_rmse=0.483631 q_change=15 q_delta=0.345572 q_grad=0.001566
epoch=58 loss_total=0.625229 loss_rec=0.477190 valid_auc=0.695312 valid_rmse=0.483408 q_change=16 q_delta=0.347295 q_grad=0.001505
epoch=59 loss_total=0.621930 loss_rec=0.473767 valid_auc=0.698237 valid_rmse=0.481673 q_change=16 q_delta=0.348764 q_grad=0.001466
epoch=60 loss_total=0.626569 loss_rec=0.478285 valid_auc=0.697790 valid_rmse=0.483168 q_change=16 q_delta=0.350143 q_grad=0.001503
epoch=61 loss_total=0.623490 loss_rec=0.475099 valid_auc=0.696339 valid_rmse=0.481691 q_change=16 q_delta=0.351421 q_grad=0.001522
epoch=62 loss_total=0.619560 loss_rec=0.471050 valid_auc=0.697790 valid_rmse=0.482091 q_change=16 q_delta=0.352972 q_grad=0.001447
epoch=63 loss_total=0.619079 loss_rec=0.470454 valid_auc=0.696663 valid_rmse=0.483415 q_change=17 q_delta=0.354166 q_grad=0.001525
epoch=64 loss_total=0.621364 loss_rec=0.472631 valid_auc=0.698315 valid_rmse=0.484008 q_change=17 q_delta=0.355320 q_grad=0.001513
epoch=65 loss_total=0.619198 loss_rec=0.470361 valid_auc=0.696496 valid_rmse=0.482968 q_change=17 q_delta=0.356713 q_grad=0.001439
epoch=66 loss_total=0.616990 loss_rec=0.468082 valid_auc=0.696942 valid_rmse=0.483268 q_change=17 q_delta=0.357590 q_grad=0.001522
epoch=67 loss_total=0.617281 loss_rec=0.468281 valid_auc=0.696496 valid_rmse=0.484036 q_change=18 q_delta=0.358609 q_grad=0.001500
epoch=68 loss_total=0.612030 loss_rec=0.462943 valid_auc=0.697801 valid_rmse=0.483795 q_change=18 q_delta=0.359536 q_grad=0.001498
epoch=69 loss_total=0.609924 loss_rec=0.460751 valid_auc=0.696998 valid_rmse=0.488988 q_change=18 q_delta=0.360517 q_grad=0.001486
epoch=70 loss_total=0.607475 loss_rec=0.458202 valid_auc=0.696540 valid_rmse=0.483531 q_change=18 q_delta=0.361564 q_grad=0.001519
epoch=71 loss_total=0.607376 loss_rec=0.458039 valid_auc=0.699654 valid_rmse=0.482444 q_change=18 q_delta=0.362315 q_grad=0.001467
epoch=72 loss_total=0.608474 loss_rec=0.459086 valid_auc=0.697863 valid_rmse=0.484510 q_change=18 q_delta=0.363104 q_grad=0.001503
epoch=73 loss_total=0.604329 loss_rec=0.454851 valid_auc=0.696194 valid_rmse=0.486009 q_change=18 q_delta=0.364127 q_grad=0.001520
epoch=74 loss_total=0.608530 loss_rec=0.458997 valid_auc=0.696484 valid_rmse=0.485301 q_change=18 q_delta=0.364657 q_grad=0.001472
epoch=75 loss_total=0.605753 loss_rec=0.456140 valid_auc=0.695312 valid_rmse=0.489670 q_change=18 q_delta=0.365248 q_grad=0.001527
epoch=76 loss_total=0.606078 loss_rec=0.456419 valid_auc=0.696719 valid_rmse=0.483777 q_change=18 q_delta=0.366116 q_grad=0.001495
epoch=77 loss_total=0.598721 loss_rec=0.449003 valid_auc=0.698114 valid_rmse=0.484903 q_change=18 q_delta=0.366707 q_grad=0.001460
epoch=78 loss_total=0.600222 loss_rec=0.450445 valid_auc=0.699118 valid_rmse=0.486823 q_change=18 q_delta=0.367382 q_grad=0.001562
epoch=79 loss_total=0.596807 loss_rec=0.446976 valid_auc=0.696440 valid_rmse=0.484983 q_change=18 q_delta=0.367973 q_grad=0.001532
epoch=80 loss_total=0.597052 loss_rec=0.447177 valid_auc=0.699900 valid_rmse=0.485815 q_change=18 q_delta=0.368449 q_grad=0.001516
epoch=81 loss_total=0.596878 loss_rec=0.446962 valid_auc=0.698493 valid_rmse=0.486622 q_change=18 q_delta=0.368898 q_grad=0.001548
epoch=82 loss_total=0.593419 loss_rec=0.443462 valid_auc=0.696897 valid_rmse=0.487063 q_change=19 q_delta=0.369384 q_grad=0.001528
epoch=83 loss_total=0.599352 loss_rec=0.449361 valid_auc=0.697913 valid_rmse=0.486358 q_change=19 q_delta=0.369905 q_grad=0.001521
epoch=84 loss_total=0.598536 loss_rec=0.448499 valid_auc=0.698192 valid_rmse=0.484686 q_change=19 q_delta=0.370403 q_grad=0.001506
epoch=85 loss_total=0.593452 loss_rec=0.443376 valid_auc=0.698772 valid_rmse=0.487428 q_change=19 q_delta=0.371083 q_grad=0.001547
epoch=86 loss_total=0.593862 loss_rec=0.443722 valid_auc=0.696540 valid_rmse=0.486524 q_change=19 q_delta=0.371739 q_grad=0.001583
epoch=87 loss_total=0.591351 loss_rec=0.441182 valid_auc=0.697076 valid_rmse=0.486161 q_change=19 q_delta=0.372170 q_grad=0.001542
epoch=88 loss_total=0.587409 loss_rec=0.437198 valid_auc=0.698984 valid_rmse=0.485547 q_change=18 q_delta=0.372604 q_grad=0.001561
epoch=89 loss_total=0.587282 loss_rec=0.437044 valid_auc=0.699330 valid_rmse=0.489857 q_change=18 q_delta=0.372918 q_grad=0.001516
epoch=90 loss_total=0.595553 loss_rec=0.445279 valid_auc=0.695078 valid_rmse=0.486238 q_change=18 q_delta=0.373495 q_grad=0.001523
epoch=91 loss_total=0.587530 loss_rec=0.437222 valid_auc=0.696384 valid_rmse=0.487414 q_change=18 q_delta=0.373762 q_grad=0.001511
epoch=92 loss_total=0.593776 loss_rec=0.443423 valid_auc=0.693516 valid_rmse=0.487126 q_change=18 q_delta=0.374125 q_grad=0.001536
epoch=93 loss_total=0.586666 loss_rec=0.436305 valid_auc=0.696730 valid_rmse=0.486525 q_change=19 q_delta=0.374384 q_grad=0.001519
epoch=94 loss_total=0.585511 loss_rec=0.435126 valid_auc=0.697444 valid_rmse=0.487253 q_change=19 q_delta=0.374691 q_grad=0.001484
epoch=95 loss_total=0.581692 loss_rec=0.431263 valid_auc=0.695714 valid_rmse=0.486688 q_change=19 q_delta=0.375115 q_grad=0.001566
epoch=96 loss_total=0.588263 loss_rec=0.437814 valid_auc=0.695011 valid_rmse=0.487016 q_change=19 q_delta=0.375434 q_grad=0.001517
epoch=97 loss_total=0.585420 loss_rec=0.434941 valid_auc=0.694431 valid_rmse=0.486703 q_change=19 q_delta=0.375897 q_grad=0.001541
epoch=98 loss_total=0.588671 loss_rec=0.438159 valid_auc=0.697467 valid_rmse=0.485443 q_change=19 q_delta=0.376254 q_grad=0.001511
epoch=99 loss_total=0.583723 loss_rec=0.433181 valid_auc=0.694576 valid_rmse=0.488279 q_change=19 q_delta=0.376490 q_grad=0.001532
epoch=100 loss_total=0.583011 loss_rec=0.432465 valid_auc=0.694252 valid_rmse=0.489345 q_change=19 q_delta=0.376847 q_grad=0.001559
Early stopping at epoch 100; best_epoch=80.
Saved run to C:\Users\YAN_SHU_YU\Desktop\Generative-CD\Q_GNCDM\results\weak_q_lambda_sweep\lq_0p7_ls_0p1_lb_0p4\seed_2026\noise_0.20\weak-q_lq_0p7_ls_0p1_lb_0p4
Final metrics: q_hat_f1=0.778947 response_auc=0.684273 mastery_pearson=0.569466
