run=weak-q_lq_0p6_ls_0p1_lb_0p6 mode=weak-q noise=0.20 train=4200 valid=600 test=1200
epoch=1 loss_total=0.916709 loss_rec=0.725521 valid_auc=0.593147 valid_rmse=0.499619 q_change=13 q_delta=0.064202 q_grad=0.000135
epoch=2 loss_total=0.887715 loss_rec=0.704649 valid_auc=0.611094 valid_rmse=0.498529 q_change=32 q_delta=0.110519 q_grad=0.000143
epoch=3 loss_total=0.873044 loss_rec=0.695848 valid_auc=0.639118 valid_rmse=0.495932 q_change=30 q_delta=0.145014 q_grad=0.000169
epoch=4 loss_total=0.854847 loss_rec=0.681840 valid_auc=0.664342 valid_rmse=0.490238 q_change=25 q_delta=0.170483 q_grad=0.000231
epoch=5 loss_total=0.833206 loss_rec=0.662393 valid_auc=0.670022 valid_rmse=0.480449 q_change=21 q_delta=0.186270 q_grad=0.000400
epoch=6 loss_total=0.804197 loss_rec=0.634461 valid_auc=0.677667 valid_rmse=0.475145 q_change=17 q_delta=0.198147 q_grad=0.000664
epoch=7 loss_total=0.785528 loss_rec=0.616896 valid_auc=0.685134 valid_rmse=0.473674 q_change=17 q_delta=0.209284 q_grad=0.000804
epoch=8 loss_total=0.777106 loss_rec=0.609668 valid_auc=0.685123 valid_rmse=0.474143 q_change=14 q_delta=0.220839 q_grad=0.000935
epoch=9 loss_total=0.767907 loss_rec=0.601638 valid_auc=0.688772 valid_rmse=0.472852 q_change=14 q_delta=0.231390 q_grad=0.000996
epoch=10 loss_total=0.768338 loss_rec=0.603366 valid_auc=0.688616 valid_rmse=0.474693 q_change=13 q_delta=0.242202 q_grad=0.001003
epoch=11 loss_total=0.763173 loss_rec=0.599246 valid_auc=0.688672 valid_rmse=0.473247 q_change=12 q_delta=0.251853 q_grad=0.001069
epoch=12 loss_total=0.750438 loss_rec=0.587529 valid_auc=0.688683 valid_rmse=0.474987 q_change=12 q_delta=0.260912 q_grad=0.001095
epoch=13 loss_total=0.744125 loss_rec=0.582280 valid_auc=0.688839 valid_rmse=0.474156 q_change=12 q_delta=0.270339 q_grad=0.001097
epoch=14 loss_total=0.740940 loss_rec=0.580082 valid_auc=0.689487 valid_rmse=0.475325 q_change=12 q_delta=0.278361 q_grad=0.001133
epoch=15 loss_total=0.732279 loss_rec=0.572274 valid_auc=0.691518 valid_rmse=0.475332 q_change=14 q_delta=0.285992 q_grad=0.001151
epoch=16 loss_total=0.730447 loss_rec=0.571274 valid_auc=0.692690 valid_rmse=0.475397 q_change=14 q_delta=0.293211 q_grad=0.001250
epoch=17 loss_total=0.721838 loss_rec=0.563472 valid_auc=0.690882 valid_rmse=0.476182 q_change=12 q_delta=0.300058 q_grad=0.001193
epoch=18 loss_total=0.712177 loss_rec=0.554532 valid_auc=0.692087 valid_rmse=0.476095 q_change=12 q_delta=0.306065 q_grad=0.001231
epoch=19 loss_total=0.707718 loss_rec=0.550783 valid_auc=0.694475 valid_rmse=0.476889 q_change=12 q_delta=0.311405 q_grad=0.001261
epoch=20 loss_total=0.700975 loss_rec=0.544668 valid_auc=0.694587 valid_rmse=0.476424 q_change=13 q_delta=0.316932 q_grad=0.001346
epoch=21 loss_total=0.691918 loss_rec=0.536235 valid_auc=0.697467 valid_rmse=0.477164 q_change=13 q_delta=0.321854 q_grad=0.001288
epoch=22 loss_total=0.686839 loss_rec=0.531740 valid_auc=0.697444 valid_rmse=0.477073 q_change=15 q_delta=0.326249 q_grad=0.001361
epoch=23 loss_total=0.680855 loss_rec=0.526263 valid_auc=0.692545 valid_rmse=0.479533 q_change=14 q_delta=0.330353 q_grad=0.001330
epoch=24 loss_total=0.670922 loss_rec=0.516857 valid_auc=0.694911 valid_rmse=0.480122 q_change=14 q_delta=0.334585 q_grad=0.001352
epoch=25 loss_total=0.667695 loss_rec=0.514100 valid_auc=0.697299 valid_rmse=0.480273 q_change=15 q_delta=0.338553 q_grad=0.001421
epoch=26 loss_total=0.663516 loss_rec=0.510346 valid_auc=0.694888 valid_rmse=0.480707 q_change=15 q_delta=0.342174 q_grad=0.001354
epoch=27 loss_total=0.658301 loss_rec=0.505511 valid_auc=0.693739 valid_rmse=0.483994 q_change=15 q_delta=0.345322 q_grad=0.001365
epoch=28 loss_total=0.659700 loss_rec=0.507289 valid_auc=0.693828 valid_rmse=0.482776 q_change=15 q_delta=0.348462 q_grad=0.001421
epoch=29 loss_total=0.653957 loss_rec=0.501920 valid_auc=0.695636 valid_rmse=0.482018 q_change=15 q_delta=0.351046 q_grad=0.001366
epoch=30 loss_total=0.649590 loss_rec=0.497871 valid_auc=0.696942 valid_rmse=0.483145 q_change=15 q_delta=0.353570 q_grad=0.001408
epoch=31 loss_total=0.643496 loss_rec=0.492066 valid_auc=0.697042 valid_rmse=0.482953 q_change=14 q_delta=0.355811 q_grad=0.001371
epoch=32 loss_total=0.643183 loss_rec=0.492062 valid_auc=0.700737 valid_rmse=0.482394 q_change=14 q_delta=0.358254 q_grad=0.001388
epoch=33 loss_total=0.638876 loss_rec=0.487999 valid_auc=0.696350 valid_rmse=0.482679 q_change=14 q_delta=0.360374 q_grad=0.001361
epoch=34 loss_total=0.640012 loss_rec=0.489409 valid_auc=0.696830 valid_rmse=0.481637 q_change=14 q_delta=0.362172 q_grad=0.001344
epoch=35 loss_total=0.640575 loss_rec=0.490221 valid_auc=0.700379 valid_rmse=0.479601 q_change=14 q_delta=0.364130 q_grad=0.001355
epoch=36 loss_total=0.633234 loss_rec=0.483087 valid_auc=0.697913 valid_rmse=0.481027 q_change=14 q_delta=0.365829 q_grad=0.001359
epoch=37 loss_total=0.630900 loss_rec=0.480952 valid_auc=0.697946 valid_rmse=0.482513 q_change=14 q_delta=0.367556 q_grad=0.001332
epoch=38 loss_total=0.623071 loss_rec=0.473351 valid_auc=0.698795 valid_rmse=0.482846 q_change=14 q_delta=0.369100 q_grad=0.001352
epoch=39 loss_total=0.624779 loss_rec=0.475251 valid_auc=0.699565 valid_rmse=0.481567 q_change=15 q_delta=0.370567 q_grad=0.001331
epoch=40 loss_total=0.623089 loss_rec=0.473739 valid_auc=0.698895 valid_rmse=0.482258 q_change=15 q_delta=0.371800 q_grad=0.001335
epoch=41 loss_total=0.618197 loss_rec=0.469041 valid_auc=0.698717 valid_rmse=0.484725 q_change=15 q_delta=0.373324 q_grad=0.001313
epoch=42 loss_total=0.621003 loss_rec=0.472006 valid_auc=0.698114 valid_rmse=0.482959 q_change=15 q_delta=0.374668 q_grad=0.001390
epoch=43 loss_total=0.616463 loss_rec=0.467643 valid_auc=0.699821 valid_rmse=0.483684 q_change=15 q_delta=0.375909 q_grad=0.001369
epoch=44 loss_total=0.610825 loss_rec=0.462167 valid_auc=0.699085 valid_rmse=0.482238 q_change=16 q_delta=0.377056 q_grad=0.001342
epoch=45 loss_total=0.610076 loss_rec=0.461575 valid_auc=0.698560 valid_rmse=0.485968 q_change=16 q_delta=0.377991 q_grad=0.001332
epoch=46 loss_total=0.608935 loss_rec=0.460572 valid_auc=0.701217 valid_rmse=0.482367 q_change=17 q_delta=0.379396 q_grad=0.001364
epoch=47 loss_total=0.606197 loss_rec=0.458000 valid_auc=0.699475 valid_rmse=0.484290 q_change=18 q_delta=0.380567 q_grad=0.001319
epoch=48 loss_total=0.608272 loss_rec=0.460198 valid_auc=0.700837 valid_rmse=0.482567 q_change=18 q_delta=0.381560 q_grad=0.001361
epoch=49 loss_total=0.601894 loss_rec=0.453947 valid_auc=0.699286 valid_rmse=0.482293 q_change=18 q_delta=0.382650 q_grad=0.001306
epoch=50 loss_total=0.599534 loss_rec=0.451708 valid_auc=0.699297 valid_rmse=0.486173 q_change=18 q_delta=0.383847 q_grad=0.001312
epoch=51 loss_total=0.600399 loss_rec=0.452714 valid_auc=0.700725 valid_rmse=0.484704 q_change=18 q_delta=0.384651 q_grad=0.001358
epoch=52 loss_total=0.599925 loss_rec=0.452354 valid_auc=0.698092 valid_rmse=0.484843 q_change=18 q_delta=0.385803 q_grad=0.001342
epoch=53 loss_total=0.602993 loss_rec=0.455534 valid_auc=0.698705 valid_rmse=0.483831 q_change=18 q_delta=0.386599 q_grad=0.001325
epoch=54 loss_total=0.598757 loss_rec=0.451415 valid_auc=0.696060 valid_rmse=0.485344 q_change=18 q_delta=0.387654 q_grad=0.001363
epoch=55 loss_total=0.593607 loss_rec=0.446369 valid_auc=0.701998 valid_rmse=0.481719 q_change=19 q_delta=0.388410 q_grad=0.001293
epoch=56 loss_total=0.590696 loss_rec=0.443560 valid_auc=0.699408 valid_rmse=0.484685 q_change=19 q_delta=0.389214 q_grad=0.001269
epoch=57 loss_total=0.593020 loss_rec=0.445975 valid_auc=0.697132 valid_rmse=0.485510 q_change=19 q_delta=0.390057 q_grad=0.001388
epoch=58 loss_total=0.587451 loss_rec=0.440506 valid_auc=0.698147 valid_rmse=0.485538 q_change=19 q_delta=0.390776 q_grad=0.001321
epoch=59 loss_total=0.585141 loss_rec=0.438282 valid_auc=0.699632 valid_rmse=0.483487 q_change=19 q_delta=0.391471 q_grad=0.001284
epoch=60 loss_total=0.590040 loss_rec=0.443277 valid_auc=0.698058 valid_rmse=0.485152 q_change=20 q_delta=0.392151 q_grad=0.001313
epoch=61 loss_total=0.587905 loss_rec=0.441210 valid_auc=0.696496 valid_rmse=0.484035 q_change=20 q_delta=0.392725 q_grad=0.001330
epoch=62 loss_total=0.583170 loss_rec=0.436571 valid_auc=0.700402 valid_rmse=0.484107 q_change=20 q_delta=0.393364 q_grad=0.001256
epoch=63 loss_total=0.584417 loss_rec=0.437894 valid_auc=0.698069 valid_rmse=0.485228 q_change=20 q_delta=0.393866 q_grad=0.001312
epoch=64 loss_total=0.586249 loss_rec=0.439793 valid_auc=0.700112 valid_rmse=0.485973 q_change=20 q_delta=0.394375 q_grad=0.001318
epoch=65 loss_total=0.583746 loss_rec=0.437374 valid_auc=0.696417 valid_rmse=0.485756 q_change=20 q_delta=0.395126 q_grad=0.001244
epoch=66 loss_total=0.581949 loss_rec=0.435650 valid_auc=0.696317 valid_rmse=0.486416 q_change=20 q_delta=0.395549 q_grad=0.001316
epoch=67 loss_total=0.583600 loss_rec=0.437373 valid_auc=0.698571 valid_rmse=0.485759 q_change=20 q_delta=0.395966 q_grad=0.001303
epoch=68 loss_total=0.578882 loss_rec=0.432716 valid_auc=0.699621 valid_rmse=0.485709 q_change=20 q_delta=0.396317 q_grad=0.001284
epoch=69 loss_total=0.578965 loss_rec=0.432854 valid_auc=0.698304 valid_rmse=0.490972 q_change=20 q_delta=0.396748 q_grad=0.001281
epoch=70 loss_total=0.574181 loss_rec=0.428129 valid_auc=0.697589 valid_rmse=0.485263 q_change=20 q_delta=0.397215 q_grad=0.001296
epoch=71 loss_total=0.574607 loss_rec=0.428643 valid_auc=0.699442 valid_rmse=0.484934 q_change=20 q_delta=0.397545 q_grad=0.001253
epoch=72 loss_total=0.576612 loss_rec=0.430703 valid_auc=0.698460 valid_rmse=0.486330 q_change=20 q_delta=0.397975 q_grad=0.001309
epoch=73 loss_total=0.570132 loss_rec=0.424299 valid_auc=0.697433 valid_rmse=0.487549 q_change=20 q_delta=0.398467 q_grad=0.001318
epoch=74 loss_total=0.577106 loss_rec=0.431333 valid_auc=0.696373 valid_rmse=0.487253 q_change=20 q_delta=0.398748 q_grad=0.001266
epoch=75 loss_total=0.573768 loss_rec=0.428061 valid_auc=0.695022 valid_rmse=0.491512 q_change=20 q_delta=0.399027 q_grad=0.001294
Early stopping at epoch 75; best_epoch=55.
Saved run to C:\Users\YAN_SHU_YU\Desktop\Generative-CD\Q_GNCDM\results\weak_q_lambda_sweep\lq_0p6_ls_0p1_lb_0p6\seed_2026\noise_0.20\weak-q_lq_0p6_ls_0p1_lb_0p6
Final metrics: q_hat_f1=0.765957 response_auc=0.683561 mastery_pearson=0.578084
