run=weak-q_lq_0p2_ls_0p4_lb_0p8 mode=weak-q noise=0.20 train=4200 valid=600 test=1200
epoch=1 loss_total=1.094296 loss_rec=0.725670 valid_auc=0.587751 valid_rmse=0.499758 q_change=57 q_delta=0.080882 q_grad=0.000486
epoch=2 loss_total=1.032129 loss_rec=0.706100 valid_auc=0.594732 valid_rmse=0.499372 q_change=57 q_delta=0.158116 q_grad=0.000525
epoch=3 loss_total=0.981321 loss_rec=0.700573 valid_auc=0.608069 valid_rmse=0.498761 q_change=57 q_delta=0.225415 q_grad=0.000532
epoch=4 loss_total=0.932983 loss_rec=0.695080 valid_auc=0.625458 valid_rmse=0.498452 q_change=57 q_delta=0.279592 q_grad=0.000503
epoch=5 loss_total=0.897612 loss_rec=0.696033 valid_auc=0.645190 valid_rmse=0.497254 q_change=57 q_delta=0.320544 q_grad=0.000452
epoch=6 loss_total=0.865880 loss_rec=0.693281 valid_auc=0.659275 valid_rmse=0.497391 q_change=57 q_delta=0.350703 q_grad=0.000395
epoch=7 loss_total=0.839625 loss_rec=0.689394 valid_auc=0.660815 valid_rmse=0.497277 q_change=57 q_delta=0.372955 q_grad=0.000344
epoch=8 loss_total=0.821597 loss_rec=0.688346 valid_auc=0.653555 valid_rmse=0.496795 q_change=57 q_delta=0.389223 q_grad=0.000302
epoch=9 loss_total=0.807411 loss_rec=0.686876 valid_auc=0.654821 valid_rmse=0.494329 q_change=57 q_delta=0.401333 q_grad=0.000284
epoch=10 loss_total=0.797502 loss_rec=0.686599 valid_auc=0.657812 valid_rmse=0.493263 q_change=57 q_delta=0.409905 q_grad=0.000276
epoch=11 loss_total=0.785547 loss_rec=0.681373 valid_auc=0.658298 valid_rmse=0.489564 q_change=57 q_delta=0.416035 q_grad=0.000304
epoch=12 loss_total=0.768012 loss_rec=0.668891 valid_auc=0.659766 valid_rmse=0.487684 q_change=57 q_delta=0.420481 q_grad=0.000376
epoch=13 loss_total=0.758622 loss_rec=0.663665 valid_auc=0.660781 valid_rmse=0.483181 q_change=57 q_delta=0.424532 q_grad=0.000435
epoch=14 loss_total=0.751548 loss_rec=0.660091 valid_auc=0.660039 valid_rmse=0.484515 q_change=57 q_delta=0.427833 q_grad=0.000508
epoch=15 loss_total=0.747205 loss_rec=0.658871 valid_auc=0.658906 valid_rmse=0.482261 q_change=57 q_delta=0.430984 q_grad=0.000549
epoch=16 loss_total=0.743777 loss_rec=0.658023 valid_auc=0.659196 valid_rmse=0.481919 q_change=57 q_delta=0.433432 q_grad=0.000615
epoch=17 loss_total=0.741865 loss_rec=0.658460 valid_auc=0.660301 valid_rmse=0.482638 q_change=57 q_delta=0.435636 q_grad=0.000596
epoch=18 loss_total=0.734986 loss_rec=0.653611 valid_auc=0.660781 valid_rmse=0.482464 q_change=57 q_delta=0.437632 q_grad=0.000605
epoch=19 loss_total=0.731441 loss_rec=0.651823 valid_auc=0.660268 valid_rmse=0.482068 q_change=57 q_delta=0.439317 q_grad=0.000634
epoch=20 loss_total=0.730604 loss_rec=0.652487 valid_auc=0.662868 valid_rmse=0.480742 q_change=57 q_delta=0.440937 q_grad=0.000687
epoch=21 loss_total=0.726777 loss_rec=0.650130 valid_auc=0.661853 valid_rmse=0.481444 q_change=57 q_delta=0.442184 q_grad=0.000647
epoch=22 loss_total=0.726583 loss_rec=0.651135 valid_auc=0.660781 valid_rmse=0.480664 q_change=57 q_delta=0.443426 q_grad=0.000689
epoch=23 loss_total=0.722863 loss_rec=0.648559 valid_auc=0.660056 valid_rmse=0.480752 q_change=57 q_delta=0.444595 q_grad=0.000689
epoch=24 loss_total=0.719125 loss_rec=0.645899 valid_auc=0.661641 valid_rmse=0.481468 q_change=57 q_delta=0.445560 q_grad=0.000704
epoch=25 loss_total=0.721005 loss_rec=0.648651 valid_auc=0.660804 valid_rmse=0.480636 q_change=57 q_delta=0.446429 q_grad=0.000751
epoch=26 loss_total=0.719052 loss_rec=0.647547 valid_auc=0.659888 valid_rmse=0.480869 q_change=57 q_delta=0.447252 q_grad=0.000759
epoch=27 loss_total=0.717582 loss_rec=0.646803 valid_auc=0.661462 valid_rmse=0.480489 q_change=57 q_delta=0.448005 q_grad=0.000750
epoch=28 loss_total=0.717795 loss_rec=0.647723 valid_auc=0.663382 valid_rmse=0.480507 q_change=57 q_delta=0.448683 q_grad=0.000771
epoch=29 loss_total=0.715991 loss_rec=0.646573 valid_auc=0.663482 valid_rmse=0.480128 q_change=57 q_delta=0.449336 q_grad=0.000800
epoch=30 loss_total=0.716761 loss_rec=0.647927 valid_auc=0.663917 valid_rmse=0.480985 q_change=57 q_delta=0.449832 q_grad=0.000798
epoch=31 loss_total=0.713509 loss_rec=0.645174 valid_auc=0.662254 valid_rmse=0.480015 q_change=57 q_delta=0.450457 q_grad=0.000807
epoch=32 loss_total=0.715390 loss_rec=0.647576 valid_auc=0.663783 valid_rmse=0.480088 q_change=57 q_delta=0.450887 q_grad=0.000836
epoch=33 loss_total=0.714156 loss_rec=0.646729 valid_auc=0.662612 valid_rmse=0.479305 q_change=57 q_delta=0.451444 q_grad=0.000830
epoch=34 loss_total=0.713601 loss_rec=0.646650 valid_auc=0.662589 valid_rmse=0.479525 q_change=57 q_delta=0.451790 q_grad=0.000847
epoch=35 loss_total=0.715310 loss_rec=0.648739 valid_auc=0.664408 valid_rmse=0.479332 q_change=57 q_delta=0.452161 q_grad=0.000837
epoch=36 loss_total=0.711905 loss_rec=0.645681 valid_auc=0.664096 valid_rmse=0.480502 q_change=57 q_delta=0.452453 q_grad=0.000873
epoch=37 loss_total=0.708853 loss_rec=0.642974 valid_auc=0.666261 valid_rmse=0.479436 q_change=57 q_delta=0.452807 q_grad=0.000890
epoch=38 loss_total=0.707453 loss_rec=0.641864 valid_auc=0.664844 valid_rmse=0.480262 q_change=57 q_delta=0.453099 q_grad=0.000954
epoch=39 loss_total=0.710494 loss_rec=0.645224 valid_auc=0.665558 valid_rmse=0.478660 q_change=57 q_delta=0.453516 q_grad=0.000936
epoch=40 loss_total=0.707856 loss_rec=0.642906 valid_auc=0.666094 valid_rmse=0.479185 q_change=57 q_delta=0.453756 q_grad=0.000972
epoch=41 loss_total=0.704459 loss_rec=0.639780 valid_auc=0.666775 valid_rmse=0.478626 q_change=57 q_delta=0.454026 q_grad=0.000975
epoch=42 loss_total=0.708850 loss_rec=0.644407 valid_auc=0.664498 valid_rmse=0.479303 q_change=57 q_delta=0.454272 q_grad=0.001020
epoch=43 loss_total=0.705766 loss_rec=0.641538 valid_auc=0.664464 valid_rmse=0.478824 q_change=57 q_delta=0.454501 q_grad=0.000999
epoch=44 loss_total=0.706478 loss_rec=0.642468 valid_auc=0.664554 valid_rmse=0.479103 q_change=57 q_delta=0.454720 q_grad=0.001050
epoch=45 loss_total=0.703984 loss_rec=0.640189 valid_auc=0.665714 valid_rmse=0.479652 q_change=57 q_delta=0.454873 q_grad=0.001074
epoch=46 loss_total=0.706645 loss_rec=0.643003 valid_auc=0.666563 valid_rmse=0.477970 q_change=57 q_delta=0.455103 q_grad=0.001083
epoch=47 loss_total=0.704134 loss_rec=0.640687 valid_auc=0.666808 valid_rmse=0.478290 q_change=57 q_delta=0.455241 q_grad=0.001116
epoch=48 loss_total=0.705980 loss_rec=0.642694 valid_auc=0.668114 valid_rmse=0.477526 q_change=57 q_delta=0.455432 q_grad=0.001129
epoch=49 loss_total=0.704350 loss_rec=0.641178 valid_auc=0.668795 valid_rmse=0.477659 q_change=57 q_delta=0.455567 q_grad=0.001168
epoch=50 loss_total=0.701247 loss_rec=0.638244 valid_auc=0.667612 valid_rmse=0.477656 q_change=57 q_delta=0.455692 q_grad=0.001121
epoch=51 loss_total=0.701749 loss_rec=0.638832 valid_auc=0.665993 valid_rmse=0.478852 q_change=57 q_delta=0.455746 q_grad=0.001255
epoch=52 loss_total=0.702995 loss_rec=0.640182 valid_auc=0.667489 valid_rmse=0.477817 q_change=57 q_delta=0.455901 q_grad=0.001290
epoch=53 loss_total=0.703870 loss_rec=0.641190 valid_auc=0.668471 valid_rmse=0.477668 q_change=57 q_delta=0.456021 q_grad=0.001288
epoch=54 loss_total=0.697194 loss_rec=0.634581 valid_auc=0.669342 valid_rmse=0.478407 q_change=57 q_delta=0.456046 q_grad=0.001316
epoch=55 loss_total=0.697747 loss_rec=0.635187 valid_auc=0.670647 valid_rmse=0.477128 q_change=57 q_delta=0.456145 q_grad=0.001351
epoch=56 loss_total=0.698913 loss_rec=0.636429 valid_auc=0.670904 valid_rmse=0.476791 q_change=57 q_delta=0.456232 q_grad=0.001446
epoch=57 loss_total=0.698634 loss_rec=0.636228 valid_auc=0.671228 valid_rmse=0.478928 q_change=57 q_delta=0.456234 q_grad=0.001481
epoch=58 loss_total=0.695452 loss_rec=0.633079 valid_auc=0.671183 valid_rmse=0.478222 q_change=57 q_delta=0.456301 q_grad=0.001477
epoch=59 loss_total=0.696018 loss_rec=0.633715 valid_auc=0.672020 valid_rmse=0.476841 q_change=57 q_delta=0.456381 q_grad=0.001546
epoch=60 loss_total=0.695885 loss_rec=0.633629 valid_auc=0.674754 valid_rmse=0.476480 q_change=57 q_delta=0.456398 q_grad=0.001592
epoch=61 loss_total=0.696048 loss_rec=0.633786 valid_auc=0.673828 valid_rmse=0.476754 q_change=57 q_delta=0.456434 q_grad=0.001643
epoch=62 loss_total=0.695029 loss_rec=0.632820 valid_auc=0.675033 valid_rmse=0.476027 q_change=57 q_delta=0.456485 q_grad=0.001623
epoch=63 loss_total=0.696572 loss_rec=0.634390 valid_auc=0.674431 valid_rmse=0.476604 q_change=57 q_delta=0.456476 q_grad=0.001650
epoch=64 loss_total=0.698265 loss_rec=0.636100 valid_auc=0.675368 valid_rmse=0.477038 q_change=57 q_delta=0.456464 q_grad=0.001735
epoch=65 loss_total=0.692649 loss_rec=0.630494 valid_auc=0.675179 valid_rmse=0.475939 q_change=57 q_delta=0.456574 q_grad=0.001675
epoch=66 loss_total=0.694465 loss_rec=0.632337 valid_auc=0.676395 valid_rmse=0.475723 q_change=57 q_delta=0.456554 q_grad=0.001779
epoch=67 loss_total=0.696110 loss_rec=0.634003 valid_auc=0.675078 valid_rmse=0.476745 q_change=57 q_delta=0.456555 q_grad=0.001770
epoch=68 loss_total=0.692520 loss_rec=0.630432 valid_auc=0.675904 valid_rmse=0.477028 q_change=57 q_delta=0.456551 q_grad=0.001805
epoch=69 loss_total=0.689958 loss_rec=0.627881 valid_auc=0.678694 valid_rmse=0.481712 q_change=57 q_delta=0.456469 q_grad=0.001879
epoch=70 loss_total=0.691254 loss_rec=0.629152 valid_auc=0.675792 valid_rmse=0.475939 q_change=57 q_delta=0.456588 q_grad=0.001898
epoch=71 loss_total=0.691258 loss_rec=0.629174 valid_auc=0.677467 valid_rmse=0.475680 q_change=57 q_delta=0.456568 q_grad=0.001930
epoch=72 loss_total=0.692608 loss_rec=0.630502 valid_auc=0.675915 valid_rmse=0.476340 q_change=57 q_delta=0.456545 q_grad=0.001990
epoch=73 loss_total=0.688989 loss_rec=0.626898 valid_auc=0.674068 valid_rmse=0.476774 q_change=57 q_delta=0.456553 q_grad=0.002020
epoch=74 loss_total=0.692027 loss_rec=0.629919 valid_auc=0.675435 valid_rmse=0.476907 q_change=57 q_delta=0.456513 q_grad=0.002005
epoch=75 loss_total=0.691230 loss_rec=0.629116 valid_auc=0.674230 valid_rmse=0.480785 q_change=57 q_delta=0.456453 q_grad=0.002035
epoch=76 loss_total=0.692143 loss_rec=0.629984 valid_auc=0.674152 valid_rmse=0.476561 q_change=57 q_delta=0.456525 q_grad=0.002024
epoch=77 loss_total=0.685842 loss_rec=0.623717 valid_auc=0.673672 valid_rmse=0.479268 q_change=57 q_delta=0.456457 q_grad=0.002023
epoch=78 loss_total=0.688941 loss_rec=0.626799 valid_auc=0.674386 valid_rmse=0.477488 q_change=57 q_delta=0.456458 q_grad=0.002187
epoch=79 loss_total=0.687095 loss_rec=0.624924 valid_auc=0.674989 valid_rmse=0.476942 q_change=57 q_delta=0.456461 q_grad=0.002232
epoch=80 loss_total=0.687833 loss_rec=0.625669 valid_auc=0.675703 valid_rmse=0.476448 q_change=57 q_delta=0.456474 q_grad=0.002167
epoch=81 loss_total=0.685176 loss_rec=0.622983 valid_auc=0.675993 valid_rmse=0.476967 q_change=57 q_delta=0.456412 q_grad=0.002228
epoch=82 loss_total=0.686053 loss_rec=0.623849 valid_auc=0.675078 valid_rmse=0.477676 q_change=57 q_delta=0.456405 q_grad=0.002272
epoch=83 loss_total=0.684559 loss_rec=0.622353 valid_auc=0.675882 valid_rmse=0.479923 q_change=57 q_delta=0.456359 q_grad=0.002249
epoch=84 loss_total=0.686065 loss_rec=0.623863 valid_auc=0.676518 valid_rmse=0.476662 q_change=57 q_delta=0.456422 q_grad=0.002285
epoch=85 loss_total=0.684597 loss_rec=0.622401 valid_auc=0.677176 valid_rmse=0.478910 q_change=57 q_delta=0.456382 q_grad=0.002350
epoch=86 loss_total=0.689045 loss_rec=0.626871 valid_auc=0.676529 valid_rmse=0.477267 q_change=57 q_delta=0.456423 q_grad=0.002350
epoch=87 loss_total=0.684251 loss_rec=0.622072 valid_auc=0.676138 valid_rmse=0.476751 q_change=57 q_delta=0.456416 q_grad=0.002283
epoch=88 loss_total=0.679722 loss_rec=0.617533 valid_auc=0.675123 valid_rmse=0.477642 q_change=57 q_delta=0.456423 q_grad=0.002333
epoch=89 loss_total=0.680532 loss_rec=0.618369 valid_auc=0.676484 valid_rmse=0.482089 q_change=57 q_delta=0.456377 q_grad=0.002344
Early stopping at epoch 89; best_epoch=69.
Saved run to C:\Users\YAN_SHU_YU\Desktop\Generative-CD\Q_GNCDM\results\weak_q_lambda_sweep\lq_0p2_ls_0p4_lb_0p8\seed_2026\noise_0.20\weak-q_lq_0p2_ls_0p4_lb_0p8
Final metrics: q_hat_f1=0.000000 response_auc=0.691269 mastery_pearson=0.256661
