run=weak-q_lq_0p9_ls_0p7_lb_0p7 mode=weak-q noise=0.20 train=4200 valid=600 test=1200
epoch=1 loss_total=1.201976 loss_rec=0.725662 valid_auc=0.587584 valid_rmse=0.499756 q_change=57 q_delta=0.078728 q_grad=0.000721
epoch=2 loss_total=1.129920 loss_rec=0.705935 valid_auc=0.593862 valid_rmse=0.499326 q_change=57 q_delta=0.147575 q_grad=0.000630
epoch=3 loss_total=1.081496 loss_rec=0.700042 valid_auc=0.605859 valid_rmse=0.498572 q_change=57 q_delta=0.204600 q_grad=0.000544
epoch=4 loss_total=1.041793 loss_rec=0.693856 valid_auc=0.623125 valid_rmse=0.497919 q_change=57 q_delta=0.250432 q_grad=0.000465
epoch=5 loss_total=1.016099 loss_rec=0.693701 valid_auc=0.643683 valid_rmse=0.496075 q_change=57 q_delta=0.286018 q_grad=0.000400
epoch=6 loss_total=0.991891 loss_rec=0.688711 valid_auc=0.658527 valid_rmse=0.494866 q_change=57 q_delta=0.312924 q_grad=0.000358
epoch=7 loss_total=0.968915 loss_rec=0.679869 valid_auc=0.659163 valid_rmse=0.491932 q_change=57 q_delta=0.332624 q_grad=0.000351
epoch=8 loss_total=0.949331 loss_rec=0.670012 valid_auc=0.655748 valid_rmse=0.486920 q_change=57 q_delta=0.345660 q_grad=0.000419
epoch=9 loss_total=0.930989 loss_rec=0.658214 valid_auc=0.663013 valid_rmse=0.480533 q_change=57 q_delta=0.355436 q_grad=0.000562
epoch=10 loss_total=0.924269 loss_rec=0.656884 valid_auc=0.663973 valid_rmse=0.480210 q_change=57 q_delta=0.363354 q_grad=0.000669
epoch=11 loss_total=0.916618 loss_rec=0.653326 valid_auc=0.666875 valid_rmse=0.478908 q_change=57 q_delta=0.370097 q_grad=0.000786
epoch=12 loss_total=0.903778 loss_rec=0.644118 valid_auc=0.670848 valid_rmse=0.479422 q_change=57 q_delta=0.375351 q_grad=0.000864
epoch=13 loss_total=0.898347 loss_rec=0.641656 valid_auc=0.672489 valid_rmse=0.476344 q_change=57 q_delta=0.379919 q_grad=0.000903
epoch=14 loss_total=0.895137 loss_rec=0.640669 valid_auc=0.673259 valid_rmse=0.477561 q_change=57 q_delta=0.383058 q_grad=0.001019
epoch=15 loss_total=0.890877 loss_rec=0.638264 valid_auc=0.674353 valid_rmse=0.475650 q_change=57 q_delta=0.386152 q_grad=0.001105
epoch=16 loss_total=0.890079 loss_rec=0.638964 valid_auc=0.678315 valid_rmse=0.475327 q_change=57 q_delta=0.388257 q_grad=0.001238
epoch=17 loss_total=0.886835 loss_rec=0.637040 valid_auc=0.679386 valid_rmse=0.475399 q_change=57 q_delta=0.390083 q_grad=0.001227
epoch=18 loss_total=0.879649 loss_rec=0.630835 valid_auc=0.681272 valid_rmse=0.474263 q_change=57 q_delta=0.391653 q_grad=0.001297
epoch=19 loss_total=0.877313 loss_rec=0.629471 valid_auc=0.681964 valid_rmse=0.474827 q_change=57 q_delta=0.392957 q_grad=0.001414
epoch=20 loss_total=0.875080 loss_rec=0.627890 valid_auc=0.685279 valid_rmse=0.472766 q_change=57 q_delta=0.394011 q_grad=0.001532
epoch=21 loss_total=0.870479 loss_rec=0.623869 valid_auc=0.685647 valid_rmse=0.474458 q_change=57 q_delta=0.394443 q_grad=0.001492
epoch=22 loss_total=0.868148 loss_rec=0.621858 valid_auc=0.687600 valid_rmse=0.472783 q_change=56 q_delta=0.394728 q_grad=0.001649
epoch=23 loss_total=0.864450 loss_rec=0.618414 valid_auc=0.685569 valid_rmse=0.472501 q_change=56 q_delta=0.395624 q_grad=0.001665
epoch=24 loss_total=0.859093 loss_rec=0.613280 valid_auc=0.686038 valid_rmse=0.472867 q_change=56 q_delta=0.396443 q_grad=0.001714
epoch=25 loss_total=0.860523 loss_rec=0.614920 valid_auc=0.686507 valid_rmse=0.472807 q_change=56 q_delta=0.396982 q_grad=0.001875
epoch=26 loss_total=0.857346 loss_rec=0.611871 valid_auc=0.688158 valid_rmse=0.473872 q_change=56 q_delta=0.397533 q_grad=0.001866
epoch=27 loss_total=0.853263 loss_rec=0.607856 valid_auc=0.689397 valid_rmse=0.474713 q_change=56 q_delta=0.397833 q_grad=0.001858
epoch=28 loss_total=0.855422 loss_rec=0.610242 valid_auc=0.687634 valid_rmse=0.473533 q_change=54 q_delta=0.398542 q_grad=0.001935
epoch=29 loss_total=0.848983 loss_rec=0.603983 valid_auc=0.690982 valid_rmse=0.472847 q_change=54 q_delta=0.399088 q_grad=0.001977
epoch=30 loss_total=0.848372 loss_rec=0.603441 valid_auc=0.691719 valid_rmse=0.473148 q_change=54 q_delta=0.399838 q_grad=0.001939
epoch=31 loss_total=0.844245 loss_rec=0.599323 valid_auc=0.691920 valid_rmse=0.473152 q_change=54 q_delta=0.400603 q_grad=0.001975
epoch=32 loss_total=0.845509 loss_rec=0.600722 valid_auc=0.693616 valid_rmse=0.473231 q_change=53 q_delta=0.401341 q_grad=0.002021
epoch=33 loss_total=0.842986 loss_rec=0.598273 valid_auc=0.691920 valid_rmse=0.471262 q_change=53 q_delta=0.402159 q_grad=0.001998
epoch=34 loss_total=0.841978 loss_rec=0.597378 valid_auc=0.690368 valid_rmse=0.471620 q_change=53 q_delta=0.402860 q_grad=0.002002
epoch=35 loss_total=0.841204 loss_rec=0.596731 valid_auc=0.694252 valid_rmse=0.470545 q_change=52 q_delta=0.403684 q_grad=0.001976
epoch=36 loss_total=0.835815 loss_rec=0.591287 valid_auc=0.695569 valid_rmse=0.471488 q_change=52 q_delta=0.404154 q_grad=0.002046
epoch=37 loss_total=0.830558 loss_rec=0.586040 valid_auc=0.694710 valid_rmse=0.472156 q_change=52 q_delta=0.404983 q_grad=0.002046
epoch=38 loss_total=0.828598 loss_rec=0.584213 valid_auc=0.695469 valid_rmse=0.473650 q_change=52 q_delta=0.405743 q_grad=0.002162
epoch=39 loss_total=0.829815 loss_rec=0.585496 valid_auc=0.695145 valid_rmse=0.470902 q_change=52 q_delta=0.406698 q_grad=0.002095
epoch=40 loss_total=0.824852 loss_rec=0.580644 valid_auc=0.694844 valid_rmse=0.471562 q_change=51 q_delta=0.407273 q_grad=0.002149
epoch=41 loss_total=0.820043 loss_rec=0.575961 valid_auc=0.696373 valid_rmse=0.472721 q_change=51 q_delta=0.407928 q_grad=0.002157
epoch=42 loss_total=0.822309 loss_rec=0.578286 valid_auc=0.692422 valid_rmse=0.472439 q_change=51 q_delta=0.408995 q_grad=0.002266
epoch=43 loss_total=0.816845 loss_rec=0.572829 valid_auc=0.692980 valid_rmse=0.472970 q_change=51 q_delta=0.409625 q_grad=0.002231
epoch=44 loss_total=0.816380 loss_rec=0.572468 valid_auc=0.691016 valid_rmse=0.474167 q_change=51 q_delta=0.410525 q_grad=0.002304
epoch=45 loss_total=0.811266 loss_rec=0.567479 valid_auc=0.692232 valid_rmse=0.478102 q_change=51 q_delta=0.411025 q_grad=0.002363
epoch=46 loss_total=0.811164 loss_rec=0.567402 valid_auc=0.694308 valid_rmse=0.471966 q_change=51 q_delta=0.411934 q_grad=0.002339
epoch=47 loss_total=0.807208 loss_rec=0.563539 valid_auc=0.693103 valid_rmse=0.474516 q_change=51 q_delta=0.412418 q_grad=0.002352
epoch=48 loss_total=0.804145 loss_rec=0.560555 valid_auc=0.693270 valid_rmse=0.473288 q_change=51 q_delta=0.412987 q_grad=0.002455
epoch=49 loss_total=0.800695 loss_rec=0.557183 valid_auc=0.694096 valid_rmse=0.472884 q_change=51 q_delta=0.413389 q_grad=0.002489
epoch=50 loss_total=0.795522 loss_rec=0.552053 valid_auc=0.691618 valid_rmse=0.474793 q_change=51 q_delta=0.413829 q_grad=0.002459
epoch=51 loss_total=0.794307 loss_rec=0.550960 valid_auc=0.693984 valid_rmse=0.476645 q_change=51 q_delta=0.414096 q_grad=0.002581
epoch=52 loss_total=0.795494 loss_rec=0.552267 valid_auc=0.692098 valid_rmse=0.474453 q_change=50 q_delta=0.414615 q_grad=0.002625
epoch=53 loss_total=0.795399 loss_rec=0.552195 valid_auc=0.694129 valid_rmse=0.473487 q_change=50 q_delta=0.414904 q_grad=0.002665
epoch=54 loss_total=0.786986 loss_rec=0.543851 valid_auc=0.690022 valid_rmse=0.476189 q_change=50 q_delta=0.415077 q_grad=0.002667
epoch=55 loss_total=0.783760 loss_rec=0.540707 valid_auc=0.696205 valid_rmse=0.472971 q_change=50 q_delta=0.415368 q_grad=0.002684
epoch=56 loss_total=0.783960 loss_rec=0.540939 valid_auc=0.690993 valid_rmse=0.475299 q_change=50 q_delta=0.415696 q_grad=0.002777
epoch=57 loss_total=0.781074 loss_rec=0.538076 valid_auc=0.691730 valid_rmse=0.477126 q_change=50 q_delta=0.416059 q_grad=0.002888
epoch=58 loss_total=0.774603 loss_rec=0.531675 valid_auc=0.691094 valid_rmse=0.480145 q_change=50 q_delta=0.416328 q_grad=0.002839
epoch=59 loss_total=0.775512 loss_rec=0.532704 valid_auc=0.692757 valid_rmse=0.475005 q_change=50 q_delta=0.416710 q_grad=0.002854
epoch=60 loss_total=0.773791 loss_rec=0.531049 valid_auc=0.692600 valid_rmse=0.475849 q_change=50 q_delta=0.416869 q_grad=0.002867
epoch=61 loss_total=0.770518 loss_rec=0.527754 valid_auc=0.689866 valid_rmse=0.476216 q_change=50 q_delta=0.417085 q_grad=0.003029
Early stopping at epoch 61; best_epoch=41.
Saved run to C:\Users\YAN_SHU_YU\Desktop\Generative-CD\Q_GNCDM\results\weak_q_lambda_sweep\lq_0p9_ls_0p7_lb_0p7\seed_2026\noise_0.20\weak-q_lq_0p9_ls_0p7_lb_0p7
Final metrics: q_hat_f1=0.193548 response_auc=0.688036 mastery_pearson=0.377371
