run=weak-q_lq_0p9_ls_0p8_lb_0p5 mode=weak-q noise=0.20 train=4200 valid=600 test=1200
epoch=1 loss_total=1.196791 loss_rec=0.725661 valid_auc=0.587533 valid_rmse=0.499756 q_change=57 q_delta=0.078427 q_grad=0.000796
epoch=2 loss_total=1.120838 loss_rec=0.705914 valid_auc=0.593482 valid_rmse=0.499322 q_change=57 q_delta=0.146040 q_grad=0.000674
epoch=3 loss_total=1.071283 loss_rec=0.699972 valid_auc=0.604922 valid_rmse=0.498552 q_change=57 q_delta=0.201366 q_grad=0.000565
epoch=4 loss_total=1.031956 loss_rec=0.693678 valid_auc=0.621786 valid_rmse=0.497849 q_change=57 q_delta=0.245526 q_grad=0.000472
epoch=5 loss_total=1.007179 loss_rec=0.693309 valid_auc=0.642600 valid_rmse=0.495885 q_change=57 q_delta=0.279740 q_grad=0.000400
epoch=6 loss_total=0.983742 loss_rec=0.687801 valid_auc=0.657723 valid_rmse=0.494370 q_change=57 q_delta=0.305551 q_grad=0.000358
epoch=7 loss_total=0.960781 loss_rec=0.677712 valid_auc=0.659063 valid_rmse=0.490787 q_change=57 q_delta=0.324256 q_grad=0.000360
epoch=8 loss_total=0.940652 loss_rec=0.666155 valid_auc=0.656596 valid_rmse=0.485442 q_change=57 q_delta=0.336474 q_grad=0.000454
epoch=9 loss_total=0.923008 loss_rec=0.654272 valid_auc=0.664967 valid_rmse=0.479383 q_change=57 q_delta=0.345996 q_grad=0.000614
epoch=10 loss_total=0.917503 loss_rec=0.653642 valid_auc=0.666786 valid_rmse=0.479072 q_change=57 q_delta=0.353676 q_grad=0.000722
epoch=11 loss_total=0.910308 loss_rec=0.650059 valid_auc=0.670100 valid_rmse=0.477694 q_change=57 q_delta=0.360164 q_grad=0.000849
epoch=12 loss_total=0.897515 loss_rec=0.640426 valid_auc=0.673884 valid_rmse=0.478210 q_change=57 q_delta=0.365061 q_grad=0.000939
epoch=13 loss_total=0.892160 loss_rec=0.637614 valid_auc=0.676138 valid_rmse=0.475135 q_change=57 q_delta=0.369354 q_grad=0.000988
epoch=14 loss_total=0.889357 loss_rec=0.636677 valid_auc=0.677567 valid_rmse=0.476385 q_change=57 q_delta=0.372173 q_grad=0.001117
epoch=15 loss_total=0.884805 loss_rec=0.633654 valid_auc=0.678404 valid_rmse=0.474433 q_change=57 q_delta=0.374977 q_grad=0.001218
epoch=16 loss_total=0.884357 loss_rec=0.634416 valid_auc=0.681451 valid_rmse=0.474189 q_change=57 q_delta=0.376818 q_grad=0.001358
epoch=17 loss_total=0.880822 loss_rec=0.631956 valid_auc=0.681395 valid_rmse=0.474297 q_change=57 q_delta=0.378436 q_grad=0.001341
epoch=18 loss_total=0.873703 loss_rec=0.625593 valid_auc=0.683471 valid_rmse=0.473278 q_change=57 q_delta=0.379836 q_grad=0.001412
epoch=19 loss_total=0.871645 loss_rec=0.624342 valid_auc=0.683917 valid_rmse=0.474355 q_change=57 q_delta=0.381059 q_grad=0.001536
epoch=20 loss_total=0.869193 loss_rec=0.622374 valid_auc=0.686295 valid_rmse=0.472233 q_change=57 q_delta=0.382059 q_grad=0.001644
epoch=21 loss_total=0.864424 loss_rec=0.618058 valid_auc=0.687199 valid_rmse=0.474226 q_change=56 q_delta=0.382518 q_grad=0.001589
epoch=22 loss_total=0.862079 loss_rec=0.615970 valid_auc=0.689174 valid_rmse=0.472746 q_change=56 q_delta=0.383175 q_grad=0.001746
epoch=23 loss_total=0.858821 loss_rec=0.612941 valid_auc=0.686150 valid_rmse=0.472596 q_change=56 q_delta=0.384462 q_grad=0.001741
epoch=24 loss_total=0.853611 loss_rec=0.607950 valid_auc=0.685201 valid_rmse=0.473289 q_change=56 q_delta=0.385325 q_grad=0.001776
epoch=25 loss_total=0.855189 loss_rec=0.609730 valid_auc=0.686395 valid_rmse=0.473128 q_change=56 q_delta=0.385979 q_grad=0.001916
epoch=26 loss_total=0.852236 loss_rec=0.606919 valid_auc=0.687857 valid_rmse=0.473974 q_change=56 q_delta=0.386722 q_grad=0.001896
epoch=27 loss_total=0.848289 loss_rec=0.603029 valid_auc=0.689252 valid_rmse=0.474914 q_change=54 q_delta=0.387238 q_grad=0.001877
epoch=28 loss_total=0.850845 loss_rec=0.605805 valid_auc=0.687946 valid_rmse=0.473658 q_change=54 q_delta=0.388190 q_grad=0.001947
epoch=29 loss_total=0.844277 loss_rec=0.599397 valid_auc=0.690926 valid_rmse=0.472962 q_change=53 q_delta=0.389073 q_grad=0.001982
epoch=30 loss_total=0.843561 loss_rec=0.598719 valid_auc=0.692366 valid_rmse=0.473408 q_change=53 q_delta=0.389882 q_grad=0.001948
epoch=31 loss_total=0.839331 loss_rec=0.594446 valid_auc=0.691518 valid_rmse=0.473357 q_change=53 q_delta=0.391038 q_grad=0.001985
epoch=32 loss_total=0.840771 loss_rec=0.595977 valid_auc=0.693694 valid_rmse=0.473355 q_change=52 q_delta=0.392149 q_grad=0.002034
epoch=33 loss_total=0.838191 loss_rec=0.593431 valid_auc=0.691864 valid_rmse=0.471289 q_change=52 q_delta=0.393293 q_grad=0.002023
epoch=34 loss_total=0.837178 loss_rec=0.592498 valid_auc=0.690123 valid_rmse=0.471774 q_change=52 q_delta=0.394152 q_grad=0.002017
epoch=35 loss_total=0.836430 loss_rec=0.591833 valid_auc=0.693962 valid_rmse=0.470625 q_change=52 q_delta=0.395129 q_grad=0.001998
epoch=36 loss_total=0.830472 loss_rec=0.585754 valid_auc=0.694464 valid_rmse=0.471657 q_change=51 q_delta=0.395757 q_grad=0.002076
epoch=37 loss_total=0.825625 loss_rec=0.580863 valid_auc=0.694174 valid_rmse=0.472386 q_change=50 q_delta=0.396594 q_grad=0.002076
epoch=38 loss_total=0.823279 loss_rec=0.578631 valid_auc=0.694542 valid_rmse=0.473916 q_change=50 q_delta=0.397332 q_grad=0.002192
epoch=39 loss_total=0.823995 loss_rec=0.579355 valid_auc=0.693616 valid_rmse=0.471277 q_change=50 q_delta=0.398430 q_grad=0.002129
epoch=40 loss_total=0.819534 loss_rec=0.574938 valid_auc=0.694029 valid_rmse=0.471749 q_change=51 q_delta=0.399214 q_grad=0.002184
epoch=41 loss_total=0.814445 loss_rec=0.569923 valid_auc=0.695000 valid_rmse=0.473132 q_change=51 q_delta=0.400033 q_grad=0.002193
epoch=42 loss_total=0.816721 loss_rec=0.572193 valid_auc=0.690725 valid_rmse=0.472719 q_change=51 q_delta=0.401033 q_grad=0.002303
epoch=43 loss_total=0.810966 loss_rec=0.566389 valid_auc=0.692511 valid_rmse=0.473269 q_change=50 q_delta=0.401530 q_grad=0.002271
epoch=44 loss_total=0.810289 loss_rec=0.565772 valid_auc=0.690625 valid_rmse=0.474343 q_change=50 q_delta=0.402440 q_grad=0.002336
epoch=45 loss_total=0.804786 loss_rec=0.560346 valid_auc=0.691083 valid_rmse=0.478661 q_change=50 q_delta=0.403077 q_grad=0.002401
epoch=46 loss_total=0.804767 loss_rec=0.560309 valid_auc=0.694096 valid_rmse=0.472085 q_change=50 q_delta=0.404110 q_grad=0.002380
epoch=47 loss_total=0.800851 loss_rec=0.556429 valid_auc=0.692009 valid_rmse=0.474985 q_change=50 q_delta=0.404744 q_grad=0.002408
epoch=48 loss_total=0.797494 loss_rec=0.553111 valid_auc=0.692533 valid_rmse=0.473879 q_change=50 q_delta=0.405404 q_grad=0.002504
epoch=49 loss_total=0.793968 loss_rec=0.549634 valid_auc=0.694040 valid_rmse=0.473007 q_change=50 q_delta=0.405884 q_grad=0.002536
epoch=50 loss_total=0.788485 loss_rec=0.544142 valid_auc=0.691339 valid_rmse=0.475413 q_change=50 q_delta=0.406428 q_grad=0.002521
epoch=51 loss_total=0.787152 loss_rec=0.542920 valid_auc=0.693147 valid_rmse=0.476667 q_change=50 q_delta=0.406805 q_grad=0.002625
epoch=52 loss_total=0.788659 loss_rec=0.544503 valid_auc=0.691607 valid_rmse=0.475119 q_change=50 q_delta=0.407437 q_grad=0.002678
epoch=53 loss_total=0.788603 loss_rec=0.544445 valid_auc=0.693248 valid_rmse=0.473864 q_change=50 q_delta=0.407831 q_grad=0.002709
epoch=54 loss_total=0.780050 loss_rec=0.535915 valid_auc=0.687891 valid_rmse=0.477084 q_change=50 q_delta=0.407997 q_grad=0.002704
epoch=55 loss_total=0.776653 loss_rec=0.532586 valid_auc=0.695179 valid_rmse=0.473843 q_change=50 q_delta=0.408348 q_grad=0.002718
epoch=56 loss_total=0.776677 loss_rec=0.532625 valid_auc=0.689676 valid_rmse=0.476621 q_change=50 q_delta=0.408567 q_grad=0.002803
epoch=57 loss_total=0.774276 loss_rec=0.530225 valid_auc=0.689163 valid_rmse=0.478661 q_change=50 q_delta=0.408851 q_grad=0.002910
epoch=58 loss_total=0.768014 loss_rec=0.524028 valid_auc=0.688951 valid_rmse=0.480930 q_change=50 q_delta=0.409069 q_grad=0.002841
epoch=59 loss_total=0.768652 loss_rec=0.524794 valid_auc=0.691674 valid_rmse=0.475962 q_change=50 q_delta=0.409404 q_grad=0.002851
epoch=60 loss_total=0.767038 loss_rec=0.523250 valid_auc=0.690346 valid_rmse=0.477319 q_change=50 q_delta=0.409520 q_grad=0.002846
epoch=61 loss_total=0.764206 loss_rec=0.520380 valid_auc=0.687388 valid_rmse=0.477954 q_change=50 q_delta=0.409733 q_grad=0.003002
epoch=62 loss_total=0.760913 loss_rec=0.517221 valid_auc=0.689911 valid_rmse=0.477828 q_change=50 q_delta=0.409897 q_grad=0.002948
epoch=63 loss_total=0.761459 loss_rec=0.517833 valid_auc=0.686607 valid_rmse=0.479063 q_change=50 q_delta=0.410037 q_grad=0.003048
epoch=64 loss_total=0.760950 loss_rec=0.517358 valid_auc=0.689587 valid_rmse=0.481644 q_change=50 q_delta=0.409996 q_grad=0.003054
epoch=65 loss_total=0.756766 loss_rec=0.513211 valid_auc=0.688158 valid_rmse=0.479040 q_change=50 q_delta=0.410266 q_grad=0.002897
epoch=66 loss_total=0.758198 loss_rec=0.514710 valid_auc=0.686283 valid_rmse=0.480294 q_change=50 q_delta=0.410299 q_grad=0.003123
epoch=67 loss_total=0.758772 loss_rec=0.515328 valid_auc=0.686373 valid_rmse=0.481181 q_change=50 q_delta=0.410354 q_grad=0.003127
epoch=68 loss_total=0.751540 loss_rec=0.508181 valid_auc=0.687154 valid_rmse=0.483887 q_change=50 q_delta=0.410292 q_grad=0.003072
epoch=69 loss_total=0.749095 loss_rec=0.505776 valid_auc=0.688304 valid_rmse=0.486636 q_change=50 q_delta=0.410392 q_grad=0.003215
epoch=70 loss_total=0.747046 loss_rec=0.503786 valid_auc=0.685324 valid_rmse=0.481516 q_change=50 q_delta=0.410659 q_grad=0.003259
epoch=71 loss_total=0.747947 loss_rec=0.504804 valid_auc=0.689475 valid_rmse=0.480425 q_change=50 q_delta=0.410652 q_grad=0.003214
epoch=72 loss_total=0.747585 loss_rec=0.504453 valid_auc=0.686027 valid_rmse=0.481205 q_change=50 q_delta=0.410701 q_grad=0.003221
epoch=73 loss_total=0.741723 loss_rec=0.498666 valid_auc=0.683638 valid_rmse=0.483360 q_change=50 q_delta=0.410770 q_grad=0.003278
epoch=74 loss_total=0.748066 loss_rec=0.505067 valid_auc=0.684676 valid_rmse=0.482590 q_change=50 q_delta=0.410823 q_grad=0.003231
epoch=75 loss_total=0.745200 loss_rec=0.502214 valid_auc=0.684475 valid_rmse=0.488892 q_change=50 q_delta=0.410704 q_grad=0.003239
Early stopping at epoch 75; best_epoch=55.
Saved run to C:\Users\YAN_SHU_YU\Desktop\Generative-CD\Q_GNCDM\results\weak_q_lambda_sweep\lq_0p9_ls_0p8_lb_0p5\seed_2026\noise_0.20\weak-q_lq_0p9_ls_0p8_lb_0p5
Final metrics: q_hat_f1=0.222222 response_auc=0.687208 mastery_pearson=0.434097
