run=weak-q_lq_0p3_ls_0p9_lb_0p5 mode=weak-q noise=0.20 train=4200 valid=600 test=1200
epoch=1 loss_total=1.238647 loss_rec=0.725668 valid_auc=0.587450 valid_rmse=0.499761 q_change=57 q_delta=0.079796 q_grad=0.000945
epoch=2 loss_total=1.145764 loss_rec=0.706037 valid_auc=0.592812 valid_rmse=0.499375 q_change=57 q_delta=0.152274 q_grad=0.000895
epoch=3 loss_total=1.073982 loss_rec=0.700381 valid_auc=0.602913 valid_rmse=0.498737 q_change=57 q_delta=0.213912 q_grad=0.000821
epoch=4 loss_total=1.011949 loss_rec=0.694647 valid_auc=0.618471 valid_rmse=0.498326 q_change=57 q_delta=0.263866 q_grad=0.000729
epoch=5 loss_total=0.967119 loss_rec=0.695262 valid_auc=0.637980 valid_rmse=0.496939 q_change=57 q_delta=0.302825 q_grad=0.000632
epoch=6 loss_total=0.928047 loss_rec=0.691934 valid_auc=0.653136 valid_rmse=0.496750 q_change=57 q_delta=0.332661 q_grad=0.000543
epoch=7 loss_total=0.895400 loss_rec=0.686960 valid_auc=0.656027 valid_rmse=0.496068 q_change=57 q_delta=0.355442 q_grad=0.000470
epoch=8 loss_total=0.871418 loss_rec=0.684138 valid_auc=0.649096 valid_rmse=0.494619 q_change=57 q_delta=0.372519 q_grad=0.000413
epoch=9 loss_total=0.851086 loss_rec=0.679731 valid_auc=0.652009 valid_rmse=0.490182 q_change=57 q_delta=0.385423 q_grad=0.000405
epoch=10 loss_total=0.836101 loss_rec=0.676847 valid_auc=0.654654 valid_rmse=0.487835 q_change=57 q_delta=0.394833 q_grad=0.000423
epoch=11 loss_total=0.820883 loss_rec=0.670383 valid_auc=0.654330 valid_rmse=0.485064 q_change=57 q_delta=0.402178 q_grad=0.000496
epoch=12 loss_total=0.802647 loss_rec=0.659544 valid_auc=0.656518 valid_rmse=0.485269 q_change=57 q_delta=0.408349 q_grad=0.000571
epoch=13 loss_total=0.793679 loss_rec=0.656994 valid_auc=0.658181 valid_rmse=0.481345 q_change=57 q_delta=0.413717 q_grad=0.000592
epoch=14 loss_total=0.786770 loss_rec=0.655236 valid_auc=0.661585 valid_rmse=0.482525 q_change=57 q_delta=0.417985 q_grad=0.000655
epoch=15 loss_total=0.781247 loss_rec=0.654205 valid_auc=0.659766 valid_rmse=0.480927 q_change=57 q_delta=0.421915 q_grad=0.000687
epoch=16 loss_total=0.777675 loss_rec=0.654341 valid_auc=0.660625 valid_rmse=0.481024 q_change=57 q_delta=0.425056 q_grad=0.000746
epoch=17 loss_total=0.774846 loss_rec=0.654891 valid_auc=0.662891 valid_rmse=0.481719 q_change=57 q_delta=0.427840 q_grad=0.000720
epoch=18 loss_total=0.767245 loss_rec=0.650181 valid_auc=0.664029 valid_rmse=0.480948 q_change=57 q_delta=0.430353 q_grad=0.000732
epoch=19 loss_total=0.763157 loss_rec=0.648623 valid_auc=0.663917 valid_rmse=0.480929 q_change=57 q_delta=0.432489 q_grad=0.000773
epoch=20 loss_total=0.761646 loss_rec=0.649278 valid_auc=0.667913 valid_rmse=0.479504 q_change=57 q_delta=0.434488 q_grad=0.000834
epoch=21 loss_total=0.757128 loss_rec=0.646833 valid_auc=0.666953 valid_rmse=0.480473 q_change=57 q_delta=0.436063 q_grad=0.000788
epoch=22 loss_total=0.756340 loss_rec=0.647746 valid_auc=0.666741 valid_rmse=0.479406 q_change=57 q_delta=0.437589 q_grad=0.000844
epoch=23 loss_total=0.751956 loss_rec=0.644962 valid_auc=0.665569 valid_rmse=0.479266 q_change=57 q_delta=0.439037 q_grad=0.000846
epoch=24 loss_total=0.747544 loss_rec=0.642046 valid_auc=0.666629 valid_rmse=0.479715 q_change=57 q_delta=0.440235 q_grad=0.000872
epoch=25 loss_total=0.749638 loss_rec=0.645378 valid_auc=0.665714 valid_rmse=0.479196 q_change=57 q_delta=0.441291 q_grad=0.000937
epoch=26 loss_total=0.746900 loss_rec=0.643799 valid_auc=0.665446 valid_rmse=0.479691 q_change=57 q_delta=0.442280 q_grad=0.000943
epoch=27 loss_total=0.744842 loss_rec=0.642742 valid_auc=0.666998 valid_rmse=0.479185 q_change=57 q_delta=0.443172 q_grad=0.000941
epoch=28 loss_total=0.745221 loss_rec=0.644087 valid_auc=0.667969 valid_rmse=0.478601 q_change=57 q_delta=0.444011 q_grad=0.000975
epoch=29 loss_total=0.742575 loss_rec=0.642309 valid_auc=0.668984 valid_rmse=0.478518 q_change=57 q_delta=0.444757 q_grad=0.001016
epoch=30 loss_total=0.743382 loss_rec=0.643902 valid_auc=0.669978 valid_rmse=0.478932 q_change=57 q_delta=0.445372 q_grad=0.001012
epoch=31 loss_total=0.739556 loss_rec=0.640728 valid_auc=0.668795 valid_rmse=0.478086 q_change=57 q_delta=0.446055 q_grad=0.001032
epoch=32 loss_total=0.741490 loss_rec=0.643342 valid_auc=0.670201 valid_rmse=0.478733 q_change=57 q_delta=0.446551 q_grad=0.001074
epoch=33 loss_total=0.740188 loss_rec=0.642558 valid_auc=0.669420 valid_rmse=0.477505 q_change=57 q_delta=0.447203 q_grad=0.001065
epoch=34 loss_total=0.739088 loss_rec=0.642073 valid_auc=0.668594 valid_rmse=0.477213 q_change=57 q_delta=0.447627 q_grad=0.001088
epoch=35 loss_total=0.740790 loss_rec=0.644277 valid_auc=0.669732 valid_rmse=0.476874 q_change=57 q_delta=0.448052 q_grad=0.001082
epoch=36 loss_total=0.737245 loss_rec=0.641176 valid_auc=0.670658 valid_rmse=0.478137 q_change=57 q_delta=0.448385 q_grad=0.001123
epoch=37 loss_total=0.733085 loss_rec=0.637450 valid_auc=0.671652 valid_rmse=0.477129 q_change=57 q_delta=0.448776 q_grad=0.001148
epoch=38 loss_total=0.731733 loss_rec=0.636472 valid_auc=0.672031 valid_rmse=0.478101 q_change=57 q_delta=0.449096 q_grad=0.001229
epoch=39 loss_total=0.735129 loss_rec=0.640259 valid_auc=0.671975 valid_rmse=0.476502 q_change=57 q_delta=0.449534 q_grad=0.001212
epoch=40 loss_total=0.731765 loss_rec=0.637288 valid_auc=0.672690 valid_rmse=0.476766 q_change=57 q_delta=0.449808 q_grad=0.001252
epoch=41 loss_total=0.728225 loss_rec=0.634069 valid_auc=0.674799 valid_rmse=0.476795 q_change=57 q_delta=0.450056 q_grad=0.001265
epoch=42 loss_total=0.732795 loss_rec=0.638914 valid_auc=0.671440 valid_rmse=0.477074 q_change=57 q_delta=0.450334 q_grad=0.001313
epoch=43 loss_total=0.729467 loss_rec=0.635829 valid_auc=0.672065 valid_rmse=0.476729 q_change=57 q_delta=0.450521 q_grad=0.001287
epoch=44 loss_total=0.729942 loss_rec=0.636542 valid_auc=0.672734 valid_rmse=0.477038 q_change=57 q_delta=0.450755 q_grad=0.001348
epoch=45 loss_total=0.727569 loss_rec=0.634411 valid_auc=0.674967 valid_rmse=0.478120 q_change=57 q_delta=0.450890 q_grad=0.001387
epoch=46 loss_total=0.729673 loss_rec=0.636672 valid_auc=0.676071 valid_rmse=0.475454 q_change=57 q_delta=0.451114 q_grad=0.001385
epoch=47 loss_total=0.726930 loss_rec=0.634123 valid_auc=0.677199 valid_rmse=0.475893 q_change=57 q_delta=0.451213 q_grad=0.001415
epoch=48 loss_total=0.728565 loss_rec=0.635899 valid_auc=0.678906 valid_rmse=0.474828 q_change=57 q_delta=0.451364 q_grad=0.001435
epoch=49 loss_total=0.726478 loss_rec=0.633891 valid_auc=0.678917 valid_rmse=0.474988 q_change=57 q_delta=0.451463 q_grad=0.001478
epoch=50 loss_total=0.722973 loss_rec=0.630523 valid_auc=0.677444 valid_rmse=0.475123 q_change=57 q_delta=0.451537 q_grad=0.001431
epoch=51 loss_total=0.723951 loss_rec=0.631563 valid_auc=0.678583 valid_rmse=0.477009 q_change=57 q_delta=0.451526 q_grad=0.001571
epoch=52 loss_total=0.725003 loss_rec=0.632669 valid_auc=0.679185 valid_rmse=0.475014 q_change=57 q_delta=0.451626 q_grad=0.001593
epoch=53 loss_total=0.726486 loss_rec=0.634225 valid_auc=0.680223 valid_rmse=0.474725 q_change=57 q_delta=0.451677 q_grad=0.001583
epoch=54 loss_total=0.718686 loss_rec=0.626431 valid_auc=0.680893 valid_rmse=0.475549 q_change=57 q_delta=0.451611 q_grad=0.001590
epoch=55 loss_total=0.719490 loss_rec=0.627188 valid_auc=0.683583 valid_rmse=0.474036 q_change=57 q_delta=0.451605 q_grad=0.001632
epoch=56 loss_total=0.720893 loss_rec=0.628580 valid_auc=0.682712 valid_rmse=0.473956 q_change=57 q_delta=0.451593 q_grad=0.001708
epoch=57 loss_total=0.720130 loss_rec=0.627763 valid_auc=0.683728 valid_rmse=0.476551 q_change=57 q_delta=0.451449 q_grad=0.001740
epoch=58 loss_total=0.716417 loss_rec=0.623930 valid_auc=0.685022 valid_rmse=0.475536 q_change=57 q_delta=0.451379 q_grad=0.001726
epoch=59 loss_total=0.717156 loss_rec=0.624625 valid_auc=0.684107 valid_rmse=0.473593 q_change=57 q_delta=0.451330 q_grad=0.001762
epoch=60 loss_total=0.716403 loss_rec=0.623764 valid_auc=0.687958 valid_rmse=0.473362 q_change=57 q_delta=0.451141 q_grad=0.001783
epoch=61 loss_total=0.716352 loss_rec=0.623471 valid_auc=0.686685 valid_rmse=0.473832 q_change=57 q_delta=0.450988 q_grad=0.001820
epoch=62 loss_total=0.715474 loss_rec=0.622479 valid_auc=0.687087 valid_rmse=0.472516 q_change=57 q_delta=0.450892 q_grad=0.001784
epoch=63 loss_total=0.716648 loss_rec=0.623499 valid_auc=0.687556 valid_rmse=0.472912 q_change=57 q_delta=0.450666 q_grad=0.001768
epoch=64 loss_total=0.718767 loss_rec=0.625464 valid_auc=0.689431 valid_rmse=0.474962 q_change=57 q_delta=0.450465 q_grad=0.001849
epoch=65 loss_total=0.712856 loss_rec=0.619347 valid_auc=0.689699 valid_rmse=0.471660 q_change=57 q_delta=0.450370 q_grad=0.001746
epoch=66 loss_total=0.714220 loss_rec=0.620599 valid_auc=0.692768 valid_rmse=0.471788 q_change=57 q_delta=0.450180 q_grad=0.001842
epoch=67 loss_total=0.715619 loss_rec=0.621814 valid_auc=0.689464 valid_rmse=0.473074 q_change=57 q_delta=0.450055 q_grad=0.001809
epoch=68 loss_total=0.712158 loss_rec=0.618222 valid_auc=0.691808 valid_rmse=0.472659 q_change=57 q_delta=0.449825 q_grad=0.001820
epoch=69 loss_total=0.708890 loss_rec=0.614770 valid_auc=0.694286 valid_rmse=0.477747 q_change=57 q_delta=0.449479 q_grad=0.001866
epoch=70 loss_total=0.709402 loss_rec=0.615094 valid_auc=0.691987 valid_rmse=0.471127 q_change=57 q_delta=0.449483 q_grad=0.001865
epoch=71 loss_total=0.710832 loss_rec=0.616529 valid_auc=0.692723 valid_rmse=0.470852 q_change=57 q_delta=0.449422 q_grad=0.001852
epoch=72 loss_total=0.709643 loss_rec=0.615187 valid_auc=0.692065 valid_rmse=0.471595 q_change=57 q_delta=0.449176 q_grad=0.001869
epoch=73 loss_total=0.707623 loss_rec=0.613100 valid_auc=0.691931 valid_rmse=0.471285 q_change=56 q_delta=0.449191 q_grad=0.001908
epoch=74 loss_total=0.710786 loss_rec=0.616177 valid_auc=0.692701 valid_rmse=0.471808 q_change=56 q_delta=0.449142 q_grad=0.001856
epoch=75 loss_total=0.709045 loss_rec=0.614385 valid_auc=0.692143 valid_rmse=0.476794 q_change=56 q_delta=0.449312 q_grad=0.001835
epoch=76 loss_total=0.709337 loss_rec=0.614547 valid_auc=0.689821 valid_rmse=0.471543 q_change=56 q_delta=0.449690 q_grad=0.001824
epoch=77 loss_total=0.703182 loss_rec=0.608389 valid_auc=0.690011 valid_rmse=0.474876 q_change=56 q_delta=0.449804 q_grad=0.001805
epoch=78 loss_total=0.705138 loss_rec=0.610327 valid_auc=0.690658 valid_rmse=0.473159 q_change=56 q_delta=0.450013 q_grad=0.001939
epoch=79 loss_total=0.704821 loss_rec=0.609899 valid_auc=0.689777 valid_rmse=0.472668 q_change=56 q_delta=0.450250 q_grad=0.002009
epoch=80 loss_total=0.703947 loss_rec=0.609094 valid_auc=0.690871 valid_rmse=0.471506 q_change=56 q_delta=0.450417 q_grad=0.001904
epoch=81 loss_total=0.700919 loss_rec=0.605981 valid_auc=0.691529 valid_rmse=0.472773 q_change=56 q_delta=0.450458 q_grad=0.001970
epoch=82 loss_total=0.701699 loss_rec=0.606781 valid_auc=0.690982 valid_rmse=0.472566 q_change=56 q_delta=0.450753 q_grad=0.001970
epoch=83 loss_total=0.699723 loss_rec=0.604806 valid_auc=0.691071 valid_rmse=0.476064 q_change=56 q_delta=0.450953 q_grad=0.001940
epoch=84 loss_total=0.700390 loss_rec=0.605477 valid_auc=0.690759 valid_rmse=0.473428 q_change=57 q_delta=0.451275 q_grad=0.001999
epoch=85 loss_total=0.701599 loss_rec=0.606668 valid_auc=0.691607 valid_rmse=0.475504 q_change=57 q_delta=0.451517 q_grad=0.002028
epoch=86 loss_total=0.702687 loss_rec=0.607766 valid_auc=0.691998 valid_rmse=0.473821 q_change=57 q_delta=0.451856 q_grad=0.002016
epoch=87 loss_total=0.699031 loss_rec=0.604076 valid_auc=0.691261 valid_rmse=0.472805 q_change=57 q_delta=0.452136 q_grad=0.001986
epoch=88 loss_total=0.692480 loss_rec=0.597568 valid_auc=0.691696 valid_rmse=0.473033 q_change=57 q_delta=0.452444 q_grad=0.002035
epoch=89 loss_total=0.694148 loss_rec=0.599313 valid_auc=0.692645 valid_rmse=0.477450 q_change=57 q_delta=0.452686 q_grad=0.002063
Early stopping at epoch 89; best_epoch=69.
Saved run to C:\Users\YAN_SHU_YU\Desktop\Generative-CD\Q_GNCDM\results\weak_q_lambda_sweep\lq_0p3_ls_0p9_lb_0p5\seed_2026\noise_0.20\weak-q_lq_0p3_ls_0p9_lb_0p5
Final metrics: q_hat_f1=0.000000 response_auc=0.683144 mastery_pearson=0.269371
