run=weak-q_lq_0p5_ls_0p6_lb_0p6 mode=weak-q noise=0.20 train=4200 valid=600 test=1200
epoch=1 loss_total=1.133271 loss_rec=0.725665 valid_auc=0.587634 valid_rmse=0.499757 q_change=57 q_delta=0.079371 q_grad=0.000638
epoch=2 loss_total=1.064643 loss_rec=0.705985 valid_auc=0.594118 valid_rmse=0.499340 q_change=57 q_delta=0.150735 q_grad=0.000594
epoch=3 loss_total=1.015463 loss_rec=0.700205 valid_auc=0.606317 valid_rmse=0.498631 q_change=57 q_delta=0.211093 q_grad=0.000541
epoch=4 loss_total=0.972904 loss_rec=0.694257 valid_auc=0.624096 valid_rmse=0.498096 q_change=57 q_delta=0.260004 q_grad=0.000480
epoch=5 loss_total=0.943914 loss_rec=0.694536 valid_auc=0.644509 valid_rmse=0.496504 q_change=57 q_delta=0.297984 q_grad=0.000420
epoch=6 loss_total=0.917104 loss_rec=0.690524 valid_auc=0.658929 valid_rmse=0.495886 q_change=57 q_delta=0.326746 q_grad=0.000372
epoch=7 loss_total=0.893235 loss_rec=0.684004 valid_auc=0.659364 valid_rmse=0.494269 q_change=57 q_delta=0.348192 q_grad=0.000344
epoch=8 loss_total=0.874680 loss_rec=0.678101 valid_auc=0.654431 valid_rmse=0.490889 q_change=57 q_delta=0.363133 q_grad=0.000356
epoch=9 loss_total=0.856360 loss_rec=0.668562 valid_auc=0.659085 valid_rmse=0.484142 q_change=57 q_delta=0.373770 q_grad=0.000442
epoch=10 loss_total=0.845843 loss_rec=0.664704 valid_auc=0.659554 valid_rmse=0.482581 q_change=57 q_delta=0.381830 q_grad=0.000536
epoch=11 loss_total=0.836322 loss_rec=0.660239 valid_auc=0.660201 valid_rmse=0.481348 q_change=57 q_delta=0.388827 q_grad=0.000643
epoch=12 loss_total=0.822741 loss_rec=0.651288 valid_auc=0.664074 valid_rmse=0.482028 q_change=57 q_delta=0.394612 q_grad=0.000709
epoch=13 loss_total=0.817106 loss_rec=0.649567 valid_auc=0.665089 valid_rmse=0.478928 q_change=57 q_delta=0.399643 q_grad=0.000728
epoch=14 loss_total=0.813110 loss_rec=0.648609 valid_auc=0.667623 valid_rmse=0.480300 q_change=57 q_delta=0.403401 q_grad=0.000812
epoch=15 loss_total=0.809347 loss_rec=0.647473 valid_auc=0.665480 valid_rmse=0.478714 q_change=57 q_delta=0.407052 q_grad=0.000861
epoch=16 loss_total=0.807801 loss_rec=0.648115 valid_auc=0.667143 valid_rmse=0.478615 q_change=57 q_delta=0.409812 q_grad=0.000954
epoch=17 loss_total=0.805376 loss_rec=0.647658 valid_auc=0.668940 valid_rmse=0.479084 q_change=57 q_delta=0.412248 q_grad=0.000934
epoch=18 loss_total=0.798643 loss_rec=0.642567 valid_auc=0.669297 valid_rmse=0.478397 q_change=57 q_delta=0.414485 q_grad=0.000971
epoch=19 loss_total=0.795665 loss_rec=0.641091 valid_auc=0.669308 valid_rmse=0.478136 q_change=57 q_delta=0.416397 q_grad=0.001045
epoch=20 loss_total=0.794385 loss_rec=0.641046 valid_auc=0.672444 valid_rmse=0.476747 q_change=57 q_delta=0.418206 q_grad=0.001143
epoch=21 loss_total=0.790522 loss_rec=0.638372 valid_auc=0.673650 valid_rmse=0.477551 q_change=57 q_delta=0.419488 q_grad=0.001103
epoch=22 loss_total=0.789466 loss_rec=0.638237 valid_auc=0.674844 valid_rmse=0.476320 q_change=57 q_delta=0.420731 q_grad=0.001212
epoch=23 loss_total=0.785794 loss_rec=0.635416 valid_auc=0.674129 valid_rmse=0.475940 q_change=57 q_delta=0.421980 q_grad=0.001232
epoch=24 loss_total=0.781159 loss_rec=0.631595 valid_auc=0.674877 valid_rmse=0.476373 q_change=57 q_delta=0.422947 q_grad=0.001291
epoch=25 loss_total=0.783683 loss_rec=0.634772 valid_auc=0.675357 valid_rmse=0.475954 q_change=57 q_delta=0.423718 q_grad=0.001418
epoch=26 loss_total=0.781129 loss_rec=0.632800 valid_auc=0.675692 valid_rmse=0.476619 q_change=57 q_delta=0.424441 q_grad=0.001433
epoch=27 loss_total=0.778828 loss_rec=0.630934 valid_auc=0.679085 valid_rmse=0.475994 q_change=57 q_delta=0.424971 q_grad=0.001449
epoch=28 loss_total=0.779852 loss_rec=0.632401 valid_auc=0.679766 valid_rmse=0.475243 q_change=57 q_delta=0.425625 q_grad=0.001535
epoch=29 loss_total=0.776382 loss_rec=0.629305 valid_auc=0.681328 valid_rmse=0.475022 q_change=57 q_delta=0.426066 q_grad=0.001603
epoch=30 loss_total=0.777371 loss_rec=0.630629 valid_auc=0.681529 valid_rmse=0.475410 q_change=57 q_delta=0.426378 q_grad=0.001598
epoch=31 loss_total=0.773653 loss_rec=0.627053 valid_auc=0.683772 valid_rmse=0.474591 q_change=57 q_delta=0.426592 q_grad=0.001646
epoch=32 loss_total=0.775170 loss_rec=0.628763 valid_auc=0.684944 valid_rmse=0.475447 q_change=57 q_delta=0.426621 q_grad=0.001720
epoch=33 loss_total=0.773580 loss_rec=0.627208 valid_auc=0.682511 valid_rmse=0.473982 q_change=57 q_delta=0.426859 q_grad=0.001708
epoch=34 loss_total=0.772344 loss_rec=0.626050 valid_auc=0.682533 valid_rmse=0.473718 q_change=57 q_delta=0.426716 q_grad=0.001746
epoch=35 loss_total=0.773241 loss_rec=0.626947 valid_auc=0.685458 valid_rmse=0.472947 q_change=56 q_delta=0.426980 q_grad=0.001741
epoch=36 loss_total=0.769577 loss_rec=0.623277 valid_auc=0.687690 valid_rmse=0.473569 q_change=56 q_delta=0.427481 q_grad=0.001787
epoch=37 loss_total=0.763398 loss_rec=0.617124 valid_auc=0.688058 valid_rmse=0.473194 q_change=56 q_delta=0.428047 q_grad=0.001814
epoch=38 loss_total=0.762838 loss_rec=0.616690 valid_auc=0.686317 valid_rmse=0.475667 q_change=56 q_delta=0.428500 q_grad=0.001935
epoch=39 loss_total=0.765790 loss_rec=0.619772 valid_auc=0.687121 valid_rmse=0.472886 q_change=56 q_delta=0.429031 q_grad=0.001879
epoch=40 loss_total=0.761792 loss_rec=0.615901 valid_auc=0.686998 valid_rmse=0.473161 q_change=56 q_delta=0.429277 q_grad=0.001925
epoch=41 loss_total=0.757275 loss_rec=0.611501 valid_auc=0.689085 valid_rmse=0.473357 q_change=56 q_delta=0.429499 q_grad=0.001942
epoch=42 loss_total=0.761747 loss_rec=0.616062 valid_auc=0.685391 valid_rmse=0.473761 q_change=56 q_delta=0.429753 q_grad=0.001998
epoch=43 loss_total=0.757453 loss_rec=0.611787 valid_auc=0.687913 valid_rmse=0.472892 q_change=56 q_delta=0.429714 q_grad=0.001940
epoch=44 loss_total=0.758151 loss_rec=0.612573 valid_auc=0.687868 valid_rmse=0.473195 q_change=56 q_delta=0.429884 q_grad=0.002016
epoch=45 loss_total=0.755256 loss_rec=0.609719 valid_auc=0.688661 valid_rmse=0.475459 q_change=56 q_delta=0.429786 q_grad=0.002042
epoch=46 loss_total=0.756076 loss_rec=0.610528 valid_auc=0.690290 valid_rmse=0.471624 q_change=56 q_delta=0.429896 q_grad=0.001986
epoch=47 loss_total=0.753140 loss_rec=0.607630 valid_auc=0.692556 valid_rmse=0.471892 q_change=55 q_delta=0.429787 q_grad=0.002010
epoch=48 loss_total=0.753215 loss_rec=0.607688 valid_auc=0.692109 valid_rmse=0.471309 q_change=55 q_delta=0.430095 q_grad=0.002050
epoch=49 loss_total=0.750770 loss_rec=0.605223 valid_auc=0.692578 valid_rmse=0.471207 q_change=55 q_delta=0.430457 q_grad=0.002071
epoch=50 loss_total=0.746490 loss_rec=0.600949 valid_auc=0.691027 valid_rmse=0.471979 q_change=55 q_delta=0.430857 q_grad=0.001973
epoch=51 loss_total=0.746524 loss_rec=0.601038 valid_auc=0.694051 valid_rmse=0.472530 q_change=55 q_delta=0.431097 q_grad=0.002105
epoch=52 loss_total=0.747391 loss_rec=0.601940 valid_auc=0.693013 valid_rmse=0.471375 q_change=55 q_delta=0.431477 q_grad=0.002113
epoch=53 loss_total=0.749106 loss_rec=0.603686 valid_auc=0.695368 valid_rmse=0.470655 q_change=55 q_delta=0.431745 q_grad=0.002105
epoch=54 loss_total=0.741123 loss_rec=0.595786 valid_auc=0.693728 valid_rmse=0.472048 q_change=55 q_delta=0.431972 q_grad=0.002066
epoch=55 loss_total=0.740750 loss_rec=0.595513 valid_auc=0.697020 valid_rmse=0.470292 q_change=54 q_delta=0.432173 q_grad=0.002120
epoch=56 loss_total=0.741940 loss_rec=0.596765 valid_auc=0.694676 valid_rmse=0.470800 q_change=54 q_delta=0.432386 q_grad=0.002162
epoch=57 loss_total=0.740161 loss_rec=0.595047 valid_auc=0.696239 valid_rmse=0.472290 q_change=54 q_delta=0.432519 q_grad=0.002224
epoch=58 loss_total=0.736648 loss_rec=0.591577 valid_auc=0.694397 valid_rmse=0.472958 q_change=54 q_delta=0.432709 q_grad=0.002184
epoch=59 loss_total=0.736431 loss_rec=0.591509 valid_auc=0.694051 valid_rmse=0.471103 q_change=54 q_delta=0.433150 q_grad=0.002184
epoch=60 loss_total=0.735915 loss_rec=0.591081 valid_auc=0.695201 valid_rmse=0.472282 q_change=54 q_delta=0.433313 q_grad=0.002228
epoch=61 loss_total=0.734421 loss_rec=0.589662 valid_auc=0.694855 valid_rmse=0.472049 q_change=54 q_delta=0.433602 q_grad=0.002278
epoch=62 loss_total=0.732292 loss_rec=0.587635 valid_auc=0.693348 valid_rmse=0.471740 q_change=54 q_delta=0.433830 q_grad=0.002240
epoch=63 loss_total=0.733465 loss_rec=0.588856 valid_auc=0.692232 valid_rmse=0.472840 q_change=54 q_delta=0.433926 q_grad=0.002278
epoch=64 loss_total=0.735939 loss_rec=0.591431 valid_auc=0.695893 valid_rmse=0.474002 q_change=54 q_delta=0.434030 q_grad=0.002342
epoch=65 loss_total=0.730047 loss_rec=0.585590 valid_auc=0.693114 valid_rmse=0.472327 q_change=54 q_delta=0.434340 q_grad=0.002242
epoch=66 loss_total=0.730571 loss_rec=0.586207 valid_auc=0.693549 valid_rmse=0.472915 q_change=54 q_delta=0.434457 q_grad=0.002382
epoch=67 loss_total=0.732899 loss_rec=0.588604 valid_auc=0.690681 valid_rmse=0.474116 q_change=54 q_delta=0.434582 q_grad=0.002369
epoch=68 loss_total=0.728592 loss_rec=0.584373 valid_auc=0.691987 valid_rmse=0.475177 q_change=54 q_delta=0.434704 q_grad=0.002378
epoch=69 loss_total=0.725341 loss_rec=0.581189 valid_auc=0.694922 valid_rmse=0.480045 q_change=54 q_delta=0.434708 q_grad=0.002468
epoch=70 loss_total=0.724733 loss_rec=0.580626 valid_auc=0.691205 valid_rmse=0.473430 q_change=54 q_delta=0.434984 q_grad=0.002472
epoch=71 loss_total=0.726900 loss_rec=0.582867 valid_auc=0.690882 valid_rmse=0.473685 q_change=54 q_delta=0.435055 q_grad=0.002483
epoch=72 loss_total=0.725665 loss_rec=0.581663 valid_auc=0.690100 valid_rmse=0.474210 q_change=54 q_delta=0.435158 q_grad=0.002504
epoch=73 loss_total=0.721561 loss_rec=0.577662 valid_auc=0.687422 valid_rmse=0.474805 q_change=54 q_delta=0.435251 q_grad=0.002560
epoch=74 loss_total=0.725992 loss_rec=0.582134 valid_auc=0.689252 valid_rmse=0.475246 q_change=54 q_delta=0.435299 q_grad=0.002510
epoch=75 loss_total=0.723952 loss_rec=0.580100 valid_auc=0.687031 valid_rmse=0.481725 q_change=53 q_delta=0.435216 q_grad=0.002515
Early stopping at epoch 75; best_epoch=55.
Saved run to C:\Users\YAN_SHU_YU\Desktop\Generative-CD\Q_GNCDM\results\weak_q_lambda_sweep\lq_0p5_ls_0p6_lb_0p6\seed_2026\noise_0.20\weak-q_lq_0p5_ls_0p6_lb_0p6
Final metrics: q_hat_f1=0.101695 response_auc=0.685918 mastery_pearson=0.320845
