run=weak-q_lq_0p6_ls_0p6_lb_0p4 mode=weak-q noise=0.20 train=4200 valid=600 test=1200
epoch=1 loss_total=1.084949 loss_rec=0.725660 valid_auc=0.587656 valid_rmse=0.499754 q_change=57 q_delta=0.078465 q_grad=0.000604
epoch=2 loss_total=1.021687 loss_rec=0.705904 valid_auc=0.594297 valid_rmse=0.499306 q_change=57 q_delta=0.146552 q_grad=0.000522
epoch=3 loss_total=0.980850 loss_rec=0.699930 valid_auc=0.607533 valid_rmse=0.498505 q_change=57 q_delta=0.202614 q_grad=0.000449
epoch=4 loss_total=0.947295 loss_rec=0.693581 valid_auc=0.625960 valid_rmse=0.497756 q_change=57 q_delta=0.247518 q_grad=0.000385
epoch=5 loss_total=0.926343 loss_rec=0.693108 valid_auc=0.647020 valid_rmse=0.495708 q_change=57 q_delta=0.282066 q_grad=0.000340
epoch=6 loss_total=0.905412 loss_rec=0.687319 valid_auc=0.660982 valid_rmse=0.493970 q_change=57 q_delta=0.307617 q_grad=0.000319
epoch=7 loss_total=0.883762 loss_rec=0.676422 valid_auc=0.661105 valid_rmse=0.489841 q_change=57 q_delta=0.325435 q_grad=0.000345
epoch=8 loss_total=0.864361 loss_rec=0.663899 valid_auc=0.659609 valid_rmse=0.484226 q_change=57 q_delta=0.336491 q_grad=0.000467
epoch=9 loss_total=0.848049 loss_rec=0.652204 valid_auc=0.666384 valid_rmse=0.478687 q_change=57 q_delta=0.345402 q_grad=0.000639
epoch=10 loss_total=0.844212 loss_rec=0.652424 valid_auc=0.668750 valid_rmse=0.478706 q_change=57 q_delta=0.352548 q_grad=0.000747
epoch=11 loss_total=0.837828 loss_rec=0.648991 valid_auc=0.671373 valid_rmse=0.477265 q_change=57 q_delta=0.358534 q_grad=0.000875
epoch=12 loss_total=0.825927 loss_rec=0.639671 valid_auc=0.674397 valid_rmse=0.477828 q_change=57 q_delta=0.362970 q_grad=0.000966
epoch=13 loss_total=0.820918 loss_rec=0.636725 valid_auc=0.676719 valid_rmse=0.475001 q_change=57 q_delta=0.366917 q_grad=0.001017
epoch=14 loss_total=0.818492 loss_rec=0.635796 valid_auc=0.677935 valid_rmse=0.476228 q_change=57 q_delta=0.369361 q_grad=0.001149
epoch=15 loss_total=0.814353 loss_rec=0.632863 valid_auc=0.678583 valid_rmse=0.474371 q_change=57 q_delta=0.371904 q_grad=0.001249
epoch=16 loss_total=0.814165 loss_rec=0.633624 valid_auc=0.681842 valid_rmse=0.474118 q_change=57 q_delta=0.373415 q_grad=0.001392
epoch=17 loss_total=0.810800 loss_rec=0.631080 valid_auc=0.681574 valid_rmse=0.474123 q_change=57 q_delta=0.374763 q_grad=0.001373
epoch=18 loss_total=0.803744 loss_rec=0.624564 valid_auc=0.683080 valid_rmse=0.473359 q_change=57 q_delta=0.375869 q_grad=0.001443
epoch=19 loss_total=0.801857 loss_rec=0.623289 valid_auc=0.683929 valid_rmse=0.474185 q_change=56 q_delta=0.376890 q_grad=0.001567
epoch=20 loss_total=0.799241 loss_rec=0.621003 valid_auc=0.686328 valid_rmse=0.472174 q_change=56 q_delta=0.377950 q_grad=0.001676
epoch=21 loss_total=0.794553 loss_rec=0.616649 valid_auc=0.687667 valid_rmse=0.473965 q_change=56 q_delta=0.378838 q_grad=0.001620
epoch=22 loss_total=0.791951 loss_rec=0.614244 valid_auc=0.688884 valid_rmse=0.472706 q_change=56 q_delta=0.379724 q_grad=0.001778
epoch=23 loss_total=0.788795 loss_rec=0.611302 valid_auc=0.686228 valid_rmse=0.472587 q_change=56 q_delta=0.380893 q_grad=0.001771
epoch=24 loss_total=0.783600 loss_rec=0.606339 valid_auc=0.685100 valid_rmse=0.473384 q_change=55 q_delta=0.381671 q_grad=0.001803
epoch=25 loss_total=0.784936 loss_rec=0.607930 valid_auc=0.686049 valid_rmse=0.473371 q_change=55 q_delta=0.382383 q_grad=0.001940
epoch=26 loss_total=0.782142 loss_rec=0.605312 valid_auc=0.687254 valid_rmse=0.474111 q_change=54 q_delta=0.383268 q_grad=0.001922
epoch=27 loss_total=0.778287 loss_rec=0.601590 valid_auc=0.688393 valid_rmse=0.475005 q_change=54 q_delta=0.383939 q_grad=0.001898
epoch=28 loss_total=0.780762 loss_rec=0.604309 valid_auc=0.687813 valid_rmse=0.473862 q_change=54 q_delta=0.385058 q_grad=0.001968
epoch=29 loss_total=0.774118 loss_rec=0.597873 valid_auc=0.690190 valid_rmse=0.473225 q_change=52 q_delta=0.386058 q_grad=0.001999
epoch=30 loss_total=0.773367 loss_rec=0.597235 valid_auc=0.691953 valid_rmse=0.473746 q_change=52 q_delta=0.387332 q_grad=0.001967
epoch=31 loss_total=0.769295 loss_rec=0.593234 valid_auc=0.691562 valid_rmse=0.473461 q_change=52 q_delta=0.388736 q_grad=0.002004
epoch=32 loss_total=0.770508 loss_rec=0.594600 valid_auc=0.693237 valid_rmse=0.473369 q_change=52 q_delta=0.390099 q_grad=0.002052
epoch=33 loss_total=0.767886 loss_rec=0.592087 valid_auc=0.692221 valid_rmse=0.471532 q_change=52 q_delta=0.391503 q_grad=0.002044
epoch=34 loss_total=0.767101 loss_rec=0.591463 valid_auc=0.690089 valid_rmse=0.472023 q_change=52 q_delta=0.392540 q_grad=0.002039
epoch=35 loss_total=0.766330 loss_rec=0.590838 valid_auc=0.693806 valid_rmse=0.470881 q_change=52 q_delta=0.393551 q_grad=0.002021
epoch=36 loss_total=0.760392 loss_rec=0.584908 valid_auc=0.694944 valid_rmse=0.471920 q_change=51 q_delta=0.394188 q_grad=0.002101
epoch=37 loss_total=0.755675 loss_rec=0.580257 valid_auc=0.693772 valid_rmse=0.472670 q_change=52 q_delta=0.395047 q_grad=0.002107
epoch=38 loss_total=0.753355 loss_rec=0.578104 valid_auc=0.694063 valid_rmse=0.474045 q_change=50 q_delta=0.395814 q_grad=0.002223
epoch=39 loss_total=0.754153 loss_rec=0.579004 valid_auc=0.693594 valid_rmse=0.471553 q_change=51 q_delta=0.396818 q_grad=0.002160
epoch=40 loss_total=0.749716 loss_rec=0.574702 valid_auc=0.693538 valid_rmse=0.472212 q_change=51 q_delta=0.397601 q_grad=0.002218
epoch=41 loss_total=0.744891 loss_rec=0.570027 valid_auc=0.695033 valid_rmse=0.473486 q_change=51 q_delta=0.398484 q_grad=0.002228
epoch=42 loss_total=0.746756 loss_rec=0.571978 valid_auc=0.691250 valid_rmse=0.473046 q_change=51 q_delta=0.399530 q_grad=0.002344
epoch=43 loss_total=0.741115 loss_rec=0.566386 valid_auc=0.692489 valid_rmse=0.473654 q_change=51 q_delta=0.400076 q_grad=0.002316
epoch=44 loss_total=0.740353 loss_rec=0.565740 valid_auc=0.690871 valid_rmse=0.474744 q_change=51 q_delta=0.400962 q_grad=0.002390
epoch=45 loss_total=0.734921 loss_rec=0.560437 valid_auc=0.691551 valid_rmse=0.478710 q_change=51 q_delta=0.401387 q_grad=0.002448
epoch=46 loss_total=0.734793 loss_rec=0.560344 valid_auc=0.693929 valid_rmse=0.472571 q_change=50 q_delta=0.402287 q_grad=0.002431
epoch=47 loss_total=0.730936 loss_rec=0.556585 valid_auc=0.692377 valid_rmse=0.475435 q_change=50 q_delta=0.402732 q_grad=0.002450
epoch=48 loss_total=0.727624 loss_rec=0.553349 valid_auc=0.692132 valid_rmse=0.474102 q_change=50 q_delta=0.403383 q_grad=0.002557
epoch=49 loss_total=0.723817 loss_rec=0.549615 valid_auc=0.693839 valid_rmse=0.473542 q_change=50 q_delta=0.403927 q_grad=0.002588
epoch=50 loss_total=0.718630 loss_rec=0.544485 valid_auc=0.691060 valid_rmse=0.475764 q_change=50 q_delta=0.404532 q_grad=0.002570
epoch=51 loss_total=0.717279 loss_rec=0.543250 valid_auc=0.693605 valid_rmse=0.477148 q_change=50 q_delta=0.404956 q_grad=0.002678
epoch=52 loss_total=0.718410 loss_rec=0.544481 valid_auc=0.691618 valid_rmse=0.475301 q_change=50 q_delta=0.405662 q_grad=0.002728
epoch=53 loss_total=0.718376 loss_rec=0.544478 valid_auc=0.693092 valid_rmse=0.474352 q_change=50 q_delta=0.406097 q_grad=0.002766
epoch=54 loss_total=0.709981 loss_rec=0.536144 valid_auc=0.689230 valid_rmse=0.477131 q_change=50 q_delta=0.406329 q_grad=0.002770
epoch=55 loss_total=0.706184 loss_rec=0.532408 valid_auc=0.695502 valid_rmse=0.473989 q_change=50 q_delta=0.406722 q_grad=0.002776
epoch=56 loss_total=0.706160 loss_rec=0.532419 valid_auc=0.690670 valid_rmse=0.476550 q_change=50 q_delta=0.407007 q_grad=0.002865
epoch=57 loss_total=0.703698 loss_rec=0.529978 valid_auc=0.690167 valid_rmse=0.478559 q_change=50 q_delta=0.407334 q_grad=0.002974
epoch=58 loss_total=0.697206 loss_rec=0.523554 valid_auc=0.689766 valid_rmse=0.481055 q_change=50 q_delta=0.407560 q_grad=0.002916
epoch=59 loss_total=0.697732 loss_rec=0.524191 valid_auc=0.692154 valid_rmse=0.476158 q_change=50 q_delta=0.407953 q_grad=0.002915
epoch=60 loss_total=0.696029 loss_rec=0.522536 valid_auc=0.691518 valid_rmse=0.477246 q_change=50 q_delta=0.408094 q_grad=0.002921
epoch=61 loss_total=0.692853 loss_rec=0.519338 valid_auc=0.689342 valid_rmse=0.477696 q_change=50 q_delta=0.408317 q_grad=0.003081
epoch=62 loss_total=0.689574 loss_rec=0.516189 valid_auc=0.691563 valid_rmse=0.477782 q_change=50 q_delta=0.408483 q_grad=0.003014
epoch=63 loss_total=0.689669 loss_rec=0.516319 valid_auc=0.687712 valid_rmse=0.479098 q_change=50 q_delta=0.408616 q_grad=0.003132
epoch=64 loss_total=0.689391 loss_rec=0.516062 valid_auc=0.690335 valid_rmse=0.481733 q_change=50 q_delta=0.408564 q_grad=0.003137
epoch=65 loss_total=0.684844 loss_rec=0.511534 valid_auc=0.689565 valid_rmse=0.478916 q_change=50 q_delta=0.408846 q_grad=0.002979
epoch=66 loss_total=0.686260 loss_rec=0.513000 valid_auc=0.687846 valid_rmse=0.480424 q_change=50 q_delta=0.408879 q_grad=0.003209
epoch=67 loss_total=0.686544 loss_rec=0.513308 valid_auc=0.687098 valid_rmse=0.481309 q_change=50 q_delta=0.408943 q_grad=0.003229
epoch=68 loss_total=0.678885 loss_rec=0.505705 valid_auc=0.687656 valid_rmse=0.484747 q_change=50 q_delta=0.408830 q_grad=0.003144
epoch=69 loss_total=0.676582 loss_rec=0.503413 valid_auc=0.689475 valid_rmse=0.487298 q_change=50 q_delta=0.408960 q_grad=0.003296
epoch=70 loss_total=0.674532 loss_rec=0.501401 valid_auc=0.686239 valid_rmse=0.481529 q_change=50 q_delta=0.409209 q_grad=0.003352
epoch=71 loss_total=0.675451 loss_rec=0.502400 valid_auc=0.690246 valid_rmse=0.480601 q_change=50 q_delta=0.409186 q_grad=0.003288
epoch=72 loss_total=0.674481 loss_rec=0.501411 valid_auc=0.687388 valid_rmse=0.481346 q_change=50 q_delta=0.409282 q_grad=0.003311
epoch=73 loss_total=0.668633 loss_rec=0.495604 valid_auc=0.685212 valid_rmse=0.483404 q_change=50 q_delta=0.409329 q_grad=0.003359
epoch=74 loss_total=0.675146 loss_rec=0.502147 valid_auc=0.685826 valid_rmse=0.482950 q_change=50 q_delta=0.409364 q_grad=0.003308
epoch=75 loss_total=0.672278 loss_rec=0.499274 valid_auc=0.685625 valid_rmse=0.489383 q_change=50 q_delta=0.409159 q_grad=0.003313
Early stopping at epoch 75; best_epoch=55.
Saved run to C:\Users\YAN_SHU_YU\Desktop\Generative-CD\Q_GNCDM\results\weak_q_lambda_sweep\lq_0p6_ls_0p6_lb_0p4\seed_2026\noise_0.20\weak-q_lq_0p6_ls_0p6_lb_0p4
Final metrics: q_hat_f1=0.222222 response_auc=0.686077 mastery_pearson=0.426054
