run=weak-q_lq_0p6_ls_0p6_lb_0p2 mode=weak-q noise=0.20 train=4200 valid=600 test=1200
epoch=1 loss_total=1.036364 loss_rec=0.725657 valid_auc=0.587734 valid_rmse=0.499752 q_change=57 q_delta=0.077805 q_grad=0.000578
epoch=2 loss_total=0.976795 loss_rec=0.705843 valid_auc=0.594464 valid_rmse=0.499280 q_change=57 q_delta=0.143439 q_grad=0.000473
epoch=3 loss_total=0.941283 loss_rec=0.699717 valid_auc=0.608002 valid_rmse=0.498406 q_change=57 q_delta=0.196112 q_grad=0.000389
epoch=4 loss_total=0.913202 loss_rec=0.693026 valid_auc=0.627712 valid_rmse=0.497468 q_change=57 q_delta=0.237553 q_grad=0.000326
epoch=5 loss_total=0.896884 loss_rec=0.691809 valid_auc=0.649096 valid_rmse=0.494962 q_change=57 q_delta=0.268689 q_grad=0.000296
epoch=6 loss_total=0.878701 loss_rec=0.684032 valid_auc=0.662545 valid_rmse=0.491967 q_change=57 q_delta=0.290538 q_grad=0.000305
epoch=7 loss_total=0.856482 loss_rec=0.668433 valid_auc=0.663571 valid_rmse=0.485725 q_change=57 q_delta=0.304176 q_grad=0.000385
epoch=8 loss_total=0.837467 loss_rec=0.653043 valid_auc=0.664888 valid_rmse=0.480944 q_change=57 q_delta=0.312380 q_grad=0.000585
epoch=9 loss_total=0.824687 loss_rec=0.642926 valid_auc=0.674955 valid_rmse=0.476017 q_change=57 q_delta=0.319592 q_grad=0.000776
epoch=10 loss_total=0.823086 loss_rec=0.643753 valid_auc=0.675268 valid_rmse=0.476318 q_change=57 q_delta=0.324844 q_grad=0.000888
epoch=11 loss_total=0.817863 loss_rec=0.640064 valid_auc=0.678415 valid_rmse=0.474532 q_change=57 q_delta=0.329236 q_grad=0.001042
epoch=12 loss_total=0.806450 loss_rec=0.629974 valid_auc=0.681395 valid_rmse=0.475139 q_change=57 q_delta=0.332072 q_grad=0.001148
epoch=13 loss_total=0.801642 loss_rec=0.626212 valid_auc=0.682679 valid_rmse=0.473018 q_change=57 q_delta=0.335007 q_grad=0.001208
epoch=14 loss_total=0.800546 loss_rec=0.625817 valid_auc=0.681886 valid_rmse=0.474645 q_change=57 q_delta=0.336480 q_grad=0.001336
epoch=15 loss_total=0.796218 loss_rec=0.622040 valid_auc=0.682188 valid_rmse=0.473178 q_change=57 q_delta=0.338438 q_grad=0.001425
epoch=16 loss_total=0.796853 loss_rec=0.623091 valid_auc=0.684286 valid_rmse=0.473429 q_change=56 q_delta=0.339632 q_grad=0.001547
epoch=17 loss_total=0.793131 loss_rec=0.619833 valid_auc=0.683783 valid_rmse=0.473532 q_change=56 q_delta=0.341191 q_grad=0.001493
epoch=18 loss_total=0.786972 loss_rec=0.613966 valid_auc=0.684342 valid_rmse=0.473204 q_change=56 q_delta=0.343011 q_grad=0.001536
epoch=19 loss_total=0.785674 loss_rec=0.613116 valid_auc=0.683884 valid_rmse=0.474358 q_change=56 q_delta=0.344788 q_grad=0.001645
epoch=20 loss_total=0.783087 loss_rec=0.610743 valid_auc=0.686283 valid_rmse=0.472557 q_change=55 q_delta=0.346424 q_grad=0.001723
epoch=21 loss_total=0.778550 loss_rec=0.606461 valid_auc=0.687165 valid_rmse=0.474182 q_change=53 q_delta=0.347537 q_grad=0.001644
epoch=22 loss_total=0.776205 loss_rec=0.604287 valid_auc=0.686987 valid_rmse=0.473732 q_change=52 q_delta=0.348884 q_grad=0.001783
epoch=23 loss_total=0.773761 loss_rec=0.602024 valid_auc=0.684632 valid_rmse=0.473522 q_change=52 q_delta=0.350997 q_grad=0.001751
epoch=24 loss_total=0.768794 loss_rec=0.597244 valid_auc=0.683281 valid_rmse=0.474414 q_change=51 q_delta=0.352875 q_grad=0.001781
epoch=25 loss_total=0.769632 loss_rec=0.598208 valid_auc=0.684375 valid_rmse=0.474371 q_change=51 q_delta=0.354733 q_grad=0.001900
epoch=26 loss_total=0.766765 loss_rec=0.595465 valid_auc=0.686172 valid_rmse=0.474660 q_change=51 q_delta=0.356666 q_grad=0.001885
epoch=27 loss_total=0.762941 loss_rec=0.591681 valid_auc=0.686138 valid_rmse=0.475867 q_change=51 q_delta=0.358471 q_grad=0.001868
epoch=28 loss_total=0.765611 loss_rec=0.594481 valid_auc=0.685949 valid_rmse=0.474715 q_change=51 q_delta=0.360180 q_grad=0.001955
epoch=29 loss_total=0.758638 loss_rec=0.587614 valid_auc=0.688449 valid_rmse=0.474088 q_change=51 q_delta=0.361699 q_grad=0.001975
epoch=30 loss_total=0.757226 loss_rec=0.586219 valid_auc=0.690324 valid_rmse=0.474873 q_change=50 q_delta=0.362984 q_grad=0.001971
epoch=31 loss_total=0.752932 loss_rec=0.581908 valid_auc=0.689565 valid_rmse=0.474720 q_change=50 q_delta=0.364418 q_grad=0.002001
epoch=32 loss_total=0.753684 loss_rec=0.582684 valid_auc=0.691808 valid_rmse=0.474372 q_change=50 q_delta=0.366139 q_grad=0.002057
epoch=33 loss_total=0.750233 loss_rec=0.579191 valid_auc=0.690469 valid_rmse=0.472711 q_change=49 q_delta=0.367676 q_grad=0.002065
epoch=34 loss_total=0.749339 loss_rec=0.578344 valid_auc=0.689062 valid_rmse=0.472993 q_change=49 q_delta=0.368852 q_grad=0.002050
epoch=35 loss_total=0.748624 loss_rec=0.577624 valid_auc=0.693828 valid_rmse=0.471626 q_change=49 q_delta=0.370122 q_grad=0.002053
epoch=36 loss_total=0.741390 loss_rec=0.570294 valid_auc=0.693426 valid_rmse=0.472524 q_change=49 q_delta=0.371096 q_grad=0.002131
epoch=37 loss_total=0.736972 loss_rec=0.565816 valid_auc=0.692366 valid_rmse=0.474014 q_change=49 q_delta=0.372219 q_grad=0.002135
epoch=38 loss_total=0.732780 loss_rec=0.561674 valid_auc=0.692556 valid_rmse=0.475095 q_change=49 q_delta=0.373223 q_grad=0.002256
epoch=39 loss_total=0.732039 loss_rec=0.560909 valid_auc=0.690770 valid_rmse=0.473076 q_change=49 q_delta=0.374603 q_grad=0.002218
epoch=40 loss_total=0.728413 loss_rec=0.557260 valid_auc=0.691071 valid_rmse=0.473847 q_change=48 q_delta=0.375289 q_grad=0.002289
epoch=41 loss_total=0.722006 loss_rec=0.550889 valid_auc=0.691719 valid_rmse=0.475543 q_change=48 q_delta=0.376153 q_grad=0.002300
epoch=42 loss_total=0.723868 loss_rec=0.552744 valid_auc=0.688873 valid_rmse=0.474781 q_change=48 q_delta=0.377113 q_grad=0.002441
epoch=43 loss_total=0.717597 loss_rec=0.546452 valid_auc=0.690324 valid_rmse=0.475606 q_change=48 q_delta=0.377807 q_grad=0.002420
epoch=44 loss_total=0.715494 loss_rec=0.544376 valid_auc=0.688594 valid_rmse=0.476282 q_change=48 q_delta=0.378672 q_grad=0.002474
epoch=45 loss_total=0.709658 loss_rec=0.538589 valid_auc=0.687589 valid_rmse=0.480924 q_change=48 q_delta=0.379212 q_grad=0.002520
epoch=46 loss_total=0.709058 loss_rec=0.537946 valid_auc=0.692556 valid_rmse=0.475059 q_change=48 q_delta=0.380317 q_grad=0.002527
epoch=47 loss_total=0.705492 loss_rec=0.534397 valid_auc=0.688806 valid_rmse=0.478386 q_change=48 q_delta=0.380965 q_grad=0.002553
epoch=48 loss_total=0.702422 loss_rec=0.531371 valid_auc=0.689029 valid_rmse=0.477813 q_change=48 q_delta=0.381792 q_grad=0.002624
epoch=49 loss_total=0.697445 loss_rec=0.526426 valid_auc=0.690391 valid_rmse=0.476324 q_change=48 q_delta=0.382126 q_grad=0.002624
epoch=50 loss_total=0.692073 loss_rec=0.521072 valid_auc=0.687935 valid_rmse=0.479714 q_change=48 q_delta=0.382691 q_grad=0.002635
epoch=51 loss_total=0.691430 loss_rec=0.520526 valid_auc=0.689085 valid_rmse=0.480308 q_change=48 q_delta=0.383146 q_grad=0.002716
epoch=52 loss_total=0.692993 loss_rec=0.522131 valid_auc=0.687645 valid_rmse=0.479027 q_change=48 q_delta=0.383832 q_grad=0.002765
epoch=53 loss_total=0.693249 loss_rec=0.522419 valid_auc=0.688147 valid_rmse=0.478086 q_change=48 q_delta=0.384222 q_grad=0.002775
epoch=54 loss_total=0.685727 loss_rec=0.514892 valid_auc=0.685134 valid_rmse=0.480963 q_change=46 q_delta=0.384559 q_grad=0.002790
epoch=55 loss_total=0.681522 loss_rec=0.510763 valid_auc=0.691830 valid_rmse=0.477577 q_change=46 q_delta=0.385022 q_grad=0.002755
Early stopping at epoch 55; best_epoch=35.
Saved run to C:\Users\YAN_SHU_YU\Desktop\Generative-CD\Q_GNCDM\results\weak_q_lambda_sweep\lq_0p6_ls_0p6_lb_0p2\seed_2026\noise_0.20\weak-q_lq_0p6_ls_0p6_lb_0p2
Final metrics: q_hat_f1=0.250000 response_auc=0.691920 mastery_pearson=0.416163
