run=weak-q_lq_0p8_ls_0p7_lb_0p7 mode=weak-q noise=0.20 train=4200 valid=600 test=1200
epoch=1 loss_total=1.201721 loss_rec=0.725664 valid_auc=0.587589 valid_rmse=0.499757 q_change=57 q_delta=0.078984 q_grad=0.000729
epoch=2 loss_total=1.128140 loss_rec=0.705958 valid_auc=0.593739 valid_rmse=0.499335 q_change=57 q_delta=0.148768 q_grad=0.000651
epoch=3 loss_total=1.077183 loss_rec=0.700118 valid_auc=0.605586 valid_rmse=0.498606 q_change=57 q_delta=0.207040 q_grad=0.000572
epoch=4 loss_total=1.034697 loss_rec=0.694043 valid_auc=0.622545 valid_rmse=0.498011 q_change=57 q_delta=0.254057 q_grad=0.000495
epoch=5 loss_total=1.006487 loss_rec=0.694096 valid_auc=0.643276 valid_rmse=0.496291 q_change=57 q_delta=0.290661 q_grad=0.000427
epoch=6 loss_total=0.980382 loss_rec=0.689592 valid_auc=0.658069 valid_rmse=0.495382 q_change=57 q_delta=0.318494 q_grad=0.000376
epoch=7 loss_total=0.956545 loss_rec=0.681938 valid_auc=0.658761 valid_rmse=0.493131 q_change=57 q_delta=0.339207 q_grad=0.000355
epoch=8 loss_total=0.937103 loss_rec=0.674032 valid_auc=0.654487 valid_rmse=0.488853 q_change=57 q_delta=0.353395 q_grad=0.000391
epoch=9 loss_total=0.918193 loss_rec=0.663011 valid_auc=0.660279 valid_rmse=0.482110 q_change=57 q_delta=0.363734 q_grad=0.000507
epoch=10 loss_total=0.909404 loss_rec=0.660453 valid_auc=0.661027 valid_rmse=0.481314 q_change=57 q_delta=0.371946 q_grad=0.000609
epoch=11 loss_total=0.900802 loss_rec=0.656635 valid_auc=0.662746 valid_rmse=0.480165 q_change=57 q_delta=0.379023 q_grad=0.000719
epoch=12 loss_total=0.887520 loss_rec=0.647660 valid_auc=0.666998 valid_rmse=0.480793 q_change=57 q_delta=0.384718 q_grad=0.000790
epoch=13 loss_total=0.881907 loss_rec=0.645627 valid_auc=0.669174 valid_rmse=0.477640 q_change=57 q_delta=0.389662 q_grad=0.000817
epoch=14 loss_total=0.878233 loss_rec=0.644693 valid_auc=0.669810 valid_rmse=0.478947 q_change=57 q_delta=0.393255 q_grad=0.000916
epoch=15 loss_total=0.874168 loss_rec=0.642969 valid_auc=0.669308 valid_rmse=0.477175 q_change=57 q_delta=0.396763 q_grad=0.000984
epoch=16 loss_total=0.872985 loss_rec=0.643712 valid_auc=0.672321 valid_rmse=0.476944 q_change=57 q_delta=0.399330 q_grad=0.001098
epoch=17 loss_total=0.870090 loss_rec=0.642542 valid_auc=0.674096 valid_rmse=0.477202 q_change=57 q_delta=0.401583 q_grad=0.001084
epoch=18 loss_total=0.863090 loss_rec=0.636915 valid_auc=0.676585 valid_rmse=0.476102 q_change=57 q_delta=0.403610 q_grad=0.001139
epoch=19 loss_total=0.860394 loss_rec=0.635515 valid_auc=0.677243 valid_rmse=0.476207 q_change=57 q_delta=0.405319 q_grad=0.001239
epoch=20 loss_total=0.858704 loss_rec=0.634829 valid_auc=0.681027 valid_rmse=0.474503 q_change=57 q_delta=0.406880 q_grad=0.001351
epoch=21 loss_total=0.854517 loss_rec=0.631590 valid_auc=0.681295 valid_rmse=0.475691 q_change=57 q_delta=0.407852 q_grad=0.001316
epoch=22 loss_total=0.852990 loss_rec=0.630735 valid_auc=0.682522 valid_rmse=0.474167 q_change=57 q_delta=0.408717 q_grad=0.001453
epoch=23 loss_total=0.849355 loss_rec=0.627685 valid_auc=0.682132 valid_rmse=0.473756 q_change=57 q_delta=0.409647 q_grad=0.001477
epoch=24 loss_total=0.844345 loss_rec=0.623202 valid_auc=0.681674 valid_rmse=0.474090 q_change=57 q_delta=0.410200 q_grad=0.001537
epoch=25 loss_total=0.846574 loss_rec=0.625803 valid_auc=0.682400 valid_rmse=0.473778 q_change=57 q_delta=0.410437 q_grad=0.001693
epoch=26 loss_total=0.843384 loss_rec=0.622852 valid_auc=0.683549 valid_rmse=0.474602 q_change=57 q_delta=0.410654 q_grad=0.001697
epoch=27 loss_total=0.839884 loss_rec=0.619435 valid_auc=0.687232 valid_rmse=0.474572 q_change=56 q_delta=0.410857 q_grad=0.001708
epoch=28 loss_total=0.841397 loss_rec=0.621122 valid_auc=0.685770 valid_rmse=0.473732 q_change=56 q_delta=0.411887 q_grad=0.001803
epoch=29 loss_total=0.836198 loss_rec=0.616079 valid_auc=0.688627 valid_rmse=0.473041 q_change=56 q_delta=0.412491 q_grad=0.001862
epoch=30 loss_total=0.836062 loss_rec=0.616039 valid_auc=0.689408 valid_rmse=0.473027 q_change=56 q_delta=0.412844 q_grad=0.001834
epoch=31 loss_total=0.832006 loss_rec=0.611978 valid_auc=0.691306 valid_rmse=0.473076 q_change=56 q_delta=0.413194 q_grad=0.001878
epoch=32 loss_total=0.833444 loss_rec=0.613529 valid_auc=0.692723 valid_rmse=0.473494 q_change=56 q_delta=0.413372 q_grad=0.001938
epoch=33 loss_total=0.831428 loss_rec=0.611556 valid_auc=0.690000 valid_rmse=0.471706 q_change=55 q_delta=0.413841 q_grad=0.001910
epoch=34 loss_total=0.830146 loss_rec=0.610377 valid_auc=0.689453 valid_rmse=0.471731 q_change=55 q_delta=0.414156 q_grad=0.001920
epoch=35 loss_total=0.830093 loss_rec=0.610438 valid_auc=0.692623 valid_rmse=0.470873 q_change=55 q_delta=0.414787 q_grad=0.001894
epoch=36 loss_total=0.826163 loss_rec=0.606470 valid_auc=0.693806 valid_rmse=0.471561 q_change=55 q_delta=0.415019 q_grad=0.001947
epoch=37 loss_total=0.820422 loss_rec=0.600741 valid_auc=0.694129 valid_rmse=0.471720 q_change=55 q_delta=0.415476 q_grad=0.001943
epoch=38 loss_total=0.819447 loss_rec=0.599913 valid_auc=0.694096 valid_rmse=0.473567 q_change=55 q_delta=0.415931 q_grad=0.002046
epoch=39 loss_total=0.821802 loss_rec=0.602381 valid_auc=0.695179 valid_rmse=0.470487 q_change=54 q_delta=0.416520 q_grad=0.001976
epoch=40 loss_total=0.816972 loss_rec=0.597686 valid_auc=0.695134 valid_rmse=0.470887 q_change=54 q_delta=0.416912 q_grad=0.002012
epoch=41 loss_total=0.812971 loss_rec=0.593840 valid_auc=0.696596 valid_rmse=0.471286 q_change=54 q_delta=0.417220 q_grad=0.002005
epoch=42 loss_total=0.816445 loss_rec=0.597384 valid_auc=0.693415 valid_rmse=0.471288 q_change=54 q_delta=0.417611 q_grad=0.002102
epoch=43 loss_total=0.811929 loss_rec=0.592887 valid_auc=0.693359 valid_rmse=0.471605 q_change=54 q_delta=0.417759 q_grad=0.002057
epoch=44 loss_total=0.812531 loss_rec=0.593643 valid_auc=0.693270 valid_rmse=0.472102 q_change=54 q_delta=0.418091 q_grad=0.002111
epoch=45 loss_total=0.808792 loss_rec=0.590048 valid_auc=0.693951 valid_rmse=0.474994 q_change=54 q_delta=0.418246 q_grad=0.002148
epoch=46 loss_total=0.809301 loss_rec=0.590581 valid_auc=0.695871 valid_rmse=0.470346 q_change=54 q_delta=0.418641 q_grad=0.002118
epoch=47 loss_total=0.806204 loss_rec=0.587599 valid_auc=0.695246 valid_rmse=0.471871 q_change=53 q_delta=0.418759 q_grad=0.002138
epoch=48 loss_total=0.804516 loss_rec=0.585923 valid_auc=0.694531 valid_rmse=0.471406 q_change=53 q_delta=0.418839 q_grad=0.002215
epoch=49 loss_total=0.801458 loss_rec=0.582862 valid_auc=0.694632 valid_rmse=0.471346 q_change=52 q_delta=0.418802 q_grad=0.002252
epoch=50 loss_total=0.796760 loss_rec=0.578110 valid_auc=0.692846 valid_rmse=0.472792 q_change=52 q_delta=0.419012 q_grad=0.002174
epoch=51 loss_total=0.796058 loss_rec=0.577408 valid_auc=0.694275 valid_rmse=0.475156 q_change=52 q_delta=0.419381 q_grad=0.002314
epoch=52 loss_total=0.796645 loss_rec=0.577989 valid_auc=0.692020 valid_rmse=0.473079 q_change=51 q_delta=0.419974 q_grad=0.002325
epoch=53 loss_total=0.796358 loss_rec=0.577621 valid_auc=0.693929 valid_rmse=0.472603 q_change=51 q_delta=0.420543 q_grad=0.002350
epoch=54 loss_total=0.787273 loss_rec=0.568484 valid_auc=0.689933 valid_rmse=0.475136 q_change=51 q_delta=0.421232 q_grad=0.002337
epoch=55 loss_total=0.784797 loss_rec=0.566027 valid_auc=0.695234 valid_rmse=0.472561 q_change=51 q_delta=0.421986 q_grad=0.002371
epoch=56 loss_total=0.784932 loss_rec=0.566111 valid_auc=0.691060 valid_rmse=0.474014 q_change=51 q_delta=0.422611 q_grad=0.002442
epoch=57 loss_total=0.781431 loss_rec=0.562593 valid_auc=0.690792 valid_rmse=0.476426 q_change=51 q_delta=0.423161 q_grad=0.002554
epoch=58 loss_total=0.775563 loss_rec=0.556717 valid_auc=0.689911 valid_rmse=0.479066 q_change=51 q_delta=0.423759 q_grad=0.002533
epoch=59 loss_total=0.775923 loss_rec=0.557187 valid_auc=0.690290 valid_rmse=0.474550 q_change=51 q_delta=0.424341 q_grad=0.002539
epoch=60 loss_total=0.774080 loss_rec=0.555394 valid_auc=0.691496 valid_rmse=0.475703 q_change=51 q_delta=0.424659 q_grad=0.002566
epoch=61 loss_total=0.770879 loss_rec=0.552186 valid_auc=0.690268 valid_rmse=0.475347 q_change=51 q_delta=0.425071 q_grad=0.002686
Early stopping at epoch 61; best_epoch=41.
Saved run to C:\Users\YAN_SHU_YU\Desktop\Generative-CD\Q_GNCDM\results\weak_q_lambda_sweep\lq_0p8_ls_0p7_lb_0p7\seed_2026\noise_0.20\weak-q_lq_0p8_ls_0p7_lb_0p7
Final metrics: q_hat_f1=0.101695 response_auc=0.687375 mastery_pearson=0.347948
