run=weak-q_lq_0p05_ls_0p9_lb_0p1 mode=weak-q noise=0.20 train=4200 valid=600 test=1200
epoch=1 loss_total=1.140855 loss_rec=0.725667 valid_auc=0.587444 valid_rmse=0.499760 q_change=57 q_delta=0.079498 q_grad=0.000912
epoch=2 loss_total=1.051864 loss_rec=0.706010 valid_auc=0.592958 valid_rmse=0.499364 q_change=57 q_delta=0.150938 q_grad=0.000845
epoch=3 loss_total=0.985398 loss_rec=0.700297 valid_auc=0.603460 valid_rmse=0.498700 q_change=57 q_delta=0.211293 q_grad=0.000761
epoch=4 loss_total=0.928913 loss_rec=0.694458 valid_auc=0.619102 valid_rmse=0.498236 q_change=57 q_delta=0.260167 q_grad=0.000668
epoch=5 loss_total=0.889039 loss_rec=0.694911 valid_auc=0.638588 valid_rmse=0.496757 q_change=57 q_delta=0.298370 q_grad=0.000575
epoch=6 loss_total=0.853931 loss_rec=0.691269 valid_auc=0.654074 valid_rmse=0.496383 q_change=57 q_delta=0.327710 q_grad=0.000495
epoch=7 loss_total=0.824085 loss_rec=0.685632 valid_auc=0.656295 valid_rmse=0.495327 q_change=57 q_delta=0.350118 q_grad=0.000432
epoch=8 loss_total=0.801724 loss_rec=0.681573 valid_auc=0.650949 valid_rmse=0.493149 q_change=57 q_delta=0.366713 q_grad=0.000396
epoch=9 loss_total=0.781687 loss_rec=0.675026 valid_auc=0.653817 valid_rmse=0.487553 q_change=57 q_delta=0.379066 q_grad=0.000421
epoch=10 loss_total=0.767506 loss_rec=0.671015 valid_auc=0.655714 valid_rmse=0.485108 q_change=57 q_delta=0.388131 q_grad=0.000476
epoch=11 loss_total=0.754256 loss_rec=0.665251 valid_auc=0.656094 valid_rmse=0.483337 q_change=57 q_delta=0.395612 q_grad=0.000572
epoch=12 loss_total=0.737767 loss_rec=0.655407 valid_auc=0.659967 valid_rmse=0.483821 q_change=57 q_delta=0.401962 q_grad=0.000643
epoch=13 loss_total=0.730221 loss_rec=0.653563 valid_auc=0.661652 valid_rmse=0.480229 q_change=57 q_delta=0.407427 q_grad=0.000657
epoch=14 loss_total=0.724393 loss_rec=0.652244 valid_auc=0.664810 valid_rmse=0.481563 q_change=57 q_delta=0.411708 q_grad=0.000727
epoch=15 loss_total=0.719557 loss_rec=0.651334 valid_auc=0.662868 valid_rmse=0.479948 q_change=57 q_delta=0.415707 q_grad=0.000762
epoch=16 loss_total=0.716734 loss_rec=0.651761 valid_auc=0.664085 valid_rmse=0.480002 q_change=57 q_delta=0.418867 q_grad=0.000833
epoch=17 loss_total=0.713995 loss_rec=0.651972 valid_auc=0.666429 valid_rmse=0.480608 q_change=57 q_delta=0.421664 q_grad=0.000807
epoch=18 loss_total=0.706712 loss_rec=0.647206 valid_auc=0.667857 valid_rmse=0.479858 q_change=57 q_delta=0.424212 q_grad=0.000828
epoch=19 loss_total=0.702999 loss_rec=0.645724 valid_auc=0.667187 valid_rmse=0.479790 q_change=57 q_delta=0.426381 q_grad=0.000880
epoch=20 loss_total=0.701543 loss_rec=0.646157 valid_auc=0.670725 valid_rmse=0.478391 q_change=57 q_delta=0.428420 q_grad=0.000954
epoch=21 loss_total=0.697261 loss_rec=0.643690 valid_auc=0.670145 valid_rmse=0.479293 q_change=57 q_delta=0.429988 q_grad=0.000909
epoch=22 loss_total=0.696345 loss_rec=0.644242 valid_auc=0.669654 valid_rmse=0.478195 q_change=57 q_delta=0.431517 q_grad=0.000983
epoch=23 loss_total=0.692173 loss_rec=0.641457 valid_auc=0.668270 valid_rmse=0.477907 q_change=57 q_delta=0.432984 q_grad=0.000991
epoch=24 loss_total=0.687668 loss_rec=0.638244 valid_auc=0.669063 valid_rmse=0.478312 q_change=57 q_delta=0.434184 q_grad=0.001029
epoch=25 loss_total=0.689933 loss_rec=0.641577 valid_auc=0.667969 valid_rmse=0.477829 q_change=57 q_delta=0.435221 q_grad=0.001117
epoch=26 loss_total=0.687211 loss_rec=0.639846 valid_auc=0.668583 valid_rmse=0.478415 q_change=57 q_delta=0.436189 q_grad=0.001128
epoch=27 loss_total=0.685006 loss_rec=0.638470 valid_auc=0.671384 valid_rmse=0.477849 q_change=57 q_delta=0.437034 q_grad=0.001134
epoch=28 loss_total=0.685704 loss_rec=0.639976 valid_auc=0.672360 valid_rmse=0.477073 q_change=57 q_delta=0.437876 q_grad=0.001186
epoch=29 loss_total=0.682689 loss_rec=0.637683 valid_auc=0.673917 valid_rmse=0.477027 q_change=57 q_delta=0.438587 q_grad=0.001241
epoch=30 loss_total=0.683649 loss_rec=0.639303 valid_auc=0.675056 valid_rmse=0.477328 q_change=57 q_delta=0.439179 q_grad=0.001239
epoch=31 loss_total=0.679822 loss_rec=0.635985 valid_auc=0.676194 valid_rmse=0.476583 q_change=57 q_delta=0.439798 q_grad=0.001272
epoch=32 loss_total=0.681654 loss_rec=0.638365 valid_auc=0.677243 valid_rmse=0.477457 q_change=57 q_delta=0.440246 q_grad=0.001327
epoch=33 loss_total=0.680439 loss_rec=0.637555 valid_auc=0.675848 valid_rmse=0.476044 q_change=57 q_delta=0.440907 q_grad=0.001321
epoch=34 loss_total=0.679366 loss_rec=0.636984 valid_auc=0.674821 valid_rmse=0.475724 q_change=57 q_delta=0.441282 q_grad=0.001350
epoch=35 loss_total=0.680981 loss_rec=0.638987 valid_auc=0.676529 valid_rmse=0.475217 q_change=57 q_delta=0.441672 q_grad=0.001350
epoch=36 loss_total=0.677607 loss_rec=0.635954 valid_auc=0.676942 valid_rmse=0.476350 q_change=57 q_delta=0.441934 q_grad=0.001396
epoch=37 loss_total=0.672873 loss_rec=0.631539 valid_auc=0.678605 valid_rmse=0.475522 q_change=57 q_delta=0.442264 q_grad=0.001430
epoch=38 loss_total=0.671778 loss_rec=0.630703 valid_auc=0.679018 valid_rmse=0.476716 q_change=57 q_delta=0.442520 q_grad=0.001531
epoch=39 loss_total=0.675336 loss_rec=0.634553 valid_auc=0.678516 valid_rmse=0.475050 q_change=57 q_delta=0.442924 q_grad=0.001511
epoch=40 loss_total=0.671678 loss_rec=0.631186 valid_auc=0.679196 valid_rmse=0.475229 q_change=57 q_delta=0.443137 q_grad=0.001556
epoch=41 loss_total=0.667817 loss_rec=0.627523 valid_auc=0.681451 valid_rmse=0.475537 q_change=57 q_delta=0.443276 q_grad=0.001578
epoch=42 loss_total=0.672465 loss_rec=0.632340 valid_auc=0.678650 valid_rmse=0.475665 q_change=57 q_delta=0.443506 q_grad=0.001633
epoch=43 loss_total=0.669057 loss_rec=0.629050 valid_auc=0.678940 valid_rmse=0.475255 q_change=57 q_delta=0.443565 q_grad=0.001600
epoch=44 loss_total=0.669382 loss_rec=0.629494 valid_auc=0.679342 valid_rmse=0.475445 q_change=57 q_delta=0.443736 q_grad=0.001670
epoch=45 loss_total=0.667318 loss_rec=0.627562 valid_auc=0.681328 valid_rmse=0.477026 q_change=57 q_delta=0.443770 q_grad=0.001715
epoch=46 loss_total=0.668859 loss_rec=0.629135 valid_auc=0.682299 valid_rmse=0.473879 q_change=57 q_delta=0.443888 q_grad=0.001696
epoch=47 loss_total=0.666093 loss_rec=0.626416 valid_auc=0.685290 valid_rmse=0.474097 q_change=57 q_delta=0.443834 q_grad=0.001723
epoch=48 loss_total=0.667348 loss_rec=0.627641 valid_auc=0.686373 valid_rmse=0.473127 q_change=57 q_delta=0.443845 q_grad=0.001753
epoch=49 loss_total=0.665267 loss_rec=0.625481 valid_auc=0.686429 valid_rmse=0.473243 q_change=57 q_delta=0.443779 q_grad=0.001789
epoch=50 loss_total=0.661310 loss_rec=0.621477 valid_auc=0.683795 valid_rmse=0.473808 q_change=57 q_delta=0.443663 q_grad=0.001724
epoch=51 loss_total=0.662048 loss_rec=0.622091 valid_auc=0.686406 valid_rmse=0.475203 q_change=57 q_delta=0.443410 q_grad=0.001859
epoch=52 loss_total=0.662813 loss_rec=0.622725 valid_auc=0.685603 valid_rmse=0.473172 q_change=57 q_delta=0.443334 q_grad=0.001867
epoch=53 loss_total=0.664214 loss_rec=0.623990 valid_auc=0.687958 valid_rmse=0.472509 q_change=56 q_delta=0.443232 q_grad=0.001851
epoch=54 loss_total=0.656276 loss_rec=0.615911 valid_auc=0.687355 valid_rmse=0.473741 q_change=56 q_delta=0.443573 q_grad=0.001827
epoch=55 loss_total=0.656239 loss_rec=0.615740 valid_auc=0.689877 valid_rmse=0.472251 q_change=56 q_delta=0.443912 q_grad=0.001867
epoch=56 loss_total=0.658037 loss_rec=0.617486 valid_auc=0.687522 valid_rmse=0.472519 q_change=56 q_delta=0.444243 q_grad=0.001927
epoch=57 loss_total=0.656753 loss_rec=0.616159 valid_auc=0.689788 valid_rmse=0.474340 q_change=56 q_delta=0.444341 q_grad=0.001961
epoch=58 loss_total=0.653044 loss_rec=0.612390 valid_auc=0.688371 valid_rmse=0.474004 q_change=56 q_delta=0.444606 q_grad=0.001926
epoch=59 loss_total=0.653124 loss_rec=0.612565 valid_auc=0.687902 valid_rmse=0.472257 q_change=56 q_delta=0.444878 q_grad=0.001944
epoch=60 loss_total=0.652474 loss_rec=0.611906 valid_auc=0.691183 valid_rmse=0.472315 q_change=56 q_delta=0.444972 q_grad=0.001968
epoch=61 loss_total=0.652321 loss_rec=0.611709 valid_auc=0.690067 valid_rmse=0.472604 q_change=56 q_delta=0.445136 q_grad=0.001999
epoch=62 loss_total=0.651454 loss_rec=0.610943 valid_auc=0.690658 valid_rmse=0.471609 q_change=56 q_delta=0.445341 q_grad=0.001948
epoch=63 loss_total=0.652417 loss_rec=0.611912 valid_auc=0.689163 valid_rmse=0.472395 q_change=56 q_delta=0.445402 q_grad=0.001949
epoch=64 loss_total=0.655292 loss_rec=0.614868 valid_auc=0.693214 valid_rmse=0.473984 q_change=56 q_delta=0.445527 q_grad=0.002020
epoch=65 loss_total=0.649167 loss_rec=0.608771 valid_auc=0.692478 valid_rmse=0.471176 q_change=56 q_delta=0.445733 q_grad=0.001906
epoch=66 loss_total=0.650357 loss_rec=0.610013 valid_auc=0.694888 valid_rmse=0.471641 q_change=56 q_delta=0.445793 q_grad=0.002023
epoch=67 loss_total=0.652497 loss_rec=0.612210 valid_auc=0.690636 valid_rmse=0.473035 q_change=56 q_delta=0.445929 q_grad=0.001982
epoch=68 loss_total=0.648873 loss_rec=0.608624 valid_auc=0.693661 valid_rmse=0.472715 q_change=56 q_delta=0.445968 q_grad=0.001997
epoch=69 loss_total=0.645843 loss_rec=0.605615 valid_auc=0.696127 valid_rmse=0.477516 q_change=56 q_delta=0.445921 q_grad=0.002061
epoch=70 loss_total=0.646063 loss_rec=0.605817 valid_auc=0.692723 valid_rmse=0.471209 q_change=56 q_delta=0.446091 q_grad=0.002053
epoch=71 loss_total=0.647911 loss_rec=0.607729 valid_auc=0.693806 valid_rmse=0.471208 q_change=56 q_delta=0.446142 q_grad=0.002049
epoch=72 loss_total=0.646556 loss_rec=0.606308 valid_auc=0.692533 valid_rmse=0.471944 q_change=56 q_delta=0.446074 q_grad=0.002065
epoch=73 loss_total=0.644124 loss_rec=0.603875 valid_auc=0.690089 valid_rmse=0.471908 q_change=56 q_delta=0.446146 q_grad=0.002116
epoch=74 loss_total=0.647547 loss_rec=0.607268 valid_auc=0.691529 valid_rmse=0.472442 q_change=56 q_delta=0.446057 q_grad=0.002066
epoch=75 loss_total=0.646046 loss_rec=0.605670 valid_auc=0.691473 valid_rmse=0.477907 q_change=55 q_delta=0.445891 q_grad=0.002040
epoch=76 loss_total=0.645718 loss_rec=0.605174 valid_auc=0.689129 valid_rmse=0.472011 q_change=55 q_delta=0.445829 q_grad=0.002032
epoch=77 loss_total=0.639696 loss_rec=0.599030 valid_auc=0.690000 valid_rmse=0.475339 q_change=55 q_delta=0.445649 q_grad=0.002015
epoch=78 loss_total=0.640846 loss_rec=0.600076 valid_auc=0.690167 valid_rmse=0.473391 q_change=55 q_delta=0.445572 q_grad=0.002154
epoch=79 loss_total=0.640658 loss_rec=0.599829 valid_auc=0.690335 valid_rmse=0.473064 q_change=55 q_delta=0.445586 q_grad=0.002215
epoch=80 loss_total=0.639984 loss_rec=0.599034 valid_auc=0.690156 valid_rmse=0.472539 q_change=55 q_delta=0.445411 q_grad=0.002120
epoch=81 loss_total=0.636319 loss_rec=0.595218 valid_auc=0.692031 valid_rmse=0.473987 q_change=54 q_delta=0.445217 q_grad=0.002174
epoch=82 loss_total=0.635853 loss_rec=0.594689 valid_auc=0.690134 valid_rmse=0.473779 q_change=54 q_delta=0.445331 q_grad=0.002182
epoch=83 loss_total=0.634768 loss_rec=0.593535 valid_auc=0.691562 valid_rmse=0.477482 q_change=54 q_delta=0.445503 q_grad=0.002153
epoch=84 loss_total=0.635448 loss_rec=0.594053 valid_auc=0.692478 valid_rmse=0.474082 q_change=54 q_delta=0.445752 q_grad=0.002222
epoch=85 loss_total=0.636694 loss_rec=0.595268 valid_auc=0.690949 valid_rmse=0.478000 q_change=54 q_delta=0.445851 q_grad=0.002232
epoch=86 loss_total=0.638161 loss_rec=0.596661 valid_auc=0.691194 valid_rmse=0.475318 q_change=54 q_delta=0.446073 q_grad=0.002213
epoch=87 loss_total=0.632928 loss_rec=0.591390 valid_auc=0.689933 valid_rmse=0.475080 q_change=54 q_delta=0.446284 q_grad=0.002161
epoch=88 loss_total=0.627359 loss_rec=0.585785 valid_auc=0.689621 valid_rmse=0.475016 q_change=54 q_delta=0.446482 q_grad=0.002229
epoch=89 loss_total=0.628400 loss_rec=0.586817 valid_auc=0.690625 valid_rmse=0.479975 q_change=54 q_delta=0.446624 q_grad=0.002262
Early stopping at epoch 89; best_epoch=69.
Saved run to C:\Users\YAN_SHU_YU\Desktop\Generative-CD\Q_GNCDM\results\weak_q_lambda_sweep\lq_0p05_ls_0p9_lb_0p1\seed_2026\noise_0.20\weak-q_lq_0p05_ls_0p9_lb_0p1
Final metrics: q_hat_f1=0.035088 response_auc=0.684059 mastery_pearson=0.281529
