run=weak-q_lq_0p4_ls_0p1_lb_0p3 mode=weak-q noise=0.20 train=4200 valid=600 test=1200
epoch=1 loss_total=0.843352 loss_rec=0.725535 valid_auc=0.592556 valid_rmse=0.499630 q_change=37 q_delta=0.064434 q_grad=0.000112
epoch=2 loss_total=0.816695 loss_rec=0.704559 valid_auc=0.611563 valid_rmse=0.498476 q_change=47 q_delta=0.105061 q_grad=0.000122
epoch=3 loss_total=0.804414 loss_rec=0.695371 valid_auc=0.640357 valid_rmse=0.495648 q_change=43 q_delta=0.129542 q_grad=0.000156
epoch=4 loss_total=0.787840 loss_rec=0.680425 valid_auc=0.664743 valid_rmse=0.489374 q_change=37 q_delta=0.144420 q_grad=0.000231
epoch=5 loss_total=0.767292 loss_rec=0.660038 valid_auc=0.671004 valid_rmse=0.479702 q_change=35 q_delta=0.150214 q_grad=0.000423
epoch=6 loss_total=0.741694 loss_rec=0.634150 valid_auc=0.675681 valid_rmse=0.475644 q_change=28 q_delta=0.155709 q_grad=0.000697
epoch=7 loss_total=0.727566 loss_rec=0.620266 valid_auc=0.681283 valid_rmse=0.474986 q_change=25 q_delta=0.161115 q_grad=0.000826
epoch=8 loss_total=0.723166 loss_rec=0.616207 valid_auc=0.679743 valid_rmse=0.475657 q_change=23 q_delta=0.167818 q_grad=0.000940
epoch=9 loss_total=0.717417 loss_rec=0.610833 valid_auc=0.683002 valid_rmse=0.474266 q_change=25 q_delta=0.175379 q_grad=0.000984
epoch=10 loss_total=0.720966 loss_rec=0.614857 valid_auc=0.682098 valid_rmse=0.475854 q_change=23 q_delta=0.183035 q_grad=0.000972
epoch=11 loss_total=0.718739 loss_rec=0.612913 valid_auc=0.682400 valid_rmse=0.474659 q_change=25 q_delta=0.190580 q_grad=0.001033
epoch=12 loss_total=0.710143 loss_rec=0.604649 valid_auc=0.681562 valid_rmse=0.476146 q_change=23 q_delta=0.197659 q_grad=0.001048
epoch=13 loss_total=0.705974 loss_rec=0.600850 valid_auc=0.681886 valid_rmse=0.475027 q_change=22 q_delta=0.205865 q_grad=0.001024
epoch=14 loss_total=0.705803 loss_rec=0.600995 valid_auc=0.681618 valid_rmse=0.476726 q_change=22 q_delta=0.213033 q_grad=0.001072
epoch=15 loss_total=0.700722 loss_rec=0.596163 valid_auc=0.682913 valid_rmse=0.475607 q_change=22 q_delta=0.220479 q_grad=0.001081
epoch=16 loss_total=0.701772 loss_rec=0.597463 valid_auc=0.683571 valid_rmse=0.475686 q_change=21 q_delta=0.227752 q_grad=0.001172
epoch=17 loss_total=0.695501 loss_rec=0.591466 valid_auc=0.683371 valid_rmse=0.475778 q_change=19 q_delta=0.234526 q_grad=0.001106
epoch=18 loss_total=0.689094 loss_rec=0.585293 valid_auc=0.683873 valid_rmse=0.476145 q_change=18 q_delta=0.241183 q_grad=0.001141
epoch=19 loss_total=0.686541 loss_rec=0.583020 valid_auc=0.685234 valid_rmse=0.476633 q_change=18 q_delta=0.247876 q_grad=0.001188
epoch=20 loss_total=0.682488 loss_rec=0.579180 valid_auc=0.686786 valid_rmse=0.475505 q_change=19 q_delta=0.254508 q_grad=0.001259
epoch=21 loss_total=0.675533 loss_rec=0.572445 valid_auc=0.688326 valid_rmse=0.475905 q_change=19 q_delta=0.260777 q_grad=0.001213
epoch=22 loss_total=0.671080 loss_rec=0.568218 valid_auc=0.687433 valid_rmse=0.476475 q_change=17 q_delta=0.266829 q_grad=0.001305
epoch=23 loss_total=0.666803 loss_rec=0.564146 valid_auc=0.685993 valid_rmse=0.477101 q_change=17 q_delta=0.272621 q_grad=0.001279
epoch=24 loss_total=0.658249 loss_rec=0.555794 valid_auc=0.686105 valid_rmse=0.478094 q_change=17 q_delta=0.278452 q_grad=0.001320
epoch=25 loss_total=0.654817 loss_rec=0.552557 valid_auc=0.688371 valid_rmse=0.478318 q_change=17 q_delta=0.284125 q_grad=0.001407
epoch=26 loss_total=0.649399 loss_rec=0.547328 valid_auc=0.688170 valid_rmse=0.478885 q_change=17 q_delta=0.289252 q_grad=0.001367
epoch=27 loss_total=0.644579 loss_rec=0.542659 valid_auc=0.687143 valid_rmse=0.481789 q_change=17 q_delta=0.294141 q_grad=0.001394
epoch=28 loss_total=0.645083 loss_rec=0.543321 valid_auc=0.687388 valid_rmse=0.480693 q_change=16 q_delta=0.299445 q_grad=0.001485
epoch=29 loss_total=0.636420 loss_rec=0.534829 valid_auc=0.689587 valid_rmse=0.480457 q_change=17 q_delta=0.303864 q_grad=0.001443
epoch=30 loss_total=0.632361 loss_rec=0.530890 valid_auc=0.690324 valid_rmse=0.481790 q_change=17 q_delta=0.308534 q_grad=0.001507
epoch=31 loss_total=0.625889 loss_rec=0.524557 valid_auc=0.688449 valid_rmse=0.482641 q_change=19 q_delta=0.312760 q_grad=0.001479
epoch=32 loss_total=0.624604 loss_rec=0.523402 valid_auc=0.692589 valid_rmse=0.481645 q_change=19 q_delta=0.316910 q_grad=0.001506
epoch=33 loss_total=0.619588 loss_rec=0.518481 valid_auc=0.688583 valid_rmse=0.481436 q_change=19 q_delta=0.321048 q_grad=0.001505
epoch=34 loss_total=0.619788 loss_rec=0.518819 valid_auc=0.688728 valid_rmse=0.481246 q_change=19 q_delta=0.324612 q_grad=0.001472
epoch=35 loss_total=0.619342 loss_rec=0.518465 valid_auc=0.691328 valid_rmse=0.479968 q_change=19 q_delta=0.328035 q_grad=0.001494
epoch=36 loss_total=0.611656 loss_rec=0.510841 valid_auc=0.690424 valid_rmse=0.481401 q_change=19 q_delta=0.331130 q_grad=0.001511
epoch=37 loss_total=0.608656 loss_rec=0.507925 valid_auc=0.688672 valid_rmse=0.483645 q_change=19 q_delta=0.334169 q_grad=0.001481
epoch=38 loss_total=0.601452 loss_rec=0.500818 valid_auc=0.690112 valid_rmse=0.483976 q_change=19 q_delta=0.337064 q_grad=0.001520
epoch=39 loss_total=0.601646 loss_rec=0.501097 valid_auc=0.689721 valid_rmse=0.483182 q_change=19 q_delta=0.339774 q_grad=0.001490
epoch=40 loss_total=0.598927 loss_rec=0.498447 valid_auc=0.689576 valid_rmse=0.483789 q_change=19 q_delta=0.342362 q_grad=0.001491
epoch=41 loss_total=0.593664 loss_rec=0.493266 valid_auc=0.690324 valid_rmse=0.486257 q_change=19 q_delta=0.344803 q_grad=0.001468
epoch=42 loss_total=0.596558 loss_rec=0.496226 valid_auc=0.689598 valid_rmse=0.484202 q_change=19 q_delta=0.347155 q_grad=0.001567
epoch=43 loss_total=0.591864 loss_rec=0.491618 valid_auc=0.692969 valid_rmse=0.484656 q_change=19 q_delta=0.349349 q_grad=0.001522
epoch=44 loss_total=0.587167 loss_rec=0.486989 valid_auc=0.692048 valid_rmse=0.483739 q_change=19 q_delta=0.351293 q_grad=0.001491
epoch=45 loss_total=0.585561 loss_rec=0.485452 valid_auc=0.690368 valid_rmse=0.487933 q_change=19 q_delta=0.353018 q_grad=0.001510
epoch=46 loss_total=0.584206 loss_rec=0.484154 valid_auc=0.694241 valid_rmse=0.483317 q_change=19 q_delta=0.354999 q_grad=0.001521
epoch=47 loss_total=0.582090 loss_rec=0.482116 valid_auc=0.694085 valid_rmse=0.485444 q_change=19 q_delta=0.356744 q_grad=0.001477
epoch=48 loss_total=0.581834 loss_rec=0.481920 valid_auc=0.693304 valid_rmse=0.484022 q_change=18 q_delta=0.358231 q_grad=0.001527
epoch=49 loss_total=0.576241 loss_rec=0.476385 valid_auc=0.694007 valid_rmse=0.483050 q_change=18 q_delta=0.359677 q_grad=0.001478
epoch=50 loss_total=0.571774 loss_rec=0.471967 valid_auc=0.693002 valid_rmse=0.487538 q_change=18 q_delta=0.361346 q_grad=0.001477
epoch=51 loss_total=0.572953 loss_rec=0.473222 valid_auc=0.695658 valid_rmse=0.486453 q_change=18 q_delta=0.362503 q_grad=0.001520
epoch=52 loss_total=0.573045 loss_rec=0.473372 valid_auc=0.693025 valid_rmse=0.485737 q_change=19 q_delta=0.364050 q_grad=0.001517
epoch=53 loss_total=0.574524 loss_rec=0.474900 valid_auc=0.692746 valid_rmse=0.485040 q_change=19 q_delta=0.365259 q_grad=0.001498
epoch=54 loss_total=0.570264 loss_rec=0.470690 valid_auc=0.691317 valid_rmse=0.486182 q_change=19 q_delta=0.366581 q_grad=0.001529
epoch=55 loss_total=0.564598 loss_rec=0.465079 valid_auc=0.697991 valid_rmse=0.482706 q_change=19 q_delta=0.367611 q_grad=0.001474
epoch=56 loss_total=0.562385 loss_rec=0.462920 valid_auc=0.695145 valid_rmse=0.485927 q_change=21 q_delta=0.368967 q_grad=0.001445
epoch=57 loss_total=0.563477 loss_rec=0.464051 valid_auc=0.692969 valid_rmse=0.486270 q_change=21 q_delta=0.370330 q_grad=0.001568
epoch=58 loss_total=0.558159 loss_rec=0.458782 valid_auc=0.693426 valid_rmse=0.486597 q_change=22 q_delta=0.371519 q_grad=0.001498
epoch=59 loss_total=0.554397 loss_rec=0.455076 valid_auc=0.696272 valid_rmse=0.484590 q_change=22 q_delta=0.372607 q_grad=0.001452
epoch=60 loss_total=0.559688 loss_rec=0.460412 valid_auc=0.696049 valid_rmse=0.485643 q_change=22 q_delta=0.373633 q_grad=0.001495
epoch=61 loss_total=0.556939 loss_rec=0.457699 valid_auc=0.693661 valid_rmse=0.484325 q_change=22 q_delta=0.374613 q_grad=0.001506
epoch=62 loss_total=0.552404 loss_rec=0.453214 valid_auc=0.697277 valid_rmse=0.484681 q_change=22 q_delta=0.375711 q_grad=0.001431
epoch=63 loss_total=0.552743 loss_rec=0.453591 valid_auc=0.695056 valid_rmse=0.486060 q_change=21 q_delta=0.376558 q_grad=0.001504
epoch=64 loss_total=0.554053 loss_rec=0.454927 valid_auc=0.697545 valid_rmse=0.486300 q_change=22 q_delta=0.377506 q_grad=0.001503
epoch=65 loss_total=0.551657 loss_rec=0.452574 valid_auc=0.693125 valid_rmse=0.486268 q_change=22 q_delta=0.378629 q_grad=0.001423
epoch=66 loss_total=0.549607 loss_rec=0.450566 valid_auc=0.694487 valid_rmse=0.486670 q_change=22 q_delta=0.379429 q_grad=0.001500
epoch=67 loss_total=0.550590 loss_rec=0.451588 valid_auc=0.695279 valid_rmse=0.486238 q_change=21 q_delta=0.380161 q_grad=0.001488
epoch=68 loss_total=0.546111 loss_rec=0.447145 valid_auc=0.696127 valid_rmse=0.486212 q_change=21 q_delta=0.380946 q_grad=0.001464
epoch=69 loss_total=0.544760 loss_rec=0.445822 valid_auc=0.695926 valid_rmse=0.491434 q_change=21 q_delta=0.381803 q_grad=0.001460
epoch=70 loss_total=0.540769 loss_rec=0.441857 valid_auc=0.694353 valid_rmse=0.485858 q_change=21 q_delta=0.382582 q_grad=0.001486
epoch=71 loss_total=0.540961 loss_rec=0.442110 valid_auc=0.698080 valid_rmse=0.484839 q_change=21 q_delta=0.383215 q_grad=0.001432
epoch=72 loss_total=0.541810 loss_rec=0.442988 valid_auc=0.696429 valid_rmse=0.486769 q_change=21 q_delta=0.383926 q_grad=0.001481
epoch=73 loss_total=0.536859 loss_rec=0.438070 valid_auc=0.693996 valid_rmse=0.488284 q_change=21 q_delta=0.384825 q_grad=0.001491
epoch=74 loss_total=0.543020 loss_rec=0.444269 valid_auc=0.694152 valid_rmse=0.487197 q_change=21 q_delta=0.385194 q_grad=0.001447
epoch=75 loss_total=0.539933 loss_rec=0.441216 valid_auc=0.693225 valid_rmse=0.491399 q_change=21 q_delta=0.385668 q_grad=0.001474
epoch=76 loss_total=0.539636 loss_rec=0.440945 valid_auc=0.694531 valid_rmse=0.485342 q_change=22 q_delta=0.386408 q_grad=0.001457
epoch=77 loss_total=0.532774 loss_rec=0.434124 valid_auc=0.695938 valid_rmse=0.486805 q_change=22 q_delta=0.386883 q_grad=0.001421
epoch=78 loss_total=0.534478 loss_rec=0.435847 valid_auc=0.695725 valid_rmse=0.489271 q_change=22 q_delta=0.387589 q_grad=0.001507
epoch=79 loss_total=0.529524 loss_rec=0.430928 valid_auc=0.693984 valid_rmse=0.487632 q_change=22 q_delta=0.388221 q_grad=0.001485
epoch=80 loss_total=0.531934 loss_rec=0.433373 valid_auc=0.696384 valid_rmse=0.488575 q_change=21 q_delta=0.388774 q_grad=0.001465
epoch=81 loss_total=0.531614 loss_rec=0.433088 valid_auc=0.694821 valid_rmse=0.489715 q_change=22 q_delta=0.389228 q_grad=0.001498
epoch=82 loss_total=0.527404 loss_rec=0.428902 valid_auc=0.692946 valid_rmse=0.489404 q_change=22 q_delta=0.389833 q_grad=0.001496
epoch=83 loss_total=0.533870 loss_rec=0.435404 valid_auc=0.694498 valid_rmse=0.488451 q_change=23 q_delta=0.390331 q_grad=0.001478
epoch=84 loss_total=0.532701 loss_rec=0.434264 valid_auc=0.692991 valid_rmse=0.487711 q_change=23 q_delta=0.390865 q_grad=0.001454
epoch=85 loss_total=0.526686 loss_rec=0.428280 valid_auc=0.696083 valid_rmse=0.489640 q_change=22 q_delta=0.391480 q_grad=0.001494
epoch=86 loss_total=0.528427 loss_rec=0.430044 valid_auc=0.691897 valid_rmse=0.489524 q_change=22 q_delta=0.392046 q_grad=0.001537
epoch=87 loss_total=0.525055 loss_rec=0.426702 valid_auc=0.692076 valid_rmse=0.489177 q_change=22 q_delta=0.392600 q_grad=0.001475
epoch=88 loss_total=0.522226 loss_rec=0.423900 valid_auc=0.695770 valid_rmse=0.488007 q_change=22 q_delta=0.393164 q_grad=0.001500
epoch=89 loss_total=0.521609 loss_rec=0.423312 valid_auc=0.696328 valid_rmse=0.491880 q_change=22 q_delta=0.393604 q_grad=0.001452
epoch=90 loss_total=0.529237 loss_rec=0.430974 valid_auc=0.689621 valid_rmse=0.488473 q_change=23 q_delta=0.394153 q_grad=0.001457
epoch=91 loss_total=0.521229 loss_rec=0.422990 valid_auc=0.692199 valid_rmse=0.489720 q_change=23 q_delta=0.394531 q_grad=0.001450
Early stopping at epoch 91; best_epoch=71.
Saved run to C:\Users\YAN_SHU_YU\Desktop\Generative-CD\Q_GNCDM\results\weak_q_lambda_sweep\lq_0p4_ls_0p1_lb_0p3\seed_2026\noise_0.20\weak-q_lq_0p4_ls_0p1_lb_0p3
Final metrics: q_hat_f1=0.744681 response_auc=0.682474 mastery_pearson=0.562389
