run=weak-q_lq_0p5_ls_0p8_lb_0p7 mode=weak-q noise=0.20 train=4200 valid=600 test=1200
epoch=1 loss_total=1.244341 loss_rec=0.725668 valid_auc=0.587506 valid_rmse=0.499760 q_change=57 q_delta=0.079770 q_grad=0.000854
epoch=2 loss_total=1.158377 loss_rec=0.706031 valid_auc=0.593103 valid_rmse=0.499369 q_change=57 q_delta=0.152236 q_grad=0.000810
epoch=3 loss_total=1.092693 loss_rec=0.700361 valid_auc=0.603705 valid_rmse=0.498721 q_change=57 q_delta=0.213887 q_grad=0.000744
epoch=4 loss_total=1.035720 loss_rec=0.694605 valid_auc=0.619531 valid_rmse=0.498296 q_change=57 q_delta=0.263868 q_grad=0.000662
epoch=5 loss_total=0.994925 loss_rec=0.695188 valid_auc=0.639051 valid_rmse=0.496889 q_change=57 q_delta=0.302803 q_grad=0.000575
epoch=6 loss_total=0.958994 loss_rec=0.691800 valid_auc=0.654559 valid_rmse=0.496662 q_change=57 q_delta=0.332550 q_grad=0.000496
epoch=7 loss_total=0.928730 loss_rec=0.686695 valid_auc=0.656562 valid_rmse=0.495900 q_change=57 q_delta=0.355189 q_grad=0.000432
epoch=8 loss_total=0.906502 loss_rec=0.683616 valid_auc=0.650435 valid_rmse=0.494273 q_change=57 q_delta=0.372012 q_grad=0.000386
epoch=9 loss_total=0.887262 loss_rec=0.678641 valid_auc=0.653036 valid_rmse=0.489482 q_change=57 q_delta=0.384584 q_grad=0.000392
epoch=10 loss_total=0.873118 loss_rec=0.675238 valid_auc=0.655703 valid_rmse=0.486958 q_change=57 q_delta=0.393640 q_grad=0.000425
epoch=11 loss_total=0.858888 loss_rec=0.668727 valid_auc=0.655089 valid_rmse=0.484399 q_change=57 q_delta=0.400807 q_grad=0.000511
epoch=12 loss_total=0.841660 loss_rec=0.658166 valid_auc=0.658036 valid_rmse=0.484768 q_change=57 q_delta=0.406889 q_grad=0.000588
epoch=13 loss_total=0.833568 loss_rec=0.655876 valid_auc=0.659509 valid_rmse=0.480963 q_change=57 q_delta=0.412180 q_grad=0.000607
epoch=14 loss_total=0.827307 loss_rec=0.654239 valid_auc=0.663002 valid_rmse=0.482226 q_change=57 q_delta=0.416349 q_grad=0.000673
epoch=15 loss_total=0.822398 loss_rec=0.653372 valid_auc=0.660525 valid_rmse=0.480641 q_change=57 q_delta=0.420229 q_grad=0.000705
epoch=16 loss_total=0.819277 loss_rec=0.653591 valid_auc=0.661719 valid_rmse=0.480724 q_change=57 q_delta=0.423302 q_grad=0.000768
epoch=17 loss_total=0.816644 loss_rec=0.653993 valid_auc=0.663917 valid_rmse=0.481351 q_change=57 q_delta=0.426021 q_grad=0.000742
epoch=18 loss_total=0.809324 loss_rec=0.649270 valid_auc=0.665190 valid_rmse=0.480711 q_change=57 q_delta=0.428490 q_grad=0.000758
epoch=19 loss_total=0.805487 loss_rec=0.647715 valid_auc=0.665000 valid_rmse=0.480599 q_change=57 q_delta=0.430589 q_grad=0.000801
epoch=20 loss_total=0.804113 loss_rec=0.648288 valid_auc=0.668493 valid_rmse=0.479211 q_change=57 q_delta=0.432562 q_grad=0.000867
epoch=21 loss_total=0.799836 loss_rec=0.645883 valid_auc=0.667232 valid_rmse=0.480138 q_change=57 q_delta=0.434097 q_grad=0.000821
epoch=22 loss_total=0.799079 loss_rec=0.646653 valid_auc=0.667210 valid_rmse=0.479093 q_change=57 q_delta=0.435592 q_grad=0.000883
epoch=23 loss_total=0.794887 loss_rec=0.643895 valid_auc=0.665748 valid_rmse=0.478917 q_change=57 q_delta=0.437017 q_grad=0.000887
epoch=24 loss_total=0.790501 loss_rec=0.640858 valid_auc=0.667199 valid_rmse=0.479370 q_change=57 q_delta=0.438188 q_grad=0.000917
epoch=25 loss_total=0.792675 loss_rec=0.644143 valid_auc=0.666373 valid_rmse=0.478831 q_change=57 q_delta=0.439216 q_grad=0.000989
epoch=26 loss_total=0.790046 loss_rec=0.642553 valid_auc=0.666328 valid_rmse=0.479301 q_change=57 q_delta=0.440178 q_grad=0.000998
epoch=27 loss_total=0.788028 loss_rec=0.641420 valid_auc=0.667857 valid_rmse=0.478744 q_change=57 q_delta=0.441035 q_grad=0.000999
epoch=28 loss_total=0.788448 loss_rec=0.642699 valid_auc=0.668761 valid_rmse=0.478150 q_change=57 q_delta=0.441852 q_grad=0.001039
epoch=29 loss_total=0.785780 loss_rec=0.640800 valid_auc=0.670100 valid_rmse=0.478044 q_change=57 q_delta=0.442571 q_grad=0.001086
epoch=30 loss_total=0.786674 loss_rec=0.642392 valid_auc=0.670949 valid_rmse=0.478446 q_change=57 q_delta=0.443161 q_grad=0.001084
epoch=31 loss_total=0.782899 loss_rec=0.639182 valid_auc=0.670603 valid_rmse=0.477559 q_change=57 q_delta=0.443811 q_grad=0.001110
epoch=32 loss_total=0.784742 loss_rec=0.641624 valid_auc=0.671819 valid_rmse=0.478253 q_change=57 q_delta=0.444275 q_grad=0.001158
epoch=33 loss_total=0.783501 loss_rec=0.640828 valid_auc=0.670871 valid_rmse=0.477018 q_change=57 q_delta=0.444924 q_grad=0.001151
epoch=34 loss_total=0.782482 loss_rec=0.640351 valid_auc=0.670413 valid_rmse=0.476708 q_change=57 q_delta=0.445311 q_grad=0.001178
epoch=35 loss_total=0.784146 loss_rec=0.642448 valid_auc=0.671719 valid_rmse=0.476310 q_change=57 q_delta=0.445710 q_grad=0.001175
epoch=36 loss_total=0.780654 loss_rec=0.639337 valid_auc=0.672824 valid_rmse=0.477506 q_change=57 q_delta=0.446005 q_grad=0.001220
epoch=37 loss_total=0.776353 loss_rec=0.635402 valid_auc=0.674230 valid_rmse=0.476581 q_change=57 q_delta=0.446365 q_grad=0.001249
epoch=38 loss_total=0.775110 loss_rec=0.634471 valid_auc=0.674911 valid_rmse=0.477587 q_change=57 q_delta=0.446649 q_grad=0.001340
epoch=39 loss_total=0.778533 loss_rec=0.638221 valid_auc=0.674275 valid_rmse=0.475959 q_change=57 q_delta=0.447066 q_grad=0.001323
epoch=40 loss_total=0.775088 loss_rec=0.635109 valid_auc=0.674989 valid_rmse=0.476198 q_change=57 q_delta=0.447304 q_grad=0.001369
epoch=41 loss_total=0.771435 loss_rec=0.631716 valid_auc=0.677366 valid_rmse=0.476267 q_change=57 q_delta=0.447506 q_grad=0.001385
epoch=42 loss_total=0.775982 loss_rec=0.636477 valid_auc=0.673616 valid_rmse=0.476557 q_change=57 q_delta=0.447754 q_grad=0.001439
epoch=43 loss_total=0.772656 loss_rec=0.633335 valid_auc=0.674587 valid_rmse=0.476190 q_change=57 q_delta=0.447895 q_grad=0.001413
epoch=44 loss_total=0.773094 loss_rec=0.633958 valid_auc=0.675335 valid_rmse=0.476438 q_change=57 q_delta=0.448094 q_grad=0.001479
epoch=45 loss_total=0.770826 loss_rec=0.631871 valid_auc=0.677489 valid_rmse=0.477584 q_change=57 q_delta=0.448184 q_grad=0.001525
epoch=46 loss_total=0.772700 loss_rec=0.633852 valid_auc=0.678672 valid_rmse=0.474809 q_change=57 q_delta=0.448370 q_grad=0.001520
epoch=47 loss_total=0.770047 loss_rec=0.631333 valid_auc=0.679531 valid_rmse=0.475210 q_change=57 q_delta=0.448413 q_grad=0.001552
epoch=48 loss_total=0.771487 loss_rec=0.632850 valid_auc=0.681540 valid_rmse=0.474152 q_change=57 q_delta=0.448518 q_grad=0.001579
epoch=49 loss_total=0.769340 loss_rec=0.630727 valid_auc=0.681607 valid_rmse=0.474293 q_change=57 q_delta=0.448563 q_grad=0.001623
epoch=50 loss_total=0.765753 loss_rec=0.627208 valid_auc=0.680134 valid_rmse=0.474597 q_change=57 q_delta=0.448573 q_grad=0.001575
epoch=51 loss_total=0.766743 loss_rec=0.628211 valid_auc=0.681607 valid_rmse=0.476365 q_change=57 q_delta=0.448485 q_grad=0.001717
epoch=52 loss_total=0.767691 loss_rec=0.629144 valid_auc=0.681931 valid_rmse=0.474317 q_change=57 q_delta=0.448513 q_grad=0.001737
epoch=53 loss_total=0.769214 loss_rec=0.630658 valid_auc=0.684286 valid_rmse=0.473865 q_change=57 q_delta=0.448461 q_grad=0.001724
epoch=54 loss_total=0.761206 loss_rec=0.622566 valid_auc=0.684375 valid_rmse=0.474816 q_change=57 q_delta=0.448262 q_grad=0.001722
epoch=55 loss_total=0.761700 loss_rec=0.622901 valid_auc=0.687355 valid_rmse=0.473056 q_change=57 q_delta=0.448086 q_grad=0.001764
epoch=56 loss_total=0.762946 loss_rec=0.624003 valid_auc=0.685658 valid_rmse=0.473232 q_change=57 q_delta=0.447881 q_grad=0.001831
epoch=57 loss_total=0.761578 loss_rec=0.622422 valid_auc=0.686786 valid_rmse=0.475362 q_change=57 q_delta=0.447475 q_grad=0.001866
epoch=58 loss_total=0.757440 loss_rec=0.618017 valid_auc=0.686473 valid_rmse=0.474642 q_change=56 q_delta=0.447201 q_grad=0.001844
epoch=59 loss_total=0.757289 loss_rec=0.617725 valid_auc=0.686886 valid_rmse=0.472837 q_change=56 q_delta=0.447343 q_grad=0.001870
epoch=60 loss_total=0.756326 loss_rec=0.616570 valid_auc=0.689911 valid_rmse=0.472684 q_change=56 q_delta=0.447521 q_grad=0.001889
epoch=61 loss_total=0.755707 loss_rec=0.615724 valid_auc=0.688415 valid_rmse=0.473205 q_change=56 q_delta=0.447705 q_grad=0.001921
epoch=62 loss_total=0.754742 loss_rec=0.614721 valid_auc=0.688002 valid_rmse=0.472284 q_change=56 q_delta=0.447910 q_grad=0.001876
epoch=63 loss_total=0.755593 loss_rec=0.615484 valid_auc=0.687221 valid_rmse=0.472891 q_change=56 q_delta=0.447991 q_grad=0.001869
epoch=64 loss_total=0.757761 loss_rec=0.617657 valid_auc=0.690949 valid_rmse=0.474400 q_change=56 q_delta=0.448104 q_grad=0.001942
epoch=65 loss_total=0.751616 loss_rec=0.611478 valid_auc=0.690112 valid_rmse=0.471609 q_change=56 q_delta=0.448297 q_grad=0.001839
epoch=66 loss_total=0.752870 loss_rec=0.612748 valid_auc=0.692779 valid_rmse=0.472097 q_change=56 q_delta=0.448355 q_grad=0.001946
epoch=67 loss_total=0.754880 loss_rec=0.614780 valid_auc=0.688504 valid_rmse=0.473501 q_change=56 q_delta=0.448478 q_grad=0.001909
epoch=68 loss_total=0.751157 loss_rec=0.611076 valid_auc=0.692310 valid_rmse=0.473094 q_change=56 q_delta=0.448507 q_grad=0.001922
epoch=69 loss_total=0.747898 loss_rec=0.607811 valid_auc=0.694877 valid_rmse=0.477939 q_change=56 q_delta=0.448447 q_grad=0.001973
epoch=70 loss_total=0.748394 loss_rec=0.608291 valid_auc=0.692254 valid_rmse=0.471466 q_change=56 q_delta=0.448594 q_grad=0.001964
epoch=71 loss_total=0.750047 loss_rec=0.609985 valid_auc=0.693170 valid_rmse=0.471327 q_change=55 q_delta=0.448622 q_grad=0.001959
epoch=72 loss_total=0.748890 loss_rec=0.608766 valid_auc=0.692366 valid_rmse=0.472070 q_change=55 q_delta=0.448553 q_grad=0.001980
epoch=73 loss_total=0.746543 loss_rec=0.606412 valid_auc=0.690469 valid_rmse=0.471935 q_change=55 q_delta=0.448593 q_grad=0.002015
epoch=74 loss_total=0.749473 loss_rec=0.609310 valid_auc=0.692500 valid_rmse=0.472080 q_change=55 q_delta=0.448487 q_grad=0.001966
epoch=75 loss_total=0.747770 loss_rec=0.607538 valid_auc=0.692054 valid_rmse=0.476768 q_change=55 q_delta=0.448324 q_grad=0.001946
epoch=76 loss_total=0.747580 loss_rec=0.607222 valid_auc=0.690636 valid_rmse=0.471660 q_change=55 q_delta=0.448335 q_grad=0.001938
epoch=77 loss_total=0.741390 loss_rec=0.600944 valid_auc=0.690949 valid_rmse=0.474870 q_change=55 q_delta=0.448251 q_grad=0.001919
epoch=78 loss_total=0.742774 loss_rec=0.602277 valid_auc=0.691674 valid_rmse=0.472608 q_change=54 q_delta=0.448171 q_grad=0.002057
epoch=79 loss_total=0.742461 loss_rec=0.601937 valid_auc=0.691373 valid_rmse=0.472250 q_change=54 q_delta=0.448452 q_grad=0.002129
epoch=80 loss_total=0.741498 loss_rec=0.600919 valid_auc=0.692807 valid_rmse=0.471475 q_change=54 q_delta=0.448825 q_grad=0.002036
epoch=81 loss_total=0.738196 loss_rec=0.597538 valid_auc=0.693337 valid_rmse=0.472695 q_change=54 q_delta=0.449088 q_grad=0.002104
epoch=82 loss_total=0.737842 loss_rec=0.597182 valid_auc=0.691864 valid_rmse=0.472532 q_change=54 q_delta=0.449320 q_grad=0.002120
epoch=83 loss_total=0.736031 loss_rec=0.595345 valid_auc=0.693047 valid_rmse=0.475534 q_change=54 q_delta=0.449587 q_grad=0.002103
epoch=84 loss_total=0.736889 loss_rec=0.596138 valid_auc=0.694342 valid_rmse=0.472383 q_change=54 q_delta=0.449893 q_grad=0.002165
epoch=85 loss_total=0.737761 loss_rec=0.597016 valid_auc=0.692712 valid_rmse=0.476225 q_change=54 q_delta=0.450000 q_grad=0.002191
epoch=86 loss_total=0.739649 loss_rec=0.598877 valid_auc=0.692612 valid_rmse=0.473532 q_change=54 q_delta=0.450209 q_grad=0.002180
epoch=87 loss_total=0.733881 loss_rec=0.593113 valid_auc=0.691741 valid_rmse=0.473548 q_change=54 q_delta=0.450400 q_grad=0.002140
epoch=88 loss_total=0.728473 loss_rec=0.587705 valid_auc=0.691228 valid_rmse=0.473694 q_change=54 q_delta=0.450555 q_grad=0.002200
epoch=89 loss_total=0.730112 loss_rec=0.589343 valid_auc=0.692734 valid_rmse=0.478566 q_change=54 q_delta=0.450671 q_grad=0.002249
Early stopping at epoch 89; best_epoch=69.
Saved run to C:\Users\YAN_SHU_YU\Desktop\Generative-CD\Q_GNCDM\results\weak_q_lambda_sweep\lq_0p5_ls_0p8_lb_0p7\seed_2026\noise_0.20\weak-q_lq_0p5_ls_0p8_lb_0p7
Final metrics: q_hat_f1=0.035088 response_auc=0.683567 mastery_pearson=0.282451
