run=weak-q_lq_0p2_ls_0p6_lb_0p05 mode=weak-q noise=0.20 train=4200 valid=600 test=1200
epoch=1 loss_total=0.998915 loss_rec=0.725661 valid_auc=0.587679 valid_rmse=0.499754 q_change=57 q_delta=0.078579 q_grad=0.000590
epoch=2 loss_total=0.936225 loss_rec=0.705912 valid_auc=0.594375 valid_rmse=0.499309 q_change=57 q_delta=0.147129 q_grad=0.000516
epoch=3 loss_total=0.895231 loss_rec=0.699959 valid_auc=0.607556 valid_rmse=0.498517 q_change=57 q_delta=0.203841 q_grad=0.000449
epoch=4 loss_total=0.861169 loss_rec=0.693658 valid_auc=0.626283 valid_rmse=0.497793 q_change=57 q_delta=0.249399 q_grad=0.000387
epoch=5 loss_total=0.839653 loss_rec=0.693286 valid_auc=0.647165 valid_rmse=0.495804 q_change=57 q_delta=0.284526 q_grad=0.000343
epoch=6 loss_total=0.818324 loss_rec=0.687747 valid_auc=0.661339 valid_rmse=0.494218 q_change=57 q_delta=0.310617 q_grad=0.000320
epoch=7 loss_total=0.796688 loss_rec=0.677457 valid_auc=0.661004 valid_rmse=0.490398 q_change=57 q_delta=0.329001 q_grad=0.000340
epoch=8 loss_total=0.777438 loss_rec=0.665598 valid_auc=0.658884 valid_rmse=0.484822 q_change=57 q_delta=0.340560 q_grad=0.000450
epoch=9 loss_total=0.760678 loss_rec=0.653794 valid_auc=0.665871 valid_rmse=0.479127 q_change=57 q_delta=0.349767 q_grad=0.000617
epoch=10 loss_total=0.756495 loss_rec=0.653930 valid_auc=0.667600 valid_rmse=0.479167 q_change=57 q_delta=0.357271 q_grad=0.000724
epoch=11 loss_total=0.749991 loss_rec=0.650619 valid_auc=0.669687 valid_rmse=0.477848 q_change=57 q_delta=0.363582 q_grad=0.000846
epoch=12 loss_total=0.738260 loss_rec=0.641713 valid_auc=0.672467 valid_rmse=0.478552 q_change=57 q_delta=0.368404 q_grad=0.000931
epoch=13 loss_total=0.733375 loss_rec=0.639106 valid_auc=0.674643 valid_rmse=0.475696 q_change=57 q_delta=0.372704 q_grad=0.000974
epoch=14 loss_total=0.730892 loss_rec=0.638319 valid_auc=0.675022 valid_rmse=0.477018 q_change=57 q_delta=0.375550 q_grad=0.001099
epoch=15 loss_total=0.727116 loss_rec=0.635951 valid_auc=0.676194 valid_rmse=0.475223 q_change=57 q_delta=0.378503 q_grad=0.001190
epoch=16 loss_total=0.726927 loss_rec=0.636902 valid_auc=0.678962 valid_rmse=0.475022 q_change=57 q_delta=0.380460 q_grad=0.001326
epoch=17 loss_total=0.723996 loss_rec=0.634992 valid_auc=0.679475 valid_rmse=0.475129 q_change=57 q_delta=0.382249 q_grad=0.001309
epoch=18 loss_total=0.717261 loss_rec=0.629017 valid_auc=0.681038 valid_rmse=0.474349 q_change=57 q_delta=0.383830 q_grad=0.001376
epoch=19 loss_total=0.715571 loss_rec=0.628136 valid_auc=0.681641 valid_rmse=0.474963 q_change=57 q_delta=0.385252 q_grad=0.001494
epoch=20 loss_total=0.713683 loss_rec=0.626776 valid_auc=0.683767 valid_rmse=0.473183 q_change=57 q_delta=0.386452 q_grad=0.001606
epoch=21 loss_total=0.709591 loss_rec=0.623180 valid_auc=0.683672 valid_rmse=0.474769 q_change=57 q_delta=0.387067 q_grad=0.001554
epoch=22 loss_total=0.707760 loss_rec=0.621636 valid_auc=0.685480 valid_rmse=0.473486 q_change=56 q_delta=0.387607 q_grad=0.001707
epoch=23 loss_total=0.704828 loss_rec=0.618979 valid_auc=0.682768 valid_rmse=0.473301 q_change=56 q_delta=0.388704 q_grad=0.001709
epoch=24 loss_total=0.699892 loss_rec=0.614293 valid_auc=0.682310 valid_rmse=0.473896 q_change=56 q_delta=0.389821 q_grad=0.001747
epoch=25 loss_total=0.702011 loss_rec=0.616675 valid_auc=0.682824 valid_rmse=0.473859 q_change=56 q_delta=0.390746 q_grad=0.001895
epoch=26 loss_total=0.699454 loss_rec=0.614341 valid_auc=0.684699 valid_rmse=0.474661 q_change=56 q_delta=0.391680 q_grad=0.001875
epoch=27 loss_total=0.696313 loss_rec=0.611359 valid_auc=0.686183 valid_rmse=0.475052 q_change=56 q_delta=0.392375 q_grad=0.001860
epoch=28 loss_total=0.699056 loss_rec=0.614399 valid_auc=0.684989 valid_rmse=0.474332 q_change=56 q_delta=0.393473 q_grad=0.001937
epoch=29 loss_total=0.693698 loss_rec=0.609333 valid_auc=0.688560 valid_rmse=0.473431 q_change=56 q_delta=0.394217 q_grad=0.001966
epoch=30 loss_total=0.693723 loss_rec=0.609535 valid_auc=0.690078 valid_rmse=0.473746 q_change=56 q_delta=0.394691 q_grad=0.001924
epoch=31 loss_total=0.690231 loss_rec=0.606157 valid_auc=0.690123 valid_rmse=0.473471 q_change=56 q_delta=0.395259 q_grad=0.001957
epoch=32 loss_total=0.692018 loss_rec=0.608131 valid_auc=0.691663 valid_rmse=0.473566 q_change=56 q_delta=0.395739 q_grad=0.002002
epoch=33 loss_total=0.690482 loss_rec=0.606743 valid_auc=0.689967 valid_rmse=0.471990 q_change=56 q_delta=0.396530 q_grad=0.001979
epoch=34 loss_total=0.689837 loss_rec=0.606292 valid_auc=0.688326 valid_rmse=0.472136 q_change=54 q_delta=0.396989 q_grad=0.001962
epoch=35 loss_total=0.689853 loss_rec=0.606497 valid_auc=0.692165 valid_rmse=0.471183 q_change=54 q_delta=0.397418 q_grad=0.001931
epoch=36 loss_total=0.685854 loss_rec=0.602506 valid_auc=0.693376 valid_rmse=0.472101 q_change=53 q_delta=0.397715 q_grad=0.001996
epoch=37 loss_total=0.680821 loss_rec=0.597543 valid_auc=0.693393 valid_rmse=0.472026 q_change=53 q_delta=0.398418 q_grad=0.001996
epoch=38 loss_total=0.680129 loss_rec=0.597039 valid_auc=0.692679 valid_rmse=0.473979 q_change=53 q_delta=0.399129 q_grad=0.002099
epoch=39 loss_total=0.682241 loss_rec=0.599280 valid_auc=0.693594 valid_rmse=0.471158 q_change=53 q_delta=0.400075 q_grad=0.002022
epoch=40 loss_total=0.678114 loss_rec=0.595318 valid_auc=0.693705 valid_rmse=0.471616 q_change=53 q_delta=0.400797 q_grad=0.002066
epoch=41 loss_total=0.674687 loss_rec=0.592058 valid_auc=0.695045 valid_rmse=0.472022 q_change=53 q_delta=0.401505 q_grad=0.002048
epoch=42 loss_total=0.677644 loss_rec=0.595101 valid_auc=0.690871 valid_rmse=0.472279 q_change=52 q_delta=0.402194 q_grad=0.002157
epoch=43 loss_total=0.672985 loss_rec=0.590489 valid_auc=0.691295 valid_rmse=0.472672 q_change=52 q_delta=0.402753 q_grad=0.002108
epoch=44 loss_total=0.674335 loss_rec=0.592003 valid_auc=0.690815 valid_rmse=0.473145 q_change=52 q_delta=0.403337 q_grad=0.002155
epoch=45 loss_total=0.670265 loss_rec=0.588079 valid_auc=0.692143 valid_rmse=0.475839 q_change=52 q_delta=0.403771 q_grad=0.002189
epoch=46 loss_total=0.671006 loss_rec=0.588849 valid_auc=0.693058 valid_rmse=0.471508 q_change=52 q_delta=0.404640 q_grad=0.002157
epoch=47 loss_total=0.668299 loss_rec=0.586275 valid_auc=0.693348 valid_rmse=0.473071 q_change=51 q_delta=0.405004 q_grad=0.002174
epoch=48 loss_total=0.666210 loss_rec=0.584212 valid_auc=0.692154 valid_rmse=0.472473 q_change=51 q_delta=0.405538 q_grad=0.002256
epoch=49 loss_total=0.663526 loss_rec=0.581569 valid_auc=0.692835 valid_rmse=0.472381 q_change=51 q_delta=0.406295 q_grad=0.002291
epoch=50 loss_total=0.658958 loss_rec=0.577008 valid_auc=0.690446 valid_rmse=0.473856 q_change=51 q_delta=0.407010 q_grad=0.002211
epoch=51 loss_total=0.658827 loss_rec=0.576913 valid_auc=0.692176 valid_rmse=0.475751 q_change=51 q_delta=0.407555 q_grad=0.002347
epoch=52 loss_total=0.659730 loss_rec=0.577861 valid_auc=0.690871 valid_rmse=0.473638 q_change=51 q_delta=0.408339 q_grad=0.002360
epoch=53 loss_total=0.659764 loss_rec=0.577894 valid_auc=0.692690 valid_rmse=0.473195 q_change=51 q_delta=0.408875 q_grad=0.002379
epoch=54 loss_total=0.650936 loss_rec=0.569057 valid_auc=0.688973 valid_rmse=0.475602 q_change=50 q_delta=0.409206 q_grad=0.002378
epoch=55 loss_total=0.648762 loss_rec=0.566926 valid_auc=0.694397 valid_rmse=0.472965 q_change=50 q_delta=0.409807 q_grad=0.002413
epoch=56 loss_total=0.648973 loss_rec=0.567132 valid_auc=0.690413 valid_rmse=0.474279 q_change=50 q_delta=0.410460 q_grad=0.002465
epoch=57 loss_total=0.645803 loss_rec=0.563972 valid_auc=0.690446 valid_rmse=0.476635 q_change=50 q_delta=0.411113 q_grad=0.002594
epoch=58 loss_total=0.640359 loss_rec=0.558510 valid_auc=0.689777 valid_rmse=0.478758 q_change=50 q_delta=0.411715 q_grad=0.002582
epoch=59 loss_total=0.639977 loss_rec=0.558241 valid_auc=0.689944 valid_rmse=0.474443 q_change=50 q_delta=0.412470 q_grad=0.002565
epoch=60 loss_total=0.638275 loss_rec=0.556557 valid_auc=0.691250 valid_rmse=0.475600 q_change=50 q_delta=0.412843 q_grad=0.002608
epoch=61 loss_total=0.635298 loss_rec=0.553567 valid_auc=0.689944 valid_rmse=0.475234 q_change=50 q_delta=0.413396 q_grad=0.002716
Early stopping at epoch 61; best_epoch=41.
Saved run to C:\Users\YAN_SHU_YU\Desktop\Generative-CD\Q_GNCDM\results\weak_q_lambda_sweep\lq_0p2_ls_0p6_lb_0p05\seed_2026\noise_0.20\weak-q_lq_0p2_ls_0p6_lb_0p05
Final metrics: q_hat_f1=0.133333 response_auc=0.687906 mastery_pearson=0.343736
