run=weak-q_lq_0p3_ls_0p3_lb_0p05 mode=weak-q noise=0.20 train=4200 valid=600 test=1200
epoch=1 loss_total=0.869025 loss_rec=0.725641 valid_auc=0.588504 valid_rmse=0.499733 q_change=57 q_delta=0.075801 q_grad=0.000279
epoch=2 loss_total=0.830685 loss_rec=0.705602 valid_auc=0.598828 valid_rmse=0.499120 q_change=57 q_delta=0.136101 q_grad=0.000226
epoch=3 loss_total=0.811503 loss_rec=0.698817 valid_auc=0.618700 valid_rmse=0.497833 q_change=57 q_delta=0.181523 q_grad=0.000203
epoch=4 loss_total=0.794838 loss_rec=0.690516 valid_auc=0.646004 valid_rmse=0.495846 q_change=57 q_delta=0.214871 q_grad=0.000205
epoch=5 loss_total=0.784493 loss_rec=0.685173 valid_auc=0.664542 valid_rmse=0.490652 q_change=57 q_delta=0.234925 q_grad=0.000259
epoch=6 loss_total=0.764158 loss_rec=0.667113 valid_auc=0.671138 valid_rmse=0.482525 q_change=57 q_delta=0.243187 q_grad=0.000403
epoch=7 loss_total=0.738483 loss_rec=0.642192 valid_auc=0.674554 valid_rmse=0.477343 q_change=57 q_delta=0.247519 q_grad=0.000625
epoch=8 loss_total=0.728743 loss_rec=0.632987 valid_auc=0.677266 valid_rmse=0.476062 q_change=58 q_delta=0.251037 q_grad=0.000874
epoch=9 loss_total=0.720685 loss_rec=0.625530 valid_auc=0.683850 valid_rmse=0.472849 q_change=58 q_delta=0.253871 q_grad=0.001024
epoch=10 loss_total=0.722887 loss_rec=0.628360 valid_auc=0.681417 valid_rmse=0.474617 q_change=57 q_delta=0.256274 q_grad=0.001086
epoch=11 loss_total=0.720120 loss_rec=0.625845 valid_auc=0.681551 valid_rmse=0.473412 q_change=57 q_delta=0.259140 q_grad=0.001204
epoch=12 loss_total=0.711288 loss_rec=0.617349 valid_auc=0.681819 valid_rmse=0.475014 q_change=56 q_delta=0.261538 q_grad=0.001255
epoch=13 loss_total=0.707519 loss_rec=0.613955 valid_auc=0.680815 valid_rmse=0.473905 q_change=54 q_delta=0.265397 q_grad=0.001247
epoch=14 loss_total=0.708125 loss_rec=0.614831 valid_auc=0.680335 valid_rmse=0.475950 q_change=54 q_delta=0.267856 q_grad=0.001325
epoch=15 loss_total=0.704483 loss_rec=0.611402 valid_auc=0.681295 valid_rmse=0.474583 q_change=52 q_delta=0.271428 q_grad=0.001352
epoch=16 loss_total=0.706151 loss_rec=0.613246 valid_auc=0.681663 valid_rmse=0.474978 q_change=52 q_delta=0.274708 q_grad=0.001446
epoch=17 loss_total=0.701970 loss_rec=0.609316 valid_auc=0.680904 valid_rmse=0.474801 q_change=53 q_delta=0.277880 q_grad=0.001373
epoch=18 loss_total=0.696883 loss_rec=0.604383 valid_auc=0.681540 valid_rmse=0.475010 q_change=53 q_delta=0.281130 q_grad=0.001399
epoch=19 loss_total=0.695973 loss_rec=0.603732 valid_auc=0.681708 valid_rmse=0.475651 q_change=53 q_delta=0.284300 q_grad=0.001485
epoch=20 loss_total=0.693463 loss_rec=0.601327 valid_auc=0.683717 valid_rmse=0.474306 q_change=51 q_delta=0.287492 q_grad=0.001552
epoch=21 loss_total=0.688750 loss_rec=0.596732 valid_auc=0.684754 valid_rmse=0.475148 q_change=50 q_delta=0.289903 q_grad=0.001480
epoch=22 loss_total=0.686230 loss_rec=0.594296 valid_auc=0.682935 valid_rmse=0.475607 q_change=50 q_delta=0.292573 q_grad=0.001600
epoch=23 loss_total=0.683769 loss_rec=0.591928 valid_auc=0.682199 valid_rmse=0.475452 q_change=50 q_delta=0.295720 q_grad=0.001561
epoch=24 loss_total=0.678614 loss_rec=0.586839 valid_auc=0.681373 valid_rmse=0.476198 q_change=48 q_delta=0.298978 q_grad=0.001600
epoch=25 loss_total=0.678108 loss_rec=0.586362 valid_auc=0.682556 valid_rmse=0.476304 q_change=50 q_delta=0.302029 q_grad=0.001698
epoch=26 loss_total=0.675016 loss_rec=0.583329 valid_auc=0.684297 valid_rmse=0.476453 q_change=49 q_delta=0.304741 q_grad=0.001683
epoch=27 loss_total=0.670765 loss_rec=0.579054 valid_auc=0.683281 valid_rmse=0.478157 q_change=49 q_delta=0.307504 q_grad=0.001685
epoch=28 loss_total=0.672771 loss_rec=0.581032 valid_auc=0.683147 valid_rmse=0.477192 q_change=44 q_delta=0.310466 q_grad=0.001788
epoch=29 loss_total=0.664888 loss_rec=0.573178 valid_auc=0.685982 valid_rmse=0.476482 q_change=43 q_delta=0.312839 q_grad=0.001781
epoch=30 loss_total=0.662602 loss_rec=0.570822 valid_auc=0.687679 valid_rmse=0.477686 q_change=43 q_delta=0.314936 q_grad=0.001821
epoch=31 loss_total=0.656973 loss_rec=0.565168 valid_auc=0.685123 valid_rmse=0.478107 q_change=43 q_delta=0.317443 q_grad=0.001832
epoch=32 loss_total=0.656058 loss_rec=0.564206 valid_auc=0.688203 valid_rmse=0.477209 q_change=42 q_delta=0.320301 q_grad=0.001884
epoch=33 loss_total=0.650775 loss_rec=0.558833 valid_auc=0.686373 valid_rmse=0.476295 q_change=41 q_delta=0.323153 q_grad=0.001921
epoch=34 loss_total=0.650031 loss_rec=0.558096 valid_auc=0.685614 valid_rmse=0.476542 q_change=41 q_delta=0.325439 q_grad=0.001916
epoch=35 loss_total=0.648359 loss_rec=0.556360 valid_auc=0.689174 valid_rmse=0.475376 q_change=41 q_delta=0.327737 q_grad=0.001936
epoch=36 loss_total=0.640293 loss_rec=0.548187 valid_auc=0.688426 valid_rmse=0.476422 q_change=41 q_delta=0.329744 q_grad=0.002008
epoch=37 loss_total=0.635555 loss_rec=0.543385 valid_auc=0.686127 valid_rmse=0.479296 q_change=41 q_delta=0.331941 q_grad=0.002005
epoch=38 loss_total=0.629774 loss_rec=0.537584 valid_auc=0.686652 valid_rmse=0.479970 q_change=41 q_delta=0.333905 q_grad=0.002113
epoch=39 loss_total=0.627618 loss_rec=0.535409 valid_auc=0.686607 valid_rmse=0.478585 q_change=41 q_delta=0.336056 q_grad=0.002072
epoch=40 loss_total=0.624014 loss_rec=0.531774 valid_auc=0.686496 valid_rmse=0.479758 q_change=41 q_delta=0.337681 q_grad=0.002137
epoch=41 loss_total=0.617522 loss_rec=0.525288 valid_auc=0.686797 valid_rmse=0.482162 q_change=41 q_delta=0.339699 q_grad=0.002122
epoch=42 loss_total=0.620503 loss_rec=0.528270 valid_auc=0.685056 valid_rmse=0.480562 q_change=40 q_delta=0.341322 q_grad=0.002267
epoch=43 loss_total=0.613971 loss_rec=0.521770 valid_auc=0.687344 valid_rmse=0.481653 q_change=39 q_delta=0.342732 q_grad=0.002210
epoch=44 loss_total=0.612403 loss_rec=0.520204 valid_auc=0.686016 valid_rmse=0.481198 q_change=37 q_delta=0.344028 q_grad=0.002241
epoch=45 loss_total=0.607763 loss_rec=0.515590 valid_auc=0.684364 valid_rmse=0.485069 q_change=36 q_delta=0.345010 q_grad=0.002255
epoch=46 loss_total=0.606218 loss_rec=0.514030 valid_auc=0.689174 valid_rmse=0.480362 q_change=36 q_delta=0.346555 q_grad=0.002258
epoch=47 loss_total=0.605218 loss_rec=0.513097 valid_auc=0.685301 valid_rmse=0.483912 q_change=36 q_delta=0.347483 q_grad=0.002235
epoch=48 loss_total=0.603923 loss_rec=0.511835 valid_auc=0.685156 valid_rmse=0.482305 q_change=36 q_delta=0.348744 q_grad=0.002283
epoch=49 loss_total=0.598401 loss_rec=0.506342 valid_auc=0.688348 valid_rmse=0.480889 q_change=36 q_delta=0.349517 q_grad=0.002247
epoch=50 loss_total=0.593414 loss_rec=0.501392 valid_auc=0.686060 valid_rmse=0.484821 q_change=36 q_delta=0.350523 q_grad=0.002255
epoch=51 loss_total=0.594234 loss_rec=0.502271 valid_auc=0.685525 valid_rmse=0.485064 q_change=36 q_delta=0.351390 q_grad=0.002310
epoch=52 loss_total=0.594676 loss_rec=0.502745 valid_auc=0.686975 valid_rmse=0.482711 q_change=36 q_delta=0.352633 q_grad=0.002324
epoch=53 loss_total=0.596402 loss_rec=0.504491 valid_auc=0.685558 valid_rmse=0.482922 q_change=37 q_delta=0.353415 q_grad=0.002340
epoch=54 loss_total=0.590024 loss_rec=0.498124 valid_auc=0.682801 valid_rmse=0.485261 q_change=38 q_delta=0.354556 q_grad=0.002356
epoch=55 loss_total=0.585303 loss_rec=0.493444 valid_auc=0.690212 valid_rmse=0.481222 q_change=38 q_delta=0.355645 q_grad=0.002301
epoch=56 loss_total=0.584501 loss_rec=0.492679 valid_auc=0.685714 valid_rmse=0.484438 q_change=37 q_delta=0.356611 q_grad=0.002302
epoch=57 loss_total=0.585230 loss_rec=0.493395 valid_auc=0.683594 valid_rmse=0.486012 q_change=37 q_delta=0.357454 q_grad=0.002431
epoch=58 loss_total=0.580220 loss_rec=0.488418 valid_auc=0.684576 valid_rmse=0.486229 q_change=37 q_delta=0.358283 q_grad=0.002366
epoch=59 loss_total=0.577105 loss_rec=0.485376 valid_auc=0.687662 valid_rmse=0.483337 q_change=37 q_delta=0.359318 q_grad=0.002331
epoch=60 loss_total=0.580131 loss_rec=0.488414 valid_auc=0.688281 valid_rmse=0.484489 q_change=38 q_delta=0.360327 q_grad=0.002381
epoch=61 loss_total=0.576902 loss_rec=0.485184 valid_auc=0.685982 valid_rmse=0.483878 q_change=38 q_delta=0.361327 q_grad=0.002393
epoch=62 loss_total=0.573144 loss_rec=0.481480 valid_auc=0.690714 valid_rmse=0.483065 q_change=38 q_delta=0.362203 q_grad=0.002319
epoch=63 loss_total=0.572712 loss_rec=0.481056 valid_auc=0.686484 valid_rmse=0.485783 q_change=38 q_delta=0.363046 q_grad=0.002428
epoch=64 loss_total=0.573051 loss_rec=0.481398 valid_auc=0.686306 valid_rmse=0.487101 q_change=38 q_delta=0.363623 q_grad=0.002419
epoch=65 loss_total=0.571384 loss_rec=0.479743 valid_auc=0.685402 valid_rmse=0.485620 q_change=37 q_delta=0.364690 q_grad=0.002315
epoch=66 loss_total=0.570594 loss_rec=0.478981 valid_auc=0.685145 valid_rmse=0.486707 q_change=37 q_delta=0.365375 q_grad=0.002451
epoch=67 loss_total=0.570530 loss_rec=0.478919 valid_auc=0.685424 valid_rmse=0.486852 q_change=37 q_delta=0.366232 q_grad=0.002460
epoch=68 loss_total=0.563714 loss_rec=0.472124 valid_auc=0.687522 valid_rmse=0.487978 q_change=37 q_delta=0.366943 q_grad=0.002431
epoch=69 loss_total=0.561962 loss_rec=0.470374 valid_auc=0.686250 valid_rmse=0.492906 q_change=37 q_delta=0.367522 q_grad=0.002460
epoch=70 loss_total=0.557045 loss_rec=0.465459 valid_auc=0.685960 valid_rmse=0.487395 q_change=37 q_delta=0.368416 q_grad=0.002498
epoch=71 loss_total=0.558626 loss_rec=0.467103 valid_auc=0.688850 valid_rmse=0.485762 q_change=37 q_delta=0.369088 q_grad=0.002471
epoch=72 loss_total=0.558973 loss_rec=0.467440 valid_auc=0.688125 valid_rmse=0.486483 q_change=37 q_delta=0.369545 q_grad=0.002485
epoch=73 loss_total=0.552723 loss_rec=0.461202 valid_auc=0.683694 valid_rmse=0.490006 q_change=36 q_delta=0.370435 q_grad=0.002466
epoch=74 loss_total=0.557993 loss_rec=0.466498 valid_auc=0.685737 valid_rmse=0.488083 q_change=35 q_delta=0.371118 q_grad=0.002486
epoch=75 loss_total=0.555528 loss_rec=0.464051 valid_auc=0.684263 valid_rmse=0.493737 q_change=33 q_delta=0.371434 q_grad=0.002494
epoch=76 loss_total=0.554141 loss_rec=0.462682 valid_auc=0.689185 valid_rmse=0.484574 q_change=32 q_delta=0.372271 q_grad=0.002466
epoch=77 loss_total=0.545929 loss_rec=0.454479 valid_auc=0.686027 valid_rmse=0.488992 q_change=32 q_delta=0.372817 q_grad=0.002409
epoch=78 loss_total=0.545961 loss_rec=0.454508 valid_auc=0.688058 valid_rmse=0.490235 q_change=32 q_delta=0.373458 q_grad=0.002612
epoch=79 loss_total=0.543524 loss_rec=0.452116 valid_auc=0.684342 valid_rmse=0.488363 q_change=32 q_delta=0.374053 q_grad=0.002583
epoch=80 loss_total=0.542830 loss_rec=0.451442 valid_auc=0.687578 valid_rmse=0.487855 q_change=31 q_delta=0.374637 q_grad=0.002547
epoch=81 loss_total=0.539379 loss_rec=0.448005 valid_auc=0.688158 valid_rmse=0.490570 q_change=31 q_delta=0.375077 q_grad=0.002577
epoch=82 loss_total=0.536879 loss_rec=0.445547 valid_auc=0.687243 valid_rmse=0.489630 q_change=30 q_delta=0.375818 q_grad=0.002619
Early stopping at epoch 82; best_epoch=62.
Saved run to C:\Users\YAN_SHU_YU\Desktop\Generative-CD\Q_GNCDM\results\weak_q_lambda_sweep\lq_0p3_ls_0p3_lb_0p05\seed_2026\noise_0.20\weak-q_lq_0p3_ls_0p3_lb_0p05
Final metrics: q_hat_f1=0.506329 response_auc=0.684181 mastery_pearson=0.503695
