run=weak-q_lq_0p7_ls_0p4_lb_0p2 mode=weak-q noise=0.20 train=4200 valid=600 test=1200
epoch=1 loss_total=0.949830 loss_rec=0.725645 valid_auc=0.587980 valid_rmse=0.499740 q_change=57 q_delta=0.075924 q_grad=0.000368
epoch=2 loss_total=0.906737 loss_rec=0.705639 valid_auc=0.596780 valid_rmse=0.499164 q_change=57 q_delta=0.135196 q_grad=0.000273
epoch=3 loss_total=0.885824 loss_rec=0.698955 valid_auc=0.614118 valid_rmse=0.497974 q_change=57 q_delta=0.178795 q_grad=0.000222
epoch=4 loss_total=0.869036 loss_rec=0.690882 valid_auc=0.638661 valid_rmse=0.496187 q_change=57 q_delta=0.210107 q_grad=0.000208
epoch=5 loss_total=0.859421 loss_rec=0.686097 valid_auc=0.658672 valid_rmse=0.491434 q_change=57 q_delta=0.228996 q_grad=0.000250
epoch=6 loss_total=0.840192 loss_rec=0.668866 valid_auc=0.668761 valid_rmse=0.483594 q_change=57 q_delta=0.236349 q_grad=0.000381
epoch=7 loss_total=0.813875 loss_rec=0.642941 valid_auc=0.673683 valid_rmse=0.477686 q_change=57 q_delta=0.239085 q_grad=0.000603
epoch=8 loss_total=0.802622 loss_rec=0.631937 valid_auc=0.676685 valid_rmse=0.476333 q_change=57 q_delta=0.241973 q_grad=0.000861
epoch=9 loss_total=0.794113 loss_rec=0.623936 valid_auc=0.683694 valid_rmse=0.472741 q_change=57 q_delta=0.244864 q_grad=0.001013
epoch=10 loss_total=0.796411 loss_rec=0.626853 valid_auc=0.681172 valid_rmse=0.474739 q_change=56 q_delta=0.247657 q_grad=0.001076
epoch=11 loss_total=0.793835 loss_rec=0.624527 valid_auc=0.681518 valid_rmse=0.473486 q_change=55 q_delta=0.250867 q_grad=0.001189
epoch=12 loss_total=0.784917 loss_rec=0.615955 valid_auc=0.681004 valid_rmse=0.475322 q_change=54 q_delta=0.253459 q_grad=0.001234
epoch=13 loss_total=0.781514 loss_rec=0.612927 valid_auc=0.680926 valid_rmse=0.474029 q_change=54 q_delta=0.257368 q_grad=0.001224
epoch=14 loss_total=0.782264 loss_rec=0.613909 valid_auc=0.679900 valid_rmse=0.476168 q_change=53 q_delta=0.259848 q_grad=0.001296
epoch=15 loss_total=0.778544 loss_rec=0.610321 valid_auc=0.681417 valid_rmse=0.474600 q_change=52 q_delta=0.263085 q_grad=0.001321
epoch=16 loss_total=0.780563 loss_rec=0.612398 valid_auc=0.681819 valid_rmse=0.474939 q_change=52 q_delta=0.265970 q_grad=0.001414
epoch=17 loss_total=0.776457 loss_rec=0.608458 valid_auc=0.681010 valid_rmse=0.474808 q_change=51 q_delta=0.268762 q_grad=0.001343
epoch=18 loss_total=0.771591 loss_rec=0.603600 valid_auc=0.681194 valid_rmse=0.474904 q_change=50 q_delta=0.271677 q_grad=0.001374
epoch=19 loss_total=0.770869 loss_rec=0.602967 valid_auc=0.682377 valid_rmse=0.475498 q_change=50 q_delta=0.274640 q_grad=0.001455
epoch=20 loss_total=0.768680 loss_rec=0.600716 valid_auc=0.684263 valid_rmse=0.474087 q_change=50 q_delta=0.277784 q_grad=0.001526
epoch=21 loss_total=0.764003 loss_rec=0.595946 valid_auc=0.685446 valid_rmse=0.474956 q_change=50 q_delta=0.280276 q_grad=0.001457
epoch=22 loss_total=0.761833 loss_rec=0.593662 valid_auc=0.684174 valid_rmse=0.475146 q_change=48 q_delta=0.283112 q_grad=0.001574
epoch=23 loss_total=0.759536 loss_rec=0.591213 valid_auc=0.683092 valid_rmse=0.475012 q_change=48 q_delta=0.285988 q_grad=0.001538
epoch=24 loss_total=0.754610 loss_rec=0.586146 valid_auc=0.682991 valid_rmse=0.475611 q_change=46 q_delta=0.288734 q_grad=0.001581
epoch=25 loss_total=0.754126 loss_rec=0.585407 valid_auc=0.685022 valid_rmse=0.475673 q_change=45 q_delta=0.291109 q_grad=0.001681
epoch=26 loss_total=0.751354 loss_rec=0.582438 valid_auc=0.685402 valid_rmse=0.475737 q_change=42 q_delta=0.293702 q_grad=0.001669
epoch=27 loss_total=0.747033 loss_rec=0.577836 valid_auc=0.685714 valid_rmse=0.477235 q_change=41 q_delta=0.296120 q_grad=0.001672
epoch=28 loss_total=0.749327 loss_rec=0.579857 valid_auc=0.685536 valid_rmse=0.476349 q_change=40 q_delta=0.299049 q_grad=0.001782
epoch=29 loss_total=0.741756 loss_rec=0.572079 valid_auc=0.688125 valid_rmse=0.475577 q_change=40 q_delta=0.301392 q_grad=0.001781
epoch=30 loss_total=0.739092 loss_rec=0.569072 valid_auc=0.689397 valid_rmse=0.476829 q_change=40 q_delta=0.303603 q_grad=0.001839
epoch=31 loss_total=0.734000 loss_rec=0.563690 valid_auc=0.688080 valid_rmse=0.476912 q_change=39 q_delta=0.306152 q_grad=0.001851
epoch=32 loss_total=0.733493 loss_rec=0.562891 valid_auc=0.692132 valid_rmse=0.475634 q_change=38 q_delta=0.309021 q_grad=0.001905
epoch=33 loss_total=0.727503 loss_rec=0.556552 valid_auc=0.690134 valid_rmse=0.475169 q_change=36 q_delta=0.311836 q_grad=0.001945
epoch=34 loss_total=0.726516 loss_rec=0.555318 valid_auc=0.689063 valid_rmse=0.475193 q_change=36 q_delta=0.313744 q_grad=0.001944
epoch=35 loss_total=0.725940 loss_rec=0.554476 valid_auc=0.692567 valid_rmse=0.474109 q_change=35 q_delta=0.315881 q_grad=0.001972
epoch=36 loss_total=0.717452 loss_rec=0.545683 valid_auc=0.692902 valid_rmse=0.474433 q_change=33 q_delta=0.317532 q_grad=0.002048
epoch=37 loss_total=0.712785 loss_rec=0.540710 valid_auc=0.690536 valid_rmse=0.477469 q_change=33 q_delta=0.319762 q_grad=0.002061
epoch=38 loss_total=0.706629 loss_rec=0.534391 valid_auc=0.690815 valid_rmse=0.478121 q_change=33 q_delta=0.321745 q_grad=0.002144
epoch=39 loss_total=0.706171 loss_rec=0.533731 valid_auc=0.691038 valid_rmse=0.476741 q_change=33 q_delta=0.323713 q_grad=0.002130
epoch=40 loss_total=0.703125 loss_rec=0.530509 valid_auc=0.691094 valid_rmse=0.477684 q_change=31 q_delta=0.325131 q_grad=0.002185
epoch=41 loss_total=0.696287 loss_rec=0.523553 valid_auc=0.691228 valid_rmse=0.480323 q_change=31 q_delta=0.327173 q_grad=0.002168
epoch=42 loss_total=0.699746 loss_rec=0.526895 valid_auc=0.689230 valid_rmse=0.478690 q_change=31 q_delta=0.328922 q_grad=0.002319
epoch=43 loss_total=0.693165 loss_rec=0.520206 valid_auc=0.690993 valid_rmse=0.479628 q_change=30 q_delta=0.330290 q_grad=0.002274
epoch=44 loss_total=0.691213 loss_rec=0.518158 valid_auc=0.691127 valid_rmse=0.478620 q_change=29 q_delta=0.331657 q_grad=0.002282
epoch=45 loss_total=0.687311 loss_rec=0.514198 valid_auc=0.689710 valid_rmse=0.483479 q_change=30 q_delta=0.332715 q_grad=0.002272
epoch=46 loss_total=0.686773 loss_rec=0.513536 valid_auc=0.694810 valid_rmse=0.478097 q_change=30 q_delta=0.334410 q_grad=0.002312
epoch=47 loss_total=0.684796 loss_rec=0.511513 valid_auc=0.691797 valid_rmse=0.481283 q_change=30 q_delta=0.335549 q_grad=0.002270
epoch=48 loss_total=0.683779 loss_rec=0.510455 valid_auc=0.691585 valid_rmse=0.479920 q_change=29 q_delta=0.337025 q_grad=0.002335
epoch=49 loss_total=0.677984 loss_rec=0.504610 valid_auc=0.693527 valid_rmse=0.478763 q_change=28 q_delta=0.337988 q_grad=0.002318
epoch=50 loss_total=0.673848 loss_rec=0.500445 valid_auc=0.691551 valid_rmse=0.482730 q_change=28 q_delta=0.339276 q_grad=0.002310
epoch=51 loss_total=0.674645 loss_rec=0.501235 valid_auc=0.692846 valid_rmse=0.482870 q_change=30 q_delta=0.340273 q_grad=0.002387
epoch=52 loss_total=0.675595 loss_rec=0.502149 valid_auc=0.691987 valid_rmse=0.481239 q_change=29 q_delta=0.341736 q_grad=0.002391
epoch=53 loss_total=0.677145 loss_rec=0.503661 valid_auc=0.691417 valid_rmse=0.480795 q_change=29 q_delta=0.342866 q_grad=0.002387
epoch=54 loss_total=0.670471 loss_rec=0.496915 valid_auc=0.689118 valid_rmse=0.482223 q_change=30 q_delta=0.344004 q_grad=0.002417
epoch=55 loss_total=0.665952 loss_rec=0.492383 valid_auc=0.697567 valid_rmse=0.478505 q_change=30 q_delta=0.345143 q_grad=0.002373
epoch=56 loss_total=0.665319 loss_rec=0.491726 valid_auc=0.693940 valid_rmse=0.481703 q_change=30 q_delta=0.346188 q_grad=0.002379
epoch=57 loss_total=0.665782 loss_rec=0.492114 valid_auc=0.691306 valid_rmse=0.484157 q_change=30 q_delta=0.347261 q_grad=0.002509
epoch=58 loss_total=0.659557 loss_rec=0.485858 valid_auc=0.691942 valid_rmse=0.484157 q_change=30 q_delta=0.348409 q_grad=0.002436
epoch=59 loss_total=0.656925 loss_rec=0.483241 valid_auc=0.695647 valid_rmse=0.480818 q_change=29 q_delta=0.349370 q_grad=0.002401
epoch=60 loss_total=0.659834 loss_rec=0.486119 valid_auc=0.694989 valid_rmse=0.482433 q_change=29 q_delta=0.350248 q_grad=0.002448
epoch=61 loss_total=0.657690 loss_rec=0.483935 valid_auc=0.692980 valid_rmse=0.481591 q_change=29 q_delta=0.351300 q_grad=0.002501
epoch=62 loss_total=0.653400 loss_rec=0.479652 valid_auc=0.695692 valid_rmse=0.481580 q_change=29 q_delta=0.352044 q_grad=0.002407
epoch=63 loss_total=0.653230 loss_rec=0.479435 valid_auc=0.694408 valid_rmse=0.482672 q_change=28 q_delta=0.352840 q_grad=0.002524
epoch=64 loss_total=0.653404 loss_rec=0.479588 valid_auc=0.695826 valid_rmse=0.484947 q_change=28 q_delta=0.353567 q_grad=0.002492
epoch=65 loss_total=0.651065 loss_rec=0.477235 valid_auc=0.693672 valid_rmse=0.482911 q_change=28 q_delta=0.354604 q_grad=0.002401
epoch=66 loss_total=0.650366 loss_rec=0.476524 valid_auc=0.693214 valid_rmse=0.483643 q_change=28 q_delta=0.355428 q_grad=0.002537
epoch=67 loss_total=0.650200 loss_rec=0.476320 valid_auc=0.693571 valid_rmse=0.484370 q_change=28 q_delta=0.356268 q_grad=0.002520
epoch=68 loss_total=0.642962 loss_rec=0.469062 valid_auc=0.695402 valid_rmse=0.485220 q_change=28 q_delta=0.357040 q_grad=0.002527
epoch=69 loss_total=0.640694 loss_rec=0.466771 valid_auc=0.694196 valid_rmse=0.490010 q_change=28 q_delta=0.357853 q_grad=0.002524
epoch=70 loss_total=0.638236 loss_rec=0.464270 valid_auc=0.694152 valid_rmse=0.484082 q_change=28 q_delta=0.358962 q_grad=0.002592
epoch=71 loss_total=0.637962 loss_rec=0.464043 valid_auc=0.697790 valid_rmse=0.482967 q_change=28 q_delta=0.359839 q_grad=0.002521
epoch=72 loss_total=0.639190 loss_rec=0.465230 valid_auc=0.695056 valid_rmse=0.484980 q_change=28 q_delta=0.360526 q_grad=0.002572
epoch=73 loss_total=0.633503 loss_rec=0.459517 valid_auc=0.691897 valid_rmse=0.487394 q_change=28 q_delta=0.361439 q_grad=0.002608
epoch=74 loss_total=0.638334 loss_rec=0.464366 valid_auc=0.694364 valid_rmse=0.485726 q_change=28 q_delta=0.362245 q_grad=0.002559
epoch=75 loss_total=0.636220 loss_rec=0.462235 valid_auc=0.692232 valid_rmse=0.490648 q_change=27 q_delta=0.362849 q_grad=0.002624
epoch=76 loss_total=0.634695 loss_rec=0.460694 valid_auc=0.694844 valid_rmse=0.483445 q_change=27 q_delta=0.363604 q_grad=0.002554
epoch=77 loss_total=0.626225 loss_rec=0.452208 valid_auc=0.695982 valid_rmse=0.484966 q_change=27 q_delta=0.364353 q_grad=0.002523
epoch=78 loss_total=0.626615 loss_rec=0.452592 valid_auc=0.696138 valid_rmse=0.488197 q_change=28 q_delta=0.365010 q_grad=0.002716
epoch=79 loss_total=0.623899 loss_rec=0.449885 valid_auc=0.692199 valid_rmse=0.486603 q_change=29 q_delta=0.365799 q_grad=0.002685
epoch=80 loss_total=0.623858 loss_rec=0.449862 valid_auc=0.696027 valid_rmse=0.486539 q_change=29 q_delta=0.366687 q_grad=0.002644
epoch=81 loss_total=0.622532 loss_rec=0.448523 valid_auc=0.696038 valid_rmse=0.487731 q_change=29 q_delta=0.367100 q_grad=0.002721
epoch=82 loss_total=0.618493 loss_rec=0.444497 valid_auc=0.693549 valid_rmse=0.488596 q_change=29 q_delta=0.367921 q_grad=0.002706
epoch=83 loss_total=0.624823 loss_rec=0.450852 valid_auc=0.695112 valid_rmse=0.488730 q_change=29 q_delta=0.368472 q_grad=0.002691
epoch=84 loss_total=0.624142 loss_rec=0.450202 valid_auc=0.695491 valid_rmse=0.486156 q_change=29 q_delta=0.369148 q_grad=0.002666
epoch=85 loss_total=0.618796 loss_rec=0.444841 valid_auc=0.696819 valid_rmse=0.489055 q_change=29 q_delta=0.369549 q_grad=0.002732
epoch=86 loss_total=0.619121 loss_rec=0.445164 valid_auc=0.694118 valid_rmse=0.487318 q_change=29 q_delta=0.370289 q_grad=0.002795
epoch=87 loss_total=0.616557 loss_rec=0.442586 valid_auc=0.695022 valid_rmse=0.486261 q_change=29 q_delta=0.370927 q_grad=0.002720
epoch=88 loss_total=0.611683 loss_rec=0.437714 valid_auc=0.697020 valid_rmse=0.487587 q_change=29 q_delta=0.371336 q_grad=0.002749
epoch=89 loss_total=0.613611 loss_rec=0.439681 valid_auc=0.694888 valid_rmse=0.492135 q_change=29 q_delta=0.371736 q_grad=0.002676
epoch=90 loss_total=0.619867 loss_rec=0.445934 valid_auc=0.690781 valid_rmse=0.487445 q_change=29 q_delta=0.372555 q_grad=0.002713
epoch=91 loss_total=0.612339 loss_rec=0.438399 valid_auc=0.693538 valid_rmse=0.488002 q_change=29 q_delta=0.373021 q_grad=0.002686
Early stopping at epoch 91; best_epoch=71.
Saved run to C:\Users\YAN_SHU_YU\Desktop\Generative-CD\Q_GNCDM\results\weak_q_lambda_sweep\lq_0p7_ls_0p4_lb_0p2\seed_2026\noise_0.20\weak-q_lq_0p7_ls_0p4_lb_0p2
Final metrics: q_hat_f1=0.635294 response_auc=0.684717 mastery_pearson=0.551683
