run=weak-q_lq_0p9_ls_0p6_lb_0p05 mode=weak-q noise=0.20 train=4200 valid=600 test=1200
epoch=1 loss_total=1.000662 loss_rec=0.725650 valid_auc=0.587762 valid_rmse=0.499747 q_change=57 q_delta=0.076235 q_grad=0.000536
epoch=2 loss_total=0.947821 loss_rec=0.705697 valid_auc=0.594609 valid_rmse=0.499217 q_change=57 q_delta=0.135754 q_grad=0.000381
epoch=3 loss_total=0.921878 loss_rec=0.699187 valid_auc=0.609163 valid_rmse=0.498158 q_change=57 q_delta=0.179510 q_grad=0.000282
epoch=4 loss_total=0.902916 loss_rec=0.691540 valid_auc=0.629944 valid_rmse=0.496681 q_change=57 q_delta=0.211037 q_grad=0.000233
epoch=5 loss_total=0.893087 loss_rec=0.687903 valid_auc=0.650971 valid_rmse=0.492708 q_change=57 q_delta=0.231388 q_grad=0.000246
epoch=6 loss_total=0.875695 loss_rec=0.673367 valid_auc=0.664208 valid_rmse=0.486056 q_change=57 q_delta=0.241215 q_grad=0.000342
epoch=7 loss_total=0.849822 loss_rec=0.648231 valid_auc=0.670089 valid_rmse=0.479125 q_change=57 q_delta=0.244837 q_grad=0.000543
epoch=8 loss_total=0.836210 loss_rec=0.634812 valid_auc=0.674933 valid_rmse=0.477237 q_change=57 q_delta=0.247882 q_grad=0.000810
epoch=9 loss_total=0.827204 loss_rec=0.626345 valid_auc=0.683594 valid_rmse=0.473029 q_change=57 q_delta=0.251175 q_grad=0.000978
epoch=10 loss_total=0.829223 loss_rec=0.629061 valid_auc=0.680022 valid_rmse=0.474919 q_change=57 q_delta=0.254296 q_grad=0.001053
epoch=11 loss_total=0.826640 loss_rec=0.626793 valid_auc=0.680513 valid_rmse=0.473595 q_change=57 q_delta=0.257670 q_grad=0.001173
epoch=12 loss_total=0.817663 loss_rec=0.618235 valid_auc=0.680346 valid_rmse=0.475577 q_change=57 q_delta=0.260273 q_grad=0.001222
epoch=13 loss_total=0.814683 loss_rec=0.615700 valid_auc=0.679955 valid_rmse=0.474116 q_change=57 q_delta=0.263913 q_grad=0.001214
epoch=14 loss_total=0.815702 loss_rec=0.617006 valid_auc=0.678594 valid_rmse=0.476302 q_change=57 q_delta=0.265907 q_grad=0.001285
epoch=15 loss_total=0.812429 loss_rec=0.613917 valid_auc=0.679531 valid_rmse=0.474782 q_change=57 q_delta=0.268499 q_grad=0.001311
epoch=16 loss_total=0.814926 loss_rec=0.616531 valid_auc=0.680324 valid_rmse=0.475183 q_change=56 q_delta=0.270638 q_grad=0.001401
epoch=17 loss_total=0.811509 loss_rec=0.613391 valid_auc=0.679509 valid_rmse=0.475100 q_change=56 q_delta=0.272623 q_grad=0.001326
epoch=18 loss_total=0.807335 loss_rec=0.609290 valid_auc=0.680056 valid_rmse=0.475170 q_change=56 q_delta=0.274649 q_grad=0.001351
epoch=19 loss_total=0.807176 loss_rec=0.609295 valid_auc=0.680413 valid_rmse=0.475818 q_change=56 q_delta=0.276891 q_grad=0.001429
epoch=20 loss_total=0.805959 loss_rec=0.608100 valid_auc=0.682087 valid_rmse=0.474518 q_change=56 q_delta=0.278975 q_grad=0.001494
epoch=21 loss_total=0.802237 loss_rec=0.604346 valid_auc=0.682969 valid_rmse=0.475436 q_change=56 q_delta=0.280389 q_grad=0.001415
epoch=22 loss_total=0.801093 loss_rec=0.603155 valid_auc=0.680759 valid_rmse=0.475611 q_change=55 q_delta=0.282131 q_grad=0.001524
epoch=23 loss_total=0.799946 loss_rec=0.601907 valid_auc=0.680391 valid_rmse=0.475337 q_change=54 q_delta=0.284133 q_grad=0.001487
epoch=24 loss_total=0.796301 loss_rec=0.598166 valid_auc=0.679922 valid_rmse=0.475929 q_change=53 q_delta=0.285799 q_grad=0.001520
epoch=25 loss_total=0.797240 loss_rec=0.598859 valid_auc=0.680312 valid_rmse=0.475910 q_change=52 q_delta=0.287179 q_grad=0.001608
epoch=26 loss_total=0.795698 loss_rec=0.597164 valid_auc=0.681920 valid_rmse=0.475918 q_change=51 q_delta=0.288953 q_grad=0.001589
epoch=27 loss_total=0.792773 loss_rec=0.593901 valid_auc=0.682199 valid_rmse=0.476554 q_change=51 q_delta=0.290527 q_grad=0.001581
epoch=28 loss_total=0.796456 loss_rec=0.597340 valid_auc=0.681741 valid_rmse=0.476128 q_change=51 q_delta=0.292603 q_grad=0.001669
epoch=29 loss_total=0.790859 loss_rec=0.591468 valid_auc=0.684085 valid_rmse=0.475130 q_change=51 q_delta=0.294424 q_grad=0.001675
epoch=30 loss_total=0.789834 loss_rec=0.590023 valid_auc=0.686127 valid_rmse=0.476294 q_change=51 q_delta=0.295899 q_grad=0.001696
epoch=31 loss_total=0.786704 loss_rec=0.586420 valid_auc=0.685123 valid_rmse=0.475955 q_change=51 q_delta=0.297749 q_grad=0.001711
epoch=32 loss_total=0.787991 loss_rec=0.587294 valid_auc=0.688259 valid_rmse=0.474904 q_change=51 q_delta=0.299967 q_grad=0.001754
epoch=33 loss_total=0.785090 loss_rec=0.583899 valid_auc=0.687232 valid_rmse=0.474059 q_change=49 q_delta=0.301998 q_grad=0.001780
epoch=34 loss_total=0.784731 loss_rec=0.583075 valid_auc=0.685502 valid_rmse=0.474320 q_change=48 q_delta=0.303517 q_grad=0.001757
epoch=35 loss_total=0.785060 loss_rec=0.582929 valid_auc=0.688292 valid_rmse=0.473264 q_change=47 q_delta=0.305121 q_grad=0.001777
epoch=36 loss_total=0.778502 loss_rec=0.575766 valid_auc=0.689342 valid_rmse=0.473811 q_change=47 q_delta=0.306251 q_grad=0.001851
epoch=37 loss_total=0.774075 loss_rec=0.570710 valid_auc=0.689721 valid_rmse=0.475087 q_change=46 q_delta=0.307773 q_grad=0.001879
epoch=38 loss_total=0.770118 loss_rec=0.566312 valid_auc=0.688315 valid_rmse=0.476310 q_change=46 q_delta=0.309341 q_grad=0.001982
epoch=39 loss_total=0.770008 loss_rec=0.565570 valid_auc=0.688281 valid_rmse=0.474503 q_change=45 q_delta=0.311654 q_grad=0.001975
epoch=40 loss_total=0.765923 loss_rec=0.560916 valid_auc=0.688705 valid_rmse=0.475149 q_change=43 q_delta=0.313003 q_grad=0.002039
epoch=41 loss_total=0.760168 loss_rec=0.554667 valid_auc=0.688783 valid_rmse=0.476653 q_change=41 q_delta=0.314819 q_grad=0.002063
epoch=42 loss_total=0.761677 loss_rec=0.555664 valid_auc=0.686183 valid_rmse=0.476195 q_change=42 q_delta=0.316914 q_grad=0.002216
epoch=43 loss_total=0.754946 loss_rec=0.548381 valid_auc=0.688248 valid_rmse=0.476947 q_change=42 q_delta=0.318378 q_grad=0.002202
epoch=44 loss_total=0.753622 loss_rec=0.546643 valid_auc=0.688627 valid_rmse=0.476218 q_change=40 q_delta=0.320253 q_grad=0.002244
epoch=45 loss_total=0.747723 loss_rec=0.540387 valid_auc=0.687467 valid_rmse=0.480955 q_change=40 q_delta=0.321409 q_grad=0.002253
epoch=46 loss_total=0.747806 loss_rec=0.540029 valid_auc=0.693125 valid_rmse=0.475553 q_change=39 q_delta=0.323507 q_grad=0.002316
epoch=47 loss_total=0.744636 loss_rec=0.536508 valid_auc=0.689955 valid_rmse=0.478717 q_change=39 q_delta=0.324995 q_grad=0.002311
epoch=48 loss_total=0.742577 loss_rec=0.534208 valid_auc=0.689174 valid_rmse=0.477977 q_change=38 q_delta=0.326601 q_grad=0.002387
epoch=49 loss_total=0.736778 loss_rec=0.528148 valid_auc=0.691875 valid_rmse=0.476416 q_change=38 q_delta=0.327801 q_grad=0.002395
epoch=50 loss_total=0.732372 loss_rec=0.523531 valid_auc=0.689654 valid_rmse=0.480194 q_change=38 q_delta=0.329442 q_grad=0.002388
epoch=51 loss_total=0.732664 loss_rec=0.523709 valid_auc=0.691708 valid_rmse=0.480107 q_change=39 q_delta=0.330381 q_grad=0.002477
epoch=52 loss_total=0.733573 loss_rec=0.524453 valid_auc=0.688929 valid_rmse=0.479605 q_change=39 q_delta=0.331823 q_grad=0.002503
epoch=53 loss_total=0.734761 loss_rec=0.525473 valid_auc=0.689241 valid_rmse=0.478355 q_change=39 q_delta=0.332809 q_grad=0.002496
epoch=54 loss_total=0.727358 loss_rec=0.517890 valid_auc=0.687757 valid_rmse=0.480274 q_change=38 q_delta=0.333838 q_grad=0.002529
epoch=55 loss_total=0.722987 loss_rec=0.513435 valid_auc=0.696127 valid_rmse=0.476425 q_change=39 q_delta=0.334954 q_grad=0.002506
epoch=56 loss_total=0.722878 loss_rec=0.513230 valid_auc=0.691239 valid_rmse=0.479860 q_change=38 q_delta=0.335662 q_grad=0.002501
epoch=57 loss_total=0.723117 loss_rec=0.513332 valid_auc=0.689141 valid_rmse=0.482126 q_change=38 q_delta=0.336657 q_grad=0.002649
epoch=58 loss_total=0.717065 loss_rec=0.507163 valid_auc=0.691518 valid_rmse=0.481945 q_change=38 q_delta=0.337668 q_grad=0.002584
epoch=59 loss_total=0.714559 loss_rec=0.504645 valid_auc=0.694754 valid_rmse=0.478504 q_change=37 q_delta=0.338554 q_grad=0.002559
epoch=60 loss_total=0.717246 loss_rec=0.507253 valid_auc=0.693761 valid_rmse=0.480043 q_change=34 q_delta=0.339041 q_grad=0.002606
epoch=61 loss_total=0.715389 loss_rec=0.505315 valid_auc=0.692310 valid_rmse=0.479563 q_change=33 q_delta=0.339816 q_grad=0.002692
epoch=62 loss_total=0.711202 loss_rec=0.501079 valid_auc=0.694732 valid_rmse=0.479233 q_change=34 q_delta=0.340449 q_grad=0.002591
epoch=63 loss_total=0.710848 loss_rec=0.500632 valid_auc=0.693281 valid_rmse=0.480312 q_change=33 q_delta=0.341086 q_grad=0.002707
epoch=64 loss_total=0.711452 loss_rec=0.501158 valid_auc=0.695636 valid_rmse=0.482431 q_change=33 q_delta=0.341633 q_grad=0.002701
epoch=65 loss_total=0.709277 loss_rec=0.498937 valid_auc=0.694263 valid_rmse=0.480079 q_change=33 q_delta=0.342599 q_grad=0.002585
epoch=66 loss_total=0.708558 loss_rec=0.498116 valid_auc=0.693940 valid_rmse=0.480463 q_change=32 q_delta=0.343433 q_grad=0.002754
epoch=67 loss_total=0.708397 loss_rec=0.497874 valid_auc=0.693571 valid_rmse=0.481835 q_change=32 q_delta=0.343943 q_grad=0.002719
epoch=68 loss_total=0.701768 loss_rec=0.491152 valid_auc=0.695614 valid_rmse=0.482231 q_change=31 q_delta=0.344625 q_grad=0.002758
epoch=69 loss_total=0.698693 loss_rec=0.487998 valid_auc=0.694252 valid_rmse=0.486608 q_change=31 q_delta=0.345539 q_grad=0.002752
epoch=70 loss_total=0.697184 loss_rec=0.486356 valid_auc=0.694632 valid_rmse=0.481319 q_change=31 q_delta=0.346541 q_grad=0.002828
epoch=71 loss_total=0.696848 loss_rec=0.486004 valid_auc=0.697924 valid_rmse=0.479907 q_change=31 q_delta=0.347436 q_grad=0.002780
epoch=72 loss_total=0.697845 loss_rec=0.486897 valid_auc=0.694453 valid_rmse=0.481798 q_change=31 q_delta=0.348117 q_grad=0.002799
epoch=73 loss_total=0.693079 loss_rec=0.482023 valid_auc=0.691384 valid_rmse=0.484475 q_change=31 q_delta=0.349071 q_grad=0.002862
epoch=74 loss_total=0.697161 loss_rec=0.486050 valid_auc=0.694453 valid_rmse=0.482537 q_change=32 q_delta=0.350001 q_grad=0.002823
epoch=75 loss_total=0.694954 loss_rec=0.483728 valid_auc=0.692154 valid_rmse=0.487186 q_change=32 q_delta=0.350522 q_grad=0.002872
epoch=76 loss_total=0.694191 loss_rec=0.482868 valid_auc=0.694397 valid_rmse=0.480995 q_change=32 q_delta=0.351429 q_grad=0.002813
epoch=77 loss_total=0.685445 loss_rec=0.473994 valid_auc=0.697712 valid_rmse=0.481720 q_change=32 q_delta=0.352450 q_grad=0.002804
epoch=78 loss_total=0.685104 loss_rec=0.473576 valid_auc=0.695725 valid_rmse=0.485381 q_change=32 q_delta=0.353212 q_grad=0.003024
epoch=79 loss_total=0.682717 loss_rec=0.471106 valid_auc=0.692924 valid_rmse=0.484299 q_change=32 q_delta=0.354062 q_grad=0.002986
epoch=80 loss_total=0.682611 loss_rec=0.470952 valid_auc=0.696808 valid_rmse=0.483572 q_change=32 q_delta=0.355206 q_grad=0.002950
epoch=81 loss_total=0.680438 loss_rec=0.468653 valid_auc=0.696752 valid_rmse=0.484569 q_change=32 q_delta=0.355779 q_grad=0.003014
epoch=82 loss_total=0.676848 loss_rec=0.464979 valid_auc=0.694297 valid_rmse=0.485867 q_change=32 q_delta=0.356703 q_grad=0.003021
epoch=83 loss_total=0.681875 loss_rec=0.469962 valid_auc=0.695971 valid_rmse=0.487056 q_change=33 q_delta=0.357386 q_grad=0.003007
epoch=84 loss_total=0.681972 loss_rec=0.470037 valid_auc=0.697478 valid_rmse=0.482829 q_change=33 q_delta=0.358320 q_grad=0.003002
epoch=85 loss_total=0.676537 loss_rec=0.464478 valid_auc=0.696473 valid_rmse=0.487216 q_change=33 q_delta=0.358854 q_grad=0.003070
epoch=86 loss_total=0.676577 loss_rec=0.464418 valid_auc=0.695926 valid_rmse=0.484466 q_change=33 q_delta=0.359593 q_grad=0.003160
epoch=87 loss_total=0.673741 loss_rec=0.461490 valid_auc=0.696317 valid_rmse=0.483573 q_change=33 q_delta=0.360362 q_grad=0.003081
epoch=88 loss_total=0.667361 loss_rec=0.455032 valid_auc=0.697500 valid_rmse=0.485815 q_change=33 q_delta=0.360852 q_grad=0.003125
epoch=89 loss_total=0.669514 loss_rec=0.457209 valid_auc=0.695212 valid_rmse=0.490223 q_change=33 q_delta=0.361306 q_grad=0.003056
epoch=90 loss_total=0.676241 loss_rec=0.463830 valid_auc=0.692623 valid_rmse=0.484949 q_change=34 q_delta=0.362175 q_grad=0.003070
epoch=91 loss_total=0.667728 loss_rec=0.455230 valid_auc=0.695446 valid_rmse=0.485380 q_change=34 q_delta=0.362815 q_grad=0.003057
Early stopping at epoch 91; best_epoch=71.
Saved run to C:\Users\YAN_SHU_YU\Desktop\Generative-CD\Q_GNCDM\results\weak_q_lambda_sweep\lq_0p9_ls_0p6_lb_0p05\seed_2026\noise_0.20\weak-q_lq_0p9_ls_0p6_lb_0p05
Final metrics: q_hat_f1=0.609756 response_auc=0.684781 mastery_pearson=0.548842
