run=weak-q_lq_0p4_ls_0p4_lb_0p6 mode=weak-q noise=0.20 train=4200 valid=600 test=1200
epoch=1 loss_total=1.046251 loss_rec=0.725662 valid_auc=0.587829 valid_rmse=0.499752 q_change=57 q_delta=0.079304 q_grad=0.000443
epoch=2 loss_total=0.991471 loss_rec=0.705959 valid_auc=0.595246 valid_rmse=0.499310 q_change=57 q_delta=0.151241 q_grad=0.000427
epoch=3 loss_total=0.953109 loss_rec=0.700117 valid_auc=0.610000 valid_rmse=0.498546 q_change=57 q_delta=0.212446 q_grad=0.000404
epoch=4 loss_total=0.918647 loss_rec=0.694064 valid_auc=0.630904 valid_rmse=0.497934 q_change=57 q_delta=0.262075 q_grad=0.000369
epoch=5 loss_total=0.895661 loss_rec=0.694165 valid_auc=0.651758 valid_rmse=0.496215 q_change=57 q_delta=0.300115 q_grad=0.000336
epoch=6 loss_total=0.873227 loss_rec=0.689730 valid_auc=0.664286 valid_rmse=0.495292 q_change=57 q_delta=0.328185 q_grad=0.000311
epoch=7 loss_total=0.852103 loss_rec=0.682080 valid_auc=0.662388 valid_rmse=0.492911 q_change=57 q_delta=0.348249 q_grad=0.000311
epoch=8 loss_total=0.834656 loss_rec=0.673978 valid_auc=0.658214 valid_rmse=0.488217 q_change=57 q_delta=0.361123 q_grad=0.000368
epoch=9 loss_total=0.816975 loss_rec=0.662491 valid_auc=0.662076 valid_rmse=0.481611 q_change=57 q_delta=0.370365 q_grad=0.000496
epoch=10 loss_total=0.810175 loss_rec=0.660693 valid_auc=0.663136 valid_rmse=0.481165 q_change=57 q_delta=0.377839 q_grad=0.000599
epoch=11 loss_total=0.802790 loss_rec=0.657171 valid_auc=0.663538 valid_rmse=0.480171 q_change=57 q_delta=0.384288 q_grad=0.000707
epoch=12 loss_total=0.790907 loss_rec=0.648774 valid_auc=0.666484 valid_rmse=0.481092 q_change=57 q_delta=0.389451 q_grad=0.000772
epoch=13 loss_total=0.786038 loss_rec=0.646818 valid_auc=0.667578 valid_rmse=0.478203 q_change=57 q_delta=0.394039 q_grad=0.000793
epoch=14 loss_total=0.782909 loss_rec=0.645939 valid_auc=0.668047 valid_rmse=0.479659 q_change=57 q_delta=0.397269 q_grad=0.000889
epoch=15 loss_total=0.779797 loss_rec=0.644743 valid_auc=0.666797 valid_rmse=0.478052 q_change=57 q_delta=0.400586 q_grad=0.000946
epoch=16 loss_total=0.778954 loss_rec=0.645528 valid_auc=0.668694 valid_rmse=0.477825 q_change=57 q_delta=0.402966 q_grad=0.001053
epoch=17 loss_total=0.776688 loss_rec=0.644690 valid_auc=0.670078 valid_rmse=0.478169 q_change=57 q_delta=0.405062 q_grad=0.001035
epoch=18 loss_total=0.770153 loss_rec=0.639327 valid_auc=0.671049 valid_rmse=0.477657 q_change=57 q_delta=0.406978 q_grad=0.001084
epoch=19 loss_total=0.767662 loss_rec=0.637944 valid_auc=0.671875 valid_rmse=0.477264 q_change=57 q_delta=0.408664 q_grad=0.001172
epoch=20 loss_total=0.766335 loss_rec=0.637511 valid_auc=0.675123 valid_rmse=0.475886 q_change=57 q_delta=0.410255 q_grad=0.001282
epoch=21 loss_total=0.762737 loss_rec=0.634760 valid_auc=0.675647 valid_rmse=0.476722 q_change=57 q_delta=0.411296 q_grad=0.001247
epoch=22 loss_total=0.761551 loss_rec=0.634216 valid_auc=0.677444 valid_rmse=0.475479 q_change=57 q_delta=0.412303 q_grad=0.001375
epoch=23 loss_total=0.758244 loss_rec=0.631489 valid_auc=0.676473 valid_rmse=0.475226 q_change=57 q_delta=0.413361 q_grad=0.001401
epoch=24 loss_total=0.753480 loss_rec=0.627289 valid_auc=0.676317 valid_rmse=0.475805 q_change=57 q_delta=0.414126 q_grad=0.001469
epoch=25 loss_total=0.756087 loss_rec=0.630344 valid_auc=0.677600 valid_rmse=0.475520 q_change=57 q_delta=0.414683 q_grad=0.001617
epoch=26 loss_total=0.753743 loss_rec=0.628372 valid_auc=0.678471 valid_rmse=0.476086 q_change=57 q_delta=0.415173 q_grad=0.001626
epoch=27 loss_total=0.751438 loss_rec=0.626292 valid_auc=0.681998 valid_rmse=0.475436 q_change=57 q_delta=0.415374 q_grad=0.001642
epoch=28 loss_total=0.752274 loss_rec=0.627340 valid_auc=0.681328 valid_rmse=0.474918 q_change=57 q_delta=0.415686 q_grad=0.001745
epoch=29 loss_total=0.748410 loss_rec=0.623618 valid_auc=0.683650 valid_rmse=0.474454 q_change=57 q_delta=0.415671 q_grad=0.001812
epoch=30 loss_total=0.748786 loss_rec=0.624111 valid_auc=0.684118 valid_rmse=0.474872 q_change=56 q_delta=0.415763 q_grad=0.001801
epoch=31 loss_total=0.744759 loss_rec=0.620127 valid_auc=0.685011 valid_rmse=0.474168 q_change=56 q_delta=0.416681 q_grad=0.001849
epoch=32 loss_total=0.745640 loss_rec=0.621199 valid_auc=0.686696 valid_rmse=0.474851 q_change=56 q_delta=0.417346 q_grad=0.001917
epoch=33 loss_total=0.743975 loss_rec=0.619685 valid_auc=0.683371 valid_rmse=0.473860 q_change=56 q_delta=0.418205 q_grad=0.001900
epoch=34 loss_total=0.743257 loss_rec=0.619188 valid_auc=0.681920 valid_rmse=0.473902 q_change=56 q_delta=0.418618 q_grad=0.001936
epoch=35 loss_total=0.744369 loss_rec=0.620482 valid_auc=0.684442 valid_rmse=0.473208 q_change=56 q_delta=0.419063 q_grad=0.001926
epoch=36 loss_total=0.741111 loss_rec=0.617391 valid_auc=0.686440 valid_rmse=0.473810 q_change=56 q_delta=0.419214 q_grad=0.001967
epoch=37 loss_total=0.735311 loss_rec=0.611700 valid_auc=0.686696 valid_rmse=0.473655 q_change=56 q_delta=0.419488 q_grad=0.001995
epoch=38 loss_total=0.735163 loss_rec=0.611747 valid_auc=0.684509 valid_rmse=0.476060 q_change=56 q_delta=0.419769 q_grad=0.002118
epoch=39 loss_total=0.738116 loss_rec=0.614839 valid_auc=0.685893 valid_rmse=0.473298 q_change=56 q_delta=0.420168 q_grad=0.002050
epoch=40 loss_total=0.734307 loss_rec=0.611182 valid_auc=0.685123 valid_rmse=0.473764 q_change=56 q_delta=0.420272 q_grad=0.002099
epoch=41 loss_total=0.730169 loss_rec=0.607180 valid_auc=0.687645 valid_rmse=0.473808 q_change=56 q_delta=0.420420 q_grad=0.002105
epoch=42 loss_total=0.734233 loss_rec=0.611342 valid_auc=0.684018 valid_rmse=0.474376 q_change=56 q_delta=0.420587 q_grad=0.002169
epoch=43 loss_total=0.730051 loss_rec=0.607196 valid_auc=0.686607 valid_rmse=0.473664 q_change=56 q_delta=0.420533 q_grad=0.002105
epoch=44 loss_total=0.730683 loss_rec=0.607951 valid_auc=0.686540 valid_rmse=0.473852 q_change=56 q_delta=0.420655 q_grad=0.002182
epoch=45 loss_total=0.727967 loss_rec=0.605308 valid_auc=0.687712 valid_rmse=0.476016 q_change=56 q_delta=0.420542 q_grad=0.002205
epoch=46 loss_total=0.728923 loss_rec=0.606297 valid_auc=0.688906 valid_rmse=0.472432 q_change=56 q_delta=0.420666 q_grad=0.002139
epoch=47 loss_total=0.725980 loss_rec=0.603429 valid_auc=0.690569 valid_rmse=0.472837 q_change=55 q_delta=0.420541 q_grad=0.002169
epoch=48 loss_total=0.725957 loss_rec=0.603427 valid_auc=0.690312 valid_rmse=0.472285 q_change=55 q_delta=0.420815 q_grad=0.002224
epoch=49 loss_total=0.723380 loss_rec=0.600898 valid_auc=0.691641 valid_rmse=0.471942 q_change=55 q_delta=0.421070 q_grad=0.002241
epoch=50 loss_total=0.719293 loss_rec=0.596826 valid_auc=0.689788 valid_rmse=0.472993 q_change=55 q_delta=0.421386 q_grad=0.002144
epoch=51 loss_total=0.719106 loss_rec=0.596726 valid_auc=0.693125 valid_rmse=0.473207 q_change=55 q_delta=0.421518 q_grad=0.002269
epoch=52 loss_total=0.719770 loss_rec=0.597449 valid_auc=0.692154 valid_rmse=0.472160 q_change=55 q_delta=0.421874 q_grad=0.002292
epoch=53 loss_total=0.721591 loss_rec=0.599316 valid_auc=0.694565 valid_rmse=0.471205 q_change=55 q_delta=0.422068 q_grad=0.002288
epoch=54 loss_total=0.713281 loss_rec=0.591098 valid_auc=0.692232 valid_rmse=0.472845 q_change=55 q_delta=0.422288 q_grad=0.002250
epoch=55 loss_total=0.712559 loss_rec=0.590500 valid_auc=0.696518 valid_rmse=0.470678 q_change=55 q_delta=0.422455 q_grad=0.002295
epoch=56 loss_total=0.713376 loss_rec=0.591383 valid_auc=0.693929 valid_rmse=0.471398 q_change=55 q_delta=0.422642 q_grad=0.002346
epoch=57 loss_total=0.711637 loss_rec=0.589721 valid_auc=0.695781 valid_rmse=0.472433 q_change=55 q_delta=0.422661 q_grad=0.002436
epoch=58 loss_total=0.707896 loss_rec=0.586050 valid_auc=0.693850 valid_rmse=0.473333 q_change=55 q_delta=0.422821 q_grad=0.002389
epoch=59 loss_total=0.707819 loss_rec=0.586096 valid_auc=0.693795 valid_rmse=0.471453 q_change=54 q_delta=0.423078 q_grad=0.002387
epoch=60 loss_total=0.706805 loss_rec=0.585152 valid_auc=0.693806 valid_rmse=0.472635 q_change=53 q_delta=0.423140 q_grad=0.002460
epoch=61 loss_total=0.704877 loss_rec=0.583267 valid_auc=0.694152 valid_rmse=0.472286 q_change=53 q_delta=0.423277 q_grad=0.002505
epoch=62 loss_total=0.702126 loss_rec=0.580623 valid_auc=0.692712 valid_rmse=0.472319 q_change=53 q_delta=0.423496 q_grad=0.002490
epoch=63 loss_total=0.703228 loss_rec=0.581764 valid_auc=0.692109 valid_rmse=0.473148 q_change=53 q_delta=0.423646 q_grad=0.002536
epoch=64 loss_total=0.704899 loss_rec=0.583499 valid_auc=0.695748 valid_rmse=0.474523 q_change=53 q_delta=0.423761 q_grad=0.002628
epoch=65 loss_total=0.698711 loss_rec=0.577357 valid_auc=0.692187 valid_rmse=0.473054 q_change=53 q_delta=0.424082 q_grad=0.002527
epoch=66 loss_total=0.698966 loss_rec=0.577672 valid_auc=0.692187 valid_rmse=0.473521 q_change=53 q_delta=0.424155 q_grad=0.002702
epoch=67 loss_total=0.701341 loss_rec=0.580116 valid_auc=0.691462 valid_rmse=0.474569 q_change=53 q_delta=0.424353 q_grad=0.002708
epoch=68 loss_total=0.696195 loss_rec=0.575031 valid_auc=0.691507 valid_rmse=0.475864 q_change=53 q_delta=0.424444 q_grad=0.002720
epoch=69 loss_total=0.692815 loss_rec=0.571699 valid_auc=0.694821 valid_rmse=0.480422 q_change=53 q_delta=0.424474 q_grad=0.002833
epoch=70 loss_total=0.691815 loss_rec=0.570744 valid_auc=0.689944 valid_rmse=0.474255 q_change=53 q_delta=0.424847 q_grad=0.002847
epoch=71 loss_total=0.693502 loss_rec=0.572525 valid_auc=0.690937 valid_rmse=0.474260 q_change=53 q_delta=0.424948 q_grad=0.002858
epoch=72 loss_total=0.692214 loss_rec=0.571250 valid_auc=0.690246 valid_rmse=0.474796 q_change=53 q_delta=0.425009 q_grad=0.002895
epoch=73 loss_total=0.687491 loss_rec=0.566604 valid_auc=0.687511 valid_rmse=0.475826 q_change=53 q_delta=0.425142 q_grad=0.002958
epoch=74 loss_total=0.691909 loss_rec=0.571053 valid_auc=0.690078 valid_rmse=0.475937 q_change=53 q_delta=0.425202 q_grad=0.002937
epoch=75 loss_total=0.689637 loss_rec=0.568809 valid_auc=0.687109 valid_rmse=0.482293 q_change=53 q_delta=0.425125 q_grad=0.002946
Early stopping at epoch 75; best_epoch=55.
Saved run to C:\Users\YAN_SHU_YU\Desktop\Generative-CD\Q_GNCDM\results\weak_q_lambda_sweep\lq_0p4_ls_0p4_lb_0p6\seed_2026\noise_0.20\weak-q_lq_0p4_ls_0p4_lb_0p6
Final metrics: q_hat_f1=0.068966 response_auc=0.688187 mastery_pearson=0.344791
