run=weak-q_lq_0p3_ls_0p3_lb_0p3 mode=weak-q noise=0.20 train=4200 valid=600 test=1200
epoch=1 loss_total=0.929767 loss_rec=0.725650 valid_auc=0.588237 valid_rmse=0.499740 q_change=57 q_delta=0.077574 q_grad=0.000311
epoch=2 loss_total=0.886967 loss_rec=0.705779 valid_auc=0.597801 valid_rmse=0.499206 q_change=57 q_delta=0.144454 q_grad=0.000281
epoch=3 loss_total=0.861577 loss_rec=0.699482 valid_auc=0.616283 valid_rmse=0.498182 q_change=57 q_delta=0.199151 q_grad=0.000262
epoch=4 loss_total=0.839070 loss_rec=0.692437 valid_auc=0.642176 valid_rmse=0.496962 q_change=57 q_delta=0.242492 q_grad=0.000247
epoch=5 loss_total=0.825438 loss_rec=0.690393 valid_auc=0.662846 valid_rmse=0.493829 q_change=57 q_delta=0.273695 q_grad=0.000260
epoch=6 loss_total=0.807405 loss_rec=0.680355 valid_auc=0.669687 valid_rmse=0.489246 q_change=57 q_delta=0.293351 q_grad=0.000315
epoch=7 loss_total=0.783194 loss_rec=0.660992 valid_auc=0.667388 valid_rmse=0.482102 q_change=57 q_delta=0.304464 q_grad=0.000447
epoch=8 loss_total=0.767253 loss_rec=0.647844 valid_auc=0.669118 valid_rmse=0.479089 q_change=57 q_delta=0.312141 q_grad=0.000675
epoch=9 loss_total=0.757185 loss_rec=0.640069 valid_auc=0.676384 valid_rmse=0.475394 q_change=57 q_delta=0.318882 q_grad=0.000848
epoch=10 loss_total=0.757378 loss_rec=0.642264 valid_auc=0.676786 valid_rmse=0.475933 q_change=57 q_delta=0.323478 q_grad=0.000938
epoch=11 loss_total=0.752761 loss_rec=0.638892 valid_auc=0.678426 valid_rmse=0.474557 q_change=57 q_delta=0.327332 q_grad=0.001085
epoch=12 loss_total=0.742333 loss_rec=0.629515 valid_auc=0.680703 valid_rmse=0.475019 q_change=57 q_delta=0.329617 q_grad=0.001183
epoch=13 loss_total=0.737458 loss_rec=0.625460 valid_auc=0.682176 valid_rmse=0.473230 q_change=56 q_delta=0.332017 q_grad=0.001235
epoch=14 loss_total=0.736281 loss_rec=0.624852 valid_auc=0.682232 valid_rmse=0.474646 q_change=56 q_delta=0.333298 q_grad=0.001364
epoch=15 loss_total=0.731850 loss_rec=0.620893 valid_auc=0.682422 valid_rmse=0.473238 q_change=56 q_delta=0.335626 q_grad=0.001450
epoch=16 loss_total=0.732091 loss_rec=0.621573 valid_auc=0.684453 valid_rmse=0.473316 q_change=56 q_delta=0.336980 q_grad=0.001581
epoch=17 loss_total=0.727950 loss_rec=0.617853 valid_auc=0.683638 valid_rmse=0.473327 q_change=55 q_delta=0.338295 q_grad=0.001530
epoch=18 loss_total=0.720903 loss_rec=0.611172 valid_auc=0.684542 valid_rmse=0.473356 q_change=55 q_delta=0.339886 q_grad=0.001577
epoch=19 loss_total=0.719330 loss_rec=0.610101 valid_auc=0.685190 valid_rmse=0.474153 q_change=54 q_delta=0.341488 q_grad=0.001691
epoch=20 loss_total=0.715989 loss_rec=0.607086 valid_auc=0.687701 valid_rmse=0.472539 q_change=53 q_delta=0.343449 q_grad=0.001765
epoch=21 loss_total=0.711296 loss_rec=0.602792 valid_auc=0.688717 valid_rmse=0.473956 q_change=52 q_delta=0.344990 q_grad=0.001692
epoch=22 loss_total=0.708145 loss_rec=0.599981 valid_auc=0.687355 valid_rmse=0.473625 q_change=52 q_delta=0.346990 q_grad=0.001831
epoch=23 loss_total=0.705345 loss_rec=0.597568 valid_auc=0.685324 valid_rmse=0.473649 q_change=52 q_delta=0.349365 q_grad=0.001787
epoch=24 loss_total=0.699961 loss_rec=0.592550 valid_auc=0.684219 valid_rmse=0.474647 q_change=51 q_delta=0.351158 q_grad=0.001816
epoch=25 loss_total=0.699901 loss_rec=0.592848 valid_auc=0.685603 valid_rmse=0.474805 q_change=50 q_delta=0.352893 q_grad=0.001928
epoch=26 loss_total=0.697042 loss_rec=0.590314 valid_auc=0.687020 valid_rmse=0.474982 q_change=50 q_delta=0.354552 q_grad=0.001914
epoch=27 loss_total=0.693116 loss_rec=0.586683 valid_auc=0.687355 valid_rmse=0.476373 q_change=50 q_delta=0.356098 q_grad=0.001894
epoch=28 loss_total=0.694947 loss_rec=0.588788 valid_auc=0.687589 valid_rmse=0.475113 q_change=50 q_delta=0.357640 q_grad=0.001989
epoch=29 loss_total=0.687625 loss_rec=0.581751 valid_auc=0.689978 valid_rmse=0.474627 q_change=49 q_delta=0.358918 q_grad=0.002001
epoch=30 loss_total=0.685902 loss_rec=0.580248 valid_auc=0.691250 valid_rmse=0.475386 q_change=49 q_delta=0.359982 q_grad=0.002001
epoch=31 loss_total=0.680841 loss_rec=0.575429 valid_auc=0.691730 valid_rmse=0.474838 q_change=48 q_delta=0.361345 q_grad=0.002025
epoch=32 loss_total=0.680555 loss_rec=0.575376 valid_auc=0.693203 valid_rmse=0.474667 q_change=48 q_delta=0.362827 q_grad=0.002099
epoch=33 loss_total=0.676228 loss_rec=0.571230 valid_auc=0.692846 valid_rmse=0.473217 q_change=48 q_delta=0.364153 q_grad=0.002104
epoch=34 loss_total=0.675372 loss_rec=0.570630 valid_auc=0.691150 valid_rmse=0.473603 q_change=48 q_delta=0.365135 q_grad=0.002109
epoch=35 loss_total=0.674188 loss_rec=0.569618 valid_auc=0.694989 valid_rmse=0.472270 q_change=48 q_delta=0.366339 q_grad=0.002106
epoch=36 loss_total=0.665911 loss_rec=0.561477 valid_auc=0.695078 valid_rmse=0.473112 q_change=47 q_delta=0.367193 q_grad=0.002191
epoch=37 loss_total=0.660821 loss_rec=0.556568 valid_auc=0.693571 valid_rmse=0.475083 q_change=46 q_delta=0.368050 q_grad=0.002211
epoch=38 loss_total=0.655314 loss_rec=0.551248 valid_auc=0.693560 valid_rmse=0.476005 q_change=46 q_delta=0.369009 q_grad=0.002328
epoch=39 loss_total=0.653454 loss_rec=0.549550 valid_auc=0.692009 valid_rmse=0.474585 q_change=46 q_delta=0.370349 q_grad=0.002293
epoch=40 loss_total=0.649468 loss_rec=0.545755 valid_auc=0.691417 valid_rmse=0.475898 q_change=46 q_delta=0.371242 q_grad=0.002376
epoch=41 loss_total=0.641771 loss_rec=0.538246 valid_auc=0.691830 valid_rmse=0.478095 q_change=46 q_delta=0.372044 q_grad=0.002397
epoch=42 loss_total=0.643087 loss_rec=0.539729 valid_auc=0.688471 valid_rmse=0.477494 q_change=45 q_delta=0.372870 q_grad=0.002537
epoch=43 loss_total=0.636560 loss_rec=0.533343 valid_auc=0.690045 valid_rmse=0.478431 q_change=45 q_delta=0.373540 q_grad=0.002500
epoch=44 loss_total=0.632335 loss_rec=0.529276 valid_auc=0.689487 valid_rmse=0.479118 q_change=45 q_delta=0.374285 q_grad=0.002571
epoch=45 loss_total=0.626889 loss_rec=0.524005 valid_auc=0.688281 valid_rmse=0.483561 q_change=44 q_delta=0.374681 q_grad=0.002611
epoch=46 loss_total=0.626495 loss_rec=0.523712 valid_auc=0.692333 valid_rmse=0.478137 q_change=42 q_delta=0.375500 q_grad=0.002604
epoch=47 loss_total=0.621337 loss_rec=0.518715 valid_auc=0.688092 valid_rmse=0.482122 q_change=42 q_delta=0.376168 q_grad=0.002599
epoch=48 loss_total=0.618465 loss_rec=0.515978 valid_auc=0.688259 valid_rmse=0.480741 q_change=41 q_delta=0.376905 q_grad=0.002694
epoch=49 loss_total=0.611912 loss_rec=0.509531 valid_auc=0.689855 valid_rmse=0.479731 q_change=42 q_delta=0.377468 q_grad=0.002673
epoch=50 loss_total=0.607197 loss_rec=0.504918 valid_auc=0.687757 valid_rmse=0.483656 q_change=43 q_delta=0.378118 q_grad=0.002702
epoch=51 loss_total=0.605681 loss_rec=0.503564 valid_auc=0.687600 valid_rmse=0.484068 q_change=42 q_delta=0.378874 q_grad=0.002758
epoch=52 loss_total=0.606190 loss_rec=0.504186 valid_auc=0.688638 valid_rmse=0.482046 q_change=42 q_delta=0.379619 q_grad=0.002784
epoch=53 loss_total=0.606525 loss_rec=0.504616 valid_auc=0.687879 valid_rmse=0.481840 q_change=42 q_delta=0.380211 q_grad=0.002809
epoch=54 loss_total=0.599584 loss_rec=0.497775 valid_auc=0.684330 valid_rmse=0.484619 q_change=40 q_delta=0.380965 q_grad=0.002830
epoch=55 loss_total=0.594150 loss_rec=0.492456 valid_auc=0.690045 valid_rmse=0.481363 q_change=40 q_delta=0.381733 q_grad=0.002752
epoch=56 loss_total=0.593730 loss_rec=0.492126 valid_auc=0.685692 valid_rmse=0.483677 q_change=39 q_delta=0.382317 q_grad=0.002829
Early stopping at epoch 56; best_epoch=36.
Saved run to C:\Users\YAN_SHU_YU\Desktop\Generative-CD\Q_GNCDM\results\weak_q_lambda_sweep\lq_0p3_ls_0p3_lb_0p3\seed_2026\noise_0.20\weak-q_lq_0p3_ls_0p3_lb_0p3
Final metrics: q_hat_f1=0.303030 response_auc=0.692089 mastery_pearson=0.439460
