run=weak-q_lq_0p4_ls_0p6_lb_0p1 mode=weak-q noise=0.20 train=4200 valid=600 test=1200
epoch=1 loss_total=1.011568 loss_rec=0.725659 valid_auc=0.587718 valid_rmse=0.499753 q_change=57 q_delta=0.078111 q_grad=0.000581
epoch=2 loss_total=0.950921 loss_rec=0.705870 valid_auc=0.594364 valid_rmse=0.499291 q_change=57 q_delta=0.144915 q_grad=0.000488
epoch=3 loss_total=0.913406 loss_rec=0.699813 valid_auc=0.607868 valid_rmse=0.498450 q_change=57 q_delta=0.199240 q_grad=0.000411
epoch=4 loss_total=0.883134 loss_rec=0.693283 valid_auc=0.627310 valid_rmse=0.497600 q_change=57 q_delta=0.242411 q_grad=0.000348
epoch=5 loss_total=0.864944 loss_rec=0.692428 valid_auc=0.648304 valid_rmse=0.495315 q_change=57 q_delta=0.275279 q_grad=0.000312
epoch=6 loss_total=0.845751 loss_rec=0.685634 valid_auc=0.661948 valid_rmse=0.492933 q_change=57 q_delta=0.299017 q_grad=0.000308
epoch=7 loss_total=0.824028 loss_rec=0.672276 valid_auc=0.662500 valid_rmse=0.487581 q_change=57 q_delta=0.314716 q_grad=0.000363
epoch=8 loss_total=0.804638 loss_rec=0.657825 valid_auc=0.662288 valid_rmse=0.482232 q_change=57 q_delta=0.324247 q_grad=0.000531
epoch=9 loss_total=0.790449 loss_rec=0.647093 valid_auc=0.671016 valid_rmse=0.477192 q_change=57 q_delta=0.332453 q_grad=0.000716
epoch=10 loss_total=0.788183 loss_rec=0.647956 valid_auc=0.672355 valid_rmse=0.477390 q_change=57 q_delta=0.338765 q_grad=0.000824
epoch=11 loss_total=0.782600 loss_rec=0.644504 valid_auc=0.674325 valid_rmse=0.475844 q_change=57 q_delta=0.344020 q_grad=0.000967
epoch=12 loss_total=0.771132 loss_rec=0.634885 valid_auc=0.678460 valid_rmse=0.476324 q_change=57 q_delta=0.347705 q_grad=0.001068
epoch=13 loss_total=0.766326 loss_rec=0.631536 valid_auc=0.680324 valid_rmse=0.473843 q_change=57 q_delta=0.351153 q_grad=0.001127
epoch=14 loss_total=0.764695 loss_rec=0.630921 valid_auc=0.679665 valid_rmse=0.475246 q_change=57 q_delta=0.353080 q_grad=0.001262
epoch=15 loss_total=0.760562 loss_rec=0.627591 valid_auc=0.680368 valid_rmse=0.473582 q_change=57 q_delta=0.355285 q_grad=0.001362
epoch=16 loss_total=0.760915 loss_rec=0.628556 valid_auc=0.683170 valid_rmse=0.473565 q_change=57 q_delta=0.356538 q_grad=0.001497
epoch=17 loss_total=0.757488 loss_rec=0.625712 valid_auc=0.682009 valid_rmse=0.473671 q_change=57 q_delta=0.357873 q_grad=0.001461
epoch=18 loss_total=0.750981 loss_rec=0.619572 valid_auc=0.683951 valid_rmse=0.473157 q_change=56 q_delta=0.359076 q_grad=0.001514
epoch=19 loss_total=0.749651 loss_rec=0.618754 valid_auc=0.684342 valid_rmse=0.474288 q_change=56 q_delta=0.360598 q_grad=0.001632
epoch=20 loss_total=0.747257 loss_rec=0.616627 valid_auc=0.686574 valid_rmse=0.472407 q_change=56 q_delta=0.362152 q_grad=0.001719
epoch=21 loss_total=0.742959 loss_rec=0.612643 valid_auc=0.687299 valid_rmse=0.474169 q_change=56 q_delta=0.363212 q_grad=0.001643
epoch=22 loss_total=0.740725 loss_rec=0.610627 valid_auc=0.687165 valid_rmse=0.473383 q_change=56 q_delta=0.364366 q_grad=0.001787
epoch=23 loss_total=0.738232 loss_rec=0.608367 valid_auc=0.685056 valid_rmse=0.473158 q_change=55 q_delta=0.365855 q_grad=0.001760
epoch=24 loss_total=0.733561 loss_rec=0.603929 valid_auc=0.683661 valid_rmse=0.474000 q_change=55 q_delta=0.366923 q_grad=0.001785
epoch=25 loss_total=0.734955 loss_rec=0.605554 valid_auc=0.684475 valid_rmse=0.473912 q_change=55 q_delta=0.367891 q_grad=0.001905
epoch=26 loss_total=0.732312 loss_rec=0.603094 valid_auc=0.686462 valid_rmse=0.474442 q_change=53 q_delta=0.369053 q_grad=0.001885
epoch=27 loss_total=0.728878 loss_rec=0.599780 valid_auc=0.687288 valid_rmse=0.475256 q_change=51 q_delta=0.369985 q_grad=0.001862
epoch=28 loss_total=0.731655 loss_rec=0.602780 valid_auc=0.686529 valid_rmse=0.474346 q_change=51 q_delta=0.371351 q_grad=0.001936
epoch=29 loss_total=0.725262 loss_rec=0.596580 valid_auc=0.689051 valid_rmse=0.473582 q_change=51 q_delta=0.373029 q_grad=0.001961
epoch=30 loss_total=0.724478 loss_rec=0.595887 valid_auc=0.690837 valid_rmse=0.474286 q_change=51 q_delta=0.374662 q_grad=0.001936
epoch=31 loss_total=0.720464 loss_rec=0.591910 valid_auc=0.689888 valid_rmse=0.474007 q_change=51 q_delta=0.376343 q_grad=0.001971
epoch=32 loss_total=0.721947 loss_rec=0.593508 valid_auc=0.691328 valid_rmse=0.473813 q_change=51 q_delta=0.377943 q_grad=0.002022
epoch=33 loss_total=0.719522 loss_rec=0.591153 valid_auc=0.690658 valid_rmse=0.472006 q_change=51 q_delta=0.379504 q_grad=0.002018
epoch=34 loss_total=0.718728 loss_rec=0.590485 valid_auc=0.688471 valid_rmse=0.472443 q_change=51 q_delta=0.380682 q_grad=0.002001
epoch=35 loss_total=0.718195 loss_rec=0.590048 valid_auc=0.692243 valid_rmse=0.471437 q_change=51 q_delta=0.381894 q_grad=0.001990
epoch=36 loss_total=0.712155 loss_rec=0.583972 valid_auc=0.693270 valid_rmse=0.472471 q_change=51 q_delta=0.382676 q_grad=0.002068
epoch=37 loss_total=0.707731 loss_rec=0.579555 valid_auc=0.693025 valid_rmse=0.473064 q_change=51 q_delta=0.383621 q_grad=0.002073
epoch=38 loss_total=0.705341 loss_rec=0.577279 valid_auc=0.692891 valid_rmse=0.474601 q_change=51 q_delta=0.384513 q_grad=0.002184
epoch=39 loss_total=0.705842 loss_rec=0.577826 valid_auc=0.691362 valid_rmse=0.472208 q_change=50 q_delta=0.385654 q_grad=0.002122
epoch=40 loss_total=0.701760 loss_rec=0.573794 valid_auc=0.692210 valid_rmse=0.472613 q_change=49 q_delta=0.386193 q_grad=0.002179
epoch=41 loss_total=0.696779 loss_rec=0.568890 valid_auc=0.693371 valid_rmse=0.473933 q_change=49 q_delta=0.387246 q_grad=0.002186
epoch=42 loss_total=0.698649 loss_rec=0.570773 valid_auc=0.689665 valid_rmse=0.473608 q_change=49 q_delta=0.388533 q_grad=0.002306
epoch=43 loss_total=0.692836 loss_rec=0.564959 valid_auc=0.691406 valid_rmse=0.474160 q_change=49 q_delta=0.389464 q_grad=0.002276
epoch=44 loss_total=0.692023 loss_rec=0.564204 valid_auc=0.689230 valid_rmse=0.475183 q_change=49 q_delta=0.390589 q_grad=0.002336
epoch=45 loss_total=0.686576 loss_rec=0.558829 valid_auc=0.689665 valid_rmse=0.479253 q_change=49 q_delta=0.391175 q_grad=0.002395
epoch=46 loss_total=0.686165 loss_rec=0.558398 valid_auc=0.691942 valid_rmse=0.473233 q_change=49 q_delta=0.392334 q_grad=0.002381
epoch=47 loss_total=0.682545 loss_rec=0.554825 valid_auc=0.690112 valid_rmse=0.476153 q_change=49 q_delta=0.392959 q_grad=0.002408
epoch=48 loss_total=0.679026 loss_rec=0.551336 valid_auc=0.690636 valid_rmse=0.474965 q_change=49 q_delta=0.393751 q_grad=0.002505
epoch=49 loss_total=0.675040 loss_rec=0.547388 valid_auc=0.692422 valid_rmse=0.474098 q_change=49 q_delta=0.394292 q_grad=0.002530
epoch=50 loss_total=0.669412 loss_rec=0.541772 valid_auc=0.689855 valid_rmse=0.476735 q_change=49 q_delta=0.394875 q_grad=0.002513
epoch=51 loss_total=0.668114 loss_rec=0.540564 valid_auc=0.690960 valid_rmse=0.477840 q_change=49 q_delta=0.395333 q_grad=0.002609
epoch=52 loss_total=0.669345 loss_rec=0.541839 valid_auc=0.690156 valid_rmse=0.476260 q_change=49 q_delta=0.396074 q_grad=0.002665
epoch=53 loss_total=0.669074 loss_rec=0.541579 valid_auc=0.691161 valid_rmse=0.475189 q_change=49 q_delta=0.396554 q_grad=0.002692
epoch=54 loss_total=0.660568 loss_rec=0.533082 valid_auc=0.686060 valid_rmse=0.478462 q_change=49 q_delta=0.396805 q_grad=0.002693
epoch=55 loss_total=0.656585 loss_rec=0.529141 valid_auc=0.692600 valid_rmse=0.475271 q_change=49 q_delta=0.397247 q_grad=0.002691
epoch=56 loss_total=0.656418 loss_rec=0.528993 valid_auc=0.687210 valid_rmse=0.477916 q_change=49 q_delta=0.397526 q_grad=0.002768
epoch=57 loss_total=0.654072 loss_rec=0.526645 valid_auc=0.686920 valid_rmse=0.480158 q_change=50 q_delta=0.397854 q_grad=0.002871
epoch=58 loss_total=0.648196 loss_rec=0.520818 valid_auc=0.687165 valid_rmse=0.481853 q_change=49 q_delta=0.398143 q_grad=0.002816
epoch=59 loss_total=0.648276 loss_rec=0.521011 valid_auc=0.690569 valid_rmse=0.477100 q_change=49 q_delta=0.398603 q_grad=0.002797
epoch=60 loss_total=0.646259 loss_rec=0.519034 valid_auc=0.688560 valid_rmse=0.478681 q_change=49 q_delta=0.398770 q_grad=0.002794
epoch=61 loss_total=0.643344 loss_rec=0.516085 valid_auc=0.686596 valid_rmse=0.479083 q_change=48 q_delta=0.399046 q_grad=0.002941
Early stopping at epoch 61; best_epoch=41.
Saved run to C:\Users\YAN_SHU_YU\Desktop\Generative-CD\Q_GNCDM\results\weak_q_lambda_sweep\lq_0p4_ls_0p6_lb_0p1\seed_2026\noise_0.20\weak-q_lq_0p4_ls_0p6_lb_0p1
Final metrics: q_hat_f1=0.250000 response_auc=0.689824 mastery_pearson=0.392741
