run=weak-q_lq_0p7_ls_0p6_lb_0p3 mode=weak-q noise=0.20 train=4200 valid=600 test=1200
epoch=1 loss_total=1.060909 loss_rec=0.725657 valid_auc=0.587734 valid_rmse=0.499752 q_change=57 q_delta=0.077822 q_grad=0.000583
epoch=2 loss_total=1.000964 loss_rec=0.705845 valid_auc=0.594431 valid_rmse=0.499281 q_change=57 q_delta=0.143504 q_grad=0.000477
epoch=3 loss_total=0.965149 loss_rec=0.699724 valid_auc=0.607935 valid_rmse=0.498410 q_change=57 q_delta=0.196235 q_grad=0.000393
epoch=4 loss_total=0.936836 loss_rec=0.693044 valid_auc=0.627556 valid_rmse=0.497478 q_change=57 q_delta=0.237727 q_grad=0.000329
epoch=5 loss_total=0.920350 loss_rec=0.691849 valid_auc=0.648756 valid_rmse=0.494988 q_change=57 q_delta=0.268920 q_grad=0.000298
epoch=6 loss_total=0.902076 loss_rec=0.684135 valid_auc=0.662400 valid_rmse=0.492036 q_change=57 q_delta=0.290847 q_grad=0.000305
epoch=7 loss_total=0.879867 loss_rec=0.668673 valid_auc=0.663583 valid_rmse=0.485850 q_change=57 q_delta=0.304576 q_grad=0.000384
epoch=8 loss_total=0.860770 loss_rec=0.653289 valid_auc=0.664609 valid_rmse=0.481023 q_change=57 q_delta=0.312794 q_grad=0.000582
epoch=9 loss_total=0.847836 loss_rec=0.643069 valid_auc=0.674821 valid_rmse=0.476063 q_change=57 q_delta=0.319987 q_grad=0.000772
epoch=10 loss_total=0.846099 loss_rec=0.643803 valid_auc=0.675123 valid_rmse=0.476331 q_change=57 q_delta=0.325210 q_grad=0.000885
epoch=11 loss_total=0.840769 loss_rec=0.640038 valid_auc=0.678616 valid_rmse=0.474489 q_change=57 q_delta=0.329564 q_grad=0.001039
epoch=12 loss_total=0.829204 loss_rec=0.629815 valid_auc=0.681574 valid_rmse=0.475075 q_change=57 q_delta=0.332345 q_grad=0.001146
epoch=13 loss_total=0.824277 loss_rec=0.625947 valid_auc=0.682835 valid_rmse=0.472941 q_change=57 q_delta=0.335209 q_grad=0.001208
epoch=14 loss_total=0.823053 loss_rec=0.625426 valid_auc=0.682321 valid_rmse=0.474533 q_change=57 q_delta=0.336608 q_grad=0.001337
epoch=15 loss_total=0.818545 loss_rec=0.621465 valid_auc=0.682623 valid_rmse=0.473055 q_change=57 q_delta=0.338494 q_grad=0.001428
epoch=16 loss_total=0.819058 loss_rec=0.622390 valid_auc=0.684754 valid_rmse=0.473310 q_change=56 q_delta=0.339641 q_grad=0.001551
epoch=17 loss_total=0.815182 loss_rec=0.618973 valid_auc=0.684297 valid_rmse=0.473409 q_change=56 q_delta=0.341330 q_grad=0.001498
epoch=18 loss_total=0.808850 loss_rec=0.612929 valid_auc=0.684676 valid_rmse=0.473065 q_change=56 q_delta=0.343081 q_grad=0.001542
epoch=19 loss_total=0.807391 loss_rec=0.611912 valid_auc=0.684509 valid_rmse=0.474262 q_change=55 q_delta=0.344793 q_grad=0.001652
epoch=20 loss_total=0.804607 loss_rec=0.609337 valid_auc=0.686663 valid_rmse=0.472430 q_change=54 q_delta=0.346383 q_grad=0.001732
epoch=21 loss_total=0.799834 loss_rec=0.604813 valid_auc=0.687690 valid_rmse=0.474093 q_change=53 q_delta=0.347526 q_grad=0.001656
epoch=22 loss_total=0.797307 loss_rec=0.602448 valid_auc=0.687232 valid_rmse=0.473641 q_change=51 q_delta=0.349236 q_grad=0.001795
epoch=23 loss_total=0.794698 loss_rec=0.600017 valid_auc=0.684833 valid_rmse=0.473474 q_change=51 q_delta=0.351498 q_grad=0.001763
epoch=24 loss_total=0.789529 loss_rec=0.595040 valid_auc=0.683862 valid_rmse=0.474362 q_change=51 q_delta=0.353446 q_grad=0.001795
epoch=25 loss_total=0.790160 loss_rec=0.595786 valid_auc=0.685100 valid_rmse=0.474343 q_change=51 q_delta=0.355447 q_grad=0.001917
epoch=26 loss_total=0.787096 loss_rec=0.592842 valid_auc=0.686551 valid_rmse=0.474675 q_change=51 q_delta=0.357259 q_grad=0.001904
epoch=27 loss_total=0.783032 loss_rec=0.588815 valid_auc=0.686518 valid_rmse=0.476088 q_change=51 q_delta=0.358928 q_grad=0.001887
epoch=28 loss_total=0.785549 loss_rec=0.591449 valid_auc=0.686763 valid_rmse=0.474756 q_change=50 q_delta=0.360529 q_grad=0.001977
epoch=29 loss_total=0.778308 loss_rec=0.584310 valid_auc=0.689208 valid_rmse=0.474197 q_change=50 q_delta=0.361910 q_grad=0.001997
epoch=30 loss_total=0.776668 loss_rec=0.582684 valid_auc=0.690792 valid_rmse=0.474953 q_change=50 q_delta=0.363351 q_grad=0.001997
epoch=31 loss_total=0.772211 loss_rec=0.578221 valid_auc=0.690402 valid_rmse=0.474876 q_change=50 q_delta=0.364887 q_grad=0.002026
epoch=32 loss_total=0.772690 loss_rec=0.578730 valid_auc=0.691953 valid_rmse=0.474517 q_change=49 q_delta=0.366514 q_grad=0.002084
epoch=33 loss_total=0.768844 loss_rec=0.574845 valid_auc=0.691138 valid_rmse=0.472760 q_change=49 q_delta=0.367918 q_grad=0.002094
epoch=34 loss_total=0.767917 loss_rec=0.573977 valid_auc=0.689743 valid_rmse=0.473115 q_change=49 q_delta=0.369040 q_grad=0.002084
epoch=35 loss_total=0.767167 loss_rec=0.573231 valid_auc=0.694219 valid_rmse=0.471707 q_change=49 q_delta=0.370390 q_grad=0.002088
epoch=36 loss_total=0.759537 loss_rec=0.565520 valid_auc=0.693359 valid_rmse=0.472477 q_change=49 q_delta=0.371243 q_grad=0.002167
epoch=37 loss_total=0.755065 loss_rec=0.560998 valid_auc=0.692299 valid_rmse=0.474327 q_change=49 q_delta=0.372226 q_grad=0.002171
epoch=38 loss_total=0.750357 loss_rec=0.556355 valid_auc=0.692612 valid_rmse=0.475310 q_change=49 q_delta=0.373096 q_grad=0.002295
epoch=39 loss_total=0.749397 loss_rec=0.555382 valid_auc=0.691228 valid_rmse=0.473325 q_change=48 q_delta=0.374345 q_grad=0.002263
epoch=40 loss_total=0.745952 loss_rec=0.551929 valid_auc=0.691362 valid_rmse=0.474203 q_change=48 q_delta=0.374915 q_grad=0.002340
epoch=41 loss_total=0.739170 loss_rec=0.545202 valid_auc=0.692165 valid_rmse=0.476121 q_change=48 q_delta=0.375697 q_grad=0.002348
epoch=42 loss_total=0.741125 loss_rec=0.547168 valid_auc=0.688538 valid_rmse=0.475204 q_change=48 q_delta=0.376675 q_grad=0.002495
epoch=43 loss_total=0.734817 loss_rec=0.540856 valid_auc=0.689922 valid_rmse=0.476256 q_change=48 q_delta=0.377234 q_grad=0.002475
epoch=44 loss_total=0.732464 loss_rec=0.538541 valid_auc=0.688705 valid_rmse=0.476696 q_change=48 q_delta=0.378060 q_grad=0.002526
epoch=45 loss_total=0.726858 loss_rec=0.533001 valid_auc=0.687121 valid_rmse=0.481532 q_change=47 q_delta=0.378500 q_grad=0.002563
epoch=46 loss_total=0.726328 loss_rec=0.532442 valid_auc=0.692634 valid_rmse=0.475633 q_change=47 q_delta=0.379494 q_grad=0.002576
epoch=47 loss_total=0.722762 loss_rec=0.528911 valid_auc=0.688996 valid_rmse=0.479005 q_change=47 q_delta=0.380049 q_grad=0.002596
epoch=48 loss_total=0.720018 loss_rec=0.526232 valid_auc=0.688828 valid_rmse=0.478437 q_change=47 q_delta=0.380794 q_grad=0.002663
epoch=49 loss_total=0.714887 loss_rec=0.521147 valid_auc=0.690804 valid_rmse=0.476861 q_change=47 q_delta=0.381040 q_grad=0.002661
epoch=50 loss_total=0.709756 loss_rec=0.516048 valid_auc=0.688315 valid_rmse=0.480325 q_change=47 q_delta=0.381521 q_grad=0.002675
epoch=51 loss_total=0.709514 loss_rec=0.515917 valid_auc=0.689375 valid_rmse=0.480901 q_change=47 q_delta=0.381916 q_grad=0.002759
epoch=52 loss_total=0.711068 loss_rec=0.517530 valid_auc=0.688382 valid_rmse=0.479553 q_change=47 q_delta=0.382536 q_grad=0.002798
epoch=53 loss_total=0.711538 loss_rec=0.518043 valid_auc=0.688638 valid_rmse=0.478632 q_change=46 q_delta=0.382857 q_grad=0.002813
epoch=54 loss_total=0.704330 loss_rec=0.510838 valid_auc=0.685324 valid_rmse=0.481369 q_change=46 q_delta=0.383146 q_grad=0.002826
epoch=55 loss_total=0.700118 loss_rec=0.506719 valid_auc=0.692556 valid_rmse=0.477761 q_change=46 q_delta=0.383576 q_grad=0.002780
Early stopping at epoch 55; best_epoch=35.
Saved run to C:\Users\YAN_SHU_YU\Desktop\Generative-CD\Q_GNCDM\results\weak_q_lambda_sweep\lq_0p7_ls_0p6_lb_0p3\seed_2026\noise_0.20\weak-q_lq_0p7_ls_0p6_lb_0p3
Final metrics: q_hat_f1=0.250000 response_auc=0.692326 mastery_pearson=0.428239
