run=weak-q_lq_0p7_ls_0p2_lb_0p5 mode=weak-q noise=0.20 train=4200 valid=600 test=1200
epoch=1 loss_total=0.936002 loss_rec=0.725619 valid_auc=0.589821 valid_rmse=0.499711 q_change=57 q_delta=0.073372 q_grad=0.000207
epoch=2 loss_total=0.902770 loss_rec=0.705359 valid_auc=0.603259 valid_rmse=0.498959 q_change=57 q_delta=0.128279 q_grad=0.000175
epoch=3 loss_total=0.887077 loss_rec=0.697954 valid_auc=0.627054 valid_rmse=0.497281 q_change=57 q_delta=0.166844 q_grad=0.000175
epoch=4 loss_total=0.871823 loss_rec=0.688010 valid_auc=0.654263 valid_rmse=0.494220 q_change=54 q_delta=0.192806 q_grad=0.000202
epoch=5 loss_total=0.859325 loss_rec=0.678202 valid_auc=0.667254 valid_rmse=0.486707 q_change=50 q_delta=0.204238 q_grad=0.000299
epoch=6 loss_total=0.833754 loss_rec=0.653311 valid_auc=0.671920 valid_rmse=0.478240 q_change=49 q_delta=0.207203 q_grad=0.000514
epoch=7 loss_total=0.810362 loss_rec=0.630196 valid_auc=0.678806 valid_rmse=0.475393 q_change=46 q_delta=0.210405 q_grad=0.000738
epoch=8 loss_total=0.802532 loss_rec=0.622846 valid_auc=0.680770 valid_rmse=0.474869 q_change=40 q_delta=0.214289 q_grad=0.000941
epoch=9 loss_total=0.794220 loss_rec=0.615062 valid_auc=0.685290 valid_rmse=0.472691 q_change=38 q_delta=0.219869 q_grad=0.001048
epoch=10 loss_total=0.796373 loss_rec=0.617880 valid_auc=0.684408 valid_rmse=0.474676 q_change=34 q_delta=0.225627 q_grad=0.001076
epoch=11 loss_total=0.793052 loss_rec=0.614914 valid_auc=0.684944 valid_rmse=0.473312 q_change=33 q_delta=0.231774 q_grad=0.001167
epoch=12 loss_total=0.783019 loss_rec=0.605300 valid_auc=0.683906 valid_rmse=0.474968 q_change=33 q_delta=0.237496 q_grad=0.001205
epoch=13 loss_total=0.778146 loss_rec=0.600888 valid_auc=0.684431 valid_rmse=0.473933 q_change=32 q_delta=0.244626 q_grad=0.001197
epoch=14 loss_total=0.777291 loss_rec=0.600400 valid_auc=0.684062 valid_rmse=0.475598 q_change=30 q_delta=0.250655 q_grad=0.001263
epoch=15 loss_total=0.771410 loss_rec=0.594794 valid_auc=0.685971 valid_rmse=0.474476 q_change=30 q_delta=0.257093 q_grad=0.001285
epoch=16 loss_total=0.771585 loss_rec=0.595213 valid_auc=0.686719 valid_rmse=0.474692 q_change=30 q_delta=0.263247 q_grad=0.001395
epoch=17 loss_total=0.765285 loss_rec=0.589191 valid_auc=0.686451 valid_rmse=0.474748 q_change=30 q_delta=0.268737 q_grad=0.001329
epoch=18 loss_total=0.757536 loss_rec=0.581640 valid_auc=0.687444 valid_rmse=0.474844 q_change=28 q_delta=0.274098 q_grad=0.001373
epoch=19 loss_total=0.755012 loss_rec=0.579381 valid_auc=0.688337 valid_rmse=0.475477 q_change=27 q_delta=0.279447 q_grad=0.001443
epoch=20 loss_total=0.750220 loss_rec=0.574757 valid_auc=0.689833 valid_rmse=0.474525 q_change=25 q_delta=0.284932 q_grad=0.001535
epoch=21 loss_total=0.742539 loss_rec=0.567247 valid_auc=0.691596 valid_rmse=0.475151 q_change=25 q_delta=0.290126 q_grad=0.001474
epoch=22 loss_total=0.738039 loss_rec=0.562925 valid_auc=0.691161 valid_rmse=0.475376 q_change=24 q_delta=0.294952 q_grad=0.001594
epoch=23 loss_total=0.732373 loss_rec=0.557406 valid_auc=0.688460 valid_rmse=0.476725 q_change=23 q_delta=0.299543 q_grad=0.001554
epoch=24 loss_total=0.723769 loss_rec=0.548949 valid_auc=0.689710 valid_rmse=0.477470 q_change=23 q_delta=0.303943 q_grad=0.001614
epoch=25 loss_total=0.720155 loss_rec=0.545450 valid_auc=0.693058 valid_rmse=0.477688 q_change=23 q_delta=0.308316 q_grad=0.001719
epoch=26 loss_total=0.715886 loss_rec=0.541304 valid_auc=0.691741 valid_rmse=0.477993 q_change=23 q_delta=0.312389 q_grad=0.001690
epoch=27 loss_total=0.708036 loss_rec=0.533536 valid_auc=0.690525 valid_rmse=0.481630 q_change=23 q_delta=0.316092 q_grad=0.001701
epoch=28 loss_total=0.709134 loss_rec=0.534730 valid_auc=0.691049 valid_rmse=0.480313 q_change=23 q_delta=0.319912 q_grad=0.001827
epoch=29 loss_total=0.701515 loss_rec=0.527251 valid_auc=0.692712 valid_rmse=0.479948 q_change=23 q_delta=0.323036 q_grad=0.001770
epoch=30 loss_total=0.697783 loss_rec=0.523578 valid_auc=0.694040 valid_rmse=0.481032 q_change=22 q_delta=0.326268 q_grad=0.001845
epoch=31 loss_total=0.691444 loss_rec=0.517350 valid_auc=0.693404 valid_rmse=0.481550 q_change=22 q_delta=0.329081 q_grad=0.001810
epoch=32 loss_total=0.691084 loss_rec=0.517071 valid_auc=0.697556 valid_rmse=0.480792 q_change=21 q_delta=0.331958 q_grad=0.001845
epoch=33 loss_total=0.684322 loss_rec=0.510368 valid_auc=0.692879 valid_rmse=0.480691 q_change=21 q_delta=0.334755 q_grad=0.001832
epoch=34 loss_total=0.684972 loss_rec=0.511143 valid_auc=0.694085 valid_rmse=0.480113 q_change=20 q_delta=0.336935 q_grad=0.001824
epoch=35 loss_total=0.685618 loss_rec=0.511868 valid_auc=0.696808 valid_rmse=0.478564 q_change=19 q_delta=0.339251 q_grad=0.001817
epoch=36 loss_total=0.677884 loss_rec=0.504171 valid_auc=0.694587 valid_rmse=0.479735 q_change=18 q_delta=0.341035 q_grad=0.001851
epoch=37 loss_total=0.674514 loss_rec=0.500863 valid_auc=0.693739 valid_rmse=0.482177 q_change=18 q_delta=0.343056 q_grad=0.001833
epoch=38 loss_total=0.667221 loss_rec=0.493679 valid_auc=0.694967 valid_rmse=0.482126 q_change=19 q_delta=0.345004 q_grad=0.001864
epoch=39 loss_total=0.668629 loss_rec=0.495166 valid_auc=0.694688 valid_rmse=0.481117 q_change=19 q_delta=0.346776 q_grad=0.001829
epoch=40 loss_total=0.665969 loss_rec=0.492567 valid_auc=0.694330 valid_rmse=0.482028 q_change=19 q_delta=0.348520 q_grad=0.001853
epoch=41 loss_total=0.660102 loss_rec=0.486791 valid_auc=0.694805 valid_rmse=0.484701 q_change=19 q_delta=0.350359 q_grad=0.001819
epoch=42 loss_total=0.664000 loss_rec=0.490766 valid_auc=0.693705 valid_rmse=0.482840 q_change=19 q_delta=0.352019 q_grad=0.001935
epoch=43 loss_total=0.657936 loss_rec=0.484790 valid_auc=0.695692 valid_rmse=0.483347 q_change=19 q_delta=0.353754 q_grad=0.001888
epoch=44 loss_total=0.654045 loss_rec=0.480964 valid_auc=0.695312 valid_rmse=0.482246 q_change=19 q_delta=0.355504 q_grad=0.001875
epoch=45 loss_total=0.652075 loss_rec=0.479077 valid_auc=0.694565 valid_rmse=0.486394 q_change=20 q_delta=0.357051 q_grad=0.001869
epoch=46 loss_total=0.651220 loss_rec=0.478262 valid_auc=0.698092 valid_rmse=0.481952 q_change=20 q_delta=0.358736 q_grad=0.001905
epoch=47 loss_total=0.648316 loss_rec=0.475438 valid_auc=0.696183 valid_rmse=0.484701 q_change=20 q_delta=0.360306 q_grad=0.001846
epoch=48 loss_total=0.648722 loss_rec=0.475927 valid_auc=0.696049 valid_rmse=0.482874 q_change=20 q_delta=0.361616 q_grad=0.001915
epoch=49 loss_total=0.641858 loss_rec=0.469125 valid_auc=0.695636 valid_rmse=0.482320 q_change=20 q_delta=0.362946 q_grad=0.001857
epoch=50 loss_total=0.638425 loss_rec=0.465742 valid_auc=0.696060 valid_rmse=0.486528 q_change=20 q_delta=0.364392 q_grad=0.001869
epoch=51 loss_total=0.639150 loss_rec=0.466556 valid_auc=0.696775 valid_rmse=0.485925 q_change=20 q_delta=0.365463 q_grad=0.001924
epoch=52 loss_total=0.639290 loss_rec=0.466762 valid_auc=0.694922 valid_rmse=0.484977 q_change=20 q_delta=0.366836 q_grad=0.001902
epoch=53 loss_total=0.641626 loss_rec=0.469163 valid_auc=0.694676 valid_rmse=0.484430 q_change=20 q_delta=0.367884 q_grad=0.001888
epoch=54 loss_total=0.635964 loss_rec=0.463550 valid_auc=0.693538 valid_rmse=0.485623 q_change=20 q_delta=0.369084 q_grad=0.001938
epoch=55 loss_total=0.631145 loss_rec=0.458796 valid_auc=0.698560 valid_rmse=0.481947 q_change=20 q_delta=0.369998 q_grad=0.001868
epoch=56 loss_total=0.629039 loss_rec=0.456750 valid_auc=0.695379 valid_rmse=0.485348 q_change=20 q_delta=0.371034 q_grad=0.001852
epoch=57 loss_total=0.630912 loss_rec=0.458663 valid_auc=0.693940 valid_rmse=0.486486 q_change=20 q_delta=0.372082 q_grad=0.001981
epoch=58 loss_total=0.624578 loss_rec=0.452380 valid_auc=0.694922 valid_rmse=0.486570 q_change=20 q_delta=0.373008 q_grad=0.001896
epoch=59 loss_total=0.621951 loss_rec=0.449830 valid_auc=0.697667 valid_rmse=0.484019 q_change=20 q_delta=0.373869 q_grad=0.001855
epoch=60 loss_total=0.626123 loss_rec=0.454054 valid_auc=0.696719 valid_rmse=0.485401 q_change=20 q_delta=0.374689 q_grad=0.001901
epoch=61 loss_total=0.623852 loss_rec=0.451836 valid_auc=0.694665 valid_rmse=0.484238 q_change=20 q_delta=0.375550 q_grad=0.001921
epoch=62 loss_total=0.619247 loss_rec=0.447284 valid_auc=0.698281 valid_rmse=0.484557 q_change=20 q_delta=0.376381 q_grad=0.001827
epoch=63 loss_total=0.619939 loss_rec=0.448027 valid_auc=0.695603 valid_rmse=0.485842 q_change=20 q_delta=0.377029 q_grad=0.001905
epoch=64 loss_total=0.620795 loss_rec=0.448923 valid_auc=0.697533 valid_rmse=0.487386 q_change=20 q_delta=0.377687 q_grad=0.001904
epoch=65 loss_total=0.617834 loss_rec=0.446019 valid_auc=0.694096 valid_rmse=0.486279 q_change=20 q_delta=0.378689 q_grad=0.001821
epoch=66 loss_total=0.617003 loss_rec=0.445240 valid_auc=0.693248 valid_rmse=0.486944 q_change=20 q_delta=0.379368 q_grad=0.001913
epoch=67 loss_total=0.618314 loss_rec=0.446604 valid_auc=0.695190 valid_rmse=0.486271 q_change=20 q_delta=0.380154 q_grad=0.001900
epoch=68 loss_total=0.612122 loss_rec=0.440457 valid_auc=0.696239 valid_rmse=0.487115 q_change=20 q_delta=0.380898 q_grad=0.001881
epoch=69 loss_total=0.611759 loss_rec=0.440139 valid_auc=0.695167 valid_rmse=0.491919 q_change=20 q_delta=0.381468 q_grad=0.001877
epoch=70 loss_total=0.607033 loss_rec=0.435441 valid_auc=0.695279 valid_rmse=0.485725 q_change=20 q_delta=0.382248 q_grad=0.001891
epoch=71 loss_total=0.607412 loss_rec=0.435898 valid_auc=0.697589 valid_rmse=0.485573 q_change=21 q_delta=0.382888 q_grad=0.001850
epoch=72 loss_total=0.609707 loss_rec=0.438228 valid_auc=0.695480 valid_rmse=0.487120 q_change=22 q_delta=0.383579 q_grad=0.001920
epoch=73 loss_total=0.603867 loss_rec=0.432429 valid_auc=0.693583 valid_rmse=0.488781 q_change=23 q_delta=0.384291 q_grad=0.001937
epoch=74 loss_total=0.609449 loss_rec=0.438065 valid_auc=0.693951 valid_rmse=0.487804 q_change=24 q_delta=0.384885 q_grad=0.001866
epoch=75 loss_total=0.607369 loss_rec=0.436031 valid_auc=0.692757 valid_rmse=0.492500 q_change=24 q_delta=0.385388 q_grad=0.001900
Early stopping at epoch 75; best_epoch=55.
Saved run to C:\Users\YAN_SHU_YU\Desktop\Generative-CD\Q_GNCDM\results\weak_q_lambda_sweep\lq_0p7_ls_0p2_lb_0p5\seed_2026\noise_0.20\weak-q_lq_0p7_ls_0p2_lb_0p5
Final metrics: q_hat_f1=0.752688 response_auc=0.684367 mastery_pearson=0.569051
