run=weak-q_lq_0p1_ls_0p4_lb_0p05 mode=weak-q noise=0.20 train=4200 valid=600 test=1200
epoch=1 loss_total=0.911896 loss_rec=0.725656 valid_auc=0.587907 valid_rmse=0.499747 q_change=57 q_delta=0.078114 q_grad=0.000395
epoch=2 loss_total=0.863070 loss_rec=0.705846 valid_auc=0.595893 valid_rmse=0.499257 q_change=57 q_delta=0.145872 q_grad=0.000350
epoch=3 loss_total=0.832972 loss_rec=0.699717 valid_auc=0.611529 valid_rmse=0.498349 q_change=57 q_delta=0.201658 q_grad=0.000315
epoch=4 loss_total=0.807052 loss_rec=0.693054 valid_auc=0.634877 valid_rmse=0.497387 q_change=57 q_delta=0.246240 q_grad=0.000284
epoch=5 loss_total=0.791316 loss_rec=0.691911 valid_auc=0.656417 valid_rmse=0.494874 q_change=57 q_delta=0.279575 q_grad=0.000276
epoch=6 loss_total=0.773182 loss_rec=0.684301 valid_auc=0.666842 valid_rmse=0.491867 q_change=57 q_delta=0.302528 q_grad=0.000297
epoch=7 loss_total=0.751010 loss_rec=0.669062 valid_auc=0.664944 valid_rmse=0.485615 q_change=57 q_delta=0.316706 q_grad=0.000381
epoch=8 loss_total=0.732612 loss_rec=0.654674 valid_auc=0.664743 valid_rmse=0.480967 q_change=57 q_delta=0.325492 q_grad=0.000575
epoch=9 loss_total=0.720347 loss_rec=0.645437 valid_auc=0.672567 valid_rmse=0.476790 q_change=57 q_delta=0.333406 q_grad=0.000757
epoch=10 loss_total=0.719529 loss_rec=0.647359 valid_auc=0.673136 valid_rmse=0.477176 q_change=57 q_delta=0.339373 q_grad=0.000852
epoch=11 loss_total=0.714558 loss_rec=0.644234 valid_auc=0.674621 valid_rmse=0.475914 q_change=57 q_delta=0.344378 q_grad=0.000989
epoch=12 loss_total=0.703980 loss_rec=0.635275 valid_auc=0.677444 valid_rmse=0.476491 q_change=57 q_delta=0.347873 q_grad=0.001082
epoch=13 loss_total=0.699448 loss_rec=0.632021 valid_auc=0.679598 valid_rmse=0.474208 q_change=57 q_delta=0.351224 q_grad=0.001136
epoch=14 loss_total=0.698092 loss_rec=0.631577 valid_auc=0.678672 valid_rmse=0.475616 q_change=57 q_delta=0.353023 q_grad=0.001269
epoch=15 loss_total=0.694443 loss_rec=0.628637 valid_auc=0.679386 valid_rmse=0.474048 q_change=57 q_delta=0.355167 q_grad=0.001363
epoch=16 loss_total=0.694873 loss_rec=0.629627 valid_auc=0.681618 valid_rmse=0.473967 q_change=57 q_delta=0.356296 q_grad=0.001500
epoch=17 loss_total=0.691628 loss_rec=0.626878 valid_auc=0.681150 valid_rmse=0.473972 q_change=56 q_delta=0.357454 q_grad=0.001465
epoch=18 loss_total=0.684998 loss_rec=0.620584 valid_auc=0.682109 valid_rmse=0.473752 q_change=56 q_delta=0.359126 q_grad=0.001520
epoch=19 loss_total=0.683798 loss_rec=0.619868 valid_auc=0.681925 valid_rmse=0.474475 q_change=56 q_delta=0.360835 q_grad=0.001639
epoch=20 loss_total=0.681375 loss_rec=0.617724 valid_auc=0.684766 valid_rmse=0.472823 q_change=56 q_delta=0.362314 q_grad=0.001728
epoch=21 loss_total=0.677317 loss_rec=0.614015 valid_auc=0.685670 valid_rmse=0.474283 q_change=56 q_delta=0.363275 q_grad=0.001656
epoch=22 loss_total=0.675011 loss_rec=0.611966 valid_auc=0.685569 valid_rmse=0.473593 q_change=56 q_delta=0.364305 q_grad=0.001805
epoch=23 loss_total=0.672594 loss_rec=0.609848 valid_auc=0.684107 valid_rmse=0.473475 q_change=55 q_delta=0.365646 q_grad=0.001777
epoch=24 loss_total=0.667931 loss_rec=0.605483 valid_auc=0.682924 valid_rmse=0.474393 q_change=55 q_delta=0.366814 q_grad=0.001799
epoch=25 loss_total=0.669350 loss_rec=0.607251 valid_auc=0.683605 valid_rmse=0.474335 q_change=55 q_delta=0.367925 q_grad=0.001917
epoch=26 loss_total=0.667128 loss_rec=0.605304 valid_auc=0.685368 valid_rmse=0.474768 q_change=55 q_delta=0.369061 q_grad=0.001894
epoch=27 loss_total=0.664106 loss_rec=0.602527 valid_auc=0.685569 valid_rmse=0.475273 q_change=54 q_delta=0.370006 q_grad=0.001866
epoch=28 loss_total=0.666868 loss_rec=0.605593 valid_auc=0.685848 valid_rmse=0.474671 q_change=53 q_delta=0.371163 q_grad=0.001936
epoch=29 loss_total=0.661037 loss_rec=0.600068 valid_auc=0.687612 valid_rmse=0.473753 q_change=53 q_delta=0.372274 q_grad=0.001954
epoch=30 loss_total=0.660631 loss_rec=0.599872 valid_auc=0.690324 valid_rmse=0.474407 q_change=52 q_delta=0.373226 q_grad=0.001923
epoch=31 loss_total=0.657044 loss_rec=0.596454 valid_auc=0.689018 valid_rmse=0.473824 q_change=52 q_delta=0.374312 q_grad=0.001955
epoch=32 loss_total=0.658431 loss_rec=0.598047 valid_auc=0.690670 valid_rmse=0.473554 q_change=52 q_delta=0.375681 q_grad=0.002003
epoch=33 loss_total=0.656399 loss_rec=0.596185 valid_auc=0.690335 valid_rmse=0.472222 q_change=52 q_delta=0.377154 q_grad=0.001995
epoch=34 loss_total=0.656015 loss_rec=0.596012 valid_auc=0.688348 valid_rmse=0.472596 q_change=51 q_delta=0.378200 q_grad=0.001975
epoch=35 loss_total=0.655651 loss_rec=0.595812 valid_auc=0.691172 valid_rmse=0.471678 q_change=51 q_delta=0.379529 q_grad=0.001955
epoch=36 loss_total=0.650344 loss_rec=0.590574 valid_auc=0.692176 valid_rmse=0.472721 q_change=51 q_delta=0.380670 q_grad=0.002032
epoch=37 loss_total=0.645772 loss_rec=0.586116 valid_auc=0.692578 valid_rmse=0.472972 q_change=51 q_delta=0.381912 q_grad=0.002044
epoch=38 loss_total=0.644058 loss_rec=0.584567 valid_auc=0.691897 valid_rmse=0.474593 q_change=51 q_delta=0.383038 q_grad=0.002145
epoch=39 loss_total=0.645301 loss_rec=0.585961 valid_auc=0.691987 valid_rmse=0.472202 q_change=51 q_delta=0.384506 q_grad=0.002078
epoch=40 loss_total=0.641154 loss_rec=0.581997 valid_auc=0.691998 valid_rmse=0.472745 q_change=51 q_delta=0.385408 q_grad=0.002131
epoch=41 loss_total=0.637053 loss_rec=0.578073 valid_auc=0.693482 valid_rmse=0.473483 q_change=51 q_delta=0.386372 q_grad=0.002128
epoch=42 loss_total=0.638813 loss_rec=0.579964 valid_auc=0.689286 valid_rmse=0.473480 q_change=51 q_delta=0.387411 q_grad=0.002251
epoch=43 loss_total=0.633565 loss_rec=0.574826 valid_auc=0.690770 valid_rmse=0.473983 q_change=51 q_delta=0.388142 q_grad=0.002216
epoch=44 loss_total=0.633568 loss_rec=0.574985 valid_auc=0.689397 valid_rmse=0.474860 q_change=51 q_delta=0.388774 q_grad=0.002278
epoch=45 loss_total=0.628518 loss_rec=0.570084 valid_auc=0.690145 valid_rmse=0.477985 q_change=51 q_delta=0.389051 q_grad=0.002319
epoch=46 loss_total=0.628326 loss_rec=0.569949 valid_auc=0.692478 valid_rmse=0.472997 q_change=50 q_delta=0.389987 q_grad=0.002301
epoch=47 loss_total=0.625054 loss_rec=0.566827 valid_auc=0.691484 valid_rmse=0.475249 q_change=49 q_delta=0.390329 q_grad=0.002312
epoch=48 loss_total=0.621683 loss_rec=0.563533 valid_auc=0.690725 valid_rmse=0.474154 q_change=49 q_delta=0.391109 q_grad=0.002418
epoch=49 loss_total=0.617889 loss_rec=0.559813 valid_auc=0.692210 valid_rmse=0.473749 q_change=49 q_delta=0.391947 q_grad=0.002447
epoch=50 loss_total=0.612358 loss_rec=0.554382 valid_auc=0.690145 valid_rmse=0.475859 q_change=49 q_delta=0.392771 q_grad=0.002403
epoch=51 loss_total=0.611221 loss_rec=0.553354 valid_auc=0.691931 valid_rmse=0.477287 q_change=49 q_delta=0.393502 q_grad=0.002521
epoch=52 loss_total=0.611549 loss_rec=0.553785 valid_auc=0.690871 valid_rmse=0.475246 q_change=49 q_delta=0.394504 q_grad=0.002558
epoch=53 loss_total=0.610907 loss_rec=0.553204 valid_auc=0.692667 valid_rmse=0.474561 q_change=49 q_delta=0.395276 q_grad=0.002595
epoch=54 loss_total=0.602389 loss_rec=0.544782 valid_auc=0.688638 valid_rmse=0.477028 q_change=49 q_delta=0.395760 q_grad=0.002604
epoch=55 loss_total=0.598409 loss_rec=0.540872 valid_auc=0.694029 valid_rmse=0.474159 q_change=49 q_delta=0.396478 q_grad=0.002613
epoch=56 loss_total=0.597909 loss_rec=0.540456 valid_auc=0.689420 valid_rmse=0.476353 q_change=49 q_delta=0.397020 q_grad=0.002691
epoch=57 loss_total=0.595076 loss_rec=0.537690 valid_auc=0.689877 valid_rmse=0.478343 q_change=49 q_delta=0.397582 q_grad=0.002794
epoch=58 loss_total=0.588954 loss_rec=0.531657 valid_auc=0.689062 valid_rmse=0.480643 q_change=49 q_delta=0.398080 q_grad=0.002760
epoch=59 loss_total=0.588709 loss_rec=0.531565 valid_auc=0.692199 valid_rmse=0.475952 q_change=49 q_delta=0.398742 q_grad=0.002735
epoch=60 loss_total=0.586496 loss_rec=0.529413 valid_auc=0.691395 valid_rmse=0.476766 q_change=49 q_delta=0.399110 q_grad=0.002752
epoch=61 loss_total=0.582896 loss_rec=0.525839 valid_auc=0.689955 valid_rmse=0.477026 q_change=50 q_delta=0.399451 q_grad=0.002901
epoch=62 loss_total=0.579354 loss_rec=0.522432 valid_auc=0.690692 valid_rmse=0.477392 q_change=50 q_delta=0.399881 q_grad=0.002822
epoch=63 loss_total=0.578389 loss_rec=0.521506 valid_auc=0.687478 valid_rmse=0.478987 q_change=50 q_delta=0.400172 q_grad=0.002957
epoch=64 loss_total=0.578029 loss_rec=0.521199 valid_auc=0.690424 valid_rmse=0.481024 q_change=50 q_delta=0.400242 q_grad=0.002953
epoch=65 loss_total=0.573347 loss_rec=0.516550 valid_auc=0.689408 valid_rmse=0.478431 q_change=50 q_delta=0.400679 q_grad=0.002821
epoch=66 loss_total=0.574104 loss_rec=0.517374 valid_auc=0.688181 valid_rmse=0.479501 q_change=50 q_delta=0.400809 q_grad=0.003035
epoch=67 loss_total=0.574572 loss_rec=0.517874 valid_auc=0.687623 valid_rmse=0.480517 q_change=50 q_delta=0.401037 q_grad=0.003062
epoch=68 loss_total=0.566838 loss_rec=0.510200 valid_auc=0.687813 valid_rmse=0.484525 q_change=50 q_delta=0.401112 q_grad=0.002950
epoch=69 loss_total=0.564180 loss_rec=0.507573 valid_auc=0.689308 valid_rmse=0.486540 q_change=50 q_delta=0.401287 q_grad=0.003091
epoch=70 loss_total=0.561296 loss_rec=0.504728 valid_auc=0.686496 valid_rmse=0.480898 q_change=50 q_delta=0.401647 q_grad=0.003153
epoch=71 loss_total=0.562279 loss_rec=0.505781 valid_auc=0.689219 valid_rmse=0.480106 q_change=50 q_delta=0.401790 q_grad=0.003100
epoch=72 loss_total=0.560874 loss_rec=0.504380 valid_auc=0.687612 valid_rmse=0.480715 q_change=50 q_delta=0.401955 q_grad=0.003133
epoch=73 loss_total=0.555471 loss_rec=0.499004 valid_auc=0.684721 valid_rmse=0.482446 q_change=50 q_delta=0.402117 q_grad=0.003152
epoch=74 loss_total=0.561777 loss_rec=0.505357 valid_auc=0.686172 valid_rmse=0.482179 q_change=50 q_delta=0.402258 q_grad=0.003095
epoch=75 loss_total=0.558508 loss_rec=0.502073 valid_auc=0.685067 valid_rmse=0.488486 q_change=50 q_delta=0.402122 q_grad=0.003111
Early stopping at epoch 75; best_epoch=55.
Saved run to C:\Users\YAN_SHU_YU\Desktop\Generative-CD\Q_GNCDM\results\weak_q_lambda_sweep\lq_0p1_ls_0p4_lb_0p05\seed_2026\noise_0.20\weak-q_lq_0p1_ls_0p4_lb_0p05
Final metrics: q_hat_f1=0.250000 response_auc=0.687219 mastery_pearson=0.405689
