run=weak-q_lq_0p4_ls_0p1_lb_0p5 mode=weak-q noise=0.20 train=4200 valid=600 test=1200
epoch=1 loss_total=0.891992 loss_rec=0.725543 valid_auc=0.592690 valid_rmse=0.499636 q_change=33 q_delta=0.067061 q_grad=0.000134
epoch=2 loss_total=0.862432 loss_rec=0.704874 valid_auc=0.611060 valid_rmse=0.498625 q_change=43 q_delta=0.119336 q_grad=0.000149
epoch=3 loss_total=0.846761 loss_rec=0.696560 valid_auc=0.641295 valid_rmse=0.496265 q_change=40 q_delta=0.159258 q_grad=0.000176
epoch=4 loss_total=0.828323 loss_rec=0.684009 valid_auc=0.668170 valid_rmse=0.491329 q_change=39 q_delta=0.189054 q_grad=0.000229
epoch=5 loss_total=0.808402 loss_rec=0.667798 valid_auc=0.672109 valid_rmse=0.481645 q_change=37 q_delta=0.206902 q_grad=0.000377
epoch=6 loss_total=0.779713 loss_rec=0.641131 valid_auc=0.676094 valid_rmse=0.475858 q_change=33 q_delta=0.216938 q_grad=0.000629
epoch=7 loss_total=0.760092 loss_rec=0.622997 valid_auc=0.685134 valid_rmse=0.473588 q_change=29 q_delta=0.224403 q_grad=0.000787
epoch=8 loss_total=0.750849 loss_rec=0.615166 valid_auc=0.685988 valid_rmse=0.473534 q_change=25 q_delta=0.231565 q_grad=0.000945
epoch=9 loss_total=0.740650 loss_rec=0.606328 valid_auc=0.689766 valid_rmse=0.472024 q_change=23 q_delta=0.240797 q_grad=0.001032
epoch=10 loss_total=0.740321 loss_rec=0.607546 valid_auc=0.689074 valid_rmse=0.474062 q_change=20 q_delta=0.250451 q_grad=0.001058
epoch=11 loss_total=0.734308 loss_rec=0.602840 valid_auc=0.689152 valid_rmse=0.472738 q_change=20 q_delta=0.259744 q_grad=0.001136
epoch=12 loss_total=0.720834 loss_rec=0.590667 valid_auc=0.689632 valid_rmse=0.474578 q_change=19 q_delta=0.268596 q_grad=0.001172
epoch=13 loss_total=0.713742 loss_rec=0.584912 valid_auc=0.689944 valid_rmse=0.473765 q_change=18 q_delta=0.277893 q_grad=0.001173
epoch=14 loss_total=0.710187 loss_rec=0.582643 valid_auc=0.690056 valid_rmse=0.474970 q_change=19 q_delta=0.285517 q_grad=0.001218
epoch=15 loss_total=0.700837 loss_rec=0.574424 valid_auc=0.692254 valid_rmse=0.474856 q_change=18 q_delta=0.292834 q_grad=0.001239
epoch=16 loss_total=0.698295 loss_rec=0.572991 valid_auc=0.693259 valid_rmse=0.475010 q_change=18 q_delta=0.299835 q_grad=0.001337
epoch=17 loss_total=0.689520 loss_rec=0.565268 valid_auc=0.691540 valid_rmse=0.475858 q_change=19 q_delta=0.306315 q_grad=0.001278
epoch=18 loss_total=0.679327 loss_rec=0.556019 valid_auc=0.693516 valid_rmse=0.475620 q_change=18 q_delta=0.312174 q_grad=0.001317
epoch=19 loss_total=0.674336 loss_rec=0.551961 valid_auc=0.695223 valid_rmse=0.476565 q_change=17 q_delta=0.317236 q_grad=0.001348
epoch=20 loss_total=0.667218 loss_rec=0.545670 valid_auc=0.695848 valid_rmse=0.476093 q_change=17 q_delta=0.322444 q_grad=0.001435
epoch=21 loss_total=0.657728 loss_rec=0.537001 valid_auc=0.698136 valid_rmse=0.476857 q_change=17 q_delta=0.327042 q_grad=0.001373
epoch=22 loss_total=0.652463 loss_rec=0.532493 valid_auc=0.698460 valid_rmse=0.476941 q_change=16 q_delta=0.331010 q_grad=0.001449
epoch=23 loss_total=0.646297 loss_rec=0.526994 valid_auc=0.693281 valid_rmse=0.479393 q_change=15 q_delta=0.334685 q_grad=0.001409
epoch=24 loss_total=0.635611 loss_rec=0.516988 valid_auc=0.695357 valid_rmse=0.480227 q_change=15 q_delta=0.338240 q_grad=0.001440
epoch=25 loss_total=0.631987 loss_rec=0.514001 valid_auc=0.698482 valid_rmse=0.480163 q_change=15 q_delta=0.341765 q_grad=0.001515
epoch=26 loss_total=0.628039 loss_rec=0.510630 valid_auc=0.696295 valid_rmse=0.480557 q_change=14 q_delta=0.344941 q_grad=0.001444
epoch=27 loss_total=0.621838 loss_rec=0.504950 valid_auc=0.694766 valid_rmse=0.484164 q_change=15 q_delta=0.347846 q_grad=0.001452
epoch=28 loss_total=0.622497 loss_rec=0.506119 valid_auc=0.695592 valid_rmse=0.482905 q_change=15 q_delta=0.351086 q_grad=0.001523
epoch=29 loss_total=0.616558 loss_rec=0.500682 valid_auc=0.696161 valid_rmse=0.482502 q_change=15 q_delta=0.353822 q_grad=0.001466
epoch=30 loss_total=0.612192 loss_rec=0.496763 valid_auc=0.697366 valid_rmse=0.483427 q_change=16 q_delta=0.356685 q_grad=0.001504
epoch=31 loss_total=0.605850 loss_rec=0.490822 valid_auc=0.697444 valid_rmse=0.483468 q_change=16 q_delta=0.359096 q_grad=0.001462
epoch=32 loss_total=0.605042 loss_rec=0.490448 valid_auc=0.700569 valid_rmse=0.483234 q_change=17 q_delta=0.361600 q_grad=0.001486
epoch=33 loss_total=0.600444 loss_rec=0.486192 valid_auc=0.696261 valid_rmse=0.483144 q_change=17 q_delta=0.363898 q_grad=0.001453
epoch=34 loss_total=0.601073 loss_rec=0.487187 valid_auc=0.696339 valid_rmse=0.482397 q_change=18 q_delta=0.365870 q_grad=0.001437
epoch=35 loss_total=0.601678 loss_rec=0.488142 valid_auc=0.700234 valid_rmse=0.480308 q_change=18 q_delta=0.367880 q_grad=0.001446
epoch=36 loss_total=0.594289 loss_rec=0.481055 valid_auc=0.697042 valid_rmse=0.481941 q_change=17 q_delta=0.369447 q_grad=0.001448
epoch=37 loss_total=0.591558 loss_rec=0.478612 valid_auc=0.697333 valid_rmse=0.483435 q_change=18 q_delta=0.371194 q_grad=0.001417
epoch=38 loss_total=0.583039 loss_rec=0.470403 valid_auc=0.698538 valid_rmse=0.483728 q_change=18 q_delta=0.372703 q_grad=0.001442
epoch=39 loss_total=0.584954 loss_rec=0.472590 valid_auc=0.698583 valid_rmse=0.482666 q_change=18 q_delta=0.374106 q_grad=0.001408
epoch=40 loss_total=0.582685 loss_rec=0.470577 valid_auc=0.698069 valid_rmse=0.483261 q_change=19 q_delta=0.375461 q_grad=0.001420
epoch=41 loss_total=0.577555 loss_rec=0.465721 valid_auc=0.697768 valid_rmse=0.485993 q_change=18 q_delta=0.376943 q_grad=0.001396
epoch=42 loss_total=0.580667 loss_rec=0.469062 valid_auc=0.697545 valid_rmse=0.484080 q_change=18 q_delta=0.378159 q_grad=0.001468
epoch=43 loss_total=0.575891 loss_rec=0.464538 valid_auc=0.698929 valid_rmse=0.484621 q_change=18 q_delta=0.379314 q_grad=0.001445
epoch=44 loss_total=0.569958 loss_rec=0.458840 valid_auc=0.698214 valid_rmse=0.483341 q_change=18 q_delta=0.380466 q_grad=0.001418
epoch=45 loss_total=0.569653 loss_rec=0.458757 valid_auc=0.697065 valid_rmse=0.487116 q_change=18 q_delta=0.381457 q_grad=0.001408
epoch=46 loss_total=0.568169 loss_rec=0.457474 valid_auc=0.700658 valid_rmse=0.483500 q_change=18 q_delta=0.382526 q_grad=0.001442
epoch=47 loss_total=0.565092 loss_rec=0.454625 valid_auc=0.698739 valid_rmse=0.485352 q_change=18 q_delta=0.383785 q_grad=0.001385
epoch=48 loss_total=0.567519 loss_rec=0.457230 valid_auc=0.699420 valid_rmse=0.483503 q_change=19 q_delta=0.384808 q_grad=0.001439
epoch=49 loss_total=0.560684 loss_rec=0.450580 valid_auc=0.698069 valid_rmse=0.483353 q_change=20 q_delta=0.386006 q_grad=0.001367
epoch=50 loss_total=0.557727 loss_rec=0.447800 valid_auc=0.697980 valid_rmse=0.487533 q_change=20 q_delta=0.387154 q_grad=0.001380
epoch=51 loss_total=0.559070 loss_rec=0.449344 valid_auc=0.699721 valid_rmse=0.485811 q_change=20 q_delta=0.387986 q_grad=0.001420
epoch=52 loss_total=0.558239 loss_rec=0.448679 valid_auc=0.696350 valid_rmse=0.486012 q_change=20 q_delta=0.389119 q_grad=0.001395
epoch=53 loss_total=0.561263 loss_rec=0.451866 valid_auc=0.696908 valid_rmse=0.484757 q_change=20 q_delta=0.389925 q_grad=0.001392
epoch=54 loss_total=0.557494 loss_rec=0.448261 valid_auc=0.694118 valid_rmse=0.486190 q_change=20 q_delta=0.390960 q_grad=0.001423
epoch=55 loss_total=0.552215 loss_rec=0.443141 valid_auc=0.700725 valid_rmse=0.482720 q_change=20 q_delta=0.391738 q_grad=0.001349
epoch=56 loss_total=0.549188 loss_rec=0.440260 valid_auc=0.697846 valid_rmse=0.485953 q_change=20 q_delta=0.392514 q_grad=0.001335
epoch=57 loss_total=0.551383 loss_rec=0.442591 valid_auc=0.695368 valid_rmse=0.486327 q_change=20 q_delta=0.393362 q_grad=0.001447
epoch=58 loss_total=0.546108 loss_rec=0.437458 valid_auc=0.696250 valid_rmse=0.486563 q_change=20 q_delta=0.394086 q_grad=0.001374
epoch=59 loss_total=0.543836 loss_rec=0.435320 valid_auc=0.698672 valid_rmse=0.484326 q_change=20 q_delta=0.394790 q_grad=0.001333
epoch=60 loss_total=0.548599 loss_rec=0.440225 valid_auc=0.696239 valid_rmse=0.486022 q_change=20 q_delta=0.395513 q_grad=0.001361
epoch=61 loss_total=0.546528 loss_rec=0.438253 valid_auc=0.694754 valid_rmse=0.484829 q_change=20 q_delta=0.396155 q_grad=0.001371
epoch=62 loss_total=0.541989 loss_rec=0.433855 valid_auc=0.698984 valid_rmse=0.485100 q_change=20 q_delta=0.396865 q_grad=0.001299
epoch=63 loss_total=0.543087 loss_rec=0.435064 valid_auc=0.696406 valid_rmse=0.486041 q_change=20 q_delta=0.397400 q_grad=0.001352
epoch=64 loss_total=0.544764 loss_rec=0.436846 valid_auc=0.698426 valid_rmse=0.486865 q_change=21 q_delta=0.398021 q_grad=0.001361
epoch=65 loss_total=0.541899 loss_rec=0.434097 valid_auc=0.693929 valid_rmse=0.486787 q_change=21 q_delta=0.398907 q_grad=0.001288
epoch=66 loss_total=0.540290 loss_rec=0.432592 valid_auc=0.695089 valid_rmse=0.487112 q_change=21 q_delta=0.399411 q_grad=0.001349
epoch=67 loss_total=0.542182 loss_rec=0.434591 valid_auc=0.697154 valid_rmse=0.485810 q_change=21 q_delta=0.400027 q_grad=0.001347
epoch=68 loss_total=0.537666 loss_rec=0.430174 valid_auc=0.697143 valid_rmse=0.486350 q_change=21 q_delta=0.400537 q_grad=0.001309
epoch=69 loss_total=0.537793 loss_rec=0.430386 valid_auc=0.696685 valid_rmse=0.491713 q_change=22 q_delta=0.401115 q_grad=0.001315
epoch=70 loss_total=0.532943 loss_rec=0.425632 valid_auc=0.696105 valid_rmse=0.485699 q_change=22 q_delta=0.401742 q_grad=0.001321
epoch=71 loss_total=0.533429 loss_rec=0.426235 valid_auc=0.698493 valid_rmse=0.485218 q_change=22 q_delta=0.402291 q_grad=0.001288
epoch=72 loss_total=0.535050 loss_rec=0.427938 valid_auc=0.697121 valid_rmse=0.486943 q_change=22 q_delta=0.402890 q_grad=0.001339
epoch=73 loss_total=0.528752 loss_rec=0.421746 valid_auc=0.695525 valid_rmse=0.488092 q_change=22 q_delta=0.403485 q_grad=0.001346
epoch=74 loss_total=0.536049 loss_rec=0.429129 valid_auc=0.695257 valid_rmse=0.487388 q_change=22 q_delta=0.403996 q_grad=0.001291
epoch=75 loss_total=0.532529 loss_rec=0.425707 valid_auc=0.693504 valid_rmse=0.492004 q_change=22 q_delta=0.404411 q_grad=0.001303
Early stopping at epoch 75; best_epoch=55.
Saved run to C:\Users\YAN_SHU_YU\Desktop\Generative-CD\Q_GNCDM\results\weak_q_lambda_sweep\lq_0p4_ls_0p1_lb_0p5\seed_2026\noise_0.20\weak-q_lq_0p4_ls_0p1_lb_0p5
Final metrics: q_hat_f1=0.752688 response_auc=0.682099 mastery_pearson=0.572488
