run=weak-q_lq_0p7_ls_0p4_lb_0p4 mode=weak-q noise=0.20 train=4200 valid=600 test=1200
epoch=1 loss_total=0.998428 loss_rec=0.725651 valid_auc=0.588019 valid_rmse=0.499744 q_change=57 q_delta=0.077009 q_grad=0.000394
epoch=2 loss_total=0.951894 loss_rec=0.705745 valid_auc=0.596183 valid_rmse=0.499212 q_change=57 q_delta=0.140475 q_grad=0.000318
epoch=3 loss_total=0.926466 loss_rec=0.699350 valid_auc=0.612813 valid_rmse=0.498171 q_change=57 q_delta=0.190174 q_grad=0.000269
epoch=4 loss_total=0.905654 loss_rec=0.692030 valid_auc=0.636908 valid_rmse=0.496828 q_change=57 q_delta=0.228296 q_grad=0.000241
epoch=5 loss_total=0.893861 loss_rec=0.689268 valid_auc=0.657450 valid_rmse=0.493304 q_change=57 q_delta=0.254835 q_grad=0.000254
epoch=6 loss_total=0.876288 loss_rec=0.677206 valid_auc=0.667790 valid_rmse=0.487692 q_change=57 q_delta=0.270199 q_grad=0.000327
epoch=7 loss_total=0.851077 loss_rec=0.654748 valid_auc=0.669263 valid_rmse=0.480402 q_change=57 q_delta=0.277656 q_grad=0.000493
epoch=8 loss_total=0.835975 loss_rec=0.641017 valid_auc=0.672533 valid_rmse=0.477751 q_change=57 q_delta=0.282640 q_grad=0.000749
epoch=9 loss_total=0.825865 loss_rec=0.632185 valid_auc=0.682567 valid_rmse=0.473350 q_change=57 q_delta=0.286757 q_grad=0.000929
epoch=10 loss_total=0.825811 loss_rec=0.633291 valid_auc=0.682321 valid_rmse=0.474332 q_change=57 q_delta=0.289438 q_grad=0.001031
epoch=11 loss_total=0.821439 loss_rec=0.629488 valid_auc=0.684163 valid_rmse=0.472592 q_change=56 q_delta=0.292083 q_grad=0.001182
epoch=12 loss_total=0.810741 loss_rec=0.619336 valid_auc=0.684386 valid_rmse=0.474002 q_change=55 q_delta=0.293878 q_grad=0.001270
epoch=13 loss_total=0.805944 loss_rec=0.615078 valid_auc=0.684051 valid_rmse=0.472833 q_change=54 q_delta=0.296979 q_grad=0.001298
epoch=14 loss_total=0.805402 loss_rec=0.614928 valid_auc=0.683304 valid_rmse=0.474716 q_change=53 q_delta=0.299251 q_grad=0.001396
epoch=15 loss_total=0.800482 loss_rec=0.610346 valid_auc=0.684185 valid_rmse=0.473440 q_change=52 q_delta=0.302388 q_grad=0.001448
epoch=16 loss_total=0.801241 loss_rec=0.611383 valid_auc=0.684408 valid_rmse=0.473939 q_change=52 q_delta=0.305431 q_grad=0.001557
epoch=17 loss_total=0.796534 loss_rec=0.607028 valid_auc=0.683315 valid_rmse=0.473823 q_change=51 q_delta=0.308408 q_grad=0.001490
epoch=18 loss_total=0.790024 loss_rec=0.600748 valid_auc=0.684922 valid_rmse=0.473685 q_change=50 q_delta=0.311138 q_grad=0.001527
epoch=19 loss_total=0.788305 loss_rec=0.599374 valid_auc=0.685301 valid_rmse=0.474686 q_change=50 q_delta=0.313740 q_grad=0.001625
epoch=20 loss_total=0.784836 loss_rec=0.596075 valid_auc=0.686596 valid_rmse=0.473144 q_change=50 q_delta=0.316828 q_grad=0.001708
epoch=21 loss_total=0.779033 loss_rec=0.590461 valid_auc=0.688516 valid_rmse=0.474308 q_change=50 q_delta=0.319105 q_grad=0.001638
epoch=22 loss_total=0.775946 loss_rec=0.587523 valid_auc=0.687176 valid_rmse=0.474339 q_change=49 q_delta=0.321617 q_grad=0.001774
epoch=23 loss_total=0.772614 loss_rec=0.584345 valid_auc=0.685022 valid_rmse=0.474494 q_change=48 q_delta=0.324061 q_grad=0.001730
epoch=24 loss_total=0.766329 loss_rec=0.578215 valid_auc=0.685636 valid_rmse=0.475239 q_change=47 q_delta=0.326216 q_grad=0.001777
epoch=25 loss_total=0.765219 loss_rec=0.577188 valid_auc=0.687824 valid_rmse=0.475326 q_change=46 q_delta=0.328172 q_grad=0.001895
epoch=26 loss_total=0.761542 loss_rec=0.573609 valid_auc=0.688962 valid_rmse=0.475440 q_change=46 q_delta=0.330272 q_grad=0.001885
epoch=27 loss_total=0.756091 loss_rec=0.568207 valid_auc=0.687835 valid_rmse=0.477749 q_change=46 q_delta=0.332091 q_grad=0.001882
epoch=28 loss_total=0.757733 loss_rec=0.569889 valid_auc=0.688449 valid_rmse=0.476156 q_change=45 q_delta=0.334133 q_grad=0.002007
epoch=29 loss_total=0.749351 loss_rec=0.561606 valid_auc=0.691027 valid_rmse=0.475779 q_change=43 q_delta=0.335542 q_grad=0.002000
epoch=30 loss_total=0.746032 loss_rec=0.558276 valid_auc=0.692400 valid_rmse=0.476837 q_change=43 q_delta=0.336809 q_grad=0.002057
epoch=31 loss_total=0.740203 loss_rec=0.552491 valid_auc=0.690915 valid_rmse=0.477000 q_change=42 q_delta=0.338343 q_grad=0.002058
epoch=32 loss_total=0.738917 loss_rec=0.551242 valid_auc=0.694777 valid_rmse=0.476285 q_change=39 q_delta=0.340102 q_grad=0.002128
epoch=33 loss_total=0.732193 loss_rec=0.544478 valid_auc=0.691953 valid_rmse=0.475662 q_change=38 q_delta=0.341732 q_grad=0.002155
epoch=34 loss_total=0.731301 loss_rec=0.543658 valid_auc=0.691395 valid_rmse=0.475698 q_change=38 q_delta=0.342770 q_grad=0.002163
epoch=35 loss_total=0.730761 loss_rec=0.543132 valid_auc=0.695960 valid_rmse=0.474353 q_change=38 q_delta=0.344141 q_grad=0.002168
epoch=36 loss_total=0.721826 loss_rec=0.534159 valid_auc=0.694353 valid_rmse=0.474757 q_change=38 q_delta=0.345232 q_grad=0.002247
epoch=37 loss_total=0.717079 loss_rec=0.529392 valid_auc=0.691953 valid_rmse=0.478375 q_change=38 q_delta=0.346539 q_grad=0.002249
epoch=38 loss_total=0.710114 loss_rec=0.522509 valid_auc=0.692310 valid_rmse=0.478651 q_change=37 q_delta=0.347879 q_grad=0.002335
epoch=39 loss_total=0.709791 loss_rec=0.522219 valid_auc=0.692768 valid_rmse=0.477472 q_change=35 q_delta=0.349154 q_grad=0.002308
epoch=40 loss_total=0.706884 loss_rec=0.519352 valid_auc=0.691719 valid_rmse=0.478519 q_change=35 q_delta=0.350343 q_grad=0.002371
epoch=41 loss_total=0.699523 loss_rec=0.512076 valid_auc=0.692031 valid_rmse=0.481543 q_change=35 q_delta=0.351565 q_grad=0.002347
epoch=42 loss_total=0.703335 loss_rec=0.515953 valid_auc=0.689788 valid_rmse=0.479825 q_change=35 q_delta=0.352670 q_grad=0.002501
epoch=43 loss_total=0.696845 loss_rec=0.509528 valid_auc=0.692277 valid_rmse=0.480458 q_change=35 q_delta=0.353569 q_grad=0.002452
epoch=44 loss_total=0.693871 loss_rec=0.506606 valid_auc=0.691875 valid_rmse=0.479779 q_change=34 q_delta=0.354674 q_grad=0.002470
epoch=45 loss_total=0.690473 loss_rec=0.503295 valid_auc=0.689386 valid_rmse=0.484875 q_change=34 q_delta=0.355613 q_grad=0.002462
epoch=46 loss_total=0.689628 loss_rec=0.502462 valid_auc=0.695145 valid_rmse=0.479194 q_change=34 q_delta=0.356906 q_grad=0.002495
epoch=47 loss_total=0.686856 loss_rec=0.499776 valid_auc=0.692556 valid_rmse=0.482550 q_change=34 q_delta=0.357652 q_grad=0.002447
epoch=48 loss_total=0.686486 loss_rec=0.499488 valid_auc=0.691741 valid_rmse=0.481132 q_change=32 q_delta=0.358861 q_grad=0.002524
epoch=49 loss_total=0.680746 loss_rec=0.493816 valid_auc=0.692813 valid_rmse=0.479900 q_change=33 q_delta=0.359424 q_grad=0.002482
epoch=50 loss_total=0.675933 loss_rec=0.489064 valid_auc=0.691763 valid_rmse=0.484108 q_change=33 q_delta=0.360318 q_grad=0.002488
epoch=51 loss_total=0.677017 loss_rec=0.490247 valid_auc=0.691674 valid_rmse=0.484518 q_change=33 q_delta=0.361044 q_grad=0.002571
epoch=52 loss_total=0.677832 loss_rec=0.491124 valid_auc=0.691484 valid_rmse=0.482442 q_change=31 q_delta=0.361955 q_grad=0.002560
epoch=53 loss_total=0.679170 loss_rec=0.492524 valid_auc=0.691752 valid_rmse=0.481885 q_change=31 q_delta=0.362621 q_grad=0.002569
epoch=54 loss_total=0.672924 loss_rec=0.486294 valid_auc=0.689252 valid_rmse=0.483540 q_change=31 q_delta=0.363319 q_grad=0.002599
epoch=55 loss_total=0.668205 loss_rec=0.481655 valid_auc=0.695938 valid_rmse=0.480001 q_change=31 q_delta=0.364230 q_grad=0.002525
Early stopping at epoch 55; best_epoch=35.
Saved run to C:\Users\YAN_SHU_YU\Desktop\Generative-CD\Q_GNCDM\results\weak_q_lambda_sweep\lq_0p7_ls_0p4_lb_0p4\seed_2026\noise_0.20\weak-q_lq_0p7_ls_0p4_lb_0p4
Final metrics: q_hat_f1=0.480000 response_auc=0.692156 mastery_pearson=0.501030
