run=weak-q_lq_0p6_ls_0p8_lb_0p2 mode=weak-q noise=0.20 train=4200 valid=600 test=1200
epoch=1 loss_total=1.123155 loss_rec=0.725661 valid_auc=0.587556 valid_rmse=0.499756 q_change=57 q_delta=0.078401 q_grad=0.000781
epoch=2 loss_total=1.048333 loss_rec=0.705911 valid_auc=0.593571 valid_rmse=0.499320 q_change=57 q_delta=0.145940 q_grad=0.000661
epoch=3 loss_total=0.999698 loss_rec=0.699962 valid_auc=0.605117 valid_rmse=0.498547 q_change=57 q_delta=0.201184 q_grad=0.000554
epoch=4 loss_total=0.961083 loss_rec=0.693654 valid_auc=0.622087 valid_rmse=0.497836 q_change=57 q_delta=0.245278 q_grad=0.000462
epoch=5 loss_total=0.936843 loss_rec=0.693260 valid_auc=0.642734 valid_rmse=0.495854 q_change=57 q_delta=0.279428 q_grad=0.000393
epoch=6 loss_total=0.913785 loss_rec=0.687687 valid_auc=0.658270 valid_rmse=0.494295 q_change=57 q_delta=0.305162 q_grad=0.000353
epoch=7 loss_total=0.891014 loss_rec=0.677429 valid_auc=0.659554 valid_rmse=0.490609 q_change=57 q_delta=0.323750 q_grad=0.000358
epoch=8 loss_total=0.870960 loss_rec=0.665649 valid_auc=0.657009 valid_rmse=0.485208 q_change=57 q_delta=0.335859 q_grad=0.000457
epoch=9 loss_total=0.853546 loss_rec=0.653795 valid_auc=0.665681 valid_rmse=0.479212 q_change=57 q_delta=0.345386 q_grad=0.000621
epoch=10 loss_total=0.848372 loss_rec=0.653358 valid_auc=0.667835 valid_rmse=0.478940 q_change=57 q_delta=0.353095 q_grad=0.000728
epoch=11 loss_total=0.841361 loss_rec=0.649845 valid_auc=0.670313 valid_rmse=0.477617 q_change=57 q_delta=0.359606 q_grad=0.000856
epoch=12 loss_total=0.828830 loss_rec=0.640383 valid_auc=0.673616 valid_rmse=0.478204 q_change=57 q_delta=0.364548 q_grad=0.000946
epoch=13 loss_total=0.823624 loss_rec=0.637644 valid_auc=0.675893 valid_rmse=0.475162 q_change=57 q_delta=0.368910 q_grad=0.000995
epoch=14 loss_total=0.821003 loss_rec=0.636841 valid_auc=0.677065 valid_rmse=0.476491 q_change=57 q_delta=0.371814 q_grad=0.001123
epoch=15 loss_total=0.816665 loss_rec=0.634002 valid_auc=0.677846 valid_rmse=0.474599 q_change=57 q_delta=0.374737 q_grad=0.001222
epoch=16 loss_total=0.816375 loss_rec=0.634907 valid_auc=0.680658 valid_rmse=0.474419 q_change=57 q_delta=0.376705 q_grad=0.001361
epoch=17 loss_total=0.813049 loss_rec=0.632664 valid_auc=0.680826 valid_rmse=0.474554 q_change=57 q_delta=0.378480 q_grad=0.001341
epoch=18 loss_total=0.806162 loss_rec=0.626560 valid_auc=0.682667 valid_rmse=0.473596 q_change=57 q_delta=0.380059 q_grad=0.001409
epoch=19 loss_total=0.804334 loss_rec=0.625574 valid_auc=0.682746 valid_rmse=0.474604 q_change=57 q_delta=0.381462 q_grad=0.001531
epoch=20 loss_total=0.802198 loss_rec=0.623973 valid_auc=0.685056 valid_rmse=0.472588 q_change=57 q_delta=0.382653 q_grad=0.001637
epoch=21 loss_total=0.797738 loss_rec=0.620022 valid_auc=0.685714 valid_rmse=0.474467 q_change=57 q_delta=0.383291 q_grad=0.001580
epoch=22 loss_total=0.795793 loss_rec=0.618388 valid_auc=0.687232 valid_rmse=0.473119 q_change=56 q_delta=0.383891 q_grad=0.001733
epoch=23 loss_total=0.792853 loss_rec=0.615731 valid_auc=0.685033 valid_rmse=0.472905 q_change=56 q_delta=0.385009 q_grad=0.001728
epoch=24 loss_total=0.788004 loss_rec=0.611142 valid_auc=0.683817 valid_rmse=0.473608 q_change=56 q_delta=0.386065 q_grad=0.001761
epoch=25 loss_total=0.789978 loss_rec=0.613360 valid_auc=0.684866 valid_rmse=0.473481 q_change=56 q_delta=0.386913 q_grad=0.001899
epoch=26 loss_total=0.787267 loss_rec=0.610846 valid_auc=0.686261 valid_rmse=0.474296 q_change=56 q_delta=0.387845 q_grad=0.001878
epoch=27 loss_total=0.783830 loss_rec=0.607506 valid_auc=0.688214 valid_rmse=0.474924 q_change=56 q_delta=0.388526 q_grad=0.001859
epoch=28 loss_total=0.786644 loss_rec=0.610575 valid_auc=0.686607 valid_rmse=0.473884 q_change=56 q_delta=0.389597 q_grad=0.001931
epoch=29 loss_total=0.780766 loss_rec=0.604912 valid_auc=0.689900 valid_rmse=0.473103 q_change=56 q_delta=0.390333 q_grad=0.001962
epoch=30 loss_total=0.780449 loss_rec=0.604678 valid_auc=0.691975 valid_rmse=0.473519 q_change=55 q_delta=0.390787 q_grad=0.001923
epoch=31 loss_total=0.776565 loss_rec=0.600766 valid_auc=0.690770 valid_rmse=0.473384 q_change=55 q_delta=0.391377 q_grad=0.001960
epoch=32 loss_total=0.778381 loss_rec=0.602687 valid_auc=0.692455 valid_rmse=0.473419 q_change=54 q_delta=0.392110 q_grad=0.002009
epoch=33 loss_total=0.776442 loss_rec=0.600806 valid_auc=0.690502 valid_rmse=0.471591 q_change=54 q_delta=0.393193 q_grad=0.001992
epoch=34 loss_total=0.775512 loss_rec=0.599966 valid_auc=0.689219 valid_rmse=0.471943 q_change=52 q_delta=0.393916 q_grad=0.001978
epoch=35 loss_total=0.775195 loss_rec=0.599746 valid_auc=0.692467 valid_rmse=0.470915 q_change=52 q_delta=0.394770 q_grad=0.001953
epoch=36 loss_total=0.770192 loss_rec=0.594610 valid_auc=0.693170 valid_rmse=0.472014 q_change=52 q_delta=0.395376 q_grad=0.002028
epoch=37 loss_total=0.765328 loss_rec=0.589706 valid_auc=0.693862 valid_rmse=0.472294 q_change=51 q_delta=0.396265 q_grad=0.002032
epoch=38 loss_total=0.763897 loss_rec=0.588393 valid_auc=0.693449 valid_rmse=0.474141 q_change=51 q_delta=0.397104 q_grad=0.002143
epoch=39 loss_total=0.765321 loss_rec=0.589830 valid_auc=0.692969 valid_rmse=0.471447 q_change=51 q_delta=0.398202 q_grad=0.002072
epoch=40 loss_total=0.760925 loss_rec=0.585494 valid_auc=0.693694 valid_rmse=0.471773 q_change=51 q_delta=0.398895 q_grad=0.002122
epoch=41 loss_total=0.756598 loss_rec=0.581231 valid_auc=0.694565 valid_rmse=0.472765 q_change=51 q_delta=0.399695 q_grad=0.002124
epoch=42 loss_total=0.759173 loss_rec=0.583782 valid_auc=0.690279 valid_rmse=0.472700 q_change=51 q_delta=0.400765 q_grad=0.002236
epoch=43 loss_total=0.753700 loss_rec=0.578232 valid_auc=0.692087 valid_rmse=0.473032 q_change=50 q_delta=0.401218 q_grad=0.002193
epoch=44 loss_total=0.753950 loss_rec=0.578520 valid_auc=0.689844 valid_rmse=0.474045 q_change=50 q_delta=0.401986 q_grad=0.002254
epoch=45 loss_total=0.748963 loss_rec=0.573579 valid_auc=0.691306 valid_rmse=0.477790 q_change=50 q_delta=0.402576 q_grad=0.002311
epoch=46 loss_total=0.748953 loss_rec=0.573498 valid_auc=0.693214 valid_rmse=0.471915 q_change=50 q_delta=0.403706 q_grad=0.002282
epoch=47 loss_total=0.745419 loss_rec=0.569970 valid_auc=0.691641 valid_rmse=0.474229 q_change=50 q_delta=0.404354 q_grad=0.002297
epoch=48 loss_total=0.742310 loss_rec=0.566843 valid_auc=0.691864 valid_rmse=0.473089 q_change=50 q_delta=0.405184 q_grad=0.002394
epoch=49 loss_total=0.739246 loss_rec=0.563779 valid_auc=0.693248 valid_rmse=0.472589 q_change=49 q_delta=0.405804 q_grad=0.002422
epoch=50 loss_total=0.733597 loss_rec=0.558085 valid_auc=0.690703 valid_rmse=0.474567 q_change=49 q_delta=0.406406 q_grad=0.002380
epoch=51 loss_total=0.732655 loss_rec=0.557193 valid_auc=0.692824 valid_rmse=0.476181 q_change=50 q_delta=0.406958 q_grad=0.002503
epoch=52 loss_total=0.733782 loss_rec=0.558355 valid_auc=0.690636 valid_rmse=0.474233 q_change=50 q_delta=0.407832 q_grad=0.002544
epoch=53 loss_total=0.733434 loss_rec=0.557963 valid_auc=0.693181 valid_rmse=0.473078 q_change=50 q_delta=0.408549 q_grad=0.002580
epoch=54 loss_total=0.724809 loss_rec=0.549334 valid_auc=0.689587 valid_rmse=0.475887 q_change=50 q_delta=0.408994 q_grad=0.002578
epoch=55 loss_total=0.721818 loss_rec=0.546389 valid_auc=0.694955 valid_rmse=0.472765 q_change=50 q_delta=0.409535 q_grad=0.002610
epoch=56 loss_total=0.721925 loss_rec=0.546476 valid_auc=0.690435 valid_rmse=0.475139 q_change=50 q_delta=0.409990 q_grad=0.002689
epoch=57 loss_total=0.719012 loss_rec=0.543547 valid_auc=0.690547 valid_rmse=0.476855 q_change=50 q_delta=0.410427 q_grad=0.002801
epoch=58 loss_total=0.713116 loss_rec=0.537688 valid_auc=0.689944 valid_rmse=0.479488 q_change=50 q_delta=0.410868 q_grad=0.002756
epoch=59 loss_total=0.713530 loss_rec=0.538227 valid_auc=0.692344 valid_rmse=0.474507 q_change=50 q_delta=0.411375 q_grad=0.002757
epoch=60 loss_total=0.711640 loss_rec=0.536392 valid_auc=0.693025 valid_rmse=0.475484 q_change=50 q_delta=0.411652 q_grad=0.002770
epoch=61 loss_total=0.708673 loss_rec=0.533378 valid_auc=0.689654 valid_rmse=0.475781 q_change=50 q_delta=0.412037 q_grad=0.002920
epoch=62 loss_total=0.704772 loss_rec=0.529586 valid_auc=0.691317 valid_rmse=0.476290 q_change=50 q_delta=0.412371 q_grad=0.002879
epoch=63 loss_total=0.705237 loss_rec=0.530086 valid_auc=0.687812 valid_rmse=0.477486 q_change=50 q_delta=0.412617 q_grad=0.002984
epoch=64 loss_total=0.705526 loss_rec=0.530408 valid_auc=0.691518 valid_rmse=0.479671 q_change=50 q_delta=0.412654 q_grad=0.003011
epoch=65 loss_total=0.700276 loss_rec=0.525176 valid_auc=0.689431 valid_rmse=0.477081 q_change=50 q_delta=0.413008 q_grad=0.002858
epoch=66 loss_total=0.701920 loss_rec=0.526874 valid_auc=0.688237 valid_rmse=0.478055 q_change=50 q_delta=0.413146 q_grad=0.003100
epoch=67 loss_total=0.702412 loss_rec=0.527386 valid_auc=0.687623 valid_rmse=0.479045 q_change=50 q_delta=0.413249 q_grad=0.003108
epoch=68 loss_total=0.695331 loss_rec=0.520373 valid_auc=0.687567 valid_rmse=0.482337 q_change=50 q_delta=0.413278 q_grad=0.003050
epoch=69 loss_total=0.692127 loss_rec=0.517195 valid_auc=0.689263 valid_rmse=0.484614 q_change=50 q_delta=0.413425 q_grad=0.003205
epoch=70 loss_total=0.690358 loss_rec=0.515451 valid_auc=0.685859 valid_rmse=0.479375 q_change=50 q_delta=0.413773 q_grad=0.003253
epoch=71 loss_total=0.691456 loss_rec=0.516651 valid_auc=0.689598 valid_rmse=0.478363 q_change=50 q_delta=0.413835 q_grad=0.003226
epoch=72 loss_total=0.690372 loss_rec=0.515569 valid_auc=0.686596 valid_rmse=0.479411 q_change=50 q_delta=0.413905 q_grad=0.003227
epoch=73 loss_total=0.684978 loss_rec=0.510233 valid_auc=0.684364 valid_rmse=0.481462 q_change=50 q_delta=0.414010 q_grad=0.003294
epoch=74 loss_total=0.691537 loss_rec=0.516834 valid_auc=0.684766 valid_rmse=0.480875 q_change=50 q_delta=0.414103 q_grad=0.003237
epoch=75 loss_total=0.688151 loss_rec=0.513447 valid_auc=0.684085 valid_rmse=0.486954 q_change=50 q_delta=0.414028 q_grad=0.003235
Early stopping at epoch 75; best_epoch=55.
Saved run to C:\Users\YAN_SHU_YU\Desktop\Generative-CD\Q_GNCDM\results\weak_q_lambda_sweep\lq_0p6_ls_0p8_lb_0p2\seed_2026\noise_0.20\weak-q_lq_0p6_ls_0p8_lb_0p2
Final metrics: q_hat_f1=0.222222 response_auc=0.689312 mastery_pearson=0.404564
