run=weak-q_lq_0p7_ls_0p8_lb_0p8 mode=weak-q noise=0.20 train=4200 valid=600 test=1200
epoch=1 loss_total=1.269145 loss_rec=0.725667 valid_auc=0.587511 valid_rmse=0.499760 q_change=57 q_delta=0.079558 q_grad=0.000851
epoch=2 loss_total=1.184392 loss_rec=0.706013 valid_auc=0.593103 valid_rmse=0.499362 q_change=57 q_delta=0.151276 q_grad=0.000793
epoch=3 loss_total=1.121130 loss_rec=0.700303 valid_auc=0.603828 valid_rmse=0.498697 q_change=57 q_delta=0.211999 q_grad=0.000718
epoch=4 loss_total=1.066986 loss_rec=0.694474 valid_auc=0.619754 valid_rmse=0.498235 q_change=57 q_delta=0.261198 q_grad=0.000634
epoch=5 loss_total=1.028829 loss_rec=0.694945 valid_auc=0.639442 valid_rmse=0.496763 q_change=57 q_delta=0.299592 q_grad=0.000548
epoch=6 loss_total=0.995024 loss_rec=0.691339 valid_auc=0.655257 valid_rmse=0.496406 q_change=57 q_delta=0.328989 q_grad=0.000472
epoch=7 loss_total=0.966212 loss_rec=0.685771 valid_auc=0.656763 valid_rmse=0.495384 q_change=57 q_delta=0.351369 q_grad=0.000415
epoch=8 loss_total=0.944719 loss_rec=0.681827 valid_auc=0.651384 valid_rmse=0.493249 q_change=57 q_delta=0.367854 q_grad=0.000382
epoch=9 loss_total=0.925395 loss_rec=0.675387 valid_auc=0.654342 valid_rmse=0.487682 q_change=57 q_delta=0.380045 q_grad=0.000410
epoch=10 loss_total=0.911668 loss_rec=0.671326 valid_auc=0.655435 valid_rmse=0.485194 q_change=57 q_delta=0.388900 q_grad=0.000466
epoch=11 loss_total=0.898737 loss_rec=0.665457 valid_auc=0.656339 valid_rmse=0.483330 q_change=57 q_delta=0.396195 q_grad=0.000563
epoch=12 loss_total=0.882532 loss_rec=0.655538 valid_auc=0.659542 valid_rmse=0.483820 q_change=57 q_delta=0.402390 q_grad=0.000635
epoch=13 loss_total=0.875227 loss_rec=0.653653 valid_auc=0.661350 valid_rmse=0.480246 q_change=57 q_delta=0.407738 q_grad=0.000652
epoch=14 loss_total=0.869590 loss_rec=0.652288 valid_auc=0.664453 valid_rmse=0.481559 q_change=57 q_delta=0.411905 q_grad=0.000721
epoch=15 loss_total=0.864941 loss_rec=0.651368 valid_auc=0.662600 valid_rmse=0.479960 q_change=57 q_delta=0.415819 q_grad=0.000757
epoch=16 loss_total=0.862275 loss_rec=0.651793 valid_auc=0.663672 valid_rmse=0.480019 q_change=57 q_delta=0.418898 q_grad=0.000829
epoch=17 loss_total=0.859632 loss_rec=0.651953 valid_auc=0.665982 valid_rmse=0.480624 q_change=57 q_delta=0.421619 q_grad=0.000804
epoch=18 loss_total=0.852454 loss_rec=0.647163 valid_auc=0.667679 valid_rmse=0.479954 q_change=57 q_delta=0.424105 q_grad=0.000826
epoch=19 loss_total=0.848812 loss_rec=0.645639 valid_auc=0.666674 valid_rmse=0.479810 q_change=57 q_delta=0.426215 q_grad=0.000878
epoch=20 loss_total=0.847437 loss_rec=0.646056 valid_auc=0.670435 valid_rmse=0.478441 q_change=57 q_delta=0.428203 q_grad=0.000953
epoch=21 loss_total=0.843254 loss_rec=0.643598 valid_auc=0.669687 valid_rmse=0.479294 q_change=57 q_delta=0.429724 q_grad=0.000908
epoch=22 loss_total=0.842364 loss_rec=0.644103 valid_auc=0.669498 valid_rmse=0.478213 q_change=57 q_delta=0.431203 q_grad=0.000984
epoch=23 loss_total=0.838264 loss_rec=0.641306 valid_auc=0.668281 valid_rmse=0.477916 q_change=57 q_delta=0.432628 q_grad=0.000993
epoch=24 loss_total=0.833764 loss_rec=0.638037 valid_auc=0.669196 valid_rmse=0.478330 q_change=57 q_delta=0.433786 q_grad=0.001032
epoch=25 loss_total=0.836052 loss_rec=0.641333 valid_auc=0.668393 valid_rmse=0.477797 q_change=57 q_delta=0.434781 q_grad=0.001121
epoch=26 loss_total=0.833391 loss_rec=0.639603 valid_auc=0.668895 valid_rmse=0.478349 q_change=57 q_delta=0.435711 q_grad=0.001133
epoch=27 loss_total=0.831225 loss_rec=0.638209 valid_auc=0.671942 valid_rmse=0.477746 q_change=57 q_delta=0.436513 q_grad=0.001141
epoch=28 loss_total=0.831852 loss_rec=0.639597 valid_auc=0.672913 valid_rmse=0.477012 q_change=57 q_delta=0.437315 q_grad=0.001195
epoch=29 loss_total=0.828885 loss_rec=0.637296 valid_auc=0.674621 valid_rmse=0.476913 q_change=57 q_delta=0.437984 q_grad=0.001252
epoch=30 loss_total=0.829868 loss_rec=0.638894 valid_auc=0.675681 valid_rmse=0.477236 q_change=57 q_delta=0.438543 q_grad=0.001252
epoch=31 loss_total=0.826041 loss_rec=0.635528 valid_auc=0.677020 valid_rmse=0.476410 q_change=57 q_delta=0.439119 q_grad=0.001286
epoch=32 loss_total=0.827842 loss_rec=0.637838 valid_auc=0.677712 valid_rmse=0.477279 q_change=57 q_delta=0.439526 q_grad=0.001344
epoch=33 loss_total=0.826606 loss_rec=0.636965 valid_auc=0.676585 valid_rmse=0.475880 q_change=57 q_delta=0.440153 q_grad=0.001338
epoch=34 loss_total=0.825570 loss_rec=0.636384 valid_auc=0.675592 valid_rmse=0.475535 q_change=57 q_delta=0.440484 q_grad=0.001370
epoch=35 loss_total=0.827172 loss_rec=0.638338 valid_auc=0.677545 valid_rmse=0.474997 q_change=57 q_delta=0.440829 q_grad=0.001371
epoch=36 loss_total=0.823783 loss_rec=0.635245 valid_auc=0.678125 valid_rmse=0.476073 q_change=57 q_delta=0.441043 q_grad=0.001418
epoch=37 loss_total=0.818968 loss_rec=0.630698 valid_auc=0.680100 valid_rmse=0.475250 q_change=57 q_delta=0.441318 q_grad=0.001452
epoch=38 loss_total=0.817897 loss_rec=0.629848 valid_auc=0.679844 valid_rmse=0.476449 q_change=57 q_delta=0.441517 q_grad=0.001558
epoch=39 loss_total=0.821414 loss_rec=0.633603 valid_auc=0.679643 valid_rmse=0.474750 q_change=57 q_delta=0.441865 q_grad=0.001536
epoch=40 loss_total=0.817656 loss_rec=0.630083 valid_auc=0.680268 valid_rmse=0.474883 q_change=57 q_delta=0.442001 q_grad=0.001584
epoch=41 loss_total=0.813652 loss_rec=0.626213 valid_auc=0.682656 valid_rmse=0.475109 q_change=57 q_delta=0.442040 q_grad=0.001607
epoch=42 loss_total=0.818193 loss_rec=0.630836 valid_auc=0.679754 valid_rmse=0.475258 q_change=57 q_delta=0.442147 q_grad=0.001662
epoch=43 loss_total=0.814527 loss_rec=0.627174 valid_auc=0.681540 valid_rmse=0.474566 q_change=57 q_delta=0.442030 q_grad=0.001630
epoch=44 loss_total=0.814696 loss_rec=0.627335 valid_auc=0.682958 valid_rmse=0.474785 q_change=57 q_delta=0.442010 q_grad=0.001704
epoch=45 loss_total=0.812256 loss_rec=0.624874 valid_auc=0.684676 valid_rmse=0.476445 q_change=57 q_delta=0.441815 q_grad=0.001752
epoch=46 loss_total=0.813158 loss_rec=0.625650 valid_auc=0.686161 valid_rmse=0.473039 q_change=57 q_delta=0.441681 q_grad=0.001726
epoch=47 loss_total=0.809868 loss_rec=0.622281 valid_auc=0.688661 valid_rmse=0.473189 q_change=56 q_delta=0.441551 q_grad=0.001753
epoch=48 loss_total=0.810616 loss_rec=0.622907 valid_auc=0.688616 valid_rmse=0.472359 q_change=56 q_delta=0.442025 q_grad=0.001786
epoch=49 loss_total=0.808399 loss_rec=0.620550 valid_auc=0.689040 valid_rmse=0.472605 q_change=56 q_delta=0.442346 q_grad=0.001826
epoch=50 loss_total=0.803907 loss_rec=0.616039 valid_auc=0.685312 valid_rmse=0.473441 q_change=56 q_delta=0.442607 q_grad=0.001752
epoch=51 loss_total=0.804479 loss_rec=0.616583 valid_auc=0.689688 valid_rmse=0.474501 q_change=56 q_delta=0.442727 q_grad=0.001892
epoch=52 loss_total=0.805197 loss_rec=0.617268 valid_auc=0.686451 valid_rmse=0.472899 q_change=56 q_delta=0.442986 q_grad=0.001899
epoch=53 loss_total=0.806708 loss_rec=0.618779 valid_auc=0.689621 valid_rmse=0.471963 q_change=56 q_delta=0.443139 q_grad=0.001882
epoch=54 loss_total=0.798942 loss_rec=0.611041 valid_auc=0.688772 valid_rmse=0.473371 q_change=56 q_delta=0.443190 q_grad=0.001855
epoch=55 loss_total=0.799018 loss_rec=0.611090 valid_auc=0.691094 valid_rmse=0.471752 q_change=56 q_delta=0.443251 q_grad=0.001896
epoch=56 loss_total=0.801107 loss_rec=0.613215 valid_auc=0.688739 valid_rmse=0.472095 q_change=56 q_delta=0.443353 q_grad=0.001955
epoch=57 loss_total=0.799713 loss_rec=0.611806 valid_auc=0.690826 valid_rmse=0.473746 q_change=56 q_delta=0.443246 q_grad=0.001984
epoch=58 loss_total=0.796087 loss_rec=0.608135 valid_auc=0.689609 valid_rmse=0.473626 q_change=56 q_delta=0.443309 q_grad=0.001941
epoch=59 loss_total=0.795947 loss_rec=0.608083 valid_auc=0.690346 valid_rmse=0.471775 q_change=56 q_delta=0.443386 q_grad=0.001952
epoch=60 loss_total=0.795133 loss_rec=0.607220 valid_auc=0.692946 valid_rmse=0.471997 q_change=56 q_delta=0.443273 q_grad=0.001977
epoch=61 loss_total=0.794550 loss_rec=0.606544 valid_auc=0.693013 valid_rmse=0.471998 q_change=55 q_delta=0.443178 q_grad=0.002012
epoch=62 loss_total=0.792976 loss_rec=0.604932 valid_auc=0.693069 valid_rmse=0.471204 q_change=55 q_delta=0.443130 q_grad=0.001953
epoch=63 loss_total=0.793812 loss_rec=0.605672 valid_auc=0.691551 valid_rmse=0.472179 q_change=55 q_delta=0.442955 q_grad=0.001962
epoch=64 loss_total=0.796314 loss_rec=0.608169 valid_auc=0.695435 valid_rmse=0.473195 q_change=54 q_delta=0.442906 q_grad=0.002017
epoch=65 loss_total=0.789709 loss_rec=0.601480 valid_auc=0.693929 valid_rmse=0.470730 q_change=54 q_delta=0.443456 q_grad=0.001916
epoch=66 loss_total=0.790168 loss_rec=0.601909 valid_auc=0.696127 valid_rmse=0.471211 q_change=54 q_delta=0.443819 q_grad=0.002032
epoch=67 loss_total=0.792270 loss_rec=0.603951 valid_auc=0.693237 valid_rmse=0.472461 q_change=54 q_delta=0.444195 q_grad=0.002000
epoch=68 loss_total=0.788056 loss_rec=0.599731 valid_auc=0.695033 valid_rmse=0.472466 q_change=54 q_delta=0.444526 q_grad=0.002015
epoch=69 loss_total=0.784562 loss_rec=0.596235 valid_auc=0.698583 valid_rmse=0.477347 q_change=54 q_delta=0.444730 q_grad=0.002083
epoch=70 loss_total=0.784395 loss_rec=0.596065 valid_auc=0.695402 valid_rmse=0.470949 q_change=54 q_delta=0.445121 q_grad=0.002076
epoch=71 loss_total=0.786268 loss_rec=0.597944 valid_auc=0.695324 valid_rmse=0.471019 q_change=54 q_delta=0.445369 q_grad=0.002090
epoch=72 loss_total=0.784490 loss_rec=0.596151 valid_auc=0.694710 valid_rmse=0.471733 q_change=54 q_delta=0.445594 q_grad=0.002111
epoch=73 loss_total=0.781552 loss_rec=0.593282 valid_auc=0.692054 valid_rmse=0.472036 q_change=54 q_delta=0.445830 q_grad=0.002161
epoch=74 loss_total=0.785310 loss_rec=0.597042 valid_auc=0.692935 valid_rmse=0.472650 q_change=54 q_delta=0.445984 q_grad=0.002109
epoch=75 loss_total=0.783462 loss_rec=0.595191 valid_auc=0.692679 valid_rmse=0.478764 q_change=54 q_delta=0.446100 q_grad=0.002109
epoch=76 loss_total=0.783322 loss_rec=0.595039 valid_auc=0.690737 valid_rmse=0.472176 q_change=54 q_delta=0.446323 q_grad=0.002104
epoch=77 loss_total=0.777025 loss_rec=0.588766 valid_auc=0.691853 valid_rmse=0.475782 q_change=54 q_delta=0.446366 q_grad=0.002097
epoch=78 loss_total=0.778422 loss_rec=0.590191 valid_auc=0.691373 valid_rmse=0.473847 q_change=54 q_delta=0.446484 q_grad=0.002258
epoch=79 loss_total=0.777669 loss_rec=0.589481 valid_auc=0.690614 valid_rmse=0.473272 q_change=54 q_delta=0.446621 q_grad=0.002330
epoch=80 loss_total=0.777546 loss_rec=0.589376 valid_auc=0.690246 valid_rmse=0.472923 q_change=54 q_delta=0.446721 q_grad=0.002253
epoch=81 loss_total=0.773735 loss_rec=0.585602 valid_auc=0.691540 valid_rmse=0.475020 q_change=54 q_delta=0.446826 q_grad=0.002307
epoch=82 loss_total=0.774130 loss_rec=0.586035 valid_auc=0.690000 valid_rmse=0.474427 q_change=54 q_delta=0.446897 q_grad=0.002349
epoch=83 loss_total=0.772610 loss_rec=0.584564 valid_auc=0.690502 valid_rmse=0.478328 q_change=54 q_delta=0.446965 q_grad=0.002319
epoch=84 loss_total=0.773433 loss_rec=0.585398 valid_auc=0.691004 valid_rmse=0.474986 q_change=54 q_delta=0.447143 q_grad=0.002394
epoch=85 loss_total=0.775180 loss_rec=0.587175 valid_auc=0.690011 valid_rmse=0.478734 q_change=54 q_delta=0.447086 q_grad=0.002418
epoch=86 loss_total=0.776724 loss_rec=0.588717 valid_auc=0.688404 valid_rmse=0.475872 q_change=54 q_delta=0.447189 q_grad=0.002393
epoch=87 loss_total=0.770610 loss_rec=0.582646 valid_auc=0.687444 valid_rmse=0.476412 q_change=54 q_delta=0.447252 q_grad=0.002344
epoch=88 loss_total=0.764723 loss_rec=0.576778 valid_auc=0.687143 valid_rmse=0.476184 q_change=54 q_delta=0.447318 q_grad=0.002430
epoch=89 loss_total=0.766932 loss_rec=0.579015 valid_auc=0.687377 valid_rmse=0.481721 q_change=54 q_delta=0.447320 q_grad=0.002482
Early stopping at epoch 89; best_epoch=69.
Saved run to C:\Users\YAN_SHU_YU\Desktop\Generative-CD\Q_GNCDM\results\weak_q_lambda_sweep\lq_0p7_ls_0p8_lb_0p8\seed_2026\noise_0.20\weak-q_lq_0p7_ls_0p8_lb_0p8
Final metrics: q_hat_f1=0.101695 response_auc=0.684262 mastery_pearson=0.301637
