run=weak-q_lq_0p7_ls_0p9_lb_0p1 mode=weak-q noise=0.20 train=4200 valid=600 test=1200
epoch=1 loss_total=1.142515 loss_rec=0.725661 valid_auc=0.587478 valid_rmse=0.499756 q_change=57 q_delta=0.078154 q_grad=0.000861
epoch=2 loss_total=1.063385 loss_rec=0.705894 valid_auc=0.593281 valid_rmse=0.499317 q_change=57 q_delta=0.144675 q_grad=0.000710
epoch=3 loss_total=1.013188 loss_rec=0.699906 valid_auc=0.604347 valid_rmse=0.498532 q_change=57 q_delta=0.198485 q_grad=0.000580
epoch=4 loss_total=0.974519 loss_rec=0.693509 valid_auc=0.620993 valid_rmse=0.497780 q_change=57 q_delta=0.241115 q_grad=0.000474
epoch=5 loss_total=0.950818 loss_rec=0.692930 valid_auc=0.641629 valid_rmse=0.495695 q_change=57 q_delta=0.274006 q_grad=0.000396
epoch=6 loss_total=0.928241 loss_rec=0.686892 valid_auc=0.657344 valid_rmse=0.493866 q_change=57 q_delta=0.298693 q_grad=0.000355
epoch=7 loss_total=0.905332 loss_rec=0.675521 valid_auc=0.659342 valid_rmse=0.489647 q_change=57 q_delta=0.316331 q_grad=0.000369
epoch=8 loss_total=0.884938 loss_rec=0.662522 valid_auc=0.657422 valid_rmse=0.484199 q_change=57 q_delta=0.327753 q_grad=0.000488
epoch=9 loss_total=0.868291 loss_rec=0.650860 valid_auc=0.668158 valid_rmse=0.478356 q_change=57 q_delta=0.336981 q_grad=0.000661
epoch=10 loss_total=0.863791 loss_rec=0.650653 valid_auc=0.670033 valid_rmse=0.478091 q_change=57 q_delta=0.344341 q_grad=0.000769
epoch=11 loss_total=0.857141 loss_rec=0.647084 valid_auc=0.672679 valid_rmse=0.476507 q_change=57 q_delta=0.350535 q_grad=0.000907
epoch=12 loss_total=0.844590 loss_rec=0.637207 valid_auc=0.676875 valid_rmse=0.477123 q_change=57 q_delta=0.355108 q_grad=0.001005
epoch=13 loss_total=0.839432 loss_rec=0.634190 valid_auc=0.679129 valid_rmse=0.474239 q_change=57 q_delta=0.359239 q_grad=0.001062
epoch=14 loss_total=0.837325 loss_rec=0.633635 valid_auc=0.679342 valid_rmse=0.475729 q_change=57 q_delta=0.361904 q_grad=0.001195
epoch=15 loss_total=0.832729 loss_rec=0.630311 valid_auc=0.679989 valid_rmse=0.473773 q_change=57 q_delta=0.364635 q_grad=0.001298
epoch=16 loss_total=0.832778 loss_rec=0.631368 valid_auc=0.682478 valid_rmse=0.473771 q_change=57 q_delta=0.366486 q_grad=0.001436
epoch=17 loss_total=0.829260 loss_rec=0.628795 valid_auc=0.681038 valid_rmse=0.474070 q_change=57 q_delta=0.368223 q_grad=0.001405
epoch=18 loss_total=0.822621 loss_rec=0.622826 valid_auc=0.683337 valid_rmse=0.473147 q_change=57 q_delta=0.369823 q_grad=0.001466
epoch=19 loss_total=0.821111 loss_rec=0.622095 valid_auc=0.683783 valid_rmse=0.474391 q_change=57 q_delta=0.371321 q_grad=0.001587
epoch=20 loss_total=0.818921 loss_rec=0.620383 valid_auc=0.686652 valid_rmse=0.472277 q_change=57 q_delta=0.372626 q_grad=0.001681
epoch=21 loss_total=0.814513 loss_rec=0.616458 valid_auc=0.686775 valid_rmse=0.474425 q_change=57 q_delta=0.373412 q_grad=0.001613
epoch=22 loss_total=0.812832 loss_rec=0.615105 valid_auc=0.687087 valid_rmse=0.473384 q_change=56 q_delta=0.374229 q_grad=0.001758
epoch=23 loss_total=0.810231 loss_rec=0.612806 valid_auc=0.685022 valid_rmse=0.473049 q_change=56 q_delta=0.375492 q_grad=0.001741
epoch=24 loss_total=0.805626 loss_rec=0.608482 valid_auc=0.683772 valid_rmse=0.473840 q_change=56 q_delta=0.376646 q_grad=0.001769
epoch=25 loss_total=0.807596 loss_rec=0.610691 valid_auc=0.684353 valid_rmse=0.473787 q_change=56 q_delta=0.377587 q_grad=0.001897
epoch=26 loss_total=0.805008 loss_rec=0.608318 valid_auc=0.686083 valid_rmse=0.474518 q_change=56 q_delta=0.378665 q_grad=0.001874
epoch=27 loss_total=0.801638 loss_rec=0.605020 valid_auc=0.688058 valid_rmse=0.475127 q_change=56 q_delta=0.379492 q_grad=0.001852
epoch=28 loss_total=0.804721 loss_rec=0.608347 valid_auc=0.685938 valid_rmse=0.474085 q_change=56 q_delta=0.380694 q_grad=0.001926
epoch=29 loss_total=0.798860 loss_rec=0.602672 valid_auc=0.689308 valid_rmse=0.473336 q_change=56 q_delta=0.381576 q_grad=0.001956
epoch=30 loss_total=0.798476 loss_rec=0.602339 valid_auc=0.691004 valid_rmse=0.473776 q_change=55 q_delta=0.382150 q_grad=0.001922
epoch=31 loss_total=0.794651 loss_rec=0.598416 valid_auc=0.689933 valid_rmse=0.473751 q_change=55 q_delta=0.382882 q_grad=0.001958
epoch=32 loss_total=0.796643 loss_rec=0.600474 valid_auc=0.691641 valid_rmse=0.473752 q_change=54 q_delta=0.383616 q_grad=0.002009
epoch=33 loss_total=0.794627 loss_rec=0.598469 valid_auc=0.689520 valid_rmse=0.471806 q_change=53 q_delta=0.384773 q_grad=0.001994
epoch=34 loss_total=0.793715 loss_rec=0.597596 valid_auc=0.688348 valid_rmse=0.472229 q_change=53 q_delta=0.385773 q_grad=0.001977
epoch=35 loss_total=0.793625 loss_rec=0.597537 valid_auc=0.692121 valid_rmse=0.471115 q_change=53 q_delta=0.386828 q_grad=0.001957
epoch=36 loss_total=0.788273 loss_rec=0.591959 valid_auc=0.693359 valid_rmse=0.472197 q_change=52 q_delta=0.387399 q_grad=0.002034
epoch=37 loss_total=0.783569 loss_rec=0.587134 valid_auc=0.693125 valid_rmse=0.472529 q_change=52 q_delta=0.388278 q_grad=0.002037
epoch=38 loss_total=0.781885 loss_rec=0.585498 valid_auc=0.693092 valid_rmse=0.474454 q_change=52 q_delta=0.389182 q_grad=0.002149
epoch=39 loss_total=0.783081 loss_rec=0.586614 valid_auc=0.692567 valid_rmse=0.471750 q_change=51 q_delta=0.390334 q_grad=0.002082
epoch=40 loss_total=0.778799 loss_rec=0.582277 valid_auc=0.693393 valid_rmse=0.471993 q_change=51 q_delta=0.391050 q_grad=0.002132
epoch=41 loss_total=0.774280 loss_rec=0.577711 valid_auc=0.693772 valid_rmse=0.473117 q_change=50 q_delta=0.391816 q_grad=0.002135
epoch=42 loss_total=0.776749 loss_rec=0.580040 valid_auc=0.689587 valid_rmse=0.472966 q_change=50 q_delta=0.392919 q_grad=0.002248
epoch=43 loss_total=0.771063 loss_rec=0.574169 valid_auc=0.691574 valid_rmse=0.473349 q_change=49 q_delta=0.393356 q_grad=0.002208
epoch=44 loss_total=0.771071 loss_rec=0.574128 valid_auc=0.688962 valid_rmse=0.474268 q_change=49 q_delta=0.394422 q_grad=0.002262
epoch=45 loss_total=0.765801 loss_rec=0.568811 valid_auc=0.690569 valid_rmse=0.478215 q_change=49 q_delta=0.395091 q_grad=0.002322
epoch=46 loss_total=0.765758 loss_rec=0.568618 valid_auc=0.693013 valid_rmse=0.472149 q_change=49 q_delta=0.396345 q_grad=0.002298
epoch=47 loss_total=0.762136 loss_rec=0.564915 valid_auc=0.691239 valid_rmse=0.474754 q_change=49 q_delta=0.397199 q_grad=0.002327
epoch=48 loss_total=0.758714 loss_rec=0.561413 valid_auc=0.691071 valid_rmse=0.473717 q_change=49 q_delta=0.398176 q_grad=0.002417
epoch=49 loss_total=0.755407 loss_rec=0.558050 valid_auc=0.693103 valid_rmse=0.472817 q_change=49 q_delta=0.398907 q_grad=0.002447
epoch=50 loss_total=0.749493 loss_rec=0.552021 valid_auc=0.690022 valid_rmse=0.475178 q_change=50 q_delta=0.399618 q_grad=0.002423
epoch=51 loss_total=0.748238 loss_rec=0.550796 valid_auc=0.692634 valid_rmse=0.476343 q_change=50 q_delta=0.400156 q_grad=0.002534
epoch=52 loss_total=0.749582 loss_rec=0.552111 valid_auc=0.689821 valid_rmse=0.474930 q_change=50 q_delta=0.400929 q_grad=0.002585
epoch=53 loss_total=0.749205 loss_rec=0.551657 valid_auc=0.691897 valid_rmse=0.473433 q_change=50 q_delta=0.401565 q_grad=0.002616
epoch=54 loss_total=0.740378 loss_rec=0.542762 valid_auc=0.687310 valid_rmse=0.476828 q_change=50 q_delta=0.401920 q_grad=0.002613
epoch=55 loss_total=0.736990 loss_rec=0.539394 valid_auc=0.693650 valid_rmse=0.473741 q_change=50 q_delta=0.402361 q_grad=0.002640
epoch=56 loss_total=0.736912 loss_rec=0.539274 valid_auc=0.687958 valid_rmse=0.476454 q_change=50 q_delta=0.402704 q_grad=0.002714
epoch=57 loss_total=0.734293 loss_rec=0.536616 valid_auc=0.687868 valid_rmse=0.478392 q_change=50 q_delta=0.403051 q_grad=0.002834
epoch=58 loss_total=0.728259 loss_rec=0.530596 valid_auc=0.687143 valid_rmse=0.480541 q_change=50 q_delta=0.403465 q_grad=0.002771
epoch=59 loss_total=0.728265 loss_rec=0.530726 valid_auc=0.690290 valid_rmse=0.475642 q_change=50 q_delta=0.403911 q_grad=0.002779
epoch=60 loss_total=0.726452 loss_rec=0.528966 valid_auc=0.689096 valid_rmse=0.477175 q_change=50 q_delta=0.404156 q_grad=0.002781
epoch=61 loss_total=0.723651 loss_rec=0.526091 valid_auc=0.685558 valid_rmse=0.477948 q_change=51 q_delta=0.404519 q_grad=0.002928
Early stopping at epoch 61; best_epoch=41.
Saved run to C:\Users\YAN_SHU_YU\Desktop\Generative-CD\Q_GNCDM\results\weak_q_lambda_sweep\lq_0p7_ls_0p9_lb_0p1\seed_2026\noise_0.20\weak-q_lq_0p7_ls_0p9_lb_0p1
Final metrics: q_hat_f1=0.222222 response_auc=0.689849 mastery_pearson=0.386714
