run=weak-q_lq_0p1_ls_0p4_lb_0p3 mode=weak-q noise=0.20 train=4200 valid=600 test=1200
epoch=1 loss_total=0.972618 loss_rec=0.725662 valid_auc=0.587846 valid_rmse=0.499752 q_change=57 q_delta=0.079288 q_grad=0.000428
epoch=2 loss_total=0.918977 loss_rec=0.705956 valid_auc=0.595290 valid_rmse=0.499307 q_change=57 q_delta=0.151197 q_grad=0.000414
epoch=3 loss_total=0.881548 loss_rec=0.700103 valid_auc=0.610112 valid_rmse=0.498538 q_change=57 q_delta=0.212368 q_grad=0.000392
epoch=4 loss_total=0.847811 loss_rec=0.694031 valid_auc=0.631016 valid_rmse=0.497916 q_change=57 q_delta=0.261966 q_grad=0.000359
epoch=5 loss_total=0.825373 loss_rec=0.694101 valid_auc=0.652433 valid_rmse=0.496177 q_change=57 q_delta=0.299944 q_grad=0.000329
epoch=6 loss_total=0.803319 loss_rec=0.689583 valid_auc=0.664833 valid_rmse=0.495199 q_change=57 q_delta=0.327904 q_grad=0.000307
epoch=7 loss_total=0.782364 loss_rec=0.681719 valid_auc=0.662723 valid_rmse=0.492679 q_change=57 q_delta=0.347787 q_grad=0.000310
epoch=8 loss_total=0.764866 loss_rec=0.673234 valid_auc=0.658393 valid_rmse=0.487820 q_change=57 q_delta=0.360454 q_grad=0.000373
epoch=9 loss_total=0.747240 loss_rec=0.661577 valid_auc=0.662254 valid_rmse=0.481335 q_change=57 q_delta=0.369662 q_grad=0.000506
epoch=10 loss_total=0.740944 loss_rec=0.660170 valid_auc=0.663404 valid_rmse=0.481035 q_change=57 q_delta=0.377178 q_grad=0.000610
epoch=11 loss_total=0.733775 loss_rec=0.656771 valid_auc=0.663761 valid_rmse=0.480069 q_change=57 q_delta=0.383637 q_grad=0.000716
epoch=12 loss_total=0.722090 loss_rec=0.648491 valid_auc=0.666496 valid_rmse=0.480980 q_change=57 q_delta=0.388800 q_grad=0.000782
epoch=13 loss_total=0.717302 loss_rec=0.646530 valid_auc=0.667746 valid_rmse=0.478128 q_change=57 q_delta=0.393393 q_grad=0.000801
epoch=14 loss_total=0.714299 loss_rec=0.645721 valid_auc=0.668147 valid_rmse=0.479611 q_change=57 q_delta=0.396631 q_grad=0.000898
epoch=15 loss_total=0.711273 loss_rec=0.644565 valid_auc=0.667109 valid_rmse=0.478001 q_change=57 q_delta=0.399960 q_grad=0.000955
epoch=16 loss_total=0.710492 loss_rec=0.645367 valid_auc=0.668739 valid_rmse=0.477798 q_change=57 q_delta=0.402351 q_grad=0.001062
epoch=17 loss_total=0.708255 loss_rec=0.644525 valid_auc=0.670223 valid_rmse=0.478152 q_change=57 q_delta=0.404467 q_grad=0.001044
epoch=18 loss_total=0.701790 loss_rec=0.639210 valid_auc=0.670904 valid_rmse=0.477686 q_change=57 q_delta=0.406403 q_grad=0.001092
epoch=19 loss_total=0.699386 loss_rec=0.637897 valid_auc=0.672020 valid_rmse=0.477304 q_change=57 q_delta=0.408122 q_grad=0.001180
epoch=20 loss_total=0.698102 loss_rec=0.637493 valid_auc=0.674643 valid_rmse=0.475953 q_change=57 q_delta=0.409750 q_grad=0.001290
epoch=21 loss_total=0.694553 loss_rec=0.634784 valid_auc=0.675246 valid_rmse=0.476814 q_change=57 q_delta=0.410829 q_grad=0.001254
epoch=22 loss_total=0.693402 loss_rec=0.634270 valid_auc=0.676886 valid_rmse=0.475637 q_change=57 q_delta=0.411890 q_grad=0.001381
epoch=23 loss_total=0.690205 loss_rec=0.631665 valid_auc=0.675703 valid_rmse=0.475405 q_change=57 q_delta=0.413003 q_grad=0.001405
epoch=24 loss_total=0.685518 loss_rec=0.627547 valid_auc=0.675960 valid_rmse=0.476026 q_change=57 q_delta=0.413837 q_grad=0.001472
epoch=25 loss_total=0.688166 loss_rec=0.630662 valid_auc=0.676562 valid_rmse=0.475815 q_change=57 q_delta=0.414488 q_grad=0.001617
epoch=26 loss_total=0.685938 loss_rec=0.628841 valid_auc=0.677533 valid_rmse=0.476430 q_change=57 q_delta=0.415098 q_grad=0.001625
epoch=27 loss_total=0.683817 loss_rec=0.626999 valid_auc=0.680569 valid_rmse=0.475872 q_change=57 q_delta=0.415492 q_grad=0.001639
epoch=28 loss_total=0.684935 loss_rec=0.628405 valid_auc=0.680011 valid_rmse=0.475384 q_change=57 q_delta=0.416078 q_grad=0.001740
epoch=29 loss_total=0.681492 loss_rec=0.625214 valid_auc=0.681300 valid_rmse=0.475101 q_change=57 q_delta=0.416412 q_grad=0.001801
epoch=30 loss_total=0.682547 loss_rec=0.626485 valid_auc=0.681105 valid_rmse=0.475777 q_change=57 q_delta=0.416579 q_grad=0.001788
epoch=31 loss_total=0.679045 loss_rec=0.623018 valid_auc=0.683092 valid_rmse=0.474821 q_change=57 q_delta=0.416606 q_grad=0.001834
epoch=32 loss_total=0.680166 loss_rec=0.624230 valid_auc=0.684007 valid_rmse=0.475407 q_change=57 q_delta=0.416478 q_grad=0.001903
epoch=33 loss_total=0.678386 loss_rec=0.622470 valid_auc=0.681652 valid_rmse=0.474384 q_change=56 q_delta=0.417105 q_grad=0.001888
epoch=34 loss_total=0.677597 loss_rec=0.621800 valid_auc=0.680257 valid_rmse=0.474376 q_change=56 q_delta=0.417830 q_grad=0.001918
epoch=35 loss_total=0.678501 loss_rec=0.622823 valid_auc=0.682511 valid_rmse=0.473731 q_change=56 q_delta=0.418559 q_grad=0.001903
epoch=36 loss_total=0.675148 loss_rec=0.619628 valid_auc=0.684096 valid_rmse=0.474420 q_change=56 q_delta=0.418951 q_grad=0.001938
epoch=37 loss_total=0.669400 loss_rec=0.614016 valid_auc=0.685346 valid_rmse=0.474171 q_change=56 q_delta=0.419447 q_grad=0.001970
epoch=38 loss_total=0.669262 loss_rec=0.614086 valid_auc=0.682143 valid_rmse=0.476606 q_change=56 q_delta=0.419910 q_grad=0.002090
epoch=39 loss_total=0.672414 loss_rec=0.617432 valid_auc=0.683270 valid_rmse=0.473993 q_change=56 q_delta=0.420504 q_grad=0.002021
epoch=40 loss_total=0.668757 loss_rec=0.613978 valid_auc=0.682377 valid_rmse=0.474468 q_change=56 q_delta=0.420820 q_grad=0.002067
epoch=41 loss_total=0.664805 loss_rec=0.610213 valid_auc=0.684810 valid_rmse=0.474466 q_change=56 q_delta=0.421166 q_grad=0.002076
epoch=42 loss_total=0.668995 loss_rec=0.614571 valid_auc=0.680949 valid_rmse=0.475218 q_change=56 q_delta=0.421551 q_grad=0.002133
epoch=43 loss_total=0.665160 loss_rec=0.610864 valid_auc=0.683404 valid_rmse=0.474349 q_change=56 q_delta=0.421760 q_grad=0.002069
epoch=44 loss_total=0.666206 loss_rec=0.612104 valid_auc=0.683527 valid_rmse=0.474647 q_change=56 q_delta=0.422122 q_grad=0.002147
epoch=45 loss_total=0.663957 loss_rec=0.610004 valid_auc=0.684063 valid_rmse=0.476689 q_change=56 q_delta=0.422254 q_grad=0.002168
epoch=46 loss_total=0.665392 loss_rec=0.611559 valid_auc=0.685391 valid_rmse=0.473492 q_change=56 q_delta=0.422654 q_grad=0.002106
epoch=47 loss_total=0.662865 loss_rec=0.609183 valid_auc=0.686908 valid_rmse=0.473838 q_change=56 q_delta=0.422759 q_grad=0.002132
epoch=48 loss_total=0.663532 loss_rec=0.609927 valid_auc=0.686719 valid_rmse=0.473204 q_change=56 q_delta=0.423023 q_grad=0.002182
epoch=49 loss_total=0.661557 loss_rec=0.608027 valid_auc=0.686484 valid_rmse=0.473142 q_change=56 q_delta=0.423086 q_grad=0.002200
epoch=50 loss_total=0.658139 loss_rec=0.604669 valid_auc=0.685033 valid_rmse=0.474071 q_change=56 q_delta=0.423181 q_grad=0.002096
epoch=51 loss_total=0.658314 loss_rec=0.604939 valid_auc=0.688594 valid_rmse=0.474196 q_change=56 q_delta=0.423092 q_grad=0.002226
epoch=52 loss_total=0.659343 loss_rec=0.605983 valid_auc=0.687712 valid_rmse=0.473260 q_change=56 q_delta=0.423208 q_grad=0.002246
epoch=53 loss_total=0.661266 loss_rec=0.607948 valid_auc=0.690859 valid_rmse=0.472111 q_change=56 q_delta=0.423226 q_grad=0.002223
epoch=54 loss_total=0.653392 loss_rec=0.600137 valid_auc=0.689699 valid_rmse=0.473467 q_change=56 q_delta=0.423152 q_grad=0.002188
epoch=55 loss_total=0.653210 loss_rec=0.599995 valid_auc=0.693192 valid_rmse=0.471848 q_change=55 q_delta=0.423129 q_grad=0.002221
epoch=56 loss_total=0.654286 loss_rec=0.601102 valid_auc=0.690714 valid_rmse=0.472184 q_change=55 q_delta=0.423311 q_grad=0.002266
epoch=57 loss_total=0.652782 loss_rec=0.599626 valid_auc=0.693393 valid_rmse=0.472839 q_change=55 q_delta=0.423567 q_grad=0.002333
epoch=58 loss_total=0.649247 loss_rec=0.596105 valid_auc=0.691953 valid_rmse=0.473210 q_change=55 q_delta=0.423939 q_grad=0.002282
epoch=59 loss_total=0.648738 loss_rec=0.595715 valid_auc=0.691786 valid_rmse=0.471821 q_change=54 q_delta=0.424368 q_grad=0.002272
epoch=60 loss_total=0.647619 loss_rec=0.594653 valid_auc=0.692690 valid_rmse=0.472623 q_change=54 q_delta=0.424611 q_grad=0.002328
epoch=61 loss_total=0.646471 loss_rec=0.593558 valid_auc=0.693281 valid_rmse=0.472439 q_change=54 q_delta=0.424918 q_grad=0.002358
epoch=62 loss_total=0.643969 loss_rec=0.591142 valid_auc=0.692210 valid_rmse=0.471952 q_change=54 q_delta=0.425329 q_grad=0.002310
epoch=63 loss_total=0.645396 loss_rec=0.592594 valid_auc=0.690781 valid_rmse=0.472942 q_change=54 q_delta=0.425574 q_grad=0.002347
epoch=64 loss_total=0.647651 loss_rec=0.594931 valid_auc=0.694955 valid_rmse=0.473819 q_change=54 q_delta=0.425827 q_grad=0.002425
epoch=65 loss_total=0.640924 loss_rec=0.588232 valid_auc=0.691629 valid_rmse=0.472401 q_change=54 q_delta=0.426284 q_grad=0.002312
epoch=66 loss_total=0.640953 loss_rec=0.588321 valid_auc=0.692388 valid_rmse=0.472771 q_change=54 q_delta=0.426466 q_grad=0.002471
epoch=67 loss_total=0.643105 loss_rec=0.590500 valid_auc=0.689565 valid_rmse=0.474177 q_change=54 q_delta=0.426699 q_grad=0.002464
epoch=68 loss_total=0.638566 loss_rec=0.586023 valid_auc=0.691083 valid_rmse=0.474857 q_change=54 q_delta=0.426914 q_grad=0.002490
epoch=69 loss_total=0.634742 loss_rec=0.582246 valid_auc=0.694062 valid_rmse=0.479740 q_change=54 q_delta=0.426977 q_grad=0.002594
epoch=70 loss_total=0.634442 loss_rec=0.581997 valid_auc=0.689431 valid_rmse=0.473712 q_change=54 q_delta=0.427391 q_grad=0.002597
epoch=71 loss_total=0.636130 loss_rec=0.583752 valid_auc=0.688516 valid_rmse=0.474377 q_change=54 q_delta=0.427541 q_grad=0.002602
epoch=72 loss_total=0.634576 loss_rec=0.582237 valid_auc=0.688058 valid_rmse=0.474842 q_change=54 q_delta=0.427739 q_grad=0.002638
epoch=73 loss_total=0.630881 loss_rec=0.578639 valid_auc=0.685279 valid_rmse=0.475570 q_change=54 q_delta=0.427930 q_grad=0.002703
epoch=74 loss_total=0.634732 loss_rec=0.582531 valid_auc=0.687667 valid_rmse=0.475736 q_change=54 q_delta=0.428044 q_grad=0.002656
epoch=75 loss_total=0.632208 loss_rec=0.580024 valid_auc=0.685078 valid_rmse=0.481801 q_change=54 q_delta=0.428020 q_grad=0.002676
epoch=76 loss_total=0.632170 loss_rec=0.580016 valid_auc=0.684855 valid_rmse=0.475132 q_change=54 q_delta=0.428352 q_grad=0.002653
epoch=77 loss_total=0.625830 loss_rec=0.573715 valid_auc=0.685882 valid_rmse=0.478400 q_change=54 q_delta=0.428287 q_grad=0.002671
epoch=78 loss_total=0.626464 loss_rec=0.574376 valid_auc=0.685435 valid_rmse=0.477138 q_change=54 q_delta=0.428416 q_grad=0.002875
epoch=79 loss_total=0.625730 loss_rec=0.573707 valid_auc=0.684018 valid_rmse=0.476386 q_change=54 q_delta=0.428588 q_grad=0.002931
epoch=80 loss_total=0.625385 loss_rec=0.573388 valid_auc=0.684185 valid_rmse=0.476098 q_change=54 q_delta=0.428667 q_grad=0.002846
epoch=81 loss_total=0.621990 loss_rec=0.570062 valid_auc=0.686395 valid_rmse=0.478426 q_change=54 q_delta=0.428755 q_grad=0.002914
epoch=82 loss_total=0.621967 loss_rec=0.570072 valid_auc=0.684788 valid_rmse=0.477765 q_change=54 q_delta=0.428832 q_grad=0.002966
epoch=83 loss_total=0.620817 loss_rec=0.568968 valid_auc=0.684621 valid_rmse=0.481543 q_change=54 q_delta=0.428837 q_grad=0.002930
epoch=84 loss_total=0.621129 loss_rec=0.569323 valid_auc=0.684933 valid_rmse=0.477799 q_change=54 q_delta=0.429065 q_grad=0.003023
Early stopping at epoch 84; best_epoch=64.
Saved run to C:\Users\YAN_SHU_YU\Desktop\Generative-CD\Q_GNCDM\results\weak_q_lambda_sweep\lq_0p1_ls_0p4_lb_0p3\seed_2026\noise_0.20\weak-q_lq_0p1_ls_0p4_lb_0p3
Final metrics: q_hat_f1=0.101695 response_auc=0.687183 mastery_pearson=0.328320
