run=weak-q_lq_0p7_ls_0p5_lb_0p6 mode=weak-q noise=0.20 train=4200 valid=600 test=1200
epoch=1 loss_total=1.090397 loss_rec=0.725660 valid_auc=0.587768 valid_rmse=0.499752 q_change=57 q_delta=0.078488 q_grad=0.000521
epoch=2 loss_total=1.032547 loss_rec=0.705897 valid_auc=0.594777 valid_rmse=0.499294 q_change=57 q_delta=0.146948 q_grad=0.000458
epoch=3 loss_total=0.995294 loss_rec=0.699903 valid_auc=0.608694 valid_rmse=0.498472 q_change=57 q_delta=0.203556 q_grad=0.000402
epoch=4 loss_total=0.964003 loss_rec=0.693520 valid_auc=0.629174 valid_rmse=0.497691 q_change=57 q_delta=0.248972 q_grad=0.000351
epoch=5 loss_total=0.944469 loss_rec=0.692973 valid_auc=0.650117 valid_rmse=0.495586 q_change=57 q_delta=0.283706 q_grad=0.000318
epoch=6 loss_total=0.924387 loss_rec=0.686988 valid_auc=0.663326 valid_rmse=0.493691 q_change=57 q_delta=0.309012 q_grad=0.000308
epoch=7 loss_total=0.902998 loss_rec=0.675546 valid_auc=0.662433 valid_rmse=0.489214 q_change=57 q_delta=0.326213 q_grad=0.000344
epoch=8 loss_total=0.883784 loss_rec=0.662576 valid_auc=0.660458 valid_rmse=0.483556 q_change=57 q_delta=0.336612 q_grad=0.000479
epoch=9 loss_total=0.868138 loss_rec=0.651165 valid_auc=0.667154 valid_rmse=0.478379 q_change=57 q_delta=0.345152 q_grad=0.000654
epoch=10 loss_total=0.864977 loss_rec=0.651765 valid_auc=0.669542 valid_rmse=0.478410 q_change=57 q_delta=0.351899 q_grad=0.000760
epoch=11 loss_total=0.858850 loss_rec=0.648345 valid_auc=0.671875 valid_rmse=0.477013 q_change=57 q_delta=0.357528 q_grad=0.000888
epoch=12 loss_total=0.847142 loss_rec=0.638987 valid_auc=0.674922 valid_rmse=0.477557 q_change=57 q_delta=0.361598 q_grad=0.000979
epoch=13 loss_total=0.842118 loss_rec=0.635836 valid_auc=0.677444 valid_rmse=0.474801 q_change=57 q_delta=0.365222 q_grad=0.001033
epoch=14 loss_total=0.839712 loss_rec=0.634769 valid_auc=0.678873 valid_rmse=0.475930 q_change=57 q_delta=0.367292 q_grad=0.001168
epoch=15 loss_total=0.835474 loss_rec=0.631574 valid_auc=0.679632 valid_rmse=0.474025 q_change=57 q_delta=0.369456 q_grad=0.001270
epoch=16 loss_total=0.835144 loss_rec=0.632048 valid_auc=0.683225 valid_rmse=0.473655 q_change=57 q_delta=0.370521 q_grad=0.001417
epoch=17 loss_total=0.831461 loss_rec=0.629021 valid_auc=0.683382 valid_rmse=0.473558 q_change=57 q_delta=0.371460 q_grad=0.001401
epoch=18 loss_total=0.823985 loss_rec=0.621952 valid_auc=0.684643 valid_rmse=0.472907 q_change=56 q_delta=0.372515 q_grad=0.001475
epoch=19 loss_total=0.821739 loss_rec=0.620217 valid_auc=0.685536 valid_rmse=0.473699 q_change=56 q_delta=0.373837 q_grad=0.001604
epoch=20 loss_total=0.818524 loss_rec=0.617270 valid_auc=0.687779 valid_rmse=0.471621 q_change=56 q_delta=0.374923 q_grad=0.001714
epoch=21 loss_total=0.813384 loss_rec=0.612456 valid_auc=0.688850 valid_rmse=0.473510 q_change=55 q_delta=0.375500 q_grad=0.001663
epoch=22 loss_total=0.810147 loss_rec=0.609437 valid_auc=0.690346 valid_rmse=0.472350 q_change=55 q_delta=0.376564 q_grad=0.001825
epoch=23 loss_total=0.806740 loss_rec=0.606291 valid_auc=0.686808 valid_rmse=0.472411 q_change=55 q_delta=0.377868 q_grad=0.001813
epoch=24 loss_total=0.801252 loss_rec=0.601114 valid_auc=0.685804 valid_rmse=0.473324 q_change=53 q_delta=0.378807 q_grad=0.001845
epoch=25 loss_total=0.801908 loss_rec=0.602076 valid_auc=0.685915 valid_rmse=0.473455 q_change=52 q_delta=0.379508 q_grad=0.001980
epoch=26 loss_total=0.799002 loss_rec=0.599404 valid_auc=0.687891 valid_rmse=0.474120 q_change=52 q_delta=0.380948 q_grad=0.001965
epoch=27 loss_total=0.794826 loss_rec=0.595445 valid_auc=0.688158 valid_rmse=0.475373 q_change=52 q_delta=0.382447 q_grad=0.001938
epoch=28 loss_total=0.796987 loss_rec=0.597878 valid_auc=0.688538 valid_rmse=0.473987 q_change=52 q_delta=0.384008 q_grad=0.002014
epoch=29 loss_total=0.789790 loss_rec=0.590927 valid_auc=0.690435 valid_rmse=0.473561 q_change=52 q_delta=0.385353 q_grad=0.002044
epoch=30 loss_total=0.788706 loss_rec=0.590025 valid_auc=0.692366 valid_rmse=0.474056 q_change=52 q_delta=0.386585 q_grad=0.002020
epoch=31 loss_total=0.784456 loss_rec=0.585948 valid_auc=0.692243 valid_rmse=0.473630 q_change=52 q_delta=0.387710 q_grad=0.002056
epoch=32 loss_total=0.785099 loss_rec=0.586794 valid_auc=0.694431 valid_rmse=0.473558 q_change=52 q_delta=0.388782 q_grad=0.002110
epoch=33 loss_total=0.781785 loss_rec=0.583633 valid_auc=0.693147 valid_rmse=0.471636 q_change=52 q_delta=0.389905 q_grad=0.002109
epoch=34 loss_total=0.781062 loss_rec=0.583122 valid_auc=0.690714 valid_rmse=0.472212 q_change=52 q_delta=0.390640 q_grad=0.002114
epoch=35 loss_total=0.780104 loss_rec=0.582329 valid_auc=0.695234 valid_rmse=0.470911 q_change=51 q_delta=0.391407 q_grad=0.002102
epoch=36 loss_total=0.773171 loss_rec=0.575464 valid_auc=0.696172 valid_rmse=0.471871 q_change=51 q_delta=0.391746 q_grad=0.002186
epoch=37 loss_total=0.768522 loss_rec=0.570931 valid_auc=0.694643 valid_rmse=0.473092 q_change=51 q_delta=0.392599 q_grad=0.002196
epoch=38 loss_total=0.765040 loss_rec=0.567633 valid_auc=0.695279 valid_rmse=0.474118 q_change=51 q_delta=0.393394 q_grad=0.002317
epoch=39 loss_total=0.765162 loss_rec=0.567881 valid_auc=0.694185 valid_rmse=0.471819 q_change=51 q_delta=0.394457 q_grad=0.002268
epoch=40 loss_total=0.760725 loss_rec=0.563607 valid_auc=0.694587 valid_rmse=0.472727 q_change=51 q_delta=0.395035 q_grad=0.002334
epoch=41 loss_total=0.755137 loss_rec=0.558193 valid_auc=0.695156 valid_rmse=0.474456 q_change=50 q_delta=0.395649 q_grad=0.002353
epoch=42 loss_total=0.756626 loss_rec=0.559806 valid_auc=0.692645 valid_rmse=0.473602 q_change=50 q_delta=0.396475 q_grad=0.002477
epoch=43 loss_total=0.750601 loss_rec=0.553873 valid_auc=0.693996 valid_rmse=0.474374 q_change=50 q_delta=0.397005 q_grad=0.002457
epoch=44 loss_total=0.748546 loss_rec=0.551956 valid_auc=0.692154 valid_rmse=0.475435 q_change=50 q_delta=0.397882 q_grad=0.002542
epoch=45 loss_total=0.742951 loss_rec=0.546522 valid_auc=0.692243 valid_rmse=0.479653 q_change=50 q_delta=0.398335 q_grad=0.002604
epoch=46 loss_total=0.742829 loss_rec=0.546464 valid_auc=0.695681 valid_rmse=0.473338 q_change=50 q_delta=0.399159 q_grad=0.002589
epoch=47 loss_total=0.738512 loss_rec=0.542275 valid_auc=0.692143 valid_rmse=0.476984 q_change=50 q_delta=0.399652 q_grad=0.002610
epoch=48 loss_total=0.735330 loss_rec=0.539196 valid_auc=0.692913 valid_rmse=0.475479 q_change=50 q_delta=0.400181 q_grad=0.002716
epoch=49 loss_total=0.730486 loss_rec=0.534430 valid_auc=0.694754 valid_rmse=0.474913 q_change=50 q_delta=0.400497 q_grad=0.002732
epoch=50 loss_total=0.725968 loss_rec=0.529986 valid_auc=0.691853 valid_rmse=0.477576 q_change=50 q_delta=0.400905 q_grad=0.002739
epoch=51 loss_total=0.724162 loss_rec=0.528310 valid_auc=0.694375 valid_rmse=0.478772 q_change=50 q_delta=0.401122 q_grad=0.002828
epoch=52 loss_total=0.725000 loss_rec=0.529250 valid_auc=0.693270 valid_rmse=0.476941 q_change=50 q_delta=0.401647 q_grad=0.002878
epoch=53 loss_total=0.725441 loss_rec=0.529747 valid_auc=0.693471 valid_rmse=0.476269 q_change=50 q_delta=0.401908 q_grad=0.002915
epoch=54 loss_total=0.717113 loss_rec=0.521491 valid_auc=0.689297 valid_rmse=0.479145 q_change=50 q_delta=0.402016 q_grad=0.002929
epoch=55 loss_total=0.712762 loss_rec=0.517210 valid_auc=0.695279 valid_rmse=0.476064 q_change=50 q_delta=0.402275 q_grad=0.002907
epoch=56 loss_total=0.712470 loss_rec=0.516970 valid_auc=0.689810 valid_rmse=0.478827 q_change=50 q_delta=0.402429 q_grad=0.003005
Early stopping at epoch 56; best_epoch=36.
Saved run to C:\Users\YAN_SHU_YU\Desktop\Generative-CD\Q_GNCDM\results\weak_q_lambda_sweep\lq_0p7_ls_0p5_lb_0p6\seed_2026\noise_0.20\weak-q_lq_0p7_ls_0p5_lb_0p6
Final metrics: q_hat_f1=0.193548 response_auc=0.690980 mastery_pearson=0.401153
