run=weak-q_lq_0p2_ls_0p4_lb_0p2 mode=weak-q noise=0.20 train=4200 valid=600 test=1200
epoch=1 loss_total=0.948585 loss_rec=0.725657 valid_auc=0.587902 valid_rmse=0.499748 q_change=57 q_delta=0.078384 q_grad=0.000407
epoch=2 loss_total=0.898436 loss_rec=0.705872 valid_auc=0.595681 valid_rmse=0.499270 q_change=57 q_delta=0.147087 q_grad=0.000367
epoch=3 loss_total=0.866626 loss_rec=0.699813 valid_auc=0.611116 valid_rmse=0.498397 q_change=57 q_delta=0.204129 q_grad=0.000333
epoch=4 loss_total=0.839004 loss_rec=0.693303 valid_auc=0.633906 valid_rmse=0.497525 q_change=57 q_delta=0.249944 q_grad=0.000300
epoch=5 loss_total=0.821892 loss_rec=0.692498 valid_auc=0.655558 valid_rmse=0.495232 q_change=57 q_delta=0.284535 q_grad=0.000286
epoch=6 loss_total=0.803142 loss_rec=0.685799 valid_auc=0.666696 valid_rmse=0.492819 q_change=57 q_delta=0.308941 q_grad=0.000295
epoch=7 loss_total=0.781651 loss_rec=0.672577 valid_auc=0.664464 valid_rmse=0.487384 q_change=57 q_delta=0.324672 q_grad=0.000357
epoch=8 loss_total=0.762834 loss_rec=0.658740 valid_auc=0.662087 valid_rmse=0.482091 q_change=57 q_delta=0.334185 q_grad=0.000523
epoch=9 loss_total=0.749126 loss_rec=0.648599 valid_auc=0.670089 valid_rmse=0.477621 q_change=57 q_delta=0.342529 q_grad=0.000702
epoch=10 loss_total=0.747556 loss_rec=0.650259 valid_auc=0.671138 valid_rmse=0.477955 q_change=57 q_delta=0.349023 q_grad=0.000799
epoch=11 loss_total=0.742162 loss_rec=0.647132 valid_auc=0.672321 valid_rmse=0.476775 q_change=57 q_delta=0.354457 q_grad=0.000928
epoch=12 loss_total=0.731350 loss_rec=0.638310 valid_auc=0.675201 valid_rmse=0.477429 q_change=57 q_delta=0.358400 q_grad=0.001016
epoch=13 loss_total=0.726785 loss_rec=0.635335 valid_auc=0.677098 valid_rmse=0.474909 q_change=57 q_delta=0.362062 q_grad=0.001065
epoch=14 loss_total=0.724980 loss_rec=0.634697 valid_auc=0.677411 valid_rmse=0.476255 q_change=57 q_delta=0.364216 q_grad=0.001197
epoch=15 loss_total=0.721408 loss_rec=0.632055 valid_auc=0.678036 valid_rmse=0.474557 q_change=57 q_delta=0.366614 q_grad=0.001291
epoch=16 loss_total=0.721601 loss_rec=0.632994 valid_auc=0.680335 valid_rmse=0.474330 q_change=57 q_delta=0.367929 q_grad=0.001432
epoch=17 loss_total=0.718506 loss_rec=0.630527 valid_auc=0.680792 valid_rmse=0.474318 q_change=57 q_delta=0.369154 q_grad=0.001409
epoch=18 loss_total=0.711584 loss_rec=0.624019 valid_auc=0.682054 valid_rmse=0.473876 q_change=56 q_delta=0.370123 q_grad=0.001474
epoch=19 loss_total=0.710044 loss_rec=0.622999 valid_auc=0.682266 valid_rmse=0.474410 q_change=56 q_delta=0.371842 q_grad=0.001596
epoch=20 loss_total=0.707564 loss_rec=0.620836 valid_auc=0.685190 valid_rmse=0.472671 q_change=56 q_delta=0.373354 q_grad=0.001699
epoch=21 loss_total=0.703311 loss_rec=0.616940 valid_auc=0.685569 valid_rmse=0.474173 q_change=56 q_delta=0.374263 q_grad=0.001640
epoch=22 loss_total=0.700895 loss_rec=0.614772 valid_auc=0.686562 valid_rmse=0.473166 q_change=56 q_delta=0.375156 q_grad=0.001798
epoch=23 loss_total=0.698105 loss_rec=0.612259 valid_auc=0.684118 valid_rmse=0.473113 q_change=56 q_delta=0.376292 q_grad=0.001785
epoch=24 loss_total=0.693228 loss_rec=0.607661 valid_auc=0.683158 valid_rmse=0.473912 q_change=55 q_delta=0.377094 q_grad=0.001818
epoch=25 loss_total=0.694643 loss_rec=0.609422 valid_auc=0.684141 valid_rmse=0.473957 q_change=55 q_delta=0.377864 q_grad=0.001951
epoch=26 loss_total=0.692246 loss_rec=0.607277 valid_auc=0.685815 valid_rmse=0.474515 q_change=55 q_delta=0.378841 q_grad=0.001930
epoch=27 loss_total=0.689021 loss_rec=0.604284 valid_auc=0.686239 valid_rmse=0.475072 q_change=55 q_delta=0.379638 q_grad=0.001902
epoch=28 loss_total=0.691583 loss_rec=0.607152 valid_auc=0.685748 valid_rmse=0.474452 q_change=55 q_delta=0.380687 q_grad=0.001972
epoch=29 loss_total=0.685747 loss_rec=0.601619 valid_auc=0.688259 valid_rmse=0.473553 q_change=54 q_delta=0.381525 q_grad=0.001994
epoch=30 loss_total=0.685425 loss_rec=0.601509 valid_auc=0.690658 valid_rmse=0.474051 q_change=53 q_delta=0.382191 q_grad=0.001958
epoch=31 loss_total=0.681955 loss_rec=0.598223 valid_auc=0.689944 valid_rmse=0.473472 q_change=53 q_delta=0.383129 q_grad=0.001986
epoch=32 loss_total=0.683231 loss_rec=0.599722 valid_auc=0.692121 valid_rmse=0.473212 q_change=53 q_delta=0.384312 q_grad=0.002031
epoch=33 loss_total=0.681137 loss_rec=0.597818 valid_auc=0.690759 valid_rmse=0.471991 q_change=53 q_delta=0.385678 q_grad=0.002018
epoch=34 loss_total=0.680926 loss_rec=0.597836 valid_auc=0.689129 valid_rmse=0.472272 q_change=53 q_delta=0.386626 q_grad=0.002006
epoch=35 loss_total=0.680629 loss_rec=0.597735 valid_auc=0.692467 valid_rmse=0.471205 q_change=52 q_delta=0.387537 q_grad=0.001978
epoch=36 loss_total=0.675766 loss_rec=0.592962 valid_auc=0.693616 valid_rmse=0.472078 q_change=52 q_delta=0.388013 q_grad=0.002053
epoch=37 loss_total=0.671037 loss_rec=0.588354 valid_auc=0.693549 valid_rmse=0.472444 q_change=52 q_delta=0.388787 q_grad=0.002062
epoch=38 loss_total=0.669520 loss_rec=0.587008 valid_auc=0.693069 valid_rmse=0.473969 q_change=52 q_delta=0.389512 q_grad=0.002166
epoch=39 loss_total=0.671210 loss_rec=0.588843 valid_auc=0.692891 valid_rmse=0.471482 q_change=52 q_delta=0.390384 q_grad=0.002101
epoch=40 loss_total=0.666813 loss_rec=0.584626 valid_auc=0.693114 valid_rmse=0.472234 q_change=51 q_delta=0.390939 q_grad=0.002153
epoch=41 loss_total=0.662884 loss_rec=0.580858 valid_auc=0.694397 valid_rmse=0.472893 q_change=51 q_delta=0.391791 q_grad=0.002149
epoch=42 loss_total=0.664780 loss_rec=0.582861 valid_auc=0.690446 valid_rmse=0.473015 q_change=51 q_delta=0.392943 q_grad=0.002272
epoch=43 loss_total=0.659609 loss_rec=0.577774 valid_auc=0.691551 valid_rmse=0.473623 q_change=51 q_delta=0.393560 q_grad=0.002242
epoch=44 loss_total=0.659598 loss_rec=0.577910 valid_auc=0.690558 valid_rmse=0.474417 q_change=51 q_delta=0.394413 q_grad=0.002304
epoch=45 loss_total=0.654697 loss_rec=0.573150 valid_auc=0.691038 valid_rmse=0.477407 q_change=52 q_delta=0.394858 q_grad=0.002340
epoch=46 loss_total=0.654624 loss_rec=0.573136 valid_auc=0.692779 valid_rmse=0.472675 q_change=52 q_delta=0.395809 q_grad=0.002327
epoch=47 loss_total=0.651141 loss_rec=0.569808 valid_auc=0.692500 valid_rmse=0.474865 q_change=52 q_delta=0.396265 q_grad=0.002338
epoch=48 loss_total=0.648054 loss_rec=0.566794 valid_auc=0.690804 valid_rmse=0.473897 q_change=51 q_delta=0.396841 q_grad=0.002448
epoch=49 loss_total=0.644118 loss_rec=0.562928 valid_auc=0.692690 valid_rmse=0.473542 q_change=51 q_delta=0.397294 q_grad=0.002482
epoch=50 loss_total=0.639024 loss_rec=0.557929 valid_auc=0.690949 valid_rmse=0.475460 q_change=51 q_delta=0.397961 q_grad=0.002437
epoch=51 loss_total=0.637727 loss_rec=0.556742 valid_auc=0.693136 valid_rmse=0.477110 q_change=51 q_delta=0.398460 q_grad=0.002562
epoch=52 loss_total=0.637783 loss_rec=0.556899 valid_auc=0.692148 valid_rmse=0.474895 q_change=50 q_delta=0.399274 q_grad=0.002596
epoch=53 loss_total=0.637235 loss_rec=0.556401 valid_auc=0.693092 valid_rmse=0.474339 q_change=50 q_delta=0.399913 q_grad=0.002636
epoch=54 loss_total=0.628414 loss_rec=0.547676 valid_auc=0.689509 valid_rmse=0.476823 q_change=50 q_delta=0.400527 q_grad=0.002652
epoch=55 loss_total=0.624389 loss_rec=0.543718 valid_auc=0.695603 valid_rmse=0.473916 q_change=50 q_delta=0.401252 q_grad=0.002659
epoch=56 loss_total=0.623891 loss_rec=0.543290 valid_auc=0.691161 valid_rmse=0.476009 q_change=50 q_delta=0.401882 q_grad=0.002747
epoch=57 loss_total=0.620920 loss_rec=0.540393 valid_auc=0.691306 valid_rmse=0.478089 q_change=50 q_delta=0.402467 q_grad=0.002858
epoch=58 loss_total=0.614202 loss_rec=0.533759 valid_auc=0.690402 valid_rmse=0.480646 q_change=50 q_delta=0.402967 q_grad=0.002823
epoch=59 loss_total=0.614181 loss_rec=0.533890 valid_auc=0.692567 valid_rmse=0.475903 q_change=50 q_delta=0.403674 q_grad=0.002805
epoch=60 loss_total=0.611888 loss_rec=0.531659 valid_auc=0.693616 valid_rmse=0.476629 q_change=50 q_delta=0.404029 q_grad=0.002827
epoch=61 loss_total=0.608134 loss_rec=0.527937 valid_auc=0.691607 valid_rmse=0.476899 q_change=50 q_delta=0.404452 q_grad=0.002978
epoch=62 loss_total=0.604480 loss_rec=0.524430 valid_auc=0.692712 valid_rmse=0.477156 q_change=50 q_delta=0.404851 q_grad=0.002901
epoch=63 loss_total=0.603369 loss_rec=0.523365 valid_auc=0.689107 valid_rmse=0.478441 q_change=50 q_delta=0.405123 q_grad=0.003029
epoch=64 loss_total=0.603361 loss_rec=0.523417 valid_auc=0.692143 valid_rmse=0.480749 q_change=50 q_delta=0.405216 q_grad=0.003042
epoch=65 loss_total=0.597935 loss_rec=0.518031 valid_auc=0.691507 valid_rmse=0.477962 q_change=50 q_delta=0.405658 q_grad=0.002908
epoch=66 loss_total=0.598561 loss_rec=0.518730 valid_auc=0.690290 valid_rmse=0.479097 q_change=50 q_delta=0.405817 q_grad=0.003132
epoch=67 loss_total=0.598764 loss_rec=0.518977 valid_auc=0.689565 valid_rmse=0.480192 q_change=50 q_delta=0.405990 q_grad=0.003163
epoch=68 loss_total=0.590836 loss_rec=0.511116 valid_auc=0.689297 valid_rmse=0.484114 q_change=50 q_delta=0.406033 q_grad=0.003054
epoch=69 loss_total=0.588137 loss_rec=0.508443 valid_auc=0.691473 valid_rmse=0.486658 q_change=50 q_delta=0.406179 q_grad=0.003217
epoch=70 loss_total=0.585329 loss_rec=0.505681 valid_auc=0.688092 valid_rmse=0.480813 q_change=50 q_delta=0.406513 q_grad=0.003284
epoch=71 loss_total=0.586161 loss_rec=0.506585 valid_auc=0.690391 valid_rmse=0.480264 q_change=50 q_delta=0.406614 q_grad=0.003225
epoch=72 loss_total=0.584276 loss_rec=0.504708 valid_auc=0.689308 valid_rmse=0.480509 q_change=50 q_delta=0.406789 q_grad=0.003277
epoch=73 loss_total=0.578472 loss_rec=0.498942 valid_auc=0.685670 valid_rmse=0.482493 q_change=50 q_delta=0.406901 q_grad=0.003298
epoch=74 loss_total=0.584938 loss_rec=0.505454 valid_auc=0.687176 valid_rmse=0.482251 q_change=50 q_delta=0.407052 q_grad=0.003247
epoch=75 loss_total=0.581446 loss_rec=0.501959 valid_auc=0.686183 valid_rmse=0.489066 q_change=50 q_delta=0.406920 q_grad=0.003256
Early stopping at epoch 75; best_epoch=55.
Saved run to C:\Users\YAN_SHU_YU\Desktop\Generative-CD\Q_GNCDM\results\weak_q_lambda_sweep\lq_0p2_ls_0p4_lb_0p2\seed_2026\noise_0.20\weak-q_lq_0p2_ls_0p4_lb_0p2
Final metrics: q_hat_f1=0.222222 response_auc=0.686713 mastery_pearson=0.406940
