run=weak-q_lq_0p4_ls_0p8_lb_0p05 mode=weak-q noise=0.20 train=4200 valid=600 test=1200
epoch=1 loss_total=1.086211 loss_rec=0.725662 valid_auc=0.587556 valid_rmse=0.499756 q_change=57 q_delta=0.078505 q_grad=0.000777
epoch=2 loss_total=1.011211 loss_rec=0.705920 valid_auc=0.593605 valid_rmse=0.499324 q_change=57 q_delta=0.146444 q_grad=0.000664
epoch=3 loss_total=0.961830 loss_rec=0.699992 valid_auc=0.605089 valid_rmse=0.498559 q_change=57 q_delta=0.202244 q_grad=0.000561
epoch=4 loss_total=0.922270 loss_rec=0.693730 valid_auc=0.622081 valid_rmse=0.497873 q_change=57 q_delta=0.246899 q_grad=0.000471
epoch=5 loss_total=0.897139 loss_rec=0.693431 valid_auc=0.642578 valid_rmse=0.495946 q_change=57 q_delta=0.281558 q_grad=0.000401
epoch=6 loss_total=0.873422 loss_rec=0.688090 valid_auc=0.657913 valid_rmse=0.494529 q_change=57 q_delta=0.307776 q_grad=0.000358
epoch=7 loss_total=0.850438 loss_rec=0.678405 valid_auc=0.659230 valid_rmse=0.491145 q_change=57 q_delta=0.326887 q_grad=0.000358
epoch=8 loss_total=0.830435 loss_rec=0.667356 valid_auc=0.656395 valid_rmse=0.485868 q_change=57 q_delta=0.339498 q_grad=0.000443
epoch=9 loss_total=0.812535 loss_rec=0.655486 valid_auc=0.664408 valid_rmse=0.479722 q_change=57 q_delta=0.349283 q_grad=0.000599
epoch=10 loss_total=0.806763 loss_rec=0.654791 valid_auc=0.666417 valid_rmse=0.479393 q_change=57 q_delta=0.357251 q_grad=0.000705
epoch=11 loss_total=0.799491 loss_rec=0.651318 valid_auc=0.668783 valid_rmse=0.478140 q_change=57 q_delta=0.364006 q_grad=0.000828
epoch=12 loss_total=0.786908 loss_rec=0.642091 valid_auc=0.671975 valid_rmse=0.478798 q_change=57 q_delta=0.369231 q_grad=0.000914
epoch=13 loss_total=0.781669 loss_rec=0.639565 valid_auc=0.674420 valid_rmse=0.475720 q_change=57 q_delta=0.373826 q_grad=0.000957
epoch=14 loss_total=0.778859 loss_rec=0.638783 valid_auc=0.675067 valid_rmse=0.477051 q_change=57 q_delta=0.376988 q_grad=0.001080
epoch=15 loss_total=0.774663 loss_rec=0.636278 valid_auc=0.676373 valid_rmse=0.475181 q_change=57 q_delta=0.380141 q_grad=0.001173
epoch=16 loss_total=0.774224 loss_rec=0.637202 valid_auc=0.679286 valid_rmse=0.475000 q_change=57 q_delta=0.382336 q_grad=0.001307
epoch=17 loss_total=0.771063 loss_rec=0.635277 valid_auc=0.679263 valid_rmse=0.475158 q_change=57 q_delta=0.384312 q_grad=0.001291
epoch=18 loss_total=0.764206 loss_rec=0.629351 valid_auc=0.681250 valid_rmse=0.474135 q_change=57 q_delta=0.386094 q_grad=0.001358
epoch=19 loss_total=0.762307 loss_rec=0.628422 valid_auc=0.681641 valid_rmse=0.474985 q_change=57 q_delta=0.387657 q_grad=0.001477
epoch=20 loss_total=0.760401 loss_rec=0.627180 valid_auc=0.683917 valid_rmse=0.473060 q_change=57 q_delta=0.389028 q_grad=0.001587
epoch=21 loss_total=0.756140 loss_rec=0.623557 valid_auc=0.683906 valid_rmse=0.474829 q_change=57 q_delta=0.389816 q_grad=0.001536
epoch=22 loss_total=0.754453 loss_rec=0.622278 valid_auc=0.685413 valid_rmse=0.473424 q_change=57 q_delta=0.390528 q_grad=0.001686
epoch=23 loss_total=0.751431 loss_rec=0.619626 valid_auc=0.682712 valid_rmse=0.473149 q_change=57 q_delta=0.391511 q_grad=0.001689
epoch=24 loss_total=0.746623 loss_rec=0.615138 valid_auc=0.682277 valid_rmse=0.473762 q_change=56 q_delta=0.392139 q_grad=0.001728
epoch=25 loss_total=0.748848 loss_rec=0.617639 valid_auc=0.683136 valid_rmse=0.473632 q_change=56 q_delta=0.392833 q_grad=0.001873
epoch=26 loss_total=0.746201 loss_rec=0.615224 valid_auc=0.685257 valid_rmse=0.474502 q_change=56 q_delta=0.393862 q_grad=0.001853
epoch=27 loss_total=0.742974 loss_rec=0.612123 valid_auc=0.686942 valid_rmse=0.474923 q_change=56 q_delta=0.394650 q_grad=0.001838
epoch=28 loss_total=0.745797 loss_rec=0.615223 valid_auc=0.686172 valid_rmse=0.473997 q_change=56 q_delta=0.395832 q_grad=0.001914
epoch=29 loss_total=0.740390 loss_rec=0.610072 valid_auc=0.689420 valid_rmse=0.473203 q_change=56 q_delta=0.396652 q_grad=0.001945
epoch=30 loss_total=0.740433 loss_rec=0.610269 valid_auc=0.690748 valid_rmse=0.473451 q_change=56 q_delta=0.397212 q_grad=0.001903
epoch=31 loss_total=0.736770 loss_rec=0.606648 valid_auc=0.690949 valid_rmse=0.473327 q_change=56 q_delta=0.397847 q_grad=0.001937
epoch=32 loss_total=0.738787 loss_rec=0.608824 valid_auc=0.692288 valid_rmse=0.473559 q_change=56 q_delta=0.398382 q_grad=0.001986
epoch=33 loss_total=0.737235 loss_rec=0.607387 valid_auc=0.690301 valid_rmse=0.471776 q_change=56 q_delta=0.399207 q_grad=0.001962
epoch=34 loss_total=0.736405 loss_rec=0.606718 valid_auc=0.689554 valid_rmse=0.471953 q_change=56 q_delta=0.399722 q_grad=0.001944
epoch=35 loss_total=0.736494 loss_rec=0.606964 valid_auc=0.692801 valid_rmse=0.470977 q_change=55 q_delta=0.400187 q_grad=0.001915
epoch=36 loss_total=0.732401 loss_rec=0.602795 valid_auc=0.693962 valid_rmse=0.472034 q_change=54 q_delta=0.400491 q_grad=0.001984
epoch=37 loss_total=0.727380 loss_rec=0.597789 valid_auc=0.693929 valid_rmse=0.471920 q_change=54 q_delta=0.401200 q_grad=0.001984
epoch=38 loss_total=0.726604 loss_rec=0.597177 valid_auc=0.693415 valid_rmse=0.474009 q_change=54 q_delta=0.401910 q_grad=0.002089
epoch=39 loss_total=0.728641 loss_rec=0.599275 valid_auc=0.693304 valid_rmse=0.471191 q_change=54 q_delta=0.402755 q_grad=0.002014
epoch=40 loss_total=0.724448 loss_rec=0.595181 valid_auc=0.693661 valid_rmse=0.471496 q_change=54 q_delta=0.403384 q_grad=0.002056
epoch=41 loss_total=0.720743 loss_rec=0.591565 valid_auc=0.694877 valid_rmse=0.472127 q_change=54 q_delta=0.403958 q_grad=0.002047
epoch=42 loss_total=0.723874 loss_rec=0.594688 valid_auc=0.690949 valid_rmse=0.472269 q_change=53 q_delta=0.404587 q_grad=0.002154
epoch=43 loss_total=0.718916 loss_rec=0.589670 valid_auc=0.691562 valid_rmse=0.472555 q_change=53 q_delta=0.405001 q_grad=0.002101
epoch=44 loss_total=0.719981 loss_rec=0.590815 valid_auc=0.689799 valid_rmse=0.473269 q_change=53 q_delta=0.405903 q_grad=0.002153
epoch=45 loss_total=0.715689 loss_rec=0.586597 valid_auc=0.692187 valid_rmse=0.476397 q_change=53 q_delta=0.406439 q_grad=0.002197
epoch=46 loss_total=0.716237 loss_rec=0.587094 valid_auc=0.693404 valid_rmse=0.471430 q_change=52 q_delta=0.407367 q_grad=0.002162
epoch=47 loss_total=0.713124 loss_rec=0.584039 valid_auc=0.693304 valid_rmse=0.473152 q_change=52 q_delta=0.407941 q_grad=0.002177
epoch=48 loss_total=0.710776 loss_rec=0.581667 valid_auc=0.692500 valid_rmse=0.472302 q_change=52 q_delta=0.408662 q_grad=0.002262
epoch=49 loss_total=0.708143 loss_rec=0.579016 valid_auc=0.693058 valid_rmse=0.472216 q_change=52 q_delta=0.409200 q_grad=0.002294
epoch=50 loss_total=0.703037 loss_rec=0.573863 valid_auc=0.690413 valid_rmse=0.473750 q_change=51 q_delta=0.409691 q_grad=0.002220
epoch=51 loss_total=0.702665 loss_rec=0.573502 valid_auc=0.693092 valid_rmse=0.475692 q_change=51 q_delta=0.410047 q_grad=0.002353
epoch=52 loss_total=0.703788 loss_rec=0.574625 valid_auc=0.691306 valid_rmse=0.473541 q_change=51 q_delta=0.410896 q_grad=0.002371
epoch=53 loss_total=0.703521 loss_rec=0.574302 valid_auc=0.693549 valid_rmse=0.472934 q_change=51 q_delta=0.411744 q_grad=0.002392
epoch=54 loss_total=0.694720 loss_rec=0.565447 valid_auc=0.689464 valid_rmse=0.475292 q_change=51 q_delta=0.412331 q_grad=0.002388
epoch=55 loss_total=0.692536 loss_rec=0.563284 valid_auc=0.695268 valid_rmse=0.472582 q_change=51 q_delta=0.413033 q_grad=0.002428
epoch=56 loss_total=0.692810 loss_rec=0.563507 valid_auc=0.690681 valid_rmse=0.474100 q_change=51 q_delta=0.413591 q_grad=0.002485
epoch=57 loss_total=0.689397 loss_rec=0.560053 valid_auc=0.691217 valid_rmse=0.476249 q_change=50 q_delta=0.414044 q_grad=0.002608
epoch=58 loss_total=0.683996 loss_rec=0.554620 valid_auc=0.689621 valid_rmse=0.478667 q_change=51 q_delta=0.414624 q_grad=0.002591
epoch=59 loss_total=0.683800 loss_rec=0.554540 valid_auc=0.690781 valid_rmse=0.473880 q_change=51 q_delta=0.415224 q_grad=0.002580
epoch=60 loss_total=0.682230 loss_rec=0.552990 valid_auc=0.692400 valid_rmse=0.474920 q_change=51 q_delta=0.415546 q_grad=0.002609
epoch=61 loss_total=0.679211 loss_rec=0.549929 valid_auc=0.690748 valid_rmse=0.474558 q_change=51 q_delta=0.416005 q_grad=0.002724
epoch=62 loss_total=0.674849 loss_rec=0.545647 valid_auc=0.690547 valid_rmse=0.475099 q_change=51 q_delta=0.416435 q_grad=0.002687
epoch=63 loss_total=0.675256 loss_rec=0.546051 valid_auc=0.687835 valid_rmse=0.475781 q_change=51 q_delta=0.416781 q_grad=0.002781
epoch=64 loss_total=0.676305 loss_rec=0.547150 valid_auc=0.692310 valid_rmse=0.478173 q_change=51 q_delta=0.416893 q_grad=0.002820
epoch=65 loss_total=0.670209 loss_rec=0.541054 valid_auc=0.690324 valid_rmse=0.475043 q_change=51 q_delta=0.417361 q_grad=0.002694
epoch=66 loss_total=0.671230 loss_rec=0.542135 valid_auc=0.690335 valid_rmse=0.475876 q_change=52 q_delta=0.417508 q_grad=0.002926
epoch=67 loss_total=0.671984 loss_rec=0.542898 valid_auc=0.688683 valid_rmse=0.476829 q_change=52 q_delta=0.417676 q_grad=0.002930
epoch=68 loss_total=0.665310 loss_rec=0.536279 valid_auc=0.689721 valid_rmse=0.480244 q_change=52 q_delta=0.417772 q_grad=0.002900
epoch=69 loss_total=0.661657 loss_rec=0.532656 valid_auc=0.692087 valid_rmse=0.482471 q_change=51 q_delta=0.417905 q_grad=0.003033
epoch=70 loss_total=0.659546 loss_rec=0.530529 valid_auc=0.688337 valid_rmse=0.476784 q_change=51 q_delta=0.418283 q_grad=0.003096
epoch=71 loss_total=0.660991 loss_rec=0.532084 valid_auc=0.690190 valid_rmse=0.475828 q_change=51 q_delta=0.418465 q_grad=0.003098
epoch=72 loss_total=0.658568 loss_rec=0.529640 valid_auc=0.688002 valid_rmse=0.476679 q_change=51 q_delta=0.418507 q_grad=0.003098
epoch=73 loss_total=0.654094 loss_rec=0.525228 valid_auc=0.685268 valid_rmse=0.478637 q_change=51 q_delta=0.418611 q_grad=0.003185
epoch=74 loss_total=0.660047 loss_rec=0.531200 valid_auc=0.686339 valid_rmse=0.478074 q_change=51 q_delta=0.418753 q_grad=0.003111
epoch=75 loss_total=0.656358 loss_rec=0.527501 valid_auc=0.684531 valid_rmse=0.484708 q_change=51 q_delta=0.418739 q_grad=0.003122
Early stopping at epoch 75; best_epoch=55.
Saved run to C:\Users\YAN_SHU_YU\Desktop\Generative-CD\Q_GNCDM\results\weak_q_lambda_sweep\lq_0p4_ls_0p8_lb_0p05\seed_2026\noise_0.20\weak-q_lq_0p4_ls_0p8_lb_0p05
Final metrics: q_hat_f1=0.193548 response_auc=0.689171 mastery_pearson=0.367694
