run=weak-q_lq_0p1_ls_0p3_lb_0p1 mode=weak-q noise=0.20 train=4200 valid=600 test=1200
epoch=1 loss_total=0.880679 loss_rec=0.725649 valid_auc=0.588276 valid_rmse=0.499740 q_change=57 q_delta=0.077497 q_grad=0.000301
epoch=2 loss_total=0.838640 loss_rec=0.705769 valid_auc=0.597790 valid_rmse=0.499200 q_change=57 q_delta=0.144198 q_grad=0.000272
epoch=3 loss_total=0.813866 loss_rec=0.699443 valid_auc=0.616713 valid_rmse=0.498159 q_change=57 q_delta=0.198673 q_grad=0.000255
epoch=4 loss_total=0.791816 loss_rec=0.692333 valid_auc=0.642600 valid_rmse=0.496899 q_change=57 q_delta=0.241790 q_grad=0.000243
epoch=5 loss_total=0.778455 loss_rec=0.690137 valid_auc=0.663248 valid_rmse=0.493660 q_change=57 q_delta=0.272658 q_grad=0.000259
epoch=6 loss_total=0.760378 loss_rec=0.679689 valid_auc=0.669615 valid_rmse=0.488835 q_change=57 q_delta=0.291857 q_grad=0.000320
epoch=7 loss_total=0.735952 loss_rec=0.659828 valid_auc=0.667545 valid_rmse=0.481709 q_change=57 q_delta=0.302685 q_grad=0.000458
epoch=8 loss_total=0.720596 loss_rec=0.647119 valid_auc=0.669386 valid_rmse=0.478944 q_change=57 q_delta=0.310603 q_grad=0.000690
epoch=9 loss_total=0.710943 loss_rec=0.639680 valid_auc=0.676172 valid_rmse=0.475364 q_change=57 q_delta=0.317435 q_grad=0.000861
epoch=10 loss_total=0.711493 loss_rec=0.642168 valid_auc=0.676629 valid_rmse=0.475993 q_change=57 q_delta=0.322216 q_grad=0.000947
epoch=11 loss_total=0.707180 loss_rec=0.639068 valid_auc=0.677857 valid_rmse=0.474749 q_change=57 q_delta=0.326317 q_grad=0.001091
epoch=12 loss_total=0.697185 loss_rec=0.630127 valid_auc=0.679900 valid_rmse=0.475334 q_change=57 q_delta=0.328909 q_grad=0.001184
epoch=13 loss_total=0.692691 loss_rec=0.626462 valid_auc=0.681217 valid_rmse=0.473583 q_change=57 q_delta=0.331648 q_grad=0.001231
epoch=14 loss_total=0.691953 loss_rec=0.626308 valid_auc=0.680725 valid_rmse=0.475111 q_change=56 q_delta=0.332892 q_grad=0.001355
epoch=15 loss_total=0.688150 loss_rec=0.622978 valid_auc=0.680614 valid_rmse=0.473688 q_change=56 q_delta=0.335180 q_grad=0.001435
epoch=16 loss_total=0.688807 loss_rec=0.624055 valid_auc=0.682835 valid_rmse=0.473766 q_change=57 q_delta=0.336816 q_grad=0.001561
epoch=17 loss_total=0.685182 loss_rec=0.620837 valid_auc=0.682121 valid_rmse=0.473804 q_change=56 q_delta=0.338396 q_grad=0.001506
epoch=18 loss_total=0.678705 loss_rec=0.614697 valid_auc=0.683170 valid_rmse=0.473851 q_change=56 q_delta=0.339992 q_grad=0.001547
epoch=19 loss_total=0.677672 loss_rec=0.614142 valid_auc=0.683393 valid_rmse=0.474470 q_change=55 q_delta=0.341575 q_grad=0.001660
epoch=20 loss_total=0.674932 loss_rec=0.611693 valid_auc=0.685871 valid_rmse=0.472928 q_change=55 q_delta=0.342948 q_grad=0.001730
epoch=21 loss_total=0.670838 loss_rec=0.607972 valid_auc=0.686317 valid_rmse=0.474200 q_change=54 q_delta=0.344330 q_grad=0.001652
epoch=22 loss_total=0.668219 loss_rec=0.605661 valid_auc=0.686183 valid_rmse=0.473885 q_change=53 q_delta=0.345811 q_grad=0.001787
epoch=23 loss_total=0.665860 loss_rec=0.603658 valid_auc=0.684129 valid_rmse=0.473775 q_change=53 q_delta=0.347954 q_grad=0.001746
epoch=24 loss_total=0.661102 loss_rec=0.599238 valid_auc=0.682991 valid_rmse=0.474764 q_change=53 q_delta=0.349793 q_grad=0.001769
epoch=25 loss_total=0.661750 loss_rec=0.600241 valid_auc=0.683393 valid_rmse=0.474792 q_change=53 q_delta=0.351600 q_grad=0.001874
epoch=26 loss_total=0.659348 loss_rec=0.598147 valid_auc=0.685379 valid_rmse=0.475029 q_change=53 q_delta=0.353296 q_grad=0.001857
epoch=27 loss_total=0.656177 loss_rec=0.595257 valid_auc=0.685781 valid_rmse=0.475824 q_change=52 q_delta=0.355124 q_grad=0.001835
epoch=28 loss_total=0.658539 loss_rec=0.597899 valid_auc=0.685156 valid_rmse=0.475134 q_change=52 q_delta=0.356900 q_grad=0.001915
epoch=29 loss_total=0.652061 loss_rec=0.591716 valid_auc=0.688125 valid_rmse=0.474352 q_change=52 q_delta=0.358605 q_grad=0.001928
epoch=30 loss_total=0.651004 loss_rec=0.590879 valid_auc=0.689922 valid_rmse=0.475165 q_change=52 q_delta=0.360141 q_grad=0.001913
epoch=31 loss_total=0.646643 loss_rec=0.586742 valid_auc=0.688996 valid_rmse=0.474532 q_change=52 q_delta=0.361783 q_grad=0.001944
epoch=32 loss_total=0.647398 loss_rec=0.587729 valid_auc=0.691105 valid_rmse=0.474122 q_change=52 q_delta=0.363346 q_grad=0.002002
epoch=33 loss_total=0.644496 loss_rec=0.585014 valid_auc=0.690112 valid_rmse=0.472778 q_change=52 q_delta=0.364878 q_grad=0.002002
epoch=34 loss_total=0.643962 loss_rec=0.584732 valid_auc=0.688304 valid_rmse=0.473138 q_change=52 q_delta=0.366018 q_grad=0.001989
epoch=35 loss_total=0.643223 loss_rec=0.584169 valid_auc=0.691563 valid_rmse=0.472133 q_change=51 q_delta=0.367228 q_grad=0.001981
epoch=36 loss_total=0.636458 loss_rec=0.577540 valid_auc=0.693270 valid_rmse=0.473056 q_change=51 q_delta=0.367987 q_grad=0.002060
epoch=37 loss_total=0.631910 loss_rec=0.573164 valid_auc=0.692645 valid_rmse=0.473926 q_change=51 q_delta=0.369148 q_grad=0.002076
epoch=38 loss_total=0.628574 loss_rec=0.569989 valid_auc=0.691585 valid_rmse=0.475229 q_change=51 q_delta=0.370194 q_grad=0.002179
epoch=39 loss_total=0.628264 loss_rec=0.569859 valid_auc=0.691038 valid_rmse=0.473128 q_change=51 q_delta=0.371703 q_grad=0.002128
epoch=40 loss_total=0.624123 loss_rec=0.565897 valid_auc=0.690882 valid_rmse=0.473876 q_change=51 q_delta=0.372622 q_grad=0.002190
epoch=41 loss_total=0.618341 loss_rec=0.560287 valid_auc=0.693080 valid_rmse=0.475035 q_change=50 q_delta=0.373522 q_grad=0.002201
epoch=42 loss_total=0.619428 loss_rec=0.561529 valid_auc=0.688984 valid_rmse=0.474952 q_change=50 q_delta=0.374584 q_grad=0.002331
epoch=43 loss_total=0.613301 loss_rec=0.555544 valid_auc=0.691083 valid_rmse=0.475775 q_change=50 q_delta=0.375354 q_grad=0.002300
epoch=44 loss_total=0.610952 loss_rec=0.553349 valid_auc=0.688962 valid_rmse=0.476816 q_change=50 q_delta=0.376176 q_grad=0.002369
epoch=45 loss_total=0.605194 loss_rec=0.547749 valid_auc=0.688538 valid_rmse=0.480792 q_change=50 q_delta=0.376630 q_grad=0.002415
epoch=46 loss_total=0.604592 loss_rec=0.547234 valid_auc=0.691730 valid_rmse=0.475437 q_change=50 q_delta=0.377726 q_grad=0.002395
epoch=47 loss_total=0.600301 loss_rec=0.543104 valid_auc=0.687723 valid_rmse=0.478786 q_change=49 q_delta=0.378278 q_grad=0.002413
epoch=48 loss_total=0.596302 loss_rec=0.539212 valid_auc=0.687734 valid_rmse=0.477803 q_change=48 q_delta=0.378947 q_grad=0.002512
epoch=49 loss_total=0.590909 loss_rec=0.533924 valid_auc=0.689241 valid_rmse=0.477119 q_change=47 q_delta=0.379419 q_grad=0.002525
epoch=50 loss_total=0.585148 loss_rec=0.528265 valid_auc=0.686908 valid_rmse=0.480307 q_change=47 q_delta=0.379831 q_grad=0.002518
epoch=51 loss_total=0.583201 loss_rec=0.526463 valid_auc=0.687522 valid_rmse=0.481228 q_change=46 q_delta=0.380157 q_grad=0.002595
epoch=52 loss_total=0.583359 loss_rec=0.526717 valid_auc=0.687902 valid_rmse=0.479487 q_change=46 q_delta=0.380750 q_grad=0.002645
epoch=53 loss_total=0.582512 loss_rec=0.525948 valid_auc=0.687288 valid_rmse=0.479452 q_change=46 q_delta=0.381228 q_grad=0.002677
epoch=54 loss_total=0.574328 loss_rec=0.517847 valid_auc=0.683783 valid_rmse=0.482177 q_change=45 q_delta=0.381518 q_grad=0.002690
epoch=55 loss_total=0.569161 loss_rec=0.512755 valid_auc=0.688460 valid_rmse=0.479289 q_change=44 q_delta=0.382013 q_grad=0.002658
epoch=56 loss_total=0.568314 loss_rec=0.511995 valid_auc=0.683761 valid_rmse=0.481852 q_change=44 q_delta=0.382445 q_grad=0.002719
Early stopping at epoch 56; best_epoch=36.
Saved run to C:\Users\YAN_SHU_YU\Desktop\Generative-CD\Q_GNCDM\results\weak_q_lambda_sweep\lq_0p1_ls_0p3_lb_0p1\seed_2026\noise_0.20\weak-q_lq_0p1_ls_0p3_lb_0p1
Final metrics: q_hat_f1=0.218750 response_auc=0.691608 mastery_pearson=0.396496
