run=weak-q_lq_0p5_ls_0p4_lb_0p3 mode=weak-q noise=0.20 train=4200 valid=600 test=1200
epoch=1 loss_total=0.973634 loss_rec=0.725653 valid_auc=0.587958 valid_rmse=0.499745 q_change=57 q_delta=0.077469 q_grad=0.000396
epoch=2 loss_total=0.926061 loss_rec=0.705788 valid_auc=0.596094 valid_rmse=0.499232 q_change=57 q_delta=0.142727 q_grad=0.000332
epoch=3 loss_total=0.898745 loss_rec=0.699508 valid_auc=0.612232 valid_rmse=0.498248 q_change=57 q_delta=0.195013 q_grad=0.000287
epoch=4 loss_total=0.875971 loss_rec=0.692477 valid_auc=0.636038 valid_rmse=0.497074 q_change=57 q_delta=0.235957 q_grad=0.000257
epoch=5 loss_total=0.862788 loss_rec=0.690454 valid_auc=0.657411 valid_rmse=0.494007 q_change=57 q_delta=0.265562 q_grad=0.000261
epoch=6 loss_total=0.845361 loss_rec=0.680431 valid_auc=0.667344 valid_rmse=0.489521 q_change=57 q_delta=0.284364 q_grad=0.000311
epoch=7 loss_total=0.821416 loss_rec=0.660746 valid_auc=0.667545 valid_rmse=0.482243 q_change=57 q_delta=0.294647 q_grad=0.000444
epoch=8 loss_total=0.804812 loss_rec=0.646378 valid_auc=0.669565 valid_rmse=0.478943 q_change=57 q_delta=0.301297 q_grad=0.000682
epoch=9 loss_total=0.794278 loss_rec=0.637725 valid_auc=0.677924 valid_rmse=0.474729 q_change=57 q_delta=0.307061 q_grad=0.000865
epoch=10 loss_total=0.793989 loss_rec=0.639099 valid_auc=0.679163 valid_rmse=0.475187 q_change=57 q_delta=0.310843 q_grad=0.000968
epoch=11 loss_total=0.789344 loss_rec=0.635389 valid_auc=0.681998 valid_rmse=0.473436 q_change=57 q_delta=0.314073 q_grad=0.001125
epoch=12 loss_total=0.778540 loss_rec=0.625381 valid_auc=0.683884 valid_rmse=0.474250 q_change=57 q_delta=0.315835 q_grad=0.001226
epoch=13 loss_total=0.773584 loss_rec=0.621069 valid_auc=0.683828 valid_rmse=0.472719 q_change=56 q_delta=0.318129 q_grad=0.001275
epoch=14 loss_total=0.772723 loss_rec=0.620639 valid_auc=0.683348 valid_rmse=0.474365 q_change=56 q_delta=0.319494 q_grad=0.001392
epoch=15 loss_total=0.768074 loss_rec=0.616360 valid_auc=0.683962 valid_rmse=0.473118 q_change=55 q_delta=0.321831 q_grad=0.001466
epoch=16 loss_total=0.768576 loss_rec=0.617191 valid_auc=0.685156 valid_rmse=0.473505 q_change=54 q_delta=0.323572 q_grad=0.001582
epoch=17 loss_total=0.764273 loss_rec=0.613277 valid_auc=0.683906 valid_rmse=0.473509 q_change=52 q_delta=0.325971 q_grad=0.001519
epoch=18 loss_total=0.757772 loss_rec=0.607078 valid_auc=0.684821 valid_rmse=0.473412 q_change=52 q_delta=0.328329 q_grad=0.001556
epoch=19 loss_total=0.756176 loss_rec=0.605920 valid_auc=0.684420 valid_rmse=0.474418 q_change=52 q_delta=0.331076 q_grad=0.001660
epoch=20 loss_total=0.752918 loss_rec=0.602913 valid_auc=0.686775 valid_rmse=0.472769 q_change=51 q_delta=0.333903 q_grad=0.001736
epoch=21 loss_total=0.747813 loss_rec=0.598108 valid_auc=0.687924 valid_rmse=0.474111 q_change=51 q_delta=0.335879 q_grad=0.001662
epoch=22 loss_total=0.744867 loss_rec=0.595406 valid_auc=0.686786 valid_rmse=0.474001 q_change=51 q_delta=0.338004 q_grad=0.001800
epoch=23 loss_total=0.741996 loss_rec=0.592811 valid_auc=0.684900 valid_rmse=0.473956 q_change=50 q_delta=0.340418 q_grad=0.001759
epoch=24 loss_total=0.736310 loss_rec=0.587388 valid_auc=0.684107 valid_rmse=0.474915 q_change=50 q_delta=0.342383 q_grad=0.001796
epoch=25 loss_total=0.736102 loss_rec=0.587395 valid_auc=0.685156 valid_rmse=0.475046 q_change=50 q_delta=0.344340 q_grad=0.001914
epoch=26 loss_total=0.732839 loss_rec=0.584344 valid_auc=0.686830 valid_rmse=0.475213 q_change=50 q_delta=0.346306 q_grad=0.001903
epoch=27 loss_total=0.728341 loss_rec=0.580002 valid_auc=0.687143 valid_rmse=0.477004 q_change=50 q_delta=0.348079 q_grad=0.001892
epoch=28 loss_total=0.730395 loss_rec=0.582215 valid_auc=0.687746 valid_rmse=0.475516 q_change=50 q_delta=0.349821 q_grad=0.001996
epoch=29 loss_total=0.722563 loss_rec=0.574566 valid_auc=0.690078 valid_rmse=0.475061 q_change=50 q_delta=0.351243 q_grad=0.002003
epoch=30 loss_total=0.720318 loss_rec=0.572425 valid_auc=0.691808 valid_rmse=0.475951 q_change=49 q_delta=0.352471 q_grad=0.002022
epoch=31 loss_total=0.715170 loss_rec=0.567408 valid_auc=0.690402 valid_rmse=0.475874 q_change=47 q_delta=0.353847 q_grad=0.002041
epoch=32 loss_total=0.714587 loss_rec=0.566947 valid_auc=0.692578 valid_rmse=0.475518 q_change=47 q_delta=0.355333 q_grad=0.002109
epoch=33 loss_total=0.709537 loss_rec=0.561954 valid_auc=0.691540 valid_rmse=0.474076 q_change=47 q_delta=0.356732 q_grad=0.002128
epoch=34 loss_total=0.708661 loss_rec=0.561234 valid_auc=0.689967 valid_rmse=0.474351 q_change=47 q_delta=0.357984 q_grad=0.002129
epoch=35 loss_total=0.707600 loss_rec=0.560245 valid_auc=0.694464 valid_rmse=0.472863 q_change=47 q_delta=0.359274 q_grad=0.002137
epoch=36 loss_total=0.699202 loss_rec=0.551870 valid_auc=0.693493 valid_rmse=0.473699 q_change=47 q_delta=0.360177 q_grad=0.002217
epoch=37 loss_total=0.694432 loss_rec=0.547155 valid_auc=0.691127 valid_rmse=0.476394 q_change=45 q_delta=0.361155 q_grad=0.002227
epoch=38 loss_total=0.688200 loss_rec=0.541031 valid_auc=0.691574 valid_rmse=0.477000 q_change=45 q_delta=0.362141 q_grad=0.002346
epoch=39 loss_total=0.686410 loss_rec=0.539310 valid_auc=0.690725 valid_rmse=0.475685 q_change=45 q_delta=0.363493 q_grad=0.002315
epoch=40 loss_total=0.682992 loss_rec=0.535967 valid_auc=0.689978 valid_rmse=0.476995 q_change=45 q_delta=0.364207 q_grad=0.002398
epoch=41 loss_total=0.675403 loss_rec=0.528491 valid_auc=0.690067 valid_rmse=0.479431 q_change=43 q_delta=0.365024 q_grad=0.002400
epoch=42 loss_total=0.677894 loss_rec=0.531067 valid_auc=0.687801 valid_rmse=0.478202 q_change=43 q_delta=0.366031 q_grad=0.002557
epoch=43 loss_total=0.671652 loss_rec=0.524906 valid_auc=0.689487 valid_rmse=0.479172 q_change=43 q_delta=0.366603 q_grad=0.002513
epoch=44 loss_total=0.668545 loss_rec=0.521870 valid_auc=0.688114 valid_rmse=0.479264 q_change=43 q_delta=0.367418 q_grad=0.002558
epoch=45 loss_total=0.663635 loss_rec=0.517065 valid_auc=0.686685 valid_rmse=0.483653 q_change=43 q_delta=0.367932 q_grad=0.002579
epoch=46 loss_total=0.662576 loss_rec=0.516033 valid_auc=0.692132 valid_rmse=0.478408 q_change=43 q_delta=0.368951 q_grad=0.002593
epoch=47 loss_total=0.659228 loss_rec=0.512784 valid_auc=0.688069 valid_rmse=0.481850 q_change=42 q_delta=0.369814 q_grad=0.002588
epoch=48 loss_total=0.657396 loss_rec=0.511046 valid_auc=0.688304 valid_rmse=0.480816 q_change=42 q_delta=0.370757 q_grad=0.002662
epoch=49 loss_total=0.651808 loss_rec=0.505529 valid_auc=0.690190 valid_rmse=0.479332 q_change=41 q_delta=0.371207 q_grad=0.002625
epoch=50 loss_total=0.647035 loss_rec=0.500828 valid_auc=0.688783 valid_rmse=0.483374 q_change=42 q_delta=0.371947 q_grad=0.002649
epoch=51 loss_total=0.647382 loss_rec=0.501288 valid_auc=0.688984 valid_rmse=0.483744 q_change=41 q_delta=0.372598 q_grad=0.002719
epoch=52 loss_total=0.648579 loss_rec=0.502559 valid_auc=0.689219 valid_rmse=0.481785 q_change=41 q_delta=0.373377 q_grad=0.002733
epoch=53 loss_total=0.649443 loss_rec=0.503485 valid_auc=0.688449 valid_rmse=0.481264 q_change=41 q_delta=0.373854 q_grad=0.002748
epoch=54 loss_total=0.642991 loss_rec=0.497071 valid_auc=0.686150 valid_rmse=0.483564 q_change=41 q_delta=0.374491 q_grad=0.002767
epoch=55 loss_total=0.638451 loss_rec=0.492621 valid_auc=0.692913 valid_rmse=0.480017 q_change=40 q_delta=0.375184 q_grad=0.002697
Early stopping at epoch 55; best_epoch=35.
Saved run to C:\Users\YAN_SHU_YU\Desktop\Generative-CD\Q_GNCDM\results\weak_q_lambda_sweep\lq_0p5_ls_0p4_lb_0p3\seed_2026\noise_0.20\weak-q_lq_0p5_ls_0p4_lb_0p3
Final metrics: q_hat_f1=0.272727 response_auc=0.692679 mastery_pearson=0.454807
