run=weak-q_lq_0p9_ls_0p6_lb_0p6 mode=weak-q noise=0.20 train=4200 valid=600 test=1200
epoch=1 loss_total=1.134292 loss_rec=0.725659 valid_auc=0.587690 valid_rmse=0.499753 q_change=57 q_delta=0.078176 q_grad=0.000607
epoch=2 loss_total=1.071760 loss_rec=0.705879 valid_auc=0.594420 valid_rmse=0.499295 q_change=57 q_delta=0.145162 q_grad=0.000511
epoch=3 loss_total=1.032714 loss_rec=0.699842 valid_auc=0.607511 valid_rmse=0.498465 q_change=57 q_delta=0.199690 q_grad=0.000431
epoch=4 loss_total=1.001262 loss_rec=0.693351 valid_auc=0.626607 valid_rmse=0.497639 q_change=57 q_delta=0.243030 q_grad=0.000364
epoch=5 loss_total=0.982197 loss_rec=0.692574 valid_auc=0.647500 valid_rmse=0.495409 q_change=57 q_delta=0.276083 q_grad=0.000323
epoch=6 loss_total=0.962456 loss_rec=0.685999 valid_auc=0.661172 valid_rmse=0.493177 q_change=57 q_delta=0.300078 q_grad=0.000313
epoch=7 loss_total=0.940637 loss_rec=0.673179 valid_auc=0.661440 valid_rmse=0.488102 q_change=57 q_delta=0.316131 q_grad=0.000360
epoch=8 loss_total=0.921031 loss_rec=0.659001 valid_auc=0.661540 valid_rmse=0.482639 q_change=57 q_delta=0.325784 q_grad=0.000517
epoch=9 loss_total=0.906148 loss_rec=0.647853 valid_auc=0.669955 valid_rmse=0.477451 q_change=57 q_delta=0.333883 q_grad=0.000700
epoch=10 loss_total=0.903244 loss_rec=0.648292 valid_auc=0.672054 valid_rmse=0.477494 q_change=57 q_delta=0.340053 q_grad=0.000811
epoch=11 loss_total=0.897208 loss_rec=0.644559 valid_auc=0.674911 valid_rmse=0.475754 q_change=57 q_delta=0.345160 q_grad=0.000953
epoch=12 loss_total=0.885128 loss_rec=0.634448 valid_auc=0.678962 valid_rmse=0.476120 q_change=57 q_delta=0.348615 q_grad=0.001056
epoch=13 loss_total=0.879876 loss_rec=0.630738 valid_auc=0.681507 valid_rmse=0.473544 q_change=57 q_delta=0.351748 q_grad=0.001121
epoch=14 loss_total=0.877737 loss_rec=0.629644 valid_auc=0.681328 valid_rmse=0.474752 q_change=57 q_delta=0.353295 q_grad=0.001261
epoch=15 loss_total=0.872797 loss_rec=0.625480 valid_auc=0.682578 valid_rmse=0.472942 q_change=57 q_delta=0.355041 q_grad=0.001369
epoch=16 loss_total=0.872522 loss_rec=0.625781 valid_auc=0.685647 valid_rmse=0.472874 q_change=56 q_delta=0.355898 q_grad=0.001511
epoch=17 loss_total=0.868345 loss_rec=0.622133 valid_auc=0.684777 valid_rmse=0.472946 q_change=56 q_delta=0.357066 q_grad=0.001481
epoch=18 loss_total=0.861057 loss_rec=0.615180 valid_auc=0.686440 valid_rmse=0.472382 q_change=56 q_delta=0.358515 q_grad=0.001541
epoch=19 loss_total=0.858934 loss_rec=0.613541 valid_auc=0.686763 valid_rmse=0.473777 q_change=55 q_delta=0.359853 q_grad=0.001663
epoch=20 loss_total=0.855645 loss_rec=0.610495 valid_auc=0.688839 valid_rmse=0.471684 q_change=54 q_delta=0.361121 q_grad=0.001755
epoch=21 loss_total=0.850253 loss_rec=0.605405 valid_auc=0.689353 valid_rmse=0.473742 q_change=54 q_delta=0.362127 q_grad=0.001687
epoch=22 loss_total=0.847170 loss_rec=0.602526 valid_auc=0.689598 valid_rmse=0.472861 q_change=52 q_delta=0.363589 q_grad=0.001834
epoch=23 loss_total=0.843992 loss_rec=0.599586 valid_auc=0.686629 valid_rmse=0.472852 q_change=52 q_delta=0.365694 q_grad=0.001807
epoch=24 loss_total=0.838344 loss_rec=0.594210 valid_auc=0.685725 valid_rmse=0.473755 q_change=52 q_delta=0.367593 q_grad=0.001838
epoch=25 loss_total=0.838740 loss_rec=0.594812 valid_auc=0.686864 valid_rmse=0.473824 q_change=51 q_delta=0.369279 q_grad=0.001968
epoch=26 loss_total=0.835466 loss_rec=0.591723 valid_auc=0.688158 valid_rmse=0.474346 q_change=51 q_delta=0.370843 q_grad=0.001955
epoch=27 loss_total=0.830909 loss_rec=0.587297 valid_auc=0.688672 valid_rmse=0.475957 q_change=51 q_delta=0.372143 q_grad=0.001934
epoch=28 loss_total=0.833103 loss_rec=0.589689 valid_auc=0.688114 valid_rmse=0.474274 q_change=51 q_delta=0.373509 q_grad=0.002024
epoch=29 loss_total=0.825479 loss_rec=0.582237 valid_auc=0.690357 valid_rmse=0.473831 q_change=51 q_delta=0.374678 q_grad=0.002048
epoch=30 loss_total=0.823806 loss_rec=0.580668 valid_auc=0.691920 valid_rmse=0.474438 q_change=49 q_delta=0.375713 q_grad=0.002042
epoch=31 loss_total=0.819141 loss_rec=0.576093 valid_auc=0.692143 valid_rmse=0.474330 q_change=49 q_delta=0.376699 q_grad=0.002073
epoch=32 loss_total=0.819381 loss_rec=0.576453 valid_auc=0.694029 valid_rmse=0.474259 q_change=49 q_delta=0.378123 q_grad=0.002133
epoch=33 loss_total=0.815254 loss_rec=0.572376 valid_auc=0.692935 valid_rmse=0.472182 q_change=49 q_delta=0.379565 q_grad=0.002138
epoch=34 loss_total=0.814343 loss_rec=0.571606 valid_auc=0.691585 valid_rmse=0.472669 q_change=49 q_delta=0.380651 q_grad=0.002139
epoch=35 loss_total=0.813406 loss_rec=0.570757 valid_auc=0.696194 valid_rmse=0.471217 q_change=49 q_delta=0.381802 q_grad=0.002136
epoch=36 loss_total=0.805516 loss_rec=0.562865 valid_auc=0.695223 valid_rmse=0.472031 q_change=49 q_delta=0.382513 q_grad=0.002218
epoch=37 loss_total=0.801066 loss_rec=0.558447 valid_auc=0.693862 valid_rmse=0.473988 q_change=49 q_delta=0.383407 q_grad=0.002219
epoch=38 loss_total=0.796211 loss_rec=0.553733 valid_auc=0.694118 valid_rmse=0.474804 q_change=49 q_delta=0.384140 q_grad=0.002345
epoch=39 loss_total=0.795263 loss_rec=0.552844 valid_auc=0.693605 valid_rmse=0.472769 q_change=49 q_delta=0.385271 q_grad=0.002312
epoch=40 loss_total=0.791777 loss_rec=0.549436 valid_auc=0.693270 valid_rmse=0.473837 q_change=50 q_delta=0.385833 q_grad=0.002389
epoch=41 loss_total=0.784967 loss_rec=0.542750 valid_auc=0.694230 valid_rmse=0.475923 q_change=50 q_delta=0.386456 q_grad=0.002402
epoch=42 loss_total=0.787041 loss_rec=0.544900 valid_auc=0.690915 valid_rmse=0.474797 q_change=50 q_delta=0.387250 q_grad=0.002540
epoch=43 loss_total=0.780879 loss_rec=0.538791 valid_auc=0.691585 valid_rmse=0.475772 q_change=50 q_delta=0.387577 q_grad=0.002519
epoch=44 loss_total=0.778192 loss_rec=0.536196 valid_auc=0.690603 valid_rmse=0.476363 q_change=50 q_delta=0.388261 q_grad=0.002579
epoch=45 loss_total=0.772704 loss_rec=0.530830 valid_auc=0.689542 valid_rmse=0.481310 q_change=50 q_delta=0.388512 q_grad=0.002622
epoch=46 loss_total=0.772405 loss_rec=0.530549 valid_auc=0.694408 valid_rmse=0.475145 q_change=49 q_delta=0.389150 q_grad=0.002626
epoch=47 loss_total=0.768530 loss_rec=0.526755 valid_auc=0.690201 valid_rmse=0.478878 q_change=48 q_delta=0.389469 q_grad=0.002648
epoch=48 loss_total=0.765778 loss_rec=0.524100 valid_auc=0.689911 valid_rmse=0.478097 q_change=48 q_delta=0.389946 q_grad=0.002721
epoch=49 loss_total=0.760614 loss_rec=0.519008 valid_auc=0.691998 valid_rmse=0.476794 q_change=48 q_delta=0.390090 q_grad=0.002717
epoch=50 loss_total=0.756093 loss_rec=0.514538 valid_auc=0.689542 valid_rmse=0.480119 q_change=48 q_delta=0.390389 q_grad=0.002738
epoch=51 loss_total=0.755235 loss_rec=0.513814 valid_auc=0.690000 valid_rmse=0.480971 q_change=48 q_delta=0.390663 q_grad=0.002813
epoch=52 loss_total=0.756877 loss_rec=0.515542 valid_auc=0.690011 valid_rmse=0.479301 q_change=48 q_delta=0.391145 q_grad=0.002854
epoch=53 loss_total=0.757503 loss_rec=0.516225 valid_auc=0.690246 valid_rmse=0.478379 q_change=48 q_delta=0.391363 q_grad=0.002873
epoch=54 loss_total=0.750039 loss_rec=0.508794 valid_auc=0.686629 valid_rmse=0.481393 q_change=48 q_delta=0.391567 q_grad=0.002887
epoch=55 loss_total=0.745739 loss_rec=0.504596 valid_auc=0.694141 valid_rmse=0.477846 q_change=48 q_delta=0.391885 q_grad=0.002841
Early stopping at epoch 55; best_epoch=35.
Saved run to C:\Users\YAN_SHU_YU\Desktop\Generative-CD\Q_GNCDM\results\weak_q_lambda_sweep\lq_0p9_ls_0p6_lb_0p6\seed_2026\noise_0.20\weak-q_lq_0p9_ls_0p6_lb_0p6
Final metrics: q_hat_f1=0.250000 response_auc=0.691717 mastery_pearson=0.429698
