run=weak-q_lq_0p3_ls_0p7_lb_0p1 mode=weak-q noise=0.20 train=4200 valid=600 test=1200
epoch=1 loss_total=1.054706 loss_rec=0.725662 valid_auc=0.587623 valid_rmse=0.499756 q_change=57 q_delta=0.078682 q_grad=0.000690
epoch=2 loss_total=0.984917 loss_rec=0.705929 valid_auc=0.593906 valid_rmse=0.499323 q_change=57 q_delta=0.147405 q_grad=0.000603
epoch=3 loss_total=0.938343 loss_rec=0.700022 valid_auc=0.606267 valid_rmse=0.498561 q_change=57 q_delta=0.204300 q_grad=0.000520
epoch=4 loss_total=0.900076 loss_rec=0.693809 valid_auc=0.623806 valid_rmse=0.497893 q_change=57 q_delta=0.250030 q_grad=0.000445
epoch=5 loss_total=0.875469 loss_rec=0.693607 valid_auc=0.644587 valid_rmse=0.496017 q_change=57 q_delta=0.285512 q_grad=0.000385
epoch=6 loss_total=0.852034 loss_rec=0.688499 valid_auc=0.659141 valid_rmse=0.494728 q_change=57 q_delta=0.312279 q_grad=0.000347
epoch=7 loss_total=0.829470 loss_rec=0.679346 valid_auc=0.659721 valid_rmse=0.491598 q_change=57 q_delta=0.331754 q_grad=0.000347
epoch=8 loss_total=0.809997 loss_rec=0.668991 valid_auc=0.656808 valid_rmse=0.486405 q_change=57 q_delta=0.344537 q_grad=0.000424
epoch=9 loss_total=0.791987 loss_rec=0.657100 valid_auc=0.663605 valid_rmse=0.480154 q_change=57 q_delta=0.354294 q_grad=0.000575
epoch=10 loss_total=0.785988 loss_rec=0.656225 valid_auc=0.664922 valid_rmse=0.479938 q_change=57 q_delta=0.362269 q_grad=0.000681
epoch=11 loss_total=0.778682 loss_rec=0.652793 valid_auc=0.667790 valid_rmse=0.478660 q_change=57 q_delta=0.369044 q_grad=0.000799
epoch=12 loss_total=0.766273 loss_rec=0.643833 valid_auc=0.670937 valid_rmse=0.479332 q_change=57 q_delta=0.374342 q_grad=0.000880
epoch=13 loss_total=0.761103 loss_rec=0.641469 valid_auc=0.672316 valid_rmse=0.476323 q_change=57 q_delta=0.378998 q_grad=0.000916
epoch=14 loss_total=0.758174 loss_rec=0.640657 valid_auc=0.672991 valid_rmse=0.477638 q_change=57 q_delta=0.382240 q_grad=0.001033
epoch=15 loss_total=0.754223 loss_rec=0.638485 valid_auc=0.673973 valid_rmse=0.475817 q_change=57 q_delta=0.385481 q_grad=0.001118
epoch=16 loss_total=0.753649 loss_rec=0.639357 valid_auc=0.677489 valid_rmse=0.475603 q_change=57 q_delta=0.387749 q_grad=0.001248
epoch=17 loss_total=0.750685 loss_rec=0.637694 valid_auc=0.678326 valid_rmse=0.475753 q_change=57 q_delta=0.389785 q_grad=0.001233
epoch=18 loss_total=0.743840 loss_rec=0.631850 valid_auc=0.680246 valid_rmse=0.474781 q_change=57 q_delta=0.391616 q_grad=0.001299
epoch=19 loss_total=0.741820 loss_rec=0.630844 valid_auc=0.680290 valid_rmse=0.475315 q_change=57 q_delta=0.393215 q_grad=0.001413
epoch=20 loss_total=0.740052 loss_rec=0.629800 valid_auc=0.683069 valid_rmse=0.473516 q_change=57 q_delta=0.394636 q_grad=0.001526
epoch=21 loss_total=0.735931 loss_rec=0.626372 valid_auc=0.683025 valid_rmse=0.475109 q_change=57 q_delta=0.395463 q_grad=0.001482
epoch=22 loss_total=0.734324 loss_rec=0.625214 valid_auc=0.684676 valid_rmse=0.473719 q_change=57 q_delta=0.396194 q_grad=0.001630
epoch=23 loss_total=0.731242 loss_rec=0.622535 valid_auc=0.682132 valid_rmse=0.473434 q_change=57 q_delta=0.397110 q_grad=0.001643
epoch=24 loss_total=0.726503 loss_rec=0.618140 valid_auc=0.681429 valid_rmse=0.473918 q_change=57 q_delta=0.397682 q_grad=0.001690
epoch=25 loss_total=0.728716 loss_rec=0.620632 valid_auc=0.682321 valid_rmse=0.473838 q_change=56 q_delta=0.398068 q_grad=0.001842
epoch=26 loss_total=0.725900 loss_rec=0.618034 valid_auc=0.684364 valid_rmse=0.474749 q_change=56 q_delta=0.399101 q_grad=0.001829
epoch=27 loss_total=0.722698 loss_rec=0.614953 valid_auc=0.686507 valid_rmse=0.475011 q_change=56 q_delta=0.399892 q_grad=0.001821
epoch=28 loss_total=0.725208 loss_rec=0.617723 valid_auc=0.683951 valid_rmse=0.474237 q_change=56 q_delta=0.401057 q_grad=0.001906
epoch=29 loss_total=0.720039 loss_rec=0.612809 valid_auc=0.687087 valid_rmse=0.473406 q_change=56 q_delta=0.401830 q_grad=0.001942
epoch=30 loss_total=0.720103 loss_rec=0.613048 valid_auc=0.688728 valid_rmse=0.473589 q_change=56 q_delta=0.402364 q_grad=0.001902
epoch=31 loss_total=0.716563 loss_rec=0.609591 valid_auc=0.689732 valid_rmse=0.473457 q_change=56 q_delta=0.402936 q_grad=0.001939
epoch=32 loss_total=0.718402 loss_rec=0.611610 valid_auc=0.691786 valid_rmse=0.473701 q_change=56 q_delta=0.403395 q_grad=0.001987
epoch=33 loss_total=0.716855 loss_rec=0.610191 valid_auc=0.689498 valid_rmse=0.472051 q_change=56 q_delta=0.404147 q_grad=0.001960
epoch=34 loss_total=0.716053 loss_rec=0.609573 valid_auc=0.688605 valid_rmse=0.472133 q_change=56 q_delta=0.404576 q_grad=0.001949
epoch=35 loss_total=0.716247 loss_rec=0.609936 valid_auc=0.691830 valid_rmse=0.471149 q_change=56 q_delta=0.404963 q_grad=0.001918
epoch=36 loss_total=0.712466 loss_rec=0.606131 valid_auc=0.693415 valid_rmse=0.471926 q_change=55 q_delta=0.404960 q_grad=0.001978
epoch=37 loss_total=0.707172 loss_rec=0.600881 valid_auc=0.693873 valid_rmse=0.471823 q_change=55 q_delta=0.405391 q_grad=0.001976
epoch=38 loss_total=0.706565 loss_rec=0.600450 valid_auc=0.693069 valid_rmse=0.473845 q_change=55 q_delta=0.406082 q_grad=0.002081
epoch=39 loss_total=0.708803 loss_rec=0.602788 valid_auc=0.693683 valid_rmse=0.470930 q_change=55 q_delta=0.406943 q_grad=0.002006
epoch=40 loss_total=0.704567 loss_rec=0.598687 valid_auc=0.693795 valid_rmse=0.471265 q_change=55 q_delta=0.407598 q_grad=0.002045
epoch=41 loss_total=0.701055 loss_rec=0.595331 valid_auc=0.695167 valid_rmse=0.471676 q_change=55 q_delta=0.408202 q_grad=0.002029
epoch=42 loss_total=0.704401 loss_rec=0.598750 valid_auc=0.691429 valid_rmse=0.471869 q_change=54 q_delta=0.408851 q_grad=0.002129
epoch=43 loss_total=0.699759 loss_rec=0.594137 valid_auc=0.692199 valid_rmse=0.472161 q_change=54 q_delta=0.409228 q_grad=0.002077
epoch=44 loss_total=0.701182 loss_rec=0.595741 valid_auc=0.691808 valid_rmse=0.472543 q_change=54 q_delta=0.409839 q_grad=0.002125
epoch=45 loss_total=0.697293 loss_rec=0.592019 valid_auc=0.693147 valid_rmse=0.475273 q_change=54 q_delta=0.410204 q_grad=0.002158
epoch=46 loss_total=0.698239 loss_rec=0.593019 valid_auc=0.694364 valid_rmse=0.470896 q_change=53 q_delta=0.410806 q_grad=0.002118
epoch=47 loss_total=0.695667 loss_rec=0.590608 valid_auc=0.694665 valid_rmse=0.472226 q_change=53 q_delta=0.411215 q_grad=0.002138
epoch=48 loss_total=0.694100 loss_rec=0.589094 valid_auc=0.693125 valid_rmse=0.471727 q_change=52 q_delta=0.411597 q_grad=0.002210
epoch=49 loss_total=0.691678 loss_rec=0.586733 valid_auc=0.693616 valid_rmse=0.471724 q_change=52 q_delta=0.411847 q_grad=0.002244
epoch=50 loss_total=0.687434 loss_rec=0.582494 valid_auc=0.691496 valid_rmse=0.473013 q_change=52 q_delta=0.412046 q_grad=0.002160
epoch=51 loss_total=0.687532 loss_rec=0.582628 valid_auc=0.693504 valid_rmse=0.474872 q_change=51 q_delta=0.412218 q_grad=0.002296
epoch=52 loss_total=0.688620 loss_rec=0.583727 valid_auc=0.691451 valid_rmse=0.472953 q_change=51 q_delta=0.412638 q_grad=0.002303
epoch=53 loss_total=0.688955 loss_rec=0.584008 valid_auc=0.694051 valid_rmse=0.472550 q_change=51 q_delta=0.413244 q_grad=0.002321
epoch=54 loss_total=0.680159 loss_rec=0.575145 valid_auc=0.689297 valid_rmse=0.474784 q_change=51 q_delta=0.413748 q_grad=0.002309
epoch=55 loss_total=0.678299 loss_rec=0.573288 valid_auc=0.694699 valid_rmse=0.472459 q_change=51 q_delta=0.414288 q_grad=0.002348
epoch=56 loss_total=0.678746 loss_rec=0.573660 valid_auc=0.690614 valid_rmse=0.473539 q_change=51 q_delta=0.414755 q_grad=0.002393
epoch=57 loss_total=0.675581 loss_rec=0.570443 valid_auc=0.691122 valid_rmse=0.476082 q_change=50 q_delta=0.415038 q_grad=0.002515
epoch=58 loss_total=0.670389 loss_rec=0.565151 valid_auc=0.690368 valid_rmse=0.477888 q_change=50 q_delta=0.415766 q_grad=0.002497
epoch=59 loss_total=0.669952 loss_rec=0.564781 valid_auc=0.689911 valid_rmse=0.473985 q_change=50 q_delta=0.416601 q_grad=0.002484
epoch=60 loss_total=0.668057 loss_rec=0.562852 valid_auc=0.691339 valid_rmse=0.475421 q_change=50 q_delta=0.417155 q_grad=0.002528
epoch=61 loss_total=0.665235 loss_rec=0.559963 valid_auc=0.690658 valid_rmse=0.474949 q_change=50 q_delta=0.417846 q_grad=0.002629
Early stopping at epoch 61; best_epoch=41.
Saved run to C:\Users\YAN_SHU_YU\Desktop\Generative-CD\Q_GNCDM\results\weak_q_lambda_sweep\lq_0p3_ls_0p7_lb_0p1\seed_2026\noise_0.20\weak-q_lq_0p3_ls_0p7_lb_0p1
Final metrics: q_hat_f1=0.068966 response_auc=0.687361 mastery_pearson=0.338430
