run=weak-q_lq_0p7_ls_0p4_lb_0p8 mode=weak-q noise=0.20 train=4200 valid=600 test=1200
epoch=1 loss_total=1.095598 loss_rec=0.725660 valid_auc=0.587874 valid_rmse=0.499751 q_change=57 q_delta=0.078877 q_grad=0.000446
epoch=2 loss_total=1.041636 loss_rec=0.705922 valid_auc=0.595508 valid_rmse=0.499293 q_change=57 q_delta=0.149306 q_grad=0.000416
epoch=3 loss_total=1.005367 loss_rec=0.699990 valid_auc=0.610446 valid_rmse=0.498484 q_change=57 q_delta=0.208590 q_grad=0.000383
epoch=4 loss_total=0.973451 loss_rec=0.693749 valid_auc=0.632070 valid_rmse=0.497766 q_change=57 q_delta=0.256507 q_grad=0.000346
epoch=5 loss_total=0.952789 loss_rec=0.693495 valid_auc=0.653850 valid_rmse=0.495825 q_change=57 q_delta=0.293111 q_grad=0.000318
epoch=6 loss_total=0.931906 loss_rec=0.688224 valid_auc=0.665078 valid_rmse=0.494355 q_change=57 q_delta=0.319787 q_grad=0.000305
epoch=7 loss_total=0.910807 loss_rec=0.678494 valid_auc=0.663594 valid_rmse=0.490740 q_change=57 q_delta=0.338218 q_grad=0.000327
epoch=8 loss_total=0.892263 loss_rec=0.667433 valid_auc=0.660011 valid_rmse=0.485121 q_change=57 q_delta=0.349470 q_grad=0.000429
epoch=9 loss_total=0.875519 loss_rec=0.655682 valid_auc=0.665033 valid_rmse=0.479525 q_change=57 q_delta=0.358229 q_grad=0.000588
epoch=10 loss_total=0.871396 loss_rec=0.655858 valid_auc=0.666384 valid_rmse=0.479563 q_change=57 q_delta=0.365346 q_grad=0.000690
epoch=11 loss_total=0.864933 loss_rec=0.652622 valid_auc=0.668114 valid_rmse=0.478494 q_change=57 q_delta=0.371345 q_grad=0.000804
epoch=12 loss_total=0.853319 loss_rec=0.643847 valid_auc=0.670279 valid_rmse=0.479268 q_change=57 q_delta=0.375919 q_grad=0.000880
epoch=13 loss_total=0.848471 loss_rec=0.641324 valid_auc=0.671808 valid_rmse=0.476495 q_change=57 q_delta=0.380010 q_grad=0.000916
epoch=14 loss_total=0.845731 loss_rec=0.640338 valid_auc=0.672031 valid_rmse=0.477809 q_change=57 q_delta=0.382651 q_grad=0.001033
epoch=15 loss_total=0.842130 loss_rec=0.638177 valid_auc=0.673192 valid_rmse=0.475961 q_change=57 q_delta=0.385430 q_grad=0.001115
epoch=16 loss_total=0.841665 loss_rec=0.638911 valid_auc=0.676819 valid_rmse=0.475531 q_change=57 q_delta=0.387144 q_grad=0.001250
epoch=17 loss_total=0.838792 loss_rec=0.637045 valid_auc=0.678415 valid_rmse=0.475591 q_change=57 q_delta=0.388620 q_grad=0.001241
epoch=18 loss_total=0.831629 loss_rec=0.630602 valid_auc=0.680893 valid_rmse=0.474730 q_change=57 q_delta=0.389743 q_grad=0.001313
epoch=19 loss_total=0.829333 loss_rec=0.629026 valid_auc=0.682221 valid_rmse=0.474734 q_change=57 q_delta=0.390669 q_grad=0.001431
epoch=20 loss_total=0.826843 loss_rec=0.627015 valid_auc=0.685391 valid_rmse=0.472755 q_change=56 q_delta=0.391339 q_grad=0.001554
epoch=21 loss_total=0.822194 loss_rec=0.622791 valid_auc=0.686016 valid_rmse=0.473990 q_change=56 q_delta=0.392326 q_grad=0.001521
epoch=22 loss_total=0.819412 loss_rec=0.620293 valid_auc=0.688158 valid_rmse=0.472406 q_change=56 q_delta=0.393157 q_grad=0.001685
epoch=23 loss_total=0.815545 loss_rec=0.616705 valid_auc=0.686708 valid_rmse=0.472324 q_change=56 q_delta=0.394030 q_grad=0.001704
epoch=24 loss_total=0.809772 loss_rec=0.611202 valid_auc=0.686797 valid_rmse=0.472673 q_change=56 q_delta=0.394463 q_grad=0.001768
epoch=25 loss_total=0.810849 loss_rec=0.612589 valid_auc=0.687333 valid_rmse=0.472773 q_change=55 q_delta=0.394691 q_grad=0.001948
epoch=26 loss_total=0.807809 loss_rec=0.609738 valid_auc=0.688192 valid_rmse=0.473644 q_change=55 q_delta=0.395311 q_grad=0.001942
epoch=27 loss_total=0.803869 loss_rec=0.605996 valid_auc=0.688895 valid_rmse=0.474575 q_change=55 q_delta=0.395767 q_grad=0.001939
epoch=28 loss_total=0.805584 loss_rec=0.608001 valid_auc=0.687132 valid_rmse=0.473759 q_change=55 q_delta=0.396517 q_grad=0.002026
epoch=29 loss_total=0.799483 loss_rec=0.602188 valid_auc=0.690167 valid_rmse=0.473203 q_change=54 q_delta=0.397005 q_grad=0.002073
epoch=30 loss_total=0.799125 loss_rec=0.602038 valid_auc=0.691172 valid_rmse=0.473596 q_change=54 q_delta=0.397322 q_grad=0.002040
epoch=31 loss_total=0.795438 loss_rec=0.598546 valid_auc=0.691775 valid_rmse=0.473236 q_change=53 q_delta=0.398033 q_grad=0.002062
epoch=32 loss_total=0.796268 loss_rec=0.599642 valid_auc=0.693638 valid_rmse=0.473193 q_change=53 q_delta=0.398866 q_grad=0.002113
epoch=33 loss_total=0.793702 loss_rec=0.597277 valid_auc=0.691775 valid_rmse=0.471839 q_change=53 q_delta=0.399997 q_grad=0.002085
epoch=34 loss_total=0.793265 loss_rec=0.597072 valid_auc=0.689453 valid_rmse=0.472367 q_change=53 q_delta=0.400690 q_grad=0.002097
epoch=35 loss_total=0.792992 loss_rec=0.597007 valid_auc=0.693571 valid_rmse=0.471138 q_change=53 q_delta=0.401427 q_grad=0.002065
epoch=36 loss_total=0.788243 loss_rec=0.592389 valid_auc=0.695190 valid_rmse=0.471815 q_change=53 q_delta=0.401764 q_grad=0.002126
epoch=37 loss_total=0.783015 loss_rec=0.587292 valid_auc=0.694900 valid_rmse=0.472405 q_change=53 q_delta=0.402276 q_grad=0.002134
epoch=38 loss_total=0.781129 loss_rec=0.585584 valid_auc=0.695480 valid_rmse=0.473583 q_change=53 q_delta=0.402799 q_grad=0.002241
epoch=39 loss_total=0.783172 loss_rec=0.587773 valid_auc=0.696217 valid_rmse=0.470679 q_change=53 q_delta=0.403397 q_grad=0.002186
epoch=40 loss_total=0.777907 loss_rec=0.582682 valid_auc=0.695614 valid_rmse=0.471579 q_change=53 q_delta=0.403711 q_grad=0.002236
epoch=41 loss_total=0.773849 loss_rec=0.578784 valid_auc=0.697243 valid_rmse=0.472220 q_change=53 q_delta=0.404029 q_grad=0.002246
epoch=42 loss_total=0.775914 loss_rec=0.580961 valid_auc=0.694431 valid_rmse=0.472138 q_change=53 q_delta=0.404452 q_grad=0.002374
epoch=43 loss_total=0.770981 loss_rec=0.576082 valid_auc=0.694375 valid_rmse=0.472770 q_change=53 q_delta=0.404534 q_grad=0.002357
epoch=44 loss_total=0.770133 loss_rec=0.575360 valid_auc=0.694453 valid_rmse=0.473290 q_change=53 q_delta=0.404698 q_grad=0.002435
epoch=45 loss_total=0.765569 loss_rec=0.570919 valid_auc=0.694096 valid_rmse=0.476401 q_change=53 q_delta=0.404682 q_grad=0.002475
epoch=46 loss_total=0.765640 loss_rec=0.571027 valid_auc=0.697232 valid_rmse=0.471749 q_change=53 q_delta=0.404986 q_grad=0.002471
epoch=47 loss_total=0.761364 loss_rec=0.566867 valid_auc=0.695190 valid_rmse=0.474160 q_change=53 q_delta=0.404911 q_grad=0.002500
epoch=48 loss_total=0.758952 loss_rec=0.564493 valid_auc=0.694397 valid_rmse=0.473420 q_change=53 q_delta=0.404971 q_grad=0.002621
epoch=49 loss_total=0.753786 loss_rec=0.559349 valid_auc=0.695993 valid_rmse=0.472942 q_change=51 q_delta=0.404799 q_grad=0.002651
epoch=50 loss_total=0.749851 loss_rec=0.555419 valid_auc=0.693772 valid_rmse=0.474831 q_change=51 q_delta=0.404822 q_grad=0.002636
epoch=51 loss_total=0.747931 loss_rec=0.553572 valid_auc=0.696138 valid_rmse=0.476976 q_change=51 q_delta=0.405080 q_grad=0.002761
epoch=52 loss_total=0.747434 loss_rec=0.553137 valid_auc=0.695502 valid_rmse=0.474387 q_change=51 q_delta=0.405786 q_grad=0.002793
epoch=53 loss_total=0.746830 loss_rec=0.552533 valid_auc=0.696607 valid_rmse=0.473964 q_change=51 q_delta=0.406173 q_grad=0.002832
epoch=54 loss_total=0.737237 loss_rec=0.542998 valid_auc=0.691842 valid_rmse=0.476640 q_change=51 q_delta=0.406518 q_grad=0.002869
epoch=55 loss_total=0.732624 loss_rec=0.538431 valid_auc=0.698136 valid_rmse=0.473701 q_change=51 q_delta=0.406907 q_grad=0.002853
epoch=56 loss_total=0.732027 loss_rec=0.537857 valid_auc=0.692857 valid_rmse=0.476075 q_change=51 q_delta=0.407193 q_grad=0.002967
epoch=57 loss_total=0.728664 loss_rec=0.534560 valid_auc=0.692478 valid_rmse=0.478512 q_change=51 q_delta=0.407393 q_grad=0.003102
epoch=58 loss_total=0.720209 loss_rec=0.526144 valid_auc=0.692400 valid_rmse=0.481630 q_change=51 q_delta=0.407593 q_grad=0.003047
epoch=59 loss_total=0.720148 loss_rec=0.526182 valid_auc=0.694263 valid_rmse=0.476947 q_change=51 q_delta=0.407973 q_grad=0.003076
epoch=60 loss_total=0.717980 loss_rec=0.524066 valid_auc=0.693962 valid_rmse=0.477593 q_change=50 q_delta=0.408114 q_grad=0.003109
epoch=61 loss_total=0.713365 loss_rec=0.519480 valid_auc=0.692679 valid_rmse=0.478184 q_change=50 q_delta=0.408290 q_grad=0.003224
epoch=62 loss_total=0.708588 loss_rec=0.514820 valid_auc=0.693806 valid_rmse=0.478054 q_change=50 q_delta=0.408431 q_grad=0.003171
epoch=63 loss_total=0.707459 loss_rec=0.513720 valid_auc=0.690748 valid_rmse=0.479227 q_change=50 q_delta=0.408521 q_grad=0.003282
epoch=64 loss_total=0.708076 loss_rec=0.514374 valid_auc=0.694498 valid_rmse=0.482950 q_change=50 q_delta=0.408385 q_grad=0.003308
epoch=65 loss_total=0.700968 loss_rec=0.507304 valid_auc=0.693080 valid_rmse=0.479382 q_change=49 q_delta=0.408673 q_grad=0.003176
epoch=66 loss_total=0.701819 loss_rec=0.508223 valid_auc=0.691473 valid_rmse=0.480872 q_change=49 q_delta=0.408619 q_grad=0.003423
epoch=67 loss_total=0.701710 loss_rec=0.508166 valid_auc=0.691975 valid_rmse=0.481364 q_change=49 q_delta=0.408664 q_grad=0.003428
epoch=68 loss_total=0.692655 loss_rec=0.499174 valid_auc=0.690792 valid_rmse=0.485699 q_change=49 q_delta=0.408510 q_grad=0.003334
epoch=69 loss_total=0.689828 loss_rec=0.496343 valid_auc=0.691696 valid_rmse=0.488782 q_change=48 q_delta=0.408512 q_grad=0.003511
epoch=70 loss_total=0.686965 loss_rec=0.493556 valid_auc=0.689319 valid_rmse=0.482213 q_change=49 q_delta=0.408755 q_grad=0.003550
epoch=71 loss_total=0.687907 loss_rec=0.494564 valid_auc=0.690458 valid_rmse=0.482088 q_change=48 q_delta=0.408798 q_grad=0.003482
epoch=72 loss_total=0.685416 loss_rec=0.492068 valid_auc=0.688739 valid_rmse=0.482131 q_change=49 q_delta=0.408905 q_grad=0.003550
epoch=73 loss_total=0.678668 loss_rec=0.485374 valid_auc=0.685603 valid_rmse=0.485153 q_change=48 q_delta=0.408970 q_grad=0.003572
epoch=74 loss_total=0.684781 loss_rec=0.491530 valid_auc=0.687009 valid_rmse=0.484741 q_change=48 q_delta=0.409109 q_grad=0.003522
epoch=75 loss_total=0.680917 loss_rec=0.487684 valid_auc=0.685346 valid_rmse=0.492536 q_change=48 q_delta=0.408984 q_grad=0.003546
Early stopping at epoch 75; best_epoch=55.
Saved run to C:\Users\YAN_SHU_YU\Desktop\Generative-CD\Q_GNCDM\results\weak_q_lambda_sweep\lq_0p7_ls_0p4_lb_0p8\seed_2026\noise_0.20\weak-q_lq_0p7_ls_0p4_lb_0p8
Final metrics: q_hat_f1=0.193548 response_auc=0.682916 mastery_pearson=0.435864
