run=weak-q_lq_0p8_ls_0p3_lb_0p2 mode=weak-q noise=0.20 train=4200 valid=600 test=1200
epoch=1 loss_total=0.906676 loss_rec=0.725629 valid_auc=0.588923 valid_rmse=0.499724 q_change=57 q_delta=0.073370 q_grad=0.000261
epoch=2 loss_total=0.872046 loss_rec=0.705365 valid_auc=0.599950 valid_rmse=0.499010 q_change=57 q_delta=0.123903 q_grad=0.000180
epoch=3 loss_total=0.857928 loss_rec=0.697923 valid_auc=0.619241 valid_rmse=0.497392 q_change=57 q_delta=0.155246 q_grad=0.000162
epoch=4 loss_total=0.844869 loss_rec=0.687830 valid_auc=0.644029 valid_rmse=0.494354 q_change=57 q_delta=0.173302 q_grad=0.000189
epoch=5 loss_total=0.833957 loss_rec=0.677538 valid_auc=0.661105 valid_rmse=0.486803 q_change=56 q_delta=0.177634 q_grad=0.000292
epoch=6 loss_total=0.808958 loss_rec=0.651668 valid_auc=0.669994 valid_rmse=0.478404 q_change=55 q_delta=0.175425 q_grad=0.000518
epoch=7 loss_total=0.786806 loss_rec=0.629024 valid_auc=0.676317 valid_rmse=0.476224 q_change=54 q_delta=0.176999 q_grad=0.000747
epoch=8 loss_total=0.780895 loss_rec=0.623176 valid_auc=0.675592 valid_rmse=0.476682 q_change=52 q_delta=0.180085 q_grad=0.000935
epoch=9 loss_total=0.775126 loss_rec=0.617695 valid_auc=0.680859 valid_rmse=0.474267 q_change=52 q_delta=0.183585 q_grad=0.001018
epoch=10 loss_total=0.779401 loss_rec=0.622319 valid_auc=0.678728 valid_rmse=0.476125 q_change=52 q_delta=0.187367 q_grad=0.001024
epoch=11 loss_total=0.778227 loss_rec=0.621234 valid_auc=0.678438 valid_rmse=0.474971 q_change=51 q_delta=0.191055 q_grad=0.001098
epoch=12 loss_total=0.770816 loss_rec=0.614004 valid_auc=0.677511 valid_rmse=0.476710 q_change=51 q_delta=0.194063 q_grad=0.001121
epoch=13 loss_total=0.768180 loss_rec=0.611551 valid_auc=0.677891 valid_rmse=0.475303 q_change=51 q_delta=0.198335 q_grad=0.001089
epoch=14 loss_total=0.769714 loss_rec=0.613128 valid_auc=0.677154 valid_rmse=0.477496 q_change=49 q_delta=0.200627 q_grad=0.001147
epoch=15 loss_total=0.766839 loss_rec=0.610194 valid_auc=0.678616 valid_rmse=0.475875 q_change=50 q_delta=0.203784 q_grad=0.001155
epoch=16 loss_total=0.769650 loss_rec=0.612919 valid_auc=0.678415 valid_rmse=0.476079 q_change=50 q_delta=0.206611 q_grad=0.001238
epoch=17 loss_total=0.765922 loss_rec=0.609256 valid_auc=0.677991 valid_rmse=0.475940 q_change=48 q_delta=0.209065 q_grad=0.001169
epoch=18 loss_total=0.762264 loss_rec=0.605505 valid_auc=0.677935 valid_rmse=0.476445 q_change=46 q_delta=0.211860 q_grad=0.001191
epoch=19 loss_total=0.762254 loss_rec=0.605422 valid_auc=0.678237 valid_rmse=0.476760 q_change=43 q_delta=0.214873 q_grad=0.001250
epoch=20 loss_total=0.761218 loss_rec=0.604253 valid_auc=0.679978 valid_rmse=0.475554 q_change=42 q_delta=0.217799 q_grad=0.001305
epoch=21 loss_total=0.757532 loss_rec=0.600346 valid_auc=0.680714 valid_rmse=0.476135 q_change=41 q_delta=0.220125 q_grad=0.001237
epoch=22 loss_total=0.756215 loss_rec=0.598829 valid_auc=0.679219 valid_rmse=0.476478 q_change=41 q_delta=0.222964 q_grad=0.001330
epoch=23 loss_total=0.755181 loss_rec=0.597528 valid_auc=0.678917 valid_rmse=0.476367 q_change=40 q_delta=0.226044 q_grad=0.001295
epoch=24 loss_total=0.751538 loss_rec=0.593627 valid_auc=0.678884 valid_rmse=0.476773 q_change=39 q_delta=0.229276 q_grad=0.001328
epoch=25 loss_total=0.751754 loss_rec=0.593460 valid_auc=0.679408 valid_rmse=0.476862 q_change=40 q_delta=0.232582 q_grad=0.001398
epoch=26 loss_total=0.750288 loss_rec=0.591671 valid_auc=0.680703 valid_rmse=0.476893 q_change=38 q_delta=0.235664 q_grad=0.001378
epoch=27 loss_total=0.747374 loss_rec=0.588347 valid_auc=0.681261 valid_rmse=0.477596 q_change=35 q_delta=0.238707 q_grad=0.001380
epoch=28 loss_total=0.750743 loss_rec=0.591294 valid_auc=0.680469 valid_rmse=0.477312 q_change=35 q_delta=0.242317 q_grad=0.001460
epoch=29 loss_total=0.744719 loss_rec=0.584859 valid_auc=0.683393 valid_rmse=0.476171 q_change=34 q_delta=0.245374 q_grad=0.001457
epoch=30 loss_total=0.743292 loss_rec=0.582889 valid_auc=0.684978 valid_rmse=0.477581 q_change=32 q_delta=0.248348 q_grad=0.001494
epoch=31 loss_total=0.739849 loss_rec=0.578934 valid_auc=0.684330 valid_rmse=0.477121 q_change=32 q_delta=0.251291 q_grad=0.001502
epoch=32 loss_total=0.740445 loss_rec=0.578982 valid_auc=0.687076 valid_rmse=0.475793 q_change=31 q_delta=0.255253 q_grad=0.001537
epoch=33 loss_total=0.736410 loss_rec=0.574342 valid_auc=0.686507 valid_rmse=0.475235 q_change=30 q_delta=0.259031 q_grad=0.001581
epoch=34 loss_total=0.736149 loss_rec=0.573496 valid_auc=0.685424 valid_rmse=0.475461 q_change=30 q_delta=0.262395 q_grad=0.001561
epoch=35 loss_total=0.736161 loss_rec=0.572943 valid_auc=0.687578 valid_rmse=0.474476 q_change=29 q_delta=0.265633 q_grad=0.001594
epoch=36 loss_total=0.729201 loss_rec=0.565322 valid_auc=0.689442 valid_rmse=0.474959 q_change=28 q_delta=0.268466 q_grad=0.001654
epoch=37 loss_total=0.724901 loss_rec=0.560351 valid_auc=0.688850 valid_rmse=0.476710 q_change=26 q_delta=0.271942 q_grad=0.001674
epoch=38 loss_total=0.719934 loss_rec=0.554812 valid_auc=0.688571 valid_rmse=0.477565 q_change=25 q_delta=0.275319 q_grad=0.001748
epoch=39 loss_total=0.719804 loss_rec=0.554048 valid_auc=0.688527 valid_rmse=0.476104 q_change=25 q_delta=0.278933 q_grad=0.001751
epoch=40 loss_total=0.715907 loss_rec=0.549549 valid_auc=0.688605 valid_rmse=0.476951 q_change=25 q_delta=0.281964 q_grad=0.001787
epoch=41 loss_total=0.710028 loss_rec=0.543122 valid_auc=0.688962 valid_rmse=0.478819 q_change=24 q_delta=0.285329 q_grad=0.001793
epoch=42 loss_total=0.712450 loss_rec=0.544993 valid_auc=0.687612 valid_rmse=0.477871 q_change=24 q_delta=0.288542 q_grad=0.001926
epoch=43 loss_total=0.705683 loss_rec=0.537703 valid_auc=0.689431 valid_rmse=0.478623 q_change=23 q_delta=0.291529 q_grad=0.001885
epoch=44 loss_total=0.704400 loss_rec=0.535950 valid_auc=0.690089 valid_rmse=0.477786 q_change=23 q_delta=0.294443 q_grad=0.001900
epoch=45 loss_total=0.699588 loss_rec=0.530718 valid_auc=0.688962 valid_rmse=0.482215 q_change=23 q_delta=0.296995 q_grad=0.001896
epoch=46 loss_total=0.699408 loss_rec=0.530085 valid_auc=0.692958 valid_rmse=0.477410 q_change=23 q_delta=0.300058 q_grad=0.001929
epoch=47 loss_total=0.697420 loss_rec=0.527697 valid_auc=0.690513 valid_rmse=0.480402 q_change=24 q_delta=0.302285 q_grad=0.001907
epoch=48 loss_total=0.695313 loss_rec=0.525242 valid_auc=0.689799 valid_rmse=0.479268 q_change=24 q_delta=0.305010 q_grad=0.001965
epoch=49 loss_total=0.689614 loss_rec=0.519195 valid_auc=0.692310 valid_rmse=0.478012 q_change=24 q_delta=0.306867 q_grad=0.001951
epoch=50 loss_total=0.686161 loss_rec=0.515455 valid_auc=0.691105 valid_rmse=0.481536 q_change=24 q_delta=0.309279 q_grad=0.001936
epoch=51 loss_total=0.686242 loss_rec=0.515259 valid_auc=0.692567 valid_rmse=0.481491 q_change=24 q_delta=0.311195 q_grad=0.002000
epoch=52 loss_total=0.687083 loss_rec=0.515829 valid_auc=0.690592 valid_rmse=0.480717 q_change=22 q_delta=0.313518 q_grad=0.002006
epoch=53 loss_total=0.688363 loss_rec=0.516842 valid_auc=0.690670 valid_rmse=0.480120 q_change=23 q_delta=0.315332 q_grad=0.001995
epoch=54 loss_total=0.681570 loss_rec=0.509781 valid_auc=0.689643 valid_rmse=0.481659 q_change=24 q_delta=0.317011 q_grad=0.002019
epoch=55 loss_total=0.677343 loss_rec=0.505340 valid_auc=0.697109 valid_rmse=0.477792 q_change=24 q_delta=0.318719 q_grad=0.002004
epoch=56 loss_total=0.676538 loss_rec=0.504334 valid_auc=0.692891 valid_rmse=0.481084 q_change=24 q_delta=0.320458 q_grad=0.001963
epoch=57 loss_total=0.677506 loss_rec=0.505033 valid_auc=0.690949 valid_rmse=0.482704 q_change=24 q_delta=0.322199 q_grad=0.002104
epoch=58 loss_total=0.671815 loss_rec=0.499136 valid_auc=0.692746 valid_rmse=0.482170 q_change=24 q_delta=0.323774 q_grad=0.002047
epoch=59 loss_total=0.668952 loss_rec=0.496102 valid_auc=0.695681 valid_rmse=0.479783 q_change=24 q_delta=0.325440 q_grad=0.002002
epoch=60 loss_total=0.672195 loss_rec=0.499156 valid_auc=0.694810 valid_rmse=0.481554 q_change=24 q_delta=0.326859 q_grad=0.002052
epoch=61 loss_total=0.669663 loss_rec=0.496448 valid_auc=0.693884 valid_rmse=0.480345 q_change=24 q_delta=0.328343 q_grad=0.002098
epoch=62 loss_total=0.666263 loss_rec=0.492875 valid_auc=0.695324 valid_rmse=0.480257 q_change=24 q_delta=0.329665 q_grad=0.002002
epoch=63 loss_total=0.665490 loss_rec=0.491906 valid_auc=0.694498 valid_rmse=0.481464 q_change=25 q_delta=0.331059 q_grad=0.002111
epoch=64 loss_total=0.666710 loss_rec=0.492961 valid_auc=0.696083 valid_rmse=0.482977 q_change=25 q_delta=0.332391 q_grad=0.002098
epoch=65 loss_total=0.664590 loss_rec=0.490681 valid_auc=0.694598 valid_rmse=0.481191 q_change=25 q_delta=0.333930 q_grad=0.002005
epoch=66 loss_total=0.663455 loss_rec=0.489407 valid_auc=0.694877 valid_rmse=0.481376 q_change=25 q_delta=0.335163 q_grad=0.002125
epoch=67 loss_total=0.662954 loss_rec=0.488731 valid_auc=0.693460 valid_rmse=0.482748 q_change=25 q_delta=0.336317 q_grad=0.002099
epoch=68 loss_total=0.656804 loss_rec=0.482420 valid_auc=0.696217 valid_rmse=0.482768 q_change=25 q_delta=0.337470 q_grad=0.002114
epoch=69 loss_total=0.654049 loss_rec=0.479518 valid_auc=0.695301 valid_rmse=0.487326 q_change=25 q_delta=0.338549 q_grad=0.002108
epoch=70 loss_total=0.652357 loss_rec=0.477644 valid_auc=0.694576 valid_rmse=0.482076 q_change=25 q_delta=0.340059 q_grad=0.002154
epoch=71 loss_total=0.651878 loss_rec=0.477062 valid_auc=0.699152 valid_rmse=0.480758 q_change=25 q_delta=0.340971 q_grad=0.002110
epoch=72 loss_total=0.653044 loss_rec=0.478102 valid_auc=0.696194 valid_rmse=0.482685 q_change=25 q_delta=0.341986 q_grad=0.002139
epoch=73 loss_total=0.648952 loss_rec=0.473854 valid_auc=0.693125 valid_rmse=0.485140 q_change=25 q_delta=0.343152 q_grad=0.002184
epoch=74 loss_total=0.651947 loss_rec=0.476748 valid_auc=0.695011 valid_rmse=0.483606 q_change=25 q_delta=0.343981 q_grad=0.002136
epoch=75 loss_total=0.649875 loss_rec=0.474534 valid_auc=0.692958 valid_rmse=0.488317 q_change=25 q_delta=0.344768 q_grad=0.002206
epoch=76 loss_total=0.648913 loss_rec=0.473468 valid_auc=0.694375 valid_rmse=0.482562 q_change=25 q_delta=0.345979 q_grad=0.002147
epoch=77 loss_total=0.640621 loss_rec=0.465042 valid_auc=0.696797 valid_rmse=0.483507 q_change=25 q_delta=0.346856 q_grad=0.002130
epoch=78 loss_total=0.640944 loss_rec=0.465263 valid_auc=0.696797 valid_rmse=0.486408 q_change=25 q_delta=0.347712 q_grad=0.002296
epoch=79 loss_total=0.638828 loss_rec=0.463049 valid_auc=0.693683 valid_rmse=0.484798 q_change=25 q_delta=0.348627 q_grad=0.002253
epoch=80 loss_total=0.638060 loss_rec=0.462204 valid_auc=0.697344 valid_rmse=0.485074 q_change=26 q_delta=0.349637 q_grad=0.002230
epoch=81 loss_total=0.637169 loss_rec=0.461201 valid_auc=0.696775 valid_rmse=0.486073 q_change=27 q_delta=0.350441 q_grad=0.002286
epoch=82 loss_total=0.633284 loss_rec=0.457228 valid_auc=0.694754 valid_rmse=0.486613 q_change=27 q_delta=0.351368 q_grad=0.002274
epoch=83 loss_total=0.638934 loss_rec=0.462815 valid_auc=0.696540 valid_rmse=0.486882 q_change=27 q_delta=0.352239 q_grad=0.002265
epoch=84 loss_total=0.638408 loss_rec=0.462219 valid_auc=0.696975 valid_rmse=0.483887 q_change=27 q_delta=0.353141 q_grad=0.002251
epoch=85 loss_total=0.632843 loss_rec=0.456553 valid_auc=0.697400 valid_rmse=0.487294 q_change=27 q_delta=0.353818 q_grad=0.002308
epoch=86 loss_total=0.632895 loss_rec=0.456494 valid_auc=0.695446 valid_rmse=0.485781 q_change=27 q_delta=0.354904 q_grad=0.002377
epoch=87 loss_total=0.630397 loss_rec=0.453919 valid_auc=0.695982 valid_rmse=0.484971 q_change=27 q_delta=0.355674 q_grad=0.002322
epoch=88 loss_total=0.624779 loss_rec=0.448215 valid_auc=0.698103 valid_rmse=0.485937 q_change=28 q_delta=0.356351 q_grad=0.002341
epoch=89 loss_total=0.626374 loss_rec=0.449782 valid_auc=0.696551 valid_rmse=0.490149 q_change=28 q_delta=0.356892 q_grad=0.002286
epoch=90 loss_total=0.633140 loss_rec=0.456460 valid_auc=0.692879 valid_rmse=0.485977 q_change=28 q_delta=0.357806 q_grad=0.002309
epoch=91 loss_total=0.625354 loss_rec=0.448591 valid_auc=0.694888 valid_rmse=0.486682 q_change=28 q_delta=0.358385 q_grad=0.002288
Early stopping at epoch 91; best_epoch=71.
Saved run to C:\Users\YAN_SHU_YU\Desktop\Generative-CD\Q_GNCDM\results\weak_q_lambda_sweep\lq_0p8_ls_0p3_lb_0p2\seed_2026\noise_0.20\weak-q_lq_0p8_ls_0p3_lb_0p2
Final metrics: q_hat_f1=0.688889 response_auc=0.684670 mastery_pearson=0.554831
