run=weak-q_lq_0p9_ls_0p8_lb_0p2 mode=weak-q noise=0.20 train=4200 valid=600 test=1200
epoch=1 loss_total=1.123912 loss_rec=0.725658 valid_auc=0.587556 valid_rmse=0.499754 q_change=57 q_delta=0.077674 q_grad=0.000757
epoch=2 loss_total=1.053441 loss_rec=0.705846 valid_auc=0.593750 valid_rmse=0.499294 q_change=57 q_delta=0.142458 q_grad=0.000600
epoch=3 loss_total=1.011671 loss_rec=0.699737 valid_auc=0.605871 valid_rmse=0.498447 q_change=57 q_delta=0.193829 q_grad=0.000475
epoch=4 loss_total=0.980265 loss_rec=0.693067 valid_auc=0.623326 valid_rmse=0.497543 q_change=57 q_delta=0.233881 q_grad=0.000381
epoch=5 loss_total=0.962250 loss_rec=0.691892 valid_auc=0.644230 valid_rmse=0.495095 q_change=57 q_delta=0.264074 q_grad=0.000327
epoch=6 loss_total=0.943253 loss_rec=0.684251 valid_auc=0.659531 valid_rmse=0.492263 q_change=57 q_delta=0.285668 q_grad=0.000318
epoch=7 loss_total=0.920831 loss_rec=0.669036 valid_auc=0.661741 valid_rmse=0.486307 q_change=57 q_delta=0.299609 q_grad=0.000385
epoch=8 loss_total=0.901250 loss_rec=0.653434 valid_auc=0.663594 valid_rmse=0.481368 q_change=57 q_delta=0.308080 q_grad=0.000577
epoch=9 loss_total=0.887791 loss_rec=0.642789 valid_auc=0.675379 valid_rmse=0.475912 q_change=57 q_delta=0.315376 q_grad=0.000769
epoch=10 loss_total=0.885582 loss_rec=0.643131 valid_auc=0.676016 valid_rmse=0.476168 q_change=57 q_delta=0.320792 q_grad=0.000884
epoch=11 loss_total=0.880188 loss_rec=0.639362 valid_auc=0.680402 valid_rmse=0.474217 q_change=57 q_delta=0.325376 q_grad=0.001043
epoch=12 loss_total=0.868365 loss_rec=0.628949 valid_auc=0.681496 valid_rmse=0.475149 q_change=57 q_delta=0.328447 q_grad=0.001149
epoch=13 loss_total=0.863641 loss_rec=0.625384 valid_auc=0.682868 valid_rmse=0.472988 q_change=57 q_delta=0.331699 q_grad=0.001209
epoch=14 loss_total=0.862732 loss_rec=0.625285 valid_auc=0.681507 valid_rmse=0.474740 q_change=57 q_delta=0.333556 q_grad=0.001331
epoch=15 loss_total=0.858269 loss_rec=0.621492 valid_auc=0.681998 valid_rmse=0.473155 q_change=57 q_delta=0.335834 q_grad=0.001416
epoch=16 loss_total=0.859208 loss_rec=0.622946 valid_auc=0.684141 valid_rmse=0.473486 q_change=57 q_delta=0.337411 q_grad=0.001533
epoch=17 loss_total=0.855612 loss_rec=0.619940 valid_auc=0.682667 valid_rmse=0.473799 q_change=57 q_delta=0.339128 q_grad=0.001474
epoch=18 loss_total=0.849712 loss_rec=0.614412 valid_auc=0.683795 valid_rmse=0.473232 q_change=56 q_delta=0.340752 q_grad=0.001515
epoch=19 loss_total=0.848663 loss_rec=0.613889 valid_auc=0.683817 valid_rmse=0.474426 q_change=56 q_delta=0.342455 q_grad=0.001622
epoch=20 loss_total=0.846430 loss_rec=0.611926 valid_auc=0.686283 valid_rmse=0.472614 q_change=56 q_delta=0.344067 q_grad=0.001700
epoch=21 loss_total=0.841995 loss_rec=0.607771 valid_auc=0.686060 valid_rmse=0.474429 q_change=56 q_delta=0.345274 q_grad=0.001620
epoch=22 loss_total=0.840197 loss_rec=0.606152 valid_auc=0.685971 valid_rmse=0.473889 q_change=56 q_delta=0.346637 q_grad=0.001756
epoch=23 loss_total=0.837966 loss_rec=0.604068 valid_auc=0.684118 valid_rmse=0.473610 q_change=56 q_delta=0.348361 q_grad=0.001725
epoch=24 loss_total=0.833345 loss_rec=0.599603 valid_auc=0.682857 valid_rmse=0.474424 q_change=55 q_delta=0.349622 q_grad=0.001757
epoch=25 loss_total=0.834591 loss_rec=0.600882 valid_auc=0.683850 valid_rmse=0.474380 q_change=55 q_delta=0.350623 q_grad=0.001877
epoch=26 loss_total=0.831895 loss_rec=0.598245 valid_auc=0.685324 valid_rmse=0.474783 q_change=51 q_delta=0.351865 q_grad=0.001859
epoch=27 loss_total=0.828287 loss_rec=0.594536 valid_auc=0.685558 valid_rmse=0.475822 q_change=51 q_delta=0.353024 q_grad=0.001842
epoch=28 loss_total=0.831330 loss_rec=0.597643 valid_auc=0.685223 valid_rmse=0.474712 q_change=51 q_delta=0.354705 q_grad=0.001931
epoch=29 loss_total=0.824880 loss_rec=0.591195 valid_auc=0.688136 valid_rmse=0.474018 q_change=51 q_delta=0.356181 q_grad=0.001953
epoch=30 loss_total=0.823652 loss_rec=0.589847 valid_auc=0.689933 valid_rmse=0.474702 q_change=50 q_delta=0.357385 q_grad=0.001950
epoch=31 loss_total=0.819661 loss_rec=0.585639 valid_auc=0.689063 valid_rmse=0.474680 q_change=50 q_delta=0.358755 q_grad=0.001978
epoch=32 loss_total=0.820886 loss_rec=0.586766 valid_auc=0.691362 valid_rmse=0.474158 q_change=50 q_delta=0.360303 q_grad=0.002034
epoch=33 loss_total=0.817766 loss_rec=0.583459 valid_auc=0.689799 valid_rmse=0.472559 q_change=50 q_delta=0.361899 q_grad=0.002039
epoch=34 loss_total=0.816813 loss_rec=0.582392 valid_auc=0.688694 valid_rmse=0.472926 q_change=50 q_delta=0.363121 q_grad=0.002024
epoch=35 loss_total=0.816591 loss_rec=0.582033 valid_auc=0.692522 valid_rmse=0.471653 q_change=50 q_delta=0.364384 q_grad=0.002026
epoch=36 loss_total=0.809645 loss_rec=0.574788 valid_auc=0.692980 valid_rmse=0.472162 q_change=49 q_delta=0.365242 q_grad=0.002103
epoch=37 loss_total=0.804999 loss_rec=0.569891 valid_auc=0.692288 valid_rmse=0.473666 q_change=49 q_delta=0.366293 q_grad=0.002110
epoch=38 loss_total=0.801274 loss_rec=0.566110 valid_auc=0.691596 valid_rmse=0.475023 q_change=49 q_delta=0.367228 q_grad=0.002233
epoch=39 loss_total=0.800851 loss_rec=0.565479 valid_auc=0.690792 valid_rmse=0.472771 q_change=49 q_delta=0.368590 q_grad=0.002198
epoch=40 loss_total=0.797011 loss_rec=0.561454 valid_auc=0.690636 valid_rmse=0.473394 q_change=49 q_delta=0.369359 q_grad=0.002269
epoch=41 loss_total=0.790756 loss_rec=0.555090 valid_auc=0.692645 valid_rmse=0.475017 q_change=49 q_delta=0.370295 q_grad=0.002283
epoch=42 loss_total=0.792379 loss_rec=0.556547 valid_auc=0.688259 valid_rmse=0.474574 q_change=50 q_delta=0.371402 q_grad=0.002424
epoch=43 loss_total=0.785948 loss_rec=0.549920 valid_auc=0.690781 valid_rmse=0.475311 q_change=49 q_delta=0.371922 q_grad=0.002414
epoch=44 loss_total=0.784041 loss_rec=0.547934 valid_auc=0.689353 valid_rmse=0.475300 q_change=50 q_delta=0.372883 q_grad=0.002467
epoch=45 loss_total=0.777857 loss_rec=0.541693 valid_auc=0.687467 valid_rmse=0.480533 q_change=49 q_delta=0.373292 q_grad=0.002504
epoch=46 loss_total=0.777564 loss_rec=0.541240 valid_auc=0.692232 valid_rmse=0.474489 q_change=49 q_delta=0.374237 q_grad=0.002539
epoch=47 loss_total=0.773725 loss_rec=0.537314 valid_auc=0.688996 valid_rmse=0.477532 q_change=49 q_delta=0.374737 q_grad=0.002564
epoch=48 loss_total=0.771065 loss_rec=0.534645 valid_auc=0.688884 valid_rmse=0.477364 q_change=49 q_delta=0.375597 q_grad=0.002632
epoch=49 loss_total=0.765865 loss_rec=0.529425 valid_auc=0.691183 valid_rmse=0.475396 q_change=49 q_delta=0.375911 q_grad=0.002647
epoch=50 loss_total=0.760204 loss_rec=0.523720 valid_auc=0.689007 valid_rmse=0.478935 q_change=49 q_delta=0.376482 q_grad=0.002655
epoch=51 loss_total=0.760103 loss_rec=0.523721 valid_auc=0.690011 valid_rmse=0.479273 q_change=48 q_delta=0.376962 q_grad=0.002753
epoch=52 loss_total=0.761488 loss_rec=0.525139 valid_auc=0.688259 valid_rmse=0.478338 q_change=48 q_delta=0.377673 q_grad=0.002791
epoch=53 loss_total=0.762023 loss_rec=0.525681 valid_auc=0.688806 valid_rmse=0.476908 q_change=48 q_delta=0.378068 q_grad=0.002804
epoch=54 loss_total=0.754317 loss_rec=0.517935 valid_auc=0.686105 valid_rmse=0.479660 q_change=48 q_delta=0.378437 q_grad=0.002822
epoch=55 loss_total=0.750099 loss_rec=0.513811 valid_auc=0.693750 valid_rmse=0.476202 q_change=47 q_delta=0.378874 q_grad=0.002795
epoch=56 loss_total=0.750826 loss_rec=0.514583 valid_auc=0.688002 valid_rmse=0.479194 q_change=47 q_delta=0.379088 q_grad=0.002855
epoch=57 loss_total=0.749677 loss_rec=0.513488 valid_auc=0.686250 valid_rmse=0.481813 q_change=47 q_delta=0.379434 q_grad=0.002968
epoch=58 loss_total=0.743252 loss_rec=0.507108 valid_auc=0.687612 valid_rmse=0.482574 q_change=47 q_delta=0.379824 q_grad=0.002897
epoch=59 loss_total=0.742641 loss_rec=0.506676 valid_auc=0.691975 valid_rmse=0.477753 q_change=47 q_delta=0.380264 q_grad=0.002902
epoch=60 loss_total=0.743819 loss_rec=0.507949 valid_auc=0.689955 valid_rmse=0.479562 q_change=46 q_delta=0.380487 q_grad=0.002909
epoch=61 loss_total=0.741953 loss_rec=0.506088 valid_auc=0.687779 valid_rmse=0.480051 q_change=46 q_delta=0.380900 q_grad=0.003033
epoch=62 loss_total=0.738136 loss_rec=0.502417 valid_auc=0.690368 valid_rmse=0.479414 q_change=46 q_delta=0.381269 q_grad=0.002950
epoch=63 loss_total=0.738762 loss_rec=0.503126 valid_auc=0.688683 valid_rmse=0.480449 q_change=46 q_delta=0.381445 q_grad=0.003064
epoch=64 loss_total=0.737989 loss_rec=0.502440 valid_auc=0.690625 valid_rmse=0.482685 q_change=45 q_delta=0.381372 q_grad=0.003045
epoch=65 loss_total=0.736008 loss_rec=0.500558 valid_auc=0.689431 valid_rmse=0.480525 q_change=45 q_delta=0.381816 q_grad=0.002913
epoch=66 loss_total=0.736066 loss_rec=0.500662 valid_auc=0.687444 valid_rmse=0.481285 q_change=46 q_delta=0.382046 q_grad=0.003130
epoch=67 loss_total=0.736570 loss_rec=0.501257 valid_auc=0.687455 valid_rmse=0.482486 q_change=46 q_delta=0.382175 q_grad=0.003098
epoch=68 loss_total=0.729338 loss_rec=0.494109 valid_auc=0.690112 valid_rmse=0.483643 q_change=45 q_delta=0.382248 q_grad=0.003101
epoch=69 loss_total=0.727390 loss_rec=0.492217 valid_auc=0.689621 valid_rmse=0.487380 q_change=45 q_delta=0.382388 q_grad=0.003183
epoch=70 loss_total=0.724995 loss_rec=0.489884 valid_auc=0.687567 valid_rmse=0.482664 q_change=45 q_delta=0.382807 q_grad=0.003227
epoch=71 loss_total=0.725909 loss_rec=0.490943 valid_auc=0.691730 valid_rmse=0.481107 q_change=45 q_delta=0.382902 q_grad=0.003197
epoch=72 loss_total=0.726314 loss_rec=0.491395 valid_auc=0.689665 valid_rmse=0.482062 q_change=45 q_delta=0.383025 q_grad=0.003202
epoch=73 loss_total=0.720666 loss_rec=0.485809 valid_auc=0.686696 valid_rmse=0.484738 q_change=45 q_delta=0.383324 q_grad=0.003267
epoch=74 loss_total=0.726145 loss_rec=0.491394 valid_auc=0.688359 valid_rmse=0.483372 q_change=46 q_delta=0.383565 q_grad=0.003252
epoch=75 loss_total=0.724113 loss_rec=0.489392 valid_auc=0.686306 valid_rmse=0.489188 q_change=47 q_delta=0.383442 q_grad=0.003279
Early stopping at epoch 75; best_epoch=55.
Saved run to C:\Users\YAN_SHU_YU\Desktop\Generative-CD\Q_GNCDM\results\weak_q_lambda_sweep\lq_0p9_ls_0p8_lb_0p2\seed_2026\noise_0.20\weak-q_lq_0p9_ls_0p8_lb_0p2
Final metrics: q_hat_f1=0.272727 response_auc=0.683986 mastery_pearson=0.496479
