run=weak-q_lq_0p7_ls_0p8_lb_0p3 mode=weak-q noise=0.20 train=4200 valid=600 test=1200
epoch=1 loss_total=1.147700 loss_rec=0.725661 valid_auc=0.587567 valid_rmse=0.499756 q_change=57 q_delta=0.078410 q_grad=0.000786
epoch=2 loss_total=1.072501 loss_rec=0.705912 valid_auc=0.593527 valid_rmse=0.499321 q_change=57 q_delta=0.145976 q_grad=0.000665
epoch=3 loss_total=1.023560 loss_rec=0.699966 valid_auc=0.605022 valid_rmse=0.498549 q_change=57 q_delta=0.201250 q_grad=0.000558
epoch=4 loss_total=0.984708 loss_rec=0.693663 valid_auc=0.621920 valid_rmse=0.497841 q_change=57 q_delta=0.245369 q_grad=0.000465
epoch=5 loss_total=0.960290 loss_rec=0.693278 valid_auc=0.642679 valid_rmse=0.495865 q_change=57 q_delta=0.279543 q_grad=0.000395
epoch=6 loss_total=0.937108 loss_rec=0.687729 valid_auc=0.658259 valid_rmse=0.494323 q_change=57 q_delta=0.305307 q_grad=0.000354
epoch=7 loss_total=0.914279 loss_rec=0.677533 valid_auc=0.659464 valid_rmse=0.490674 q_change=57 q_delta=0.323940 q_grad=0.000359
epoch=8 loss_total=0.894205 loss_rec=0.665833 valid_auc=0.657065 valid_rmse=0.485292 q_change=57 q_delta=0.336091 q_grad=0.000456
epoch=9 loss_total=0.876714 loss_rec=0.653968 valid_auc=0.665290 valid_rmse=0.479274 q_change=57 q_delta=0.345620 q_grad=0.000618
epoch=10 loss_total=0.871428 loss_rec=0.653465 valid_auc=0.667645 valid_rmse=0.478987 q_change=57 q_delta=0.353324 q_grad=0.000726
epoch=11 loss_total=0.864356 loss_rec=0.649929 valid_auc=0.670257 valid_rmse=0.477647 q_change=57 q_delta=0.359831 q_grad=0.000854
epoch=12 loss_total=0.851742 loss_rec=0.640414 valid_auc=0.673616 valid_rmse=0.478213 q_change=57 q_delta=0.364762 q_grad=0.000944
epoch=13 loss_total=0.846490 loss_rec=0.637655 valid_auc=0.675949 valid_rmse=0.475160 q_change=57 q_delta=0.369106 q_grad=0.000992
epoch=14 loss_total=0.843811 loss_rec=0.636811 valid_auc=0.677299 valid_rmse=0.476463 q_change=57 q_delta=0.371987 q_grad=0.001121
epoch=15 loss_total=0.839408 loss_rec=0.633917 valid_auc=0.678080 valid_rmse=0.474553 q_change=57 q_delta=0.374875 q_grad=0.001220
epoch=16 loss_total=0.839071 loss_rec=0.634781 valid_auc=0.681027 valid_rmse=0.474353 q_change=57 q_delta=0.376807 q_grad=0.001359
epoch=17 loss_total=0.835683 loss_rec=0.632475 valid_auc=0.680915 valid_rmse=0.474480 q_change=57 q_delta=0.378536 q_grad=0.001341
epoch=18 loss_total=0.828728 loss_rec=0.626296 valid_auc=0.682790 valid_rmse=0.473502 q_change=57 q_delta=0.380062 q_grad=0.001410
epoch=19 loss_total=0.826830 loss_rec=0.625230 valid_auc=0.683036 valid_rmse=0.474531 q_change=57 q_delta=0.381410 q_grad=0.001532
epoch=20 loss_total=0.824602 loss_rec=0.623521 valid_auc=0.685246 valid_rmse=0.472483 q_change=57 q_delta=0.382541 q_grad=0.001639
epoch=21 loss_total=0.820053 loss_rec=0.619463 valid_auc=0.686317 valid_rmse=0.474390 q_change=57 q_delta=0.383123 q_grad=0.001583
epoch=22 loss_total=0.817979 loss_rec=0.617681 valid_auc=0.687835 valid_rmse=0.473001 q_change=56 q_delta=0.383667 q_grad=0.001737
epoch=23 loss_total=0.814937 loss_rec=0.614903 valid_auc=0.685391 valid_rmse=0.472802 q_change=56 q_delta=0.384929 q_grad=0.001732
epoch=24 loss_total=0.809983 loss_rec=0.610193 valid_auc=0.684431 valid_rmse=0.473507 q_change=56 q_delta=0.385922 q_grad=0.001766
epoch=25 loss_total=0.811838 loss_rec=0.612277 valid_auc=0.685223 valid_rmse=0.473371 q_change=56 q_delta=0.386704 q_grad=0.001905
epoch=26 loss_total=0.809048 loss_rec=0.609664 valid_auc=0.686853 valid_rmse=0.474202 q_change=56 q_delta=0.387571 q_grad=0.001884
epoch=27 loss_total=0.805463 loss_rec=0.606159 valid_auc=0.688638 valid_rmse=0.474920 q_change=56 q_delta=0.388190 q_grad=0.001866
epoch=28 loss_total=0.808195 loss_rec=0.609133 valid_auc=0.686953 valid_rmse=0.473819 q_change=56 q_delta=0.389198 q_grad=0.001937
epoch=29 loss_total=0.802101 loss_rec=0.603231 valid_auc=0.690301 valid_rmse=0.473059 q_change=55 q_delta=0.389877 q_grad=0.001970
epoch=30 loss_total=0.801653 loss_rec=0.602843 valid_auc=0.691942 valid_rmse=0.473507 q_change=54 q_delta=0.390312 q_grad=0.001932
epoch=31 loss_total=0.797653 loss_rec=0.598802 valid_auc=0.691038 valid_rmse=0.473384 q_change=54 q_delta=0.391175 q_grad=0.001969
epoch=32 loss_total=0.799352 loss_rec=0.600596 valid_auc=0.692868 valid_rmse=0.473384 q_change=53 q_delta=0.391934 q_grad=0.002019
epoch=33 loss_total=0.797223 loss_rec=0.598512 valid_auc=0.691004 valid_rmse=0.471506 q_change=53 q_delta=0.393049 q_grad=0.002003
epoch=34 loss_total=0.796252 loss_rec=0.597623 valid_auc=0.689509 valid_rmse=0.471913 q_change=53 q_delta=0.393994 q_grad=0.001993
epoch=35 loss_total=0.795785 loss_rec=0.597245 valid_auc=0.692734 valid_rmse=0.470859 q_change=52 q_delta=0.394975 q_grad=0.001970
epoch=36 loss_total=0.790474 loss_rec=0.591803 valid_auc=0.693605 valid_rmse=0.471914 q_change=51 q_delta=0.395515 q_grad=0.002046
epoch=37 loss_total=0.785632 loss_rec=0.586921 valid_auc=0.693839 valid_rmse=0.472368 q_change=51 q_delta=0.396366 q_grad=0.002049
epoch=38 loss_total=0.783921 loss_rec=0.585327 valid_auc=0.693694 valid_rmse=0.474102 q_change=51 q_delta=0.397245 q_grad=0.002163
epoch=39 loss_total=0.785122 loss_rec=0.586540 valid_auc=0.693214 valid_rmse=0.471437 q_change=51 q_delta=0.398381 q_grad=0.002095
epoch=40 loss_total=0.780667 loss_rec=0.582138 valid_auc=0.693996 valid_rmse=0.471767 q_change=51 q_delta=0.399087 q_grad=0.002147
epoch=41 loss_total=0.776078 loss_rec=0.577614 valid_auc=0.694833 valid_rmse=0.472921 q_change=50 q_delta=0.399807 q_grad=0.002152
epoch=42 loss_total=0.778529 loss_rec=0.580044 valid_auc=0.690536 valid_rmse=0.472756 q_change=50 q_delta=0.400777 q_grad=0.002265
epoch=43 loss_total=0.772907 loss_rec=0.574347 valid_auc=0.692467 valid_rmse=0.473124 q_change=50 q_delta=0.401406 q_grad=0.002225
epoch=44 loss_total=0.772855 loss_rec=0.574335 valid_auc=0.689855 valid_rmse=0.474186 q_change=50 q_delta=0.402404 q_grad=0.002288
epoch=45 loss_total=0.767675 loss_rec=0.569205 valid_auc=0.691406 valid_rmse=0.478153 q_change=50 q_delta=0.402947 q_grad=0.002348
epoch=46 loss_total=0.767614 loss_rec=0.569090 valid_auc=0.693248 valid_rmse=0.471996 q_change=50 q_delta=0.403992 q_grad=0.002321
epoch=47 loss_total=0.763949 loss_rec=0.565441 valid_auc=0.691964 valid_rmse=0.474546 q_change=50 q_delta=0.404552 q_grad=0.002340
epoch=48 loss_total=0.760756 loss_rec=0.562252 valid_auc=0.691629 valid_rmse=0.473347 q_change=50 q_delta=0.405268 q_grad=0.002440
epoch=49 loss_total=0.757519 loss_rec=0.559037 valid_auc=0.693449 valid_rmse=0.472713 q_change=50 q_delta=0.405976 q_grad=0.002469
epoch=50 loss_total=0.751861 loss_rec=0.553351 valid_auc=0.691071 valid_rmse=0.474833 q_change=50 q_delta=0.406713 q_grad=0.002438
epoch=51 loss_total=0.750816 loss_rec=0.552381 valid_auc=0.693047 valid_rmse=0.476307 q_change=50 q_delta=0.407275 q_grad=0.002558
epoch=52 loss_total=0.752053 loss_rec=0.553676 valid_auc=0.690904 valid_rmse=0.474502 q_change=50 q_delta=0.408093 q_grad=0.002605
epoch=53 loss_total=0.751835 loss_rec=0.553433 valid_auc=0.693225 valid_rmse=0.473267 q_change=50 q_delta=0.408663 q_grad=0.002641
epoch=54 loss_total=0.743291 loss_rec=0.544903 valid_auc=0.689654 valid_rmse=0.476203 q_change=50 q_delta=0.408980 q_grad=0.002640
epoch=55 loss_total=0.740112 loss_rec=0.541782 valid_auc=0.694844 valid_rmse=0.473044 q_change=50 q_delta=0.409478 q_grad=0.002666
epoch=56 loss_total=0.740242 loss_rec=0.541908 valid_auc=0.690580 valid_rmse=0.475578 q_change=50 q_delta=0.409843 q_grad=0.002750
epoch=57 loss_total=0.737478 loss_rec=0.539137 valid_auc=0.690279 valid_rmse=0.477284 q_change=50 q_delta=0.410244 q_grad=0.002862
epoch=58 loss_total=0.731376 loss_rec=0.533086 valid_auc=0.689152 valid_rmse=0.479895 q_change=50 q_delta=0.410571 q_grad=0.002810
epoch=59 loss_total=0.731900 loss_rec=0.533736 valid_auc=0.692288 valid_rmse=0.474908 q_change=50 q_delta=0.411017 q_grad=0.002816
epoch=60 loss_total=0.730057 loss_rec=0.531954 valid_auc=0.692031 valid_rmse=0.476017 q_change=50 q_delta=0.411202 q_grad=0.002824
epoch=61 loss_total=0.727146 loss_rec=0.528997 valid_auc=0.688348 valid_rmse=0.476648 q_change=50 q_delta=0.411484 q_grad=0.002983
epoch=62 loss_total=0.723357 loss_rec=0.525325 valid_auc=0.690993 valid_rmse=0.476879 q_change=50 q_delta=0.411772 q_grad=0.002937
epoch=63 loss_total=0.723850 loss_rec=0.525862 valid_auc=0.686987 valid_rmse=0.478199 q_change=50 q_delta=0.411969 q_grad=0.003040
epoch=64 loss_total=0.723918 loss_rec=0.525962 valid_auc=0.690859 valid_rmse=0.480420 q_change=50 q_delta=0.411956 q_grad=0.003061
epoch=65 loss_total=0.718982 loss_rec=0.521047 valid_auc=0.688717 valid_rmse=0.477851 q_change=50 q_delta=0.412279 q_grad=0.002903
epoch=66 loss_total=0.720637 loss_rec=0.522760 valid_auc=0.687277 valid_rmse=0.478888 q_change=50 q_delta=0.412385 q_grad=0.003143
epoch=67 loss_total=0.721060 loss_rec=0.523209 valid_auc=0.686529 valid_rmse=0.479877 q_change=50 q_delta=0.412466 q_grad=0.003150
epoch=68 loss_total=0.713817 loss_rec=0.516038 valid_auc=0.687266 valid_rmse=0.483008 q_change=50 q_delta=0.412472 q_grad=0.003091
epoch=69 loss_total=0.710900 loss_rec=0.513151 valid_auc=0.689933 valid_rmse=0.485364 q_change=50 q_delta=0.412590 q_grad=0.003244
epoch=70 loss_total=0.709190 loss_rec=0.511481 valid_auc=0.685804 valid_rmse=0.480183 q_change=50 q_delta=0.412920 q_grad=0.003287
epoch=71 loss_total=0.710140 loss_rec=0.512534 valid_auc=0.689397 valid_rmse=0.479159 q_change=50 q_delta=0.412956 q_grad=0.003253
epoch=72 loss_total=0.709335 loss_rec=0.511732 valid_auc=0.686518 valid_rmse=0.480103 q_change=50 q_delta=0.413014 q_grad=0.003257
epoch=73 loss_total=0.703751 loss_rec=0.506211 valid_auc=0.684263 valid_rmse=0.482167 q_change=50 q_delta=0.413106 q_grad=0.003319
epoch=74 loss_total=0.710305 loss_rec=0.512812 valid_auc=0.685223 valid_rmse=0.481428 q_change=50 q_delta=0.413183 q_grad=0.003265
epoch=75 loss_total=0.707138 loss_rec=0.509650 valid_auc=0.684308 valid_rmse=0.487589 q_change=50 q_delta=0.413090 q_grad=0.003263
Early stopping at epoch 75; best_epoch=55.
Saved run to C:\Users\YAN_SHU_YU\Desktop\Generative-CD\Q_GNCDM\results\weak_q_lambda_sweep\lq_0p7_ls_0p8_lb_0p3\seed_2026\noise_0.20\weak-q_lq_0p7_ls_0p8_lb_0p3
Final metrics: q_hat_f1=0.222222 response_auc=0.688840 mastery_pearson=0.414553
