run=weak-q_lq_0p1_ls_0p5_lb_0p05 mode=weak-q noise=0.20 train=4200 valid=600 test=1200
epoch=1 loss_total=0.955274 loss_rec=0.725660 valid_auc=0.587746 valid_rmse=0.499752 q_change=57 q_delta=0.078602 q_grad=0.000496
epoch=2 loss_total=0.898749 loss_rec=0.705904 valid_auc=0.594766 valid_rmse=0.499296 q_change=57 q_delta=0.147564 q_grad=0.000443
epoch=3 loss_total=0.861942 loss_rec=0.699927 valid_auc=0.609040 valid_rmse=0.498481 q_change=57 q_delta=0.204885 q_grad=0.000394
epoch=4 loss_total=0.830596 loss_rec=0.693587 valid_auc=0.629286 valid_rmse=0.497722 q_change=57 q_delta=0.251019 q_grad=0.000347
epoch=5 loss_total=0.810840 loss_rec=0.693137 valid_auc=0.650569 valid_rmse=0.495671 q_change=57 q_delta=0.286367 q_grad=0.000316
epoch=6 loss_total=0.790613 loss_rec=0.687380 valid_auc=0.663984 valid_rmse=0.493915 q_change=57 q_delta=0.312220 q_grad=0.000305
epoch=7 loss_total=0.769399 loss_rec=0.676483 valid_auc=0.662377 valid_rmse=0.489700 q_change=57 q_delta=0.329956 q_grad=0.000338
epoch=8 loss_total=0.750387 loss_rec=0.664039 valid_auc=0.660625 valid_rmse=0.484034 q_change=57 q_delta=0.340836 q_grad=0.000464
epoch=9 loss_total=0.734462 loss_rec=0.652567 valid_auc=0.666440 valid_rmse=0.478766 q_change=57 q_delta=0.349758 q_grad=0.000636
epoch=10 loss_total=0.731255 loss_rec=0.653316 valid_auc=0.668359 valid_rmse=0.478908 q_change=57 q_delta=0.356990 q_grad=0.000739
epoch=11 loss_total=0.725187 loss_rec=0.650143 valid_auc=0.670491 valid_rmse=0.477691 q_change=57 q_delta=0.363054 q_grad=0.000861
epoch=12 loss_total=0.713890 loss_rec=0.641406 valid_auc=0.672444 valid_rmse=0.478438 q_change=57 q_delta=0.367650 q_grad=0.000944
epoch=13 loss_total=0.709187 loss_rec=0.638768 valid_auc=0.674721 valid_rmse=0.475695 q_change=57 q_delta=0.371803 q_grad=0.000986
epoch=14 loss_total=0.706916 loss_rec=0.638041 valid_auc=0.675089 valid_rmse=0.477039 q_change=57 q_delta=0.374498 q_grad=0.001111
epoch=15 loss_total=0.703383 loss_rec=0.635787 valid_auc=0.675938 valid_rmse=0.475301 q_change=57 q_delta=0.377370 q_grad=0.001200
epoch=16 loss_total=0.703336 loss_rec=0.636787 valid_auc=0.678906 valid_rmse=0.475097 q_change=57 q_delta=0.379228 q_grad=0.001337
epoch=17 loss_total=0.700522 loss_rec=0.634900 valid_auc=0.679129 valid_rmse=0.475201 q_change=57 q_delta=0.380938 q_grad=0.001319
epoch=18 loss_total=0.693843 loss_rec=0.628906 valid_auc=0.680223 valid_rmse=0.474557 q_change=57 q_delta=0.382419 q_grad=0.001386
epoch=19 loss_total=0.692261 loss_rec=0.628060 valid_auc=0.681261 valid_rmse=0.475028 q_change=57 q_delta=0.383774 q_grad=0.001503
epoch=20 loss_total=0.690391 loss_rec=0.626662 valid_auc=0.683281 valid_rmse=0.473334 q_change=57 q_delta=0.384897 q_grad=0.001615
epoch=21 loss_total=0.686391 loss_rec=0.623102 valid_auc=0.683739 valid_rmse=0.474805 q_change=57 q_delta=0.385436 q_grad=0.001564
epoch=22 loss_total=0.684486 loss_rec=0.621449 valid_auc=0.685413 valid_rmse=0.473589 q_change=56 q_delta=0.386040 q_grad=0.001717
epoch=23 loss_total=0.681625 loss_rec=0.618855 valid_auc=0.681763 valid_rmse=0.473478 q_change=56 q_delta=0.387547 q_grad=0.001718
epoch=24 loss_total=0.676629 loss_rec=0.614115 valid_auc=0.681696 valid_rmse=0.474067 q_change=56 q_delta=0.388635 q_grad=0.001756
epoch=25 loss_total=0.678717 loss_rec=0.616495 valid_auc=0.682634 valid_rmse=0.474088 q_change=56 q_delta=0.389529 q_grad=0.001906
epoch=26 loss_total=0.676242 loss_rec=0.614256 valid_auc=0.684219 valid_rmse=0.474817 q_change=56 q_delta=0.390402 q_grad=0.001886
epoch=27 loss_total=0.673214 loss_rec=0.611414 valid_auc=0.685937 valid_rmse=0.475176 q_change=56 q_delta=0.391046 q_grad=0.001871
epoch=28 loss_total=0.675894 loss_rec=0.614401 valid_auc=0.683856 valid_rmse=0.474587 q_change=56 q_delta=0.392106 q_grad=0.001951
epoch=29 loss_total=0.670680 loss_rec=0.609495 valid_auc=0.686998 valid_rmse=0.473662 q_change=56 q_delta=0.392816 q_grad=0.001979
epoch=30 loss_total=0.670759 loss_rec=0.609766 valid_auc=0.689085 valid_rmse=0.474006 q_change=56 q_delta=0.393257 q_grad=0.001936
epoch=31 loss_total=0.667388 loss_rec=0.606544 valid_auc=0.689040 valid_rmse=0.473673 q_change=56 q_delta=0.393800 q_grad=0.001968
epoch=32 loss_total=0.669059 loss_rec=0.608417 valid_auc=0.690569 valid_rmse=0.473704 q_change=56 q_delta=0.394260 q_grad=0.002012
epoch=33 loss_total=0.667551 loss_rec=0.607075 valid_auc=0.688884 valid_rmse=0.472295 q_change=56 q_delta=0.395038 q_grad=0.001989
epoch=34 loss_total=0.667052 loss_rec=0.606787 valid_auc=0.687746 valid_rmse=0.472396 q_change=55 q_delta=0.395466 q_grad=0.001972
epoch=35 loss_total=0.667117 loss_rec=0.607053 valid_auc=0.691417 valid_rmse=0.471444 q_change=54 q_delta=0.395876 q_grad=0.001939
epoch=36 loss_total=0.663246 loss_rec=0.603231 valid_auc=0.692366 valid_rmse=0.472266 q_change=54 q_delta=0.395881 q_grad=0.002000
epoch=37 loss_total=0.658144 loss_rec=0.598228 valid_auc=0.692533 valid_rmse=0.472183 q_change=53 q_delta=0.396608 q_grad=0.002000
epoch=38 loss_total=0.657508 loss_rec=0.597783 valid_auc=0.691752 valid_rmse=0.474054 q_change=53 q_delta=0.397335 q_grad=0.002102
epoch=39 loss_total=0.659668 loss_rec=0.600095 valid_auc=0.693002 valid_rmse=0.471257 q_change=53 q_delta=0.398421 q_grad=0.002025
epoch=40 loss_total=0.655546 loss_rec=0.596160 valid_auc=0.692913 valid_rmse=0.471776 q_change=53 q_delta=0.399181 q_grad=0.002069
epoch=41 loss_total=0.652227 loss_rec=0.593038 valid_auc=0.694297 valid_rmse=0.472017 q_change=52 q_delta=0.399941 q_grad=0.002046
epoch=42 loss_total=0.655106 loss_rec=0.596048 valid_auc=0.691127 valid_rmse=0.472343 q_change=52 q_delta=0.400727 q_grad=0.002152
epoch=43 loss_total=0.650563 loss_rec=0.591603 valid_auc=0.690636 valid_rmse=0.472769 q_change=52 q_delta=0.401486 q_grad=0.002104
epoch=44 loss_total=0.652088 loss_rec=0.593345 valid_auc=0.691295 valid_rmse=0.473057 q_change=52 q_delta=0.402255 q_grad=0.002149
epoch=45 loss_total=0.648163 loss_rec=0.589620 valid_auc=0.692260 valid_rmse=0.475463 q_change=52 q_delta=0.402841 q_grad=0.002176
epoch=46 loss_total=0.649139 loss_rec=0.590704 valid_auc=0.693047 valid_rmse=0.471537 q_change=52 q_delta=0.403881 q_grad=0.002142
epoch=47 loss_total=0.646916 loss_rec=0.588698 valid_auc=0.694063 valid_rmse=0.472847 q_change=52 q_delta=0.404416 q_grad=0.002162
epoch=48 loss_total=0.645125 loss_rec=0.587021 valid_auc=0.691920 valid_rmse=0.472453 q_change=52 q_delta=0.405102 q_grad=0.002232
epoch=49 loss_total=0.642834 loss_rec=0.584861 valid_auc=0.693114 valid_rmse=0.472308 q_change=52 q_delta=0.405627 q_grad=0.002270
epoch=50 loss_total=0.639122 loss_rec=0.581258 valid_auc=0.690625 valid_rmse=0.473616 q_change=52 q_delta=0.406066 q_grad=0.002184
epoch=51 loss_total=0.639792 loss_rec=0.582053 valid_auc=0.692522 valid_rmse=0.475249 q_change=52 q_delta=0.406379 q_grad=0.002317
epoch=52 loss_total=0.640997 loss_rec=0.583373 valid_auc=0.691429 valid_rmse=0.473234 q_change=52 q_delta=0.406902 q_grad=0.002323
epoch=53 loss_total=0.641984 loss_rec=0.584409 valid_auc=0.693080 valid_rmse=0.473003 q_change=52 q_delta=0.407209 q_grad=0.002340
epoch=54 loss_total=0.633531 loss_rec=0.575993 valid_auc=0.689241 valid_rmse=0.475183 q_change=52 q_delta=0.407269 q_grad=0.002332
epoch=55 loss_total=0.631745 loss_rec=0.574269 valid_auc=0.694196 valid_rmse=0.472846 q_change=52 q_delta=0.407712 q_grad=0.002368
epoch=56 loss_total=0.632699 loss_rec=0.575234 valid_auc=0.690937 valid_rmse=0.473726 q_change=52 q_delta=0.407846 q_grad=0.002400
epoch=57 loss_total=0.630120 loss_rec=0.572646 valid_auc=0.690592 valid_rmse=0.476159 q_change=52 q_delta=0.407880 q_grad=0.002530
epoch=58 loss_total=0.625402 loss_rec=0.567853 valid_auc=0.689453 valid_rmse=0.477706 q_change=51 q_delta=0.407909 q_grad=0.002515
epoch=59 loss_total=0.624875 loss_rec=0.567349 valid_auc=0.689230 valid_rmse=0.474410 q_change=51 q_delta=0.408551 q_grad=0.002492
epoch=60 loss_total=0.622910 loss_rec=0.565314 valid_auc=0.690525 valid_rmse=0.475892 q_change=50 q_delta=0.408765 q_grad=0.002561
epoch=61 loss_total=0.620202 loss_rec=0.562517 valid_auc=0.689275 valid_rmse=0.475430 q_change=50 q_delta=0.409434 q_grad=0.002648
Early stopping at epoch 61; best_epoch=41.
Saved run to C:\Users\YAN_SHU_YU\Desktop\Generative-CD\Q_GNCDM\results\weak_q_lambda_sweep\lq_0p1_ls_0p5_lb_0p05\seed_2026\noise_0.20\weak-q_lq_0p1_ls_0p5_lb_0p05
Final metrics: q_hat_f1=0.163934 response_auc=0.687728 mastery_pearson=0.340410
