run=weak-q_lq_0p1_ls_0p8_lb_0p3 mode=weak-q noise=0.20 train=4200 valid=600 test=1200
epoch=1 loss_total=1.146161 loss_rec=0.725668 valid_auc=0.587494 valid_rmse=0.499760 q_change=57 q_delta=0.079765 q_grad=0.000833
epoch=2 loss_total=1.061711 loss_rec=0.706030 valid_auc=0.593119 valid_rmse=0.499368 q_change=57 q_delta=0.152225 q_grad=0.000791
epoch=3 loss_total=0.997266 loss_rec=0.700356 valid_auc=0.603661 valid_rmse=0.498718 q_change=57 q_delta=0.213872 q_grad=0.000728
epoch=4 loss_total=0.941260 loss_rec=0.694594 valid_auc=0.619576 valid_rmse=0.498290 q_change=57 q_delta=0.263850 q_grad=0.000648
epoch=5 loss_total=0.901205 loss_rec=0.695169 valid_auc=0.639007 valid_rmse=0.496879 q_change=57 q_delta=0.302775 q_grad=0.000563
epoch=6 loss_total=0.865834 loss_rec=0.691764 valid_auc=0.654654 valid_rmse=0.496641 q_change=57 q_delta=0.332504 q_grad=0.000486
epoch=7 loss_total=0.835985 loss_rec=0.686624 valid_auc=0.656585 valid_rmse=0.495857 q_change=57 q_delta=0.355110 q_grad=0.000424
epoch=8 loss_total=0.814046 loss_rec=0.683467 valid_auc=0.650943 valid_rmse=0.494177 q_change=57 q_delta=0.371875 q_grad=0.000382
epoch=9 loss_total=0.794940 loss_rec=0.678317 valid_auc=0.653270 valid_rmse=0.489280 q_change=57 q_delta=0.384369 q_grad=0.000390
epoch=10 loss_total=0.780907 loss_rec=0.674772 valid_auc=0.655826 valid_rmse=0.486717 q_change=57 q_delta=0.393356 q_grad=0.000427
epoch=11 loss_total=0.766852 loss_rec=0.668258 valid_auc=0.655162 valid_rmse=0.484229 q_change=57 q_delta=0.400507 q_grad=0.000515
epoch=12 loss_total=0.749845 loss_rec=0.657806 valid_auc=0.658571 valid_rmse=0.484639 q_change=57 q_delta=0.406595 q_grad=0.000593
epoch=13 loss_total=0.741941 loss_rec=0.655601 valid_auc=0.660156 valid_rmse=0.480865 q_change=57 q_delta=0.411886 q_grad=0.000611
epoch=14 loss_total=0.735825 loss_rec=0.654024 valid_auc=0.663549 valid_rmse=0.482157 q_change=57 q_delta=0.416047 q_grad=0.000677
epoch=15 loss_total=0.731046 loss_rec=0.653206 valid_auc=0.660848 valid_rmse=0.480574 q_change=57 q_delta=0.419925 q_grad=0.000709
epoch=16 loss_total=0.728002 loss_rec=0.653435 valid_auc=0.662020 valid_rmse=0.480652 q_change=57 q_delta=0.422991 q_grad=0.000772
epoch=17 loss_total=0.725421 loss_rec=0.653826 valid_auc=0.664364 valid_rmse=0.481260 q_change=57 q_delta=0.425704 q_grad=0.000746
epoch=18 loss_total=0.718162 loss_rec=0.649110 valid_auc=0.665636 valid_rmse=0.480633 q_change=57 q_delta=0.428168 q_grad=0.000762
epoch=19 loss_total=0.714384 loss_rec=0.647571 valid_auc=0.665279 valid_rmse=0.480523 q_change=57 q_delta=0.430268 q_grad=0.000806
epoch=20 loss_total=0.713033 loss_rec=0.648128 valid_auc=0.668683 valid_rmse=0.479129 q_change=57 q_delta=0.432243 q_grad=0.000872
epoch=21 loss_total=0.708797 loss_rec=0.645728 valid_auc=0.667500 valid_rmse=0.480061 q_change=57 q_delta=0.433774 q_grad=0.000827
epoch=22 loss_total=0.708053 loss_rec=0.646478 valid_auc=0.667266 valid_rmse=0.479012 q_change=57 q_delta=0.435271 q_grad=0.000889
epoch=23 loss_total=0.703903 loss_rec=0.643739 valid_auc=0.666004 valid_rmse=0.478843 q_change=57 q_delta=0.436695 q_grad=0.000894
epoch=24 loss_total=0.699542 loss_rec=0.640698 valid_auc=0.667344 valid_rmse=0.479296 q_change=57 q_delta=0.437866 q_grad=0.000924
epoch=25 loss_total=0.701716 loss_rec=0.643961 valid_auc=0.666484 valid_rmse=0.478766 q_change=57 q_delta=0.438896 q_grad=0.000997
epoch=26 loss_total=0.699108 loss_rec=0.642374 valid_auc=0.666306 valid_rmse=0.479235 q_change=57 q_delta=0.439857 q_grad=0.001007
epoch=27 loss_total=0.697098 loss_rec=0.641231 valid_auc=0.667857 valid_rmse=0.478669 q_change=57 q_delta=0.440713 q_grad=0.001008
epoch=28 loss_total=0.697547 loss_rec=0.642520 valid_auc=0.668862 valid_rmse=0.478067 q_change=57 q_delta=0.441534 q_grad=0.001049
epoch=29 loss_total=0.694870 loss_rec=0.640601 valid_auc=0.670078 valid_rmse=0.477965 q_change=57 q_delta=0.442255 q_grad=0.001097
epoch=30 loss_total=0.695784 loss_rec=0.642201 valid_auc=0.671060 valid_rmse=0.478377 q_change=57 q_delta=0.442844 q_grad=0.001095
epoch=31 loss_total=0.692027 loss_rec=0.638998 valid_auc=0.670714 valid_rmse=0.477500 q_change=57 q_delta=0.443496 q_grad=0.001121
epoch=32 loss_total=0.693844 loss_rec=0.641402 valid_auc=0.671975 valid_rmse=0.478187 q_change=57 q_delta=0.443962 q_grad=0.001170
epoch=33 loss_total=0.692625 loss_rec=0.640622 valid_auc=0.671150 valid_rmse=0.476967 q_change=57 q_delta=0.444616 q_grad=0.001164
epoch=34 loss_total=0.691635 loss_rec=0.640167 valid_auc=0.670536 valid_rmse=0.476672 q_change=57 q_delta=0.445005 q_grad=0.001191
epoch=35 loss_total=0.693272 loss_rec=0.642228 valid_auc=0.671959 valid_rmse=0.476273 q_change=57 q_delta=0.445408 q_grad=0.001188
epoch=36 loss_total=0.689805 loss_rec=0.639137 valid_auc=0.672857 valid_rmse=0.477476 q_change=57 q_delta=0.445704 q_grad=0.001234
epoch=37 loss_total=0.685512 loss_rec=0.635207 valid_auc=0.673862 valid_rmse=0.476561 q_change=57 q_delta=0.446067 q_grad=0.001264
epoch=38 loss_total=0.684285 loss_rec=0.634283 valid_auc=0.674810 valid_rmse=0.477584 q_change=57 q_delta=0.446354 q_grad=0.001356
epoch=39 loss_total=0.687705 loss_rec=0.638029 valid_auc=0.674453 valid_rmse=0.475954 q_change=57 q_delta=0.446775 q_grad=0.001339
epoch=40 loss_total=0.684280 loss_rec=0.634931 valid_auc=0.674788 valid_rmse=0.476214 q_change=57 q_delta=0.447017 q_grad=0.001386
epoch=41 loss_total=0.680620 loss_rec=0.631525 valid_auc=0.677193 valid_rmse=0.476288 q_change=57 q_delta=0.447223 q_grad=0.001402
epoch=42 loss_total=0.685154 loss_rec=0.636273 valid_auc=0.673951 valid_rmse=0.476601 q_change=57 q_delta=0.447475 q_grad=0.001457
epoch=43 loss_total=0.681852 loss_rec=0.633156 valid_auc=0.674241 valid_rmse=0.476248 q_change=57 q_delta=0.447623 q_grad=0.001431
epoch=44 loss_total=0.682274 loss_rec=0.633762 valid_auc=0.675212 valid_rmse=0.476491 q_change=57 q_delta=0.447828 q_grad=0.001498
epoch=45 loss_total=0.680055 loss_rec=0.631725 valid_auc=0.677243 valid_rmse=0.477652 q_change=57 q_delta=0.447924 q_grad=0.001544
epoch=46 loss_total=0.681940 loss_rec=0.633718 valid_auc=0.678661 valid_rmse=0.474901 q_change=57 q_delta=0.448121 q_grad=0.001539
epoch=47 loss_total=0.679321 loss_rec=0.631236 valid_auc=0.679464 valid_rmse=0.475338 q_change=57 q_delta=0.448173 q_grad=0.001571
epoch=48 loss_total=0.680773 loss_rec=0.632769 valid_auc=0.681283 valid_rmse=0.474305 q_change=57 q_delta=0.448290 q_grad=0.001598
epoch=49 loss_total=0.678626 loss_rec=0.630655 valid_auc=0.681406 valid_rmse=0.474460 q_change=57 q_delta=0.448352 q_grad=0.001643
epoch=50 loss_total=0.675137 loss_rec=0.627239 valid_auc=0.679833 valid_rmse=0.474742 q_change=57 q_delta=0.448382 q_grad=0.001595
epoch=51 loss_total=0.676136 loss_rec=0.628267 valid_auc=0.681161 valid_rmse=0.476554 q_change=57 q_delta=0.448324 q_grad=0.001737
epoch=52 loss_total=0.677173 loss_rec=0.629315 valid_auc=0.680592 valid_rmse=0.474550 q_change=57 q_delta=0.448389 q_grad=0.001757
epoch=53 loss_total=0.678829 loss_rec=0.630993 valid_auc=0.682500 valid_rmse=0.474188 q_change=57 q_delta=0.448392 q_grad=0.001744
epoch=54 loss_total=0.670954 loss_rec=0.623082 valid_auc=0.682455 valid_rmse=0.475129 q_change=57 q_delta=0.448277 q_grad=0.001741
epoch=55 loss_total=0.671741 loss_rec=0.623787 valid_auc=0.685525 valid_rmse=0.473513 q_change=57 q_delta=0.448229 q_grad=0.001782
epoch=56 loss_total=0.673145 loss_rec=0.625142 valid_auc=0.684074 valid_rmse=0.473546 q_change=57 q_delta=0.448172 q_grad=0.001851
epoch=57 loss_total=0.672372 loss_rec=0.624266 valid_auc=0.684888 valid_rmse=0.475918 q_change=57 q_delta=0.447949 q_grad=0.001888
epoch=58 loss_total=0.668590 loss_rec=0.620310 valid_auc=0.684967 valid_rmse=0.475067 q_change=57 q_delta=0.447821 q_grad=0.001867
epoch=59 loss_total=0.669133 loss_rec=0.620772 valid_auc=0.685123 valid_rmse=0.473229 q_change=57 q_delta=0.447697 q_grad=0.001892
epoch=60 loss_total=0.668343 loss_rec=0.619801 valid_auc=0.688538 valid_rmse=0.473021 q_change=57 q_delta=0.447385 q_grad=0.001913
epoch=61 loss_total=0.668013 loss_rec=0.619177 valid_auc=0.687455 valid_rmse=0.473517 q_change=57 q_delta=0.447138 q_grad=0.001942
epoch=62 loss_total=0.667107 loss_rec=0.618114 valid_auc=0.687388 valid_rmse=0.472326 q_change=57 q_delta=0.446973 q_grad=0.001896
epoch=63 loss_total=0.667864 loss_rec=0.618673 valid_auc=0.687009 valid_rmse=0.472872 q_change=56 q_delta=0.446621 q_grad=0.001878
epoch=64 loss_total=0.669911 loss_rec=0.620576 valid_auc=0.689676 valid_rmse=0.474682 q_change=56 q_delta=0.446772 q_grad=0.001958
epoch=65 loss_total=0.663630 loss_rec=0.614142 valid_auc=0.688538 valid_rmse=0.471707 q_change=56 q_delta=0.447126 q_grad=0.001845
epoch=66 loss_total=0.664668 loss_rec=0.615128 valid_auc=0.691272 valid_rmse=0.472123 q_change=56 q_delta=0.447338 q_grad=0.001950
epoch=67 loss_total=0.666340 loss_rec=0.616782 valid_auc=0.687600 valid_rmse=0.473588 q_change=56 q_delta=0.447608 q_grad=0.001915
epoch=68 loss_total=0.662649 loss_rec=0.613107 valid_auc=0.690815 valid_rmse=0.473092 q_change=56 q_delta=0.447796 q_grad=0.001926
epoch=69 loss_total=0.659323 loss_rec=0.609781 valid_auc=0.693873 valid_rmse=0.477963 q_change=56 q_delta=0.447881 q_grad=0.001977
epoch=70 loss_total=0.659929 loss_rec=0.610415 valid_auc=0.690837 valid_rmse=0.471710 q_change=56 q_delta=0.448167 q_grad=0.001970
epoch=71 loss_total=0.661569 loss_rec=0.612169 valid_auc=0.691981 valid_rmse=0.471596 q_change=56 q_delta=0.448365 q_grad=0.001960
epoch=72 loss_total=0.660517 loss_rec=0.611127 valid_auc=0.691049 valid_rmse=0.472304 q_change=56 q_delta=0.448459 q_grad=0.001987
epoch=73 loss_total=0.658519 loss_rec=0.609232 valid_auc=0.688973 valid_rmse=0.472273 q_change=56 q_delta=0.448694 q_grad=0.002023
epoch=74 loss_total=0.661616 loss_rec=0.612400 valid_auc=0.691016 valid_rmse=0.472402 q_change=56 q_delta=0.448774 q_grad=0.001980
epoch=75 loss_total=0.660233 loss_rec=0.611066 valid_auc=0.690670 valid_rmse=0.476841 q_change=56 q_delta=0.448801 q_grad=0.001958
epoch=76 loss_total=0.660631 loss_rec=0.611458 valid_auc=0.689018 valid_rmse=0.472058 q_change=56 q_delta=0.448965 q_grad=0.001949
epoch=77 loss_total=0.654739 loss_rec=0.605619 valid_auc=0.689286 valid_rmse=0.475017 q_change=55 q_delta=0.448975 q_grad=0.001933
epoch=78 loss_total=0.656658 loss_rec=0.607622 valid_auc=0.690391 valid_rmse=0.473031 q_change=55 q_delta=0.449116 q_grad=0.002070
epoch=79 loss_total=0.656753 loss_rec=0.607798 valid_auc=0.689955 valid_rmse=0.472681 q_change=55 q_delta=0.449302 q_grad=0.002145
epoch=80 loss_total=0.656168 loss_rec=0.607281 valid_auc=0.690681 valid_rmse=0.471909 q_change=55 q_delta=0.449362 q_grad=0.002044
epoch=81 loss_total=0.653389 loss_rec=0.604500 valid_auc=0.691038 valid_rmse=0.472930 q_change=55 q_delta=0.449332 q_grad=0.002111
epoch=82 loss_total=0.653666 loss_rec=0.604837 valid_auc=0.690592 valid_rmse=0.472858 q_change=55 q_delta=0.449451 q_grad=0.002119
epoch=83 loss_total=0.652601 loss_rec=0.603816 valid_auc=0.691339 valid_rmse=0.475936 q_change=55 q_delta=0.449417 q_grad=0.002090
epoch=84 loss_total=0.653181 loss_rec=0.604376 valid_auc=0.691775 valid_rmse=0.472944 q_change=55 q_delta=0.449473 q_grad=0.002142
epoch=85 loss_total=0.654289 loss_rec=0.605487 valid_auc=0.690692 valid_rmse=0.476242 q_change=55 q_delta=0.449450 q_grad=0.002176
epoch=86 loss_total=0.656107 loss_rec=0.607311 valid_auc=0.690056 valid_rmse=0.474098 q_change=55 q_delta=0.449501 q_grad=0.002161
epoch=87 loss_total=0.651714 loss_rec=0.602860 valid_auc=0.689208 valid_rmse=0.473454 q_change=55 q_delta=0.449534 q_grad=0.002119
epoch=88 loss_total=0.646410 loss_rec=0.597517 valid_auc=0.688259 valid_rmse=0.474227 q_change=55 q_delta=0.449563 q_grad=0.002174
epoch=89 loss_total=0.647736 loss_rec=0.598843 valid_auc=0.689040 valid_rmse=0.478633 q_change=55 q_delta=0.449537 q_grad=0.002193
Early stopping at epoch 89; best_epoch=69.
Saved run to C:\Users\YAN_SHU_YU\Desktop\Generative-CD\Q_GNCDM\results\weak_q_lambda_sweep\lq_0p1_ls_0p8_lb_0p3\seed_2026\noise_0.20\weak-q_lq_0p1_ls_0p8_lb_0p3
Final metrics: q_hat_f1=0.035088 response_auc=0.683389 mastery_pearson=0.274900
