run=weak-q_lq_0p1_ls_0p5_lb_0p6 mode=weak-q noise=0.20 train=4200 valid=600 test=1200
epoch=1 loss_total=1.088845 loss_rec=0.725669 valid_auc=0.587667 valid_rmse=0.499759 q_change=57 q_delta=0.080515 q_grad=0.000569
epoch=2 loss_total=1.021427 loss_rec=0.706076 valid_auc=0.594196 valid_rmse=0.499371 q_change=57 q_delta=0.156077 q_grad=0.000587
epoch=3 loss_total=0.967613 loss_rec=0.700497 valid_auc=0.606607 valid_rmse=0.498746 q_change=57 q_delta=0.221487 q_grad=0.000577
epoch=4 loss_total=0.917757 loss_rec=0.694915 valid_auc=0.623783 valid_rmse=0.498396 q_change=57 q_delta=0.274392 q_grad=0.000536
epoch=5 loss_total=0.881490 loss_rec=0.695751 valid_auc=0.642969 valid_rmse=0.497131 q_change=57 q_delta=0.314855 q_grad=0.000477
epoch=6 loss_total=0.848980 loss_rec=0.692812 valid_auc=0.657768 valid_rmse=0.497159 q_change=57 q_delta=0.345035 q_grad=0.000416
epoch=7 loss_total=0.821857 loss_rec=0.688581 valid_auc=0.659442 valid_rmse=0.496861 q_change=57 q_delta=0.367521 q_grad=0.000364
epoch=8 loss_total=0.802850 loss_rec=0.686979 valid_auc=0.652645 valid_rmse=0.496050 q_change=57 q_delta=0.384017 q_grad=0.000322
epoch=9 loss_total=0.787335 loss_rec=0.684459 valid_auc=0.654263 valid_rmse=0.492811 q_change=57 q_delta=0.396265 q_grad=0.000312
epoch=10 loss_total=0.776066 loss_rec=0.682952 valid_auc=0.657422 valid_rmse=0.490983 q_change=57 q_delta=0.404848 q_grad=0.000317
epoch=11 loss_total=0.762731 loss_rec=0.676368 valid_auc=0.656283 valid_rmse=0.487044 q_change=57 q_delta=0.411078 q_grad=0.000371
epoch=12 loss_total=0.745011 loss_rec=0.663988 valid_auc=0.659196 valid_rmse=0.486124 q_change=57 q_delta=0.416046 q_grad=0.000457
epoch=13 loss_total=0.736685 loss_rec=0.660341 valid_auc=0.659978 valid_rmse=0.482301 q_change=57 q_delta=0.420609 q_grad=0.000500
epoch=14 loss_total=0.730396 loss_rec=0.657919 valid_auc=0.659286 valid_rmse=0.483568 q_change=57 q_delta=0.424242 q_grad=0.000563
epoch=15 loss_total=0.726018 loss_rec=0.656916 valid_auc=0.658717 valid_rmse=0.481685 q_change=57 q_delta=0.427631 q_grad=0.000599
epoch=16 loss_total=0.722932 loss_rec=0.656609 valid_auc=0.659141 valid_rmse=0.481567 q_change=57 q_delta=0.430285 q_grad=0.000660
epoch=17 loss_total=0.720874 loss_rec=0.657083 valid_auc=0.661027 valid_rmse=0.482218 q_change=57 q_delta=0.432653 q_grad=0.000637
epoch=18 loss_total=0.713990 loss_rec=0.652376 valid_auc=0.661540 valid_rmse=0.481904 q_change=57 q_delta=0.434795 q_grad=0.000647
epoch=19 loss_total=0.710303 loss_rec=0.650581 valid_auc=0.661496 valid_rmse=0.481591 q_change=57 q_delta=0.436607 q_grad=0.000680
epoch=20 loss_total=0.709307 loss_rec=0.651196 valid_auc=0.664587 valid_rmse=0.480302 q_change=57 q_delta=0.438336 q_grad=0.000738
epoch=21 loss_total=0.705379 loss_rec=0.648839 valid_auc=0.663683 valid_rmse=0.481019 q_change=57 q_delta=0.439668 q_grad=0.000693
epoch=22 loss_total=0.705070 loss_rec=0.649810 valid_auc=0.663013 valid_rmse=0.480142 q_change=57 q_delta=0.440991 q_grad=0.000744
epoch=23 loss_total=0.701236 loss_rec=0.647195 valid_auc=0.661830 valid_rmse=0.480175 q_change=57 q_delta=0.442237 q_grad=0.000746
epoch=24 loss_total=0.697267 loss_rec=0.644371 valid_auc=0.663616 valid_rmse=0.480862 q_change=57 q_delta=0.443268 q_grad=0.000764
epoch=25 loss_total=0.699251 loss_rec=0.647292 valid_auc=0.663103 valid_rmse=0.480084 q_change=57 q_delta=0.444194 q_grad=0.000817
epoch=26 loss_total=0.697122 loss_rec=0.646062 valid_auc=0.662801 valid_rmse=0.480357 q_change=57 q_delta=0.445060 q_grad=0.000827
epoch=27 loss_total=0.695489 loss_rec=0.645196 valid_auc=0.663772 valid_rmse=0.479945 q_change=57 q_delta=0.445850 q_grad=0.000821
epoch=28 loss_total=0.695731 loss_rec=0.646185 valid_auc=0.665368 valid_rmse=0.479827 q_change=57 q_delta=0.446575 q_grad=0.000847
epoch=29 loss_total=0.693680 loss_rec=0.644820 valid_auc=0.665525 valid_rmse=0.479554 q_change=57 q_delta=0.447252 q_grad=0.000881
epoch=30 loss_total=0.694471 loss_rec=0.646224 valid_auc=0.667009 valid_rmse=0.480238 q_change=57 q_delta=0.447774 q_grad=0.000880
epoch=31 loss_total=0.691114 loss_rec=0.643384 valid_auc=0.665926 valid_rmse=0.479240 q_change=57 q_delta=0.448415 q_grad=0.000895
epoch=32 loss_total=0.692925 loss_rec=0.645733 valid_auc=0.667411 valid_rmse=0.479477 q_change=57 q_delta=0.448859 q_grad=0.000930
epoch=33 loss_total=0.691701 loss_rec=0.644914 valid_auc=0.666395 valid_rmse=0.478570 q_change=57 q_delta=0.449449 q_grad=0.000924
epoch=34 loss_total=0.691038 loss_rec=0.644744 valid_auc=0.666083 valid_rmse=0.478571 q_change=57 q_delta=0.449809 q_grad=0.000946
epoch=35 loss_total=0.692709 loss_rec=0.646808 valid_auc=0.667321 valid_rmse=0.478346 q_change=57 q_delta=0.450191 q_grad=0.000939
epoch=36 loss_total=0.689233 loss_rec=0.643690 valid_auc=0.667277 valid_rmse=0.479552 q_change=57 q_delta=0.450486 q_grad=0.000979
epoch=37 loss_total=0.685822 loss_rec=0.640631 valid_auc=0.668739 valid_rmse=0.478525 q_change=57 q_delta=0.450848 q_grad=0.001001
epoch=38 loss_total=0.684431 loss_rec=0.639536 valid_auc=0.668259 valid_rmse=0.479371 q_change=57 q_delta=0.451140 q_grad=0.001073
epoch=39 loss_total=0.687580 loss_rec=0.643006 valid_auc=0.668371 valid_rmse=0.477734 q_change=57 q_delta=0.451561 q_grad=0.001058
epoch=40 loss_total=0.684675 loss_rec=0.640420 valid_auc=0.669074 valid_rmse=0.478148 q_change=57 q_delta=0.451799 q_grad=0.001101
epoch=41 loss_total=0.681238 loss_rec=0.637250 valid_auc=0.669821 valid_rmse=0.477758 q_change=57 q_delta=0.452058 q_grad=0.001107
epoch=42 loss_total=0.685627 loss_rec=0.641872 valid_auc=0.667277 valid_rmse=0.478368 q_change=57 q_delta=0.452306 q_grad=0.001158
epoch=43 loss_total=0.682440 loss_rec=0.638892 valid_auc=0.666708 valid_rmse=0.477944 q_change=57 q_delta=0.452516 q_grad=0.001138
epoch=44 loss_total=0.683113 loss_rec=0.639777 valid_auc=0.667533 valid_rmse=0.478218 q_change=57 q_delta=0.452732 q_grad=0.001195
epoch=45 loss_total=0.680603 loss_rec=0.637472 valid_auc=0.668304 valid_rmse=0.478854 q_change=57 q_delta=0.452870 q_grad=0.001232
epoch=46 loss_total=0.683025 loss_rec=0.640039 valid_auc=0.670011 valid_rmse=0.476923 q_change=57 q_delta=0.453098 q_grad=0.001240
epoch=47 loss_total=0.680604 loss_rec=0.637801 valid_auc=0.669475 valid_rmse=0.477325 q_change=57 q_delta=0.453215 q_grad=0.001273
epoch=48 loss_total=0.682243 loss_rec=0.639587 valid_auc=0.671618 valid_rmse=0.476419 q_change=57 q_delta=0.453394 q_grad=0.001290
epoch=49 loss_total=0.680273 loss_rec=0.637711 valid_auc=0.672154 valid_rmse=0.476544 q_change=57 q_delta=0.453512 q_grad=0.001333
epoch=50 loss_total=0.677094 loss_rec=0.634675 valid_auc=0.671150 valid_rmse=0.476593 q_change=57 q_delta=0.453615 q_grad=0.001293
epoch=51 loss_total=0.677897 loss_rec=0.635558 valid_auc=0.670335 valid_rmse=0.478075 q_change=57 q_delta=0.453645 q_grad=0.001436
epoch=52 loss_total=0.679065 loss_rec=0.636807 valid_auc=0.671317 valid_rmse=0.476707 q_change=57 q_delta=0.453783 q_grad=0.001471
epoch=53 loss_total=0.680202 loss_rec=0.638058 valid_auc=0.672321 valid_rmse=0.476577 q_change=57 q_delta=0.453886 q_grad=0.001464
epoch=54 loss_total=0.673031 loss_rec=0.630943 valid_auc=0.672958 valid_rmse=0.477364 q_change=57 q_delta=0.453889 q_grad=0.001489
epoch=55 loss_total=0.673666 loss_rec=0.631605 valid_auc=0.675893 valid_rmse=0.475900 q_change=57 q_delta=0.453965 q_grad=0.001530
epoch=56 loss_total=0.674935 loss_rec=0.632937 valid_auc=0.675603 valid_rmse=0.475711 q_change=57 q_delta=0.454034 q_grad=0.001626
epoch=57 loss_total=0.674509 loss_rec=0.632553 valid_auc=0.675614 valid_rmse=0.478140 q_change=57 q_delta=0.453995 q_grad=0.001667
epoch=58 loss_total=0.671115 loss_rec=0.629166 valid_auc=0.676496 valid_rmse=0.477363 q_change=57 q_delta=0.454036 q_grad=0.001659
epoch=59 loss_total=0.671935 loss_rec=0.630033 valid_auc=0.676618 valid_rmse=0.475782 q_change=57 q_delta=0.454096 q_grad=0.001721
epoch=60 loss_total=0.671458 loss_rec=0.629577 valid_auc=0.679051 valid_rmse=0.475478 q_change=57 q_delta=0.454072 q_grad=0.001761
epoch=61 loss_total=0.671571 loss_rec=0.629628 valid_auc=0.678571 valid_rmse=0.475818 q_change=57 q_delta=0.454053 q_grad=0.001812
epoch=62 loss_total=0.670588 loss_rec=0.628660 valid_auc=0.678449 valid_rmse=0.475033 q_change=57 q_delta=0.454074 q_grad=0.001783
epoch=63 loss_total=0.672170 loss_rec=0.630225 valid_auc=0.678103 valid_rmse=0.475585 q_change=57 q_delta=0.454016 q_grad=0.001797
epoch=64 loss_total=0.674174 loss_rec=0.632212 valid_auc=0.680000 valid_rmse=0.476532 q_change=57 q_delta=0.453954 q_grad=0.001885
epoch=65 loss_total=0.668168 loss_rec=0.626166 valid_auc=0.679688 valid_rmse=0.474885 q_change=57 q_delta=0.454018 q_grad=0.001807
epoch=66 loss_total=0.670057 loss_rec=0.628041 valid_auc=0.681440 valid_rmse=0.474573 q_change=57 q_delta=0.453950 q_grad=0.001911
epoch=67 loss_total=0.671659 loss_rec=0.629610 valid_auc=0.679085 valid_rmse=0.475726 q_change=57 q_delta=0.453903 q_grad=0.001888
epoch=68 loss_total=0.668105 loss_rec=0.626010 valid_auc=0.679922 valid_rmse=0.475827 q_change=57 q_delta=0.453826 q_grad=0.001917
epoch=69 loss_total=0.665012 loss_rec=0.622858 valid_auc=0.683884 valid_rmse=0.480698 q_change=57 q_delta=0.453622 q_grad=0.001989
epoch=70 loss_total=0.666289 loss_rec=0.624005 valid_auc=0.680078 valid_rmse=0.474636 q_change=57 q_delta=0.453658 q_grad=0.002004
epoch=71 loss_total=0.666735 loss_rec=0.624419 valid_auc=0.682154 valid_rmse=0.474238 q_change=57 q_delta=0.453555 q_grad=0.002007
epoch=72 loss_total=0.667353 loss_rec=0.624904 valid_auc=0.680502 valid_rmse=0.474816 q_change=57 q_delta=0.453369 q_grad=0.002050
epoch=73 loss_total=0.664168 loss_rec=0.621589 valid_auc=0.678560 valid_rmse=0.475039 q_change=57 q_delta=0.453223 q_grad=0.002076
epoch=74 loss_total=0.666844 loss_rec=0.624094 valid_auc=0.681138 valid_rmse=0.474980 q_change=57 q_delta=0.452945 q_grad=0.002037
epoch=75 loss_total=0.665699 loss_rec=0.622749 valid_auc=0.680547 valid_rmse=0.478950 q_change=57 q_delta=0.452614 q_grad=0.002047
epoch=76 loss_total=0.666122 loss_rec=0.622930 valid_auc=0.678705 valid_rmse=0.474733 q_change=57 q_delta=0.452384 q_grad=0.002011
epoch=77 loss_total=0.659323 loss_rec=0.615950 valid_auc=0.678672 valid_rmse=0.477883 q_change=57 q_delta=0.451969 q_grad=0.002011
epoch=78 loss_total=0.661889 loss_rec=0.618312 valid_auc=0.682076 valid_rmse=0.474963 q_change=57 q_delta=0.451599 q_grad=0.002152
epoch=79 loss_total=0.660192 loss_rec=0.616378 valid_auc=0.678728 valid_rmse=0.475553 q_change=58 q_delta=0.451809 q_grad=0.002197
epoch=80 loss_total=0.660155 loss_rec=0.616240 valid_auc=0.679888 valid_rmse=0.474766 q_change=58 q_delta=0.452036 q_grad=0.002089
epoch=81 loss_total=0.656809 loss_rec=0.612739 valid_auc=0.680999 valid_rmse=0.475455 q_change=58 q_delta=0.452146 q_grad=0.002161
epoch=82 loss_total=0.657728 loss_rec=0.613608 valid_auc=0.678036 valid_rmse=0.476347 q_change=58 q_delta=0.452345 q_grad=0.002167
epoch=83 loss_total=0.655617 loss_rec=0.611433 valid_auc=0.680781 valid_rmse=0.478141 q_change=58 q_delta=0.452371 q_grad=0.002149
epoch=84 loss_total=0.657035 loss_rec=0.612815 valid_auc=0.681395 valid_rmse=0.475083 q_change=58 q_delta=0.452554 q_grad=0.002176
epoch=85 loss_total=0.655511 loss_rec=0.611283 valid_auc=0.681797 valid_rmse=0.478080 q_change=57 q_delta=0.452631 q_grad=0.002222
epoch=86 loss_total=0.660214 loss_rec=0.615997 valid_auc=0.683170 valid_rmse=0.474803 q_change=57 q_delta=0.452751 q_grad=0.002201
epoch=87 loss_total=0.654810 loss_rec=0.610567 valid_auc=0.683544 valid_rmse=0.474748 q_change=57 q_delta=0.452790 q_grad=0.002152
epoch=88 loss_total=0.649525 loss_rec=0.605273 valid_auc=0.681585 valid_rmse=0.475796 q_change=57 q_delta=0.452850 q_grad=0.002196
epoch=89 loss_total=0.651057 loss_rec=0.606816 valid_auc=0.683047 valid_rmse=0.479973 q_change=57 q_delta=0.452920 q_grad=0.002195
Early stopping at epoch 89; best_epoch=69.
Saved run to C:\Users\YAN_SHU_YU\Desktop\Generative-CD\Q_GNCDM\results\weak_q_lambda_sweep\lq_0p1_ls_0p5_lb_0p6\seed_2026\noise_0.20\weak-q_lq_0p1_ls_0p5_lb_0p6
Final metrics: q_hat_f1=0.000000 response_auc=0.689079 mastery_pearson=0.260368
