run=weak-q_lq_0p5_ls_0p4_lb_0p8 mode=weak-q noise=0.20 train=4200 valid=600 test=1200
epoch=1 loss_total=1.095082 loss_rec=0.725664 valid_auc=0.587840 valid_rmse=0.499754 q_change=57 q_delta=0.079713 q_grad=0.000462
epoch=2 loss_total=1.037935 loss_rec=0.705998 valid_auc=0.595095 valid_rmse=0.499327 q_change=57 q_delta=0.153081 q_grad=0.000458
epoch=3 loss_total=0.996134 loss_rec=0.700246 valid_auc=0.609408 valid_rmse=0.498607 q_change=57 q_delta=0.216038 q_grad=0.000441
epoch=4 loss_total=0.958011 loss_rec=0.694368 valid_auc=0.629531 valid_rmse=0.498092 q_change=57 q_delta=0.267120 q_grad=0.000406
epoch=5 loss_total=0.931802 loss_rec=0.694771 valid_auc=0.650045 valid_rmse=0.496560 q_change=57 q_delta=0.306271 q_grad=0.000366
epoch=6 loss_total=0.907027 loss_rec=0.690996 valid_auc=0.663315 valid_rmse=0.496063 q_change=57 q_delta=0.335333 q_grad=0.000330
epoch=7 loss_total=0.884958 loss_rec=0.684938 valid_auc=0.661908 valid_rmse=0.494666 q_change=57 q_delta=0.356572 q_grad=0.000310
epoch=8 loss_total=0.868198 loss_rec=0.679790 valid_auc=0.656842 valid_rmse=0.491532 q_change=57 q_delta=0.370998 q_grad=0.000325
epoch=9 loss_total=0.851205 loss_rec=0.670742 valid_auc=0.660100 valid_rmse=0.484837 q_change=57 q_delta=0.380968 q_grad=0.000405
epoch=10 loss_total=0.841080 loss_rec=0.666535 valid_auc=0.660112 valid_rmse=0.482953 q_change=57 q_delta=0.388311 q_grad=0.000497
epoch=11 loss_total=0.831863 loss_rec=0.661772 valid_auc=0.659743 valid_rmse=0.481643 q_change=57 q_delta=0.394756 q_grad=0.000604
epoch=12 loss_total=0.818834 loss_rec=0.652859 valid_auc=0.663248 valid_rmse=0.482486 q_change=57 q_delta=0.400111 q_grad=0.000670
epoch=13 loss_total=0.813651 loss_rec=0.651185 valid_auc=0.664330 valid_rmse=0.479478 q_change=57 q_delta=0.404832 q_grad=0.000687
epoch=14 loss_total=0.809887 loss_rec=0.650156 valid_auc=0.665982 valid_rmse=0.480968 q_change=57 q_delta=0.408296 q_grad=0.000768
epoch=15 loss_total=0.806743 loss_rec=0.649376 valid_auc=0.662946 valid_rmse=0.479454 q_change=57 q_delta=0.411742 q_grad=0.000808
epoch=16 loss_total=0.805289 loss_rec=0.649914 valid_auc=0.664219 valid_rmse=0.479369 q_change=57 q_delta=0.414312 q_grad=0.000894
epoch=17 loss_total=0.803310 loss_rec=0.649701 valid_auc=0.666708 valid_rmse=0.479826 q_change=57 q_delta=0.416569 q_grad=0.000871
epoch=18 loss_total=0.796891 loss_rec=0.644777 valid_auc=0.667344 valid_rmse=0.479582 q_change=57 q_delta=0.418654 q_grad=0.000902
epoch=19 loss_total=0.793972 loss_rec=0.643219 valid_auc=0.667154 valid_rmse=0.479138 q_change=57 q_delta=0.420460 q_grad=0.000964
epoch=20 loss_total=0.792905 loss_rec=0.643287 valid_auc=0.670893 valid_rmse=0.477830 q_change=57 q_delta=0.422191 q_grad=0.001057
epoch=21 loss_total=0.789357 loss_rec=0.640829 valid_auc=0.670335 valid_rmse=0.478577 q_change=57 q_delta=0.423415 q_grad=0.001017
epoch=22 loss_total=0.788554 loss_rec=0.640891 valid_auc=0.670413 valid_rmse=0.477511 q_change=57 q_delta=0.424632 q_grad=0.001116
epoch=23 loss_total=0.785045 loss_rec=0.638175 valid_auc=0.669654 valid_rmse=0.477263 q_change=57 q_delta=0.425821 q_grad=0.001133
epoch=24 loss_total=0.780583 loss_rec=0.634481 valid_auc=0.670525 valid_rmse=0.477755 q_change=57 q_delta=0.426750 q_grad=0.001190
epoch=25 loss_total=0.782934 loss_rec=0.637445 valid_auc=0.670988 valid_rmse=0.477189 q_change=57 q_delta=0.427538 q_grad=0.001306
epoch=26 loss_total=0.780730 loss_rec=0.635809 valid_auc=0.670781 valid_rmse=0.477618 q_change=57 q_delta=0.428261 q_grad=0.001324
epoch=27 loss_total=0.778847 loss_rec=0.634361 valid_auc=0.674208 valid_rmse=0.476877 q_change=57 q_delta=0.428842 q_grad=0.001342
epoch=28 loss_total=0.779208 loss_rec=0.635162 valid_auc=0.674877 valid_rmse=0.476342 q_change=57 q_delta=0.429498 q_grad=0.001420
epoch=29 loss_total=0.776347 loss_rec=0.632690 valid_auc=0.677232 valid_rmse=0.476195 q_change=57 q_delta=0.429996 q_grad=0.001490
epoch=30 loss_total=0.777690 loss_rec=0.634393 valid_auc=0.677277 valid_rmse=0.476881 q_change=57 q_delta=0.430382 q_grad=0.001500
epoch=31 loss_total=0.774083 loss_rec=0.631028 valid_auc=0.679330 valid_rmse=0.475752 q_change=57 q_delta=0.430800 q_grad=0.001543
epoch=32 loss_total=0.775432 loss_rec=0.632669 valid_auc=0.679955 valid_rmse=0.476569 q_change=57 q_delta=0.431075 q_grad=0.001617
epoch=33 loss_total=0.774214 loss_rec=0.631644 valid_auc=0.679129 valid_rmse=0.475504 q_change=57 q_delta=0.431634 q_grad=0.001614
epoch=34 loss_total=0.773866 loss_rec=0.631549 valid_auc=0.677054 valid_rmse=0.475320 q_change=57 q_delta=0.431790 q_grad=0.001663
epoch=35 loss_total=0.775158 loss_rec=0.633014 valid_auc=0.678984 valid_rmse=0.474774 q_change=57 q_delta=0.432028 q_grad=0.001669
epoch=36 loss_total=0.771923 loss_rec=0.629939 valid_auc=0.678817 valid_rmse=0.475768 q_change=57 q_delta=0.432079 q_grad=0.001712
epoch=37 loss_total=0.766995 loss_rec=0.625109 valid_auc=0.680647 valid_rmse=0.475218 q_change=57 q_delta=0.432156 q_grad=0.001758
epoch=38 loss_total=0.766373 loss_rec=0.624542 valid_auc=0.680100 valid_rmse=0.476576 q_change=57 q_delta=0.432138 q_grad=0.001883
epoch=39 loss_total=0.769584 loss_rec=0.627800 valid_auc=0.679342 valid_rmse=0.474802 q_change=57 q_delta=0.432232 q_grad=0.001849
epoch=40 loss_total=0.765614 loss_rec=0.623854 valid_auc=0.679732 valid_rmse=0.475101 q_change=57 q_delta=0.431946 q_grad=0.001908
epoch=41 loss_total=0.761058 loss_rec=0.619230 valid_auc=0.682210 valid_rmse=0.474921 q_change=56 q_delta=0.431535 q_grad=0.001929
epoch=42 loss_total=0.764555 loss_rec=0.622685 valid_auc=0.679676 valid_rmse=0.475646 q_change=56 q_delta=0.432084 q_grad=0.001992
epoch=43 loss_total=0.760464 loss_rec=0.618604 valid_auc=0.681350 valid_rmse=0.474656 q_change=56 q_delta=0.432643 q_grad=0.001948
epoch=44 loss_total=0.760551 loss_rec=0.618810 valid_auc=0.680960 valid_rmse=0.475344 q_change=56 q_delta=0.433133 q_grad=0.002029
epoch=45 loss_total=0.758377 loss_rec=0.616752 valid_auc=0.681127 valid_rmse=0.477140 q_change=56 q_delta=0.433436 q_grad=0.002076
epoch=46 loss_total=0.759383 loss_rec=0.617881 valid_auc=0.682422 valid_rmse=0.474231 q_change=56 q_delta=0.433898 q_grad=0.002027
epoch=47 loss_total=0.756865 loss_rec=0.615519 valid_auc=0.683672 valid_rmse=0.474840 q_change=56 q_delta=0.434088 q_grad=0.002060
epoch=48 loss_total=0.757889 loss_rec=0.616648 valid_auc=0.683371 valid_rmse=0.473973 q_change=56 q_delta=0.434412 q_grad=0.002110
epoch=49 loss_total=0.755860 loss_rec=0.614718 valid_auc=0.683437 valid_rmse=0.474226 q_change=56 q_delta=0.434577 q_grad=0.002143
epoch=50 loss_total=0.752286 loss_rec=0.611236 valid_auc=0.680737 valid_rmse=0.475253 q_change=56 q_delta=0.434763 q_grad=0.002062
epoch=51 loss_total=0.752905 loss_rec=0.611988 valid_auc=0.684219 valid_rmse=0.475972 q_change=56 q_delta=0.434777 q_grad=0.002202
epoch=52 loss_total=0.753928 loss_rec=0.613069 valid_auc=0.682366 valid_rmse=0.474706 q_change=56 q_delta=0.434999 q_grad=0.002225
epoch=53 loss_total=0.756006 loss_rec=0.615239 valid_auc=0.685312 valid_rmse=0.474091 q_change=56 q_delta=0.435143 q_grad=0.002202
epoch=54 loss_total=0.748043 loss_rec=0.607369 valid_auc=0.683694 valid_rmse=0.475475 q_change=56 q_delta=0.435180 q_grad=0.002185
epoch=55 loss_total=0.748594 loss_rec=0.607996 valid_auc=0.686685 valid_rmse=0.473781 q_change=56 q_delta=0.435286 q_grad=0.002210
epoch=56 loss_total=0.750337 loss_rec=0.609810 valid_auc=0.683493 valid_rmse=0.474441 q_change=56 q_delta=0.435397 q_grad=0.002285
epoch=57 loss_total=0.749669 loss_rec=0.609166 valid_auc=0.686350 valid_rmse=0.475327 q_change=56 q_delta=0.435281 q_grad=0.002350
epoch=58 loss_total=0.745510 loss_rec=0.605031 valid_auc=0.684420 valid_rmse=0.475911 q_change=56 q_delta=0.435357 q_grad=0.002293
epoch=59 loss_total=0.746210 loss_rec=0.605836 valid_auc=0.684676 valid_rmse=0.474320 q_change=56 q_delta=0.435448 q_grad=0.002310
epoch=60 loss_total=0.745349 loss_rec=0.604991 valid_auc=0.686417 valid_rmse=0.474582 q_change=56 q_delta=0.435374 q_grad=0.002358
epoch=61 loss_total=0.744644 loss_rec=0.604261 valid_auc=0.686228 valid_rmse=0.474602 q_change=56 q_delta=0.435294 q_grad=0.002387
epoch=62 loss_total=0.742910 loss_rec=0.602559 valid_auc=0.684598 valid_rmse=0.474112 q_change=56 q_delta=0.435270 q_grad=0.002323
epoch=63 loss_total=0.744405 loss_rec=0.604006 valid_auc=0.684721 valid_rmse=0.474476 q_change=56 q_delta=0.435029 q_grad=0.002343
epoch=64 loss_total=0.747150 loss_rec=0.606788 valid_auc=0.688940 valid_rmse=0.475695 q_change=56 q_delta=0.434803 q_grad=0.002415
epoch=65 loss_total=0.739598 loss_rec=0.599183 valid_auc=0.686350 valid_rmse=0.473495 q_change=55 q_delta=0.434784 q_grad=0.002282
epoch=66 loss_total=0.740194 loss_rec=0.599805 valid_auc=0.689286 valid_rmse=0.473524 q_change=55 q_delta=0.434744 q_grad=0.002416
epoch=67 loss_total=0.742584 loss_rec=0.602156 valid_auc=0.686138 valid_rmse=0.474813 q_change=55 q_delta=0.435053 q_grad=0.002373
epoch=68 loss_total=0.737481 loss_rec=0.597080 valid_auc=0.689018 valid_rmse=0.474321 q_change=55 q_delta=0.435318 q_grad=0.002399
epoch=69 loss_total=0.733301 loss_rec=0.592922 valid_auc=0.692299 valid_rmse=0.478727 q_change=55 q_delta=0.435394 q_grad=0.002464
epoch=70 loss_total=0.734474 loss_rec=0.594115 valid_auc=0.690212 valid_rmse=0.472922 q_change=55 q_delta=0.435755 q_grad=0.002464
epoch=71 loss_total=0.735227 loss_rec=0.594898 valid_auc=0.690112 valid_rmse=0.473073 q_change=55 q_delta=0.435861 q_grad=0.002461
epoch=72 loss_total=0.733650 loss_rec=0.593318 valid_auc=0.690580 valid_rmse=0.473640 q_change=55 q_delta=0.435924 q_grad=0.002513
epoch=73 loss_total=0.730375 loss_rec=0.590095 valid_auc=0.687835 valid_rmse=0.474024 q_change=55 q_delta=0.436056 q_grad=0.002562
epoch=74 loss_total=0.733004 loss_rec=0.592721 valid_auc=0.691875 valid_rmse=0.473012 q_change=55 q_delta=0.436057 q_grad=0.002530
epoch=75 loss_total=0.731060 loss_rec=0.590793 valid_auc=0.689487 valid_rmse=0.478171 q_change=54 q_delta=0.435985 q_grad=0.002549
epoch=76 loss_total=0.730514 loss_rec=0.590234 valid_auc=0.689085 valid_rmse=0.472840 q_change=54 q_delta=0.436121 q_grad=0.002527
epoch=77 loss_total=0.723912 loss_rec=0.583646 valid_auc=0.689710 valid_rmse=0.476006 q_change=54 q_delta=0.436016 q_grad=0.002542
epoch=78 loss_total=0.725116 loss_rec=0.584891 valid_auc=0.690335 valid_rmse=0.474349 q_change=54 q_delta=0.436084 q_grad=0.002758
epoch=79 loss_total=0.724532 loss_rec=0.584332 valid_auc=0.688750 valid_rmse=0.473617 q_change=54 q_delta=0.436162 q_grad=0.002830
epoch=80 loss_total=0.723246 loss_rec=0.583070 valid_auc=0.689777 valid_rmse=0.473299 q_change=54 q_delta=0.436289 q_grad=0.002754
epoch=81 loss_total=0.720119 loss_rec=0.579975 valid_auc=0.690681 valid_rmse=0.474929 q_change=54 q_delta=0.436382 q_grad=0.002834
epoch=82 loss_total=0.720147 loss_rec=0.580036 valid_auc=0.689520 valid_rmse=0.474936 q_change=54 q_delta=0.436424 q_grad=0.002896
epoch=83 loss_total=0.718411 loss_rec=0.578324 valid_auc=0.689933 valid_rmse=0.477482 q_change=54 q_delta=0.436495 q_grad=0.002861
epoch=84 loss_total=0.718909 loss_rec=0.578879 valid_auc=0.691350 valid_rmse=0.474279 q_change=54 q_delta=0.436724 q_grad=0.002927
epoch=85 loss_total=0.718364 loss_rec=0.578331 valid_auc=0.690290 valid_rmse=0.477931 q_change=54 q_delta=0.436609 q_grad=0.003009
epoch=86 loss_total=0.720854 loss_rec=0.580826 valid_auc=0.690246 valid_rmse=0.474826 q_change=54 q_delta=0.436711 q_grad=0.003002
epoch=87 loss_total=0.714428 loss_rec=0.574423 valid_auc=0.687500 valid_rmse=0.476219 q_change=54 q_delta=0.436746 q_grad=0.002924
epoch=88 loss_total=0.709091 loss_rec=0.569104 valid_auc=0.689129 valid_rmse=0.476162 q_change=54 q_delta=0.436844 q_grad=0.003019
epoch=89 loss_total=0.710838 loss_rec=0.570881 valid_auc=0.688638 valid_rmse=0.481918 q_change=54 q_delta=0.436791 q_grad=0.003070
Early stopping at epoch 89; best_epoch=69.
Saved run to C:\Users\YAN_SHU_YU\Desktop\Generative-CD\Q_GNCDM\results\weak_q_lambda_sweep\lq_0p5_ls_0p4_lb_0p8\seed_2026\noise_0.20\weak-q_lq_0p5_ls_0p4_lb_0p8
Final metrics: q_hat_f1=0.068966 response_auc=0.685893 mastery_pearson=0.326810
