run=weak-q_lq_0p7_ls_0p8_lb_0p2 mode=weak-q noise=0.20 train=4200 valid=600 test=1200
epoch=1 loss_total=1.123408 loss_rec=0.725660 valid_auc=0.587556 valid_rmse=0.499755 q_change=57 q_delta=0.078162 q_grad=0.000773
epoch=2 loss_total=1.050058 loss_rec=0.705890 valid_auc=0.593616 valid_rmse=0.499312 q_change=57 q_delta=0.144805 q_grad=0.000640
epoch=3 loss_total=1.003783 loss_rec=0.699889 valid_auc=0.605346 valid_rmse=0.498515 q_change=57 q_delta=0.198809 q_grad=0.000527
epoch=4 loss_total=0.967685 loss_rec=0.693467 valid_auc=0.622500 valid_rmse=0.497743 q_change=57 q_delta=0.241641 q_grad=0.000434
epoch=5 loss_total=0.945666 loss_rec=0.692839 valid_auc=0.643371 valid_rmse=0.495622 q_change=57 q_delta=0.274601 q_grad=0.000369
epoch=6 loss_total=0.924165 loss_rec=0.686668 valid_auc=0.658839 valid_rmse=0.493692 q_change=57 q_delta=0.299139 q_grad=0.000338
epoch=7 loss_total=0.901787 loss_rec=0.674927 valid_auc=0.660179 valid_rmse=0.489243 q_change=57 q_delta=0.316373 q_grad=0.000362
epoch=8 loss_total=0.881719 loss_rec=0.661550 valid_auc=0.658884 valid_rmse=0.483742 q_change=57 q_delta=0.327285 q_grad=0.000494
epoch=9 loss_total=0.865639 loss_rec=0.649984 valid_auc=0.668627 valid_rmse=0.478048 q_change=57 q_delta=0.336199 q_grad=0.000671
epoch=10 loss_total=0.861732 loss_rec=0.650026 valid_auc=0.670458 valid_rmse=0.477922 q_change=57 q_delta=0.343252 q_grad=0.000781
epoch=11 loss_total=0.855355 loss_rec=0.646452 valid_auc=0.673114 valid_rmse=0.476442 q_change=57 q_delta=0.349169 q_grad=0.000920
epoch=12 loss_total=0.843042 loss_rec=0.636571 valid_auc=0.676975 valid_rmse=0.476957 q_change=57 q_delta=0.353467 q_grad=0.001020
epoch=13 loss_total=0.837968 loss_rec=0.633434 valid_auc=0.679420 valid_rmse=0.474133 q_change=57 q_delta=0.357365 q_grad=0.001078
epoch=14 loss_total=0.835921 loss_rec=0.632774 valid_auc=0.679509 valid_rmse=0.475592 q_change=57 q_delta=0.359775 q_grad=0.001213
epoch=15 loss_total=0.831411 loss_rec=0.629385 valid_auc=0.679788 valid_rmse=0.473754 q_change=57 q_delta=0.362304 q_grad=0.001317
epoch=16 loss_total=0.831472 loss_rec=0.630324 valid_auc=0.683069 valid_rmse=0.473702 q_change=57 q_delta=0.363928 q_grad=0.001455
epoch=17 loss_total=0.827938 loss_rec=0.627607 valid_auc=0.682031 valid_rmse=0.473821 q_change=57 q_delta=0.365483 q_grad=0.001424
epoch=18 loss_total=0.821257 loss_rec=0.621481 valid_auc=0.683895 valid_rmse=0.473030 q_change=57 q_delta=0.366898 q_grad=0.001484
epoch=19 loss_total=0.819740 loss_rec=0.620638 valid_auc=0.684353 valid_rmse=0.474302 q_change=57 q_delta=0.368258 q_grad=0.001605
epoch=20 loss_total=0.817414 loss_rec=0.618697 valid_auc=0.687109 valid_rmse=0.472256 q_change=57 q_delta=0.369432 q_grad=0.001698
epoch=21 loss_total=0.812931 loss_rec=0.614608 valid_auc=0.687924 valid_rmse=0.474278 q_change=56 q_delta=0.370110 q_grad=0.001628
epoch=22 loss_total=0.810967 loss_rec=0.612901 valid_auc=0.687746 valid_rmse=0.473259 q_change=56 q_delta=0.371241 q_grad=0.001774
epoch=23 loss_total=0.808328 loss_rec=0.610504 valid_auc=0.685435 valid_rmse=0.472982 q_change=56 q_delta=0.372751 q_grad=0.001754
epoch=24 loss_total=0.803551 loss_rec=0.605960 valid_auc=0.684174 valid_rmse=0.473754 q_change=56 q_delta=0.373825 q_grad=0.001781
epoch=25 loss_total=0.805233 loss_rec=0.607839 valid_auc=0.685212 valid_rmse=0.473692 q_change=56 q_delta=0.374699 q_grad=0.001908
epoch=26 loss_total=0.802535 loss_rec=0.605307 valid_auc=0.687154 valid_rmse=0.474336 q_change=56 q_delta=0.375689 q_grad=0.001887
epoch=27 loss_total=0.798963 loss_rec=0.601783 valid_auc=0.688036 valid_rmse=0.475144 q_change=56 q_delta=0.376446 q_grad=0.001864
epoch=28 loss_total=0.801866 loss_rec=0.604898 valid_auc=0.686585 valid_rmse=0.474048 q_change=54 q_delta=0.377555 q_grad=0.001938
epoch=29 loss_total=0.795610 loss_rec=0.598794 valid_auc=0.689665 valid_rmse=0.473329 q_change=53 q_delta=0.378370 q_grad=0.001968
epoch=30 loss_total=0.794932 loss_rec=0.598143 valid_auc=0.690804 valid_rmse=0.473878 q_change=53 q_delta=0.379314 q_grad=0.001940
epoch=31 loss_total=0.790949 loss_rec=0.594081 valid_auc=0.690123 valid_rmse=0.473828 q_change=51 q_delta=0.380557 q_grad=0.001975
epoch=32 loss_total=0.792604 loss_rec=0.595790 valid_auc=0.692132 valid_rmse=0.473735 q_change=51 q_delta=0.381691 q_grad=0.002026
epoch=33 loss_total=0.790202 loss_rec=0.593386 valid_auc=0.690424 valid_rmse=0.471777 q_change=51 q_delta=0.383068 q_grad=0.002018
epoch=34 loss_total=0.789258 loss_rec=0.592481 valid_auc=0.688783 valid_rmse=0.472239 q_change=51 q_delta=0.384175 q_grad=0.002004
epoch=35 loss_total=0.788848 loss_rec=0.592101 valid_auc=0.692489 valid_rmse=0.471092 q_change=51 q_delta=0.385279 q_grad=0.001988
epoch=36 loss_total=0.782907 loss_rec=0.585981 valid_auc=0.693482 valid_rmse=0.472136 q_change=51 q_delta=0.386000 q_grad=0.002066
epoch=37 loss_total=0.778248 loss_rec=0.581220 valid_auc=0.693259 valid_rmse=0.472746 q_change=51 q_delta=0.386955 q_grad=0.002068
epoch=38 loss_total=0.775970 loss_rec=0.579002 valid_auc=0.693136 valid_rmse=0.474391 q_change=50 q_delta=0.387806 q_grad=0.002182
epoch=39 loss_total=0.776625 loss_rec=0.579604 valid_auc=0.692042 valid_rmse=0.471807 q_change=50 q_delta=0.388937 q_grad=0.002120
epoch=40 loss_total=0.772424 loss_rec=0.575370 valid_auc=0.693181 valid_rmse=0.472195 q_change=49 q_delta=0.389658 q_grad=0.002175
epoch=41 loss_total=0.767429 loss_rec=0.570376 valid_auc=0.694431 valid_rmse=0.473468 q_change=49 q_delta=0.390613 q_grad=0.002182
epoch=42 loss_total=0.769608 loss_rec=0.572479 valid_auc=0.690223 valid_rmse=0.473150 q_change=49 q_delta=0.391923 q_grad=0.002297
epoch=43 loss_total=0.763784 loss_rec=0.566549 valid_auc=0.691473 valid_rmse=0.473674 q_change=49 q_delta=0.392758 q_grad=0.002264
epoch=44 loss_total=0.763168 loss_rec=0.565936 valid_auc=0.689654 valid_rmse=0.474608 q_change=49 q_delta=0.393905 q_grad=0.002322
epoch=45 loss_total=0.757586 loss_rec=0.560369 valid_auc=0.690028 valid_rmse=0.478781 q_change=49 q_delta=0.394574 q_grad=0.002385
epoch=46 loss_total=0.757389 loss_rec=0.560092 valid_auc=0.693426 valid_rmse=0.472490 q_change=49 q_delta=0.395689 q_grad=0.002368
epoch=47 loss_total=0.753623 loss_rec=0.556306 valid_auc=0.691094 valid_rmse=0.475448 q_change=50 q_delta=0.396362 q_grad=0.002400
epoch=48 loss_total=0.750148 loss_rec=0.552818 valid_auc=0.691038 valid_rmse=0.474320 q_change=50 q_delta=0.397107 q_grad=0.002492
epoch=49 loss_total=0.746325 loss_rec=0.548997 valid_auc=0.693158 valid_rmse=0.473375 q_change=50 q_delta=0.397614 q_grad=0.002518
epoch=50 loss_total=0.740594 loss_rec=0.543213 valid_auc=0.690536 valid_rmse=0.475973 q_change=50 q_delta=0.398190 q_grad=0.002506
epoch=51 loss_total=0.739330 loss_rec=0.542028 valid_auc=0.692098 valid_rmse=0.477042 q_change=50 q_delta=0.398632 q_grad=0.002604
epoch=52 loss_total=0.740774 loss_rec=0.543495 valid_auc=0.689944 valid_rmse=0.475752 q_change=50 q_delta=0.399329 q_grad=0.002659
epoch=53 loss_total=0.740525 loss_rec=0.543221 valid_auc=0.691161 valid_rmse=0.474413 q_change=50 q_delta=0.399794 q_grad=0.002686
epoch=54 loss_total=0.731929 loss_rec=0.534598 valid_auc=0.685714 valid_rmse=0.477857 q_change=50 q_delta=0.400011 q_grad=0.002685
epoch=55 loss_total=0.728322 loss_rec=0.531041 valid_auc=0.693114 valid_rmse=0.474618 q_change=50 q_delta=0.400427 q_grad=0.002695
epoch=56 loss_total=0.728332 loss_rec=0.531053 valid_auc=0.687478 valid_rmse=0.477398 q_change=50 q_delta=0.400684 q_grad=0.002767
epoch=57 loss_total=0.725994 loss_rec=0.528710 valid_auc=0.687377 valid_rmse=0.479507 q_change=50 q_delta=0.401007 q_grad=0.002876
epoch=58 loss_total=0.719928 loss_rec=0.522688 valid_auc=0.687254 valid_rmse=0.481333 q_change=50 q_delta=0.401293 q_grad=0.002809
epoch=59 loss_total=0.720107 loss_rec=0.523000 valid_auc=0.690156 valid_rmse=0.476463 q_change=50 q_delta=0.401702 q_grad=0.002811
epoch=60 loss_total=0.718469 loss_rec=0.521427 valid_auc=0.688717 valid_rmse=0.478021 q_change=50 q_delta=0.401885 q_grad=0.002803
epoch=61 loss_total=0.715792 loss_rec=0.518704 valid_auc=0.685904 valid_rmse=0.478649 q_change=50 q_delta=0.402209 q_grad=0.002953
Early stopping at epoch 61; best_epoch=41.
Saved run to C:\Users\YAN_SHU_YU\Desktop\Generative-CD\Q_GNCDM\results\weak_q_lambda_sweep\lq_0p7_ls_0p8_lb_0p2\seed_2026\noise_0.20\weak-q_lq_0p7_ls_0p8_lb_0p2
Final metrics: q_hat_f1=0.250000 response_auc=0.689727 mastery_pearson=0.397825
