run=weak-q_lq_0p3_ls_0p3_lb_0p1 mode=weak-q noise=0.20 train=4200 valid=600 test=1200
epoch=1 loss_total=0.881175 loss_rec=0.725643 valid_auc=0.588426 valid_rmse=0.499735 q_change=57 q_delta=0.076184 q_grad=0.000285
epoch=2 loss_total=0.841976 loss_rec=0.705641 valid_auc=0.598538 valid_rmse=0.499139 q_change=57 q_delta=0.137922 q_grad=0.000236
epoch=3 loss_total=0.821662 loss_rec=0.698964 valid_auc=0.618181 valid_rmse=0.497910 q_change=57 q_delta=0.185405 q_grad=0.000213
epoch=4 loss_total=0.804021 loss_rec=0.690950 valid_auc=0.645536 valid_rmse=0.496099 q_change=57 q_delta=0.221032 q_grad=0.000211
epoch=5 loss_total=0.793321 loss_rec=0.686386 valid_auc=0.664509 valid_rmse=0.491371 q_change=57 q_delta=0.243648 q_grad=0.000256
epoch=6 loss_total=0.773747 loss_rec=0.670022 valid_auc=0.670714 valid_rmse=0.483768 q_change=57 q_delta=0.254242 q_grad=0.000382
epoch=7 loss_total=0.747887 loss_rec=0.645477 valid_auc=0.673393 valid_rmse=0.477995 q_change=57 q_delta=0.259774 q_grad=0.000591
epoch=8 loss_total=0.737133 loss_rec=0.635538 valid_auc=0.676518 valid_rmse=0.476411 q_change=57 q_delta=0.264089 q_grad=0.000844
epoch=9 loss_total=0.728693 loss_rec=0.627902 valid_auc=0.683382 valid_rmse=0.472958 q_change=57 q_delta=0.267360 q_grad=0.001003
epoch=10 loss_total=0.730306 loss_rec=0.630275 valid_auc=0.682188 valid_rmse=0.474442 q_change=57 q_delta=0.269730 q_grad=0.001078
epoch=11 loss_total=0.727074 loss_rec=0.627372 valid_auc=0.682500 valid_rmse=0.473137 q_change=56 q_delta=0.272386 q_grad=0.001208
epoch=12 loss_total=0.717796 loss_rec=0.618481 valid_auc=0.682489 valid_rmse=0.474609 q_change=55 q_delta=0.274590 q_grad=0.001272
epoch=13 loss_total=0.713669 loss_rec=0.614767 valid_auc=0.682020 valid_rmse=0.473566 q_change=54 q_delta=0.278014 q_grad=0.001273
epoch=14 loss_total=0.713962 loss_rec=0.615372 valid_auc=0.681496 valid_rmse=0.475525 q_change=54 q_delta=0.280351 q_grad=0.001358
epoch=15 loss_total=0.710033 loss_rec=0.611713 valid_auc=0.682321 valid_rmse=0.474242 q_change=52 q_delta=0.283928 q_grad=0.001392
epoch=16 loss_total=0.711364 loss_rec=0.613283 valid_auc=0.682533 valid_rmse=0.474682 q_change=52 q_delta=0.287114 q_grad=0.001490
epoch=17 loss_total=0.707084 loss_rec=0.609309 valid_auc=0.681875 valid_rmse=0.474517 q_change=53 q_delta=0.290284 q_grad=0.001417
epoch=18 loss_total=0.701553 loss_rec=0.603995 valid_auc=0.682472 valid_rmse=0.474665 q_change=53 q_delta=0.293441 q_grad=0.001445
epoch=19 loss_total=0.700407 loss_rec=0.603180 valid_auc=0.682690 valid_rmse=0.475394 q_change=53 q_delta=0.296476 q_grad=0.001535
epoch=20 loss_total=0.697601 loss_rec=0.600547 valid_auc=0.684565 valid_rmse=0.474017 q_change=51 q_delta=0.299539 q_grad=0.001605
epoch=21 loss_total=0.692713 loss_rec=0.595856 valid_auc=0.685681 valid_rmse=0.474921 q_change=51 q_delta=0.301825 q_grad=0.001532
epoch=22 loss_total=0.689952 loss_rec=0.593251 valid_auc=0.683973 valid_rmse=0.475349 q_change=49 q_delta=0.304232 q_grad=0.001657
epoch=23 loss_total=0.687285 loss_rec=0.590762 valid_auc=0.683047 valid_rmse=0.475222 q_change=49 q_delta=0.307064 q_grad=0.001615
epoch=24 loss_total=0.681851 loss_rec=0.585473 valid_auc=0.681931 valid_rmse=0.476102 q_change=48 q_delta=0.309851 q_grad=0.001655
epoch=25 loss_total=0.681254 loss_rec=0.584990 valid_auc=0.683460 valid_rmse=0.476192 q_change=47 q_delta=0.312692 q_grad=0.001758
epoch=26 loss_total=0.677992 loss_rec=0.581863 valid_auc=0.684665 valid_rmse=0.476326 q_change=47 q_delta=0.315268 q_grad=0.001743
epoch=27 loss_total=0.673517 loss_rec=0.577448 valid_auc=0.683850 valid_rmse=0.478224 q_change=48 q_delta=0.317872 q_grad=0.001742
epoch=28 loss_total=0.675430 loss_rec=0.579412 valid_auc=0.684319 valid_rmse=0.477053 q_change=48 q_delta=0.320666 q_grad=0.001848
epoch=29 loss_total=0.667379 loss_rec=0.571461 valid_auc=0.686417 valid_rmse=0.476500 q_change=47 q_delta=0.322858 q_grad=0.001840
epoch=30 loss_total=0.664947 loss_rec=0.569037 valid_auc=0.688170 valid_rmse=0.477564 q_change=44 q_delta=0.324814 q_grad=0.001879
epoch=31 loss_total=0.659099 loss_rec=0.563240 valid_auc=0.686083 valid_rmse=0.478039 q_change=44 q_delta=0.326901 q_grad=0.001888
epoch=32 loss_total=0.657939 loss_rec=0.562113 valid_auc=0.688884 valid_rmse=0.477255 q_change=43 q_delta=0.329336 q_grad=0.001947
epoch=33 loss_total=0.652457 loss_rec=0.556611 valid_auc=0.686752 valid_rmse=0.476368 q_change=42 q_delta=0.331673 q_grad=0.001980
epoch=34 loss_total=0.651677 loss_rec=0.555911 valid_auc=0.686618 valid_rmse=0.476513 q_change=42 q_delta=0.333625 q_grad=0.001977
epoch=35 loss_total=0.649905 loss_rec=0.554140 valid_auc=0.690078 valid_rmse=0.475342 q_change=42 q_delta=0.335671 q_grad=0.001992
epoch=36 loss_total=0.641699 loss_rec=0.545889 valid_auc=0.688672 valid_rmse=0.476464 q_change=42 q_delta=0.337511 q_grad=0.002065
epoch=37 loss_total=0.636793 loss_rec=0.540987 valid_auc=0.686551 valid_rmse=0.479339 q_change=41 q_delta=0.339540 q_grad=0.002061
epoch=38 loss_total=0.630796 loss_rec=0.535027 valid_auc=0.687623 valid_rmse=0.479861 q_change=41 q_delta=0.341402 q_grad=0.002172
epoch=39 loss_total=0.628610 loss_rec=0.532878 valid_auc=0.687042 valid_rmse=0.478673 q_change=41 q_delta=0.343333 q_grad=0.002128
epoch=40 loss_total=0.625031 loss_rec=0.529321 valid_auc=0.686830 valid_rmse=0.479899 q_change=40 q_delta=0.344868 q_grad=0.002197
epoch=41 loss_total=0.618251 loss_rec=0.522598 valid_auc=0.686975 valid_rmse=0.482346 q_change=40 q_delta=0.346711 q_grad=0.002185
epoch=42 loss_total=0.621308 loss_rec=0.525704 valid_auc=0.685089 valid_rmse=0.480774 q_change=39 q_delta=0.348212 q_grad=0.002332
epoch=43 loss_total=0.614846 loss_rec=0.519314 valid_auc=0.687500 valid_rmse=0.481808 q_change=39 q_delta=0.349587 q_grad=0.002271
epoch=44 loss_total=0.612864 loss_rec=0.517369 valid_auc=0.686473 valid_rmse=0.481355 q_change=39 q_delta=0.350818 q_grad=0.002308
epoch=45 loss_total=0.608186 loss_rec=0.512755 valid_auc=0.684040 valid_rmse=0.485368 q_change=37 q_delta=0.351779 q_grad=0.002322
epoch=46 loss_total=0.606657 loss_rec=0.511245 valid_auc=0.689464 valid_rmse=0.480664 q_change=37 q_delta=0.353251 q_grad=0.002325
epoch=47 loss_total=0.605404 loss_rec=0.510092 valid_auc=0.684721 valid_rmse=0.484355 q_change=37 q_delta=0.354226 q_grad=0.002302
epoch=48 loss_total=0.604205 loss_rec=0.508961 valid_auc=0.685000 valid_rmse=0.482552 q_change=37 q_delta=0.355428 q_grad=0.002355
epoch=49 loss_total=0.598496 loss_rec=0.503306 valid_auc=0.688158 valid_rmse=0.481112 q_change=37 q_delta=0.356184 q_grad=0.002311
epoch=50 loss_total=0.593365 loss_rec=0.498234 valid_auc=0.685792 valid_rmse=0.485362 q_change=38 q_delta=0.357217 q_grad=0.002321
epoch=51 loss_total=0.594114 loss_rec=0.499070 valid_auc=0.685480 valid_rmse=0.485510 q_change=38 q_delta=0.358098 q_grad=0.002379
epoch=52 loss_total=0.594502 loss_rec=0.499515 valid_auc=0.686685 valid_rmse=0.483103 q_change=38 q_delta=0.359161 q_grad=0.002397
epoch=53 loss_total=0.596203 loss_rec=0.501259 valid_auc=0.685502 valid_rmse=0.483309 q_change=38 q_delta=0.359871 q_grad=0.002413
epoch=54 loss_total=0.589797 loss_rec=0.494891 valid_auc=0.682333 valid_rmse=0.485748 q_change=38 q_delta=0.360979 q_grad=0.002432
epoch=55 loss_total=0.585014 loss_rec=0.490173 valid_auc=0.690391 valid_rmse=0.481749 q_change=38 q_delta=0.362033 q_grad=0.002368
epoch=56 loss_total=0.583976 loss_rec=0.489189 valid_auc=0.685692 valid_rmse=0.484939 q_change=38 q_delta=0.362846 q_grad=0.002379
epoch=57 loss_total=0.584735 loss_rec=0.489965 valid_auc=0.683460 valid_rmse=0.486589 q_change=37 q_delta=0.363608 q_grad=0.002503
epoch=58 loss_total=0.579384 loss_rec=0.484666 valid_auc=0.684107 valid_rmse=0.486998 q_change=37 q_delta=0.364379 q_grad=0.002440
epoch=59 loss_total=0.576395 loss_rec=0.481772 valid_auc=0.687623 valid_rmse=0.483927 q_change=36 q_delta=0.365378 q_grad=0.002407
epoch=60 loss_total=0.579303 loss_rec=0.484712 valid_auc=0.687969 valid_rmse=0.484976 q_change=37 q_delta=0.366267 q_grad=0.002451
epoch=61 loss_total=0.576023 loss_rec=0.481452 valid_auc=0.685949 valid_rmse=0.484619 q_change=37 q_delta=0.367218 q_grad=0.002468
epoch=62 loss_total=0.572010 loss_rec=0.477512 valid_auc=0.689743 valid_rmse=0.483800 q_change=37 q_delta=0.368010 q_grad=0.002391
epoch=63 loss_total=0.571450 loss_rec=0.476979 valid_auc=0.685357 valid_rmse=0.486535 q_change=37 q_delta=0.368864 q_grad=0.002500
epoch=64 loss_total=0.571431 loss_rec=0.476981 valid_auc=0.686440 valid_rmse=0.487924 q_change=37 q_delta=0.369457 q_grad=0.002487
epoch=65 loss_total=0.569775 loss_rec=0.475355 valid_auc=0.684810 valid_rmse=0.486691 q_change=36 q_delta=0.370449 q_grad=0.002387
epoch=66 loss_total=0.569019 loss_rec=0.474646 valid_auc=0.684821 valid_rmse=0.487628 q_change=36 q_delta=0.371065 q_grad=0.002525
epoch=67 loss_total=0.569018 loss_rec=0.474667 valid_auc=0.684710 valid_rmse=0.487599 q_change=36 q_delta=0.371872 q_grad=0.002532
epoch=68 loss_total=0.561807 loss_rec=0.467501 valid_auc=0.686105 valid_rmse=0.489082 q_change=36 q_delta=0.372534 q_grad=0.002499
epoch=69 loss_total=0.560642 loss_rec=0.466355 valid_auc=0.685614 valid_rmse=0.493840 q_change=36 q_delta=0.373123 q_grad=0.002529
epoch=70 loss_total=0.554960 loss_rec=0.460700 valid_auc=0.685100 valid_rmse=0.488214 q_change=36 q_delta=0.373940 q_grad=0.002565
epoch=71 loss_total=0.556965 loss_rec=0.462785 valid_auc=0.687567 valid_rmse=0.486701 q_change=36 q_delta=0.374554 q_grad=0.002532
epoch=72 loss_total=0.557304 loss_rec=0.463127 valid_auc=0.686797 valid_rmse=0.487387 q_change=36 q_delta=0.375015 q_grad=0.002563
epoch=73 loss_total=0.550588 loss_rec=0.456442 valid_auc=0.683025 valid_rmse=0.491057 q_change=35 q_delta=0.375839 q_grad=0.002531
epoch=74 loss_total=0.556097 loss_rec=0.461994 valid_auc=0.685246 valid_rmse=0.488958 q_change=35 q_delta=0.376491 q_grad=0.002556
epoch=75 loss_total=0.553481 loss_rec=0.459413 valid_auc=0.682891 valid_rmse=0.494430 q_change=35 q_delta=0.376760 q_grad=0.002553
Early stopping at epoch 75; best_epoch=55.
Saved run to C:\Users\YAN_SHU_YU\Desktop\Generative-CD\Q_GNCDM\results\weak_q_lambda_sweep\lq_0p3_ls_0p3_lb_0p1\seed_2026\noise_0.20\weak-q_lq_0p3_ls_0p3_lb_0p1
Final metrics: q_hat_f1=0.506329 response_auc=0.683720 mastery_pearson=0.501371
