run=weak-q_lq_0p9_ls_0p8_lb_0p7 mode=weak-q noise=0.20 train=4200 valid=600 test=1200
epoch=1 loss_total=1.245371 loss_rec=0.725664 valid_auc=0.587511 valid_rmse=0.499758 q_change=57 q_delta=0.078896 q_grad=0.000822
epoch=2 loss_total=1.165655 loss_rec=0.705956 valid_auc=0.593225 valid_rmse=0.499339 q_change=57 q_delta=0.148237 q_grad=0.000725
epoch=3 loss_total=1.110557 loss_rec=0.700114 valid_auc=0.604408 valid_rmse=0.498615 q_change=57 q_delta=0.205888 q_grad=0.000628
epoch=4 loss_total=1.065389 loss_rec=0.694028 valid_auc=0.620904 valid_rmse=0.498021 q_change=57 q_delta=0.252313 q_grad=0.000537
epoch=5 loss_total=1.035417 loss_rec=0.694059 valid_auc=0.641228 valid_rmse=0.496293 q_change=57 q_delta=0.288532 q_grad=0.000458
epoch=6 loss_total=1.008081 loss_rec=0.689509 valid_auc=0.656741 valid_rmse=0.495368 q_change=57 q_delta=0.316213 q_grad=0.000399
epoch=7 loss_total=0.983307 loss_rec=0.681776 valid_auc=0.658047 valid_rmse=0.493101 q_change=57 q_delta=0.336970 q_grad=0.000371
epoch=8 loss_total=0.963131 loss_rec=0.673801 valid_auc=0.653973 valid_rmse=0.488879 q_change=57 q_delta=0.351399 q_grad=0.000402
epoch=9 loss_total=0.943798 loss_rec=0.662892 valid_auc=0.659196 valid_rmse=0.482180 q_change=57 q_delta=0.362013 q_grad=0.000515
epoch=10 loss_total=0.934563 loss_rec=0.660301 valid_auc=0.661183 valid_rmse=0.481276 q_change=57 q_delta=0.370438 q_grad=0.000615
epoch=11 loss_total=0.925648 loss_rec=0.656481 valid_auc=0.662712 valid_rmse=0.480184 q_change=57 q_delta=0.377691 q_grad=0.000726
epoch=12 loss_total=0.911964 loss_rec=0.647365 valid_auc=0.667132 valid_rmse=0.480767 q_change=57 q_delta=0.383528 q_grad=0.000796
epoch=13 loss_total=0.906102 loss_rec=0.645294 valid_auc=0.669174 valid_rmse=0.477520 q_change=57 q_delta=0.388575 q_grad=0.000825
epoch=14 loss_total=0.902269 loss_rec=0.644361 valid_auc=0.670246 valid_rmse=0.478804 q_change=57 q_delta=0.392273 q_grad=0.000925
epoch=15 loss_total=0.897948 loss_rec=0.642519 valid_auc=0.669888 valid_rmse=0.476982 q_change=57 q_delta=0.395844 q_grad=0.000996
epoch=16 loss_total=0.896673 loss_rec=0.643276 valid_auc=0.673013 valid_rmse=0.476757 q_change=57 q_delta=0.398483 q_grad=0.001110
epoch=17 loss_total=0.893607 loss_rec=0.642037 valid_auc=0.674888 valid_rmse=0.477024 q_change=57 q_delta=0.400794 q_grad=0.001096
epoch=18 loss_total=0.886496 loss_rec=0.636374 valid_auc=0.677333 valid_rmse=0.475801 q_change=57 q_delta=0.402871 q_grad=0.001153
epoch=19 loss_total=0.883745 loss_rec=0.634990 valid_auc=0.677924 valid_rmse=0.476069 q_change=57 q_delta=0.404610 q_grad=0.001255
epoch=20 loss_total=0.881951 loss_rec=0.634249 valid_auc=0.681713 valid_rmse=0.474268 q_change=57 q_delta=0.406191 q_grad=0.001367
epoch=21 loss_total=0.877617 loss_rec=0.630909 valid_auc=0.681741 valid_rmse=0.475585 q_change=57 q_delta=0.407178 q_grad=0.001331
epoch=22 loss_total=0.876026 loss_rec=0.630022 valid_auc=0.683438 valid_rmse=0.473995 q_change=57 q_delta=0.408054 q_grad=0.001469
epoch=23 loss_total=0.872320 loss_rec=0.626929 valid_auc=0.682980 valid_rmse=0.473565 q_change=57 q_delta=0.409006 q_grad=0.001492
epoch=24 loss_total=0.867321 loss_rec=0.622478 valid_auc=0.682009 valid_rmse=0.473883 q_change=57 q_delta=0.409583 q_grad=0.001550
epoch=25 loss_total=0.869506 loss_rec=0.625059 valid_auc=0.682556 valid_rmse=0.473612 q_change=57 q_delta=0.409852 q_grad=0.001706
epoch=26 loss_total=0.866312 loss_rec=0.622123 valid_auc=0.684185 valid_rmse=0.474544 q_change=57 q_delta=0.410125 q_grad=0.001708
epoch=27 loss_total=0.862766 loss_rec=0.618672 valid_auc=0.687634 valid_rmse=0.474622 q_change=56 q_delta=0.410200 q_grad=0.001716
epoch=28 loss_total=0.864506 loss_rec=0.620595 valid_auc=0.686116 valid_rmse=0.473680 q_change=56 q_delta=0.411226 q_grad=0.001807
epoch=29 loss_total=0.859153 loss_rec=0.615389 valid_auc=0.689319 valid_rmse=0.472948 q_change=56 q_delta=0.411833 q_grad=0.001864
epoch=30 loss_total=0.858978 loss_rec=0.615295 valid_auc=0.690201 valid_rmse=0.472933 q_change=56 q_delta=0.412205 q_grad=0.001833
epoch=31 loss_total=0.854867 loss_rec=0.611142 valid_auc=0.691998 valid_rmse=0.473049 q_change=56 q_delta=0.412583 q_grad=0.001874
epoch=32 loss_total=0.856428 loss_rec=0.612800 valid_auc=0.693549 valid_rmse=0.473449 q_change=56 q_delta=0.412801 q_grad=0.001932
epoch=33 loss_total=0.854381 loss_rec=0.610778 valid_auc=0.691194 valid_rmse=0.471561 q_change=55 q_delta=0.413305 q_grad=0.001901
epoch=34 loss_total=0.853072 loss_rec=0.609561 valid_auc=0.690257 valid_rmse=0.471570 q_change=55 q_delta=0.413852 q_grad=0.001907
epoch=35 loss_total=0.852993 loss_rec=0.609586 valid_auc=0.693627 valid_rmse=0.470693 q_change=55 q_delta=0.414495 q_grad=0.001880
epoch=36 loss_total=0.848955 loss_rec=0.605471 valid_auc=0.694464 valid_rmse=0.471483 q_change=55 q_delta=0.414721 q_grad=0.001936
epoch=37 loss_total=0.843289 loss_rec=0.599798 valid_auc=0.694743 valid_rmse=0.471622 q_change=55 q_delta=0.415181 q_grad=0.001932
epoch=38 loss_total=0.842240 loss_rec=0.598887 valid_auc=0.695022 valid_rmse=0.473507 q_change=55 q_delta=0.415632 q_grad=0.002036
epoch=39 loss_total=0.844496 loss_rec=0.601230 valid_auc=0.695625 valid_rmse=0.470460 q_change=55 q_delta=0.416193 q_grad=0.001967
epoch=40 loss_total=0.839645 loss_rec=0.596487 valid_auc=0.695424 valid_rmse=0.470826 q_change=55 q_delta=0.416571 q_grad=0.002004
epoch=41 loss_total=0.835496 loss_rec=0.592456 valid_auc=0.696741 valid_rmse=0.471420 q_change=55 q_delta=0.416841 q_grad=0.002001
epoch=42 loss_total=0.838903 loss_rec=0.595883 valid_auc=0.693170 valid_rmse=0.471384 q_change=54 q_delta=0.417203 q_grad=0.002100
epoch=43 loss_total=0.834136 loss_rec=0.591073 valid_auc=0.693248 valid_rmse=0.471715 q_change=54 q_delta=0.417249 q_grad=0.002052
epoch=44 loss_total=0.834560 loss_rec=0.591591 valid_auc=0.692321 valid_rmse=0.472456 q_change=54 q_delta=0.417542 q_grad=0.002108
epoch=45 loss_total=0.830415 loss_rec=0.587532 valid_auc=0.693080 valid_rmse=0.475725 q_change=53 q_delta=0.417595 q_grad=0.002152
epoch=46 loss_total=0.830682 loss_rec=0.587749 valid_auc=0.695045 valid_rmse=0.470601 q_change=53 q_delta=0.418037 q_grad=0.002121
epoch=47 loss_total=0.827119 loss_rec=0.584234 valid_auc=0.694397 valid_rmse=0.472351 q_change=53 q_delta=0.418460 q_grad=0.002137
epoch=48 loss_total=0.824888 loss_rec=0.581965 valid_auc=0.693906 valid_rmse=0.471671 q_change=52 q_delta=0.418906 q_grad=0.002219
epoch=49 loss_total=0.821765 loss_rec=0.578795 valid_auc=0.694844 valid_rmse=0.471638 q_change=51 q_delta=0.419222 q_grad=0.002251
epoch=50 loss_total=0.816615 loss_rec=0.573570 valid_auc=0.692154 valid_rmse=0.473168 q_change=51 q_delta=0.419704 q_grad=0.002179
epoch=51 loss_total=0.815733 loss_rec=0.572698 valid_auc=0.693661 valid_rmse=0.475528 q_change=51 q_delta=0.420300 q_grad=0.002312
epoch=52 loss_total=0.816536 loss_rec=0.573521 valid_auc=0.691529 valid_rmse=0.473348 q_change=51 q_delta=0.421115 q_grad=0.002330
epoch=53 loss_total=0.816193 loss_rec=0.573125 valid_auc=0.694263 valid_rmse=0.472739 q_change=51 q_delta=0.421816 q_grad=0.002356
epoch=54 loss_total=0.807430 loss_rec=0.564353 valid_auc=0.690011 valid_rmse=0.475209 q_change=51 q_delta=0.422363 q_grad=0.002344
epoch=55 loss_total=0.805110 loss_rec=0.562091 valid_auc=0.696406 valid_rmse=0.472448 q_change=51 q_delta=0.422922 q_grad=0.002381
epoch=56 loss_total=0.805410 loss_rec=0.562374 valid_auc=0.691194 valid_rmse=0.474046 q_change=51 q_delta=0.423391 q_grad=0.002454
epoch=57 loss_total=0.801976 loss_rec=0.558937 valid_auc=0.691920 valid_rmse=0.476168 q_change=51 q_delta=0.423759 q_grad=0.002565
epoch=58 loss_total=0.796276 loss_rec=0.553256 valid_auc=0.690279 valid_rmse=0.479085 q_change=51 q_delta=0.424263 q_grad=0.002542
epoch=59 loss_total=0.796794 loss_rec=0.553912 valid_auc=0.691317 valid_rmse=0.474164 q_change=51 q_delta=0.424721 q_grad=0.002548
epoch=60 loss_total=0.795178 loss_rec=0.552366 valid_auc=0.692790 valid_rmse=0.475142 q_change=51 q_delta=0.424977 q_grad=0.002567
epoch=61 loss_total=0.792019 loss_rec=0.549203 valid_auc=0.691194 valid_rmse=0.474780 q_change=51 q_delta=0.425336 q_grad=0.002690
Early stopping at epoch 61; best_epoch=41.
Saved run to C:\Users\YAN_SHU_YU\Desktop\Generative-CD\Q_GNCDM\results\weak_q_lambda_sweep\lq_0p9_ls_0p8_lb_0p7\seed_2026\noise_0.20\weak-q_lq_0p9_ls_0p8_lb_0p7
Final metrics: q_hat_f1=0.068966 response_auc=0.687703 mastery_pearson=0.349968
