run=weak-q_lq_0p4_ls_0p4_lb_0p2 mode=weak-q noise=0.20 train=4200 valid=600 test=1200
epoch=1 loss_total=0.949089 loss_rec=0.725653 valid_auc=0.587980 valid_rmse=0.499745 q_change=57 q_delta=0.077441 q_grad=0.000391
epoch=2 loss_total=0.901894 loss_rec=0.705784 valid_auc=0.596116 valid_rmse=0.499230 q_change=57 q_delta=0.142624 q_grad=0.000328
epoch=3 loss_total=0.874882 loss_rec=0.699494 valid_auc=0.612511 valid_rmse=0.498240 q_change=57 q_delta=0.194819 q_grad=0.000284
epoch=4 loss_total=0.852336 loss_rec=0.692442 valid_auc=0.636440 valid_rmse=0.497053 q_change=57 q_delta=0.235678 q_grad=0.000255
epoch=5 loss_total=0.839303 loss_rec=0.690370 valid_auc=0.657690 valid_rmse=0.493951 q_change=57 q_delta=0.265168 q_grad=0.000260
epoch=6 loss_total=0.821906 loss_rec=0.680208 valid_auc=0.667489 valid_rmse=0.489379 q_change=57 q_delta=0.283812 q_grad=0.000312
epoch=7 loss_total=0.797902 loss_rec=0.660334 valid_auc=0.667656 valid_rmse=0.482088 q_change=57 q_delta=0.293988 q_grad=0.000448
epoch=8 loss_total=0.781528 loss_rec=0.646123 valid_auc=0.669699 valid_rmse=0.478880 q_change=57 q_delta=0.300679 q_grad=0.000687
epoch=9 loss_total=0.771193 loss_rec=0.637628 valid_auc=0.678136 valid_rmse=0.474731 q_change=57 q_delta=0.306496 q_grad=0.000870
epoch=10 loss_total=0.771106 loss_rec=0.639170 valid_auc=0.679074 valid_rmse=0.475243 q_change=57 q_delta=0.310372 q_grad=0.000972
epoch=11 loss_total=0.766643 loss_rec=0.635624 valid_auc=0.681529 valid_rmse=0.473576 q_change=57 q_delta=0.313713 q_grad=0.001127
epoch=12 loss_total=0.756082 loss_rec=0.625852 valid_auc=0.683292 valid_rmse=0.474403 q_change=57 q_delta=0.315589 q_grad=0.001225
epoch=13 loss_total=0.751328 loss_rec=0.621736 valid_auc=0.683270 valid_rmse=0.472868 q_change=56 q_delta=0.317983 q_grad=0.001271
epoch=14 loss_total=0.750670 loss_rec=0.621501 valid_auc=0.682210 valid_rmse=0.474536 q_change=56 q_delta=0.319203 q_grad=0.001388
epoch=15 loss_total=0.746321 loss_rec=0.617508 valid_auc=0.683136 valid_rmse=0.473276 q_change=56 q_delta=0.321612 q_grad=0.001459
epoch=16 loss_total=0.747015 loss_rec=0.618515 valid_auc=0.684621 valid_rmse=0.473636 q_change=54 q_delta=0.323192 q_grad=0.001573
epoch=17 loss_total=0.742943 loss_rec=0.614815 valid_auc=0.683538 valid_rmse=0.473643 q_change=54 q_delta=0.325234 q_grad=0.001509
epoch=18 loss_total=0.736717 loss_rec=0.608875 valid_auc=0.684163 valid_rmse=0.473570 q_change=52 q_delta=0.327411 q_grad=0.001544
epoch=19 loss_total=0.735341 loss_rec=0.607925 valid_auc=0.684141 valid_rmse=0.474517 q_change=52 q_delta=0.329984 q_grad=0.001647
epoch=20 loss_total=0.732349 loss_rec=0.605168 valid_auc=0.686395 valid_rmse=0.472892 q_change=52 q_delta=0.332965 q_grad=0.001720
epoch=21 loss_total=0.727578 loss_rec=0.600689 valid_auc=0.687667 valid_rmse=0.474211 q_change=52 q_delta=0.335104 q_grad=0.001644
epoch=22 loss_total=0.724828 loss_rec=0.598173 valid_auc=0.686172 valid_rmse=0.474137 q_change=51 q_delta=0.337389 q_grad=0.001779
epoch=23 loss_total=0.722225 loss_rec=0.595839 valid_auc=0.684431 valid_rmse=0.474034 q_change=51 q_delta=0.339824 q_grad=0.001740
epoch=24 loss_total=0.716902 loss_rec=0.590771 valid_auc=0.683605 valid_rmse=0.474918 q_change=51 q_delta=0.341839 q_grad=0.001775
epoch=25 loss_total=0.716997 loss_rec=0.591083 valid_auc=0.684676 valid_rmse=0.475020 q_change=50 q_delta=0.343816 q_grad=0.001890
epoch=26 loss_total=0.713964 loss_rec=0.588262 valid_auc=0.685904 valid_rmse=0.475228 q_change=50 q_delta=0.345634 q_grad=0.001877
epoch=27 loss_total=0.709844 loss_rec=0.584293 valid_auc=0.685993 valid_rmse=0.476744 q_change=50 q_delta=0.347503 q_grad=0.001865
epoch=28 loss_total=0.712075 loss_rec=0.586684 valid_auc=0.686808 valid_rmse=0.475470 q_change=50 q_delta=0.349388 q_grad=0.001961
epoch=29 loss_total=0.704557 loss_rec=0.579346 valid_auc=0.689152 valid_rmse=0.474952 q_change=50 q_delta=0.350994 q_grad=0.001972
epoch=30 loss_total=0.702646 loss_rec=0.577536 valid_auc=0.690525 valid_rmse=0.475843 q_change=50 q_delta=0.352385 q_grad=0.001982
epoch=31 loss_total=0.697783 loss_rec=0.572792 valid_auc=0.689688 valid_rmse=0.475762 q_change=50 q_delta=0.353926 q_grad=0.002005
epoch=32 loss_total=0.697586 loss_rec=0.572703 valid_auc=0.691629 valid_rmse=0.475351 q_change=49 q_delta=0.355546 q_grad=0.002069
epoch=33 loss_total=0.693169 loss_rec=0.568334 valid_auc=0.690592 valid_rmse=0.473857 q_change=48 q_delta=0.356976 q_grad=0.002085
epoch=34 loss_total=0.692338 loss_rec=0.567651 valid_auc=0.689330 valid_rmse=0.474125 q_change=47 q_delta=0.358193 q_grad=0.002079
epoch=35 loss_total=0.691256 loss_rec=0.566631 valid_auc=0.693717 valid_rmse=0.472646 q_change=47 q_delta=0.359498 q_grad=0.002086
epoch=36 loss_total=0.683252 loss_rec=0.558641 valid_auc=0.692121 valid_rmse=0.473634 q_change=47 q_delta=0.360456 q_grad=0.002163
epoch=37 loss_total=0.678652 loss_rec=0.554095 valid_auc=0.690547 valid_rmse=0.475874 q_change=47 q_delta=0.361568 q_grad=0.002171
epoch=38 loss_total=0.673136 loss_rec=0.548669 valid_auc=0.690926 valid_rmse=0.476572 q_change=47 q_delta=0.362614 q_grad=0.002293
epoch=39 loss_total=0.671399 loss_rec=0.547003 valid_auc=0.689576 valid_rmse=0.475147 q_change=46 q_delta=0.364084 q_grad=0.002257
epoch=40 loss_total=0.667855 loss_rec=0.543521 valid_auc=0.689743 valid_rmse=0.476298 q_change=46 q_delta=0.364938 q_grad=0.002338
epoch=41 loss_total=0.660446 loss_rec=0.536211 valid_auc=0.690167 valid_rmse=0.478459 q_change=46 q_delta=0.365856 q_grad=0.002344
epoch=42 loss_total=0.662374 loss_rec=0.538216 valid_auc=0.686842 valid_rmse=0.477539 q_change=46 q_delta=0.366906 q_grad=0.002499
epoch=43 loss_total=0.656042 loss_rec=0.531957 valid_auc=0.688817 valid_rmse=0.478583 q_change=44 q_delta=0.367616 q_grad=0.002464
epoch=44 loss_total=0.653227 loss_rec=0.529205 valid_auc=0.687054 valid_rmse=0.478889 q_change=43 q_delta=0.368474 q_grad=0.002512
epoch=45 loss_total=0.647889 loss_rec=0.523961 valid_auc=0.686484 valid_rmse=0.483098 q_change=43 q_delta=0.368864 q_grad=0.002544
epoch=46 loss_total=0.646834 loss_rec=0.522925 valid_auc=0.691306 valid_rmse=0.477992 q_change=43 q_delta=0.369900 q_grad=0.002550
epoch=47 loss_total=0.643620 loss_rec=0.519807 valid_auc=0.686886 valid_rmse=0.481526 q_change=43 q_delta=0.370528 q_grad=0.002557
epoch=48 loss_total=0.641121 loss_rec=0.517388 valid_auc=0.687199 valid_rmse=0.480468 q_change=43 q_delta=0.371361 q_grad=0.002633
epoch=49 loss_total=0.635487 loss_rec=0.511817 valid_auc=0.689163 valid_rmse=0.479169 q_change=43 q_delta=0.371822 q_grad=0.002608
epoch=50 loss_total=0.630501 loss_rec=0.506902 valid_auc=0.686987 valid_rmse=0.483053 q_change=43 q_delta=0.372605 q_grad=0.002626
epoch=51 loss_total=0.630449 loss_rec=0.506957 valid_auc=0.687388 valid_rmse=0.483391 q_change=43 q_delta=0.373244 q_grad=0.002699
epoch=52 loss_total=0.631664 loss_rec=0.508236 valid_auc=0.687210 valid_rmse=0.481579 q_change=43 q_delta=0.374104 q_grad=0.002730
epoch=53 loss_total=0.632400 loss_rec=0.509030 valid_auc=0.686250 valid_rmse=0.481266 q_change=43 q_delta=0.374663 q_grad=0.002743
epoch=54 loss_total=0.625540 loss_rec=0.502205 valid_auc=0.684330 valid_rmse=0.483683 q_change=44 q_delta=0.375285 q_grad=0.002760
epoch=55 loss_total=0.621143 loss_rec=0.497892 valid_auc=0.690993 valid_rmse=0.480170 q_change=43 q_delta=0.375925 q_grad=0.002696
Early stopping at epoch 55; best_epoch=35.
Saved run to C:\Users\YAN_SHU_YU\Desktop\Generative-CD\Q_GNCDM\results\weak_q_lambda_sweep\lq_0p4_ls_0p4_lb_0p2\seed_2026\noise_0.20\weak-q_lq_0p4_ls_0p4_lb_0p2
Final metrics: q_hat_f1=0.272727 response_auc=0.692403 mastery_pearson=0.436579
