run=weak-q_lq_0p5_ls_0p2_lb_0p2 mode=weak-q noise=0.20 train=4200 valid=600 test=1200
epoch=1 loss_total=0.862602 loss_rec=0.725614 valid_auc=0.589933 valid_rmse=0.499706 q_change=57 q_delta=0.072220 q_grad=0.000185
epoch=2 loss_total=0.831659 loss_rec=0.705226 valid_auc=0.604308 valid_rmse=0.498893 q_change=57 q_delta=0.122523 q_grad=0.000151
epoch=3 loss_total=0.818283 loss_rec=0.697441 valid_auc=0.627958 valid_rmse=0.497004 q_change=57 q_delta=0.154667 q_grad=0.000158
epoch=4 loss_total=0.804387 loss_rec=0.686447 valid_auc=0.654933 valid_rmse=0.493289 q_change=56 q_delta=0.173836 q_grad=0.000199
epoch=5 loss_total=0.791199 loss_rec=0.674030 valid_auc=0.667321 valid_rmse=0.484737 q_change=52 q_delta=0.178515 q_grad=0.000323
epoch=6 loss_total=0.765082 loss_rec=0.647350 valid_auc=0.672400 valid_rmse=0.477200 q_change=51 q_delta=0.178374 q_grad=0.000568
epoch=7 loss_total=0.745128 loss_rec=0.627227 valid_auc=0.678527 valid_rmse=0.475562 q_change=48 q_delta=0.180647 q_grad=0.000779
epoch=8 loss_total=0.739858 loss_rec=0.622128 valid_auc=0.677600 valid_rmse=0.475842 q_change=48 q_delta=0.183569 q_grad=0.000952
epoch=9 loss_total=0.733865 loss_rec=0.616418 valid_auc=0.682511 valid_rmse=0.473862 q_change=46 q_delta=0.187671 q_grad=0.001029
epoch=10 loss_total=0.737824 loss_rec=0.620746 valid_auc=0.680882 valid_rmse=0.475641 q_change=44 q_delta=0.192064 q_grad=0.001032
epoch=11 loss_total=0.736241 loss_rec=0.619270 valid_auc=0.680312 valid_rmse=0.474581 q_change=43 q_delta=0.196583 q_grad=0.001106
epoch=12 loss_total=0.728458 loss_rec=0.611675 valid_auc=0.679732 valid_rmse=0.476178 q_change=42 q_delta=0.200697 q_grad=0.001128
epoch=13 loss_total=0.725173 loss_rec=0.608598 valid_auc=0.679330 valid_rmse=0.474917 q_change=40 q_delta=0.205903 q_grad=0.001101
epoch=14 loss_total=0.726085 loss_rec=0.609602 valid_auc=0.678783 valid_rmse=0.476903 q_change=37 q_delta=0.209875 q_grad=0.001160
epoch=15 loss_total=0.722503 loss_rec=0.606027 valid_auc=0.680781 valid_rmse=0.475418 q_change=37 q_delta=0.214554 q_grad=0.001171
epoch=16 loss_total=0.724498 loss_rec=0.608003 valid_auc=0.680413 valid_rmse=0.475610 q_change=35 q_delta=0.218933 q_grad=0.001260
epoch=17 loss_total=0.719870 loss_rec=0.603423 valid_auc=0.680748 valid_rmse=0.475484 q_change=32 q_delta=0.222961 q_grad=0.001192
epoch=18 loss_total=0.715038 loss_rec=0.598555 valid_auc=0.680859 valid_rmse=0.475901 q_change=32 q_delta=0.227670 q_grad=0.001223
epoch=19 loss_total=0.714188 loss_rec=0.597709 valid_auc=0.681395 valid_rmse=0.476244 q_change=32 q_delta=0.232743 q_grad=0.001287
epoch=20 loss_total=0.711818 loss_rec=0.595248 valid_auc=0.683694 valid_rmse=0.474998 q_change=31 q_delta=0.237798 q_grad=0.001351
epoch=21 loss_total=0.706714 loss_rec=0.590028 valid_auc=0.684788 valid_rmse=0.475515 q_change=30 q_delta=0.242496 q_grad=0.001293
epoch=22 loss_total=0.704004 loss_rec=0.587207 valid_auc=0.684029 valid_rmse=0.475942 q_change=30 q_delta=0.247376 q_grad=0.001396
epoch=23 loss_total=0.701258 loss_rec=0.584322 valid_auc=0.683382 valid_rmse=0.476043 q_change=30 q_delta=0.252269 q_grad=0.001365
epoch=24 loss_total=0.695617 loss_rec=0.578537 valid_auc=0.683025 valid_rmse=0.476584 q_change=30 q_delta=0.257222 q_grad=0.001410
epoch=25 loss_total=0.694069 loss_rec=0.576797 valid_auc=0.684777 valid_rmse=0.476757 q_change=29 q_delta=0.262062 q_grad=0.001496
epoch=26 loss_total=0.690794 loss_rec=0.573353 valid_auc=0.685346 valid_rmse=0.476820 q_change=29 q_delta=0.266672 q_grad=0.001479
epoch=27 loss_total=0.685751 loss_rec=0.568100 valid_auc=0.684509 valid_rmse=0.478859 q_change=28 q_delta=0.270957 q_grad=0.001499
epoch=28 loss_total=0.687081 loss_rec=0.569201 valid_auc=0.684866 valid_rmse=0.477994 q_change=27 q_delta=0.275645 q_grad=0.001611
epoch=29 loss_total=0.678567 loss_rec=0.560523 valid_auc=0.687266 valid_rmse=0.477441 q_change=27 q_delta=0.279638 q_grad=0.001597
epoch=30 loss_total=0.675534 loss_rec=0.557244 valid_auc=0.688304 valid_rmse=0.478740 q_change=27 q_delta=0.283635 q_grad=0.001670
epoch=31 loss_total=0.669483 loss_rec=0.551011 valid_auc=0.686752 valid_rmse=0.479504 q_change=27 q_delta=0.287376 q_grad=0.001670
epoch=32 loss_total=0.668435 loss_rec=0.549756 valid_auc=0.691451 valid_rmse=0.477944 q_change=26 q_delta=0.291417 q_grad=0.001711
epoch=33 loss_total=0.661946 loss_rec=0.543044 valid_auc=0.689040 valid_rmse=0.477752 q_change=26 q_delta=0.295520 q_grad=0.001742
epoch=34 loss_total=0.661795 loss_rec=0.542751 valid_auc=0.688504 valid_rmse=0.477829 q_change=25 q_delta=0.298769 q_grad=0.001727
epoch=35 loss_total=0.661223 loss_rec=0.542008 valid_auc=0.691507 valid_rmse=0.476748 q_change=25 q_delta=0.302087 q_grad=0.001751
epoch=36 loss_total=0.653513 loss_rec=0.534080 valid_auc=0.691150 valid_rmse=0.477790 q_change=25 q_delta=0.304953 q_grad=0.001794
epoch=37 loss_total=0.649516 loss_rec=0.529911 valid_auc=0.689509 valid_rmse=0.480591 q_change=25 q_delta=0.308057 q_grad=0.001784
epoch=38 loss_total=0.643046 loss_rec=0.523312 valid_auc=0.689788 valid_rmse=0.481072 q_change=25 q_delta=0.311049 q_grad=0.001837
epoch=39 loss_total=0.643266 loss_rec=0.523409 valid_auc=0.689420 valid_rmse=0.480040 q_change=25 q_delta=0.313707 q_grad=0.001811
epoch=40 loss_total=0.639893 loss_rec=0.519902 valid_auc=0.688884 valid_rmse=0.481055 q_change=24 q_delta=0.316246 q_grad=0.001826
epoch=41 loss_total=0.633976 loss_rec=0.513886 valid_auc=0.689141 valid_rmse=0.483626 q_change=23 q_delta=0.318779 q_grad=0.001800
epoch=42 loss_total=0.637736 loss_rec=0.517538 valid_auc=0.688504 valid_rmse=0.481518 q_change=23 q_delta=0.321274 q_grad=0.001929
epoch=43 loss_total=0.631382 loss_rec=0.511113 valid_auc=0.691596 valid_rmse=0.482238 q_change=24 q_delta=0.323570 q_grad=0.001873
epoch=44 loss_total=0.629281 loss_rec=0.508917 valid_auc=0.690681 valid_rmse=0.481360 q_change=23 q_delta=0.325531 q_grad=0.001865
epoch=45 loss_total=0.626317 loss_rec=0.505880 valid_auc=0.689342 valid_rmse=0.485580 q_change=22 q_delta=0.327256 q_grad=0.001869
epoch=46 loss_total=0.625037 loss_rec=0.504492 valid_auc=0.693493 valid_rmse=0.480648 q_change=22 q_delta=0.329301 q_grad=0.001886
epoch=47 loss_total=0.623483 loss_rec=0.502875 valid_auc=0.691819 valid_rmse=0.483513 q_change=22 q_delta=0.331027 q_grad=0.001844
epoch=48 loss_total=0.622381 loss_rec=0.501704 valid_auc=0.691295 valid_rmse=0.482069 q_change=21 q_delta=0.332867 q_grad=0.001903
epoch=49 loss_total=0.616499 loss_rec=0.495759 valid_auc=0.692567 valid_rmse=0.481073 q_change=21 q_delta=0.334401 q_grad=0.001870
epoch=50 loss_total=0.612193 loss_rec=0.491391 valid_auc=0.691484 valid_rmse=0.485057 q_change=21 q_delta=0.336276 q_grad=0.001863
epoch=51 loss_total=0.613233 loss_rec=0.492388 valid_auc=0.692199 valid_rmse=0.484962 q_change=22 q_delta=0.337842 q_grad=0.001917
epoch=52 loss_total=0.613834 loss_rec=0.492934 valid_auc=0.691451 valid_rmse=0.483510 q_change=22 q_delta=0.339796 q_grad=0.001906
epoch=53 loss_total=0.615220 loss_rec=0.494256 valid_auc=0.690848 valid_rmse=0.483346 q_change=22 q_delta=0.341446 q_grad=0.001907
epoch=54 loss_total=0.609237 loss_rec=0.488204 valid_auc=0.689163 valid_rmse=0.484468 q_change=21 q_delta=0.343035 q_grad=0.001930
epoch=55 loss_total=0.604504 loss_rec=0.483432 valid_auc=0.696607 valid_rmse=0.480776 q_change=22 q_delta=0.344450 q_grad=0.001889
epoch=56 loss_total=0.603081 loss_rec=0.481968 valid_auc=0.693036 valid_rmse=0.484127 q_change=23 q_delta=0.346090 q_grad=0.001864
epoch=57 loss_total=0.604122 loss_rec=0.482928 valid_auc=0.690893 valid_rmse=0.485656 q_change=22 q_delta=0.347620 q_grad=0.001993
epoch=58 loss_total=0.598332 loss_rec=0.477087 valid_auc=0.691239 valid_rmse=0.485545 q_change=22 q_delta=0.348973 q_grad=0.001926
epoch=59 loss_total=0.594758 loss_rec=0.473495 valid_auc=0.694554 valid_rmse=0.483212 q_change=22 q_delta=0.350371 q_grad=0.001875
epoch=60 loss_total=0.598571 loss_rec=0.477262 valid_auc=0.695006 valid_rmse=0.484530 q_change=21 q_delta=0.351620 q_grad=0.001936
epoch=61 loss_total=0.595675 loss_rec=0.474324 valid_auc=0.692879 valid_rmse=0.483211 q_change=22 q_delta=0.352818 q_grad=0.001951
epoch=62 loss_total=0.591908 loss_rec=0.470529 valid_auc=0.695804 valid_rmse=0.483397 q_change=21 q_delta=0.354046 q_grad=0.001867
epoch=63 loss_total=0.591625 loss_rec=0.470200 valid_auc=0.694587 valid_rmse=0.484834 q_change=22 q_delta=0.355214 q_grad=0.001966
epoch=64 loss_total=0.592689 loss_rec=0.471220 valid_auc=0.695692 valid_rmse=0.486107 q_change=21 q_delta=0.356328 q_grad=0.001945
epoch=65 loss_total=0.590154 loss_rec=0.468657 valid_auc=0.693181 valid_rmse=0.484652 q_change=21 q_delta=0.357640 q_grad=0.001861
epoch=66 loss_total=0.589162 loss_rec=0.467654 valid_auc=0.693465 valid_rmse=0.485234 q_change=21 q_delta=0.358696 q_grad=0.001969
epoch=67 loss_total=0.589115 loss_rec=0.467570 valid_auc=0.693437 valid_rmse=0.485671 q_change=22 q_delta=0.359709 q_grad=0.001947
epoch=68 loss_total=0.582723 loss_rec=0.461150 valid_auc=0.695469 valid_rmse=0.486236 q_change=22 q_delta=0.360710 q_grad=0.001936
epoch=69 loss_total=0.580853 loss_rec=0.459250 valid_auc=0.694933 valid_rmse=0.491007 q_change=21 q_delta=0.361558 q_grad=0.001933
epoch=70 loss_total=0.577823 loss_rec=0.456176 valid_auc=0.693761 valid_rmse=0.485341 q_change=22 q_delta=0.362790 q_grad=0.001974
epoch=71 loss_total=0.577834 loss_rec=0.456211 valid_auc=0.698114 valid_rmse=0.483931 q_change=21 q_delta=0.363582 q_grad=0.001919
epoch=72 loss_total=0.579133 loss_rec=0.457486 valid_auc=0.695759 valid_rmse=0.485872 q_change=23 q_delta=0.364508 q_grad=0.001961
epoch=73 loss_total=0.574283 loss_rec=0.452603 valid_auc=0.692846 valid_rmse=0.488006 q_change=23 q_delta=0.365577 q_grad=0.001988
epoch=74 loss_total=0.578720 loss_rec=0.457041 valid_auc=0.693940 valid_rmse=0.486723 q_change=23 q_delta=0.366260 q_grad=0.001937
epoch=75 loss_total=0.576880 loss_rec=0.455190 valid_auc=0.691942 valid_rmse=0.491987 q_change=23 q_delta=0.366982 q_grad=0.001990
epoch=76 loss_total=0.575114 loss_rec=0.453413 valid_auc=0.694269 valid_rmse=0.484723 q_change=23 q_delta=0.368069 q_grad=0.001941
epoch=77 loss_total=0.567410 loss_rec=0.445704 valid_auc=0.695301 valid_rmse=0.486814 q_change=24 q_delta=0.368757 q_grad=0.001903
epoch=78 loss_total=0.568608 loss_rec=0.446885 valid_auc=0.695257 valid_rmse=0.489263 q_change=24 q_delta=0.369548 q_grad=0.002044
epoch=79 loss_total=0.565792 loss_rec=0.444070 valid_auc=0.692879 valid_rmse=0.487186 q_change=24 q_delta=0.370381 q_grad=0.002011
epoch=80 loss_total=0.565610 loss_rec=0.443889 valid_auc=0.695491 valid_rmse=0.487927 q_change=24 q_delta=0.371216 q_grad=0.001984
epoch=81 loss_total=0.565767 loss_rec=0.444043 valid_auc=0.694788 valid_rmse=0.489303 q_change=26 q_delta=0.371902 q_grad=0.002044
epoch=82 loss_total=0.561086 loss_rec=0.439360 valid_auc=0.692723 valid_rmse=0.488995 q_change=26 q_delta=0.372699 q_grad=0.002025
epoch=83 loss_total=0.567900 loss_rec=0.446190 valid_auc=0.694107 valid_rmse=0.488738 q_change=26 q_delta=0.373482 q_grad=0.002010
epoch=84 loss_total=0.566821 loss_rec=0.445117 valid_auc=0.693772 valid_rmse=0.487215 q_change=26 q_delta=0.374252 q_grad=0.001983
epoch=85 loss_total=0.560954 loss_rec=0.439241 valid_auc=0.695480 valid_rmse=0.489545 q_change=27 q_delta=0.374945 q_grad=0.002049
epoch=86 loss_total=0.562159 loss_rec=0.440438 valid_auc=0.692243 valid_rmse=0.488752 q_change=27 q_delta=0.375836 q_grad=0.002092
epoch=87 loss_total=0.559164 loss_rec=0.437446 valid_auc=0.692902 valid_rmse=0.487787 q_change=27 q_delta=0.376502 q_grad=0.002032
epoch=88 loss_total=0.555112 loss_rec=0.433384 valid_auc=0.695413 valid_rmse=0.487798 q_change=28 q_delta=0.377159 q_grad=0.002056
epoch=89 loss_total=0.556468 loss_rec=0.434749 valid_auc=0.694542 valid_rmse=0.491744 q_change=28 q_delta=0.377746 q_grad=0.001991
epoch=90 loss_total=0.562272 loss_rec=0.440556 valid_auc=0.689051 valid_rmse=0.488540 q_change=28 q_delta=0.378463 q_grad=0.002015
epoch=91 loss_total=0.554740 loss_rec=0.433019 valid_auc=0.691384 valid_rmse=0.489551 q_change=28 q_delta=0.378928 q_grad=0.002001
Early stopping at epoch 91; best_epoch=71.
Saved run to C:\Users\YAN_SHU_YU\Desktop\Generative-CD\Q_GNCDM\results\weak_q_lambda_sweep\lq_0p5_ls_0p2_lb_0p2\seed_2026\noise_0.20\weak-q_lq_0p5_ls_0p2_lb_0p2
Final metrics: q_hat_f1=0.744681 response_auc=0.684612 mastery_pearson=0.552024
