run=weak-q_lq_0p9_ls_0p8_lb_0p6 mode=weak-q noise=0.20 train=4200 valid=600 test=1200
epoch=1 loss_total=1.221081 loss_rec=0.725663 valid_auc=0.587545 valid_rmse=0.499757 q_change=57 q_delta=0.078664 q_grad=0.000809
epoch=2 loss_total=1.143257 loss_rec=0.705935 valid_auc=0.593371 valid_rmse=0.499330 q_change=57 q_delta=0.147156 q_grad=0.000700
epoch=3 loss_total=1.090964 loss_rec=0.700044 valid_auc=0.604699 valid_rmse=0.498584 q_change=57 q_delta=0.203674 q_grad=0.000597
epoch=4 loss_total=1.048768 loss_rec=0.693858 valid_auc=0.621295 valid_rmse=0.497938 q_change=57 q_delta=0.249011 q_grad=0.000504
epoch=5 loss_total=1.021452 loss_rec=0.693701 valid_auc=0.641942 valid_rmse=0.496099 q_change=57 q_delta=0.284289 q_grad=0.000429
epoch=6 loss_total=0.996142 loss_rec=0.688711 valid_auc=0.657288 valid_rmse=0.494904 q_change=57 q_delta=0.311119 q_grad=0.000377
epoch=7 loss_total=0.972403 loss_rec=0.679906 valid_auc=0.658371 valid_rmse=0.492029 q_change=57 q_delta=0.330962 q_grad=0.000363
epoch=8 loss_total=0.952301 loss_rec=0.670162 valid_auc=0.655045 valid_rmse=0.487137 q_change=57 q_delta=0.344348 q_grad=0.000424
epoch=9 loss_total=0.933598 loss_rec=0.658487 valid_auc=0.662042 valid_rmse=0.480700 q_change=57 q_delta=0.354423 q_grad=0.000563
epoch=10 loss_total=0.926351 loss_rec=0.656981 valid_auc=0.663839 valid_rmse=0.480200 q_change=57 q_delta=0.362567 q_grad=0.000668
epoch=11 loss_total=0.918407 loss_rec=0.653400 valid_auc=0.666317 valid_rmse=0.478986 q_change=57 q_delta=0.369519 q_grad=0.000785
epoch=12 loss_total=0.905227 loss_rec=0.644088 valid_auc=0.670346 valid_rmse=0.479483 q_change=57 q_delta=0.374962 q_grad=0.000865
epoch=13 loss_total=0.899639 loss_rec=0.641661 valid_auc=0.672411 valid_rmse=0.476326 q_change=57 q_delta=0.379684 q_grad=0.000903
epoch=14 loss_total=0.896326 loss_rec=0.640723 valid_auc=0.673114 valid_rmse=0.477570 q_change=57 q_delta=0.382991 q_grad=0.001019
epoch=15 loss_total=0.891924 loss_rec=0.638312 valid_auc=0.674531 valid_rmse=0.475645 q_change=57 q_delta=0.386217 q_grad=0.001105
epoch=16 loss_total=0.891076 loss_rec=0.639073 valid_auc=0.678248 valid_rmse=0.475367 q_change=57 q_delta=0.388479 q_grad=0.001236
epoch=17 loss_total=0.887773 loss_rec=0.637206 valid_auc=0.679152 valid_rmse=0.475502 q_change=57 q_delta=0.390453 q_grad=0.001224
epoch=18 loss_total=0.880605 loss_rec=0.631118 valid_auc=0.680937 valid_rmse=0.474290 q_change=57 q_delta=0.392187 q_grad=0.001293
epoch=19 loss_total=0.878253 loss_rec=0.629836 valid_auc=0.681317 valid_rmse=0.474980 q_change=57 q_delta=0.393640 q_grad=0.001410
epoch=20 loss_total=0.876117 loss_rec=0.628443 valid_auc=0.684565 valid_rmse=0.472915 q_change=57 q_delta=0.394872 q_grad=0.001525
epoch=21 loss_total=0.871580 loss_rec=0.624589 valid_auc=0.685123 valid_rmse=0.474686 q_change=57 q_delta=0.395494 q_grad=0.001484
epoch=22 loss_total=0.869507 loss_rec=0.622931 valid_auc=0.686786 valid_rmse=0.473037 q_change=57 q_delta=0.395977 q_grad=0.001636
epoch=23 loss_total=0.865955 loss_rec=0.619711 valid_auc=0.684565 valid_rmse=0.472712 q_change=56 q_delta=0.396691 q_grad=0.001651
epoch=24 loss_total=0.860860 loss_rec=0.614900 valid_auc=0.684665 valid_rmse=0.473106 q_change=56 q_delta=0.397266 q_grad=0.001698
epoch=25 loss_total=0.862583 loss_rec=0.616851 valid_auc=0.685759 valid_rmse=0.472966 q_change=56 q_delta=0.397963 q_grad=0.001855
epoch=26 loss_total=0.859435 loss_rec=0.613857 valid_auc=0.687533 valid_rmse=0.474031 q_change=56 q_delta=0.398693 q_grad=0.001843
epoch=27 loss_total=0.855572 loss_rec=0.610052 valid_auc=0.688873 valid_rmse=0.474740 q_change=56 q_delta=0.399142 q_grad=0.001836
epoch=28 loss_total=0.857874 loss_rec=0.612577 valid_auc=0.687578 valid_rmse=0.473591 q_change=56 q_delta=0.399989 q_grad=0.001914
epoch=29 loss_total=0.851762 loss_rec=0.606637 valid_auc=0.690692 valid_rmse=0.472821 q_change=55 q_delta=0.400465 q_grad=0.001955
epoch=30 loss_total=0.851313 loss_rec=0.606241 valid_auc=0.691696 valid_rmse=0.473095 q_change=55 q_delta=0.400768 q_grad=0.001916
epoch=31 loss_total=0.847193 loss_rec=0.602080 valid_auc=0.692176 valid_rmse=0.473121 q_change=55 q_delta=0.401494 q_grad=0.001952
epoch=32 loss_total=0.848745 loss_rec=0.603737 valid_auc=0.693404 valid_rmse=0.473304 q_change=54 q_delta=0.402107 q_grad=0.002000
epoch=33 loss_total=0.846457 loss_rec=0.601494 valid_auc=0.691429 valid_rmse=0.471319 q_change=54 q_delta=0.402971 q_grad=0.001975
epoch=34 loss_total=0.845366 loss_rec=0.600485 valid_auc=0.690658 valid_rmse=0.471536 q_change=53 q_delta=0.403494 q_grad=0.001975
epoch=35 loss_total=0.844799 loss_rec=0.600022 valid_auc=0.693929 valid_rmse=0.470558 q_change=53 q_delta=0.404039 q_grad=0.001948
epoch=36 loss_total=0.839740 loss_rec=0.594850 valid_auc=0.694788 valid_rmse=0.471535 q_change=53 q_delta=0.404489 q_grad=0.002016
epoch=37 loss_total=0.834465 loss_rec=0.589543 valid_auc=0.694487 valid_rmse=0.472012 q_change=53 q_delta=0.405245 q_grad=0.002016
epoch=38 loss_total=0.832828 loss_rec=0.588018 valid_auc=0.694944 valid_rmse=0.473716 q_change=52 q_delta=0.405870 q_grad=0.002129
epoch=39 loss_total=0.834250 loss_rec=0.589474 valid_auc=0.694129 valid_rmse=0.470896 q_change=52 q_delta=0.406860 q_grad=0.002059
epoch=40 loss_total=0.829376 loss_rec=0.584675 valid_auc=0.694520 valid_rmse=0.471393 q_change=52 q_delta=0.407421 q_grad=0.002109
epoch=41 loss_total=0.824749 loss_rec=0.580134 valid_auc=0.695379 valid_rmse=0.472475 q_change=51 q_delta=0.407974 q_grad=0.002115
epoch=42 loss_total=0.827300 loss_rec=0.582694 valid_auc=0.691741 valid_rmse=0.472269 q_change=51 q_delta=0.408880 q_grad=0.002221
epoch=43 loss_total=0.821889 loss_rec=0.577232 valid_auc=0.692746 valid_rmse=0.472697 q_change=51 q_delta=0.409460 q_grad=0.002179
epoch=44 loss_total=0.821765 loss_rec=0.577177 valid_auc=0.690569 valid_rmse=0.473835 q_change=51 q_delta=0.410444 q_grad=0.002247
epoch=45 loss_total=0.816783 loss_rec=0.572284 valid_auc=0.692511 valid_rmse=0.477706 q_change=51 q_delta=0.411034 q_grad=0.002305
epoch=46 loss_total=0.816758 loss_rec=0.572235 valid_auc=0.694542 valid_rmse=0.471653 q_change=51 q_delta=0.412047 q_grad=0.002277
epoch=47 loss_total=0.812918 loss_rec=0.568452 valid_auc=0.692801 valid_rmse=0.473974 q_change=51 q_delta=0.412622 q_grad=0.002290
epoch=48 loss_total=0.809903 loss_rec=0.565481 valid_auc=0.692712 valid_rmse=0.472867 q_change=51 q_delta=0.413280 q_grad=0.002387
epoch=49 loss_total=0.806772 loss_rec=0.562399 valid_auc=0.694487 valid_rmse=0.472465 q_change=51 q_delta=0.413784 q_grad=0.002419
epoch=50 loss_total=0.801406 loss_rec=0.557034 valid_auc=0.691507 valid_rmse=0.474294 q_change=51 q_delta=0.414319 q_grad=0.002378
epoch=51 loss_total=0.800302 loss_rec=0.556032 valid_auc=0.693661 valid_rmse=0.476234 q_change=51 q_delta=0.414670 q_grad=0.002502
epoch=52 loss_total=0.801547 loss_rec=0.557375 valid_auc=0.691507 valid_rmse=0.474066 q_change=51 q_delta=0.415257 q_grad=0.002544
epoch=53 loss_total=0.801330 loss_rec=0.557153 valid_auc=0.693761 valid_rmse=0.473021 q_change=51 q_delta=0.415626 q_grad=0.002580
epoch=54 loss_total=0.792793 loss_rec=0.548660 valid_auc=0.689699 valid_rmse=0.475734 q_change=51 q_delta=0.415862 q_grad=0.002578
epoch=55 loss_total=0.789912 loss_rec=0.545857 valid_auc=0.695703 valid_rmse=0.472516 q_change=50 q_delta=0.416226 q_grad=0.002606
epoch=56 loss_total=0.790206 loss_rec=0.546162 valid_auc=0.691328 valid_rmse=0.474810 q_change=50 q_delta=0.416436 q_grad=0.002690
epoch=57 loss_total=0.787147 loss_rec=0.543109 valid_auc=0.691328 valid_rmse=0.476578 q_change=50 q_delta=0.416728 q_grad=0.002800
epoch=58 loss_total=0.780990 loss_rec=0.537010 valid_auc=0.690737 valid_rmse=0.479600 q_change=50 q_delta=0.417068 q_grad=0.002756
epoch=59 loss_total=0.781811 loss_rec=0.537960 valid_auc=0.692478 valid_rmse=0.474427 q_change=50 q_delta=0.417502 q_grad=0.002768
epoch=60 loss_total=0.780086 loss_rec=0.536307 valid_auc=0.693136 valid_rmse=0.475242 q_change=50 q_delta=0.417701 q_grad=0.002780
epoch=61 loss_total=0.776913 loss_rec=0.533106 valid_auc=0.690335 valid_rmse=0.475450 q_change=50 q_delta=0.417974 q_grad=0.002933
epoch=62 loss_total=0.773119 loss_rec=0.529445 valid_auc=0.692176 valid_rmse=0.475974 q_change=50 q_delta=0.418168 q_grad=0.002899
epoch=63 loss_total=0.773480 loss_rec=0.529849 valid_auc=0.688627 valid_rmse=0.476881 q_change=50 q_delta=0.418381 q_grad=0.003002
epoch=64 loss_total=0.774075 loss_rec=0.530476 valid_auc=0.692690 valid_rmse=0.479419 q_change=50 q_delta=0.418420 q_grad=0.003043
epoch=65 loss_total=0.768455 loss_rec=0.524881 valid_auc=0.689855 valid_rmse=0.476434 q_change=50 q_delta=0.418665 q_grad=0.002892
epoch=66 loss_total=0.770266 loss_rec=0.526753 valid_auc=0.688661 valid_rmse=0.477724 q_change=50 q_delta=0.418768 q_grad=0.003137
epoch=67 loss_total=0.770965 loss_rec=0.527478 valid_auc=0.688638 valid_rmse=0.478645 q_change=50 q_delta=0.418845 q_grad=0.003150
epoch=68 loss_total=0.763684 loss_rec=0.520273 valid_auc=0.688694 valid_rmse=0.482263 q_change=50 q_delta=0.418792 q_grad=0.003103
epoch=69 loss_total=0.760698 loss_rec=0.517299 valid_auc=0.689475 valid_rmse=0.484780 q_change=50 q_delta=0.418953 q_grad=0.003265
epoch=70 loss_total=0.759107 loss_rec=0.515721 valid_auc=0.686138 valid_rmse=0.479031 q_change=50 q_delta=0.419155 q_grad=0.003326
epoch=71 loss_total=0.760016 loss_rec=0.516735 valid_auc=0.689877 valid_rmse=0.477992 q_change=50 q_delta=0.419164 q_grad=0.003301
epoch=72 loss_total=0.758634 loss_rec=0.515329 valid_auc=0.687031 valid_rmse=0.478842 q_change=50 q_delta=0.419272 q_grad=0.003307
epoch=73 loss_total=0.753420 loss_rec=0.510169 valid_auc=0.684252 valid_rmse=0.481189 q_change=50 q_delta=0.419292 q_grad=0.003385
epoch=74 loss_total=0.760234 loss_rec=0.517001 valid_auc=0.685357 valid_rmse=0.480528 q_change=50 q_delta=0.419362 q_grad=0.003329
epoch=75 loss_total=0.756740 loss_rec=0.513511 valid_auc=0.684520 valid_rmse=0.486765 q_change=50 q_delta=0.419268 q_grad=0.003327
Early stopping at epoch 75; best_epoch=55.
Saved run to C:\Users\YAN_SHU_YU\Desktop\Generative-CD\Q_GNCDM\results\weak_q_lambda_sweep\lq_0p9_ls_0p8_lb_0p6\seed_2026\noise_0.20\weak-q_lq_0p9_ls_0p8_lb_0p6
Final metrics: q_hat_f1=0.222222 response_auc=0.688187 mastery_pearson=0.403073
