run=weak-q_lq_0p7_ls_0p5_lb_0p3 mode=weak-q noise=0.20 train=4200 valid=600 test=1200
epoch=1 loss_total=1.017518 loss_rec=0.725654 valid_auc=0.587790 valid_rmse=0.499748 q_change=57 q_delta=0.077312 q_grad=0.000482
epoch=2 loss_total=0.965173 loss_rec=0.705788 valid_auc=0.595089 valid_rmse=0.499246 q_change=57 q_delta=0.141370 q_grad=0.000385
epoch=3 loss_total=0.935811 loss_rec=0.699511 valid_auc=0.609877 valid_rmse=0.498285 q_change=57 q_delta=0.191844 q_grad=0.000315
epoch=4 loss_total=0.912527 loss_rec=0.692470 valid_auc=0.631802 valid_rmse=0.497132 q_change=57 q_delta=0.230880 q_grad=0.000270
epoch=5 loss_total=0.899498 loss_rec=0.690413 valid_auc=0.653616 valid_rmse=0.494084 q_change=57 q_delta=0.259062 q_grad=0.000264
epoch=6 loss_total=0.882349 loss_rec=0.680276 valid_auc=0.665368 valid_rmse=0.489613 q_change=57 q_delta=0.276989 q_grad=0.000310
epoch=7 loss_total=0.858458 loss_rec=0.660234 valid_auc=0.666886 valid_rmse=0.482279 q_change=57 q_delta=0.286553 q_grad=0.000445
epoch=8 loss_total=0.841455 loss_rec=0.645095 valid_auc=0.669710 valid_rmse=0.478879 q_change=57 q_delta=0.292529 q_grad=0.000689
epoch=9 loss_total=0.830655 loss_rec=0.635905 valid_auc=0.679872 valid_rmse=0.474203 q_change=57 q_delta=0.297720 q_grad=0.000877
epoch=10 loss_total=0.830121 loss_rec=0.636846 valid_auc=0.680246 valid_rmse=0.474950 q_change=57 q_delta=0.301218 q_grad=0.000987
epoch=11 loss_total=0.825607 loss_rec=0.633128 valid_auc=0.683248 valid_rmse=0.473072 q_change=57 q_delta=0.304398 q_grad=0.001144
epoch=12 loss_total=0.814775 loss_rec=0.623016 valid_auc=0.683806 valid_rmse=0.474303 q_change=57 q_delta=0.306320 q_grad=0.001239
epoch=13 loss_total=0.810206 loss_rec=0.619081 valid_auc=0.683594 valid_rmse=0.472863 q_change=56 q_delta=0.309006 q_grad=0.001278
epoch=14 loss_total=0.809797 loss_rec=0.619105 valid_auc=0.682533 valid_rmse=0.474718 q_change=56 q_delta=0.310382 q_grad=0.001384
epoch=15 loss_total=0.805334 loss_rec=0.614995 valid_auc=0.683259 valid_rmse=0.473386 q_change=54 q_delta=0.312940 q_grad=0.001446
epoch=16 loss_total=0.806308 loss_rec=0.616243 valid_auc=0.684364 valid_rmse=0.473829 q_change=54 q_delta=0.314784 q_grad=0.001553
epoch=17 loss_total=0.802163 loss_rec=0.612456 valid_auc=0.683002 valid_rmse=0.473790 q_change=53 q_delta=0.317183 q_grad=0.001487
epoch=18 loss_total=0.796131 loss_rec=0.606637 valid_auc=0.684319 valid_rmse=0.473591 q_change=52 q_delta=0.319374 q_grad=0.001522
epoch=19 loss_total=0.794743 loss_rec=0.605592 valid_auc=0.684051 valid_rmse=0.474632 q_change=52 q_delta=0.321989 q_grad=0.001622
epoch=20 loss_total=0.791859 loss_rec=0.602847 valid_auc=0.686016 valid_rmse=0.473003 q_change=51 q_delta=0.324833 q_grad=0.001701
epoch=21 loss_total=0.786764 loss_rec=0.597912 valid_auc=0.687098 valid_rmse=0.474261 q_change=51 q_delta=0.326819 q_grad=0.001626
epoch=22 loss_total=0.784108 loss_rec=0.595358 valid_auc=0.686362 valid_rmse=0.474180 q_change=50 q_delta=0.329133 q_grad=0.001761
epoch=23 loss_total=0.781403 loss_rec=0.592762 valid_auc=0.684018 valid_rmse=0.474117 q_change=50 q_delta=0.331603 q_grad=0.001724
epoch=24 loss_total=0.775896 loss_rec=0.587373 valid_auc=0.683315 valid_rmse=0.474947 q_change=50 q_delta=0.333940 q_grad=0.001764
epoch=25 loss_total=0.775772 loss_rec=0.587278 valid_auc=0.685357 valid_rmse=0.474965 q_change=50 q_delta=0.336045 q_grad=0.001882
epoch=26 loss_total=0.772498 loss_rec=0.584057 valid_auc=0.686808 valid_rmse=0.475104 q_change=50 q_delta=0.338074 q_grad=0.001872
epoch=27 loss_total=0.767997 loss_rec=0.579535 valid_auc=0.686931 valid_rmse=0.476820 q_change=50 q_delta=0.339902 q_grad=0.001864
epoch=28 loss_total=0.770264 loss_rec=0.581815 valid_auc=0.687612 valid_rmse=0.475443 q_change=48 q_delta=0.341713 q_grad=0.001971
epoch=29 loss_total=0.762573 loss_rec=0.574177 valid_auc=0.689509 valid_rmse=0.474880 q_change=48 q_delta=0.343199 q_grad=0.001977
epoch=30 loss_total=0.760161 loss_rec=0.571711 valid_auc=0.691429 valid_rmse=0.475889 q_change=47 q_delta=0.344439 q_grad=0.002008
epoch=31 loss_total=0.755268 loss_rec=0.566789 valid_auc=0.690011 valid_rmse=0.475876 q_change=47 q_delta=0.345885 q_grad=0.002024
epoch=32 loss_total=0.754925 loss_rec=0.566424 valid_auc=0.693170 valid_rmse=0.475071 q_change=47 q_delta=0.347559 q_grad=0.002087
epoch=33 loss_total=0.749678 loss_rec=0.561079 valid_auc=0.691395 valid_rmse=0.474051 q_change=47 q_delta=0.349135 q_grad=0.002112
epoch=34 loss_total=0.748747 loss_rec=0.560162 valid_auc=0.690513 valid_rmse=0.474131 q_change=47 q_delta=0.350316 q_grad=0.002109
epoch=35 loss_total=0.747991 loss_rec=0.559360 valid_auc=0.694275 valid_rmse=0.472750 q_change=46 q_delta=0.351586 q_grad=0.002125
epoch=36 loss_total=0.739359 loss_rec=0.550620 valid_auc=0.693683 valid_rmse=0.473149 q_change=46 q_delta=0.352411 q_grad=0.002208
epoch=37 loss_total=0.734529 loss_rec=0.545693 valid_auc=0.691339 valid_rmse=0.476122 q_change=46 q_delta=0.353349 q_grad=0.002219
epoch=38 loss_total=0.728122 loss_rec=0.539308 valid_auc=0.691551 valid_rmse=0.476841 q_change=46 q_delta=0.354315 q_grad=0.002333
epoch=39 loss_total=0.726980 loss_rec=0.538125 valid_auc=0.691440 valid_rmse=0.475192 q_change=45 q_delta=0.355678 q_grad=0.002313
epoch=40 loss_total=0.723751 loss_rec=0.534870 valid_auc=0.691384 valid_rmse=0.476245 q_change=44 q_delta=0.356474 q_grad=0.002392
epoch=41 loss_total=0.716515 loss_rec=0.527673 valid_auc=0.691496 valid_rmse=0.478876 q_change=44 q_delta=0.357334 q_grad=0.002384
epoch=42 loss_total=0.719301 loss_rec=0.530471 valid_auc=0.688460 valid_rmse=0.477710 q_change=44 q_delta=0.358482 q_grad=0.002541
epoch=43 loss_total=0.712710 loss_rec=0.523886 valid_auc=0.690960 valid_rmse=0.478427 q_change=43 q_delta=0.359107 q_grad=0.002508
epoch=44 loss_total=0.710207 loss_rec=0.521401 valid_auc=0.690391 valid_rmse=0.478017 q_change=43 q_delta=0.360116 q_grad=0.002540
epoch=45 loss_total=0.705583 loss_rec=0.516830 valid_auc=0.687433 valid_rmse=0.483286 q_change=44 q_delta=0.360774 q_grad=0.002544
epoch=46 loss_total=0.704804 loss_rec=0.516019 valid_auc=0.694453 valid_rmse=0.477250 q_change=43 q_delta=0.361916 q_grad=0.002580
epoch=47 loss_total=0.701866 loss_rec=0.513125 valid_auc=0.689821 valid_rmse=0.480862 q_change=43 q_delta=0.362607 q_grad=0.002562
epoch=48 loss_total=0.700703 loss_rec=0.512024 valid_auc=0.689844 valid_rmse=0.479873 q_change=43 q_delta=0.363497 q_grad=0.002628
epoch=49 loss_total=0.695287 loss_rec=0.506658 valid_auc=0.691618 valid_rmse=0.478362 q_change=43 q_delta=0.363903 q_grad=0.002608
epoch=50 loss_total=0.690498 loss_rec=0.501920 valid_auc=0.690379 valid_rmse=0.482183 q_change=43 q_delta=0.364612 q_grad=0.002615
epoch=51 loss_total=0.691506 loss_rec=0.503024 valid_auc=0.690525 valid_rmse=0.482676 q_change=42 q_delta=0.365229 q_grad=0.002698
epoch=52 loss_total=0.692813 loss_rec=0.504386 valid_auc=0.689431 valid_rmse=0.481004 q_change=42 q_delta=0.366037 q_grad=0.002705
epoch=53 loss_total=0.694018 loss_rec=0.505639 valid_auc=0.689810 valid_rmse=0.480268 q_change=42 q_delta=0.366486 q_grad=0.002713
epoch=54 loss_total=0.687592 loss_rec=0.499211 valid_auc=0.688259 valid_rmse=0.482009 q_change=41 q_delta=0.366989 q_grad=0.002732
epoch=55 loss_total=0.683198 loss_rec=0.494893 valid_auc=0.694453 valid_rmse=0.478521 q_change=40 q_delta=0.367548 q_grad=0.002670
epoch=56 loss_total=0.683289 loss_rec=0.495027 valid_auc=0.690625 valid_rmse=0.481461 q_change=39 q_delta=0.367842 q_grad=0.002725
epoch=57 loss_total=0.683072 loss_rec=0.494831 valid_auc=0.688270 valid_rmse=0.484379 q_change=39 q_delta=0.368294 q_grad=0.002823
epoch=58 loss_total=0.676458 loss_rec=0.488262 valid_auc=0.688839 valid_rmse=0.484715 q_change=39 q_delta=0.368782 q_grad=0.002753
epoch=59 loss_total=0.675105 loss_rec=0.487019 valid_auc=0.693471 valid_rmse=0.480334 q_change=39 q_delta=0.369341 q_grad=0.002736
epoch=60 loss_total=0.676951 loss_rec=0.488901 valid_auc=0.692232 valid_rmse=0.482260 q_change=39 q_delta=0.369810 q_grad=0.002762
epoch=61 loss_total=0.675003 loss_rec=0.486954 valid_auc=0.690056 valid_rmse=0.482217 q_change=39 q_delta=0.370349 q_grad=0.002849
epoch=62 loss_total=0.670782 loss_rec=0.482833 valid_auc=0.693292 valid_rmse=0.481746 q_change=39 q_delta=0.370766 q_grad=0.002762
epoch=63 loss_total=0.671036 loss_rec=0.483106 valid_auc=0.691842 valid_rmse=0.482580 q_change=38 q_delta=0.371186 q_grad=0.002879
epoch=64 loss_total=0.670240 loss_rec=0.482350 valid_auc=0.692801 valid_rmse=0.485082 q_change=37 q_delta=0.371400 q_grad=0.002832
epoch=65 loss_total=0.667897 loss_rec=0.480036 valid_auc=0.691027 valid_rmse=0.483161 q_change=37 q_delta=0.372022 q_grad=0.002734
epoch=66 loss_total=0.667997 loss_rec=0.480173 valid_auc=0.689464 valid_rmse=0.484364 q_change=37 q_delta=0.372424 q_grad=0.002907
Early stopping at epoch 66; best_epoch=46.
Saved run to C:\Users\YAN_SHU_YU\Desktop\Generative-CD\Q_GNCDM\results\weak_q_lambda_sweep\lq_0p7_ls_0p5_lb_0p3\seed_2026\noise_0.20\weak-q_lq_0p7_ls_0p5_lb_0p3
Final metrics: q_hat_f1=0.371429 response_auc=0.686280 mastery_pearson=0.509348
