run=weak-q_lq_0p8_ls_0p6_lb_0p4 mode=weak-q noise=0.20 train=4200 valid=600 test=1200
epoch=1 loss_total=1.085454 loss_rec=0.725657 valid_auc=0.587723 valid_rmse=0.499752 q_change=57 q_delta=0.077837 q_grad=0.000588
epoch=2 loss_total=1.025132 loss_rec=0.705847 valid_auc=0.594408 valid_rmse=0.499282 q_change=57 q_delta=0.143563 q_grad=0.000482
epoch=3 loss_total=0.989013 loss_rec=0.699731 valid_auc=0.607902 valid_rmse=0.498414 q_change=57 q_delta=0.196344 q_grad=0.000397
epoch=4 loss_total=0.960467 loss_rec=0.693060 valid_auc=0.627556 valid_rmse=0.497487 q_change=57 q_delta=0.237878 q_grad=0.000332
epoch=5 loss_total=0.943810 loss_rec=0.691883 valid_auc=0.648594 valid_rmse=0.495011 q_change=57 q_delta=0.269118 q_grad=0.000300
epoch=6 loss_total=0.925437 loss_rec=0.684224 valid_auc=0.662266 valid_rmse=0.492096 q_change=57 q_delta=0.291108 q_grad=0.000306
epoch=7 loss_total=0.903222 loss_rec=0.668884 valid_auc=0.663337 valid_rmse=0.485962 q_change=57 q_delta=0.304913 q_grad=0.000383
epoch=8 loss_total=0.884040 loss_rec=0.653506 valid_auc=0.664353 valid_rmse=0.481094 q_change=57 q_delta=0.313135 q_grad=0.000579
epoch=9 loss_total=0.870952 loss_rec=0.643183 valid_auc=0.674531 valid_rmse=0.476101 q_change=57 q_delta=0.320300 q_grad=0.000769
epoch=10 loss_total=0.869075 loss_rec=0.643820 valid_auc=0.674888 valid_rmse=0.476336 q_change=57 q_delta=0.325484 q_grad=0.000882
epoch=11 loss_total=0.863628 loss_rec=0.639972 valid_auc=0.678828 valid_rmse=0.474434 q_change=57 q_delta=0.329792 q_grad=0.001037
epoch=12 loss_total=0.851902 loss_rec=0.629607 valid_auc=0.681842 valid_rmse=0.475000 q_change=57 q_delta=0.332508 q_grad=0.001144
epoch=13 loss_total=0.846844 loss_rec=0.625620 valid_auc=0.683080 valid_rmse=0.472856 q_change=57 q_delta=0.335295 q_grad=0.001208
epoch=14 loss_total=0.845480 loss_rec=0.624962 valid_auc=0.682868 valid_rmse=0.474415 q_change=57 q_delta=0.336617 q_grad=0.001338
epoch=15 loss_total=0.840777 loss_rec=0.620805 valid_auc=0.682991 valid_rmse=0.472928 q_change=57 q_delta=0.338431 q_grad=0.001431
epoch=16 loss_total=0.841158 loss_rec=0.621596 valid_auc=0.685078 valid_rmse=0.473189 q_change=56 q_delta=0.339600 q_grad=0.001555
epoch=17 loss_total=0.837113 loss_rec=0.618009 valid_auc=0.684408 valid_rmse=0.473286 q_change=56 q_delta=0.341344 q_grad=0.001504
epoch=18 loss_total=0.830593 loss_rec=0.611778 valid_auc=0.684911 valid_rmse=0.472929 q_change=55 q_delta=0.343023 q_grad=0.001549
epoch=19 loss_total=0.828957 loss_rec=0.610582 valid_auc=0.685246 valid_rmse=0.474183 q_change=54 q_delta=0.344672 q_grad=0.001659
epoch=20 loss_total=0.825980 loss_rec=0.607812 valid_auc=0.687344 valid_rmse=0.472324 q_change=53 q_delta=0.346324 q_grad=0.001741
epoch=21 loss_total=0.820958 loss_rec=0.603037 valid_auc=0.687891 valid_rmse=0.474031 q_change=51 q_delta=0.347767 q_grad=0.001667
epoch=22 loss_total=0.818261 loss_rec=0.600500 valid_auc=0.687656 valid_rmse=0.473581 q_change=51 q_delta=0.349668 q_grad=0.001808
epoch=23 loss_total=0.815496 loss_rec=0.597914 valid_auc=0.685078 valid_rmse=0.473464 q_change=51 q_delta=0.351966 q_grad=0.001776
epoch=24 loss_total=0.810095 loss_rec=0.592709 valid_auc=0.684029 valid_rmse=0.474339 q_change=51 q_delta=0.354018 q_grad=0.001810
epoch=25 loss_total=0.810497 loss_rec=0.593222 valid_auc=0.685647 valid_rmse=0.474351 q_change=51 q_delta=0.355887 q_grad=0.001935
epoch=26 loss_total=0.807250 loss_rec=0.590092 valid_auc=0.686540 valid_rmse=0.474713 q_change=50 q_delta=0.357580 q_grad=0.001923
epoch=27 loss_total=0.802933 loss_rec=0.585812 valid_auc=0.687210 valid_rmse=0.476288 q_change=50 q_delta=0.359120 q_grad=0.001907
epoch=28 loss_total=0.805325 loss_rec=0.588317 valid_auc=0.687444 valid_rmse=0.474798 q_change=50 q_delta=0.360823 q_grad=0.002002
epoch=29 loss_total=0.797845 loss_rec=0.580939 valid_auc=0.689185 valid_rmse=0.474281 q_change=50 q_delta=0.362303 q_grad=0.002021
epoch=30 loss_total=0.795976 loss_rec=0.579090 valid_auc=0.691127 valid_rmse=0.475027 q_change=49 q_delta=0.363624 q_grad=0.002026
epoch=31 loss_total=0.791387 loss_rec=0.574509 valid_auc=0.690692 valid_rmse=0.474988 q_change=49 q_delta=0.365044 q_grad=0.002053
epoch=32 loss_total=0.791610 loss_rec=0.574774 valid_auc=0.693103 valid_rmse=0.474621 q_change=49 q_delta=0.366569 q_grad=0.002114
epoch=33 loss_total=0.787354 loss_rec=0.570487 valid_auc=0.691473 valid_rmse=0.472883 q_change=49 q_delta=0.367992 q_grad=0.002125
epoch=34 loss_total=0.786408 loss_rec=0.569611 valid_auc=0.690636 valid_rmse=0.473241 q_change=49 q_delta=0.369058 q_grad=0.002120
epoch=35 loss_total=0.785636 loss_rec=0.568857 valid_auc=0.694777 valid_rmse=0.471787 q_change=49 q_delta=0.370301 q_grad=0.002126
epoch=36 loss_total=0.777676 loss_rec=0.560829 valid_auc=0.693940 valid_rmse=0.472424 q_change=49 q_delta=0.371019 q_grad=0.002208
epoch=37 loss_total=0.773161 loss_rec=0.556273 valid_auc=0.692444 valid_rmse=0.474619 q_change=49 q_delta=0.371865 q_grad=0.002213
epoch=38 loss_total=0.767952 loss_rec=0.551145 valid_auc=0.692824 valid_rmse=0.475500 q_change=48 q_delta=0.372611 q_grad=0.002339
epoch=39 loss_total=0.766852 loss_rec=0.550044 valid_auc=0.691853 valid_rmse=0.473564 q_change=48 q_delta=0.373739 q_grad=0.002311
epoch=40 loss_total=0.763480 loss_rec=0.546679 valid_auc=0.691083 valid_rmse=0.474575 q_change=48 q_delta=0.374211 q_grad=0.002392
epoch=41 loss_total=0.756420 loss_rec=0.539691 valid_auc=0.692132 valid_rmse=0.476741 q_change=48 q_delta=0.375015 q_grad=0.002398
epoch=42 loss_total=0.758521 loss_rec=0.541821 valid_auc=0.688415 valid_rmse=0.475749 q_change=48 q_delta=0.375975 q_grad=0.002551
epoch=43 loss_total=0.752204 loss_rec=0.535514 valid_auc=0.689676 valid_rmse=0.476814 q_change=46 q_delta=0.376443 q_grad=0.002529
epoch=44 loss_total=0.749685 loss_rec=0.533046 valid_auc=0.689007 valid_rmse=0.477034 q_change=46 q_delta=0.377173 q_grad=0.002577
epoch=45 loss_total=0.744285 loss_rec=0.527729 valid_auc=0.687199 valid_rmse=0.482127 q_change=47 q_delta=0.377535 q_grad=0.002603
epoch=46 loss_total=0.743831 loss_rec=0.527258 valid_auc=0.693438 valid_rmse=0.476053 q_change=47 q_delta=0.378440 q_grad=0.002624
epoch=47 loss_total=0.740248 loss_rec=0.523726 valid_auc=0.689308 valid_rmse=0.479516 q_change=47 q_delta=0.378919 q_grad=0.002636
epoch=48 loss_total=0.737889 loss_rec=0.521447 valid_auc=0.689141 valid_rmse=0.478881 q_change=47 q_delta=0.379602 q_grad=0.002703
epoch=49 loss_total=0.732625 loss_rec=0.516244 valid_auc=0.690681 valid_rmse=0.477274 q_change=47 q_delta=0.379789 q_grad=0.002699
epoch=50 loss_total=0.727683 loss_rec=0.511344 valid_auc=0.689230 valid_rmse=0.480841 q_change=46 q_delta=0.380224 q_grad=0.002716
epoch=51 loss_total=0.727749 loss_rec=0.511533 valid_auc=0.689821 valid_rmse=0.481455 q_change=46 q_delta=0.380598 q_grad=0.002801
epoch=52 loss_total=0.729239 loss_rec=0.513094 valid_auc=0.688906 valid_rmse=0.479990 q_change=46 q_delta=0.381177 q_grad=0.002831
epoch=53 loss_total=0.729939 loss_rec=0.513847 valid_auc=0.689442 valid_rmse=0.479017 q_change=46 q_delta=0.381461 q_grad=0.002849
epoch=54 loss_total=0.723020 loss_rec=0.506939 valid_auc=0.686451 valid_rmse=0.481587 q_change=46 q_delta=0.381733 q_grad=0.002861
epoch=55 loss_total=0.718767 loss_rec=0.502789 valid_auc=0.693449 valid_rmse=0.477907 q_change=46 q_delta=0.382200 q_grad=0.002806
Early stopping at epoch 55; best_epoch=35.
Saved run to C:\Users\YAN_SHU_YU\Desktop\Generative-CD\Q_GNCDM\results\weak_q_lambda_sweep\lq_0p8_ls_0p6_lb_0p4\seed_2026\noise_0.20\weak-q_lq_0p8_ls_0p6_lb_0p4
Final metrics: q_hat_f1=0.250000 response_auc=0.692634 mastery_pearson=0.440087
