run=weak-q_lq_0p7_ls_0p7_lb_0p2 mode=weak-q noise=0.20 train=4200 valid=600 test=1200
epoch=1 loss_total=1.080011 loss_rec=0.725658 valid_auc=0.587612 valid_rmse=0.499753 q_change=57 q_delta=0.077877 q_grad=0.000672
epoch=2 loss_total=1.014273 loss_rec=0.705858 valid_auc=0.594107 valid_rmse=0.499293 q_change=57 q_delta=0.143574 q_grad=0.000546
epoch=3 loss_total=0.974522 loss_rec=0.699774 valid_auc=0.606808 valid_rmse=0.498450 q_change=57 q_delta=0.196288 q_grad=0.000445
epoch=4 loss_total=0.943639 loss_rec=0.693170 valid_auc=0.625134 valid_rmse=0.497572 q_change=57 q_delta=0.237776 q_grad=0.000365
epoch=5 loss_total=0.925529 loss_rec=0.692149 valid_auc=0.645915 valid_rmse=0.495203 q_change=57 q_delta=0.269231 q_grad=0.000320
epoch=6 loss_total=0.906436 loss_rec=0.684921 valid_auc=0.660748 valid_rmse=0.492590 q_change=57 q_delta=0.291863 q_grad=0.000314
epoch=7 loss_total=0.884347 loss_rec=0.670599 valid_auc=0.661652 valid_rmse=0.486907 q_change=57 q_delta=0.306662 q_grad=0.000375
epoch=8 loss_total=0.864803 loss_rec=0.655487 valid_auc=0.663147 valid_rmse=0.481763 q_change=57 q_delta=0.315635 q_grad=0.000556
epoch=9 loss_total=0.850985 loss_rec=0.644786 valid_auc=0.673192 valid_rmse=0.476497 q_change=57 q_delta=0.323363 q_grad=0.000745
epoch=10 loss_total=0.848708 loss_rec=0.645330 valid_auc=0.673901 valid_rmse=0.476694 q_change=57 q_delta=0.329160 q_grad=0.000858
epoch=11 loss_total=0.843163 loss_rec=0.641637 valid_auc=0.677366 valid_rmse=0.474983 q_change=57 q_delta=0.334003 q_grad=0.001010
epoch=12 loss_total=0.831388 loss_rec=0.631457 valid_auc=0.680424 valid_rmse=0.475541 q_change=57 q_delta=0.337260 q_grad=0.001117
epoch=13 loss_total=0.826502 loss_rec=0.627838 valid_auc=0.682511 valid_rmse=0.473206 q_change=57 q_delta=0.340474 q_grad=0.001179
epoch=14 loss_total=0.825170 loss_rec=0.627374 valid_auc=0.681507 valid_rmse=0.474813 q_change=57 q_delta=0.342226 q_grad=0.001311
epoch=15 loss_total=0.820761 loss_rec=0.623661 valid_auc=0.681574 valid_rmse=0.473237 q_change=57 q_delta=0.344353 q_grad=0.001405
epoch=16 loss_total=0.821338 loss_rec=0.624766 valid_auc=0.684241 valid_rmse=0.473423 q_change=57 q_delta=0.345686 q_grad=0.001531
epoch=17 loss_total=0.817695 loss_rec=0.621684 valid_auc=0.683817 valid_rmse=0.473572 q_change=57 q_delta=0.347176 q_grad=0.001481
epoch=18 loss_total=0.811496 loss_rec=0.615838 valid_auc=0.684542 valid_rmse=0.473095 q_change=56 q_delta=0.348571 q_grad=0.001527
epoch=19 loss_total=0.810225 loss_rec=0.615076 valid_auc=0.684252 valid_rmse=0.474345 q_change=56 q_delta=0.350295 q_grad=0.001638
epoch=20 loss_total=0.807794 loss_rec=0.612901 valid_auc=0.686842 valid_rmse=0.472454 q_change=56 q_delta=0.351943 q_grad=0.001718
epoch=21 loss_total=0.803319 loss_rec=0.608710 valid_auc=0.686897 valid_rmse=0.474230 q_change=56 q_delta=0.353065 q_grad=0.001641
epoch=22 loss_total=0.801189 loss_rec=0.606767 valid_auc=0.687500 valid_rmse=0.473647 q_change=56 q_delta=0.354325 q_grad=0.001780
epoch=23 loss_total=0.798777 loss_rec=0.604534 valid_auc=0.684799 valid_rmse=0.473393 q_change=54 q_delta=0.355940 q_grad=0.001750
epoch=24 loss_total=0.793955 loss_rec=0.599895 valid_auc=0.683694 valid_rmse=0.474237 q_change=53 q_delta=0.357100 q_grad=0.001780
epoch=25 loss_total=0.795122 loss_rec=0.601171 valid_auc=0.684732 valid_rmse=0.474204 q_change=51 q_delta=0.358328 q_grad=0.001901
epoch=26 loss_total=0.792325 loss_rec=0.598483 valid_auc=0.686295 valid_rmse=0.474623 q_change=51 q_delta=0.359705 q_grad=0.001884
epoch=27 loss_total=0.788624 loss_rec=0.594778 valid_auc=0.686462 valid_rmse=0.475698 q_change=51 q_delta=0.361412 q_grad=0.001865
epoch=28 loss_total=0.791446 loss_rec=0.597729 valid_auc=0.686194 valid_rmse=0.474549 q_change=51 q_delta=0.363165 q_grad=0.001948
epoch=29 loss_total=0.784749 loss_rec=0.591115 valid_auc=0.688504 valid_rmse=0.473907 q_change=51 q_delta=0.364747 q_grad=0.001973
epoch=30 loss_total=0.783558 loss_rec=0.589903 valid_auc=0.690123 valid_rmse=0.474619 q_change=51 q_delta=0.366127 q_grad=0.001962
epoch=31 loss_total=0.779420 loss_rec=0.585678 valid_auc=0.689096 valid_rmse=0.474550 q_change=51 q_delta=0.367596 q_grad=0.001993
epoch=32 loss_total=0.780500 loss_rec=0.586751 valid_auc=0.691228 valid_rmse=0.474213 q_change=50 q_delta=0.369017 q_grad=0.002048
epoch=33 loss_total=0.777412 loss_rec=0.583583 valid_auc=0.690201 valid_rmse=0.472413 q_change=50 q_delta=0.370410 q_grad=0.002052
epoch=34 loss_total=0.776452 loss_rec=0.582622 valid_auc=0.688806 valid_rmse=0.472842 q_change=49 q_delta=0.371649 q_grad=0.002037
epoch=35 loss_total=0.775934 loss_rec=0.582067 valid_auc=0.693025 valid_rmse=0.471551 q_change=49 q_delta=0.372984 q_grad=0.002036
epoch=36 loss_total=0.769029 loss_rec=0.574995 valid_auc=0.693538 valid_rmse=0.472396 q_change=49 q_delta=0.373893 q_grad=0.002114
epoch=37 loss_total=0.764569 loss_rec=0.570413 valid_auc=0.692935 valid_rmse=0.473619 q_change=49 q_delta=0.375072 q_grad=0.002116
epoch=38 loss_total=0.760969 loss_rec=0.566842 valid_auc=0.692355 valid_rmse=0.474919 q_change=49 q_delta=0.376148 q_grad=0.002236
epoch=39 loss_total=0.760617 loss_rec=0.566416 valid_auc=0.690971 valid_rmse=0.472653 q_change=49 q_delta=0.377602 q_grad=0.002193
epoch=40 loss_total=0.756863 loss_rec=0.562597 valid_auc=0.690904 valid_rmse=0.473320 q_change=49 q_delta=0.378377 q_grad=0.002260
epoch=41 loss_total=0.750818 loss_rec=0.556548 valid_auc=0.692087 valid_rmse=0.474911 q_change=49 q_delta=0.379318 q_grad=0.002272
epoch=42 loss_total=0.752734 loss_rec=0.558408 valid_auc=0.688761 valid_rmse=0.474263 q_change=49 q_delta=0.380390 q_grad=0.002409
epoch=43 loss_total=0.746567 loss_rec=0.552168 valid_auc=0.690781 valid_rmse=0.474999 q_change=49 q_delta=0.380954 q_grad=0.002388
epoch=44 loss_total=0.744805 loss_rec=0.550409 valid_auc=0.688694 valid_rmse=0.475634 q_change=49 q_delta=0.381916 q_grad=0.002443
epoch=45 loss_total=0.738893 loss_rec=0.544517 valid_auc=0.688315 valid_rmse=0.480230 q_change=48 q_delta=0.382358 q_grad=0.002497
epoch=46 loss_total=0.738396 loss_rec=0.543942 valid_auc=0.692623 valid_rmse=0.474218 q_change=48 q_delta=0.383276 q_grad=0.002505
epoch=47 loss_total=0.734674 loss_rec=0.540204 valid_auc=0.688728 valid_rmse=0.477559 q_change=49 q_delta=0.383821 q_grad=0.002538
epoch=48 loss_total=0.731464 loss_rec=0.537011 valid_auc=0.688806 valid_rmse=0.476973 q_change=49 q_delta=0.384665 q_grad=0.002614
epoch=49 loss_total=0.726751 loss_rec=0.532315 valid_auc=0.690580 valid_rmse=0.475502 q_change=49 q_delta=0.385021 q_grad=0.002622
epoch=50 loss_total=0.721187 loss_rec=0.526735 valid_auc=0.688583 valid_rmse=0.478784 q_change=49 q_delta=0.385620 q_grad=0.002629
epoch=51 loss_total=0.720437 loss_rec=0.526084 valid_auc=0.688996 valid_rmse=0.479454 q_change=49 q_delta=0.386097 q_grad=0.002716
epoch=52 loss_total=0.721940 loss_rec=0.527622 valid_auc=0.687623 valid_rmse=0.478191 q_change=48 q_delta=0.386794 q_grad=0.002765
epoch=53 loss_total=0.722043 loss_rec=0.527745 valid_auc=0.688650 valid_rmse=0.477043 q_change=48 q_delta=0.387212 q_grad=0.002778
epoch=54 loss_total=0.714203 loss_rec=0.519887 valid_auc=0.685123 valid_rmse=0.480134 q_change=48 q_delta=0.387553 q_grad=0.002791
epoch=55 loss_total=0.710078 loss_rec=0.515843 valid_auc=0.691908 valid_rmse=0.476690 q_change=48 q_delta=0.388025 q_grad=0.002768
epoch=56 loss_total=0.710437 loss_rec=0.516235 valid_auc=0.686953 valid_rmse=0.479550 q_change=48 q_delta=0.388249 q_grad=0.002833
Early stopping at epoch 56; best_epoch=36.
Saved run to C:\Users\YAN_SHU_YU\Desktop\Generative-CD\Q_GNCDM\results\weak_q_lambda_sweep\lq_0p7_ls_0p7_lb_0p2\seed_2026\noise_0.20\weak-q_lq_0p7_ls_0p7_lb_0p2
Final metrics: q_hat_f1=0.250000 response_auc=0.693160 mastery_pearson=0.413015
