run=weak-q_lq_0p7_ls_0p8_lb_0p1 mode=weak-q noise=0.20 train=4200 valid=600 test=1200
epoch=1 loss_total=1.099115 loss_rec=0.725659 valid_auc=0.587556 valid_rmse=0.499754 q_change=57 q_delta=0.077907 q_grad=0.000760
epoch=2 loss_total=1.027591 loss_rec=0.705867 valid_auc=0.593739 valid_rmse=0.499302 q_change=57 q_delta=0.143593 q_grad=0.000616
epoch=3 loss_total=0.983907 loss_rec=0.699809 valid_auc=0.605759 valid_rmse=0.498479 q_change=57 q_delta=0.196259 q_grad=0.000497
epoch=4 loss_total=0.950445 loss_rec=0.693260 valid_auc=0.623158 valid_rmse=0.497639 q_change=57 q_delta=0.237702 q_grad=0.000404
epoch=5 loss_total=0.930675 loss_rec=0.692358 valid_auc=0.643917 valid_rmse=0.495352 q_change=57 q_delta=0.269300 q_grad=0.000345
epoch=6 loss_total=0.910643 loss_rec=0.685459 valid_auc=0.659397 valid_rmse=0.492971 q_change=57 q_delta=0.292405 q_grad=0.000325
epoch=7 loss_total=0.888400 loss_rec=0.671956 valid_auc=0.661004 valid_rmse=0.487695 q_change=57 q_delta=0.308009 q_grad=0.000372
epoch=8 loss_total=0.868511 loss_rec=0.657222 valid_auc=0.661406 valid_rmse=0.482386 q_change=57 q_delta=0.317662 q_grad=0.000537
epoch=9 loss_total=0.853922 loss_rec=0.646176 valid_auc=0.672165 valid_rmse=0.476906 q_change=57 q_delta=0.325836 q_grad=0.000724
epoch=10 loss_total=0.851086 loss_rec=0.646507 valid_auc=0.673069 valid_rmse=0.476947 q_change=57 q_delta=0.332101 q_grad=0.000836
epoch=11 loss_total=0.845322 loss_rec=0.642874 valid_auc=0.676429 valid_rmse=0.475267 q_change=57 q_delta=0.337349 q_grad=0.000987
epoch=12 loss_total=0.833312 loss_rec=0.632704 valid_auc=0.679743 valid_rmse=0.475894 q_change=57 q_delta=0.340996 q_grad=0.001092
epoch=13 loss_total=0.828427 loss_rec=0.629289 valid_auc=0.681674 valid_rmse=0.473413 q_change=57 q_delta=0.344510 q_grad=0.001155
epoch=14 loss_total=0.827016 loss_rec=0.628906 valid_auc=0.680960 valid_rmse=0.475084 q_change=57 q_delta=0.346567 q_grad=0.001287
epoch=15 loss_total=0.822560 loss_rec=0.625292 valid_auc=0.681094 valid_rmse=0.473376 q_change=57 q_delta=0.348915 q_grad=0.001384
epoch=16 loss_total=0.823139 loss_rec=0.626521 valid_auc=0.683650 valid_rmse=0.473540 q_change=57 q_delta=0.350450 q_grad=0.001512
epoch=17 loss_total=0.819606 loss_rec=0.623664 valid_auc=0.682835 valid_rmse=0.473770 q_change=57 q_delta=0.352071 q_grad=0.001465
epoch=18 loss_total=0.813453 loss_rec=0.617955 valid_auc=0.684118 valid_rmse=0.473158 q_change=57 q_delta=0.353599 q_grad=0.001513
epoch=19 loss_total=0.812279 loss_rec=0.617378 valid_auc=0.684252 valid_rmse=0.474449 q_change=57 q_delta=0.355154 q_grad=0.001627
epoch=20 loss_total=0.810085 loss_rec=0.615516 valid_auc=0.686417 valid_rmse=0.472495 q_change=56 q_delta=0.356525 q_grad=0.001708
epoch=21 loss_total=0.805778 loss_rec=0.611559 valid_auc=0.686786 valid_rmse=0.474401 q_change=56 q_delta=0.357536 q_grad=0.001630
epoch=22 loss_total=0.803989 loss_rec=0.610015 valid_auc=0.686685 valid_rmse=0.473704 q_change=56 q_delta=0.358850 q_grad=0.001770
epoch=23 loss_total=0.801703 loss_rec=0.607949 valid_auc=0.684464 valid_rmse=0.473395 q_change=56 q_delta=0.360521 q_grad=0.001742
epoch=24 loss_total=0.797142 loss_rec=0.603603 valid_auc=0.683605 valid_rmse=0.474219 q_change=56 q_delta=0.361734 q_grad=0.001770
epoch=25 loss_total=0.798743 loss_rec=0.605349 valid_auc=0.684420 valid_rmse=0.474152 q_change=56 q_delta=0.362736 q_grad=0.001891
epoch=26 loss_total=0.796154 loss_rec=0.602903 valid_auc=0.685725 valid_rmse=0.474639 q_change=56 q_delta=0.363876 q_grad=0.001871
epoch=27 loss_total=0.792729 loss_rec=0.599478 valid_auc=0.686674 valid_rmse=0.475456 q_change=54 q_delta=0.364773 q_grad=0.001850
epoch=28 loss_total=0.795813 loss_rec=0.602728 valid_auc=0.685324 valid_rmse=0.474453 q_change=53 q_delta=0.366009 q_grad=0.001929
epoch=29 loss_total=0.789615 loss_rec=0.596635 valid_auc=0.688504 valid_rmse=0.473723 q_change=51 q_delta=0.367134 q_grad=0.001956
epoch=30 loss_total=0.788826 loss_rec=0.595826 valid_auc=0.690145 valid_rmse=0.474371 q_change=51 q_delta=0.368227 q_grad=0.001936
epoch=31 loss_total=0.784940 loss_rec=0.591805 valid_auc=0.689051 valid_rmse=0.474305 q_change=51 q_delta=0.369627 q_grad=0.001969
epoch=32 loss_total=0.786557 loss_rec=0.593415 valid_auc=0.691730 valid_rmse=0.474074 q_change=51 q_delta=0.370971 q_grad=0.002022
epoch=33 loss_total=0.784062 loss_rec=0.590844 valid_auc=0.689900 valid_rmse=0.472234 q_change=51 q_delta=0.372479 q_grad=0.002020
epoch=34 loss_total=0.783131 loss_rec=0.589887 valid_auc=0.687790 valid_rmse=0.472685 q_change=51 q_delta=0.373542 q_grad=0.002001
epoch=35 loss_total=0.782904 loss_rec=0.589609 valid_auc=0.692411 valid_rmse=0.471486 q_change=51 q_delta=0.374721 q_grad=0.001992
epoch=36 loss_total=0.776699 loss_rec=0.583158 valid_auc=0.693047 valid_rmse=0.472461 q_change=50 q_delta=0.375476 q_grad=0.002070
epoch=37 loss_total=0.772183 loss_rec=0.578465 valid_auc=0.692388 valid_rmse=0.473184 q_change=49 q_delta=0.376412 q_grad=0.002074
epoch=38 loss_total=0.769561 loss_rec=0.575839 valid_auc=0.691842 valid_rmse=0.474792 q_change=49 q_delta=0.377448 q_grad=0.002190
epoch=39 loss_total=0.769909 loss_rec=0.576055 valid_auc=0.691339 valid_rmse=0.472324 q_change=49 q_delta=0.378914 q_grad=0.002135
epoch=40 loss_total=0.765945 loss_rec=0.571973 valid_auc=0.691908 valid_rmse=0.472733 q_change=49 q_delta=0.379930 q_grad=0.002194
epoch=41 loss_total=0.760692 loss_rec=0.566650 valid_auc=0.692679 valid_rmse=0.474086 q_change=49 q_delta=0.381074 q_grad=0.002203
epoch=42 loss_total=0.762673 loss_rec=0.568491 valid_auc=0.688616 valid_rmse=0.473721 q_change=49 q_delta=0.382363 q_grad=0.002326
epoch=43 loss_total=0.756615 loss_rec=0.562272 valid_auc=0.690603 valid_rmse=0.474277 q_change=49 q_delta=0.383108 q_grad=0.002301
epoch=44 loss_total=0.755642 loss_rec=0.561248 valid_auc=0.688080 valid_rmse=0.475003 q_change=49 q_delta=0.384238 q_grad=0.002355
epoch=45 loss_total=0.749810 loss_rec=0.555371 valid_auc=0.688873 valid_rmse=0.479316 q_change=49 q_delta=0.384831 q_grad=0.002417
epoch=46 loss_total=0.749432 loss_rec=0.554853 valid_auc=0.692578 valid_rmse=0.473213 q_change=49 q_delta=0.385907 q_grad=0.002414
epoch=47 loss_total=0.745611 loss_rec=0.550951 valid_auc=0.689688 valid_rmse=0.476258 q_change=49 q_delta=0.386533 q_grad=0.002451
epoch=48 loss_total=0.742021 loss_rec=0.547306 valid_auc=0.689978 valid_rmse=0.475484 q_change=49 q_delta=0.387299 q_grad=0.002538
epoch=49 loss_total=0.737700 loss_rec=0.542947 valid_auc=0.691417 valid_rmse=0.474291 q_change=49 q_delta=0.387746 q_grad=0.002558
epoch=50 loss_total=0.731828 loss_rec=0.536988 valid_auc=0.688917 valid_rmse=0.477329 q_change=49 q_delta=0.388317 q_grad=0.002559
epoch=51 loss_total=0.730787 loss_rec=0.536010 valid_auc=0.689922 valid_rmse=0.478096 q_change=49 q_delta=0.388741 q_grad=0.002652
epoch=52 loss_total=0.732181 loss_rec=0.537394 valid_auc=0.687935 valid_rmse=0.477018 q_change=49 q_delta=0.389457 q_grad=0.002708
epoch=53 loss_total=0.732001 loss_rec=0.537187 valid_auc=0.689353 valid_rmse=0.475620 q_change=49 q_delta=0.389948 q_grad=0.002723
epoch=54 loss_total=0.723535 loss_rec=0.528664 valid_auc=0.684576 valid_rmse=0.479068 q_change=49 q_delta=0.390374 q_grad=0.002733
epoch=55 loss_total=0.719573 loss_rec=0.524754 valid_auc=0.691574 valid_rmse=0.475585 q_change=49 q_delta=0.390881 q_grad=0.002730
epoch=56 loss_total=0.719695 loss_rec=0.524878 valid_auc=0.687277 valid_rmse=0.478464 q_change=49 q_delta=0.391179 q_grad=0.002795
Early stopping at epoch 56; best_epoch=36.
Saved run to C:\Users\YAN_SHU_YU\Desktop\Generative-CD\Q_GNCDM\results\weak_q_lambda_sweep\lq_0p7_ls_0p8_lb_0p1\seed_2026\noise_0.20\weak-q_lq_0p7_ls_0p8_lb_0p1
Final metrics: q_hat_f1=0.222222 response_auc=0.692609 mastery_pearson=0.397852
