run=weak-q_lq_0p5_ls_0p6_lb_0p1 mode=weak-q noise=0.20 train=4200 valid=600 test=1200
epoch=1 loss_total=1.011819 loss_rec=0.725657 valid_auc=0.587723 valid_rmse=0.499752 q_change=57 q_delta=0.077787 q_grad=0.000573
epoch=2 loss_total=0.952626 loss_rec=0.705841 valid_auc=0.594498 valid_rmse=0.499279 q_change=57 q_delta=0.143366 q_grad=0.000468
epoch=3 loss_total=0.917417 loss_rec=0.699709 valid_auc=0.608136 valid_rmse=0.498402 q_change=57 q_delta=0.195975 q_grad=0.000386
epoch=4 loss_total=0.889565 loss_rec=0.693007 valid_auc=0.627723 valid_rmse=0.497457 q_change=57 q_delta=0.237356 q_grad=0.000323
epoch=5 loss_total=0.873411 loss_rec=0.691765 valid_auc=0.649051 valid_rmse=0.494934 q_change=57 q_delta=0.268424 q_grad=0.000294
epoch=6 loss_total=0.855311 loss_rec=0.683917 valid_auc=0.662734 valid_rmse=0.491891 q_change=57 q_delta=0.290180 q_grad=0.000304
epoch=7 loss_total=0.833065 loss_rec=0.668163 valid_auc=0.663616 valid_rmse=0.485587 q_change=57 q_delta=0.303712 q_grad=0.000387
epoch=8 loss_total=0.814133 loss_rec=0.652767 valid_auc=0.665190 valid_rmse=0.480858 q_change=57 q_delta=0.311893 q_grad=0.000589
epoch=9 loss_total=0.801508 loss_rec=0.642757 valid_auc=0.675011 valid_rmse=0.475963 q_change=57 q_delta=0.319115 q_grad=0.000780
epoch=10 loss_total=0.800035 loss_rec=0.643671 valid_auc=0.675290 valid_rmse=0.476297 q_change=57 q_delta=0.324386 q_grad=0.000891
epoch=11 loss_total=0.794913 loss_rec=0.640052 valid_auc=0.678348 valid_rmse=0.474562 q_change=57 q_delta=0.328807 q_grad=0.001045
epoch=12 loss_total=0.783642 loss_rec=0.630086 valid_auc=0.681228 valid_rmse=0.475193 q_change=57 q_delta=0.331690 q_grad=0.001150
epoch=13 loss_total=0.778941 loss_rec=0.626419 valid_auc=0.682522 valid_rmse=0.473086 q_change=57 q_delta=0.334689 q_grad=0.001209
epoch=14 loss_total=0.777963 loss_rec=0.626141 valid_auc=0.681596 valid_rmse=0.474750 q_change=57 q_delta=0.336230 q_grad=0.001336
epoch=15 loss_total=0.773797 loss_rec=0.622531 valid_auc=0.681663 valid_rmse=0.473296 q_change=57 q_delta=0.338259 q_grad=0.001423
epoch=16 loss_total=0.774544 loss_rec=0.623700 valid_auc=0.683694 valid_rmse=0.473544 q_change=57 q_delta=0.339503 q_grad=0.001544
epoch=17 loss_total=0.770961 loss_rec=0.620589 valid_auc=0.683393 valid_rmse=0.473652 q_change=56 q_delta=0.340982 q_grad=0.001489
epoch=18 loss_total=0.764959 loss_rec=0.614886 valid_auc=0.684129 valid_rmse=0.473340 q_change=56 q_delta=0.342806 q_grad=0.001530
epoch=19 loss_total=0.763810 loss_rec=0.614193 valid_auc=0.683683 valid_rmse=0.474454 q_change=56 q_delta=0.344646 q_grad=0.001638
epoch=20 loss_total=0.761408 loss_rec=0.612016 valid_auc=0.686027 valid_rmse=0.472697 q_change=56 q_delta=0.346331 q_grad=0.001715
epoch=21 loss_total=0.757088 loss_rec=0.607961 valid_auc=0.686417 valid_rmse=0.474269 q_change=56 q_delta=0.347502 q_grad=0.001634
epoch=22 loss_total=0.754908 loss_rec=0.605963 valid_auc=0.686451 valid_rmse=0.473868 q_change=53 q_delta=0.348826 q_grad=0.001772
epoch=23 loss_total=0.752632 loss_rec=0.603877 valid_auc=0.684185 valid_rmse=0.473639 q_change=53 q_delta=0.350524 q_grad=0.001739
epoch=24 loss_total=0.747890 loss_rec=0.599321 valid_auc=0.682578 valid_rmse=0.474495 q_change=52 q_delta=0.352268 q_grad=0.001768
epoch=25 loss_total=0.748942 loss_rec=0.600513 valid_auc=0.683929 valid_rmse=0.474431 q_change=51 q_delta=0.354014 q_grad=0.001885
epoch=26 loss_total=0.746255 loss_rec=0.597958 valid_auc=0.685804 valid_rmse=0.474761 q_change=51 q_delta=0.355829 q_grad=0.001869
epoch=27 loss_total=0.742694 loss_rec=0.594444 valid_auc=0.685770 valid_rmse=0.475740 q_change=51 q_delta=0.357697 q_grad=0.001852
epoch=28 loss_total=0.745486 loss_rec=0.597380 valid_auc=0.685491 valid_rmse=0.474752 q_change=51 q_delta=0.359523 q_grad=0.001934
epoch=29 loss_total=0.738779 loss_rec=0.590791 valid_auc=0.687958 valid_rmse=0.474031 q_change=51 q_delta=0.361183 q_grad=0.001955
epoch=30 loss_total=0.737579 loss_rec=0.589613 valid_auc=0.689810 valid_rmse=0.474835 q_change=51 q_delta=0.362599 q_grad=0.001946
epoch=31 loss_total=0.733458 loss_rec=0.585470 valid_auc=0.688873 valid_rmse=0.474651 q_change=51 q_delta=0.364130 q_grad=0.001977
epoch=32 loss_total=0.734471 loss_rec=0.586507 valid_auc=0.691395 valid_rmse=0.474262 q_change=50 q_delta=0.365611 q_grad=0.002032
epoch=33 loss_total=0.731423 loss_rec=0.583421 valid_auc=0.690212 valid_rmse=0.472559 q_change=50 q_delta=0.367093 q_grad=0.002038
epoch=34 loss_total=0.730543 loss_rec=0.582584 valid_auc=0.688393 valid_rmse=0.472978 q_change=50 q_delta=0.368397 q_grad=0.002019
epoch=35 loss_total=0.729939 loss_rec=0.581968 valid_auc=0.692634 valid_rmse=0.471705 q_change=49 q_delta=0.369764 q_grad=0.002020
epoch=36 loss_total=0.723113 loss_rec=0.575032 valid_auc=0.693292 valid_rmse=0.472681 q_change=49 q_delta=0.370716 q_grad=0.002097
epoch=37 loss_total=0.718722 loss_rec=0.570568 valid_auc=0.692422 valid_rmse=0.473835 q_change=49 q_delta=0.371830 q_grad=0.002101
epoch=38 loss_total=0.715178 loss_rec=0.567061 valid_auc=0.692221 valid_rmse=0.475063 q_change=49 q_delta=0.372983 q_grad=0.002220
epoch=39 loss_total=0.714708 loss_rec=0.566556 valid_auc=0.690156 valid_rmse=0.472909 q_change=49 q_delta=0.374520 q_grad=0.002174
epoch=40 loss_total=0.710976 loss_rec=0.562786 valid_auc=0.690525 valid_rmse=0.473572 q_change=49 q_delta=0.375345 q_grad=0.002240
epoch=41 loss_total=0.704998 loss_rec=0.556823 valid_auc=0.691685 valid_rmse=0.475051 q_change=48 q_delta=0.376344 q_grad=0.002252
epoch=42 loss_total=0.706764 loss_rec=0.558560 valid_auc=0.688471 valid_rmse=0.474487 q_change=48 q_delta=0.377428 q_grad=0.002387
epoch=43 loss_total=0.700568 loss_rec=0.552328 valid_auc=0.690056 valid_rmse=0.475224 q_change=48 q_delta=0.378076 q_grad=0.002365
epoch=44 loss_total=0.698859 loss_rec=0.550631 valid_auc=0.687846 valid_rmse=0.475993 q_change=48 q_delta=0.378987 q_grad=0.002418
epoch=45 loss_total=0.692938 loss_rec=0.544743 valid_auc=0.687879 valid_rmse=0.480308 q_change=48 q_delta=0.379514 q_grad=0.002471
epoch=46 loss_total=0.692204 loss_rec=0.543947 valid_auc=0.692333 valid_rmse=0.474549 q_change=48 q_delta=0.380756 q_grad=0.002475
epoch=47 loss_total=0.688630 loss_rec=0.540371 valid_auc=0.688426 valid_rmse=0.477863 q_change=48 q_delta=0.381511 q_grad=0.002506
epoch=48 loss_total=0.685311 loss_rec=0.537071 valid_auc=0.689141 valid_rmse=0.477065 q_change=48 q_delta=0.382419 q_grad=0.002583
epoch=49 loss_total=0.680508 loss_rec=0.532284 valid_auc=0.690525 valid_rmse=0.475777 q_change=48 q_delta=0.382850 q_grad=0.002586
epoch=50 loss_total=0.674931 loss_rec=0.526708 valid_auc=0.688092 valid_rmse=0.479014 q_change=48 q_delta=0.383504 q_grad=0.002592
epoch=51 loss_total=0.674028 loss_rec=0.525887 valid_auc=0.689051 valid_rmse=0.479712 q_change=48 q_delta=0.384036 q_grad=0.002673
epoch=52 loss_total=0.675452 loss_rec=0.527335 valid_auc=0.687868 valid_rmse=0.478357 q_change=48 q_delta=0.384790 q_grad=0.002727
epoch=53 loss_total=0.675343 loss_rec=0.527242 valid_auc=0.688449 valid_rmse=0.477531 q_change=48 q_delta=0.385261 q_grad=0.002737
epoch=54 loss_total=0.667500 loss_rec=0.519386 valid_auc=0.684933 valid_rmse=0.480563 q_change=48 q_delta=0.385652 q_grad=0.002752
epoch=55 loss_total=0.663368 loss_rec=0.515316 valid_auc=0.691228 valid_rmse=0.477199 q_change=48 q_delta=0.386160 q_grad=0.002727
epoch=56 loss_total=0.663501 loss_rec=0.515474 valid_auc=0.686708 valid_rmse=0.479889 q_change=48 q_delta=0.386427 q_grad=0.002788
Early stopping at epoch 56; best_epoch=36.
Saved run to C:\Users\YAN_SHU_YU\Desktop\Generative-CD\Q_GNCDM\results\weak_q_lambda_sweep\lq_0p5_ls_0p6_lb_0p1\seed_2026\noise_0.20\weak-q_lq_0p5_ls_0p6_lb_0p1
Final metrics: q_hat_f1=0.250000 response_auc=0.692937 mastery_pearson=0.407096
