run=weak-q_lq_0p4_ls_0p5_lb_0p5 mode=weak-q noise=0.20 train=4200 valid=600 test=1200
epoch=1 loss_total=1.065341 loss_rec=0.725663 valid_auc=0.587757 valid_rmse=0.499754 q_change=57 q_delta=0.079189 q_grad=0.000532
epoch=2 loss_total=1.004793 loss_rec=0.705960 valid_auc=0.594609 valid_rmse=0.499321 q_change=57 q_delta=0.150205 q_grad=0.000495
epoch=3 loss_total=0.962676 loss_rec=0.700118 valid_auc=0.608092 valid_rmse=0.498573 q_change=57 q_delta=0.210179 q_grad=0.000453
epoch=4 loss_total=0.925921 loss_rec=0.694057 valid_auc=0.627266 valid_rmse=0.497969 q_change=57 q_delta=0.258754 q_grad=0.000405
epoch=5 loss_total=0.901493 loss_rec=0.694142 valid_auc=0.648158 valid_rmse=0.496251 q_change=57 q_delta=0.296265 q_grad=0.000361
epoch=6 loss_total=0.878052 loss_rec=0.689688 valid_auc=0.661920 valid_rmse=0.495339 q_change=57 q_delta=0.324309 q_grad=0.000329
epoch=7 loss_total=0.856188 loss_rec=0.682058 valid_auc=0.660993 valid_rmse=0.493018 q_change=57 q_delta=0.344685 q_grad=0.000323
epoch=8 loss_total=0.838194 loss_rec=0.674033 valid_auc=0.657299 valid_rmse=0.488476 q_change=57 q_delta=0.358079 q_grad=0.000373
epoch=9 loss_total=0.820143 loss_rec=0.662647 valid_auc=0.661763 valid_rmse=0.481772 q_change=57 q_delta=0.367723 q_grad=0.000498
epoch=10 loss_total=0.812685 loss_rec=0.660529 valid_auc=0.662467 valid_rmse=0.481223 q_change=57 q_delta=0.375476 q_grad=0.000603
epoch=11 loss_total=0.804928 loss_rec=0.656888 valid_auc=0.663337 valid_rmse=0.480107 q_change=57 q_delta=0.382164 q_grad=0.000712
epoch=12 loss_total=0.792651 loss_rec=0.648337 valid_auc=0.667165 valid_rmse=0.480897 q_change=57 q_delta=0.387538 q_grad=0.000780
epoch=13 loss_total=0.787570 loss_rec=0.646359 valid_auc=0.668097 valid_rmse=0.477945 q_change=57 q_delta=0.392268 q_grad=0.000802
epoch=14 loss_total=0.784289 loss_rec=0.645466 valid_auc=0.668951 valid_rmse=0.479343 q_change=57 q_delta=0.395644 q_grad=0.000900
epoch=15 loss_total=0.780874 loss_rec=0.644089 valid_auc=0.668158 valid_rmse=0.477662 q_change=57 q_delta=0.399045 q_grad=0.000962
epoch=16 loss_total=0.779948 loss_rec=0.644868 valid_auc=0.670145 valid_rmse=0.477457 q_change=57 q_delta=0.401500 q_grad=0.001071
epoch=17 loss_total=0.777500 loss_rec=0.643936 valid_auc=0.671484 valid_rmse=0.477793 q_change=57 q_delta=0.403676 q_grad=0.001054
epoch=18 loss_total=0.770841 loss_rec=0.638508 valid_auc=0.672868 valid_rmse=0.477072 q_change=57 q_delta=0.405656 q_grad=0.001105
epoch=19 loss_total=0.768324 loss_rec=0.637159 valid_auc=0.673828 valid_rmse=0.476847 q_change=57 q_delta=0.407379 q_grad=0.001197
epoch=20 loss_total=0.766925 loss_rec=0.636688 valid_auc=0.677567 valid_rmse=0.475406 q_change=57 q_delta=0.408990 q_grad=0.001308
epoch=21 loss_total=0.763159 loss_rec=0.633809 valid_auc=0.678237 valid_rmse=0.476339 q_change=57 q_delta=0.410043 q_grad=0.001272
epoch=22 loss_total=0.761894 loss_rec=0.633198 valid_auc=0.679141 valid_rmse=0.475046 q_change=57 q_delta=0.411041 q_grad=0.001402
epoch=23 loss_total=0.758543 loss_rec=0.630441 valid_auc=0.678181 valid_rmse=0.474738 q_change=57 q_delta=0.412100 q_grad=0.001427
epoch=24 loss_total=0.753748 loss_rec=0.626211 valid_auc=0.677656 valid_rmse=0.475259 q_change=57 q_delta=0.412840 q_grad=0.001492
epoch=25 loss_total=0.756341 loss_rec=0.629242 valid_auc=0.678739 valid_rmse=0.474991 q_change=57 q_delta=0.413328 q_grad=0.001642
epoch=26 loss_total=0.753740 loss_rec=0.626979 valid_auc=0.680045 valid_rmse=0.475650 q_change=57 q_delta=0.413738 q_grad=0.001650
epoch=27 loss_total=0.751050 loss_rec=0.624461 valid_auc=0.683560 valid_rmse=0.475091 q_change=57 q_delta=0.413801 q_grad=0.001664
epoch=28 loss_total=0.752096 loss_rec=0.625672 valid_auc=0.682344 valid_rmse=0.474473 q_change=57 q_delta=0.414049 q_grad=0.001767
epoch=29 loss_total=0.747707 loss_rec=0.621416 valid_auc=0.685312 valid_rmse=0.473965 q_change=56 q_delta=0.414575 q_grad=0.001829
epoch=30 loss_total=0.747847 loss_rec=0.621694 valid_auc=0.685826 valid_rmse=0.474172 q_change=56 q_delta=0.415310 q_grad=0.001809
epoch=31 loss_total=0.744048 loss_rec=0.617969 valid_auc=0.686830 valid_rmse=0.473895 q_change=56 q_delta=0.416041 q_grad=0.001858
epoch=32 loss_total=0.745344 loss_rec=0.619469 valid_auc=0.688259 valid_rmse=0.474460 q_change=56 q_delta=0.416562 q_grad=0.001923
epoch=33 loss_total=0.743761 loss_rec=0.618028 valid_auc=0.685391 valid_rmse=0.473229 q_change=56 q_delta=0.417303 q_grad=0.001902
epoch=34 loss_total=0.742870 loss_rec=0.617338 valid_auc=0.684085 valid_rmse=0.473149 q_change=56 q_delta=0.417643 q_grad=0.001928
epoch=35 loss_total=0.743848 loss_rec=0.618479 valid_auc=0.687132 valid_rmse=0.472398 q_change=56 q_delta=0.417981 q_grad=0.001916
epoch=36 loss_total=0.740549 loss_rec=0.615278 valid_auc=0.689453 valid_rmse=0.472929 q_change=56 q_delta=0.417992 q_grad=0.001960
epoch=37 loss_total=0.734736 loss_rec=0.609521 valid_auc=0.689688 valid_rmse=0.472821 q_change=56 q_delta=0.418165 q_grad=0.001977
epoch=38 loss_total=0.734315 loss_rec=0.609265 valid_auc=0.688270 valid_rmse=0.475088 q_change=56 q_delta=0.418338 q_grad=0.002088
epoch=39 loss_total=0.737035 loss_rec=0.612068 valid_auc=0.689129 valid_rmse=0.472168 q_change=56 q_delta=0.418598 q_grad=0.002017
epoch=40 loss_total=0.732780 loss_rec=0.607904 valid_auc=0.688929 valid_rmse=0.472531 q_change=56 q_delta=0.418576 q_grad=0.002054
epoch=41 loss_total=0.728533 loss_rec=0.603747 valid_auc=0.691440 valid_rmse=0.472464 q_change=56 q_delta=0.418608 q_grad=0.002048
epoch=42 loss_total=0.732221 loss_rec=0.607476 valid_auc=0.688750 valid_rmse=0.472735 q_change=55 q_delta=0.418668 q_grad=0.002115
epoch=43 loss_total=0.727736 loss_rec=0.602969 valid_auc=0.690413 valid_rmse=0.472317 q_change=55 q_delta=0.418844 q_grad=0.002052
epoch=44 loss_total=0.728182 loss_rec=0.603529 valid_auc=0.691016 valid_rmse=0.472375 q_change=55 q_delta=0.419344 q_grad=0.002116
epoch=45 loss_total=0.724962 loss_rec=0.600408 valid_auc=0.692344 valid_rmse=0.474590 q_change=55 q_delta=0.419659 q_grad=0.002138
epoch=46 loss_total=0.725666 loss_rec=0.601157 valid_auc=0.694051 valid_rmse=0.470689 q_change=55 q_delta=0.420151 q_grad=0.002081
epoch=47 loss_total=0.723016 loss_rec=0.598635 valid_auc=0.694576 valid_rmse=0.471302 q_change=55 q_delta=0.420526 q_grad=0.002109
epoch=48 loss_total=0.722388 loss_rec=0.598088 valid_auc=0.693705 valid_rmse=0.470932 q_change=55 q_delta=0.420868 q_grad=0.002159
epoch=49 loss_total=0.719868 loss_rec=0.595658 valid_auc=0.694196 valid_rmse=0.470664 q_change=55 q_delta=0.421116 q_grad=0.002189
epoch=50 loss_total=0.715819 loss_rec=0.591684 valid_auc=0.692623 valid_rmse=0.471814 q_change=55 q_delta=0.421397 q_grad=0.002098
epoch=51 loss_total=0.716042 loss_rec=0.592042 valid_auc=0.694554 valid_rmse=0.472828 q_change=55 q_delta=0.421561 q_grad=0.002224
epoch=52 loss_total=0.717218 loss_rec=0.593350 valid_auc=0.693103 valid_rmse=0.471562 q_change=55 q_delta=0.421945 q_grad=0.002236
epoch=53 loss_total=0.718753 loss_rec=0.594963 valid_auc=0.695167 valid_rmse=0.471088 q_change=54 q_delta=0.422157 q_grad=0.002247
epoch=54 loss_total=0.710619 loss_rec=0.586950 valid_auc=0.691998 valid_rmse=0.472992 q_change=53 q_delta=0.422376 q_grad=0.002218
epoch=55 loss_total=0.709584 loss_rec=0.586060 valid_auc=0.696529 valid_rmse=0.471025 q_change=52 q_delta=0.422579 q_grad=0.002269
epoch=56 loss_total=0.710825 loss_rec=0.587400 valid_auc=0.693594 valid_rmse=0.471794 q_change=52 q_delta=0.422800 q_grad=0.002307
epoch=57 loss_total=0.708977 loss_rec=0.585667 valid_auc=0.694252 valid_rmse=0.473760 q_change=52 q_delta=0.423016 q_grad=0.002407
epoch=58 loss_total=0.705359 loss_rec=0.582131 valid_auc=0.692958 valid_rmse=0.474712 q_change=52 q_delta=0.423422 q_grad=0.002367
epoch=59 loss_total=0.705825 loss_rec=0.582758 valid_auc=0.692690 valid_rmse=0.472455 q_change=52 q_delta=0.423788 q_grad=0.002364
epoch=60 loss_total=0.704907 loss_rec=0.581937 valid_auc=0.693237 valid_rmse=0.473769 q_change=52 q_delta=0.423938 q_grad=0.002423
epoch=61 loss_total=0.703433 loss_rec=0.580532 valid_auc=0.692757 valid_rmse=0.473350 q_change=52 q_delta=0.424245 q_grad=0.002481
epoch=62 loss_total=0.700679 loss_rec=0.577911 valid_auc=0.691719 valid_rmse=0.473193 q_change=52 q_delta=0.424578 q_grad=0.002452
epoch=63 loss_total=0.701452 loss_rec=0.578749 valid_auc=0.690536 valid_rmse=0.474119 q_change=52 q_delta=0.424748 q_grad=0.002501
epoch=64 loss_total=0.703537 loss_rec=0.580920 valid_auc=0.694464 valid_rmse=0.475516 q_change=52 q_delta=0.424890 q_grad=0.002572
epoch=65 loss_total=0.698111 loss_rec=0.575552 valid_auc=0.692098 valid_rmse=0.473496 q_change=52 q_delta=0.425196 q_grad=0.002463
epoch=66 loss_total=0.698702 loss_rec=0.576209 valid_auc=0.691953 valid_rmse=0.474072 q_change=52 q_delta=0.425275 q_grad=0.002629
epoch=67 loss_total=0.700728 loss_rec=0.578313 valid_auc=0.690692 valid_rmse=0.475105 q_change=52 q_delta=0.425447 q_grad=0.002626
epoch=68 loss_total=0.695789 loss_rec=0.573404 valid_auc=0.690737 valid_rmse=0.476790 q_change=52 q_delta=0.425477 q_grad=0.002628
epoch=69 loss_total=0.693033 loss_rec=0.570681 valid_auc=0.694152 valid_rmse=0.481107 q_change=52 q_delta=0.425530 q_grad=0.002735
epoch=70 loss_total=0.691458 loss_rec=0.569112 valid_auc=0.688884 valid_rmse=0.474914 q_change=52 q_delta=0.425767 q_grad=0.002742
epoch=71 loss_total=0.692919 loss_rec=0.570633 valid_auc=0.690022 valid_rmse=0.474643 q_change=52 q_delta=0.425810 q_grad=0.002766
epoch=72 loss_total=0.691727 loss_rec=0.569404 valid_auc=0.689342 valid_rmse=0.475127 q_change=52 q_delta=0.425834 q_grad=0.002786
epoch=73 loss_total=0.686881 loss_rec=0.564589 valid_auc=0.686830 valid_rmse=0.476230 q_change=52 q_delta=0.425822 q_grad=0.002848
epoch=74 loss_total=0.690903 loss_rec=0.568576 valid_auc=0.688192 valid_rmse=0.476688 q_change=52 q_delta=0.425703 q_grad=0.002822
epoch=75 loss_total=0.688754 loss_rec=0.566365 valid_auc=0.685011 valid_rmse=0.483250 q_change=52 q_delta=0.425397 q_grad=0.002840
Early stopping at epoch 75; best_epoch=55.
Saved run to C:\Users\YAN_SHU_YU\Desktop\Generative-CD\Q_GNCDM\results\weak_q_lambda_sweep\lq_0p4_ls_0p5_lb_0p5\seed_2026\noise_0.20\weak-q_lq_0p4_ls_0p5_lb_0p5
Final metrics: q_hat_f1=0.163934 response_auc=0.687000 mastery_pearson=0.342229
