run=weak-q_lq_0p5_ls_0p7_lb_0p7 mode=weak-q noise=0.20 train=4200 valid=600 test=1200
epoch=1 loss_total=1.200948 loss_rec=0.725667 valid_auc=0.587556 valid_rmse=0.499759 q_change=57 q_delta=0.079727 q_grad=0.000753
epoch=2 loss_total=1.122665 loss_rec=0.706022 valid_auc=0.593443 valid_rmse=0.499361 q_change=57 q_delta=0.152162 q_grad=0.000715
epoch=3 loss_total=1.063707 loss_rec=0.700331 valid_auc=0.604643 valid_rmse=0.498699 q_change=57 q_delta=0.213811 q_grad=0.000659
epoch=4 loss_total=1.012282 loss_rec=0.694541 valid_auc=0.620915 valid_rmse=0.498253 q_change=57 q_delta=0.263806 q_grad=0.000588
epoch=5 loss_total=0.975896 loss_rec=0.695076 valid_auc=0.640759 valid_rmse=0.496815 q_change=57 q_delta=0.302685 q_grad=0.000513
epoch=6 loss_total=0.943378 loss_rec=0.691592 valid_auc=0.656350 valid_rmse=0.496526 q_change=57 q_delta=0.332289 q_grad=0.000445
epoch=7 loss_total=0.915666 loss_rec=0.686274 valid_auc=0.657623 valid_rmse=0.495634 q_change=57 q_delta=0.354699 q_grad=0.000392
epoch=8 loss_total=0.895241 loss_rec=0.682761 valid_auc=0.651842 valid_rmse=0.493709 q_change=57 q_delta=0.371120 q_grad=0.000361
epoch=9 loss_total=0.876950 loss_rec=0.676865 valid_auc=0.654542 valid_rmse=0.488378 q_change=57 q_delta=0.383183 q_grad=0.000386
epoch=10 loss_total=0.863687 loss_rec=0.672833 valid_auc=0.656484 valid_rmse=0.485761 q_change=57 q_delta=0.391787 q_grad=0.000438
epoch=11 loss_total=0.850754 loss_rec=0.666539 valid_auc=0.655770 valid_rmse=0.483563 q_change=57 q_delta=0.398791 q_grad=0.000535
epoch=12 loss_total=0.834746 loss_rec=0.656439 valid_auc=0.659676 valid_rmse=0.484084 q_change=57 q_delta=0.404776 q_grad=0.000612
epoch=13 loss_total=0.827642 loss_rec=0.654471 valid_auc=0.660904 valid_rmse=0.480466 q_change=57 q_delta=0.409975 q_grad=0.000629
epoch=14 loss_total=0.822145 loss_rec=0.653028 valid_auc=0.664185 valid_rmse=0.481804 q_change=57 q_delta=0.414013 q_grad=0.000698
epoch=15 loss_total=0.817797 loss_rec=0.652220 valid_auc=0.661618 valid_rmse=0.480229 q_change=57 q_delta=0.417820 q_grad=0.000731
epoch=16 loss_total=0.815192 loss_rec=0.652546 valid_auc=0.662779 valid_rmse=0.480289 q_change=57 q_delta=0.420800 q_grad=0.000801
epoch=17 loss_total=0.812760 loss_rec=0.652772 valid_auc=0.665223 valid_rmse=0.480865 q_change=57 q_delta=0.423435 q_grad=0.000776
epoch=18 loss_total=0.805741 loss_rec=0.648022 valid_auc=0.666574 valid_rmse=0.480342 q_change=57 q_delta=0.425842 q_grad=0.000795
epoch=19 loss_total=0.802188 loss_rec=0.646479 valid_auc=0.665636 valid_rmse=0.480139 q_change=57 q_delta=0.427892 q_grad=0.000842
epoch=20 loss_total=0.800947 loss_rec=0.646942 valid_auc=0.669676 valid_rmse=0.478787 q_change=57 q_delta=0.429831 q_grad=0.000915
epoch=21 loss_total=0.796894 loss_rec=0.644536 valid_auc=0.668326 valid_rmse=0.479650 q_change=57 q_delta=0.431310 q_grad=0.000870
epoch=22 loss_total=0.796143 loss_rec=0.645116 valid_auc=0.668292 valid_rmse=0.478611 q_change=57 q_delta=0.432759 q_grad=0.000942
epoch=23 loss_total=0.792157 loss_rec=0.642381 valid_auc=0.666875 valid_rmse=0.478395 q_change=57 q_delta=0.434150 q_grad=0.000949
epoch=24 loss_total=0.787781 loss_rec=0.639186 valid_auc=0.668125 valid_rmse=0.478854 q_change=57 q_delta=0.435281 q_grad=0.000985
epoch=25 loss_total=0.790023 loss_rec=0.642393 valid_auc=0.667031 valid_rmse=0.478292 q_change=57 q_delta=0.436266 q_grad=0.001068
epoch=26 loss_total=0.787504 loss_rec=0.640776 valid_auc=0.667243 valid_rmse=0.478763 q_change=57 q_delta=0.437185 q_grad=0.001080
epoch=27 loss_total=0.785499 loss_rec=0.639521 valid_auc=0.669107 valid_rmse=0.478147 q_change=57 q_delta=0.437988 q_grad=0.001086
epoch=28 loss_total=0.785985 loss_rec=0.640743 valid_auc=0.670781 valid_rmse=0.477529 q_change=57 q_delta=0.438776 q_grad=0.001136
epoch=29 loss_total=0.783241 loss_rec=0.638653 valid_auc=0.672009 valid_rmse=0.477399 q_change=57 q_delta=0.439450 q_grad=0.001190
epoch=30 loss_total=0.784246 loss_rec=0.640257 valid_auc=0.673058 valid_rmse=0.477810 q_change=57 q_delta=0.440003 q_grad=0.001192
epoch=31 loss_total=0.780509 loss_rec=0.636983 valid_auc=0.673750 valid_rmse=0.476892 q_change=57 q_delta=0.440599 q_grad=0.001224
epoch=32 loss_total=0.782240 loss_rec=0.639216 valid_auc=0.675100 valid_rmse=0.477650 q_change=57 q_delta=0.441019 q_grad=0.001279
epoch=33 loss_total=0.781041 loss_rec=0.638382 valid_auc=0.674085 valid_rmse=0.476397 q_change=57 q_delta=0.441655 q_grad=0.001275
epoch=34 loss_total=0.780142 loss_rec=0.637938 valid_auc=0.673415 valid_rmse=0.476085 q_change=57 q_delta=0.441993 q_grad=0.001307
epoch=35 loss_total=0.781725 loss_rec=0.639875 valid_auc=0.674621 valid_rmse=0.475619 q_change=57 q_delta=0.442357 q_grad=0.001308
epoch=36 loss_total=0.778317 loss_rec=0.636776 valid_auc=0.675614 valid_rmse=0.476748 q_change=57 q_delta=0.442598 q_grad=0.001357
epoch=37 loss_total=0.773808 loss_rec=0.632555 valid_auc=0.677031 valid_rmse=0.475925 q_change=57 q_delta=0.442909 q_grad=0.001391
epoch=38 loss_total=0.772722 loss_rec=0.631707 valid_auc=0.677422 valid_rmse=0.477021 q_change=57 q_delta=0.443144 q_grad=0.001494
epoch=39 loss_total=0.776174 loss_rec=0.635418 valid_auc=0.677299 valid_rmse=0.475365 q_change=57 q_delta=0.443531 q_grad=0.001475
epoch=40 loss_total=0.772616 loss_rec=0.632125 valid_auc=0.677511 valid_rmse=0.475599 q_change=57 q_delta=0.443719 q_grad=0.001527
epoch=41 loss_total=0.768824 loss_rec=0.628520 valid_auc=0.680246 valid_rmse=0.475728 q_change=57 q_delta=0.443854 q_grad=0.001546
epoch=42 loss_total=0.773328 loss_rec=0.633171 valid_auc=0.677455 valid_rmse=0.476051 q_change=57 q_delta=0.444055 q_grad=0.001605
epoch=43 loss_total=0.769982 loss_rec=0.629935 valid_auc=0.677980 valid_rmse=0.475619 q_change=57 q_delta=0.444121 q_grad=0.001578
epoch=44 loss_total=0.770361 loss_rec=0.630430 valid_auc=0.678147 valid_rmse=0.475818 q_change=57 q_delta=0.444259 q_grad=0.001649
epoch=45 loss_total=0.768246 loss_rec=0.628421 valid_auc=0.680112 valid_rmse=0.477126 q_change=57 q_delta=0.444271 q_grad=0.001700
epoch=46 loss_total=0.769773 loss_rec=0.629971 valid_auc=0.680725 valid_rmse=0.474228 q_change=57 q_delta=0.444356 q_grad=0.001686
epoch=47 loss_total=0.767088 loss_rec=0.627318 valid_auc=0.682958 valid_rmse=0.474486 q_change=57 q_delta=0.444255 q_grad=0.001718
epoch=48 loss_total=0.768204 loss_rec=0.628378 valid_auc=0.685000 valid_rmse=0.473464 q_change=57 q_delta=0.444193 q_grad=0.001751
epoch=49 loss_total=0.765930 loss_rec=0.625986 valid_auc=0.685435 valid_rmse=0.473561 q_change=57 q_delta=0.444008 q_grad=0.001794
epoch=50 loss_total=0.761792 loss_rec=0.621752 valid_auc=0.682701 valid_rmse=0.474192 q_change=57 q_delta=0.443767 q_grad=0.001735
epoch=51 loss_total=0.762356 loss_rec=0.622160 valid_auc=0.685469 valid_rmse=0.475478 q_change=56 q_delta=0.443362 q_grad=0.001873
epoch=52 loss_total=0.762681 loss_rec=0.622332 valid_auc=0.684386 valid_rmse=0.473631 q_change=56 q_delta=0.443655 q_grad=0.001886
epoch=53 loss_total=0.763838 loss_rec=0.623385 valid_auc=0.686819 valid_rmse=0.472862 q_change=56 q_delta=0.444050 q_grad=0.001872
epoch=54 loss_total=0.755625 loss_rec=0.615095 valid_auc=0.686306 valid_rmse=0.474263 q_change=56 q_delta=0.444292 q_grad=0.001853
epoch=55 loss_total=0.755689 loss_rec=0.615085 valid_auc=0.688862 valid_rmse=0.472559 q_change=56 q_delta=0.444516 q_grad=0.001897
epoch=56 loss_total=0.757467 loss_rec=0.616857 valid_auc=0.685268 valid_rmse=0.473037 q_change=56 q_delta=0.444737 q_grad=0.001963
epoch=57 loss_total=0.756149 loss_rec=0.615516 valid_auc=0.687935 valid_rmse=0.474646 q_change=56 q_delta=0.444729 q_grad=0.001998
epoch=58 loss_total=0.752285 loss_rec=0.611622 valid_auc=0.686596 valid_rmse=0.474526 q_change=56 q_delta=0.444900 q_grad=0.001960
epoch=59 loss_total=0.752486 loss_rec=0.611924 valid_auc=0.686998 valid_rmse=0.472751 q_change=56 q_delta=0.445058 q_grad=0.001985
epoch=60 loss_total=0.751906 loss_rec=0.611343 valid_auc=0.689788 valid_rmse=0.472801 q_change=56 q_delta=0.445078 q_grad=0.002009
epoch=61 loss_total=0.751558 loss_rec=0.610967 valid_auc=0.688973 valid_rmse=0.473122 q_change=56 q_delta=0.445147 q_grad=0.002041
epoch=62 loss_total=0.750627 loss_rec=0.610110 valid_auc=0.688103 valid_rmse=0.472380 q_change=56 q_delta=0.445273 q_grad=0.001988
epoch=63 loss_total=0.751775 loss_rec=0.611259 valid_auc=0.687299 valid_rmse=0.473066 q_change=56 q_delta=0.445247 q_grad=0.001990
epoch=64 loss_total=0.754502 loss_rec=0.614063 valid_auc=0.691272 valid_rmse=0.474319 q_change=56 q_delta=0.445287 q_grad=0.002058
epoch=65 loss_total=0.748183 loss_rec=0.607746 valid_auc=0.690112 valid_rmse=0.471754 q_change=56 q_delta=0.445408 q_grad=0.001945
epoch=66 loss_total=0.749427 loss_rec=0.609027 valid_auc=0.692355 valid_rmse=0.472112 q_change=55 q_delta=0.445378 q_grad=0.002060
epoch=67 loss_total=0.751680 loss_rec=0.611286 valid_auc=0.689029 valid_rmse=0.473427 q_change=55 q_delta=0.445403 q_grad=0.002018
epoch=68 loss_total=0.747712 loss_rec=0.607316 valid_auc=0.692489 valid_rmse=0.473028 q_change=55 q_delta=0.445333 q_grad=0.002031
epoch=69 loss_total=0.744373 loss_rec=0.603950 valid_auc=0.695379 valid_rmse=0.477591 q_change=55 q_delta=0.445162 q_grad=0.002089
epoch=70 loss_total=0.744731 loss_rec=0.604259 valid_auc=0.692779 valid_rmse=0.471408 q_change=55 q_delta=0.445314 q_grad=0.002077
epoch=71 loss_total=0.746304 loss_rec=0.605810 valid_auc=0.693806 valid_rmse=0.471280 q_change=55 q_delta=0.445302 q_grad=0.002071
epoch=72 loss_total=0.744728 loss_rec=0.604136 valid_auc=0.692634 valid_rmse=0.471992 q_change=55 q_delta=0.445253 q_grad=0.002092
epoch=73 loss_total=0.742096 loss_rec=0.601464 valid_auc=0.690246 valid_rmse=0.471986 q_change=55 q_delta=0.445233 q_grad=0.002130
epoch=74 loss_total=0.744871 loss_rec=0.604169 valid_auc=0.691384 valid_rmse=0.472228 q_change=54 q_delta=0.445154 q_grad=0.002076
epoch=75 loss_total=0.743111 loss_rec=0.602339 valid_auc=0.691518 valid_rmse=0.477132 q_change=54 q_delta=0.445398 q_grad=0.002062
epoch=76 loss_total=0.742559 loss_rec=0.601695 valid_auc=0.690179 valid_rmse=0.471897 q_change=54 q_delta=0.445829 q_grad=0.002056
epoch=77 loss_total=0.736307 loss_rec=0.595384 valid_auc=0.690335 valid_rmse=0.475246 q_change=54 q_delta=0.446082 q_grad=0.002044
epoch=78 loss_total=0.737572 loss_rec=0.596622 valid_auc=0.690167 valid_rmse=0.473219 q_change=54 q_delta=0.446395 q_grad=0.002204
epoch=79 loss_total=0.737078 loss_rec=0.596126 valid_auc=0.689754 valid_rmse=0.472896 q_change=54 q_delta=0.446672 q_grad=0.002276
epoch=80 loss_total=0.735969 loss_rec=0.595000 valid_auc=0.690792 valid_rmse=0.472393 q_change=54 q_delta=0.446946 q_grad=0.002194
epoch=81 loss_total=0.732618 loss_rec=0.591636 valid_auc=0.692288 valid_rmse=0.473933 q_change=54 q_delta=0.447148 q_grad=0.002267
epoch=82 loss_total=0.732453 loss_rec=0.591490 valid_auc=0.689955 valid_rmse=0.473750 q_change=54 q_delta=0.447319 q_grad=0.002298
epoch=83 loss_total=0.730713 loss_rec=0.589767 valid_auc=0.690949 valid_rmse=0.477145 q_change=54 q_delta=0.447498 q_grad=0.002280
epoch=84 loss_total=0.731583 loss_rec=0.590628 valid_auc=0.691551 valid_rmse=0.473999 q_change=54 q_delta=0.447746 q_grad=0.002342
epoch=85 loss_total=0.732685 loss_rec=0.591753 valid_auc=0.690312 valid_rmse=0.477746 q_change=54 q_delta=0.447783 q_grad=0.002376
epoch=86 loss_total=0.734353 loss_rec=0.593409 valid_auc=0.688393 valid_rmse=0.475230 q_change=54 q_delta=0.447945 q_grad=0.002360
epoch=87 loss_total=0.728385 loss_rec=0.587470 valid_auc=0.687701 valid_rmse=0.475578 q_change=54 q_delta=0.448078 q_grad=0.002316
epoch=88 loss_total=0.722866 loss_rec=0.581964 valid_auc=0.686585 valid_rmse=0.475665 q_change=54 q_delta=0.448186 q_grad=0.002391
epoch=89 loss_total=0.724656 loss_rec=0.583765 valid_auc=0.687556 valid_rmse=0.480860 q_change=54 q_delta=0.448242 q_grad=0.002444
Early stopping at epoch 89; best_epoch=69.
Saved run to C:\Users\YAN_SHU_YU\Desktop\Generative-CD\Q_GNCDM\results\weak_q_lambda_sweep\lq_0p5_ls_0p7_lb_0p7\seed_2026\noise_0.20\weak-q_lq_0p5_ls_0p7_lb_0p7
Final metrics: q_hat_f1=0.068966 response_auc=0.684559 mastery_pearson=0.290274
