run=weak-q_lq_0p8_ls_0p3_lb_0p9 mode=weak-q noise=0.20 train=4200 valid=600 test=1200
epoch=1 loss_total=1.076785 loss_rec=0.725652 valid_auc=0.588304 valid_rmse=0.499742 q_change=57 q_delta=0.078120 q_grad=0.000350
epoch=2 loss_total=1.030205 loss_rec=0.705841 valid_auc=0.597444 valid_rmse=0.499233 q_change=57 q_delta=0.147176 q_grad=0.000328
epoch=3 loss_total=1.000435 loss_rec=0.699712 valid_auc=0.615246 valid_rmse=0.498295 q_change=57 q_delta=0.204796 q_grad=0.000309
epoch=4 loss_total=0.973783 loss_rec=0.693054 valid_auc=0.641529 valid_rmse=0.497303 q_change=57 q_delta=0.251020 q_grad=0.000287
epoch=5 loss_total=0.956946 loss_rec=0.691908 valid_auc=0.661088 valid_rmse=0.494760 q_change=57 q_delta=0.285275 q_grad=0.000282
epoch=6 loss_total=0.937772 loss_rec=0.684337 valid_auc=0.670033 valid_rmse=0.491708 q_change=57 q_delta=0.308522 q_grad=0.000304
epoch=7 loss_total=0.914843 loss_rec=0.669281 valid_auc=0.666618 valid_rmse=0.485486 q_change=57 q_delta=0.322851 q_grad=0.000382
epoch=8 loss_total=0.896209 loss_rec=0.655460 valid_auc=0.665926 valid_rmse=0.480810 q_change=55 q_delta=0.331564 q_grad=0.000564
epoch=9 loss_total=0.883352 loss_rec=0.646153 valid_auc=0.672779 valid_rmse=0.476831 q_change=55 q_delta=0.339127 q_grad=0.000735
epoch=10 loss_total=0.881890 loss_rec=0.647774 valid_auc=0.673147 valid_rmse=0.477194 q_change=55 q_delta=0.344549 q_grad=0.000828
epoch=11 loss_total=0.876090 loss_rec=0.644101 valid_auc=0.675312 valid_rmse=0.475856 q_change=55 q_delta=0.349001 q_grad=0.000963
epoch=12 loss_total=0.864547 loss_rec=0.634332 valid_auc=0.678828 valid_rmse=0.476063 q_change=54 q_delta=0.351840 q_grad=0.001059
epoch=13 loss_total=0.858878 loss_rec=0.630039 valid_auc=0.681819 valid_rmse=0.473564 q_change=54 q_delta=0.354250 q_grad=0.001121
epoch=14 loss_total=0.855976 loss_rec=0.628127 valid_auc=0.683259 valid_rmse=0.474390 q_change=53 q_delta=0.355436 q_grad=0.001267
epoch=15 loss_total=0.850268 loss_rec=0.623190 valid_auc=0.683962 valid_rmse=0.472542 q_change=53 q_delta=0.357653 q_grad=0.001379
epoch=16 loss_total=0.849074 loss_rec=0.622737 valid_auc=0.687188 valid_rmse=0.472206 q_change=52 q_delta=0.358939 q_grad=0.001538
epoch=17 loss_total=0.844069 loss_rec=0.618337 valid_auc=0.686719 valid_rmse=0.472129 q_change=52 q_delta=0.359886 q_grad=0.001523
epoch=18 loss_total=0.834899 loss_rec=0.609685 valid_auc=0.688382 valid_rmse=0.471989 q_change=52 q_delta=0.361336 q_grad=0.001603
epoch=19 loss_total=0.831726 loss_rec=0.607158 valid_auc=0.689788 valid_rmse=0.472995 q_change=51 q_delta=0.362595 q_grad=0.001737
epoch=20 loss_total=0.827163 loss_rec=0.603062 valid_auc=0.691708 valid_rmse=0.471199 q_change=50 q_delta=0.364408 q_grad=0.001840
epoch=21 loss_total=0.821070 loss_rec=0.597505 valid_auc=0.691484 valid_rmse=0.473215 q_change=50 q_delta=0.365695 q_grad=0.001798
epoch=22 loss_total=0.816851 loss_rec=0.593728 valid_auc=0.691596 valid_rmse=0.472516 q_change=50 q_delta=0.366916 q_grad=0.001966
epoch=23 loss_total=0.813011 loss_rec=0.590395 valid_auc=0.688839 valid_rmse=0.473000 q_change=50 q_delta=0.368486 q_grad=0.001922
epoch=24 loss_total=0.806560 loss_rec=0.584419 valid_auc=0.688371 valid_rmse=0.474147 q_change=49 q_delta=0.369614 q_grad=0.001966
epoch=25 loss_total=0.805482 loss_rec=0.583824 valid_auc=0.688895 valid_rmse=0.474654 q_change=48 q_delta=0.370652 q_grad=0.002094
epoch=26 loss_total=0.802226 loss_rec=0.580986 valid_auc=0.689810 valid_rmse=0.474911 q_change=48 q_delta=0.371786 q_grad=0.002079
epoch=27 loss_total=0.797359 loss_rec=0.576505 valid_auc=0.690045 valid_rmse=0.477348 q_change=48 q_delta=0.372801 q_grad=0.002053
epoch=28 loss_total=0.797755 loss_rec=0.577232 valid_auc=0.689933 valid_rmse=0.475343 q_change=48 q_delta=0.374109 q_grad=0.002177
epoch=29 loss_total=0.789771 loss_rec=0.569569 valid_auc=0.692835 valid_rmse=0.475175 q_change=48 q_delta=0.375181 q_grad=0.002190
epoch=30 loss_total=0.786768 loss_rec=0.566823 valid_auc=0.693281 valid_rmse=0.476041 q_change=47 q_delta=0.376113 q_grad=0.002196
epoch=31 loss_total=0.781047 loss_rec=0.561363 valid_auc=0.695022 valid_rmse=0.475098 q_change=46 q_delta=0.376797 q_grad=0.002208
epoch=32 loss_total=0.778562 loss_rec=0.559128 valid_auc=0.698270 valid_rmse=0.475469 q_change=45 q_delta=0.377538 q_grad=0.002326
epoch=33 loss_total=0.771794 loss_rec=0.552537 valid_auc=0.697388 valid_rmse=0.473457 q_change=45 q_delta=0.378266 q_grad=0.002329
epoch=34 loss_total=0.769685 loss_rec=0.550629 valid_auc=0.695625 valid_rmse=0.474250 q_change=44 q_delta=0.378902 q_grad=0.002387
epoch=35 loss_total=0.768591 loss_rec=0.549714 valid_auc=0.700190 valid_rmse=0.472725 q_change=44 q_delta=0.379696 q_grad=0.002377
epoch=36 loss_total=0.759697 loss_rec=0.540926 valid_auc=0.700871 valid_rmse=0.473035 q_change=44 q_delta=0.380055 q_grad=0.002480
epoch=37 loss_total=0.752051 loss_rec=0.533467 valid_auc=0.698761 valid_rmse=0.475904 q_change=43 q_delta=0.380587 q_grad=0.002519
epoch=38 loss_total=0.743867 loss_rec=0.525482 valid_auc=0.698125 valid_rmse=0.476965 q_change=43 q_delta=0.381275 q_grad=0.002648
epoch=39 loss_total=0.741903 loss_rec=0.523671 valid_auc=0.698069 valid_rmse=0.476256 q_change=43 q_delta=0.382233 q_grad=0.002636
epoch=40 loss_total=0.737047 loss_rec=0.519068 valid_auc=0.696116 valid_rmse=0.477801 q_change=42 q_delta=0.383003 q_grad=0.002718
epoch=41 loss_total=0.728634 loss_rec=0.510908 valid_auc=0.694074 valid_rmse=0.482221 q_change=42 q_delta=0.383548 q_grad=0.002743
epoch=42 loss_total=0.729805 loss_rec=0.512293 valid_auc=0.692835 valid_rmse=0.480926 q_change=42 q_delta=0.384380 q_grad=0.002858
epoch=43 loss_total=0.723244 loss_rec=0.505912 valid_auc=0.694163 valid_rmse=0.480871 q_change=41 q_delta=0.385003 q_grad=0.002830
epoch=44 loss_total=0.717998 loss_rec=0.500885 valid_auc=0.693705 valid_rmse=0.481801 q_change=40 q_delta=0.385738 q_grad=0.002907
epoch=45 loss_total=0.712618 loss_rec=0.495742 valid_auc=0.691696 valid_rmse=0.486473 q_change=40 q_delta=0.386273 q_grad=0.002876
epoch=46 loss_total=0.713723 loss_rec=0.497011 valid_auc=0.694085 valid_rmse=0.481601 q_change=40 q_delta=0.387035 q_grad=0.002907
epoch=47 loss_total=0.705903 loss_rec=0.489417 valid_auc=0.689565 valid_rmse=0.486102 q_change=40 q_delta=0.387727 q_grad=0.002824
epoch=48 loss_total=0.706699 loss_rec=0.490417 valid_auc=0.689431 valid_rmse=0.484840 q_change=40 q_delta=0.388368 q_grad=0.002969
epoch=49 loss_total=0.698024 loss_rec=0.481893 valid_auc=0.691027 valid_rmse=0.483762 q_change=39 q_delta=0.388835 q_grad=0.002891
epoch=50 loss_total=0.695935 loss_rec=0.479940 valid_auc=0.688839 valid_rmse=0.487655 q_change=38 q_delta=0.389302 q_grad=0.002911
epoch=51 loss_total=0.693807 loss_rec=0.478021 valid_auc=0.686975 valid_rmse=0.488498 q_change=38 q_delta=0.389734 q_grad=0.002938
epoch=52 loss_total=0.694400 loss_rec=0.478788 valid_auc=0.687656 valid_rmse=0.487574 q_change=38 q_delta=0.390375 q_grad=0.002906
epoch=53 loss_total=0.695554 loss_rec=0.480049 valid_auc=0.688884 valid_rmse=0.486407 q_change=38 q_delta=0.390718 q_grad=0.002949
epoch=54 loss_total=0.688414 loss_rec=0.473054 valid_auc=0.682411 valid_rmse=0.489947 q_change=38 q_delta=0.391177 q_grad=0.002996
epoch=55 loss_total=0.683872 loss_rec=0.468682 valid_auc=0.689107 valid_rmse=0.486446 q_change=37 q_delta=0.391901 q_grad=0.002869
epoch=56 loss_total=0.682763 loss_rec=0.467698 valid_auc=0.683080 valid_rmse=0.490440 q_change=38 q_delta=0.392417 q_grad=0.002940
Early stopping at epoch 56; best_epoch=36.
Saved run to C:\Users\YAN_SHU_YU\Desktop\Generative-CD\Q_GNCDM\results\weak_q_lambda_sweep\lq_0p8_ls_0p3_lb_0p9\seed_2026\noise_0.20\weak-q_lq_0p8_ls_0p3_lb_0p9
Final metrics: q_hat_f1=0.376812 response_auc=0.690702 mastery_pearson=0.488536
