run=weak-q_lq_0p3_ls_0p4_lb_0p5 mode=weak-q noise=0.20 train=4200 valid=600 test=1200
epoch=1 loss_total=1.021706 loss_rec=0.725662 valid_auc=0.587846 valid_rmse=0.499752 q_change=57 q_delta=0.079301 q_grad=0.000438
epoch=2 loss_total=0.967306 loss_rec=0.705958 valid_auc=0.595234 valid_rmse=0.499309 q_change=57 q_delta=0.151232 q_grad=0.000423
epoch=3 loss_total=0.929254 loss_rec=0.700113 valid_auc=0.610045 valid_rmse=0.498544 q_change=57 q_delta=0.212430 q_grad=0.000400
epoch=4 loss_total=0.895034 loss_rec=0.694055 valid_auc=0.630765 valid_rmse=0.497929 q_change=57 q_delta=0.262054 q_grad=0.000365
epoch=5 loss_total=0.872231 loss_rec=0.694148 valid_auc=0.651953 valid_rmse=0.496205 q_change=57 q_delta=0.300079 q_grad=0.000333
epoch=6 loss_total=0.849927 loss_rec=0.689691 valid_auc=0.664509 valid_rmse=0.495268 q_change=57 q_delta=0.328121 q_grad=0.000310
epoch=7 loss_total=0.828870 loss_rec=0.681984 valid_auc=0.662578 valid_rmse=0.492849 q_change=57 q_delta=0.348136 q_grad=0.000310
epoch=8 loss_total=0.811423 loss_rec=0.673775 valid_auc=0.658259 valid_rmse=0.488109 q_change=57 q_delta=0.360954 q_grad=0.000369
epoch=9 loss_total=0.793761 loss_rec=0.662233 valid_auc=0.662154 valid_rmse=0.481534 q_change=57 q_delta=0.370187 q_grad=0.000498
epoch=10 loss_total=0.787111 loss_rec=0.660546 valid_auc=0.663371 valid_rmse=0.481132 q_change=57 q_delta=0.377677 q_grad=0.000602
epoch=11 loss_total=0.779794 loss_rec=0.657061 valid_auc=0.663449 valid_rmse=0.480147 q_change=57 q_delta=0.384134 q_grad=0.000709
epoch=12 loss_total=0.767978 loss_rec=0.648705 valid_auc=0.666507 valid_rmse=0.481066 q_change=57 q_delta=0.389301 q_grad=0.000775
epoch=13 loss_total=0.763137 loss_rec=0.646750 valid_auc=0.667522 valid_rmse=0.478186 q_change=57 q_delta=0.393893 q_grad=0.000795
epoch=14 loss_total=0.760049 loss_rec=0.645894 valid_auc=0.668125 valid_rmse=0.479650 q_change=57 q_delta=0.397130 q_grad=0.000891
epoch=15 loss_total=0.756967 loss_rec=0.644715 valid_auc=0.666964 valid_rmse=0.478043 q_change=57 q_delta=0.400454 q_grad=0.000948
epoch=16 loss_total=0.756145 loss_rec=0.645506 valid_auc=0.668683 valid_rmse=0.477827 q_change=57 q_delta=0.402840 q_grad=0.001055
epoch=17 loss_total=0.753892 loss_rec=0.644671 valid_auc=0.670067 valid_rmse=0.478176 q_change=57 q_delta=0.404946 q_grad=0.001037
epoch=18 loss_total=0.747386 loss_rec=0.639331 valid_auc=0.670982 valid_rmse=0.477681 q_change=57 q_delta=0.406872 q_grad=0.001085
epoch=19 loss_total=0.744923 loss_rec=0.637972 valid_auc=0.671942 valid_rmse=0.477292 q_change=57 q_delta=0.408572 q_grad=0.001173
epoch=20 loss_total=0.743615 loss_rec=0.637554 valid_auc=0.675011 valid_rmse=0.475923 q_change=57 q_delta=0.410178 q_grad=0.001284
epoch=21 loss_total=0.740037 loss_rec=0.634822 valid_auc=0.675424 valid_rmse=0.476767 q_change=57 q_delta=0.411236 q_grad=0.001248
epoch=22 loss_total=0.738869 loss_rec=0.634296 valid_auc=0.677355 valid_rmse=0.475549 q_change=57 q_delta=0.412265 q_grad=0.001376
epoch=23 loss_total=0.735601 loss_rec=0.631613 valid_auc=0.676049 valid_rmse=0.475303 q_change=57 q_delta=0.413347 q_grad=0.001400
epoch=24 loss_total=0.730870 loss_rec=0.627450 valid_auc=0.676138 valid_rmse=0.475896 q_change=57 q_delta=0.414141 q_grad=0.001468
epoch=25 loss_total=0.733493 loss_rec=0.630531 valid_auc=0.677199 valid_rmse=0.475637 q_change=57 q_delta=0.414739 q_grad=0.001614
epoch=26 loss_total=0.731198 loss_rec=0.628623 valid_auc=0.678147 valid_rmse=0.476227 q_change=57 q_delta=0.415282 q_grad=0.001623
epoch=27 loss_total=0.728979 loss_rec=0.626653 valid_auc=0.681250 valid_rmse=0.475614 q_change=57 q_delta=0.415571 q_grad=0.001639
epoch=28 loss_total=0.729948 loss_rec=0.627867 valid_auc=0.680737 valid_rmse=0.475098 q_change=57 q_delta=0.416001 q_grad=0.001740
epoch=29 loss_total=0.726286 loss_rec=0.624383 valid_auc=0.682746 valid_rmse=0.474700 q_change=57 q_delta=0.416109 q_grad=0.001805
epoch=30 loss_total=0.726933 loss_rec=0.625163 valid_auc=0.683203 valid_rmse=0.475215 q_change=57 q_delta=0.416024 q_grad=0.001794
epoch=31 loss_total=0.722996 loss_rec=0.621225 valid_auc=0.684007 valid_rmse=0.474359 q_change=56 q_delta=0.416331 q_grad=0.001842
epoch=32 loss_total=0.723827 loss_rec=0.622196 valid_auc=0.685893 valid_rmse=0.475007 q_change=56 q_delta=0.417115 q_grad=0.001911
epoch=33 loss_total=0.722077 loss_rec=0.620564 valid_auc=0.683058 valid_rmse=0.474040 q_change=56 q_delta=0.418084 q_grad=0.001894
epoch=34 loss_total=0.721327 loss_rec=0.620023 valid_auc=0.681004 valid_rmse=0.474084 q_change=56 q_delta=0.418587 q_grad=0.001928
epoch=35 loss_total=0.722420 loss_rec=0.621295 valid_auc=0.683973 valid_rmse=0.473416 q_change=56 q_delta=0.419113 q_grad=0.001916
epoch=36 loss_total=0.719167 loss_rec=0.618220 valid_auc=0.685569 valid_rmse=0.474043 q_change=56 q_delta=0.419341 q_grad=0.001955
epoch=37 loss_total=0.713409 loss_rec=0.612590 valid_auc=0.686049 valid_rmse=0.473863 q_change=56 q_delta=0.419692 q_grad=0.001984
epoch=38 loss_total=0.713304 loss_rec=0.612692 valid_auc=0.683594 valid_rmse=0.476276 q_change=56 q_delta=0.420037 q_grad=0.002106
epoch=39 loss_total=0.716347 loss_rec=0.615899 valid_auc=0.684676 valid_rmse=0.473579 q_change=56 q_delta=0.420511 q_grad=0.002038
epoch=40 loss_total=0.712634 loss_rec=0.612360 valid_auc=0.684118 valid_rmse=0.474036 q_change=56 q_delta=0.420698 q_grad=0.002086
epoch=41 loss_total=0.708580 loss_rec=0.608465 valid_auc=0.686641 valid_rmse=0.474078 q_change=56 q_delta=0.420927 q_grad=0.002093
epoch=42 loss_total=0.712739 loss_rec=0.612749 valid_auc=0.682913 valid_rmse=0.474713 q_change=56 q_delta=0.421182 q_grad=0.002154
epoch=43 loss_total=0.708710 loss_rec=0.608793 valid_auc=0.685480 valid_rmse=0.473925 q_change=56 q_delta=0.421235 q_grad=0.002090
epoch=44 loss_total=0.709545 loss_rec=0.609777 valid_auc=0.685290 valid_rmse=0.474161 q_change=56 q_delta=0.421452 q_grad=0.002168
epoch=45 loss_total=0.707026 loss_rec=0.607353 valid_auc=0.686328 valid_rmse=0.476252 q_change=56 q_delta=0.421427 q_grad=0.002190
epoch=46 loss_total=0.708195 loss_rec=0.608582 valid_auc=0.687511 valid_rmse=0.472817 q_change=56 q_delta=0.421648 q_grad=0.002125
epoch=47 loss_total=0.705413 loss_rec=0.605890 valid_auc=0.689531 valid_rmse=0.473168 q_change=56 q_delta=0.421581 q_grad=0.002153
epoch=48 loss_total=0.705619 loss_rec=0.606121 valid_auc=0.688382 valid_rmse=0.472590 q_change=56 q_delta=0.421665 q_grad=0.002205
epoch=49 loss_total=0.703252 loss_rec=0.603791 valid_auc=0.689922 valid_rmse=0.472342 q_change=55 q_delta=0.421542 q_grad=0.002222
epoch=50 loss_total=0.699312 loss_rec=0.599862 valid_auc=0.688259 valid_rmse=0.473318 q_change=55 q_delta=0.421625 q_grad=0.002121
epoch=51 loss_total=0.699161 loss_rec=0.599782 valid_auc=0.691172 valid_rmse=0.473433 q_change=55 q_delta=0.421837 q_grad=0.002247
epoch=52 loss_total=0.699844 loss_rec=0.600495 valid_auc=0.690424 valid_rmse=0.472460 q_change=55 q_delta=0.422265 q_grad=0.002270
epoch=53 loss_total=0.701661 loss_rec=0.602347 valid_auc=0.693739 valid_rmse=0.471459 q_change=55 q_delta=0.422539 q_grad=0.002257
epoch=54 loss_total=0.693418 loss_rec=0.594185 valid_auc=0.692210 valid_rmse=0.472935 q_change=55 q_delta=0.422819 q_grad=0.002219
epoch=55 loss_total=0.692930 loss_rec=0.593802 valid_auc=0.696071 valid_rmse=0.470995 q_change=55 q_delta=0.423053 q_grad=0.002264
epoch=56 loss_total=0.693785 loss_rec=0.594715 valid_auc=0.693292 valid_rmse=0.471551 q_change=55 q_delta=0.423296 q_grad=0.002311
epoch=57 loss_total=0.692100 loss_rec=0.593095 valid_auc=0.695335 valid_rmse=0.472432 q_change=54 q_delta=0.423358 q_grad=0.002392
epoch=58 loss_total=0.688490 loss_rec=0.589540 valid_auc=0.693538 valid_rmse=0.473160 q_change=54 q_delta=0.423557 q_grad=0.002345
epoch=59 loss_total=0.688187 loss_rec=0.589365 valid_auc=0.693728 valid_rmse=0.471456 q_change=54 q_delta=0.423851 q_grad=0.002338
epoch=60 loss_total=0.687242 loss_rec=0.588489 valid_auc=0.693850 valid_rmse=0.472549 q_change=54 q_delta=0.423947 q_grad=0.002405
epoch=61 loss_total=0.685492 loss_rec=0.586791 valid_auc=0.694431 valid_rmse=0.472233 q_change=54 q_delta=0.424119 q_grad=0.002444
epoch=62 loss_total=0.682819 loss_rec=0.584212 valid_auc=0.692723 valid_rmse=0.472108 q_change=54 q_delta=0.424354 q_grad=0.002421
epoch=63 loss_total=0.684117 loss_rec=0.585545 valid_auc=0.691440 valid_rmse=0.473046 q_change=54 q_delta=0.424434 q_grad=0.002462
epoch=64 loss_total=0.685937 loss_rec=0.587433 valid_auc=0.695346 valid_rmse=0.474233 q_change=53 q_delta=0.424489 q_grad=0.002552
epoch=65 loss_total=0.679630 loss_rec=0.581164 valid_auc=0.691685 valid_rmse=0.472920 q_change=53 q_delta=0.424821 q_grad=0.002447
epoch=66 loss_total=0.679786 loss_rec=0.581383 valid_auc=0.691730 valid_rmse=0.473336 q_change=53 q_delta=0.424901 q_grad=0.002615
epoch=67 loss_total=0.682121 loss_rec=0.583777 valid_auc=0.690396 valid_rmse=0.474507 q_change=53 q_delta=0.425038 q_grad=0.002618
epoch=68 loss_total=0.677273 loss_rec=0.578994 valid_auc=0.691138 valid_rmse=0.475603 q_change=53 q_delta=0.425159 q_grad=0.002636
epoch=69 loss_total=0.673663 loss_rec=0.575436 valid_auc=0.693850 valid_rmse=0.480217 q_change=53 q_delta=0.425242 q_grad=0.002745
epoch=70 loss_total=0.672937 loss_rec=0.574759 valid_auc=0.689386 valid_rmse=0.474116 q_change=53 q_delta=0.425672 q_grad=0.002758
epoch=71 loss_total=0.674730 loss_rec=0.576642 valid_auc=0.689520 valid_rmse=0.474421 q_change=53 q_delta=0.425857 q_grad=0.002765
epoch=72 loss_total=0.673420 loss_rec=0.575355 valid_auc=0.689241 valid_rmse=0.474945 q_change=53 q_delta=0.425994 q_grad=0.002802
epoch=73 loss_total=0.669051 loss_rec=0.571072 valid_auc=0.686384 valid_rmse=0.475835 q_change=53 q_delta=0.426159 q_grad=0.002863
epoch=74 loss_total=0.673397 loss_rec=0.575456 valid_auc=0.689241 valid_rmse=0.475941 q_change=53 q_delta=0.426317 q_grad=0.002829
epoch=75 loss_total=0.671017 loss_rec=0.573105 valid_auc=0.686272 valid_rmse=0.482170 q_change=53 q_delta=0.426293 q_grad=0.002839
Early stopping at epoch 75; best_epoch=55.
Saved run to C:\Users\YAN_SHU_YU\Desktop\Generative-CD\Q_GNCDM\results\weak_q_lambda_sweep\lq_0p3_ls_0p4_lb_0p5\seed_2026\noise_0.20\weak-q_lq_0p3_ls_0p4_lb_0p5
Final metrics: q_hat_f1=0.068966 response_auc=0.687581 mastery_pearson=0.335799
