run=weak-q_lq_0p05_ls_0p7_lb_0p05 mode=weak-q noise=0.20 train=4200 valid=600 test=1200
epoch=1 loss_total=1.041922 loss_rec=0.725664 valid_auc=0.587573 valid_rmse=0.499757 q_change=57 q_delta=0.079204 q_grad=0.000703
epoch=2 loss_total=0.969255 loss_rec=0.705975 valid_auc=0.593672 valid_rmse=0.499341 q_change=57 q_delta=0.149824 q_grad=0.000642
epoch=3 loss_total=0.917710 loss_rec=0.700175 valid_auc=0.605603 valid_rmse=0.498629 q_change=57 q_delta=0.209205 q_grad=0.000575
epoch=4 loss_total=0.873905 loss_rec=0.694182 valid_auc=0.622768 valid_rmse=0.498077 q_change=57 q_delta=0.257251 q_grad=0.000504
epoch=5 loss_total=0.844257 loss_rec=0.694384 valid_auc=0.642902 valid_rmse=0.496443 q_change=57 q_delta=0.294669 q_grad=0.000437
epoch=6 loss_total=0.816996 loss_rec=0.690207 valid_auc=0.657969 valid_rmse=0.495731 q_change=57 q_delta=0.323150 q_grad=0.000384
epoch=7 loss_total=0.792617 loss_rec=0.683320 valid_auc=0.658504 valid_rmse=0.493915 q_change=57 q_delta=0.344469 q_grad=0.000355
epoch=8 loss_total=0.773351 loss_rec=0.676762 valid_auc=0.654174 valid_rmse=0.490246 q_change=57 q_delta=0.359368 q_grad=0.000372
epoch=9 loss_total=0.754438 loss_rec=0.666678 valid_auc=0.659275 valid_rmse=0.483455 q_change=57 q_delta=0.370129 q_grad=0.000466
epoch=10 loss_total=0.744205 loss_rec=0.663243 valid_auc=0.660167 valid_rmse=0.482166 q_change=57 q_delta=0.378464 q_grad=0.000562
epoch=11 loss_total=0.734828 loss_rec=0.659066 valid_auc=0.660982 valid_rmse=0.481051 q_change=57 q_delta=0.385684 q_grad=0.000670
epoch=12 loss_total=0.721253 loss_rec=0.650229 valid_auc=0.664464 valid_rmse=0.481704 q_change=57 q_delta=0.391624 q_grad=0.000736
epoch=13 loss_total=0.715536 loss_rec=0.648478 valid_auc=0.666417 valid_rmse=0.478552 q_change=57 q_delta=0.396771 q_grad=0.000755
epoch=14 loss_total=0.711574 loss_rec=0.647599 valid_auc=0.668393 valid_rmse=0.479923 q_change=57 q_delta=0.400633 q_grad=0.000843
epoch=15 loss_total=0.707684 loss_rec=0.646371 valid_auc=0.666730 valid_rmse=0.478288 q_change=57 q_delta=0.404368 q_grad=0.000897
epoch=16 loss_total=0.706176 loss_rec=0.647068 valid_auc=0.668125 valid_rmse=0.478195 q_change=57 q_delta=0.407199 q_grad=0.000992
epoch=17 loss_total=0.703608 loss_rec=0.646496 valid_auc=0.670212 valid_rmse=0.478642 q_change=57 q_delta=0.409706 q_grad=0.000973
epoch=18 loss_total=0.696819 loss_rec=0.641364 valid_auc=0.670837 valid_rmse=0.477828 q_change=57 q_delta=0.412004 q_grad=0.001014
epoch=19 loss_total=0.693903 loss_rec=0.639972 valid_auc=0.670681 valid_rmse=0.477704 q_change=57 q_delta=0.413973 q_grad=0.001094
epoch=20 loss_total=0.692541 loss_rec=0.639855 valid_auc=0.674241 valid_rmse=0.476264 q_change=57 q_delta=0.415829 q_grad=0.001194
epoch=21 loss_total=0.688566 loss_rec=0.637078 valid_auc=0.675022 valid_rmse=0.477175 q_change=57 q_delta=0.417143 q_grad=0.001154
epoch=22 loss_total=0.687451 loss_rec=0.636885 valid_auc=0.676551 valid_rmse=0.475929 q_change=57 q_delta=0.418423 q_grad=0.001269
epoch=23 loss_total=0.683816 loss_rec=0.634117 valid_auc=0.675737 valid_rmse=0.475556 q_change=57 q_delta=0.419720 q_grad=0.001288
epoch=24 loss_total=0.679193 loss_rec=0.630309 valid_auc=0.675759 valid_rmse=0.476011 q_change=57 q_delta=0.420730 q_grad=0.001347
epoch=25 loss_total=0.681761 loss_rec=0.633543 valid_auc=0.676283 valid_rmse=0.475717 q_change=57 q_delta=0.421532 q_grad=0.001478
epoch=26 loss_total=0.679145 loss_rec=0.631520 valid_auc=0.677366 valid_rmse=0.476503 q_change=57 q_delta=0.422299 q_grad=0.001491
epoch=27 loss_total=0.676773 loss_rec=0.629593 valid_auc=0.680112 valid_rmse=0.476015 q_change=57 q_delta=0.422865 q_grad=0.001505
epoch=28 loss_total=0.678177 loss_rec=0.631454 valid_auc=0.680000 valid_rmse=0.475164 q_change=57 q_delta=0.423589 q_grad=0.001594
epoch=29 loss_total=0.674508 loss_rec=0.628182 valid_auc=0.681205 valid_rmse=0.474985 q_change=57 q_delta=0.424091 q_grad=0.001658
epoch=30 loss_total=0.675465 loss_rec=0.629504 valid_auc=0.681049 valid_rmse=0.475320 q_change=57 q_delta=0.424480 q_grad=0.001646
epoch=31 loss_total=0.671886 loss_rec=0.626095 valid_auc=0.682801 valid_rmse=0.474753 q_change=57 q_delta=0.424785 q_grad=0.001694
epoch=32 loss_total=0.673625 loss_rec=0.628066 valid_auc=0.684810 valid_rmse=0.475574 q_change=57 q_delta=0.424946 q_grad=0.001764
epoch=33 loss_total=0.672232 loss_rec=0.626766 valid_auc=0.682723 valid_rmse=0.474058 q_change=57 q_delta=0.425353 q_grad=0.001747
epoch=34 loss_total=0.671289 loss_rec=0.625971 valid_auc=0.681987 valid_rmse=0.473854 q_change=57 q_delta=0.425399 q_grad=0.001775
epoch=35 loss_total=0.672439 loss_rec=0.627146 valid_auc=0.684676 valid_rmse=0.473131 q_change=57 q_delta=0.425413 q_grad=0.001764
epoch=36 loss_total=0.669013 loss_rec=0.623689 valid_auc=0.686339 valid_rmse=0.473866 q_change=56 q_delta=0.425246 q_grad=0.001803
epoch=37 loss_total=0.663039 loss_rec=0.617691 valid_auc=0.687154 valid_rmse=0.473299 q_change=56 q_delta=0.425985 q_grad=0.001831
epoch=38 loss_total=0.662428 loss_rec=0.617132 valid_auc=0.685123 valid_rmse=0.475796 q_change=56 q_delta=0.426617 q_grad=0.001946
epoch=39 loss_total=0.665641 loss_rec=0.620481 valid_auc=0.686150 valid_rmse=0.473126 q_change=56 q_delta=0.427345 q_grad=0.001883
epoch=40 loss_total=0.661657 loss_rec=0.616626 valid_auc=0.686138 valid_rmse=0.473318 q_change=56 q_delta=0.427811 q_grad=0.001920
epoch=41 loss_total=0.657395 loss_rec=0.612507 valid_auc=0.688672 valid_rmse=0.473466 q_change=56 q_delta=0.428240 q_grad=0.001938
epoch=42 loss_total=0.661936 loss_rec=0.617192 valid_auc=0.684509 valid_rmse=0.473932 q_change=56 q_delta=0.428723 q_grad=0.001989
epoch=43 loss_total=0.657858 loss_rec=0.613213 valid_auc=0.687444 valid_rmse=0.473065 q_change=56 q_delta=0.428929 q_grad=0.001926
epoch=44 loss_total=0.658990 loss_rec=0.614517 valid_auc=0.687009 valid_rmse=0.473376 q_change=56 q_delta=0.429375 q_grad=0.002002
epoch=45 loss_total=0.656348 loss_rec=0.612032 valid_auc=0.688248 valid_rmse=0.475650 q_change=56 q_delta=0.429545 q_grad=0.002026
epoch=46 loss_total=0.657713 loss_rec=0.613497 valid_auc=0.689632 valid_rmse=0.471892 q_change=56 q_delta=0.429950 q_grad=0.001976
epoch=47 loss_total=0.655087 loss_rec=0.611024 valid_auc=0.691797 valid_rmse=0.472150 q_change=56 q_delta=0.430113 q_grad=0.001998
epoch=48 loss_total=0.655548 loss_rec=0.611557 valid_auc=0.690424 valid_rmse=0.471569 q_change=56 q_delta=0.430361 q_grad=0.002033
epoch=49 loss_total=0.653582 loss_rec=0.609630 valid_auc=0.690926 valid_rmse=0.471606 q_change=56 q_delta=0.430465 q_grad=0.002057
epoch=50 loss_total=0.649976 loss_rec=0.606075 valid_auc=0.688705 valid_rmse=0.472360 q_change=56 q_delta=0.430560 q_grad=0.001960
epoch=51 loss_total=0.650223 loss_rec=0.606389 valid_auc=0.691987 valid_rmse=0.473037 q_change=56 q_delta=0.430554 q_grad=0.002092
epoch=52 loss_total=0.651470 loss_rec=0.607627 valid_auc=0.689844 valid_rmse=0.471847 q_change=56 q_delta=0.430671 q_grad=0.002098
epoch=53 loss_total=0.653035 loss_rec=0.609187 valid_auc=0.692411 valid_rmse=0.471109 q_change=56 q_delta=0.430716 q_grad=0.002079
epoch=54 loss_total=0.645395 loss_rec=0.601554 valid_auc=0.691641 valid_rmse=0.472462 q_change=56 q_delta=0.430636 q_grad=0.002047
epoch=55 loss_total=0.645014 loss_rec=0.601124 valid_auc=0.694900 valid_rmse=0.471117 q_change=55 q_delta=0.430629 q_grad=0.002090
epoch=56 loss_total=0.646448 loss_rec=0.602554 valid_auc=0.692377 valid_rmse=0.471353 q_change=55 q_delta=0.430826 q_grad=0.002126
epoch=57 loss_total=0.644632 loss_rec=0.600695 valid_auc=0.694397 valid_rmse=0.473117 q_change=55 q_delta=0.431145 q_grad=0.002179
epoch=58 loss_total=0.641229 loss_rec=0.597232 valid_auc=0.692768 valid_rmse=0.473153 q_change=55 q_delta=0.431558 q_grad=0.002133
epoch=59 loss_total=0.640736 loss_rec=0.596846 valid_auc=0.692020 valid_rmse=0.471609 q_change=54 q_delta=0.432051 q_grad=0.002126
epoch=60 loss_total=0.639795 loss_rec=0.595925 valid_auc=0.693337 valid_rmse=0.472726 q_change=54 q_delta=0.432315 q_grad=0.002160
epoch=61 loss_total=0.638907 loss_rec=0.595050 valid_auc=0.693638 valid_rmse=0.472417 q_change=54 q_delta=0.432695 q_grad=0.002201
epoch=62 loss_total=0.636823 loss_rec=0.593019 valid_auc=0.693047 valid_rmse=0.471683 q_change=54 q_delta=0.433054 q_grad=0.002144
epoch=63 loss_total=0.637746 loss_rec=0.593938 valid_auc=0.690882 valid_rmse=0.473028 q_change=54 q_delta=0.433290 q_grad=0.002178
epoch=64 loss_total=0.640721 loss_rec=0.597006 valid_auc=0.694844 valid_rmse=0.474243 q_change=54 q_delta=0.433587 q_grad=0.002231
epoch=65 loss_total=0.634389 loss_rec=0.590690 valid_auc=0.692600 valid_rmse=0.472027 q_change=54 q_delta=0.434008 q_grad=0.002123
epoch=66 loss_total=0.634783 loss_rec=0.591149 valid_auc=0.693337 valid_rmse=0.472792 q_change=54 q_delta=0.434237 q_grad=0.002263
epoch=67 loss_total=0.637251 loss_rec=0.593658 valid_auc=0.691328 valid_rmse=0.473965 q_change=54 q_delta=0.434490 q_grad=0.002239
epoch=68 loss_total=0.633125 loss_rec=0.589595 valid_auc=0.692344 valid_rmse=0.474706 q_change=54 q_delta=0.434709 q_grad=0.002243
epoch=69 loss_total=0.629617 loss_rec=0.586148 valid_auc=0.695301 valid_rmse=0.479768 q_change=54 q_delta=0.434792 q_grad=0.002325
epoch=70 loss_total=0.629272 loss_rec=0.585826 valid_auc=0.691267 valid_rmse=0.473027 q_change=54 q_delta=0.435169 q_grad=0.002321
epoch=71 loss_total=0.631569 loss_rec=0.588183 valid_auc=0.691395 valid_rmse=0.473371 q_change=54 q_delta=0.435350 q_grad=0.002323
epoch=72 loss_total=0.630169 loss_rec=0.586825 valid_auc=0.689877 valid_rmse=0.473912 q_change=54 q_delta=0.435545 q_grad=0.002339
epoch=73 loss_total=0.626782 loss_rec=0.583561 valid_auc=0.687623 valid_rmse=0.474248 q_change=54 q_delta=0.435769 q_grad=0.002395
epoch=74 loss_total=0.630703 loss_rec=0.587529 valid_auc=0.689241 valid_rmse=0.474893 q_change=54 q_delta=0.435894 q_grad=0.002336
epoch=75 loss_total=0.628692 loss_rec=0.585511 valid_auc=0.687121 valid_rmse=0.481110 q_change=54 q_delta=0.435909 q_grad=0.002349
epoch=76 loss_total=0.628808 loss_rec=0.585637 valid_auc=0.686339 valid_rmse=0.474198 q_change=54 q_delta=0.436195 q_grad=0.002329
epoch=77 loss_total=0.622720 loss_rec=0.579589 valid_auc=0.687009 valid_rmse=0.477929 q_change=54 q_delta=0.436153 q_grad=0.002341
epoch=78 loss_total=0.623243 loss_rec=0.580137 valid_auc=0.687121 valid_rmse=0.476153 q_change=54 q_delta=0.436292 q_grad=0.002512
epoch=79 loss_total=0.622617 loss_rec=0.579595 valid_auc=0.686429 valid_rmse=0.475359 q_change=54 q_delta=0.436464 q_grad=0.002567
epoch=80 loss_total=0.623065 loss_rec=0.580055 valid_auc=0.686127 valid_rmse=0.475083 q_change=54 q_delta=0.436513 q_grad=0.002485
epoch=81 loss_total=0.619152 loss_rec=0.576197 valid_auc=0.686886 valid_rmse=0.477420 q_change=54 q_delta=0.436625 q_grad=0.002532
epoch=82 loss_total=0.619262 loss_rec=0.576349 valid_auc=0.685804 valid_rmse=0.476590 q_change=54 q_delta=0.436700 q_grad=0.002587
epoch=83 loss_total=0.618361 loss_rec=0.575505 valid_auc=0.685781 valid_rmse=0.480686 q_change=54 q_delta=0.436734 q_grad=0.002547
epoch=84 loss_total=0.619019 loss_rec=0.576181 valid_auc=0.686250 valid_rmse=0.477270 q_change=54 q_delta=0.436942 q_grad=0.002655
epoch=85 loss_total=0.620283 loss_rec=0.577481 valid_auc=0.685982 valid_rmse=0.481003 q_change=54 q_delta=0.436864 q_grad=0.002678
epoch=86 loss_total=0.621940 loss_rec=0.579150 valid_auc=0.684152 valid_rmse=0.477939 q_change=54 q_delta=0.437015 q_grad=0.002651
epoch=87 loss_total=0.616129 loss_rec=0.573401 valid_auc=0.682467 valid_rmse=0.478637 q_change=54 q_delta=0.437082 q_grad=0.002577
epoch=88 loss_total=0.609745 loss_rec=0.567039 valid_auc=0.682321 valid_rmse=0.478441 q_change=54 q_delta=0.437198 q_grad=0.002680
epoch=89 loss_total=0.611488 loss_rec=0.568839 valid_auc=0.681864 valid_rmse=0.484376 q_change=54 q_delta=0.437184 q_grad=0.002737
Early stopping at epoch 89; best_epoch=69.
Saved run to C:\Users\YAN_SHU_YU\Desktop\Generative-CD\Q_GNCDM\results\weak_q_lambda_sweep\lq_0p05_ls_0p7_lb_0p05\seed_2026\noise_0.20\weak-q_lq_0p05_ls_0p7_lb_0p05
Final metrics: q_hat_f1=0.101695 response_auc=0.685490 mastery_pearson=0.311234
