run=weak-q_lq_0p4_ls_0p8_lb_0p6 mode=weak-q noise=0.20 train=4200 valid=600 test=1200
epoch=1 loss_total=1.219796 loss_rec=0.725668 valid_auc=0.587511 valid_rmse=0.499760 q_change=57 q_delta=0.079769 q_grad=0.000849
epoch=2 loss_total=1.134211 loss_rec=0.706031 valid_auc=0.593092 valid_rmse=0.499369 q_change=57 q_delta=0.152233 q_grad=0.000805
epoch=3 loss_total=1.068836 loss_rec=0.700360 valid_auc=0.603683 valid_rmse=0.498720 q_change=57 q_delta=0.213884 q_grad=0.000740
epoch=4 loss_total=1.012104 loss_rec=0.694602 valid_auc=0.619587 valid_rmse=0.498295 q_change=57 q_delta=0.263864 q_grad=0.000659
epoch=5 loss_total=0.971494 loss_rec=0.695183 valid_auc=0.639074 valid_rmse=0.496887 q_change=57 q_delta=0.302797 q_grad=0.000572
epoch=6 loss_total=0.935704 loss_rec=0.691792 valid_auc=0.654637 valid_rmse=0.496657 q_change=57 q_delta=0.332541 q_grad=0.000493
epoch=7 loss_total=0.905544 loss_rec=0.686679 valid_auc=0.656551 valid_rmse=0.495891 q_change=57 q_delta=0.355172 q_grad=0.000430
epoch=8 loss_total=0.883390 loss_rec=0.683582 valid_auc=0.650558 valid_rmse=0.494251 q_change=57 q_delta=0.371982 q_grad=0.000385
epoch=9 loss_total=0.864186 loss_rec=0.678568 valid_auc=0.652958 valid_rmse=0.489436 q_change=57 q_delta=0.384536 q_grad=0.000391
epoch=10 loss_total=0.850071 loss_rec=0.675131 valid_auc=0.655737 valid_rmse=0.486902 q_change=57 q_delta=0.393576 q_grad=0.000426
epoch=11 loss_total=0.835883 loss_rec=0.668617 valid_auc=0.655190 valid_rmse=0.484360 q_change=57 q_delta=0.400740 q_grad=0.000512
epoch=12 loss_total=0.818709 loss_rec=0.658081 valid_auc=0.658125 valid_rmse=0.484738 q_change=57 q_delta=0.406824 q_grad=0.000589
epoch=13 loss_total=0.810663 loss_rec=0.655811 valid_auc=0.659710 valid_rmse=0.480941 q_change=57 q_delta=0.412115 q_grad=0.000608
epoch=14 loss_total=0.804437 loss_rec=0.654189 valid_auc=0.663047 valid_rmse=0.482210 q_change=57 q_delta=0.416282 q_grad=0.000674
epoch=15 loss_total=0.799561 loss_rec=0.653334 valid_auc=0.660603 valid_rmse=0.480626 q_change=57 q_delta=0.420162 q_grad=0.000706
epoch=16 loss_total=0.796459 loss_rec=0.653556 valid_auc=0.661797 valid_rmse=0.480708 q_change=57 q_delta=0.423234 q_grad=0.000769
epoch=17 loss_total=0.793839 loss_rec=0.653955 valid_auc=0.663940 valid_rmse=0.481330 q_change=57 q_delta=0.425952 q_grad=0.000743
epoch=18 loss_total=0.786535 loss_rec=0.649234 valid_auc=0.665268 valid_rmse=0.480693 q_change=57 q_delta=0.428420 q_grad=0.000759
epoch=19 loss_total=0.782713 loss_rec=0.647683 valid_auc=0.665089 valid_rmse=0.480581 q_change=57 q_delta=0.430519 q_grad=0.000802
epoch=20 loss_total=0.781345 loss_rec=0.648253 valid_auc=0.668471 valid_rmse=0.479192 q_change=57 q_delta=0.432493 q_grad=0.000868
epoch=21 loss_total=0.777079 loss_rec=0.645849 valid_auc=0.667433 valid_rmse=0.480121 q_change=57 q_delta=0.434027 q_grad=0.000822
epoch=22 loss_total=0.776325 loss_rec=0.646614 valid_auc=0.667266 valid_rmse=0.479074 q_change=57 q_delta=0.435523 q_grad=0.000884
epoch=23 loss_total=0.772144 loss_rec=0.643862 valid_auc=0.665859 valid_rmse=0.478901 q_change=57 q_delta=0.436948 q_grad=0.000889
epoch=24 loss_total=0.767764 loss_rec=0.640824 valid_auc=0.667199 valid_rmse=0.479354 q_change=57 q_delta=0.438118 q_grad=0.000919
epoch=25 loss_total=0.769939 loss_rec=0.644104 valid_auc=0.666395 valid_rmse=0.478817 q_change=57 q_delta=0.439148 q_grad=0.000991
epoch=26 loss_total=0.767315 loss_rec=0.642515 valid_auc=0.666306 valid_rmse=0.479287 q_change=57 q_delta=0.440109 q_grad=0.001000
epoch=27 loss_total=0.765300 loss_rec=0.641380 valid_auc=0.667779 valid_rmse=0.478728 q_change=57 q_delta=0.440967 q_grad=0.001001
epoch=28 loss_total=0.765727 loss_rec=0.642662 valid_auc=0.668817 valid_rmse=0.478132 q_change=57 q_delta=0.441785 q_grad=0.001042
epoch=29 loss_total=0.763058 loss_rec=0.640759 valid_auc=0.670140 valid_rmse=0.478028 q_change=57 q_delta=0.442504 q_grad=0.001088
epoch=30 loss_total=0.763956 loss_rec=0.642353 valid_auc=0.670915 valid_rmse=0.478432 q_change=57 q_delta=0.443094 q_grad=0.001087
epoch=31 loss_total=0.760186 loss_rec=0.639145 valid_auc=0.670603 valid_rmse=0.477548 q_change=57 q_delta=0.443745 q_grad=0.001112
epoch=32 loss_total=0.762023 loss_rec=0.641578 valid_auc=0.671864 valid_rmse=0.478239 q_change=57 q_delta=0.444210 q_grad=0.001160
epoch=33 loss_total=0.760788 loss_rec=0.640787 valid_auc=0.670937 valid_rmse=0.477009 q_change=57 q_delta=0.444860 q_grad=0.001154
epoch=34 loss_total=0.759777 loss_rec=0.640316 valid_auc=0.670402 valid_rmse=0.476703 q_change=57 q_delta=0.445248 q_grad=0.001180
epoch=35 loss_total=0.761434 loss_rec=0.642405 valid_auc=0.671741 valid_rmse=0.476305 q_change=57 q_delta=0.445649 q_grad=0.001178
epoch=36 loss_total=0.757949 loss_rec=0.639299 valid_auc=0.672801 valid_rmse=0.477504 q_change=57 q_delta=0.445944 q_grad=0.001223
epoch=37 loss_total=0.753651 loss_rec=0.635367 valid_auc=0.674241 valid_rmse=0.476581 q_change=57 q_delta=0.446306 q_grad=0.001252
epoch=38 loss_total=0.752412 loss_rec=0.634438 valid_auc=0.674821 valid_rmse=0.477591 q_change=57 q_delta=0.446591 q_grad=0.001344
epoch=39 loss_total=0.755834 loss_rec=0.638188 valid_auc=0.674330 valid_rmse=0.475963 q_change=57 q_delta=0.447010 q_grad=0.001327
epoch=40 loss_total=0.752395 loss_rec=0.635081 valid_auc=0.674933 valid_rmse=0.476208 q_change=57 q_delta=0.447249 q_grad=0.001373
epoch=41 loss_total=0.748743 loss_rec=0.631687 valid_auc=0.677299 valid_rmse=0.476278 q_change=57 q_delta=0.447453 q_grad=0.001389
epoch=42 loss_total=0.753286 loss_rec=0.636446 valid_auc=0.673638 valid_rmse=0.476574 q_change=57 q_delta=0.447703 q_grad=0.001443
epoch=43 loss_total=0.749968 loss_rec=0.633312 valid_auc=0.674453 valid_rmse=0.476212 q_change=57 q_delta=0.447846 q_grad=0.001417
epoch=44 loss_total=0.750403 loss_rec=0.633932 valid_auc=0.675134 valid_rmse=0.476459 q_change=57 q_delta=0.448048 q_grad=0.001483
epoch=45 loss_total=0.748147 loss_rec=0.631859 valid_auc=0.677377 valid_rmse=0.477609 q_change=57 q_delta=0.448141 q_grad=0.001529
epoch=46 loss_total=0.750028 loss_rec=0.633847 valid_auc=0.678728 valid_rmse=0.474842 q_change=57 q_delta=0.448331 q_grad=0.001524
epoch=47 loss_total=0.747385 loss_rec=0.631340 valid_auc=0.679565 valid_rmse=0.475256 q_change=57 q_delta=0.448378 q_grad=0.001556
epoch=48 loss_total=0.748831 loss_rec=0.632866 valid_auc=0.681429 valid_rmse=0.474204 q_change=57 q_delta=0.448488 q_grad=0.001583
epoch=49 loss_total=0.746686 loss_rec=0.630748 valid_auc=0.681518 valid_rmse=0.474351 q_change=57 q_delta=0.448540 q_grad=0.001627
epoch=50 loss_total=0.743131 loss_rec=0.627266 valid_auc=0.680089 valid_rmse=0.474647 q_change=57 q_delta=0.448559 q_grad=0.001579
epoch=51 loss_total=0.744127 loss_rec=0.628281 valid_auc=0.681429 valid_rmse=0.476432 q_change=57 q_delta=0.448482 q_grad=0.001721
epoch=52 loss_total=0.745107 loss_rec=0.629256 valid_auc=0.681529 valid_rmse=0.474399 q_change=57 q_delta=0.448526 q_grad=0.001741
epoch=53 loss_total=0.746678 loss_rec=0.630831 valid_auc=0.683672 valid_rmse=0.473982 q_change=57 q_delta=0.448496 q_grad=0.001729
epoch=54 loss_total=0.738721 loss_rec=0.622809 valid_auc=0.683750 valid_rmse=0.474929 q_change=57 q_delta=0.448329 q_grad=0.001726
epoch=55 loss_total=0.739318 loss_rec=0.623275 valid_auc=0.686864 valid_rmse=0.473212 q_change=57 q_delta=0.448198 q_grad=0.001768
epoch=56 loss_total=0.740612 loss_rec=0.624453 valid_auc=0.685011 valid_rmse=0.473337 q_change=57 q_delta=0.448034 q_grad=0.001836
epoch=57 loss_total=0.739417 loss_rec=0.623069 valid_auc=0.686038 valid_rmse=0.475532 q_change=57 q_delta=0.447671 q_grad=0.001872
epoch=58 loss_total=0.735328 loss_rec=0.618720 valid_auc=0.685848 valid_rmse=0.474744 q_change=57 q_delta=0.447408 q_grad=0.001849
epoch=59 loss_total=0.735270 loss_rec=0.618507 valid_auc=0.686629 valid_rmse=0.472929 q_change=56 q_delta=0.447150 q_grad=0.001875
epoch=60 loss_total=0.734262 loss_rec=0.617282 valid_auc=0.690033 valid_rmse=0.472753 q_change=56 q_delta=0.447301 q_grad=0.001894
epoch=61 loss_total=0.733614 loss_rec=0.616375 valid_auc=0.688103 valid_rmse=0.473296 q_change=56 q_delta=0.447523 q_grad=0.001926
epoch=62 loss_total=0.732632 loss_rec=0.615328 valid_auc=0.687801 valid_rmse=0.472328 q_change=56 q_delta=0.447758 q_grad=0.001881
epoch=63 loss_total=0.733435 loss_rec=0.616024 valid_auc=0.687143 valid_rmse=0.472917 q_change=56 q_delta=0.447870 q_grad=0.001872
epoch=64 loss_total=0.735565 loss_rec=0.618139 valid_auc=0.690614 valid_rmse=0.474467 q_change=56 q_delta=0.448008 q_grad=0.001946
epoch=65 loss_total=0.729415 loss_rec=0.611950 valid_auc=0.689565 valid_rmse=0.471656 q_change=56 q_delta=0.448229 q_grad=0.001842
epoch=66 loss_total=0.730660 loss_rec=0.613210 valid_auc=0.692344 valid_rmse=0.472136 q_change=56 q_delta=0.448314 q_grad=0.001949
epoch=67 loss_total=0.732650 loss_rec=0.615231 valid_auc=0.688158 valid_rmse=0.473558 q_change=56 q_delta=0.448468 q_grad=0.001913
epoch=68 loss_total=0.728971 loss_rec=0.611585 valid_auc=0.691853 valid_rmse=0.473137 q_change=56 q_delta=0.448534 q_grad=0.001925
epoch=69 loss_total=0.725761 loss_rec=0.608385 valid_auc=0.694587 valid_rmse=0.478012 q_change=56 q_delta=0.448513 q_grad=0.001976
epoch=70 loss_total=0.726358 loss_rec=0.608990 valid_auc=0.691563 valid_rmse=0.471564 q_change=56 q_delta=0.448701 q_grad=0.001968
epoch=71 loss_total=0.728036 loss_rec=0.610744 valid_auc=0.692589 valid_rmse=0.471458 q_change=56 q_delta=0.448783 q_grad=0.001963
epoch=72 loss_total=0.727043 loss_rec=0.609722 valid_auc=0.691786 valid_rmse=0.472186 q_change=55 q_delta=0.448769 q_grad=0.001986
epoch=73 loss_total=0.724799 loss_rec=0.607512 valid_auc=0.689319 valid_rmse=0.472085 q_change=55 q_delta=0.448875 q_grad=0.002022
epoch=74 loss_total=0.727874 loss_rec=0.610598 valid_auc=0.691730 valid_rmse=0.472220 q_change=55 q_delta=0.448835 q_grad=0.001977
epoch=75 loss_total=0.726327 loss_rec=0.609016 valid_auc=0.691339 valid_rmse=0.476870 q_change=55 q_delta=0.448723 q_grad=0.001956
epoch=76 loss_total=0.726369 loss_rec=0.608956 valid_auc=0.690190 valid_rmse=0.471795 q_change=55 q_delta=0.448728 q_grad=0.001949
epoch=77 loss_total=0.720284 loss_rec=0.602804 valid_auc=0.690491 valid_rmse=0.474889 q_change=55 q_delta=0.448603 q_grad=0.001929
epoch=78 loss_total=0.721759 loss_rec=0.604234 valid_auc=0.691138 valid_rmse=0.472740 q_change=55 q_delta=0.448527 q_grad=0.002065
epoch=79 loss_total=0.721526 loss_rec=0.603962 valid_auc=0.690357 valid_rmse=0.472309 q_change=55 q_delta=0.448538 q_grad=0.002137
epoch=80 loss_total=0.720585 loss_rec=0.602956 valid_auc=0.692042 valid_rmse=0.471568 q_change=55 q_delta=0.448529 q_grad=0.002040
epoch=81 loss_total=0.717272 loss_rec=0.599523 valid_auc=0.692299 valid_rmse=0.472721 q_change=54 q_delta=0.448435 q_grad=0.002103
epoch=82 loss_total=0.716946 loss_rec=0.599169 valid_auc=0.691696 valid_rmse=0.472569 q_change=54 q_delta=0.448501 q_grad=0.002113
epoch=83 loss_total=0.715175 loss_rec=0.597339 valid_auc=0.693114 valid_rmse=0.475537 q_change=54 q_delta=0.448837 q_grad=0.002091
epoch=84 loss_total=0.715900 loss_rec=0.597949 valid_auc=0.693951 valid_rmse=0.472393 q_change=54 q_delta=0.449202 q_grad=0.002149
epoch=85 loss_total=0.716639 loss_rec=0.598662 valid_auc=0.692701 valid_rmse=0.476127 q_change=54 q_delta=0.449371 q_grad=0.002176
epoch=86 loss_total=0.718510 loss_rec=0.600487 valid_auc=0.692333 valid_rmse=0.473476 q_change=54 q_delta=0.449639 q_grad=0.002162
epoch=87 loss_total=0.712883 loss_rec=0.594835 valid_auc=0.691674 valid_rmse=0.473330 q_change=54 q_delta=0.449888 q_grad=0.002120
epoch=88 loss_total=0.707412 loss_rec=0.589345 valid_auc=0.690580 valid_rmse=0.473620 q_change=54 q_delta=0.450092 q_grad=0.002180
epoch=89 loss_total=0.708870 loss_rec=0.590785 valid_auc=0.692199 valid_rmse=0.478270 q_change=54 q_delta=0.450265 q_grad=0.002226
Early stopping at epoch 89; best_epoch=69.
Saved run to C:\Users\YAN_SHU_YU\Desktop\Generative-CD\Q_GNCDM\results\weak_q_lambda_sweep\lq_0p4_ls_0p8_lb_0p6\seed_2026\noise_0.20\weak-q_lq_0p4_ls_0p8_lb_0p6
Final metrics: q_hat_f1=0.035088 response_auc=0.683728 mastery_pearson=0.280374
