run=weak-q_lq_0p3_ls_0p6_lb_0p2 mode=weak-q noise=0.20 train=4200 valid=600 test=1200
epoch=1 loss_total=1.035605 loss_rec=0.725662 valid_auc=0.587656 valid_rmse=0.499755 q_change=57 q_delta=0.078751 q_grad=0.000602
epoch=2 loss_total=0.971589 loss_rec=0.705928 valid_auc=0.594275 valid_rmse=0.499316 q_change=57 q_delta=0.147914 q_grad=0.000534
epoch=3 loss_total=0.928878 loss_rec=0.700015 valid_auc=0.607455 valid_rmse=0.498543 q_change=57 q_delta=0.205435 q_grad=0.000469
epoch=4 loss_total=0.893086 loss_rec=0.693797 valid_auc=0.625781 valid_rmse=0.497864 q_change=57 q_delta=0.251766 q_grad=0.000406
epoch=5 loss_total=0.870078 loss_rec=0.693587 valid_auc=0.646244 valid_rmse=0.495976 q_change=57 q_delta=0.287595 q_grad=0.000358
epoch=6 loss_total=0.847718 loss_rec=0.688450 valid_auc=0.660876 valid_rmse=0.494649 q_change=57 q_delta=0.314400 q_grad=0.000329
epoch=7 loss_total=0.825850 loss_rec=0.679176 valid_auc=0.660647 valid_rmse=0.491403 q_change=57 q_delta=0.333636 q_grad=0.000336
epoch=8 loss_total=0.806820 loss_rec=0.668611 valid_auc=0.657746 valid_rmse=0.486069 q_change=57 q_delta=0.345983 q_grad=0.000423
epoch=9 loss_total=0.789228 loss_rec=0.656665 valid_auc=0.664263 valid_rmse=0.479973 q_change=57 q_delta=0.355446 q_grad=0.000577
epoch=10 loss_total=0.783876 loss_rec=0.656100 valid_auc=0.665206 valid_rmse=0.479882 q_change=57 q_delta=0.363200 q_grad=0.000684
epoch=11 loss_total=0.776908 loss_rec=0.652747 valid_auc=0.668147 valid_rmse=0.478588 q_change=57 q_delta=0.369771 q_grad=0.000801
epoch=12 loss_total=0.764875 loss_rec=0.643933 valid_auc=0.670859 valid_rmse=0.479309 q_change=57 q_delta=0.374886 q_grad=0.000880
epoch=13 loss_total=0.759866 loss_rec=0.641544 valid_auc=0.672143 valid_rmse=0.476392 q_change=57 q_delta=0.379407 q_grad=0.000916
epoch=14 loss_total=0.757055 loss_rec=0.640711 valid_auc=0.672679 valid_rmse=0.477713 q_change=57 q_delta=0.382505 q_grad=0.001033
epoch=15 loss_total=0.753296 loss_rec=0.638608 valid_auc=0.673527 valid_rmse=0.475907 q_change=57 q_delta=0.385652 q_grad=0.001116
epoch=16 loss_total=0.752813 loss_rec=0.639479 valid_auc=0.677266 valid_rmse=0.475660 q_change=57 q_delta=0.387811 q_grad=0.001246
epoch=17 loss_total=0.749960 loss_rec=0.637833 valid_auc=0.677969 valid_rmse=0.475795 q_change=57 q_delta=0.389755 q_grad=0.001232
epoch=18 loss_total=0.743156 loss_rec=0.631956 valid_auc=0.679621 valid_rmse=0.474929 q_change=57 q_delta=0.391484 q_grad=0.001298
epoch=19 loss_total=0.741187 loss_rec=0.630927 valid_auc=0.680123 valid_rmse=0.475318 q_change=57 q_delta=0.393004 q_grad=0.001411
epoch=20 loss_total=0.739428 loss_rec=0.629832 valid_auc=0.682857 valid_rmse=0.473581 q_change=57 q_delta=0.394333 q_grad=0.001526
epoch=21 loss_total=0.735371 loss_rec=0.626399 valid_auc=0.683036 valid_rmse=0.475058 q_change=57 q_delta=0.395056 q_grad=0.001483
epoch=22 loss_total=0.733659 loss_rec=0.625071 valid_auc=0.684821 valid_rmse=0.473657 q_change=57 q_delta=0.395653 q_grad=0.001633
epoch=23 loss_total=0.730524 loss_rec=0.622267 valid_auc=0.682478 valid_rmse=0.473405 q_change=57 q_delta=0.396435 q_grad=0.001647
epoch=24 loss_total=0.725571 loss_rec=0.617603 valid_auc=0.682154 valid_rmse=0.473860 q_change=56 q_delta=0.396995 q_grad=0.001695
epoch=25 loss_total=0.727658 loss_rec=0.619944 valid_auc=0.682857 valid_rmse=0.473844 q_change=56 q_delta=0.397968 q_grad=0.001852
epoch=26 loss_total=0.724831 loss_rec=0.617320 valid_auc=0.684565 valid_rmse=0.474700 q_change=56 q_delta=0.398910 q_grad=0.001840
epoch=27 loss_total=0.721584 loss_rec=0.614205 valid_auc=0.686451 valid_rmse=0.475013 q_change=56 q_delta=0.399582 q_grad=0.001834
epoch=28 loss_total=0.723970 loss_rec=0.616863 valid_auc=0.684554 valid_rmse=0.474286 q_change=56 q_delta=0.400633 q_grad=0.001921
epoch=29 loss_total=0.718772 loss_rec=0.611937 valid_auc=0.687411 valid_rmse=0.473469 q_change=56 q_delta=0.401299 q_grad=0.001961
epoch=30 loss_total=0.718834 loss_rec=0.612168 valid_auc=0.688940 valid_rmse=0.473648 q_change=56 q_delta=0.401720 q_grad=0.001921
epoch=31 loss_total=0.715290 loss_rec=0.608729 valid_auc=0.689844 valid_rmse=0.473551 q_change=56 q_delta=0.402200 q_grad=0.001957
epoch=32 loss_total=0.716992 loss_rec=0.610613 valid_auc=0.691384 valid_rmse=0.473713 q_change=56 q_delta=0.402570 q_grad=0.002005
epoch=33 loss_total=0.715364 loss_rec=0.609113 valid_auc=0.689141 valid_rmse=0.472144 q_change=56 q_delta=0.403244 q_grad=0.001977
epoch=34 loss_total=0.714536 loss_rec=0.608459 valid_auc=0.688326 valid_rmse=0.472143 q_change=56 q_delta=0.403574 q_grad=0.001970
epoch=35 loss_total=0.714640 loss_rec=0.608729 valid_auc=0.691998 valid_rmse=0.471234 q_change=55 q_delta=0.403892 q_grad=0.001939
epoch=36 loss_total=0.710752 loss_rec=0.604843 valid_auc=0.692801 valid_rmse=0.471952 q_change=54 q_delta=0.404059 q_grad=0.001995
epoch=37 loss_total=0.705334 loss_rec=0.599472 valid_auc=0.693147 valid_rmse=0.471976 q_change=54 q_delta=0.404657 q_grad=0.001993
epoch=38 loss_total=0.704605 loss_rec=0.598909 valid_auc=0.692511 valid_rmse=0.473844 q_change=54 q_delta=0.405274 q_grad=0.002097
epoch=39 loss_total=0.706894 loss_rec=0.601318 valid_auc=0.693895 valid_rmse=0.470872 q_change=54 q_delta=0.406081 q_grad=0.002023
epoch=40 loss_total=0.702441 loss_rec=0.597018 valid_auc=0.693538 valid_rmse=0.471349 q_change=54 q_delta=0.406711 q_grad=0.002064
epoch=41 loss_total=0.698919 loss_rec=0.593669 valid_auc=0.695458 valid_rmse=0.471673 q_change=54 q_delta=0.407314 q_grad=0.002047
epoch=42 loss_total=0.702012 loss_rec=0.596861 valid_auc=0.691786 valid_rmse=0.471882 q_change=53 q_delta=0.407959 q_grad=0.002150
epoch=43 loss_total=0.697485 loss_rec=0.592396 valid_auc=0.692355 valid_rmse=0.472285 q_change=53 q_delta=0.408381 q_grad=0.002102
epoch=44 loss_total=0.698770 loss_rec=0.593872 valid_auc=0.692478 valid_rmse=0.472628 q_change=53 q_delta=0.408927 q_grad=0.002149
epoch=45 loss_total=0.694951 loss_rec=0.590235 valid_auc=0.693359 valid_rmse=0.475211 q_change=53 q_delta=0.409326 q_grad=0.002179
epoch=46 loss_total=0.695783 loss_rec=0.591143 valid_auc=0.694431 valid_rmse=0.471026 q_change=53 q_delta=0.410174 q_grad=0.002145
epoch=47 loss_total=0.693249 loss_rec=0.588788 valid_auc=0.694710 valid_rmse=0.472390 q_change=53 q_delta=0.410623 q_grad=0.002164
epoch=48 loss_total=0.691643 loss_rec=0.587256 valid_auc=0.692991 valid_rmse=0.471976 q_change=53 q_delta=0.411103 q_grad=0.002236
epoch=49 loss_total=0.689098 loss_rec=0.584795 valid_auc=0.694275 valid_rmse=0.471844 q_change=52 q_delta=0.411441 q_grad=0.002273
epoch=50 loss_total=0.685052 loss_rec=0.580787 valid_auc=0.691864 valid_rmse=0.473128 q_change=53 q_delta=0.411797 q_grad=0.002190
epoch=51 loss_total=0.685159 loss_rec=0.580955 valid_auc=0.693504 valid_rmse=0.475085 q_change=53 q_delta=0.411961 q_grad=0.002328
epoch=52 loss_total=0.686183 loss_rec=0.582020 valid_auc=0.691696 valid_rmse=0.473040 q_change=53 q_delta=0.412310 q_grad=0.002336
epoch=53 loss_total=0.686558 loss_rec=0.582359 valid_auc=0.693739 valid_rmse=0.472700 q_change=52 q_delta=0.412424 q_grad=0.002355
epoch=54 loss_total=0.677596 loss_rec=0.573351 valid_auc=0.689386 valid_rmse=0.475090 q_change=52 q_delta=0.412888 q_grad=0.002347
epoch=55 loss_total=0.675385 loss_rec=0.571146 valid_auc=0.694520 valid_rmse=0.472650 q_change=52 q_delta=0.413469 q_grad=0.002381
epoch=56 loss_total=0.675700 loss_rec=0.571401 valid_auc=0.690937 valid_rmse=0.473800 q_change=50 q_delta=0.413938 q_grad=0.002429
epoch=57 loss_total=0.672461 loss_rec=0.568123 valid_auc=0.690781 valid_rmse=0.476350 q_change=50 q_delta=0.414295 q_grad=0.002554
epoch=58 loss_total=0.666864 loss_rec=0.562453 valid_auc=0.690045 valid_rmse=0.478388 q_change=51 q_delta=0.415114 q_grad=0.002538
epoch=59 loss_total=0.666592 loss_rec=0.562242 valid_auc=0.689665 valid_rmse=0.474471 q_change=51 q_delta=0.415967 q_grad=0.002528
epoch=60 loss_total=0.664570 loss_rec=0.560202 valid_auc=0.690937 valid_rmse=0.475822 q_change=51 q_delta=0.416481 q_grad=0.002573
epoch=61 loss_total=0.661601 loss_rec=0.557187 valid_auc=0.689710 valid_rmse=0.475446 q_change=51 q_delta=0.417112 q_grad=0.002679
Early stopping at epoch 61; best_epoch=41.
Saved run to C:\Users\YAN_SHU_YU\Desktop\Generative-CD\Q_GNCDM\results\weak_q_lambda_sweep\lq_0p3_ls_0p6_lb_0p2\seed_2026\noise_0.20\weak-q_lq_0p3_ls_0p6_lb_0p2
Final metrics: q_hat_f1=0.101695 response_auc=0.687586 mastery_pearson=0.342934
