run=weak-q_lq_0p8_ls_0p6_lb_0p8 mode=weak-q noise=0.20 train=4200 valid=600 test=1200
epoch=1 loss_total=1.182618 loss_rec=0.725663 valid_auc=0.587628 valid_rmse=0.499756 q_change=57 q_delta=0.079089 q_grad=0.000641
epoch=2 loss_total=1.114795 loss_rec=0.705961 valid_auc=0.594174 valid_rmse=0.499330 q_change=57 q_delta=0.149432 q_grad=0.000582
epoch=3 loss_total=1.067652 loss_rec=0.700125 valid_auc=0.606529 valid_rmse=0.498595 q_change=57 q_delta=0.208476 q_grad=0.000520
epoch=4 loss_total=1.027572 loss_rec=0.694064 valid_auc=0.624587 valid_rmse=0.498001 q_change=57 q_delta=0.256207 q_grad=0.000456
epoch=5 loss_total=1.000907 loss_rec=0.694144 valid_auc=0.645335 valid_rmse=0.496290 q_change=57 q_delta=0.293255 q_grad=0.000399
epoch=6 loss_total=0.975880 loss_rec=0.689697 valid_auc=0.659498 valid_rmse=0.495402 q_change=57 q_delta=0.321239 q_grad=0.000356
epoch=7 loss_total=0.952878 loss_rec=0.682142 valid_auc=0.659732 valid_rmse=0.493175 q_change=57 q_delta=0.341880 q_grad=0.000340
epoch=8 loss_total=0.934119 loss_rec=0.674345 valid_auc=0.655636 valid_rmse=0.488853 q_change=57 q_delta=0.355792 q_grad=0.000380
epoch=9 loss_total=0.915596 loss_rec=0.663249 valid_auc=0.661071 valid_rmse=0.482085 q_change=57 q_delta=0.365822 q_grad=0.000498
epoch=10 loss_total=0.907197 loss_rec=0.660720 valid_auc=0.661585 valid_rmse=0.481348 q_change=57 q_delta=0.373786 q_grad=0.000602
epoch=11 loss_total=0.898870 loss_rec=0.656906 valid_auc=0.662924 valid_rmse=0.480171 q_change=57 q_delta=0.380659 q_grad=0.000712
epoch=12 loss_total=0.885943 loss_rec=0.648053 valid_auc=0.667065 valid_rmse=0.480862 q_change=57 q_delta=0.386186 q_grad=0.000781
epoch=13 loss_total=0.880543 loss_rec=0.646049 valid_auc=0.668560 valid_rmse=0.477796 q_change=57 q_delta=0.391008 q_grad=0.000806
epoch=14 loss_total=0.876985 loss_rec=0.645090 valid_auc=0.669442 valid_rmse=0.479134 q_change=57 q_delta=0.394476 q_grad=0.000905
epoch=15 loss_total=0.873152 loss_rec=0.643476 valid_auc=0.668940 valid_rmse=0.477397 q_change=57 q_delta=0.397905 q_grad=0.000970
epoch=16 loss_total=0.872042 loss_rec=0.644203 valid_auc=0.671350 valid_rmse=0.477135 q_change=57 q_delta=0.400384 q_grad=0.001082
epoch=17 loss_total=0.869314 loss_rec=0.643109 valid_auc=0.673069 valid_rmse=0.477403 q_change=57 q_delta=0.402562 q_grad=0.001068
epoch=18 loss_total=0.862404 loss_rec=0.637507 valid_auc=0.675112 valid_rmse=0.476423 q_change=57 q_delta=0.404523 q_grad=0.001122
epoch=19 loss_total=0.859735 loss_rec=0.636071 valid_auc=0.676172 valid_rmse=0.476368 q_change=57 q_delta=0.406185 q_grad=0.001219
epoch=20 loss_total=0.858121 loss_rec=0.635419 valid_auc=0.679933 valid_rmse=0.474741 q_change=57 q_delta=0.407707 q_grad=0.001332
epoch=21 loss_total=0.854046 loss_rec=0.632248 valid_auc=0.680837 valid_rmse=0.475791 q_change=57 q_delta=0.408643 q_grad=0.001297
epoch=22 loss_total=0.852549 loss_rec=0.631393 valid_auc=0.682165 valid_rmse=0.474298 q_change=57 q_delta=0.409467 q_grad=0.001433
epoch=23 loss_total=0.848930 loss_rec=0.628325 valid_auc=0.681607 valid_rmse=0.473914 q_change=57 q_delta=0.410341 q_grad=0.001459
epoch=24 loss_total=0.843840 loss_rec=0.623735 valid_auc=0.681105 valid_rmse=0.474250 q_change=57 q_delta=0.410827 q_grad=0.001522
epoch=25 loss_total=0.846065 loss_rec=0.626300 valid_auc=0.682098 valid_rmse=0.473888 q_change=57 q_delta=0.410984 q_grad=0.001681
epoch=26 loss_total=0.842821 loss_rec=0.623270 valid_auc=0.683906 valid_rmse=0.474553 q_change=56 q_delta=0.411102 q_grad=0.001686
epoch=27 loss_total=0.839297 loss_rec=0.619820 valid_auc=0.687578 valid_rmse=0.474446 q_change=56 q_delta=0.411584 q_grad=0.001701
epoch=28 loss_total=0.840466 loss_rec=0.621168 valid_auc=0.685491 valid_rmse=0.473711 q_change=56 q_delta=0.412559 q_grad=0.001799
epoch=29 loss_total=0.835388 loss_rec=0.616263 valid_auc=0.688962 valid_rmse=0.473023 q_change=56 q_delta=0.413095 q_grad=0.001864
epoch=30 loss_total=0.835250 loss_rec=0.616231 valid_auc=0.689766 valid_rmse=0.473014 q_change=56 q_delta=0.413363 q_grad=0.001840
epoch=31 loss_total=0.831177 loss_rec=0.612186 valid_auc=0.691004 valid_rmse=0.472981 q_change=56 q_delta=0.413632 q_grad=0.001886
epoch=32 loss_total=0.832421 loss_rec=0.613555 valid_auc=0.692545 valid_rmse=0.473398 q_change=56 q_delta=0.413723 q_grad=0.001952
epoch=33 loss_total=0.830356 loss_rec=0.611548 valid_auc=0.689297 valid_rmse=0.471725 q_change=55 q_delta=0.414119 q_grad=0.001925
epoch=34 loss_total=0.829085 loss_rec=0.610386 valid_auc=0.688571 valid_rmse=0.471809 q_change=55 q_delta=0.414250 q_grad=0.001941
epoch=35 loss_total=0.829005 loss_rec=0.610432 valid_auc=0.691741 valid_rmse=0.470948 q_change=55 q_delta=0.414822 q_grad=0.001918
epoch=36 loss_total=0.825090 loss_rec=0.606518 valid_auc=0.693315 valid_rmse=0.471612 q_change=54 q_delta=0.415015 q_grad=0.001967
epoch=37 loss_total=0.819238 loss_rec=0.600697 valid_auc=0.693304 valid_rmse=0.471861 q_change=54 q_delta=0.415421 q_grad=0.001964
epoch=38 loss_total=0.818260 loss_rec=0.599872 valid_auc=0.693382 valid_rmse=0.473662 q_change=54 q_delta=0.415835 q_grad=0.002066
epoch=39 loss_total=0.820683 loss_rec=0.602427 valid_auc=0.694654 valid_rmse=0.470558 q_change=54 q_delta=0.416586 q_grad=0.001996
epoch=40 loss_total=0.815759 loss_rec=0.597659 valid_auc=0.694319 valid_rmse=0.471104 q_change=54 q_delta=0.417070 q_grad=0.002031
epoch=41 loss_total=0.811747 loss_rec=0.593816 valid_auc=0.696049 valid_rmse=0.471264 q_change=54 q_delta=0.417456 q_grad=0.002020
epoch=42 loss_total=0.815126 loss_rec=0.597296 valid_auc=0.693382 valid_rmse=0.471299 q_change=54 q_delta=0.417907 q_grad=0.002115
epoch=43 loss_total=0.810790 loss_rec=0.593015 valid_auc=0.693002 valid_rmse=0.471615 q_change=54 q_delta=0.418151 q_grad=0.002072
epoch=44 loss_total=0.811258 loss_rec=0.593662 valid_auc=0.693761 valid_rmse=0.471932 q_change=53 q_delta=0.418499 q_grad=0.002128
epoch=45 loss_total=0.807803 loss_rec=0.590376 valid_auc=0.694621 valid_rmse=0.474522 q_change=53 q_delta=0.418696 q_grad=0.002161
epoch=46 loss_total=0.808329 loss_rec=0.590979 valid_auc=0.696484 valid_rmse=0.470228 q_change=53 q_delta=0.419132 q_grad=0.002133
epoch=47 loss_total=0.805587 loss_rec=0.588399 valid_auc=0.696350 valid_rmse=0.471563 q_change=53 q_delta=0.419399 q_grad=0.002156
epoch=48 loss_total=0.804243 loss_rec=0.587128 valid_auc=0.695011 valid_rmse=0.471256 q_change=53 q_delta=0.419731 q_grad=0.002228
epoch=49 loss_total=0.801366 loss_rec=0.584314 valid_auc=0.696384 valid_rmse=0.471057 q_change=53 q_delta=0.419920 q_grad=0.002271
epoch=50 loss_total=0.797262 loss_rec=0.580232 valid_auc=0.694096 valid_rmse=0.472376 q_change=53 q_delta=0.420146 q_grad=0.002195
epoch=51 loss_total=0.797088 loss_rec=0.580126 valid_auc=0.695480 valid_rmse=0.474614 q_change=53 q_delta=0.420161 q_grad=0.002337
epoch=52 loss_total=0.797896 loss_rec=0.580977 valid_auc=0.693504 valid_rmse=0.472517 q_change=53 q_delta=0.420343 q_grad=0.002346
epoch=53 loss_total=0.798112 loss_rec=0.581139 valid_auc=0.694877 valid_rmse=0.472172 q_change=53 q_delta=0.420296 q_grad=0.002372
epoch=54 loss_total=0.788944 loss_rec=0.571928 valid_auc=0.690614 valid_rmse=0.474690 q_change=51 q_delta=0.420177 q_grad=0.002362
epoch=55 loss_total=0.786310 loss_rec=0.569289 valid_auc=0.695937 valid_rmse=0.472239 q_change=51 q_delta=0.420261 q_grad=0.002393
epoch=56 loss_total=0.786414 loss_rec=0.569310 valid_auc=0.691858 valid_rmse=0.473556 q_change=51 q_delta=0.420969 q_grad=0.002460
epoch=57 loss_total=0.782851 loss_rec=0.565696 valid_auc=0.691094 valid_rmse=0.476268 q_change=51 q_delta=0.421630 q_grad=0.002577
epoch=58 loss_total=0.776608 loss_rec=0.559392 valid_auc=0.690670 valid_rmse=0.478752 q_change=51 q_delta=0.422362 q_grad=0.002556
epoch=59 loss_total=0.776720 loss_rec=0.559552 valid_auc=0.690368 valid_rmse=0.474684 q_change=51 q_delta=0.423078 q_grad=0.002563
epoch=60 loss_total=0.774455 loss_rec=0.557290 valid_auc=0.690993 valid_rmse=0.475961 q_change=51 q_delta=0.423517 q_grad=0.002601
epoch=61 loss_total=0.770976 loss_rec=0.553772 valid_auc=0.690011 valid_rmse=0.475676 q_change=51 q_delta=0.424034 q_grad=0.002719
epoch=62 loss_total=0.766562 loss_rec=0.549460 valid_auc=0.690022 valid_rmse=0.475581 q_change=51 q_delta=0.424475 q_grad=0.002690
epoch=63 loss_total=0.766006 loss_rec=0.548924 valid_auc=0.687366 valid_rmse=0.476161 q_change=51 q_delta=0.424847 q_grad=0.002771
epoch=64 loss_total=0.767323 loss_rec=0.550298 valid_auc=0.693058 valid_rmse=0.479124 q_change=51 q_delta=0.425038 q_grad=0.002836
epoch=65 loss_total=0.760668 loss_rec=0.543672 valid_auc=0.689955 valid_rmse=0.475496 q_change=51 q_delta=0.425469 q_grad=0.002717
epoch=66 loss_total=0.761615 loss_rec=0.544694 valid_auc=0.689252 valid_rmse=0.476551 q_change=51 q_delta=0.425653 q_grad=0.002938
Early stopping at epoch 66; best_epoch=46.
Saved run to C:\Users\YAN_SHU_YU\Desktop\Generative-CD\Q_GNCDM\results\weak_q_lambda_sweep\lq_0p8_ls_0p6_lb_0p8\seed_2026\noise_0.20\weak-q_lq_0p8_ls_0p6_lb_0p8
Final metrics: q_hat_f1=0.133333 response_auc=0.688579 mastery_pearson=0.356842
