run=weak-q_lq_0p2_ls_0p9_lb_0p2 mode=weak-q noise=0.20 train=4200 valid=600 test=1200
epoch=1 loss_total=1.165529 loss_rec=0.725666 valid_auc=0.587444 valid_rmse=0.499760 q_change=57 q_delta=0.079401 q_grad=0.000914
epoch=2 loss_total=1.076944 loss_rec=0.706002 valid_auc=0.592958 valid_rmse=0.499361 q_change=57 q_delta=0.150497 q_grad=0.000839
epoch=3 loss_total=1.011503 loss_rec=0.700271 valid_auc=0.603471 valid_rmse=0.498689 q_change=57 q_delta=0.210414 q_grad=0.000750
epoch=4 loss_total=0.956269 loss_rec=0.694398 valid_auc=0.619141 valid_rmse=0.498209 q_change=57 q_delta=0.258906 q_grad=0.000656
epoch=5 loss_total=0.917584 loss_rec=0.694798 valid_auc=0.638677 valid_rmse=0.496698 q_change=57 q_delta=0.296832 q_grad=0.000563
epoch=6 loss_total=0.883444 loss_rec=0.691047 valid_auc=0.654342 valid_rmse=0.496259 q_change=57 q_delta=0.325982 q_grad=0.000484
epoch=7 loss_total=0.854253 loss_rec=0.685172 valid_auc=0.656417 valid_rmse=0.495070 q_change=57 q_delta=0.348243 q_grad=0.000425
epoch=8 loss_total=0.832201 loss_rec=0.680667 valid_auc=0.651205 valid_rmse=0.492640 q_change=57 q_delta=0.364656 q_grad=0.000395
epoch=9 loss_total=0.812141 loss_rec=0.673451 valid_auc=0.654727 valid_rmse=0.486751 q_change=57 q_delta=0.376833 q_grad=0.000431
epoch=10 loss_total=0.798347 loss_rec=0.669350 valid_auc=0.656172 valid_rmse=0.484435 q_change=57 q_delta=0.385843 q_grad=0.000495
epoch=11 loss_total=0.785745 loss_rec=0.663945 valid_auc=0.657042 valid_rmse=0.482886 q_change=57 q_delta=0.393381 q_grad=0.000594
epoch=12 loss_total=0.769668 loss_rec=0.654302 valid_auc=0.660647 valid_rmse=0.483380 q_change=57 q_delta=0.399749 q_grad=0.000662
epoch=13 loss_total=0.762406 loss_rec=0.652534 valid_auc=0.662533 valid_rmse=0.479903 q_change=57 q_delta=0.405227 q_grad=0.000678
epoch=14 loss_total=0.756878 loss_rec=0.651337 valid_auc=0.665569 valid_rmse=0.481241 q_change=57 q_delta=0.409500 q_grad=0.000750
epoch=15 loss_total=0.752132 loss_rec=0.650359 valid_auc=0.663683 valid_rmse=0.479613 q_change=57 q_delta=0.413505 q_grad=0.000788
epoch=16 loss_total=0.749519 loss_rec=0.650869 valid_auc=0.664866 valid_rmse=0.479656 q_change=57 q_delta=0.416661 q_grad=0.000863
epoch=17 loss_total=0.746767 loss_rec=0.650950 valid_auc=0.667109 valid_rmse=0.480264 q_change=57 q_delta=0.419452 q_grad=0.000838
epoch=18 loss_total=0.739541 loss_rec=0.646134 valid_auc=0.668393 valid_rmse=0.479454 q_change=57 q_delta=0.422002 q_grad=0.000863
epoch=19 loss_total=0.735928 loss_rec=0.644667 valid_auc=0.668013 valid_rmse=0.479398 q_change=57 q_delta=0.424169 q_grad=0.000920
epoch=20 loss_total=0.734469 loss_rec=0.645017 valid_auc=0.671540 valid_rmse=0.477993 q_change=57 q_delta=0.426208 q_grad=0.000999
epoch=21 loss_total=0.730216 loss_rec=0.642501 valid_auc=0.671150 valid_rmse=0.478868 q_change=57 q_delta=0.427762 q_grad=0.000955
epoch=22 loss_total=0.729244 loss_rec=0.642927 valid_auc=0.670246 valid_rmse=0.477743 q_change=57 q_delta=0.429275 q_grad=0.001036
epoch=23 loss_total=0.725120 loss_rec=0.640120 valid_auc=0.669609 valid_rmse=0.477409 q_change=57 q_delta=0.430737 q_grad=0.001047
epoch=24 loss_total=0.720565 loss_rec=0.636796 valid_auc=0.670491 valid_rmse=0.477801 q_change=57 q_delta=0.431927 q_grad=0.001089
epoch=25 loss_total=0.722885 loss_rec=0.640130 valid_auc=0.670045 valid_rmse=0.477326 q_change=57 q_delta=0.432941 q_grad=0.001185
epoch=26 loss_total=0.720149 loss_rec=0.638328 valid_auc=0.670313 valid_rmse=0.477977 q_change=57 q_delta=0.433889 q_grad=0.001197
epoch=27 loss_total=0.717862 loss_rec=0.636812 valid_auc=0.673951 valid_rmse=0.477410 q_change=57 q_delta=0.434701 q_grad=0.001206
epoch=28 loss_total=0.718708 loss_rec=0.638417 valid_auc=0.674933 valid_rmse=0.476570 q_change=57 q_delta=0.435536 q_grad=0.001265
epoch=29 loss_total=0.715532 loss_rec=0.635910 valid_auc=0.676518 valid_rmse=0.476524 q_change=57 q_delta=0.436219 q_grad=0.001324
epoch=30 loss_total=0.716515 loss_rec=0.637511 valid_auc=0.677444 valid_rmse=0.476784 q_change=57 q_delta=0.436793 q_grad=0.001321
epoch=31 loss_total=0.712681 loss_rec=0.634132 valid_auc=0.678717 valid_rmse=0.476094 q_change=57 q_delta=0.437370 q_grad=0.001358
epoch=32 loss_total=0.714531 loss_rec=0.636484 valid_auc=0.678873 valid_rmse=0.477020 q_change=57 q_delta=0.437789 q_grad=0.001417
epoch=33 loss_total=0.713295 loss_rec=0.635610 valid_auc=0.677801 valid_rmse=0.475518 q_change=57 q_delta=0.438432 q_grad=0.001409
epoch=34 loss_total=0.712198 loss_rec=0.634970 valid_auc=0.676752 valid_rmse=0.475208 q_change=57 q_delta=0.438780 q_grad=0.001440
epoch=35 loss_total=0.713800 loss_rec=0.636916 valid_auc=0.678482 valid_rmse=0.474637 q_change=57 q_delta=0.439140 q_grad=0.001440
epoch=36 loss_total=0.710435 loss_rec=0.633848 valid_auc=0.679074 valid_rmse=0.475732 q_change=57 q_delta=0.439356 q_grad=0.001486
epoch=37 loss_total=0.705466 loss_rec=0.629142 valid_auc=0.681272 valid_rmse=0.474924 q_change=57 q_delta=0.439637 q_grad=0.001521
epoch=38 loss_total=0.704424 loss_rec=0.628310 valid_auc=0.681094 valid_rmse=0.476252 q_change=57 q_delta=0.439849 q_grad=0.001628
epoch=39 loss_total=0.708065 loss_rec=0.632197 valid_auc=0.680681 valid_rmse=0.474504 q_change=57 q_delta=0.440214 q_grad=0.001603
epoch=40 loss_total=0.704235 loss_rec=0.628603 valid_auc=0.680926 valid_rmse=0.474624 q_change=57 q_delta=0.440366 q_grad=0.001647
epoch=41 loss_total=0.700215 loss_rec=0.624708 valid_auc=0.682757 valid_rmse=0.474938 q_change=57 q_delta=0.440420 q_grad=0.001673
epoch=42 loss_total=0.704881 loss_rec=0.629468 valid_auc=0.680045 valid_rmse=0.475036 q_change=57 q_delta=0.440566 q_grad=0.001725
epoch=43 loss_total=0.701223 loss_rec=0.625811 valid_auc=0.682422 valid_rmse=0.474408 q_change=57 q_delta=0.440469 q_grad=0.001687
epoch=44 loss_total=0.701519 loss_rec=0.626111 valid_auc=0.684029 valid_rmse=0.474596 q_change=57 q_delta=0.440530 q_grad=0.001758
epoch=45 loss_total=0.699225 loss_rec=0.623824 valid_auc=0.685413 valid_rmse=0.476529 q_change=57 q_delta=0.440401 q_grad=0.001800
epoch=46 loss_total=0.700313 loss_rec=0.624797 valid_auc=0.687054 valid_rmse=0.472886 q_change=57 q_delta=0.440361 q_grad=0.001770
epoch=47 loss_total=0.697206 loss_rec=0.621620 valid_auc=0.689230 valid_rmse=0.473087 q_change=56 q_delta=0.440159 q_grad=0.001796
epoch=48 loss_total=0.698159 loss_rec=0.622454 valid_auc=0.689118 valid_rmse=0.472281 q_change=56 q_delta=0.440499 q_grad=0.001825
epoch=49 loss_total=0.696062 loss_rec=0.620210 valid_auc=0.689062 valid_rmse=0.472497 q_change=56 q_delta=0.440884 q_grad=0.001857
epoch=50 loss_total=0.691740 loss_rec=0.615874 valid_auc=0.685592 valid_rmse=0.473302 q_change=56 q_delta=0.441208 q_grad=0.001778
epoch=51 loss_total=0.692353 loss_rec=0.616447 valid_auc=0.689609 valid_rmse=0.474361 q_change=56 q_delta=0.441425 q_grad=0.001917
epoch=52 loss_total=0.693259 loss_rec=0.617323 valid_auc=0.686975 valid_rmse=0.472708 q_change=56 q_delta=0.441765 q_grad=0.001923
epoch=53 loss_total=0.694859 loss_rec=0.618923 valid_auc=0.690067 valid_rmse=0.471820 q_change=56 q_delta=0.442002 q_grad=0.001905
epoch=54 loss_total=0.687253 loss_rec=0.611353 valid_auc=0.688850 valid_rmse=0.473153 q_change=56 q_delta=0.442139 q_grad=0.001877
epoch=55 loss_total=0.687265 loss_rec=0.611341 valid_auc=0.691150 valid_rmse=0.471681 q_change=56 q_delta=0.442278 q_grad=0.001917
epoch=56 loss_total=0.689404 loss_rec=0.613532 valid_auc=0.688783 valid_rmse=0.471916 q_change=56 q_delta=0.442465 q_grad=0.001974
epoch=57 loss_total=0.688093 loss_rec=0.612237 valid_auc=0.691607 valid_rmse=0.473613 q_change=56 q_delta=0.442439 q_grad=0.002006
epoch=58 loss_total=0.684607 loss_rec=0.608729 valid_auc=0.690904 valid_rmse=0.473392 q_change=56 q_delta=0.442592 q_grad=0.001963
epoch=59 loss_total=0.684546 loss_rec=0.608797 valid_auc=0.690681 valid_rmse=0.471656 q_change=56 q_delta=0.442765 q_grad=0.001976
epoch=60 loss_total=0.683753 loss_rec=0.607978 valid_auc=0.693605 valid_rmse=0.471927 q_change=56 q_delta=0.442731 q_grad=0.002002
epoch=61 loss_total=0.683545 loss_rec=0.607690 valid_auc=0.693114 valid_rmse=0.471995 q_change=56 q_delta=0.442736 q_grad=0.002036
epoch=62 loss_total=0.682217 loss_rec=0.606366 valid_auc=0.692567 valid_rmse=0.471070 q_change=56 q_delta=0.442778 q_grad=0.001977
epoch=63 loss_total=0.682972 loss_rec=0.607018 valid_auc=0.691150 valid_rmse=0.472112 q_change=56 q_delta=0.442655 q_grad=0.001987
epoch=64 loss_total=0.685803 loss_rec=0.609838 valid_auc=0.695167 valid_rmse=0.473545 q_change=56 q_delta=0.442601 q_grad=0.002046
epoch=65 loss_total=0.679275 loss_rec=0.603190 valid_auc=0.693583 valid_rmse=0.470761 q_change=56 q_delta=0.442632 q_grad=0.001933
epoch=66 loss_total=0.679842 loss_rec=0.603684 valid_auc=0.695089 valid_rmse=0.471365 q_change=54 q_delta=0.442522 q_grad=0.002052
epoch=67 loss_total=0.681913 loss_rec=0.605668 valid_auc=0.692433 valid_rmse=0.472744 q_change=54 q_delta=0.442740 q_grad=0.002014
epoch=68 loss_total=0.677922 loss_rec=0.601620 valid_auc=0.694833 valid_rmse=0.472601 q_change=54 q_delta=0.443043 q_grad=0.002026
epoch=69 loss_total=0.674462 loss_rec=0.598122 valid_auc=0.697868 valid_rmse=0.477462 q_change=54 q_delta=0.443270 q_grad=0.002094
epoch=70 loss_total=0.674199 loss_rec=0.597808 valid_auc=0.694911 valid_rmse=0.471086 q_change=54 q_delta=0.443645 q_grad=0.002082
epoch=71 loss_total=0.676254 loss_rec=0.599848 valid_auc=0.695692 valid_rmse=0.471118 q_change=54 q_delta=0.443916 q_grad=0.002087
epoch=72 loss_total=0.674347 loss_rec=0.597889 valid_auc=0.693839 valid_rmse=0.471911 q_change=54 q_delta=0.444137 q_grad=0.002098
epoch=73 loss_total=0.671717 loss_rec=0.595316 valid_auc=0.691775 valid_rmse=0.472036 q_change=54 q_delta=0.444449 q_grad=0.002152
epoch=74 loss_total=0.675356 loss_rec=0.598928 valid_auc=0.692935 valid_rmse=0.472676 q_change=54 q_delta=0.444669 q_grad=0.002099
epoch=75 loss_total=0.673647 loss_rec=0.597186 valid_auc=0.693058 valid_rmse=0.478615 q_change=54 q_delta=0.444832 q_grad=0.002095
epoch=76 loss_total=0.673402 loss_rec=0.596903 valid_auc=0.691004 valid_rmse=0.472143 q_change=54 q_delta=0.445108 q_grad=0.002083
epoch=77 loss_total=0.667265 loss_rec=0.590771 valid_auc=0.691975 valid_rmse=0.475750 q_change=54 q_delta=0.445189 q_grad=0.002079
epoch=78 loss_total=0.668440 loss_rec=0.591962 valid_auc=0.691629 valid_rmse=0.473629 q_change=54 q_delta=0.445347 q_grad=0.002237
epoch=79 loss_total=0.668018 loss_rec=0.591603 valid_auc=0.691306 valid_rmse=0.473170 q_change=54 q_delta=0.445526 q_grad=0.002301
epoch=80 loss_total=0.667854 loss_rec=0.591441 valid_auc=0.690792 valid_rmse=0.472830 q_change=54 q_delta=0.445666 q_grad=0.002221
epoch=81 loss_total=0.664095 loss_rec=0.587696 valid_auc=0.691987 valid_rmse=0.474660 q_change=54 q_delta=0.445800 q_grad=0.002280
epoch=82 loss_total=0.664255 loss_rec=0.587894 valid_auc=0.690502 valid_rmse=0.474115 q_change=54 q_delta=0.445904 q_grad=0.002311
epoch=83 loss_total=0.662946 loss_rec=0.586632 valid_auc=0.690904 valid_rmse=0.478056 q_change=54 q_delta=0.446003 q_grad=0.002286
epoch=84 loss_total=0.663869 loss_rec=0.587538 valid_auc=0.691295 valid_rmse=0.474644 q_change=54 q_delta=0.446221 q_grad=0.002364
epoch=85 loss_total=0.665433 loss_rec=0.589148 valid_auc=0.690480 valid_rmse=0.478465 q_change=54 q_delta=0.446183 q_grad=0.002379
epoch=86 loss_total=0.667140 loss_rec=0.590845 valid_auc=0.688839 valid_rmse=0.475670 q_change=54 q_delta=0.446323 q_grad=0.002359
epoch=87 loss_total=0.661293 loss_rec=0.585051 valid_auc=0.688404 valid_rmse=0.475942 q_change=54 q_delta=0.446432 q_grad=0.002301
epoch=88 loss_total=0.655556 loss_rec=0.579327 valid_auc=0.687221 valid_rmse=0.475781 q_change=54 q_delta=0.446529 q_grad=0.002388
epoch=89 loss_total=0.657423 loss_rec=0.581228 valid_auc=0.687846 valid_rmse=0.480990 q_change=54 q_delta=0.446561 q_grad=0.002432
Early stopping at epoch 89; best_epoch=69.
Saved run to C:\Users\YAN_SHU_YU\Desktop\Generative-CD\Q_GNCDM\results\weak_q_lambda_sweep\lq_0p2_ls_0p9_lb_0p2\seed_2026\noise_0.20\weak-q_lq_0p2_ls_0p9_lb_0p2
Final metrics: q_hat_f1=0.101695 response_auc=0.682669 mastery_pearson=0.293661
