run=weak-q_lq_0p3_ls_0p2_lb_0p6 mode=weak-q noise=0.20 train=4200 valid=600 test=1200
epoch=1 loss_total=0.959325 loss_rec=0.725642 valid_auc=0.589096 valid_rmse=0.499731 q_change=57 q_delta=0.077948 q_grad=0.000249
epoch=2 loss_total=0.918629 loss_rec=0.705816 valid_auc=0.600279 valid_rmse=0.499190 q_change=57 q_delta=0.149759 q_grad=0.000265
epoch=3 loss_total=0.891287 loss_rec=0.699681 valid_auc=0.621440 valid_rmse=0.498204 q_change=57 q_delta=0.211239 q_grad=0.000275
epoch=4 loss_total=0.864893 loss_rec=0.693040 valid_auc=0.649263 valid_rmse=0.497177 q_change=57 q_delta=0.260749 q_grad=0.000271
epoch=5 loss_total=0.847466 loss_rec=0.691938 valid_auc=0.668225 valid_rmse=0.494606 q_change=57 q_delta=0.296799 q_grad=0.000276
epoch=6 loss_total=0.827634 loss_rec=0.684435 valid_auc=0.672656 valid_rmse=0.491504 q_change=57 q_delta=0.320664 q_grad=0.000302
epoch=7 loss_total=0.804355 loss_rec=0.669659 valid_auc=0.667623 valid_rmse=0.485369 q_change=56 q_delta=0.335375 q_grad=0.000380
epoch=8 loss_total=0.786375 loss_rec=0.657103 valid_auc=0.665904 valid_rmse=0.480992 q_change=55 q_delta=0.344777 q_grad=0.000550
epoch=9 loss_total=0.774097 loss_rec=0.648852 valid_auc=0.671138 valid_rmse=0.477617 q_change=55 q_delta=0.353190 q_grad=0.000702
epoch=10 loss_total=0.773354 loss_rec=0.651579 valid_auc=0.670223 valid_rmse=0.478275 q_change=55 q_delta=0.359500 q_grad=0.000770
epoch=11 loss_total=0.767900 loss_rec=0.648623 valid_auc=0.669911 valid_rmse=0.477540 q_change=55 q_delta=0.364858 q_grad=0.000879
epoch=12 loss_total=0.757452 loss_rec=0.640350 valid_auc=0.671183 valid_rmse=0.478390 q_change=55 q_delta=0.368990 q_grad=0.000945
epoch=13 loss_total=0.752842 loss_rec=0.637514 valid_auc=0.671987 valid_rmse=0.476198 q_change=55 q_delta=0.372708 q_grad=0.000973
epoch=14 loss_total=0.750533 loss_rec=0.636611 valid_auc=0.672210 valid_rmse=0.477610 q_change=55 q_delta=0.375156 q_grad=0.001094
epoch=15 loss_total=0.747236 loss_rec=0.634447 valid_auc=0.672868 valid_rmse=0.476137 q_change=55 q_delta=0.377806 q_grad=0.001166
epoch=16 loss_total=0.747053 loss_rec=0.635314 valid_auc=0.675279 valid_rmse=0.475848 q_change=54 q_delta=0.379702 q_grad=0.001305
epoch=17 loss_total=0.744271 loss_rec=0.633371 valid_auc=0.676060 valid_rmse=0.475954 q_change=55 q_delta=0.381187 q_grad=0.001293
epoch=18 loss_total=0.736734 loss_rec=0.626474 valid_auc=0.677467 valid_rmse=0.475679 q_change=54 q_delta=0.382501 q_grad=0.001354
epoch=19 loss_total=0.734985 loss_rec=0.625409 valid_auc=0.678203 valid_rmse=0.475473 q_change=54 q_delta=0.383819 q_grad=0.001473
epoch=20 loss_total=0.732787 loss_rec=0.623763 valid_auc=0.680614 valid_rmse=0.474210 q_change=54 q_delta=0.385053 q_grad=0.001580
epoch=21 loss_total=0.729006 loss_rec=0.620472 valid_auc=0.681127 valid_rmse=0.475100 q_change=54 q_delta=0.385684 q_grad=0.001554
epoch=22 loss_total=0.726666 loss_rec=0.618465 valid_auc=0.681842 valid_rmse=0.474163 q_change=54 q_delta=0.386229 q_grad=0.001694
epoch=23 loss_total=0.723514 loss_rec=0.615688 valid_auc=0.680748 valid_rmse=0.474347 q_change=54 q_delta=0.387031 q_grad=0.001697
epoch=24 loss_total=0.717661 loss_rec=0.610182 valid_auc=0.680335 valid_rmse=0.475258 q_change=54 q_delta=0.387508 q_grad=0.001771
epoch=25 loss_total=0.719529 loss_rec=0.612362 valid_auc=0.679777 valid_rmse=0.475505 q_change=54 q_delta=0.387944 q_grad=0.001907
epoch=26 loss_total=0.716579 loss_rec=0.609710 valid_auc=0.682299 valid_rmse=0.475517 q_change=53 q_delta=0.388394 q_grad=0.001894
epoch=27 loss_total=0.713914 loss_rec=0.607277 valid_auc=0.682790 valid_rmse=0.476140 q_change=53 q_delta=0.389103 q_grad=0.001889
epoch=28 loss_total=0.713803 loss_rec=0.607414 valid_auc=0.681819 valid_rmse=0.475840 q_change=53 q_delta=0.390153 q_grad=0.002012
epoch=29 loss_total=0.709258 loss_rec=0.603162 valid_auc=0.683426 valid_rmse=0.475165 q_change=53 q_delta=0.391053 q_grad=0.002047
epoch=30 loss_total=0.709243 loss_rec=0.603399 valid_auc=0.685223 valid_rmse=0.475839 q_change=53 q_delta=0.391620 q_grad=0.002028
epoch=31 loss_total=0.705030 loss_rec=0.599432 valid_auc=0.684967 valid_rmse=0.475138 q_change=52 q_delta=0.392234 q_grad=0.002052
epoch=32 loss_total=0.704708 loss_rec=0.599427 valid_auc=0.686830 valid_rmse=0.475444 q_change=52 q_delta=0.392777 q_grad=0.002133
epoch=33 loss_total=0.701704 loss_rec=0.596627 valid_auc=0.686172 valid_rmse=0.474565 q_change=52 q_delta=0.393507 q_grad=0.002130
epoch=34 loss_total=0.700807 loss_rec=0.595925 valid_auc=0.683683 valid_rmse=0.475046 q_change=52 q_delta=0.393712 q_grad=0.002186
epoch=35 loss_total=0.701096 loss_rec=0.596383 valid_auc=0.687243 valid_rmse=0.474013 q_change=52 q_delta=0.394191 q_grad=0.002190
epoch=36 loss_total=0.696356 loss_rec=0.591865 valid_auc=0.689632 valid_rmse=0.474126 q_change=52 q_delta=0.394275 q_grad=0.002241
epoch=37 loss_total=0.689691 loss_rec=0.585329 valid_auc=0.689643 valid_rmse=0.475004 q_change=51 q_delta=0.394577 q_grad=0.002326
epoch=38 loss_total=0.687132 loss_rec=0.583058 valid_auc=0.688103 valid_rmse=0.477366 q_change=50 q_delta=0.394991 q_grad=0.002427
epoch=39 loss_total=0.687963 loss_rec=0.584028 valid_auc=0.688728 valid_rmse=0.474244 q_change=50 q_delta=0.395409 q_grad=0.002383
epoch=40 loss_total=0.682912 loss_rec=0.579237 valid_auc=0.688583 valid_rmse=0.474864 q_change=50 q_delta=0.395797 q_grad=0.002455
epoch=41 loss_total=0.677429 loss_rec=0.573940 valid_auc=0.689431 valid_rmse=0.476322 q_change=50 q_delta=0.395949 q_grad=0.002479
epoch=42 loss_total=0.678600 loss_rec=0.575323 valid_auc=0.686819 valid_rmse=0.476000 q_change=50 q_delta=0.396355 q_grad=0.002607
epoch=43 loss_total=0.673322 loss_rec=0.570166 valid_auc=0.688739 valid_rmse=0.475790 q_change=50 q_delta=0.396601 q_grad=0.002553
epoch=44 loss_total=0.670372 loss_rec=0.567465 valid_auc=0.690011 valid_rmse=0.475874 q_change=50 q_delta=0.396895 q_grad=0.002677
epoch=45 loss_total=0.664347 loss_rec=0.561615 valid_auc=0.688504 valid_rmse=0.479191 q_change=50 q_delta=0.397182 q_grad=0.002738
epoch=46 loss_total=0.666563 loss_rec=0.564001 valid_auc=0.690882 valid_rmse=0.475357 q_change=48 q_delta=0.397694 q_grad=0.002759
epoch=47 loss_total=0.658925 loss_rec=0.556586 valid_auc=0.690848 valid_rmse=0.477177 q_change=48 q_delta=0.397954 q_grad=0.002773
epoch=48 loss_total=0.659465 loss_rec=0.557325 valid_auc=0.689241 valid_rmse=0.476429 q_change=48 q_delta=0.398351 q_grad=0.002925
epoch=49 loss_total=0.652707 loss_rec=0.550723 valid_auc=0.692121 valid_rmse=0.475648 q_change=48 q_delta=0.398493 q_grad=0.002875
epoch=50 loss_total=0.649845 loss_rec=0.548015 valid_auc=0.692333 valid_rmse=0.476636 q_change=48 q_delta=0.398813 q_grad=0.002873
epoch=51 loss_total=0.647722 loss_rec=0.546113 valid_auc=0.692824 valid_rmse=0.478664 q_change=48 q_delta=0.399064 q_grad=0.002958
epoch=52 loss_total=0.646309 loss_rec=0.544843 valid_auc=0.690949 valid_rmse=0.477481 q_change=47 q_delta=0.399298 q_grad=0.003055
epoch=53 loss_total=0.647476 loss_rec=0.546178 valid_auc=0.692723 valid_rmse=0.476537 q_change=47 q_delta=0.399579 q_grad=0.003020
epoch=54 loss_total=0.637660 loss_rec=0.536511 valid_auc=0.687165 valid_rmse=0.479051 q_change=47 q_delta=0.399773 q_grad=0.003075
epoch=55 loss_total=0.636911 loss_rec=0.535950 valid_auc=0.694286 valid_rmse=0.476129 q_change=47 q_delta=0.400166 q_grad=0.002971
epoch=56 loss_total=0.635471 loss_rec=0.534638 valid_auc=0.689520 valid_rmse=0.478441 q_change=47 q_delta=0.400311 q_grad=0.003068
epoch=57 loss_total=0.632275 loss_rec=0.531581 valid_auc=0.693516 valid_rmse=0.479395 q_change=47 q_delta=0.400676 q_grad=0.003303
epoch=58 loss_total=0.626555 loss_rec=0.526032 valid_auc=0.692444 valid_rmse=0.480968 q_change=47 q_delta=0.401143 q_grad=0.003177
epoch=59 loss_total=0.625477 loss_rec=0.525149 valid_auc=0.693292 valid_rmse=0.478523 q_change=47 q_delta=0.401650 q_grad=0.003163
epoch=60 loss_total=0.625409 loss_rec=0.525234 valid_auc=0.689353 valid_rmse=0.480591 q_change=47 q_delta=0.401850 q_grad=0.003304
epoch=61 loss_total=0.621622 loss_rec=0.521579 valid_auc=0.689676 valid_rmse=0.480261 q_change=47 q_delta=0.402114 q_grad=0.003178
epoch=62 loss_total=0.616080 loss_rec=0.516169 valid_auc=0.691975 valid_rmse=0.480229 q_change=46 q_delta=0.402565 q_grad=0.003248
epoch=63 loss_total=0.617293 loss_rec=0.517526 valid_auc=0.689888 valid_rmse=0.481314 q_change=45 q_delta=0.402772 q_grad=0.003246
epoch=64 loss_total=0.619739 loss_rec=0.520099 valid_auc=0.692768 valid_rmse=0.485726 q_change=45 q_delta=0.402958 q_grad=0.003265
epoch=65 loss_total=0.612635 loss_rec=0.513070 valid_auc=0.690402 valid_rmse=0.481884 q_change=45 q_delta=0.403165 q_grad=0.003141
epoch=66 loss_total=0.610850 loss_rec=0.511430 valid_auc=0.690156 valid_rmse=0.482913 q_change=45 q_delta=0.403355 q_grad=0.003344
epoch=67 loss_total=0.616196 loss_rec=0.516861 valid_auc=0.689263 valid_rmse=0.483224 q_change=44 q_delta=0.403555 q_grad=0.003367
epoch=68 loss_total=0.607401 loss_rec=0.508191 valid_auc=0.690212 valid_rmse=0.483702 q_change=44 q_delta=0.403762 q_grad=0.003292
epoch=69 loss_total=0.601801 loss_rec=0.502702 valid_auc=0.691217 valid_rmse=0.487284 q_change=44 q_delta=0.403895 q_grad=0.003256
epoch=70 loss_total=0.601972 loss_rec=0.503001 valid_auc=0.689961 valid_rmse=0.483412 q_change=44 q_delta=0.404106 q_grad=0.003312
epoch=71 loss_total=0.601641 loss_rec=0.502769 valid_auc=0.691138 valid_rmse=0.482778 q_change=44 q_delta=0.404382 q_grad=0.003259
epoch=72 loss_total=0.603360 loss_rec=0.504559 valid_auc=0.688638 valid_rmse=0.484447 q_change=44 q_delta=0.404509 q_grad=0.003359
epoch=73 loss_total=0.595642 loss_rec=0.496956 valid_auc=0.686758 valid_rmse=0.486443 q_change=44 q_delta=0.404757 q_grad=0.003322
epoch=74 loss_total=0.601007 loss_rec=0.502436 valid_auc=0.688996 valid_rmse=0.484739 q_change=44 q_delta=0.405042 q_grad=0.003305
epoch=75 loss_total=0.597393 loss_rec=0.498923 valid_auc=0.686362 valid_rmse=0.488879 q_change=44 q_delta=0.405122 q_grad=0.003283
Early stopping at epoch 75; best_epoch=55.
Saved run to C:\Users\YAN_SHU_YU\Desktop\Generative-CD\Q_GNCDM\results\weak_q_lambda_sweep\lq_0p3_ls_0p2_lb_0p6\seed_2026\noise_0.20\weak-q_lq_0p3_ls_0p2_lb_0p6
Final metrics: q_hat_f1=0.303030 response_auc=0.686207 mastery_pearson=0.463949
