run=weak-q_lq_0p2_ls_0p5_lb_0p3 mode=weak-q noise=0.20 train=4200 valid=600 test=1200
epoch=1 loss_total=1.016251 loss_rec=0.725663 valid_auc=0.587779 valid_rmse=0.499754 q_change=57 q_delta=0.079176 q_grad=0.000521
epoch=2 loss_total=0.956462 loss_rec=0.705957 valid_auc=0.594609 valid_rmse=0.499320 q_change=57 q_delta=0.150164 q_grad=0.000486
epoch=3 loss_total=0.914967 loss_rec=0.700110 valid_auc=0.608281 valid_rmse=0.498568 q_change=57 q_delta=0.210107 q_grad=0.000446
epoch=4 loss_total=0.878694 loss_rec=0.694038 valid_auc=0.627567 valid_rmse=0.497958 q_change=57 q_delta=0.258659 q_grad=0.000398
epoch=5 loss_total=0.854631 loss_rec=0.694104 valid_auc=0.648203 valid_rmse=0.496229 q_change=57 q_delta=0.296133 q_grad=0.000356
epoch=6 loss_total=0.831448 loss_rec=0.689605 valid_auc=0.661685 valid_rmse=0.495286 q_change=57 q_delta=0.324118 q_grad=0.000326
epoch=7 loss_total=0.809714 loss_rec=0.681856 valid_auc=0.661350 valid_rmse=0.492888 q_change=57 q_delta=0.344395 q_grad=0.000321
epoch=8 loss_total=0.791714 loss_rec=0.673610 valid_auc=0.657533 valid_rmse=0.488242 q_change=57 q_delta=0.357664 q_grad=0.000376
epoch=9 loss_total=0.773694 loss_rec=0.662101 valid_auc=0.661763 valid_rmse=0.481591 q_change=57 q_delta=0.367276 q_grad=0.000504
epoch=10 loss_total=0.766535 loss_rec=0.660199 valid_auc=0.662902 valid_rmse=0.481133 q_change=57 q_delta=0.375048 q_grad=0.000609
epoch=11 loss_total=0.758920 loss_rec=0.656635 valid_auc=0.663627 valid_rmse=0.480029 q_change=57 q_delta=0.381739 q_grad=0.000717
epoch=12 loss_total=0.746778 loss_rec=0.648161 valid_auc=0.667121 valid_rmse=0.480818 q_change=57 q_delta=0.387113 q_grad=0.000785
epoch=13 loss_total=0.741747 loss_rec=0.646175 valid_auc=0.668259 valid_rmse=0.477888 q_change=57 q_delta=0.391846 q_grad=0.000808
epoch=14 loss_total=0.738544 loss_rec=0.645321 valid_auc=0.669185 valid_rmse=0.479303 q_change=57 q_delta=0.395228 q_grad=0.000906
epoch=15 loss_total=0.735193 loss_rec=0.643975 valid_auc=0.668192 valid_rmse=0.477630 q_change=57 q_delta=0.398638 q_grad=0.000968
epoch=16 loss_total=0.734314 loss_rec=0.644771 valid_auc=0.670089 valid_rmse=0.477442 q_change=57 q_delta=0.401103 q_grad=0.001077
epoch=17 loss_total=0.731895 loss_rec=0.643846 valid_auc=0.671462 valid_rmse=0.477782 q_change=57 q_delta=0.403294 q_grad=0.001060
epoch=18 loss_total=0.725282 loss_rec=0.638451 valid_auc=0.672902 valid_rmse=0.477102 q_change=57 q_delta=0.405292 q_grad=0.001110
epoch=19 loss_total=0.722823 loss_rec=0.637150 valid_auc=0.673884 valid_rmse=0.476886 q_change=57 q_delta=0.407041 q_grad=0.001202
epoch=20 loss_total=0.721456 loss_rec=0.636703 valid_auc=0.677321 valid_rmse=0.475471 q_change=57 q_delta=0.408681 q_grad=0.001313
epoch=21 loss_total=0.717728 loss_rec=0.633858 valid_auc=0.677902 valid_rmse=0.476418 q_change=57 q_delta=0.409765 q_grad=0.001276
epoch=22 loss_total=0.716498 loss_rec=0.633284 valid_auc=0.678605 valid_rmse=0.475173 q_change=57 q_delta=0.410809 q_grad=0.001407
epoch=23 loss_total=0.713226 loss_rec=0.630619 valid_auc=0.677690 valid_rmse=0.474884 q_change=57 q_delta=0.411919 q_grad=0.001430
epoch=24 loss_total=0.708505 loss_rec=0.626473 valid_auc=0.677221 valid_rmse=0.475447 q_change=57 q_delta=0.412725 q_grad=0.001495
epoch=25 loss_total=0.711152 loss_rec=0.629584 valid_auc=0.678002 valid_rmse=0.475233 q_change=57 q_delta=0.413307 q_grad=0.001642
epoch=26 loss_total=0.708688 loss_rec=0.627500 valid_auc=0.679118 valid_rmse=0.475943 q_change=57 q_delta=0.413840 q_grad=0.001649
epoch=27 loss_total=0.706237 loss_rec=0.625276 valid_auc=0.682400 valid_rmse=0.475418 q_change=57 q_delta=0.414075 q_grad=0.001662
epoch=28 loss_total=0.707564 loss_rec=0.626820 valid_auc=0.680960 valid_rmse=0.474783 q_change=57 q_delta=0.414467 q_grad=0.001764
epoch=29 loss_total=0.703463 loss_rec=0.622868 valid_auc=0.683862 valid_rmse=0.474302 q_change=57 q_delta=0.414560 q_grad=0.001824
epoch=30 loss_total=0.703799 loss_rec=0.623324 valid_auc=0.684766 valid_rmse=0.474612 q_change=56 q_delta=0.414701 q_grad=0.001804
epoch=31 loss_total=0.699980 loss_rec=0.619514 valid_auc=0.685949 valid_rmse=0.474184 q_change=56 q_delta=0.415616 q_grad=0.001853
epoch=32 loss_total=0.701208 loss_rec=0.620904 valid_auc=0.687333 valid_rmse=0.474772 q_change=56 q_delta=0.416311 q_grad=0.001916
epoch=33 loss_total=0.699626 loss_rec=0.619453 valid_auc=0.684018 valid_rmse=0.473616 q_change=56 q_delta=0.417217 q_grad=0.001894
epoch=34 loss_total=0.698807 loss_rec=0.618851 valid_auc=0.682600 valid_rmse=0.473567 q_change=56 q_delta=0.417717 q_grad=0.001918
epoch=35 loss_total=0.699929 loss_rec=0.620157 valid_auc=0.685446 valid_rmse=0.472860 q_change=56 q_delta=0.418222 q_grad=0.001904
epoch=36 loss_total=0.696740 loss_rec=0.617116 valid_auc=0.687165 valid_rmse=0.473496 q_change=56 q_delta=0.418414 q_grad=0.001945
epoch=37 loss_total=0.691081 loss_rec=0.611576 valid_auc=0.687902 valid_rmse=0.473249 q_change=56 q_delta=0.418772 q_grad=0.001966
epoch=38 loss_total=0.690884 loss_rec=0.611590 valid_auc=0.685681 valid_rmse=0.475624 q_change=56 q_delta=0.419122 q_grad=0.002079
epoch=39 loss_total=0.693876 loss_rec=0.614733 valid_auc=0.686987 valid_rmse=0.472859 q_change=56 q_delta=0.419564 q_grad=0.002007
epoch=40 loss_total=0.690046 loss_rec=0.611053 valid_auc=0.686864 valid_rmse=0.473146 q_change=56 q_delta=0.419728 q_grad=0.002046
epoch=41 loss_total=0.686042 loss_rec=0.607191 valid_auc=0.689475 valid_rmse=0.473141 q_change=56 q_delta=0.419940 q_grad=0.002047
epoch=42 loss_total=0.690133 loss_rec=0.611377 valid_auc=0.686083 valid_rmse=0.473567 q_change=56 q_delta=0.420154 q_grad=0.002108
epoch=43 loss_total=0.685888 loss_rec=0.607154 valid_auc=0.688895 valid_rmse=0.472821 q_change=56 q_delta=0.420105 q_grad=0.002041
epoch=44 loss_total=0.686762 loss_rec=0.608146 valid_auc=0.689096 valid_rmse=0.472922 q_change=56 q_delta=0.420307 q_grad=0.002113
epoch=45 loss_total=0.683741 loss_rec=0.605198 valid_auc=0.690792 valid_rmse=0.475022 q_change=56 q_delta=0.420224 q_grad=0.002133
epoch=46 loss_total=0.684732 loss_rec=0.606209 valid_auc=0.692344 valid_rmse=0.471305 q_change=56 q_delta=0.420416 q_grad=0.002070
epoch=47 loss_total=0.681965 loss_rec=0.603523 valid_auc=0.693382 valid_rmse=0.471694 q_change=55 q_delta=0.420449 q_grad=0.002096
epoch=48 loss_total=0.681636 loss_rec=0.603218 valid_auc=0.692723 valid_rmse=0.471226 q_change=55 q_delta=0.420866 q_grad=0.002140
epoch=49 loss_total=0.679170 loss_rec=0.600785 valid_auc=0.693616 valid_rmse=0.471024 q_change=55 q_delta=0.421230 q_grad=0.002161
epoch=50 loss_total=0.675138 loss_rec=0.596777 valid_auc=0.690960 valid_rmse=0.472026 q_change=55 q_delta=0.421624 q_grad=0.002063
epoch=51 loss_total=0.675174 loss_rec=0.596899 valid_auc=0.693627 valid_rmse=0.472640 q_change=55 q_delta=0.421887 q_grad=0.002188
epoch=52 loss_total=0.676161 loss_rec=0.597956 valid_auc=0.691842 valid_rmse=0.471661 q_change=54 q_delta=0.422330 q_grad=0.002201
epoch=53 loss_total=0.677720 loss_rec=0.599562 valid_auc=0.693940 valid_rmse=0.471132 q_change=54 q_delta=0.422622 q_grad=0.002200
epoch=54 loss_total=0.669684 loss_rec=0.591623 valid_auc=0.691998 valid_rmse=0.472752 q_change=54 q_delta=0.422894 q_grad=0.002167
epoch=55 loss_total=0.668979 loss_rec=0.591034 valid_auc=0.695848 valid_rmse=0.471133 q_change=54 q_delta=0.423257 q_grad=0.002220
epoch=56 loss_total=0.670101 loss_rec=0.592242 valid_auc=0.693237 valid_rmse=0.471703 q_change=54 q_delta=0.423672 q_grad=0.002253
epoch=57 loss_total=0.668312 loss_rec=0.590543 valid_auc=0.694174 valid_rmse=0.473526 q_change=54 q_delta=0.423890 q_grad=0.002342
epoch=58 loss_total=0.664931 loss_rec=0.587227 valid_auc=0.692210 valid_rmse=0.474149 q_change=54 q_delta=0.424121 q_grad=0.002300
epoch=59 loss_total=0.664828 loss_rec=0.587291 valid_auc=0.691563 valid_rmse=0.472259 q_change=54 q_delta=0.424613 q_grad=0.002289
epoch=60 loss_total=0.664121 loss_rec=0.586678 valid_auc=0.692969 valid_rmse=0.473628 q_change=54 q_delta=0.424784 q_grad=0.002343
epoch=61 loss_total=0.662682 loss_rec=0.585324 valid_auc=0.692556 valid_rmse=0.473173 q_change=54 q_delta=0.425124 q_grad=0.002391
epoch=62 loss_total=0.660176 loss_rec=0.582943 valid_auc=0.691473 valid_rmse=0.472868 q_change=54 q_delta=0.425394 q_grad=0.002355
epoch=63 loss_total=0.661184 loss_rec=0.584011 valid_auc=0.689978 valid_rmse=0.474022 q_change=53 q_delta=0.425513 q_grad=0.002400
epoch=64 loss_total=0.663610 loss_rec=0.586541 valid_auc=0.693605 valid_rmse=0.475219 q_change=53 q_delta=0.425628 q_grad=0.002465
epoch=65 loss_total=0.657986 loss_rec=0.580980 valid_auc=0.691138 valid_rmse=0.473334 q_change=53 q_delta=0.425984 q_grad=0.002357
epoch=66 loss_total=0.658422 loss_rec=0.581508 valid_auc=0.691094 valid_rmse=0.473921 q_change=53 q_delta=0.426114 q_grad=0.002511
epoch=67 loss_total=0.660793 loss_rec=0.583974 valid_auc=0.690145 valid_rmse=0.474937 q_change=53 q_delta=0.426330 q_grad=0.002501
epoch=68 loss_total=0.656305 loss_rec=0.579550 valid_auc=0.690379 valid_rmse=0.476252 q_change=53 q_delta=0.426501 q_grad=0.002503
epoch=69 loss_total=0.653132 loss_rec=0.576444 valid_auc=0.693326 valid_rmse=0.480797 q_change=53 q_delta=0.426577 q_grad=0.002602
epoch=70 loss_total=0.652036 loss_rec=0.575394 valid_auc=0.689118 valid_rmse=0.474521 q_change=53 q_delta=0.426983 q_grad=0.002610
epoch=71 loss_total=0.654177 loss_rec=0.577629 valid_auc=0.689855 valid_rmse=0.474485 q_change=53 q_delta=0.427173 q_grad=0.002619
epoch=72 loss_total=0.653080 loss_rec=0.576563 valid_auc=0.688783 valid_rmse=0.475112 q_change=53 q_delta=0.427288 q_grad=0.002644
epoch=73 loss_total=0.649002 loss_rec=0.572587 valid_auc=0.686417 valid_rmse=0.475772 q_change=53 q_delta=0.427484 q_grad=0.002702
epoch=74 loss_total=0.653313 loss_rec=0.576952 valid_auc=0.688873 valid_rmse=0.476062 q_change=53 q_delta=0.427645 q_grad=0.002658
epoch=75 loss_total=0.651368 loss_rec=0.575027 valid_auc=0.685915 valid_rmse=0.482029 q_change=53 q_delta=0.427612 q_grad=0.002671
Early stopping at epoch 75; best_epoch=55.
Saved run to C:\Users\YAN_SHU_YU\Desktop\Generative-CD\Q_GNCDM\results\weak_q_lambda_sweep\lq_0p2_ls_0p5_lb_0p3\seed_2026\noise_0.20\weak-q_lq_0p2_ls_0p5_lb_0p3
Final metrics: q_hat_f1=0.101695 response_auc=0.686749 mastery_pearson=0.327663
