run=weak-q_lq_0p9_ls_0p9_lb_0p3 mode=weak-q noise=0.20 train=4200 valid=600 test=1200
epoch=1 loss_total=1.191605 loss_rec=0.725661 valid_auc=0.587489 valid_rmse=0.499756 q_change=57 q_delta=0.078173 q_grad=0.000872
epoch=2 loss_total=1.111723 loss_rec=0.705896 valid_auc=0.593181 valid_rmse=0.499318 q_change=57 q_delta=0.144753 q_grad=0.000719
epoch=3 loss_total=1.060919 loss_rec=0.699914 valid_auc=0.604185 valid_rmse=0.498536 q_change=57 q_delta=0.198630 q_grad=0.000588
epoch=4 loss_total=1.021782 loss_rec=0.693526 valid_auc=0.620770 valid_rmse=0.497790 q_change=57 q_delta=0.241319 q_grad=0.000480
epoch=5 loss_total=0.997729 loss_rec=0.692967 valid_auc=0.641429 valid_rmse=0.495718 q_change=57 q_delta=0.274267 q_grad=0.000401
epoch=6 loss_total=0.974911 loss_rec=0.686978 valid_auc=0.657243 valid_rmse=0.493923 q_change=57 q_delta=0.299020 q_grad=0.000358
epoch=7 loss_total=0.951893 loss_rec=0.675736 valid_auc=0.659085 valid_rmse=0.489779 q_change=57 q_delta=0.316750 q_grad=0.000369
epoch=8 loss_total=0.931442 loss_rec=0.662875 valid_auc=0.657176 valid_rmse=0.484351 q_change=57 q_delta=0.328248 q_grad=0.000485
epoch=9 loss_total=0.914617 loss_rec=0.651163 valid_auc=0.667433 valid_rmse=0.478468 q_change=57 q_delta=0.337477 q_grad=0.000657
epoch=10 loss_total=0.909911 loss_rec=0.650842 valid_auc=0.669676 valid_rmse=0.478167 q_change=57 q_delta=0.344827 q_grad=0.000765
epoch=11 loss_total=0.903126 loss_rec=0.647217 valid_auc=0.672545 valid_rmse=0.476561 q_change=57 q_delta=0.351012 q_grad=0.000903
epoch=12 loss_total=0.890390 loss_rec=0.637214 valid_auc=0.676853 valid_rmse=0.477159 q_change=57 q_delta=0.355558 q_grad=0.001000
epoch=13 loss_total=0.885128 loss_rec=0.634145 valid_auc=0.679219 valid_rmse=0.474246 q_change=57 q_delta=0.359643 q_grad=0.001058
epoch=14 loss_total=0.882886 loss_rec=0.633486 valid_auc=0.679420 valid_rmse=0.475720 q_change=57 q_delta=0.362253 q_grad=0.001192
epoch=15 loss_total=0.878143 loss_rec=0.630034 valid_auc=0.680123 valid_rmse=0.473742 q_change=57 q_delta=0.364910 q_grad=0.001296
epoch=16 loss_total=0.878074 loss_rec=0.630983 valid_auc=0.682879 valid_rmse=0.473690 q_change=57 q_delta=0.366686 q_grad=0.001435
epoch=17 loss_total=0.874410 loss_rec=0.628261 valid_auc=0.681819 valid_rmse=0.473922 q_change=57 q_delta=0.368330 q_grad=0.001406
epoch=18 loss_total=0.867616 loss_rec=0.622122 valid_auc=0.683828 valid_rmse=0.472994 q_change=57 q_delta=0.369827 q_grad=0.001469
epoch=19 loss_total=0.865924 loss_rec=0.621189 valid_auc=0.684431 valid_rmse=0.474303 q_change=57 q_delta=0.371225 q_grad=0.001591
epoch=20 loss_total=0.863551 loss_rec=0.619269 valid_auc=0.687187 valid_rmse=0.472153 q_change=57 q_delta=0.372436 q_grad=0.001687
epoch=21 loss_total=0.858935 loss_rec=0.615105 valid_auc=0.687768 valid_rmse=0.474288 q_change=57 q_delta=0.373128 q_grad=0.001620
epoch=22 loss_total=0.856999 loss_rec=0.613464 valid_auc=0.687846 valid_rmse=0.473223 q_change=56 q_delta=0.373858 q_grad=0.001767
epoch=23 loss_total=0.854243 loss_rec=0.610975 valid_auc=0.685413 valid_rmse=0.472921 q_change=56 q_delta=0.375340 q_grad=0.001751
epoch=24 loss_total=0.849414 loss_rec=0.606400 valid_auc=0.684576 valid_rmse=0.473707 q_change=56 q_delta=0.376400 q_grad=0.001780
epoch=25 loss_total=0.851162 loss_rec=0.608344 valid_auc=0.685324 valid_rmse=0.473627 q_change=56 q_delta=0.377238 q_grad=0.001911
epoch=26 loss_total=0.848388 loss_rec=0.605742 valid_auc=0.686987 valid_rmse=0.474322 q_change=56 q_delta=0.378207 q_grad=0.001890
epoch=27 loss_total=0.844749 loss_rec=0.602135 valid_auc=0.688058 valid_rmse=0.475166 q_change=56 q_delta=0.378934 q_grad=0.001868
epoch=28 loss_total=0.847662 loss_rec=0.605261 valid_auc=0.686574 valid_rmse=0.473984 q_change=55 q_delta=0.380023 q_grad=0.001944
epoch=29 loss_total=0.841416 loss_rec=0.599155 valid_auc=0.690022 valid_rmse=0.473272 q_change=54 q_delta=0.380807 q_grad=0.001975
epoch=30 loss_total=0.840758 loss_rec=0.598507 valid_auc=0.690915 valid_rmse=0.473765 q_change=54 q_delta=0.381529 q_grad=0.001946
epoch=31 loss_total=0.836720 loss_rec=0.594347 valid_auc=0.690078 valid_rmse=0.473788 q_change=53 q_delta=0.382651 q_grad=0.001982
epoch=32 loss_total=0.838433 loss_rec=0.596101 valid_auc=0.692266 valid_rmse=0.473748 q_change=52 q_delta=0.383702 q_grad=0.002035
epoch=33 loss_total=0.835974 loss_rec=0.593611 valid_auc=0.690435 valid_rmse=0.471722 q_change=52 q_delta=0.384942 q_grad=0.002025
epoch=34 loss_total=0.834967 loss_rec=0.592613 valid_auc=0.688616 valid_rmse=0.472188 q_change=51 q_delta=0.385821 q_grad=0.002012
epoch=35 loss_total=0.834605 loss_rec=0.592254 valid_auc=0.692935 valid_rmse=0.471001 q_change=51 q_delta=0.386788 q_grad=0.001997
epoch=36 loss_total=0.828608 loss_rec=0.586021 valid_auc=0.694040 valid_rmse=0.471965 q_change=51 q_delta=0.387414 q_grad=0.002075
epoch=37 loss_total=0.823893 loss_rec=0.581162 valid_auc=0.693281 valid_rmse=0.472664 q_change=51 q_delta=0.388296 q_grad=0.002076
epoch=38 loss_total=0.821532 loss_rec=0.578840 valid_auc=0.693337 valid_rmse=0.474350 q_change=50 q_delta=0.389167 q_grad=0.002193
epoch=39 loss_total=0.822219 loss_rec=0.579440 valid_auc=0.692277 valid_rmse=0.471718 q_change=49 q_delta=0.390189 q_grad=0.002132
epoch=40 loss_total=0.817988 loss_rec=0.575141 valid_auc=0.693248 valid_rmse=0.472048 q_change=49 q_delta=0.390902 q_grad=0.002188
epoch=41 loss_total=0.812885 loss_rec=0.570009 valid_auc=0.694275 valid_rmse=0.473458 q_change=49 q_delta=0.391929 q_grad=0.002196
epoch=42 loss_total=0.815222 loss_rec=0.572238 valid_auc=0.690190 valid_rmse=0.473111 q_change=50 q_delta=0.393223 q_grad=0.002311
epoch=43 loss_total=0.809348 loss_rec=0.566217 valid_auc=0.691920 valid_rmse=0.473609 q_change=49 q_delta=0.393950 q_grad=0.002281
epoch=44 loss_total=0.808683 loss_rec=0.565538 valid_auc=0.689621 valid_rmse=0.474483 q_change=50 q_delta=0.395075 q_grad=0.002338
epoch=45 loss_total=0.803053 loss_rec=0.559903 valid_auc=0.690324 valid_rmse=0.478893 q_change=50 q_delta=0.395675 q_grad=0.002404
epoch=46 loss_total=0.802981 loss_rec=0.559731 valid_auc=0.693058 valid_rmse=0.472395 q_change=50 q_delta=0.396701 q_grad=0.002391
epoch=47 loss_total=0.799038 loss_rec=0.555746 valid_auc=0.691060 valid_rmse=0.475368 q_change=50 q_delta=0.397354 q_grad=0.002426
epoch=48 loss_total=0.795562 loss_rec=0.552245 valid_auc=0.691127 valid_rmse=0.474464 q_change=50 q_delta=0.398157 q_grad=0.002519
epoch=49 loss_total=0.791775 loss_rec=0.548451 valid_auc=0.693560 valid_rmse=0.473256 q_change=50 q_delta=0.398675 q_grad=0.002545
epoch=50 loss_total=0.785928 loss_rec=0.542526 valid_auc=0.690592 valid_rmse=0.476034 q_change=50 q_delta=0.399227 q_grad=0.002537
epoch=51 loss_total=0.784664 loss_rec=0.541352 valid_auc=0.691730 valid_rmse=0.477002 q_change=50 q_delta=0.399609 q_grad=0.002637
epoch=52 loss_total=0.786141 loss_rec=0.542848 valid_auc=0.689676 valid_rmse=0.475880 q_change=50 q_delta=0.400217 q_grad=0.002693
epoch=53 loss_total=0.785958 loss_rec=0.542636 valid_auc=0.691094 valid_rmse=0.474436 q_change=50 q_delta=0.400709 q_grad=0.002719
epoch=54 loss_total=0.777330 loss_rec=0.533973 valid_auc=0.685714 valid_rmse=0.477913 q_change=50 q_delta=0.400956 q_grad=0.002720
epoch=55 loss_total=0.773729 loss_rec=0.530440 valid_auc=0.693103 valid_rmse=0.474580 q_change=50 q_delta=0.401297 q_grad=0.002730
epoch=56 loss_total=0.773833 loss_rec=0.530547 valid_auc=0.686953 valid_rmse=0.477525 q_change=50 q_delta=0.401527 q_grad=0.002806
epoch=57 loss_total=0.771594 loss_rec=0.528317 valid_auc=0.686484 valid_rmse=0.479671 q_change=50 q_delta=0.401799 q_grad=0.002917
epoch=58 loss_total=0.765300 loss_rec=0.522072 valid_auc=0.686864 valid_rmse=0.481451 q_change=50 q_delta=0.402131 q_grad=0.002844
epoch=59 loss_total=0.765474 loss_rec=0.522400 valid_auc=0.690167 valid_rmse=0.476535 q_change=50 q_delta=0.402497 q_grad=0.002857
epoch=60 loss_total=0.764114 loss_rec=0.521127 valid_auc=0.688650 valid_rmse=0.478109 q_change=50 q_delta=0.402702 q_grad=0.002850
epoch=61 loss_total=0.761573 loss_rec=0.518540 valid_auc=0.685525 valid_rmse=0.478857 q_change=50 q_delta=0.403021 q_grad=0.002999
Early stopping at epoch 61; best_epoch=41.
Saved run to C:\Users\YAN_SHU_YU\Desktop\Generative-CD\Q_GNCDM\results\weak_q_lambda_sweep\lq_0p9_ls_0p9_lb_0p3\seed_2026\noise_0.20\weak-q_lq_0p9_ls_0p9_lb_0p3
Final metrics: q_hat_f1=0.250000 response_auc=0.689927 mastery_pearson=0.403565
