run=weak-q_lq_0p7_ls_0p8_lb_0p6 mode=weak-q noise=0.20 train=4200 valid=600 test=1200
epoch=1 loss_total=1.220570 loss_rec=0.725665 valid_auc=0.587500 valid_rmse=0.499758 q_change=57 q_delta=0.079116 q_grad=0.000825
epoch=2 loss_total=1.139697 loss_rec=0.705974 valid_auc=0.593225 valid_rmse=0.499346 q_change=57 q_delta=0.149258 q_grad=0.000741
epoch=3 loss_total=1.082349 loss_rec=0.700177 valid_auc=0.604118 valid_rmse=0.498642 q_change=57 q_delta=0.207970 q_grad=0.000653
epoch=4 loss_total=1.034597 loss_rec=0.694179 valid_auc=0.620547 valid_rmse=0.498094 q_change=57 q_delta=0.255387 q_grad=0.000564
epoch=5 loss_total=1.002230 loss_rec=0.694370 valid_auc=0.640670 valid_rmse=0.496459 q_change=57 q_delta=0.292422 q_grad=0.000483
epoch=6 loss_total=0.973017 loss_rec=0.690177 valid_auc=0.656317 valid_rmse=0.495750 q_change=57 q_delta=0.320790 q_grad=0.000419
epoch=7 loss_total=0.947181 loss_rec=0.683288 valid_auc=0.657612 valid_rmse=0.493967 q_change=57 q_delta=0.342232 q_grad=0.000381
epoch=8 loss_total=0.926851 loss_rec=0.676831 valid_auc=0.653002 valid_rmse=0.490449 q_change=57 q_delta=0.357495 q_grad=0.000387
epoch=9 loss_total=0.907355 loss_rec=0.667103 valid_auc=0.657757 valid_rmse=0.483779 q_change=57 q_delta=0.368635 q_grad=0.000473
epoch=10 loss_total=0.896317 loss_rec=0.663562 valid_auc=0.659353 valid_rmse=0.482316 q_change=57 q_delta=0.377223 q_grad=0.000565
epoch=11 loss_total=0.886334 loss_rec=0.659300 valid_auc=0.660179 valid_rmse=0.481214 q_change=57 q_delta=0.384626 q_grad=0.000672
epoch=12 loss_total=0.872049 loss_rec=0.650184 valid_auc=0.663996 valid_rmse=0.481804 q_change=57 q_delta=0.390715 q_grad=0.000738
epoch=13 loss_total=0.865907 loss_rec=0.648384 valid_auc=0.666016 valid_rmse=0.478544 q_change=57 q_delta=0.395971 q_grad=0.000759
epoch=14 loss_total=0.861593 loss_rec=0.647436 valid_auc=0.668259 valid_rmse=0.479850 q_change=57 q_delta=0.399942 q_grad=0.000847
epoch=15 loss_total=0.857285 loss_rec=0.646038 valid_auc=0.667065 valid_rmse=0.478166 q_change=57 q_delta=0.403742 q_grad=0.000902
epoch=16 loss_total=0.855587 loss_rec=0.646747 valid_auc=0.669096 valid_rmse=0.478055 q_change=57 q_delta=0.406646 q_grad=0.000999
epoch=17 loss_total=0.852772 loss_rec=0.646110 valid_auc=0.670848 valid_rmse=0.478508 q_change=57 q_delta=0.409205 q_grad=0.000981
epoch=18 loss_total=0.845759 loss_rec=0.640890 valid_auc=0.671574 valid_rmse=0.477486 q_change=57 q_delta=0.411541 q_grad=0.001024
epoch=19 loss_total=0.842666 loss_rec=0.639441 valid_auc=0.671875 valid_rmse=0.477483 q_change=57 q_delta=0.413514 q_grad=0.001106
epoch=20 loss_total=0.841142 loss_rec=0.639253 valid_auc=0.675536 valid_rmse=0.475945 q_change=57 q_delta=0.415362 q_grad=0.001207
epoch=21 loss_total=0.836965 loss_rec=0.636355 valid_auc=0.676629 valid_rmse=0.476916 q_change=57 q_delta=0.416663 q_grad=0.001168
epoch=22 loss_total=0.835724 loss_rec=0.636094 valid_auc=0.677958 valid_rmse=0.475544 q_change=57 q_delta=0.417905 q_grad=0.001286
epoch=23 loss_total=0.831900 loss_rec=0.633172 valid_auc=0.677433 valid_rmse=0.475100 q_change=57 q_delta=0.419171 q_grad=0.001306
epoch=24 loss_total=0.827154 loss_rec=0.629279 valid_auc=0.677199 valid_rmse=0.475467 q_change=57 q_delta=0.420134 q_grad=0.001365
epoch=25 loss_total=0.829696 loss_rec=0.632504 valid_auc=0.678538 valid_rmse=0.475121 q_change=57 q_delta=0.420860 q_grad=0.001499
epoch=26 loss_total=0.826835 loss_rec=0.630231 valid_auc=0.679319 valid_rmse=0.475984 q_change=57 q_delta=0.421551 q_grad=0.001511
epoch=27 loss_total=0.824160 loss_rec=0.627978 valid_auc=0.682545 valid_rmse=0.475518 q_change=57 q_delta=0.421993 q_grad=0.001525
epoch=28 loss_total=0.825615 loss_rec=0.629863 valid_auc=0.682087 valid_rmse=0.474568 q_change=57 q_delta=0.422579 q_grad=0.001615
epoch=29 loss_total=0.821501 loss_rec=0.626066 valid_auc=0.684531 valid_rmse=0.474195 q_change=57 q_delta=0.422886 q_grad=0.001680
epoch=30 loss_total=0.822020 loss_rec=0.626845 valid_auc=0.684375 valid_rmse=0.474288 q_change=57 q_delta=0.423041 q_grad=0.001665
epoch=31 loss_total=0.817951 loss_rec=0.622766 valid_auc=0.687188 valid_rmse=0.473872 q_change=57 q_delta=0.423046 q_grad=0.001712
epoch=32 loss_total=0.819452 loss_rec=0.624364 valid_auc=0.689386 valid_rmse=0.474599 q_change=56 q_delta=0.422979 q_grad=0.001781
epoch=33 loss_total=0.817610 loss_rec=0.622513 valid_auc=0.685558 valid_rmse=0.472953 q_change=56 q_delta=0.423785 q_grad=0.001758
epoch=34 loss_total=0.816123 loss_rec=0.621121 valid_auc=0.685569 valid_rmse=0.472747 q_change=56 q_delta=0.424349 q_grad=0.001784
epoch=35 loss_total=0.817049 loss_rec=0.622122 valid_auc=0.688962 valid_rmse=0.471939 q_change=56 q_delta=0.424854 q_grad=0.001771
epoch=36 loss_total=0.813510 loss_rec=0.618563 valid_auc=0.690949 valid_rmse=0.472509 q_change=56 q_delta=0.425020 q_grad=0.001819
epoch=37 loss_total=0.807386 loss_rec=0.612443 valid_auc=0.690714 valid_rmse=0.472271 q_change=56 q_delta=0.425323 q_grad=0.001830
epoch=38 loss_total=0.806642 loss_rec=0.611817 valid_auc=0.689464 valid_rmse=0.474639 q_change=56 q_delta=0.425554 q_grad=0.001941
epoch=39 loss_total=0.809369 loss_rec=0.614584 valid_auc=0.691016 valid_rmse=0.471640 q_change=56 q_delta=0.425856 q_grad=0.001878
epoch=40 loss_total=0.804821 loss_rec=0.610061 valid_auc=0.691484 valid_rmse=0.471741 q_change=56 q_delta=0.425903 q_grad=0.001911
epoch=41 loss_total=0.800234 loss_rec=0.605504 valid_auc=0.693828 valid_rmse=0.471980 q_change=55 q_delta=0.426039 q_grad=0.001916
epoch=42 loss_total=0.804483 loss_rec=0.609750 valid_auc=0.690982 valid_rmse=0.472011 q_change=55 q_delta=0.426629 q_grad=0.001978
epoch=43 loss_total=0.799735 loss_rec=0.604929 valid_auc=0.692489 valid_rmse=0.471627 q_change=55 q_delta=0.426988 q_grad=0.001918
epoch=44 loss_total=0.800443 loss_rec=0.605726 valid_auc=0.692545 valid_rmse=0.471879 q_change=55 q_delta=0.427540 q_grad=0.001983
epoch=45 loss_total=0.796987 loss_rec=0.602374 valid_auc=0.694107 valid_rmse=0.474497 q_change=55 q_delta=0.427896 q_grad=0.002007
epoch=46 loss_total=0.797899 loss_rec=0.603311 valid_auc=0.695804 valid_rmse=0.470159 q_change=55 q_delta=0.428421 q_grad=0.001960
epoch=47 loss_total=0.795215 loss_rec=0.600774 valid_auc=0.697065 valid_rmse=0.470788 q_change=55 q_delta=0.428822 q_grad=0.001986
epoch=48 loss_total=0.794892 loss_rec=0.600518 valid_auc=0.695960 valid_rmse=0.470313 q_change=55 q_delta=0.429147 q_grad=0.002032
epoch=49 loss_total=0.792541 loss_rec=0.598233 valid_auc=0.696975 valid_rmse=0.470363 q_change=55 q_delta=0.429422 q_grad=0.002063
epoch=50 loss_total=0.788452 loss_rec=0.594223 valid_auc=0.694621 valid_rmse=0.471245 q_change=55 q_delta=0.429715 q_grad=0.001972
epoch=51 loss_total=0.788846 loss_rec=0.594751 valid_auc=0.696987 valid_rmse=0.472526 q_change=54 q_delta=0.429914 q_grad=0.002104
epoch=52 loss_total=0.790265 loss_rec=0.596286 valid_auc=0.694464 valid_rmse=0.471095 q_change=54 q_delta=0.430269 q_grad=0.002108
epoch=53 loss_total=0.791782 loss_rec=0.597872 valid_auc=0.696373 valid_rmse=0.470629 q_change=54 q_delta=0.430514 q_grad=0.002116
epoch=54 loss_total=0.783789 loss_rec=0.589995 valid_auc=0.694275 valid_rmse=0.472120 q_change=54 q_delta=0.430708 q_grad=0.002080
epoch=55 loss_total=0.783151 loss_rec=0.589495 valid_auc=0.698527 valid_rmse=0.470488 q_change=54 q_delta=0.430906 q_grad=0.002136
epoch=56 loss_total=0.784559 loss_rec=0.590976 valid_auc=0.695770 valid_rmse=0.471026 q_change=54 q_delta=0.431098 q_grad=0.002170
epoch=57 loss_total=0.782527 loss_rec=0.589016 valid_auc=0.696228 valid_rmse=0.473325 q_change=54 q_delta=0.431145 q_grad=0.002245
epoch=58 loss_total=0.779103 loss_rec=0.585626 valid_auc=0.694844 valid_rmse=0.474062 q_change=54 q_delta=0.431291 q_grad=0.002209
epoch=59 loss_total=0.779299 loss_rec=0.585986 valid_auc=0.693817 valid_rmse=0.471667 q_change=54 q_delta=0.431564 q_grad=0.002204
epoch=60 loss_total=0.778480 loss_rec=0.585222 valid_auc=0.694855 valid_rmse=0.473100 q_change=54 q_delta=0.431593 q_grad=0.002242
epoch=61 loss_total=0.776936 loss_rec=0.583677 valid_auc=0.694152 valid_rmse=0.472724 q_change=54 q_delta=0.431679 q_grad=0.002303
epoch=62 loss_total=0.774091 loss_rec=0.580865 valid_auc=0.692891 valid_rmse=0.472475 q_change=54 q_delta=0.431718 q_grad=0.002271
epoch=63 loss_total=0.774665 loss_rec=0.581379 valid_auc=0.690854 valid_rmse=0.473469 q_change=54 q_delta=0.431560 q_grad=0.002308
epoch=64 loss_total=0.776904 loss_rec=0.583585 valid_auc=0.694632 valid_rmse=0.475334 q_change=54 q_delta=0.431425 q_grad=0.002364
epoch=65 loss_total=0.770652 loss_rec=0.577230 valid_auc=0.691708 valid_rmse=0.473011 q_change=54 q_delta=0.431404 q_grad=0.002262
epoch=66 loss_total=0.770528 loss_rec=0.576983 valid_auc=0.690714 valid_rmse=0.474134 q_change=54 q_delta=0.431132 q_grad=0.002413
epoch=67 loss_total=0.771556 loss_rec=0.577855 valid_auc=0.688594 valid_rmse=0.475572 q_change=53 q_delta=0.430917 q_grad=0.002407
epoch=68 loss_total=0.765870 loss_rec=0.571963 valid_auc=0.690212 valid_rmse=0.477183 q_change=53 q_delta=0.431085 q_grad=0.002421
epoch=69 loss_total=0.761344 loss_rec=0.567258 valid_auc=0.692299 valid_rmse=0.482280 q_change=52 q_delta=0.431166 q_grad=0.002517
epoch=70 loss_total=0.758752 loss_rec=0.564429 valid_auc=0.687154 valid_rmse=0.475581 q_change=51 q_delta=0.431463 q_grad=0.002546
epoch=71 loss_total=0.759281 loss_rec=0.564827 valid_auc=0.688438 valid_rmse=0.475456 q_change=51 q_delta=0.431713 q_grad=0.002575
epoch=72 loss_total=0.756928 loss_rec=0.562266 valid_auc=0.688002 valid_rmse=0.475920 q_change=51 q_delta=0.432268 q_grad=0.002590
epoch=73 loss_total=0.751233 loss_rec=0.556488 valid_auc=0.685201 valid_rmse=0.476997 q_change=51 q_delta=0.432766 q_grad=0.002666
epoch=74 loss_total=0.754578 loss_rec=0.559715 valid_auc=0.685301 valid_rmse=0.478004 q_change=51 q_delta=0.433133 q_grad=0.002616
epoch=75 loss_total=0.752010 loss_rec=0.557044 valid_auc=0.680625 valid_rmse=0.486299 q_change=51 q_delta=0.433370 q_grad=0.002628
Early stopping at epoch 75; best_epoch=55.
Saved run to C:\Users\YAN_SHU_YU\Desktop\Generative-CD\Q_GNCDM\results\weak_q_lambda_sweep\lq_0p7_ls_0p8_lb_0p6\seed_2026\noise_0.20\weak-q_lq_0p7_ls_0p8_lb_0p6
Final metrics: q_hat_f1=0.101695 response_auc=0.686661 mastery_pearson=0.333079
