run=weak-q_lq_0p3_ls_0p4_lb_0p9 mode=weak-q noise=0.20 train=4200 valid=600 test=1200
epoch=1 loss_total=1.118842 loss_rec=0.725669 valid_auc=0.587768 valid_rmse=0.499758 q_change=57 q_delta=0.080873 q_grad=0.000491
epoch=2 loss_total=1.056298 loss_rec=0.706100 valid_auc=0.594688 valid_rmse=0.499372 q_change=57 q_delta=0.158093 q_grad=0.000530
epoch=3 loss_total=1.005181 loss_rec=0.700574 valid_auc=0.608058 valid_rmse=0.498761 q_change=57 q_delta=0.225384 q_grad=0.000536
epoch=4 loss_total=0.956601 loss_rec=0.695082 valid_auc=0.625586 valid_rmse=0.498453 q_change=57 q_delta=0.279555 q_grad=0.000507
epoch=5 loss_total=0.921044 loss_rec=0.696036 valid_auc=0.645190 valid_rmse=0.497255 q_change=57 q_delta=0.320505 q_grad=0.000455
epoch=6 loss_total=0.889171 loss_rec=0.693286 valid_auc=0.659275 valid_rmse=0.497394 q_change=57 q_delta=0.350667 q_grad=0.000397
epoch=7 loss_total=0.862808 loss_rec=0.689404 valid_auc=0.660938 valid_rmse=0.497283 q_change=57 q_delta=0.372925 q_grad=0.000346
epoch=8 loss_total=0.844699 loss_rec=0.688365 valid_auc=0.653588 valid_rmse=0.496807 q_change=57 q_delta=0.389206 q_grad=0.000303
epoch=9 loss_total=0.830464 loss_rec=0.686920 valid_auc=0.654687 valid_rmse=0.494360 q_change=57 q_delta=0.401334 q_grad=0.000285
epoch=10 loss_total=0.820528 loss_rec=0.686682 valid_auc=0.657835 valid_rmse=0.493322 q_change=57 q_delta=0.409932 q_grad=0.000276
epoch=11 loss_total=0.808586 loss_rec=0.681525 valid_auc=0.658114 valid_rmse=0.489657 q_change=57 q_delta=0.416089 q_grad=0.000303
epoch=12 loss_total=0.791057 loss_rec=0.669087 valid_auc=0.659821 valid_rmse=0.487765 q_change=57 q_delta=0.420542 q_grad=0.000375
epoch=13 loss_total=0.781598 loss_rec=0.663811 valid_auc=0.660859 valid_rmse=0.483225 q_change=57 q_delta=0.424588 q_grad=0.000434
epoch=14 loss_total=0.774452 loss_rec=0.660178 valid_auc=0.660000 valid_rmse=0.484546 q_change=57 q_delta=0.427886 q_grad=0.000507
epoch=15 loss_total=0.770064 loss_rec=0.658930 valid_auc=0.658962 valid_rmse=0.482300 q_change=57 q_delta=0.431038 q_grad=0.000549
epoch=16 loss_total=0.766615 loss_rec=0.658076 valid_auc=0.659018 valid_rmse=0.481943 q_change=57 q_delta=0.433488 q_grad=0.000614
epoch=17 loss_total=0.764682 loss_rec=0.658507 valid_auc=0.660335 valid_rmse=0.482655 q_change=57 q_delta=0.435695 q_grad=0.000595
epoch=18 loss_total=0.757788 loss_rec=0.653656 valid_auc=0.660848 valid_rmse=0.482477 q_change=57 q_delta=0.437693 q_grad=0.000604
epoch=19 loss_total=0.754224 loss_rec=0.651860 valid_auc=0.660100 valid_rmse=0.482085 q_change=57 q_delta=0.439379 q_grad=0.000634
epoch=20 loss_total=0.753381 loss_rec=0.652527 valid_auc=0.662790 valid_rmse=0.480759 q_change=57 q_delta=0.440999 q_grad=0.000686
epoch=21 loss_total=0.749539 loss_rec=0.650165 valid_auc=0.661853 valid_rmse=0.481464 q_change=57 q_delta=0.442248 q_grad=0.000646
epoch=22 loss_total=0.749346 loss_rec=0.651178 valid_auc=0.660837 valid_rmse=0.480682 q_change=57 q_delta=0.443490 q_grad=0.000688
epoch=23 loss_total=0.745613 loss_rec=0.648594 valid_auc=0.660100 valid_rmse=0.480768 q_change=57 q_delta=0.444659 q_grad=0.000689
epoch=24 loss_total=0.741871 loss_rec=0.645938 valid_auc=0.661652 valid_rmse=0.481486 q_change=57 q_delta=0.445626 q_grad=0.000703
epoch=25 loss_total=0.743750 loss_rec=0.648695 valid_auc=0.660681 valid_rmse=0.480659 q_change=57 q_delta=0.446494 q_grad=0.000750
epoch=26 loss_total=0.741786 loss_rec=0.647585 valid_auc=0.659844 valid_rmse=0.480893 q_change=57 q_delta=0.447318 q_grad=0.000758
epoch=27 loss_total=0.740316 loss_rec=0.646845 valid_auc=0.661239 valid_rmse=0.480513 q_change=57 q_delta=0.448071 q_grad=0.000748
epoch=28 loss_total=0.740527 loss_rec=0.647768 valid_auc=0.663259 valid_rmse=0.480533 q_change=57 q_delta=0.448750 q_grad=0.000770
epoch=29 loss_total=0.738724 loss_rec=0.646623 valid_auc=0.663214 valid_rmse=0.480154 q_change=57 q_delta=0.449403 q_grad=0.000798
epoch=30 loss_total=0.739487 loss_rec=0.647974 valid_auc=0.663683 valid_rmse=0.481019 q_change=57 q_delta=0.449899 q_grad=0.000796
epoch=31 loss_total=0.736233 loss_rec=0.645221 valid_auc=0.662132 valid_rmse=0.480040 q_change=57 q_delta=0.450525 q_grad=0.000806
epoch=32 loss_total=0.738121 loss_rec=0.647634 valid_auc=0.663549 valid_rmse=0.480117 q_change=57 q_delta=0.450955 q_grad=0.000834
epoch=33 loss_total=0.736881 loss_rec=0.646782 valid_auc=0.662478 valid_rmse=0.479331 q_change=57 q_delta=0.451512 q_grad=0.000828
epoch=34 loss_total=0.736319 loss_rec=0.646699 valid_auc=0.662221 valid_rmse=0.479545 q_change=57 q_delta=0.451859 q_grad=0.000845
epoch=35 loss_total=0.738034 loss_rec=0.648797 valid_auc=0.664174 valid_rmse=0.479357 q_change=57 q_delta=0.452230 q_grad=0.000834
epoch=36 loss_total=0.734629 loss_rec=0.645742 valid_auc=0.663862 valid_rmse=0.480526 q_change=57 q_delta=0.452523 q_grad=0.000871
epoch=37 loss_total=0.731573 loss_rec=0.643033 valid_auc=0.666071 valid_rmse=0.479465 q_change=57 q_delta=0.452877 q_grad=0.000887
epoch=38 loss_total=0.730172 loss_rec=0.641924 valid_auc=0.664754 valid_rmse=0.480289 q_change=57 q_delta=0.453170 q_grad=0.000950
epoch=39 loss_total=0.733215 loss_rec=0.645288 valid_auc=0.665279 valid_rmse=0.478689 q_change=57 q_delta=0.453587 q_grad=0.000933
epoch=40 loss_total=0.730576 loss_rec=0.642972 valid_auc=0.665926 valid_rmse=0.479214 q_change=57 q_delta=0.453827 q_grad=0.000968
epoch=41 loss_total=0.727182 loss_rec=0.639851 valid_auc=0.666563 valid_rmse=0.478653 q_change=57 q_delta=0.454097 q_grad=0.000971
epoch=42 loss_total=0.731579 loss_rec=0.644485 valid_auc=0.664319 valid_rmse=0.479320 q_change=57 q_delta=0.454345 q_grad=0.001016
epoch=43 loss_total=0.728496 loss_rec=0.641619 valid_auc=0.664353 valid_rmse=0.478837 q_change=57 q_delta=0.454574 q_grad=0.000995
epoch=44 loss_total=0.729206 loss_rec=0.642550 valid_auc=0.664208 valid_rmse=0.479124 q_change=57 q_delta=0.454793 q_grad=0.001045
epoch=45 loss_total=0.726714 loss_rec=0.640274 valid_auc=0.665402 valid_rmse=0.479673 q_change=57 q_delta=0.454947 q_grad=0.001069
epoch=46 loss_total=0.729378 loss_rec=0.643092 valid_auc=0.666395 valid_rmse=0.477992 q_change=57 q_delta=0.455177 q_grad=0.001078
epoch=47 loss_total=0.726856 loss_rec=0.640767 valid_auc=0.666563 valid_rmse=0.478305 q_change=57 q_delta=0.455316 q_grad=0.001111
epoch=48 loss_total=0.728713 loss_rec=0.642787 valid_auc=0.667891 valid_rmse=0.477547 q_change=57 q_delta=0.455506 q_grad=0.001123
epoch=49 loss_total=0.727093 loss_rec=0.641283 valid_auc=0.668493 valid_rmse=0.477684 q_change=57 q_delta=0.455643 q_grad=0.001162
epoch=50 loss_total=0.723985 loss_rec=0.638346 valid_auc=0.667400 valid_rmse=0.477676 q_change=57 q_delta=0.455769 q_grad=0.001114
epoch=51 loss_total=0.724487 loss_rec=0.638935 valid_auc=0.665960 valid_rmse=0.478870 q_change=57 q_delta=0.455823 q_grad=0.001248
epoch=52 loss_total=0.725734 loss_rec=0.640286 valid_auc=0.667344 valid_rmse=0.477836 q_change=57 q_delta=0.455979 q_grad=0.001282
epoch=53 loss_total=0.726605 loss_rec=0.641293 valid_auc=0.668147 valid_rmse=0.477688 q_change=57 q_delta=0.456100 q_grad=0.001281
epoch=54 loss_total=0.719937 loss_rec=0.634692 valid_auc=0.669029 valid_rmse=0.478418 q_change=57 q_delta=0.456126 q_grad=0.001308
epoch=55 loss_total=0.720490 loss_rec=0.635300 valid_auc=0.670513 valid_rmse=0.477148 q_change=57 q_delta=0.456224 q_grad=0.001343
epoch=56 loss_total=0.721659 loss_rec=0.636545 valid_auc=0.670737 valid_rmse=0.476807 q_change=57 q_delta=0.456311 q_grad=0.001438
epoch=57 loss_total=0.721380 loss_rec=0.636344 valid_auc=0.671027 valid_rmse=0.478947 q_change=57 q_delta=0.456315 q_grad=0.001472
epoch=58 loss_total=0.718206 loss_rec=0.633205 valid_auc=0.671116 valid_rmse=0.478235 q_change=57 q_delta=0.456383 q_grad=0.001468
epoch=59 loss_total=0.718765 loss_rec=0.633835 valid_auc=0.672020 valid_rmse=0.476848 q_change=57 q_delta=0.456463 q_grad=0.001537
epoch=60 loss_total=0.718633 loss_rec=0.633752 valid_auc=0.674687 valid_rmse=0.476493 q_change=57 q_delta=0.456480 q_grad=0.001581
epoch=61 loss_total=0.718799 loss_rec=0.633911 valid_auc=0.673772 valid_rmse=0.476762 q_change=57 q_delta=0.456517 q_grad=0.001633
epoch=62 loss_total=0.717777 loss_rec=0.632944 valid_auc=0.674821 valid_rmse=0.476029 q_change=57 q_delta=0.456569 q_grad=0.001613
epoch=63 loss_total=0.719317 loss_rec=0.634512 valid_auc=0.674040 valid_rmse=0.476601 q_change=57 q_delta=0.456560 q_grad=0.001640
epoch=64 loss_total=0.721006 loss_rec=0.636217 valid_auc=0.675335 valid_rmse=0.477029 q_change=57 q_delta=0.456548 q_grad=0.001725
epoch=65 loss_total=0.715406 loss_rec=0.630628 valid_auc=0.674967 valid_rmse=0.475931 q_change=57 q_delta=0.456658 q_grad=0.001665
epoch=66 loss_total=0.717213 loss_rec=0.632464 valid_auc=0.676373 valid_rmse=0.475714 q_change=57 q_delta=0.456638 q_grad=0.001768
epoch=67 loss_total=0.718854 loss_rec=0.634124 valid_auc=0.675100 valid_rmse=0.476733 q_change=57 q_delta=0.456640 q_grad=0.001760
epoch=68 loss_total=0.715267 loss_rec=0.630557 valid_auc=0.675815 valid_rmse=0.477020 q_change=57 q_delta=0.456635 q_grad=0.001796
epoch=69 loss_total=0.712713 loss_rec=0.628014 valid_auc=0.678560 valid_rmse=0.481704 q_change=57 q_delta=0.456553 q_grad=0.001869
epoch=70 loss_total=0.713998 loss_rec=0.629274 valid_auc=0.675781 valid_rmse=0.475908 q_change=57 q_delta=0.456672 q_grad=0.001889
epoch=71 loss_total=0.713997 loss_rec=0.629291 valid_auc=0.677478 valid_rmse=0.475648 q_change=57 q_delta=0.456651 q_grad=0.001920
epoch=72 loss_total=0.715344 loss_rec=0.630616 valid_auc=0.676071 valid_rmse=0.476310 q_change=57 q_delta=0.456628 q_grad=0.001981
epoch=73 loss_total=0.711724 loss_rec=0.627011 valid_auc=0.674051 valid_rmse=0.476734 q_change=57 q_delta=0.456636 q_grad=0.002011
epoch=74 loss_total=0.714769 loss_rec=0.630038 valid_auc=0.675402 valid_rmse=0.476871 q_change=57 q_delta=0.456595 q_grad=0.001997
epoch=75 loss_total=0.713959 loss_rec=0.629221 valid_auc=0.674308 valid_rmse=0.480757 q_change=57 q_delta=0.456534 q_grad=0.002026
epoch=76 loss_total=0.714873 loss_rec=0.630088 valid_auc=0.674152 valid_rmse=0.476527 q_change=57 q_delta=0.456605 q_grad=0.002016
epoch=77 loss_total=0.708572 loss_rec=0.623822 valid_auc=0.673638 valid_rmse=0.479233 q_change=57 q_delta=0.456537 q_grad=0.002015
epoch=78 loss_total=0.711655 loss_rec=0.626886 valid_auc=0.674408 valid_rmse=0.477454 q_change=57 q_delta=0.456536 q_grad=0.002179
epoch=79 loss_total=0.709810 loss_rec=0.625013 valid_auc=0.674944 valid_rmse=0.476902 q_change=57 q_delta=0.456539 q_grad=0.002224
epoch=80 loss_total=0.710561 loss_rec=0.625770 valid_auc=0.675658 valid_rmse=0.476398 q_change=57 q_delta=0.456551 q_grad=0.002161
epoch=81 loss_total=0.707881 loss_rec=0.623059 valid_auc=0.676228 valid_rmse=0.476913 q_change=57 q_delta=0.456488 q_grad=0.002222
epoch=82 loss_total=0.708763 loss_rec=0.623930 valid_auc=0.675190 valid_rmse=0.477623 q_change=57 q_delta=0.456481 q_grad=0.002265
epoch=83 loss_total=0.707257 loss_rec=0.622422 valid_auc=0.675971 valid_rmse=0.479883 q_change=57 q_delta=0.456434 q_grad=0.002242
epoch=84 loss_total=0.708760 loss_rec=0.623927 valid_auc=0.676775 valid_rmse=0.476610 q_change=57 q_delta=0.456496 q_grad=0.002278
epoch=85 loss_total=0.707303 loss_rec=0.622474 valid_auc=0.677310 valid_rmse=0.478865 q_change=57 q_delta=0.456454 q_grad=0.002343
epoch=86 loss_total=0.711734 loss_rec=0.626927 valid_auc=0.676652 valid_rmse=0.477212 q_change=57 q_delta=0.456494 q_grad=0.002343
epoch=87 loss_total=0.706948 loss_rec=0.622134 valid_auc=0.676429 valid_rmse=0.476690 q_change=57 q_delta=0.456485 q_grad=0.002277
epoch=88 loss_total=0.702388 loss_rec=0.617562 valid_auc=0.675279 valid_rmse=0.477579 q_change=57 q_delta=0.456491 q_grad=0.002327
epoch=89 loss_total=0.703209 loss_rec=0.618408 valid_auc=0.676752 valid_rmse=0.482052 q_change=57 q_delta=0.456443 q_grad=0.002338
Early stopping at epoch 89; best_epoch=69.
Saved run to C:\Users\YAN_SHU_YU\Desktop\Generative-CD\Q_GNCDM\results\weak_q_lambda_sweep\lq_0p3_ls_0p4_lb_0p9\seed_2026\noise_0.20\weak-q_lq_0p3_ls_0p4_lb_0p9
Final metrics: q_hat_f1=0.000000 response_auc=0.691247 mastery_pearson=0.257325
