run=weak-q_lq_0p6_ls_0p8_lb_0p4 mode=weak-q noise=0.20 train=4200 valid=600 test=1200
epoch=1 loss_total=1.171736 loss_rec=0.725664 valid_auc=0.587533 valid_rmse=0.499758 q_change=57 q_delta=0.078881 q_grad=0.000807
epoch=2 loss_total=1.093153 loss_rec=0.705954 valid_auc=0.593337 valid_rmse=0.499338 q_change=57 q_delta=0.148179 q_grad=0.000711
epoch=3 loss_total=1.038981 loss_rec=0.700107 valid_auc=0.604498 valid_rmse=0.498611 q_change=57 q_delta=0.205789 q_grad=0.000616
epoch=4 loss_total=0.994533 loss_rec=0.694012 valid_auc=0.621083 valid_rmse=0.498012 q_change=57 q_delta=0.252183 q_grad=0.000527
epoch=5 loss_total=0.965110 loss_rec=0.694029 valid_auc=0.641384 valid_rmse=0.496275 q_change=57 q_delta=0.288373 q_grad=0.000450
epoch=6 loss_total=0.938179 loss_rec=0.689445 valid_auc=0.656953 valid_rmse=0.495327 q_change=57 q_delta=0.316019 q_grad=0.000393
epoch=7 loss_total=0.913667 loss_rec=0.681626 valid_auc=0.658170 valid_rmse=0.493005 q_change=57 q_delta=0.336717 q_grad=0.000368
epoch=8 loss_total=0.893615 loss_rec=0.673483 valid_auc=0.654258 valid_rmse=0.488695 q_change=57 q_delta=0.351060 q_grad=0.000401
epoch=9 loss_total=0.874378 loss_rec=0.662444 valid_auc=0.660391 valid_rmse=0.482002 q_change=57 q_delta=0.361643 q_grad=0.000518
epoch=10 loss_total=0.865437 loss_rec=0.659999 valid_auc=0.661708 valid_rmse=0.481164 q_change=57 q_delta=0.370086 q_grad=0.000619
epoch=11 loss_total=0.856699 loss_rec=0.656247 valid_auc=0.663092 valid_rmse=0.480088 q_change=57 q_delta=0.377355 q_grad=0.000730
epoch=12 loss_total=0.843206 loss_rec=0.647229 valid_auc=0.667511 valid_rmse=0.480679 q_change=57 q_delta=0.383208 q_grad=0.000802
epoch=13 loss_total=0.837443 loss_rec=0.645172 valid_auc=0.669676 valid_rmse=0.477464 q_change=57 q_delta=0.388278 q_grad=0.000830
epoch=14 loss_total=0.833728 loss_rec=0.644297 valid_auc=0.670335 valid_rmse=0.478778 q_change=57 q_delta=0.392003 q_grad=0.000931
epoch=15 loss_total=0.829523 loss_rec=0.642521 valid_auc=0.669721 valid_rmse=0.476980 q_change=57 q_delta=0.395611 q_grad=0.001001
epoch=16 loss_total=0.828322 loss_rec=0.643312 valid_auc=0.673147 valid_rmse=0.476800 q_change=57 q_delta=0.398287 q_grad=0.001115
epoch=17 loss_total=0.825342 loss_rec=0.642130 valid_auc=0.674688 valid_rmse=0.477088 q_change=57 q_delta=0.400647 q_grad=0.001100
epoch=18 loss_total=0.818333 loss_rec=0.636556 valid_auc=0.676819 valid_rmse=0.475936 q_change=57 q_delta=0.402782 q_grad=0.001156
epoch=19 loss_total=0.815680 loss_rec=0.635263 valid_auc=0.677444 valid_rmse=0.476200 q_change=57 q_delta=0.404591 q_grad=0.001257
epoch=20 loss_total=0.813993 loss_rec=0.634631 valid_auc=0.681071 valid_rmse=0.474473 q_change=57 q_delta=0.406256 q_grad=0.001368
epoch=21 loss_total=0.809770 loss_rec=0.631414 valid_auc=0.681217 valid_rmse=0.475780 q_change=57 q_delta=0.407337 q_grad=0.001330
epoch=22 loss_total=0.808327 loss_rec=0.630699 valid_auc=0.682266 valid_rmse=0.474295 q_change=57 q_delta=0.408342 q_grad=0.001467
epoch=23 loss_total=0.804781 loss_rec=0.627813 valid_auc=0.682009 valid_rmse=0.473893 q_change=57 q_delta=0.409430 q_grad=0.001488
epoch=24 loss_total=0.799976 loss_rec=0.623611 valid_auc=0.680770 valid_rmse=0.474296 q_change=57 q_delta=0.410170 q_grad=0.001546
epoch=25 loss_total=0.802371 loss_rec=0.626473 valid_auc=0.681708 valid_rmse=0.474086 q_change=57 q_delta=0.410626 q_grad=0.001697
epoch=26 loss_total=0.799433 loss_rec=0.623880 valid_auc=0.682154 valid_rmse=0.475051 q_change=57 q_delta=0.411072 q_grad=0.001699
epoch=27 loss_total=0.796252 loss_rec=0.620868 valid_auc=0.686049 valid_rmse=0.474935 q_change=57 q_delta=0.411203 q_grad=0.001706
epoch=28 loss_total=0.798142 loss_rec=0.622969 valid_auc=0.684565 valid_rmse=0.474020 q_change=56 q_delta=0.411661 q_grad=0.001799
epoch=29 loss_total=0.793169 loss_rec=0.618159 valid_auc=0.687355 valid_rmse=0.473397 q_change=56 q_delta=0.412464 q_grad=0.001852
epoch=30 loss_total=0.793264 loss_rec=0.618387 valid_auc=0.687958 valid_rmse=0.473383 q_change=56 q_delta=0.413091 q_grad=0.001821
epoch=31 loss_total=0.789372 loss_rec=0.614491 valid_auc=0.689576 valid_rmse=0.473455 q_change=56 q_delta=0.413708 q_grad=0.001863
epoch=32 loss_total=0.791163 loss_rec=0.616428 valid_auc=0.691440 valid_rmse=0.473905 q_change=56 q_delta=0.414145 q_grad=0.001921
epoch=33 loss_total=0.789441 loss_rec=0.614780 valid_auc=0.688449 valid_rmse=0.472179 q_change=56 q_delta=0.414822 q_grad=0.001891
epoch=34 loss_total=0.788246 loss_rec=0.613728 valid_auc=0.688594 valid_rmse=0.472074 q_change=56 q_delta=0.415171 q_grad=0.001897
epoch=35 loss_total=0.788678 loss_rec=0.614279 valid_auc=0.691842 valid_rmse=0.471228 q_change=56 q_delta=0.415472 q_grad=0.001872
epoch=36 loss_total=0.784977 loss_rec=0.610517 valid_auc=0.693560 valid_rmse=0.471858 q_change=56 q_delta=0.415418 q_grad=0.001924
epoch=37 loss_total=0.779221 loss_rec=0.604752 valid_auc=0.693438 valid_rmse=0.471806 q_change=55 q_delta=0.415651 q_grad=0.001921
epoch=38 loss_total=0.778421 loss_rec=0.604088 valid_auc=0.692857 valid_rmse=0.473898 q_change=55 q_delta=0.416243 q_grad=0.002026
epoch=39 loss_total=0.780857 loss_rec=0.606587 valid_auc=0.693761 valid_rmse=0.470836 q_change=55 q_delta=0.416990 q_grad=0.001955
epoch=40 loss_total=0.776266 loss_rec=0.602086 valid_auc=0.694554 valid_rmse=0.471001 q_change=55 q_delta=0.417561 q_grad=0.001988
epoch=41 loss_total=0.772352 loss_rec=0.598294 valid_auc=0.696272 valid_rmse=0.471437 q_change=55 q_delta=0.418069 q_grad=0.001981
epoch=42 loss_total=0.776152 loss_rec=0.602142 valid_auc=0.692980 valid_rmse=0.471441 q_change=55 q_delta=0.418617 q_grad=0.002069
epoch=43 loss_total=0.771508 loss_rec=0.597496 valid_auc=0.693504 valid_rmse=0.471588 q_change=55 q_delta=0.418914 q_grad=0.002014
epoch=44 loss_total=0.772614 loss_rec=0.598771 valid_auc=0.693404 valid_rmse=0.471957 q_change=55 q_delta=0.419451 q_grad=0.002068
epoch=45 loss_total=0.768934 loss_rec=0.595260 valid_auc=0.694375 valid_rmse=0.474734 q_change=55 q_delta=0.419763 q_grad=0.002099
epoch=46 loss_total=0.769869 loss_rec=0.596255 valid_auc=0.695658 valid_rmse=0.470236 q_change=55 q_delta=0.420279 q_grad=0.002057
epoch=47 loss_total=0.767205 loss_rec=0.593763 valid_auc=0.696116 valid_rmse=0.471393 q_change=55 q_delta=0.420646 q_grad=0.002080
epoch=48 loss_total=0.766129 loss_rec=0.592760 valid_auc=0.694833 valid_rmse=0.470915 q_change=54 q_delta=0.420961 q_grad=0.002141
epoch=49 loss_total=0.763738 loss_rec=0.590441 valid_auc=0.695446 valid_rmse=0.470952 q_change=54 q_delta=0.421174 q_grad=0.002176
epoch=50 loss_total=0.759601 loss_rec=0.586330 valid_auc=0.692857 valid_rmse=0.472062 q_change=54 q_delta=0.421356 q_grad=0.002088
epoch=51 loss_total=0.759769 loss_rec=0.586572 valid_auc=0.694866 valid_rmse=0.473939 q_change=54 q_delta=0.421418 q_grad=0.002222
epoch=52 loss_total=0.761000 loss_rec=0.587834 valid_auc=0.692645 valid_rmse=0.472163 q_change=54 q_delta=0.421645 q_grad=0.002228
epoch=53 loss_total=0.761666 loss_rec=0.588444 valid_auc=0.694676 valid_rmse=0.471762 q_change=54 q_delta=0.421690 q_grad=0.002245
epoch=54 loss_total=0.752931 loss_rec=0.579640 valid_auc=0.691696 valid_rmse=0.473786 q_change=54 q_delta=0.421651 q_grad=0.002219
epoch=55 loss_total=0.751272 loss_rec=0.577962 valid_auc=0.695748 valid_rmse=0.471805 q_change=52 q_delta=0.421646 q_grad=0.002264
epoch=56 loss_total=0.751797 loss_rec=0.578348 valid_auc=0.691931 valid_rmse=0.472790 q_change=52 q_delta=0.421871 q_grad=0.002307
epoch=57 loss_total=0.748507 loss_rec=0.574929 valid_auc=0.692031 valid_rmse=0.475535 q_change=51 q_delta=0.422033 q_grad=0.002411
epoch=58 loss_total=0.743397 loss_rec=0.569633 valid_auc=0.690134 valid_rmse=0.477232 q_change=51 q_delta=0.422477 q_grad=0.002387
epoch=59 loss_total=0.742887 loss_rec=0.569117 valid_auc=0.689844 valid_rmse=0.473718 q_change=51 q_delta=0.423333 q_grad=0.002381
epoch=60 loss_total=0.740889 loss_rec=0.567023 valid_auc=0.690837 valid_rmse=0.475401 q_change=51 q_delta=0.423941 q_grad=0.002415
epoch=61 loss_total=0.737852 loss_rec=0.563853 valid_auc=0.690022 valid_rmse=0.474922 q_change=51 q_delta=0.424638 q_grad=0.002509
Early stopping at epoch 61; best_epoch=41.
Saved run to C:\Users\YAN_SHU_YU\Desktop\Generative-CD\Q_GNCDM\results\weak_q_lambda_sweep\lq_0p6_ls_0p8_lb_0p4\seed_2026\noise_0.20\weak-q_lq_0p6_ls_0p8_lb_0p4
Final metrics: q_hat_f1=0.068966 response_auc=0.686966 mastery_pearson=0.335236
