run=weak-q_lq_0p6_ls_0p6_lb_0p6 mode=weak-q noise=0.20 train=4200 valid=600 test=1200
epoch=1 loss_total=1.133528 loss_rec=0.725663 valid_auc=0.587667 valid_rmse=0.499756 q_change=57 q_delta=0.079081 q_grad=0.000630
epoch=2 loss_total=1.066462 loss_rec=0.705959 valid_auc=0.594113 valid_rmse=0.499329 q_change=57 q_delta=0.149405 q_grad=0.000573
epoch=3 loss_total=1.019938 loss_rec=0.700120 valid_auc=0.606741 valid_rmse=0.498592 q_change=57 q_delta=0.208431 q_grad=0.000512
epoch=4 loss_total=0.980340 loss_rec=0.694053 valid_auc=0.624844 valid_rmse=0.497995 q_change=57 q_delta=0.256152 q_grad=0.000449
epoch=5 loss_total=0.954043 loss_rec=0.694124 valid_auc=0.645580 valid_rmse=0.496278 q_change=57 q_delta=0.293186 q_grad=0.000393
epoch=6 loss_total=0.929286 loss_rec=0.689652 valid_auc=0.659520 valid_rmse=0.495374 q_change=57 q_delta=0.321148 q_grad=0.000352
epoch=7 loss_total=0.906456 loss_rec=0.682036 valid_auc=0.660033 valid_rmse=0.493106 q_change=57 q_delta=0.341744 q_grad=0.000338
epoch=8 loss_total=0.887771 loss_rec=0.674114 valid_auc=0.655781 valid_rmse=0.488721 q_change=57 q_delta=0.355594 q_grad=0.000381
epoch=9 loss_total=0.869302 loss_rec=0.662924 valid_auc=0.661194 valid_rmse=0.481967 q_change=57 q_delta=0.365611 q_grad=0.000501
epoch=10 loss_total=0.861117 loss_rec=0.660517 valid_auc=0.661897 valid_rmse=0.481292 q_change=57 q_delta=0.373601 q_grad=0.000605
epoch=11 loss_total=0.852915 loss_rec=0.656758 valid_auc=0.663069 valid_rmse=0.480127 q_change=57 q_delta=0.380494 q_grad=0.000715
epoch=12 loss_total=0.840124 loss_rec=0.647984 valid_auc=0.667199 valid_rmse=0.480823 q_change=57 q_delta=0.386040 q_grad=0.000784
epoch=13 loss_total=0.834787 loss_rec=0.645991 valid_auc=0.668683 valid_rmse=0.477770 q_change=57 q_delta=0.390884 q_grad=0.000809
epoch=14 loss_total=0.831309 loss_rec=0.645075 valid_auc=0.669353 valid_rmse=0.479124 q_change=57 q_delta=0.394377 q_grad=0.000908
epoch=15 loss_total=0.827556 loss_rec=0.643512 valid_auc=0.668973 valid_rmse=0.477399 q_change=57 q_delta=0.397836 q_grad=0.000973
epoch=16 loss_total=0.826495 loss_rec=0.644264 valid_auc=0.671239 valid_rmse=0.477177 q_change=57 q_delta=0.400348 q_grad=0.001085
epoch=17 loss_total=0.823826 loss_rec=0.643214 valid_auc=0.672924 valid_rmse=0.477467 q_change=57 q_delta=0.402566 q_grad=0.001069
epoch=18 loss_total=0.816995 loss_rec=0.637685 valid_auc=0.674520 valid_rmse=0.476547 q_change=57 q_delta=0.404574 q_grad=0.001123
epoch=19 loss_total=0.814388 loss_rec=0.636310 valid_auc=0.675658 valid_rmse=0.476490 q_change=57 q_delta=0.406290 q_grad=0.001219
epoch=20 loss_total=0.812848 loss_rec=0.635734 valid_auc=0.679453 valid_rmse=0.474916 q_change=57 q_delta=0.407876 q_grad=0.001331
epoch=21 loss_total=0.808858 loss_rec=0.632661 valid_auc=0.679933 valid_rmse=0.475969 q_change=57 q_delta=0.408889 q_grad=0.001295
epoch=22 loss_total=0.807469 loss_rec=0.631934 valid_auc=0.681306 valid_rmse=0.474565 q_change=57 q_delta=0.409818 q_grad=0.001429
epoch=23 loss_total=0.803982 loss_rec=0.629035 valid_auc=0.680190 valid_rmse=0.474205 q_change=57 q_delta=0.410809 q_grad=0.001453
epoch=24 loss_total=0.799076 loss_rec=0.624673 valid_auc=0.679498 valid_rmse=0.474625 q_change=57 q_delta=0.411442 q_grad=0.001515
epoch=25 loss_total=0.801495 loss_rec=0.627489 valid_auc=0.680826 valid_rmse=0.474321 q_change=57 q_delta=0.411773 q_grad=0.001670
epoch=26 loss_total=0.798523 loss_rec=0.624791 valid_auc=0.682187 valid_rmse=0.475043 q_change=57 q_delta=0.412038 q_grad=0.001676
epoch=27 loss_total=0.795322 loss_rec=0.621697 valid_auc=0.686239 valid_rmse=0.474743 q_change=56 q_delta=0.411987 q_grad=0.001688
epoch=28 loss_total=0.796569 loss_rec=0.623108 valid_auc=0.684286 valid_rmse=0.474046 q_change=56 q_delta=0.412958 q_grad=0.001788
epoch=29 loss_total=0.791765 loss_rec=0.618470 valid_auc=0.687243 valid_rmse=0.473439 q_change=56 q_delta=0.413725 q_grad=0.001849
epoch=30 loss_total=0.791788 loss_rec=0.618630 valid_auc=0.687801 valid_rmse=0.473459 q_change=56 q_delta=0.414230 q_grad=0.001824
epoch=31 loss_total=0.787915 loss_rec=0.614812 valid_auc=0.689096 valid_rmse=0.473394 q_change=56 q_delta=0.414712 q_grad=0.001870
epoch=32 loss_total=0.789347 loss_rec=0.616402 valid_auc=0.691049 valid_rmse=0.473822 q_change=56 q_delta=0.414995 q_grad=0.001934
epoch=33 loss_total=0.787532 loss_rec=0.614671 valid_auc=0.688069 valid_rmse=0.472287 q_change=56 q_delta=0.415533 q_grad=0.001909
epoch=34 loss_total=0.786387 loss_rec=0.613658 valid_auc=0.687400 valid_rmse=0.472226 q_change=56 q_delta=0.415708 q_grad=0.001927
epoch=35 loss_total=0.786733 loss_rec=0.614120 valid_auc=0.690212 valid_rmse=0.471394 q_change=56 q_delta=0.415858 q_grad=0.001907
epoch=36 loss_total=0.783030 loss_rec=0.610407 valid_auc=0.692232 valid_rmse=0.471980 q_change=55 q_delta=0.415672 q_grad=0.001954
epoch=37 loss_total=0.777085 loss_rec=0.604462 valid_auc=0.692288 valid_rmse=0.472070 q_change=55 q_delta=0.415901 q_grad=0.001955
epoch=38 loss_total=0.776225 loss_rec=0.603730 valid_auc=0.691998 valid_rmse=0.474044 q_change=55 q_delta=0.416414 q_grad=0.002058
epoch=39 loss_total=0.778664 loss_rec=0.606251 valid_auc=0.693203 valid_rmse=0.470943 q_change=55 q_delta=0.417069 q_grad=0.001987
epoch=40 loss_total=0.773869 loss_rec=0.601568 valid_auc=0.692902 valid_rmse=0.471354 q_change=55 q_delta=0.417517 q_grad=0.002019
epoch=41 loss_total=0.769808 loss_rec=0.597645 valid_auc=0.695301 valid_rmse=0.471423 q_change=55 q_delta=0.417916 q_grad=0.002007
epoch=42 loss_total=0.773316 loss_rec=0.601231 valid_auc=0.692344 valid_rmse=0.471504 q_change=54 q_delta=0.418374 q_grad=0.002092
epoch=43 loss_total=0.768899 loss_rec=0.596849 valid_auc=0.692612 valid_rmse=0.471627 q_change=54 q_delta=0.418591 q_grad=0.002041
epoch=44 loss_total=0.769560 loss_rec=0.597694 valid_auc=0.693560 valid_rmse=0.471836 q_change=54 q_delta=0.419043 q_grad=0.002096
epoch=45 loss_total=0.766202 loss_rec=0.594514 valid_auc=0.693996 valid_rmse=0.474296 q_change=54 q_delta=0.419287 q_grad=0.002125
epoch=46 loss_total=0.766917 loss_rec=0.595325 valid_auc=0.695525 valid_rmse=0.470174 q_change=54 q_delta=0.419786 q_grad=0.002087
epoch=47 loss_total=0.764438 loss_rec=0.593035 valid_auc=0.696261 valid_rmse=0.471213 q_change=54 q_delta=0.420119 q_grad=0.002112
epoch=48 loss_total=0.763415 loss_rec=0.592129 valid_auc=0.694777 valid_rmse=0.470927 q_change=53 q_delta=0.420430 q_grad=0.002171
epoch=49 loss_total=0.760965 loss_rec=0.589796 valid_auc=0.695100 valid_rmse=0.470774 q_change=53 q_delta=0.420661 q_grad=0.002213
epoch=50 loss_total=0.757080 loss_rec=0.586007 valid_auc=0.693940 valid_rmse=0.471937 q_change=53 q_delta=0.420953 q_grad=0.002127
epoch=51 loss_total=0.757503 loss_rec=0.586578 valid_auc=0.696016 valid_rmse=0.473681 q_change=53 q_delta=0.421227 q_grad=0.002262
epoch=52 loss_total=0.758915 loss_rec=0.588128 valid_auc=0.694007 valid_rmse=0.471852 q_change=53 q_delta=0.421683 q_grad=0.002268
epoch=53 loss_total=0.760102 loss_rec=0.589375 valid_auc=0.695525 valid_rmse=0.471467 q_change=53 q_delta=0.421946 q_grad=0.002285
epoch=54 loss_total=0.751720 loss_rec=0.581072 valid_auc=0.692355 valid_rmse=0.473576 q_change=53 q_delta=0.422120 q_grad=0.002265
epoch=55 loss_total=0.750268 loss_rec=0.579723 valid_auc=0.697455 valid_rmse=0.471409 q_change=53 q_delta=0.422458 q_grad=0.002309
epoch=56 loss_total=0.751458 loss_rec=0.580947 valid_auc=0.694096 valid_rmse=0.472224 q_change=53 q_delta=0.422621 q_grad=0.002347
epoch=57 loss_total=0.749025 loss_rec=0.578543 valid_auc=0.693750 valid_rmse=0.474736 q_change=53 q_delta=0.422706 q_grad=0.002454
epoch=58 loss_total=0.744647 loss_rec=0.574130 valid_auc=0.692054 valid_rmse=0.476199 q_change=53 q_delta=0.422822 q_grad=0.002428
epoch=59 loss_total=0.744977 loss_rec=0.574506 valid_auc=0.691451 valid_rmse=0.473327 q_change=53 q_delta=0.422928 q_grad=0.002423
epoch=60 loss_total=0.743217 loss_rec=0.572695 valid_auc=0.691775 valid_rmse=0.474935 q_change=53 q_delta=0.422733 q_grad=0.002479
epoch=61 loss_total=0.740680 loss_rec=0.570033 valid_auc=0.690804 valid_rmse=0.474691 q_change=52 q_delta=0.422615 q_grad=0.002562
epoch=62 loss_total=0.736312 loss_rec=0.565642 valid_auc=0.690368 valid_rmse=0.474543 q_change=52 q_delta=0.423020 q_grad=0.002537
epoch=63 loss_total=0.735666 loss_rec=0.564887 valid_auc=0.688080 valid_rmse=0.475438 q_change=52 q_delta=0.423266 q_grad=0.002596
epoch=64 loss_total=0.737126 loss_rec=0.566270 valid_auc=0.692656 valid_rmse=0.478152 q_change=52 q_delta=0.423425 q_grad=0.002666
epoch=65 loss_total=0.730019 loss_rec=0.559075 valid_auc=0.690089 valid_rmse=0.475075 q_change=51 q_delta=0.423724 q_grad=0.002551
epoch=66 loss_total=0.729878 loss_rec=0.558860 valid_auc=0.687701 valid_rmse=0.476409 q_change=51 q_delta=0.424287 q_grad=0.002749
epoch=67 loss_total=0.730197 loss_rec=0.559117 valid_auc=0.686752 valid_rmse=0.477356 q_change=51 q_delta=0.424816 q_grad=0.002764
epoch=68 loss_total=0.723391 loss_rec=0.552267 valid_auc=0.688538 valid_rmse=0.479731 q_change=51 q_delta=0.425193 q_grad=0.002765
epoch=69 loss_total=0.719403 loss_rec=0.548254 valid_auc=0.691886 valid_rmse=0.483633 q_change=51 q_delta=0.425621 q_grad=0.002881
epoch=70 loss_total=0.716767 loss_rec=0.545606 valid_auc=0.686842 valid_rmse=0.476869 q_change=51 q_delta=0.426155 q_grad=0.002920
epoch=71 loss_total=0.717302 loss_rec=0.546211 valid_auc=0.688862 valid_rmse=0.476082 q_change=51 q_delta=0.426512 q_grad=0.002952
epoch=72 loss_total=0.714436 loss_rec=0.543317 valid_auc=0.688013 valid_rmse=0.476395 q_change=51 q_delta=0.426800 q_grad=0.002958
epoch=73 loss_total=0.709494 loss_rec=0.538426 valid_auc=0.686138 valid_rmse=0.477796 q_change=51 q_delta=0.427008 q_grad=0.003053
epoch=74 loss_total=0.713930 loss_rec=0.542872 valid_auc=0.686172 valid_rmse=0.478142 q_change=51 q_delta=0.427192 q_grad=0.003002
epoch=75 loss_total=0.711030 loss_rec=0.539985 valid_auc=0.683181 valid_rmse=0.485756 q_change=51 q_delta=0.427216 q_grad=0.003013
Early stopping at epoch 75; best_epoch=55.
Saved run to C:\Users\YAN_SHU_YU\Desktop\Generative-CD\Q_GNCDM\results\weak_q_lambda_sweep\lq_0p6_ls_0p6_lb_0p6\seed_2026\noise_0.20\weak-q_lq_0p6_ls_0p6_lb_0p6
Final metrics: q_hat_f1=0.133333 response_auc=0.687019 mastery_pearson=0.355451
