run=weak-q_lq_0p9_ls_0p7_lb_0p5 mode=weak-q noise=0.20 train=4200 valid=600 test=1200
epoch=1 loss_total=1.153394 loss_rec=0.725660 valid_auc=0.587589 valid_rmse=0.499754 q_change=57 q_delta=0.078186 q_grad=0.000695
epoch=2 loss_total=1.085074 loss_rec=0.705887 valid_auc=0.594007 valid_rmse=0.499305 q_change=57 q_delta=0.145027 q_grad=0.000580
epoch=3 loss_total=1.042108 loss_rec=0.699874 valid_auc=0.606272 valid_rmse=0.498496 q_change=57 q_delta=0.199318 q_grad=0.000482
epoch=4 loss_total=1.008103 loss_rec=0.693432 valid_auc=0.624342 valid_rmse=0.497706 q_change=57 q_delta=0.242428 q_grad=0.000402
epoch=5 loss_total=0.987397 loss_rec=0.692756 valid_auc=0.645212 valid_rmse=0.495550 q_change=57 q_delta=0.275490 q_grad=0.000348
epoch=6 loss_total=0.966692 loss_rec=0.686459 valid_auc=0.659626 valid_rmse=0.493523 q_change=57 q_delta=0.299865 q_grad=0.000326
epoch=7 loss_total=0.944640 loss_rec=0.674366 valid_auc=0.660871 valid_rmse=0.488858 q_change=57 q_delta=0.316662 q_grad=0.000359
epoch=8 loss_total=0.924789 loss_rec=0.660680 valid_auc=0.659676 valid_rmse=0.483338 q_change=57 q_delta=0.327031 q_grad=0.000501
epoch=9 loss_total=0.909140 loss_rec=0.649208 valid_auc=0.669163 valid_rmse=0.477819 q_change=57 q_delta=0.335559 q_grad=0.000681
epoch=10 loss_total=0.905615 loss_rec=0.649377 valid_auc=0.670603 valid_rmse=0.477834 q_change=57 q_delta=0.342207 q_grad=0.000791
epoch=11 loss_total=0.899329 loss_rec=0.645685 valid_auc=0.674063 valid_rmse=0.476173 q_change=57 q_delta=0.347744 q_grad=0.000932
epoch=12 loss_total=0.887056 loss_rec=0.635646 valid_auc=0.677879 valid_rmse=0.476573 q_change=57 q_delta=0.351642 q_grad=0.001033
epoch=13 loss_total=0.881875 loss_rec=0.632234 valid_auc=0.680346 valid_rmse=0.473848 q_change=57 q_delta=0.355167 q_grad=0.001095
epoch=14 loss_total=0.879720 loss_rec=0.631316 valid_auc=0.680357 valid_rmse=0.475154 q_change=57 q_delta=0.357158 q_grad=0.001233
epoch=15 loss_total=0.874968 loss_rec=0.627528 valid_auc=0.681462 valid_rmse=0.473318 q_change=57 q_delta=0.359285 q_grad=0.001339
epoch=16 loss_total=0.874842 loss_rec=0.628131 valid_auc=0.684152 valid_rmse=0.473230 q_change=57 q_delta=0.360492 q_grad=0.001480
epoch=17 loss_total=0.870963 loss_rec=0.624912 valid_auc=0.683940 valid_rmse=0.473296 q_change=57 q_delta=0.361702 q_grad=0.001450
epoch=18 loss_total=0.863920 loss_rec=0.618283 valid_auc=0.685759 valid_rmse=0.472591 q_change=56 q_delta=0.362767 q_grad=0.001511
epoch=19 loss_total=0.862054 loss_rec=0.616963 valid_auc=0.685993 valid_rmse=0.473949 q_change=56 q_delta=0.364117 q_grad=0.001634
epoch=20 loss_total=0.859174 loss_rec=0.614357 valid_auc=0.688259 valid_rmse=0.471834 q_change=56 q_delta=0.365494 q_grad=0.001727
epoch=21 loss_total=0.854141 loss_rec=0.609630 valid_auc=0.688728 valid_rmse=0.473905 q_change=56 q_delta=0.366348 q_grad=0.001659
epoch=22 loss_total=0.851487 loss_rec=0.607161 valid_auc=0.689554 valid_rmse=0.472926 q_change=55 q_delta=0.367300 q_grad=0.001807
epoch=23 loss_total=0.848482 loss_rec=0.604354 valid_auc=0.686217 valid_rmse=0.472788 q_change=54 q_delta=0.368619 q_grad=0.001784
epoch=24 loss_total=0.843149 loss_rec=0.599242 valid_auc=0.685346 valid_rmse=0.473658 q_change=53 q_delta=0.369847 q_grad=0.001814
epoch=25 loss_total=0.844082 loss_rec=0.600336 valid_auc=0.686083 valid_rmse=0.473654 q_change=52 q_delta=0.371142 q_grad=0.001944
epoch=26 loss_total=0.841005 loss_rec=0.597395 valid_auc=0.687701 valid_rmse=0.474243 q_change=52 q_delta=0.372664 q_grad=0.001928
epoch=27 loss_total=0.836792 loss_rec=0.593245 valid_auc=0.688605 valid_rmse=0.475550 q_change=51 q_delta=0.374192 q_grad=0.001905
epoch=28 loss_total=0.839264 loss_rec=0.595901 valid_auc=0.688114 valid_rmse=0.474084 q_change=51 q_delta=0.375742 q_grad=0.001987
epoch=29 loss_total=0.832099 loss_rec=0.588871 valid_auc=0.689710 valid_rmse=0.473545 q_change=51 q_delta=0.377128 q_grad=0.002016
epoch=30 loss_total=0.830805 loss_rec=0.587628 valid_auc=0.691574 valid_rmse=0.474132 q_change=51 q_delta=0.378380 q_grad=0.002001
epoch=31 loss_total=0.826384 loss_rec=0.583211 valid_auc=0.690725 valid_rmse=0.474085 q_change=51 q_delta=0.379530 q_grad=0.002035
epoch=32 loss_total=0.827206 loss_rec=0.584108 valid_auc=0.693181 valid_rmse=0.473971 q_change=50 q_delta=0.380676 q_grad=0.002090
epoch=33 loss_total=0.823751 loss_rec=0.580655 valid_auc=0.691931 valid_rmse=0.471885 q_change=49 q_delta=0.381827 q_grad=0.002092
epoch=34 loss_total=0.822769 loss_rec=0.579754 valid_auc=0.690011 valid_rmse=0.472386 q_change=49 q_delta=0.382695 q_grad=0.002086
epoch=35 loss_total=0.821938 loss_rec=0.578974 valid_auc=0.694263 valid_rmse=0.471056 q_change=49 q_delta=0.383946 q_grad=0.002080
epoch=36 loss_total=0.814702 loss_rec=0.571659 valid_auc=0.694955 valid_rmse=0.471897 q_change=49 q_delta=0.384875 q_grad=0.002161
epoch=37 loss_total=0.810210 loss_rec=0.567133 valid_auc=0.693627 valid_rmse=0.473338 q_change=49 q_delta=0.385984 q_grad=0.002159
epoch=38 loss_total=0.806334 loss_rec=0.563369 valid_auc=0.693650 valid_rmse=0.474442 q_change=49 q_delta=0.386892 q_grad=0.002281
epoch=39 loss_total=0.805937 loss_rec=0.562987 valid_auc=0.692595 valid_rmse=0.472151 q_change=49 q_delta=0.388200 q_grad=0.002237
epoch=40 loss_total=0.802156 loss_rec=0.559238 valid_auc=0.692433 valid_rmse=0.472962 q_change=50 q_delta=0.388945 q_grad=0.002306
epoch=41 loss_total=0.795925 loss_rec=0.553092 valid_auc=0.693694 valid_rmse=0.474753 q_change=50 q_delta=0.389737 q_grad=0.002320
epoch=42 loss_total=0.797976 loss_rec=0.555172 valid_auc=0.690636 valid_rmse=0.473861 q_change=50 q_delta=0.390684 q_grad=0.002452
epoch=43 loss_total=0.791939 loss_rec=0.549139 valid_auc=0.692522 valid_rmse=0.474701 q_change=50 q_delta=0.391146 q_grad=0.002431
epoch=44 loss_total=0.789903 loss_rec=0.547175 valid_auc=0.690357 valid_rmse=0.475441 q_change=50 q_delta=0.391961 q_grad=0.002494
epoch=45 loss_total=0.784164 loss_rec=0.541528 valid_auc=0.689687 valid_rmse=0.480203 q_change=50 q_delta=0.392318 q_grad=0.002553
epoch=46 loss_total=0.783936 loss_rec=0.541293 valid_auc=0.694554 valid_rmse=0.473840 q_change=50 q_delta=0.393062 q_grad=0.002551
epoch=47 loss_total=0.780111 loss_rec=0.537515 valid_auc=0.690246 valid_rmse=0.477338 q_change=50 q_delta=0.393456 q_grad=0.002582
epoch=48 loss_total=0.776890 loss_rec=0.534363 valid_auc=0.690491 valid_rmse=0.476573 q_change=50 q_delta=0.393984 q_grad=0.002659
epoch=49 loss_total=0.772266 loss_rec=0.529798 valid_auc=0.692277 valid_rmse=0.475333 q_change=50 q_delta=0.394207 q_grad=0.002671
epoch=50 loss_total=0.767285 loss_rec=0.524836 valid_auc=0.689565 valid_rmse=0.478517 q_change=50 q_delta=0.394567 q_grad=0.002681
epoch=51 loss_total=0.766208 loss_rec=0.523893 valid_auc=0.690100 valid_rmse=0.479387 q_change=49 q_delta=0.394810 q_grad=0.002763
epoch=52 loss_total=0.767905 loss_rec=0.525668 valid_auc=0.689509 valid_rmse=0.477927 q_change=49 q_delta=0.395328 q_grad=0.002814
epoch=53 loss_total=0.768300 loss_rec=0.526107 valid_auc=0.690000 valid_rmse=0.476908 q_change=49 q_delta=0.395616 q_grad=0.002829
epoch=54 loss_total=0.760432 loss_rec=0.518259 valid_auc=0.685949 valid_rmse=0.480103 q_change=49 q_delta=0.395730 q_grad=0.002837
epoch=55 loss_total=0.756415 loss_rec=0.514342 valid_auc=0.693304 valid_rmse=0.476681 q_change=49 q_delta=0.396029 q_grad=0.002810
epoch=56 loss_total=0.756525 loss_rec=0.514500 valid_auc=0.687623 valid_rmse=0.479560 q_change=49 q_delta=0.396175 q_grad=0.002886
Early stopping at epoch 56; best_epoch=36.
Saved run to C:\Users\YAN_SHU_YU\Desktop\Generative-CD\Q_GNCDM\results\weak_q_lambda_sweep\lq_0p9_ls_0p7_lb_0p5\seed_2026\noise_0.20\weak-q_lq_0p9_ls_0p7_lb_0p5
Final metrics: q_hat_f1=0.250000 response_auc=0.693018 mastery_pearson=0.414901
