run=weak-q_lq_0p2_ls_0p6_lb_0p3 mode=weak-q noise=0.20 train=4200 valid=600 test=1200
epoch=1 loss_total=1.059636 loss_rec=0.725665 valid_auc=0.587645 valid_rmse=0.499757 q_change=57 q_delta=0.079358 q_grad=0.000623
epoch=2 loss_total=0.992145 loss_rec=0.705982 valid_auc=0.594129 valid_rmse=0.499339 q_change=57 q_delta=0.150695 q_grad=0.000580
epoch=3 loss_total=0.943896 loss_rec=0.700197 valid_auc=0.606529 valid_rmse=0.498626 q_change=57 q_delta=0.211025 q_grad=0.000529
epoch=4 loss_total=0.902062 loss_rec=0.694238 valid_auc=0.624263 valid_rmse=0.498086 q_change=57 q_delta=0.259917 q_grad=0.000470
epoch=5 loss_total=0.873623 loss_rec=0.694501 valid_auc=0.644810 valid_rmse=0.496483 q_change=57 q_delta=0.297867 q_grad=0.000412
epoch=6 loss_total=0.847219 loss_rec=0.690451 valid_auc=0.659074 valid_rmse=0.495840 q_change=57 q_delta=0.326581 q_grad=0.000366
epoch=7 loss_total=0.823610 loss_rec=0.683835 valid_auc=0.659487 valid_rmse=0.494161 q_change=57 q_delta=0.347947 q_grad=0.000340
epoch=8 loss_total=0.805154 loss_rec=0.677728 valid_auc=0.654565 valid_rmse=0.490658 q_change=57 q_delta=0.362758 q_grad=0.000356
epoch=9 loss_total=0.786815 loss_rec=0.667925 valid_auc=0.659498 valid_rmse=0.483861 q_change=57 q_delta=0.373311 q_grad=0.000446
epoch=10 loss_total=0.776600 loss_rec=0.664217 valid_auc=0.659676 valid_rmse=0.482424 q_change=57 q_delta=0.381372 q_grad=0.000542
epoch=11 loss_total=0.767293 loss_rec=0.659867 valid_auc=0.660558 valid_rmse=0.481236 q_change=57 q_delta=0.388379 q_grad=0.000650
epoch=12 loss_total=0.753915 loss_rec=0.651033 valid_auc=0.664353 valid_rmse=0.481931 q_change=57 q_delta=0.394163 q_grad=0.000716
epoch=13 loss_total=0.748375 loss_rec=0.649320 valid_auc=0.665658 valid_rmse=0.478845 q_change=57 q_delta=0.399193 q_grad=0.000734
epoch=14 loss_total=0.744485 loss_rec=0.648403 valid_auc=0.667779 valid_rmse=0.480238 q_change=57 q_delta=0.402947 q_grad=0.000819
epoch=15 loss_total=0.740803 loss_rec=0.647292 valid_auc=0.665804 valid_rmse=0.478648 q_change=57 q_delta=0.406600 q_grad=0.000868
epoch=16 loss_total=0.739318 loss_rec=0.647944 valid_auc=0.667310 valid_rmse=0.478553 q_change=57 q_delta=0.409358 q_grad=0.000961
epoch=17 loss_total=0.736927 loss_rec=0.647480 valid_auc=0.669007 valid_rmse=0.479017 q_change=57 q_delta=0.411798 q_grad=0.000941
epoch=18 loss_total=0.730243 loss_rec=0.642405 valid_auc=0.669464 valid_rmse=0.478355 q_change=57 q_delta=0.414039 q_grad=0.000979
epoch=19 loss_total=0.727330 loss_rec=0.640967 valid_auc=0.669353 valid_rmse=0.478101 q_change=57 q_delta=0.415964 q_grad=0.001053
epoch=20 loss_total=0.726069 loss_rec=0.640918 valid_auc=0.672690 valid_rmse=0.476724 q_change=57 q_delta=0.417786 q_grad=0.001151
epoch=21 loss_total=0.722236 loss_rec=0.638254 valid_auc=0.673571 valid_rmse=0.477548 q_change=57 q_delta=0.419079 q_grad=0.001111
epoch=22 loss_total=0.721193 loss_rec=0.638117 valid_auc=0.674699 valid_rmse=0.476339 q_change=57 q_delta=0.420341 q_grad=0.001221
epoch=23 loss_total=0.717584 loss_rec=0.635353 valid_auc=0.674185 valid_rmse=0.475980 q_change=57 q_delta=0.421609 q_grad=0.001241
epoch=24 loss_total=0.712990 loss_rec=0.631560 valid_auc=0.674442 valid_rmse=0.476440 q_change=57 q_delta=0.422598 q_grad=0.001299
epoch=25 loss_total=0.715525 loss_rec=0.634745 valid_auc=0.674911 valid_rmse=0.476058 q_change=57 q_delta=0.423395 q_grad=0.001426
epoch=26 loss_total=0.713020 loss_rec=0.632824 valid_auc=0.675279 valid_rmse=0.476733 q_change=57 q_delta=0.424146 q_grad=0.001441
epoch=27 loss_total=0.710772 loss_rec=0.631017 valid_auc=0.678940 valid_rmse=0.476141 q_change=57 q_delta=0.424714 q_grad=0.001457
epoch=28 loss_total=0.711855 loss_rec=0.632548 valid_auc=0.679185 valid_rmse=0.475401 q_change=57 q_delta=0.425413 q_grad=0.001543
epoch=29 loss_total=0.708438 loss_rec=0.629525 valid_auc=0.680871 valid_rmse=0.475225 q_change=57 q_delta=0.425911 q_grad=0.001609
epoch=30 loss_total=0.709499 loss_rec=0.630945 valid_auc=0.680937 valid_rmse=0.475660 q_change=57 q_delta=0.426293 q_grad=0.001604
epoch=31 loss_total=0.705926 loss_rec=0.627562 valid_auc=0.682846 valid_rmse=0.474899 q_change=57 q_delta=0.426620 q_grad=0.001651
epoch=32 loss_total=0.707565 loss_rec=0.629448 valid_auc=0.683839 valid_rmse=0.475785 q_change=57 q_delta=0.426799 q_grad=0.001724
epoch=33 loss_total=0.706219 loss_rec=0.628214 valid_auc=0.681429 valid_rmse=0.474383 q_change=57 q_delta=0.427219 q_grad=0.001712
epoch=34 loss_total=0.705384 loss_rec=0.627543 valid_auc=0.680480 valid_rmse=0.474163 q_change=57 q_delta=0.427240 q_grad=0.001747
epoch=35 loss_total=0.706537 loss_rec=0.628728 valid_auc=0.683638 valid_rmse=0.473443 q_change=57 q_delta=0.427210 q_grad=0.001743
epoch=36 loss_total=0.703039 loss_rec=0.625204 valid_auc=0.686083 valid_rmse=0.474172 q_change=56 q_delta=0.426937 q_grad=0.001783
epoch=37 loss_total=0.696961 loss_rec=0.619074 valid_auc=0.686719 valid_rmse=0.473561 q_change=56 q_delta=0.427409 q_grad=0.001817
epoch=38 loss_total=0.696215 loss_rec=0.618349 valid_auc=0.684342 valid_rmse=0.475989 q_change=56 q_delta=0.428059 q_grad=0.001937
epoch=39 loss_total=0.699260 loss_rec=0.621501 valid_auc=0.685301 valid_rmse=0.473360 q_change=56 q_delta=0.428787 q_grad=0.001880
epoch=40 loss_total=0.695257 loss_rec=0.617621 valid_auc=0.684911 valid_rmse=0.473683 q_change=56 q_delta=0.429231 q_grad=0.001924
epoch=41 loss_total=0.690858 loss_rec=0.613356 valid_auc=0.686842 valid_rmse=0.473853 q_change=56 q_delta=0.429622 q_grad=0.001943
epoch=42 loss_total=0.695354 loss_rec=0.617988 valid_auc=0.683415 valid_rmse=0.474406 q_change=56 q_delta=0.430062 q_grad=0.001996
epoch=43 loss_total=0.691332 loss_rec=0.614063 valid_auc=0.686105 valid_rmse=0.473464 q_change=56 q_delta=0.430251 q_grad=0.001939
epoch=44 loss_total=0.692260 loss_rec=0.615153 valid_auc=0.685971 valid_rmse=0.473843 q_change=56 q_delta=0.430629 q_grad=0.002017
epoch=45 loss_total=0.689832 loss_rec=0.612861 valid_auc=0.686596 valid_rmse=0.476029 q_change=56 q_delta=0.430765 q_grad=0.002043
epoch=46 loss_total=0.691087 loss_rec=0.614213 valid_auc=0.687779 valid_rmse=0.472423 q_change=56 q_delta=0.431117 q_grad=0.001991
epoch=47 loss_total=0.688440 loss_rec=0.611695 valid_auc=0.689900 valid_rmse=0.472705 q_change=56 q_delta=0.431210 q_grad=0.002015
epoch=48 loss_total=0.689043 loss_rec=0.612353 valid_auc=0.689263 valid_rmse=0.472044 q_change=56 q_delta=0.431407 q_grad=0.002053
epoch=49 loss_total=0.687037 loss_rec=0.610371 valid_auc=0.690011 valid_rmse=0.472033 q_change=56 q_delta=0.431434 q_grad=0.002077
epoch=50 loss_total=0.683305 loss_rec=0.606665 valid_auc=0.688047 valid_rmse=0.472800 q_change=56 q_delta=0.431462 q_grad=0.001979
epoch=51 loss_total=0.683478 loss_rec=0.606880 valid_auc=0.691998 valid_rmse=0.473271 q_change=56 q_delta=0.431350 q_grad=0.002111
epoch=52 loss_total=0.684441 loss_rec=0.607806 valid_auc=0.690067 valid_rmse=0.472101 q_change=56 q_delta=0.431380 q_grad=0.002117
epoch=53 loss_total=0.686080 loss_rec=0.609423 valid_auc=0.693125 valid_rmse=0.471223 q_change=56 q_delta=0.431336 q_grad=0.002096
epoch=54 loss_total=0.678219 loss_rec=0.601564 valid_auc=0.691518 valid_rmse=0.472509 q_change=55 q_delta=0.431206 q_grad=0.002059
epoch=55 loss_total=0.677893 loss_rec=0.601219 valid_auc=0.695000 valid_rmse=0.470941 q_change=55 q_delta=0.431605 q_grad=0.002101
epoch=56 loss_total=0.679136 loss_rec=0.602464 valid_auc=0.692500 valid_rmse=0.471213 q_change=55 q_delta=0.432018 q_grad=0.002140
epoch=57 loss_total=0.677393 loss_rec=0.600712 valid_auc=0.694911 valid_rmse=0.472425 q_change=54 q_delta=0.432271 q_grad=0.002189
epoch=58 loss_total=0.673839 loss_rec=0.597140 valid_auc=0.692656 valid_rmse=0.472776 q_change=54 q_delta=0.432614 q_grad=0.002147
epoch=59 loss_total=0.673304 loss_rec=0.596712 valid_auc=0.692567 valid_rmse=0.471253 q_change=54 q_delta=0.433022 q_grad=0.002145
epoch=60 loss_total=0.672445 loss_rec=0.595900 valid_auc=0.693929 valid_rmse=0.472195 q_change=54 q_delta=0.433232 q_grad=0.002187
epoch=61 loss_total=0.671341 loss_rec=0.594837 valid_auc=0.693817 valid_rmse=0.472055 q_change=54 q_delta=0.433643 q_grad=0.002231
epoch=62 loss_total=0.669284 loss_rec=0.592855 valid_auc=0.692612 valid_rmse=0.471506 q_change=54 q_delta=0.434000 q_grad=0.002180
epoch=63 loss_total=0.670394 loss_rec=0.593986 valid_auc=0.691295 valid_rmse=0.472738 q_change=54 q_delta=0.434211 q_grad=0.002217
epoch=64 loss_total=0.673015 loss_rec=0.596704 valid_auc=0.695469 valid_rmse=0.473796 q_change=54 q_delta=0.434454 q_grad=0.002279
epoch=65 loss_total=0.666664 loss_rec=0.590388 valid_auc=0.692545 valid_rmse=0.471955 q_change=54 q_delta=0.434853 q_grad=0.002175
epoch=66 loss_total=0.667040 loss_rec=0.590843 valid_auc=0.693795 valid_rmse=0.472564 q_change=54 q_delta=0.435053 q_grad=0.002317
epoch=67 loss_total=0.669469 loss_rec=0.593317 valid_auc=0.691507 valid_rmse=0.473840 q_change=54 q_delta=0.435268 q_grad=0.002298
epoch=68 loss_total=0.665238 loss_rec=0.589161 valid_auc=0.692109 valid_rmse=0.474532 q_change=54 q_delta=0.435473 q_grad=0.002306
epoch=69 loss_total=0.661775 loss_rec=0.585763 valid_auc=0.694833 valid_rmse=0.479577 q_change=54 q_delta=0.435546 q_grad=0.002394
epoch=70 loss_total=0.661560 loss_rec=0.585592 valid_auc=0.691205 valid_rmse=0.472968 q_change=54 q_delta=0.435905 q_grad=0.002389
epoch=71 loss_total=0.663690 loss_rec=0.587781 valid_auc=0.690458 valid_rmse=0.473419 q_change=54 q_delta=0.436055 q_grad=0.002394
epoch=72 loss_total=0.662248 loss_rec=0.586385 valid_auc=0.689933 valid_rmse=0.473950 q_change=54 q_delta=0.436237 q_grad=0.002415
epoch=73 loss_total=0.658726 loss_rec=0.582975 valid_auc=0.687522 valid_rmse=0.474466 q_change=54 q_delta=0.436428 q_grad=0.002473
epoch=74 loss_total=0.662876 loss_rec=0.587174 valid_auc=0.688806 valid_rmse=0.474896 q_change=54 q_delta=0.436538 q_grad=0.002414
epoch=75 loss_total=0.660643 loss_rec=0.584948 valid_auc=0.686440 valid_rmse=0.481207 q_change=54 q_delta=0.436547 q_grad=0.002422
epoch=76 loss_total=0.660795 loss_rec=0.585121 valid_auc=0.685525 valid_rmse=0.474389 q_change=54 q_delta=0.436821 q_grad=0.002407
epoch=77 loss_total=0.654626 loss_rec=0.578997 valid_auc=0.686272 valid_rmse=0.477891 q_change=54 q_delta=0.436785 q_grad=0.002416
epoch=78 loss_total=0.655319 loss_rec=0.579716 valid_auc=0.685982 valid_rmse=0.476282 q_change=54 q_delta=0.436898 q_grad=0.002596
epoch=79 loss_total=0.654677 loss_rec=0.579143 valid_auc=0.685212 valid_rmse=0.475453 q_change=54 q_delta=0.437055 q_grad=0.002655
epoch=80 loss_total=0.654865 loss_rec=0.579355 valid_auc=0.684900 valid_rmse=0.475162 q_change=54 q_delta=0.437110 q_grad=0.002573
epoch=81 loss_total=0.651183 loss_rec=0.575739 valid_auc=0.686127 valid_rmse=0.477405 q_change=54 q_delta=0.437210 q_grad=0.002629
epoch=82 loss_total=0.651456 loss_rec=0.576053 valid_auc=0.685692 valid_rmse=0.476674 q_change=54 q_delta=0.437274 q_grad=0.002680
epoch=83 loss_total=0.650327 loss_rec=0.574976 valid_auc=0.685089 valid_rmse=0.480638 q_change=54 q_delta=0.437294 q_grad=0.002642
epoch=84 loss_total=0.650852 loss_rec=0.575532 valid_auc=0.685848 valid_rmse=0.477039 q_change=54 q_delta=0.437496 q_grad=0.002737
Early stopping at epoch 84; best_epoch=64.
Saved run to C:\Users\YAN_SHU_YU\Desktop\Generative-CD\Q_GNCDM\results\weak_q_lambda_sweep\lq_0p2_ls_0p6_lb_0p3\seed_2026\noise_0.20\weak-q_lq_0p2_ls_0p6_lb_0p3
Final metrics: q_hat_f1=0.101695 response_auc=0.686002 mastery_pearson=0.313586
