run=weak-q_lq_0p9_ls_0p8_lb_0p3 mode=weak-q noise=0.20 train=4200 valid=600 test=1200
epoch=1 loss_total=1.148206 loss_rec=0.725659 valid_auc=0.587561 valid_rmse=0.499755 q_change=57 q_delta=0.077932 q_grad=0.000770
epoch=2 loss_total=1.075931 loss_rec=0.705869 valid_auc=0.593622 valid_rmse=0.499303 q_change=57 q_delta=0.143693 q_grad=0.000625
epoch=3 loss_total=1.031641 loss_rec=0.699819 valid_auc=0.605569 valid_rmse=0.498484 q_change=57 q_delta=0.196448 q_grad=0.000505
epoch=4 loss_total=0.997717 loss_rec=0.693283 valid_auc=0.622801 valid_rmse=0.497652 q_change=57 q_delta=0.237970 q_grad=0.000410
epoch=5 loss_total=0.977604 loss_rec=0.692408 valid_auc=0.643795 valid_rmse=0.495384 q_change=57 q_delta=0.269649 q_grad=0.000349
epoch=6 loss_total=0.957352 loss_rec=0.685585 valid_auc=0.659196 valid_rmse=0.493055 q_change=57 q_delta=0.292853 q_grad=0.000328
epoch=7 loss_total=0.935052 loss_rec=0.672267 valid_auc=0.661016 valid_rmse=0.487874 q_change=57 q_delta=0.308589 q_grad=0.000371
epoch=8 loss_total=0.915078 loss_rec=0.657636 valid_auc=0.661105 valid_rmse=0.482542 q_change=57 q_delta=0.318307 q_grad=0.000533
epoch=9 loss_total=0.900254 loss_rec=0.646469 valid_auc=0.671864 valid_rmse=0.477007 q_change=57 q_delta=0.326470 q_grad=0.000719
epoch=10 loss_total=0.897196 loss_rec=0.646667 valid_auc=0.672824 valid_rmse=0.477019 q_change=57 q_delta=0.332715 q_grad=0.000831
epoch=11 loss_total=0.891265 loss_rec=0.642942 valid_auc=0.676518 valid_rmse=0.475289 q_change=57 q_delta=0.337940 q_grad=0.000982
epoch=12 loss_total=0.879024 loss_rec=0.632594 valid_auc=0.679721 valid_rmse=0.475887 q_change=57 q_delta=0.341538 q_grad=0.001087
epoch=13 loss_total=0.874001 loss_rec=0.629085 valid_auc=0.681808 valid_rmse=0.473375 q_change=57 q_delta=0.344980 q_grad=0.001152
epoch=14 loss_total=0.872406 loss_rec=0.628539 valid_auc=0.681038 valid_rmse=0.474963 q_change=57 q_delta=0.346947 q_grad=0.001285
epoch=15 loss_total=0.867725 loss_rec=0.624704 valid_auc=0.681786 valid_rmse=0.473249 q_change=57 q_delta=0.349189 q_grad=0.001385
epoch=16 loss_total=0.868136 loss_rec=0.625762 valid_auc=0.684364 valid_rmse=0.473372 q_change=57 q_delta=0.350632 q_grad=0.001515
epoch=17 loss_total=0.864408 loss_rec=0.622698 valid_auc=0.683616 valid_rmse=0.473567 q_change=57 q_delta=0.352161 q_grad=0.001470
epoch=18 loss_total=0.858028 loss_rec=0.616745 valid_auc=0.684799 valid_rmse=0.472941 q_change=57 q_delta=0.353582 q_grad=0.001520
epoch=19 loss_total=0.856638 loss_rec=0.615931 valid_auc=0.684531 valid_rmse=0.474306 q_change=56 q_delta=0.355041 q_grad=0.001634
epoch=20 loss_total=0.854196 loss_rec=0.613796 valid_auc=0.687299 valid_rmse=0.472311 q_change=56 q_delta=0.356471 q_grad=0.001718
epoch=21 loss_total=0.849593 loss_rec=0.609515 valid_auc=0.687165 valid_rmse=0.474255 q_change=56 q_delta=0.357560 q_grad=0.001643
epoch=22 loss_total=0.847522 loss_rec=0.607655 valid_auc=0.687623 valid_rmse=0.473541 q_change=56 q_delta=0.358779 q_grad=0.001784
epoch=23 loss_total=0.845015 loss_rec=0.605337 valid_auc=0.685201 valid_rmse=0.473277 q_change=56 q_delta=0.360354 q_grad=0.001758
epoch=24 loss_total=0.840148 loss_rec=0.600665 valid_auc=0.683917 valid_rmse=0.474127 q_change=55 q_delta=0.361473 q_grad=0.001788
epoch=25 loss_total=0.841435 loss_rec=0.602055 valid_auc=0.684944 valid_rmse=0.474059 q_change=53 q_delta=0.362368 q_grad=0.001914
epoch=26 loss_total=0.838595 loss_rec=0.599319 valid_auc=0.686406 valid_rmse=0.474543 q_change=51 q_delta=0.363488 q_grad=0.001897
epoch=27 loss_total=0.834813 loss_rec=0.595510 valid_auc=0.686786 valid_rmse=0.475629 q_change=51 q_delta=0.364623 q_grad=0.001876
epoch=28 loss_total=0.837686 loss_rec=0.598515 valid_auc=0.686551 valid_rmse=0.474417 q_change=51 q_delta=0.366194 q_grad=0.001961
epoch=29 loss_total=0.831041 loss_rec=0.591940 valid_auc=0.689141 valid_rmse=0.473748 q_change=51 q_delta=0.367630 q_grad=0.001989
epoch=30 loss_total=0.829905 loss_rec=0.590760 valid_auc=0.690513 valid_rmse=0.474394 q_change=51 q_delta=0.368926 q_grad=0.001976
epoch=31 loss_total=0.825754 loss_rec=0.586472 valid_auc=0.689487 valid_rmse=0.474399 q_change=51 q_delta=0.370243 q_grad=0.002008
epoch=32 loss_total=0.826974 loss_rec=0.587670 valid_auc=0.691998 valid_rmse=0.474145 q_change=51 q_delta=0.371574 q_grad=0.002064
epoch=33 loss_total=0.823894 loss_rec=0.584484 valid_auc=0.690569 valid_rmse=0.472258 q_change=50 q_delta=0.372895 q_grad=0.002066
epoch=34 loss_total=0.822872 loss_rec=0.583430 valid_auc=0.689096 valid_rmse=0.472709 q_change=49 q_delta=0.373898 q_grad=0.002053
epoch=35 loss_total=0.822448 loss_rec=0.582953 valid_auc=0.692891 valid_rmse=0.471416 q_change=49 q_delta=0.375124 q_grad=0.002050
epoch=36 loss_total=0.815561 loss_rec=0.575842 valid_auc=0.693783 valid_rmse=0.472182 q_change=49 q_delta=0.376005 q_grad=0.002130
epoch=37 loss_total=0.811037 loss_rec=0.571157 valid_auc=0.692935 valid_rmse=0.473439 q_change=49 q_delta=0.377223 q_grad=0.002132
epoch=38 loss_total=0.807520 loss_rec=0.567660 valid_auc=0.692679 valid_rmse=0.474801 q_change=49 q_delta=0.378240 q_grad=0.002255
epoch=39 loss_total=0.807335 loss_rec=0.567369 valid_auc=0.691462 valid_rmse=0.472395 q_change=49 q_delta=0.379697 q_grad=0.002211
epoch=40 loss_total=0.803483 loss_rec=0.563424 valid_auc=0.691306 valid_rmse=0.473023 q_change=49 q_delta=0.380532 q_grad=0.002279
epoch=41 loss_total=0.797477 loss_rec=0.557393 valid_auc=0.692980 valid_rmse=0.474720 q_change=49 q_delta=0.381455 q_grad=0.002292
epoch=42 loss_total=0.799403 loss_rec=0.559232 valid_auc=0.689141 valid_rmse=0.474042 q_change=49 q_delta=0.382538 q_grad=0.002429
epoch=43 loss_total=0.793211 loss_rec=0.552928 valid_auc=0.691038 valid_rmse=0.474769 q_change=49 q_delta=0.383080 q_grad=0.002411
epoch=44 loss_total=0.791472 loss_rec=0.551180 valid_auc=0.689364 valid_rmse=0.475249 q_change=50 q_delta=0.384015 q_grad=0.002467
epoch=45 loss_total=0.785450 loss_rec=0.545163 valid_auc=0.688694 valid_rmse=0.480145 q_change=50 q_delta=0.384437 q_grad=0.002523
epoch=46 loss_total=0.785143 loss_rec=0.544763 valid_auc=0.693181 valid_rmse=0.473876 q_change=50 q_delta=0.385310 q_grad=0.002535
epoch=47 loss_total=0.781252 loss_rec=0.540841 valid_auc=0.689051 valid_rmse=0.477223 q_change=50 q_delta=0.385786 q_grad=0.002571
epoch=48 loss_total=0.778098 loss_rec=0.537701 valid_auc=0.689141 valid_rmse=0.476840 q_change=49 q_delta=0.386438 q_grad=0.002649
epoch=49 loss_total=0.773376 loss_rec=0.532995 valid_auc=0.690614 valid_rmse=0.475239 q_change=49 q_delta=0.386733 q_grad=0.002662
epoch=50 loss_total=0.767825 loss_rec=0.527412 valid_auc=0.688594 valid_rmse=0.478621 q_change=49 q_delta=0.387177 q_grad=0.002670
epoch=51 loss_total=0.767088 loss_rec=0.526793 valid_auc=0.689029 valid_rmse=0.479184 q_change=49 q_delta=0.387523 q_grad=0.002762
epoch=52 loss_total=0.768663 loss_rec=0.528413 valid_auc=0.688493 valid_rmse=0.477981 q_change=49 q_delta=0.388134 q_grad=0.002811
epoch=53 loss_total=0.768920 loss_rec=0.528690 valid_auc=0.689051 valid_rmse=0.476607 q_change=49 q_delta=0.388511 q_grad=0.002825
epoch=54 loss_total=0.760952 loss_rec=0.520701 valid_auc=0.684978 valid_rmse=0.479743 q_change=49 q_delta=0.388813 q_grad=0.002838
epoch=55 loss_total=0.756891 loss_rec=0.516740 valid_auc=0.692411 valid_rmse=0.476233 q_change=49 q_delta=0.389257 q_grad=0.002817
epoch=56 loss_total=0.757386 loss_rec=0.517271 valid_auc=0.687779 valid_rmse=0.479169 q_change=49 q_delta=0.389455 q_grad=0.002888
Early stopping at epoch 56; best_epoch=36.
Saved run to C:\Users\YAN_SHU_YU\Desktop\Generative-CD\Q_GNCDM\results\weak_q_lambda_sweep\lq_0p9_ls_0p8_lb_0p3\seed_2026\noise_0.20\weak-q_lq_0p9_ls_0p8_lb_0p3
Final metrics: q_hat_f1=0.250000 response_auc=0.693123 mastery_pearson=0.416354
