run=weak-q_lq_0p4_ls_0p8_lb_0p3 mode=weak-q noise=0.20 train=4200 valid=600 test=1200
epoch=1 loss_total=1.146935 loss_rec=0.725665 valid_auc=0.587533 valid_rmse=0.499758 q_change=57 q_delta=0.079102 q_grad=0.000809
epoch=2 loss_total=1.067197 loss_rec=0.705973 valid_auc=0.593292 valid_rmse=0.499345 q_change=57 q_delta=0.149210 q_grad=0.000727
epoch=3 loss_total=1.010776 loss_rec=0.700170 valid_auc=0.604263 valid_rmse=0.498638 q_change=57 q_delta=0.207887 q_grad=0.000641
epoch=4 loss_total=0.963746 loss_rec=0.694165 valid_auc=0.620770 valid_rmse=0.498086 q_change=57 q_delta=0.255278 q_grad=0.000554
epoch=5 loss_total=0.931930 loss_rec=0.694343 valid_auc=0.640804 valid_rmse=0.496443 q_change=57 q_delta=0.292287 q_grad=0.000475
epoch=6 loss_total=0.903124 loss_rec=0.690120 valid_auc=0.656814 valid_rmse=0.495714 q_change=57 q_delta=0.320621 q_grad=0.000413
epoch=7 loss_total=0.877563 loss_rec=0.683158 valid_auc=0.657935 valid_rmse=0.493884 q_change=57 q_delta=0.342009 q_grad=0.000376
epoch=8 loss_total=0.857371 loss_rec=0.676547 valid_auc=0.653415 valid_rmse=0.490276 q_change=57 q_delta=0.357182 q_grad=0.000386
epoch=9 loss_total=0.837925 loss_rec=0.666634 valid_auc=0.658460 valid_rmse=0.483569 q_change=57 q_delta=0.368263 q_grad=0.000476
epoch=10 loss_total=0.827143 loss_rec=0.663195 valid_auc=0.659576 valid_rmse=0.482186 q_change=57 q_delta=0.376848 q_grad=0.000569
epoch=11 loss_total=0.817347 loss_rec=0.659009 valid_auc=0.660536 valid_rmse=0.481110 q_change=57 q_delta=0.384258 q_grad=0.000677
epoch=12 loss_total=0.803246 loss_rec=0.649987 valid_auc=0.664152 valid_rmse=0.481711 q_change=57 q_delta=0.390350 q_grad=0.000743
epoch=13 loss_total=0.797198 loss_rec=0.648193 valid_auc=0.666362 valid_rmse=0.478466 q_change=57 q_delta=0.395611 q_grad=0.000764
epoch=14 loss_total=0.792989 loss_rec=0.647286 valid_auc=0.668650 valid_rmse=0.479792 q_change=57 q_delta=0.399585 q_grad=0.000852
epoch=15 loss_total=0.788770 loss_rec=0.645918 valid_auc=0.667254 valid_rmse=0.478111 q_change=57 q_delta=0.403393 q_grad=0.000908
epoch=16 loss_total=0.787132 loss_rec=0.646638 valid_auc=0.669230 valid_rmse=0.478015 q_change=57 q_delta=0.406303 q_grad=0.001006
epoch=17 loss_total=0.784360 loss_rec=0.646003 valid_auc=0.670971 valid_rmse=0.478466 q_change=57 q_delta=0.408873 q_grad=0.000987
epoch=18 loss_total=0.777404 loss_rec=0.640810 valid_auc=0.671652 valid_rmse=0.477481 q_change=57 q_delta=0.411223 q_grad=0.001030
epoch=19 loss_total=0.774375 loss_rec=0.639401 valid_auc=0.671931 valid_rmse=0.477480 q_change=57 q_delta=0.413217 q_grad=0.001113
epoch=20 loss_total=0.772884 loss_rec=0.639227 valid_auc=0.675469 valid_rmse=0.475966 q_change=57 q_delta=0.415088 q_grad=0.001214
epoch=21 loss_total=0.768757 loss_rec=0.636364 valid_auc=0.676339 valid_rmse=0.476947 q_change=57 q_delta=0.416413 q_grad=0.001175
epoch=22 loss_total=0.767557 loss_rec=0.636133 valid_auc=0.677757 valid_rmse=0.475627 q_change=57 q_delta=0.417690 q_grad=0.001292
epoch=23 loss_total=0.763807 loss_rec=0.633288 valid_auc=0.677143 valid_rmse=0.475206 q_change=57 q_delta=0.418992 q_grad=0.001312
epoch=24 loss_total=0.759123 loss_rec=0.629454 valid_auc=0.676864 valid_rmse=0.475609 q_change=57 q_delta=0.419996 q_grad=0.001370
epoch=25 loss_total=0.761690 loss_rec=0.632712 valid_auc=0.677879 valid_rmse=0.475307 q_change=57 q_delta=0.420774 q_grad=0.001503
epoch=26 loss_total=0.758908 loss_rec=0.630535 valid_auc=0.678560 valid_rmse=0.476184 q_change=57 q_delta=0.421521 q_grad=0.001514
epoch=27 loss_total=0.756343 loss_rec=0.628416 valid_auc=0.681462 valid_rmse=0.475743 q_change=57 q_delta=0.422041 q_grad=0.001528
epoch=28 loss_total=0.757897 loss_rec=0.630429 valid_auc=0.681027 valid_rmse=0.474805 q_change=57 q_delta=0.422719 q_grad=0.001617
epoch=29 loss_total=0.753934 loss_rec=0.626835 valid_auc=0.683002 valid_rmse=0.474520 q_change=57 q_delta=0.423141 q_grad=0.001680
epoch=30 loss_total=0.754667 loss_rec=0.627894 valid_auc=0.682969 valid_rmse=0.474690 q_change=57 q_delta=0.423434 q_grad=0.001665
epoch=31 loss_total=0.750842 loss_rec=0.624143 valid_auc=0.685792 valid_rmse=0.474246 q_change=57 q_delta=0.423578 q_grad=0.001712
epoch=32 loss_total=0.752511 loss_rec=0.625958 valid_auc=0.687567 valid_rmse=0.474999 q_change=57 q_delta=0.423593 q_grad=0.001781
epoch=33 loss_total=0.750822 loss_rec=0.624279 valid_auc=0.684498 valid_rmse=0.473360 q_change=56 q_delta=0.423899 q_grad=0.001759
epoch=34 loss_total=0.749485 loss_rec=0.623034 valid_auc=0.683772 valid_rmse=0.473162 q_change=56 q_delta=0.424202 q_grad=0.001783
epoch=35 loss_total=0.750539 loss_rec=0.624143 valid_auc=0.687288 valid_rmse=0.472390 q_change=56 q_delta=0.424906 q_grad=0.001769
epoch=36 loss_total=0.747098 loss_rec=0.620705 valid_auc=0.688795 valid_rmse=0.473059 q_change=56 q_delta=0.425295 q_grad=0.001814
epoch=37 loss_total=0.741109 loss_rec=0.614767 valid_auc=0.689330 valid_rmse=0.472679 q_change=56 q_delta=0.425817 q_grad=0.001830
epoch=38 loss_total=0.740595 loss_rec=0.614407 valid_auc=0.687232 valid_rmse=0.475157 q_change=56 q_delta=0.426258 q_grad=0.001943
epoch=39 loss_total=0.743643 loss_rec=0.617587 valid_auc=0.688940 valid_rmse=0.472290 q_change=56 q_delta=0.426769 q_grad=0.001879
epoch=40 loss_total=0.739539 loss_rec=0.613585 valid_auc=0.689007 valid_rmse=0.472367 q_change=56 q_delta=0.427014 q_grad=0.001915
epoch=41 loss_total=0.735181 loss_rec=0.609324 valid_auc=0.691122 valid_rmse=0.472570 q_change=56 q_delta=0.427255 q_grad=0.001925
epoch=42 loss_total=0.739640 loss_rec=0.613842 valid_auc=0.688304 valid_rmse=0.472758 q_change=56 q_delta=0.427530 q_grad=0.001981
epoch=43 loss_total=0.735123 loss_rec=0.609288 valid_auc=0.690692 valid_rmse=0.472093 q_change=56 q_delta=0.427472 q_grad=0.001918
epoch=44 loss_total=0.736052 loss_rec=0.610286 valid_auc=0.690692 valid_rmse=0.472323 q_change=56 q_delta=0.427720 q_grad=0.001988
epoch=45 loss_total=0.732675 loss_rec=0.606943 valid_auc=0.692143 valid_rmse=0.474783 q_change=55 q_delta=0.427685 q_grad=0.002011
epoch=46 loss_total=0.733642 loss_rec=0.607874 valid_auc=0.693806 valid_rmse=0.470703 q_change=55 q_delta=0.428031 q_grad=0.001958
epoch=47 loss_total=0.730821 loss_rec=0.605118 valid_auc=0.695826 valid_rmse=0.471115 q_change=55 q_delta=0.428588 q_grad=0.001979
epoch=48 loss_total=0.730659 loss_rec=0.604958 valid_auc=0.694353 valid_rmse=0.470629 q_change=55 q_delta=0.429025 q_grad=0.002019
epoch=49 loss_total=0.728334 loss_rec=0.602621 valid_auc=0.694688 valid_rmse=0.470706 q_change=55 q_delta=0.429428 q_grad=0.002044
epoch=50 loss_total=0.724195 loss_rec=0.598516 valid_auc=0.693025 valid_rmse=0.471500 q_change=55 q_delta=0.429845 q_grad=0.001949
epoch=51 loss_total=0.724472 loss_rec=0.598871 valid_auc=0.695100 valid_rmse=0.472470 q_change=55 q_delta=0.430150 q_grad=0.002083
epoch=52 loss_total=0.725790 loss_rec=0.600253 valid_auc=0.693493 valid_rmse=0.471209 q_change=55 q_delta=0.430594 q_grad=0.002087
epoch=53 loss_total=0.727349 loss_rec=0.601861 valid_auc=0.695100 valid_rmse=0.470781 q_change=54 q_delta=0.430933 q_grad=0.002085
epoch=54 loss_total=0.719495 loss_rec=0.594110 valid_auc=0.694308 valid_rmse=0.472096 q_change=54 q_delta=0.431213 q_grad=0.002050
epoch=55 loss_total=0.719099 loss_rec=0.593829 valid_auc=0.697444 valid_rmse=0.470650 q_change=54 q_delta=0.431498 q_grad=0.002107
epoch=56 loss_total=0.720506 loss_rec=0.595316 valid_auc=0.695424 valid_rmse=0.471039 q_change=54 q_delta=0.431784 q_grad=0.002139
epoch=57 loss_total=0.718652 loss_rec=0.593542 valid_auc=0.696462 valid_rmse=0.473183 q_change=54 q_delta=0.431938 q_grad=0.002205
epoch=58 loss_total=0.715443 loss_rec=0.590385 valid_auc=0.694654 valid_rmse=0.473541 q_change=54 q_delta=0.432184 q_grad=0.002166
epoch=59 loss_total=0.715350 loss_rec=0.590492 valid_auc=0.693460 valid_rmse=0.471470 q_change=54 q_delta=0.432632 q_grad=0.002158
epoch=60 loss_total=0.714771 loss_rec=0.590013 valid_auc=0.694721 valid_rmse=0.472779 q_change=54 q_delta=0.432804 q_grad=0.002193
epoch=61 loss_total=0.713647 loss_rec=0.588968 valid_auc=0.694699 valid_rmse=0.472338 q_change=54 q_delta=0.433125 q_grad=0.002244
epoch=62 loss_total=0.711393 loss_rec=0.586828 valid_auc=0.693906 valid_rmse=0.471859 q_change=54 q_delta=0.433358 q_grad=0.002203
epoch=63 loss_total=0.712566 loss_rec=0.588044 valid_auc=0.691842 valid_rmse=0.472977 q_change=54 q_delta=0.433471 q_grad=0.002240
epoch=64 loss_total=0.715264 loss_rec=0.590866 valid_auc=0.696049 valid_rmse=0.474298 q_change=54 q_delta=0.433607 q_grad=0.002292
epoch=65 loss_total=0.709629 loss_rec=0.585278 valid_auc=0.693259 valid_rmse=0.472107 q_change=54 q_delta=0.433921 q_grad=0.002191
epoch=66 loss_total=0.710125 loss_rec=0.585873 valid_auc=0.693951 valid_rmse=0.472887 q_change=54 q_delta=0.434041 q_grad=0.002328
epoch=67 loss_total=0.712444 loss_rec=0.588260 valid_auc=0.691540 valid_rmse=0.474043 q_change=54 q_delta=0.434165 q_grad=0.002315
epoch=68 loss_total=0.708174 loss_rec=0.584058 valid_auc=0.692132 valid_rmse=0.475145 q_change=54 q_delta=0.434270 q_grad=0.002320
epoch=69 loss_total=0.705156 loss_rec=0.581116 valid_auc=0.695067 valid_rmse=0.479908 q_change=54 q_delta=0.434254 q_grad=0.002406
epoch=70 loss_total=0.704143 loss_rec=0.580115 valid_auc=0.691094 valid_rmse=0.473221 q_change=54 q_delta=0.434500 q_grad=0.002410
epoch=71 loss_total=0.706347 loss_rec=0.582378 valid_auc=0.691998 valid_rmse=0.473285 q_change=54 q_delta=0.434557 q_grad=0.002426
epoch=72 loss_total=0.705110 loss_rec=0.581148 valid_auc=0.690670 valid_rmse=0.473761 q_change=54 q_delta=0.434631 q_grad=0.002438
epoch=73 loss_total=0.700954 loss_rec=0.577088 valid_auc=0.688929 valid_rmse=0.474270 q_change=54 q_delta=0.434696 q_grad=0.002493
epoch=74 loss_total=0.705192 loss_rec=0.581334 valid_auc=0.689431 valid_rmse=0.474933 q_change=54 q_delta=0.434687 q_grad=0.002440
epoch=75 loss_total=0.703335 loss_rec=0.579412 valid_auc=0.686931 valid_rmse=0.481826 q_change=54 q_delta=0.434509 q_grad=0.002449
Early stopping at epoch 75; best_epoch=55.
Saved run to C:\Users\YAN_SHU_YU\Desktop\Generative-CD\Q_GNCDM\results\weak_q_lambda_sweep\lq_0p4_ls_0p8_lb_0p3\seed_2026\noise_0.20\weak-q_lq_0p4_ls_0p8_lb_0p3
Final metrics: q_hat_f1=0.101695 response_auc=0.685946 mastery_pearson=0.319725
