run=weak-q_lq_0p9_ls_0p4_lb_0p7 mode=weak-q noise=0.20 train=4200 valid=600 test=1200
epoch=1 loss_total=1.071813 loss_rec=0.725653 valid_auc=0.587958 valid_rmse=0.499746 q_change=57 q_delta=0.077530 q_grad=0.000417
epoch=2 loss_total=1.022729 loss_rec=0.705797 valid_auc=0.596127 valid_rmse=0.499236 q_change=57 q_delta=0.142954 q_grad=0.000350
epoch=3 loss_total=0.994181 loss_rec=0.699540 valid_auc=0.612221 valid_rmse=0.498264 q_change=57 q_delta=0.195406 q_grad=0.000303
epoch=4 loss_total=0.970456 loss_rec=0.692557 valid_auc=0.635212 valid_rmse=0.497120 q_change=57 q_delta=0.236474 q_grad=0.000269
epoch=5 loss_total=0.956581 loss_rec=0.690638 valid_auc=0.656540 valid_rmse=0.494133 q_change=57 q_delta=0.266255 q_grad=0.000267
epoch=6 loss_total=0.938805 loss_rec=0.680924 valid_auc=0.667143 valid_rmse=0.489850 q_change=57 q_delta=0.285340 q_grad=0.000311
epoch=7 loss_total=0.914773 loss_rec=0.661674 valid_auc=0.667266 valid_rmse=0.482622 q_change=57 q_delta=0.295776 q_grad=0.000436
epoch=8 loss_total=0.897337 loss_rec=0.646798 valid_auc=0.669129 valid_rmse=0.479038 q_change=57 q_delta=0.302104 q_grad=0.000669
epoch=9 loss_total=0.885925 loss_rec=0.637462 valid_auc=0.678850 valid_rmse=0.474512 q_change=57 q_delta=0.307455 q_grad=0.000853
epoch=10 loss_total=0.884649 loss_rec=0.638002 valid_auc=0.680558 valid_rmse=0.474758 q_change=57 q_delta=0.310687 q_grad=0.000963
epoch=11 loss_total=0.879050 loss_rec=0.633431 valid_auc=0.684732 valid_rmse=0.472624 q_change=57 q_delta=0.313347 q_grad=0.001125
epoch=12 loss_total=0.867003 loss_rec=0.622235 valid_auc=0.686484 valid_rmse=0.473488 q_change=56 q_delta=0.314735 q_grad=0.001238
epoch=13 loss_total=0.861001 loss_rec=0.616976 valid_auc=0.686473 valid_rmse=0.472066 q_change=54 q_delta=0.317293 q_grad=0.001296
epoch=14 loss_total=0.859198 loss_rec=0.615722 valid_auc=0.685965 valid_rmse=0.473716 q_change=54 q_delta=0.319225 q_grad=0.001418
epoch=15 loss_total=0.853118 loss_rec=0.610149 valid_auc=0.686641 valid_rmse=0.472581 q_change=51 q_delta=0.322076 q_grad=0.001497
epoch=16 loss_total=0.852771 loss_rec=0.610268 valid_auc=0.686908 valid_rmse=0.473115 q_change=51 q_delta=0.324715 q_grad=0.001622
epoch=17 loss_total=0.847449 loss_rec=0.605457 valid_auc=0.684978 valid_rmse=0.473111 q_change=50 q_delta=0.327399 q_grad=0.001564
epoch=18 loss_total=0.839673 loss_rec=0.598082 valid_auc=0.687299 valid_rmse=0.472956 q_change=49 q_delta=0.329711 q_grad=0.001607
epoch=19 loss_total=0.837090 loss_rec=0.596016 valid_auc=0.687400 valid_rmse=0.474232 q_change=48 q_delta=0.332112 q_grad=0.001710
epoch=20 loss_total=0.832736 loss_rec=0.591994 valid_auc=0.688460 valid_rmse=0.472627 q_change=48 q_delta=0.334855 q_grad=0.001801
epoch=21 loss_total=0.826093 loss_rec=0.585706 valid_auc=0.690446 valid_rmse=0.473981 q_change=48 q_delta=0.336760 q_grad=0.001733
epoch=22 loss_total=0.822364 loss_rec=0.582287 valid_auc=0.690123 valid_rmse=0.473823 q_change=48 q_delta=0.338978 q_grad=0.001879
epoch=23 loss_total=0.818387 loss_rec=0.578632 valid_auc=0.687712 valid_rmse=0.474263 q_change=48 q_delta=0.341039 q_grad=0.001826
epoch=24 loss_total=0.811193 loss_rec=0.571741 valid_auc=0.688025 valid_rmse=0.475046 q_change=46 q_delta=0.342898 q_grad=0.001875
epoch=25 loss_total=0.809590 loss_rec=0.570387 valid_auc=0.690056 valid_rmse=0.475211 q_change=44 q_delta=0.344585 q_grad=0.002003
epoch=26 loss_total=0.805487 loss_rec=0.566525 valid_auc=0.691451 valid_rmse=0.475321 q_change=44 q_delta=0.346154 q_grad=0.001993
epoch=27 loss_total=0.799148 loss_rec=0.560391 valid_auc=0.690257 valid_rmse=0.478153 q_change=44 q_delta=0.347411 q_grad=0.001987
epoch=28 loss_total=0.800238 loss_rec=0.561659 valid_auc=0.690937 valid_rmse=0.476175 q_change=43 q_delta=0.348957 q_grad=0.002126
epoch=29 loss_total=0.791523 loss_rec=0.553166 valid_auc=0.692991 valid_rmse=0.476054 q_change=43 q_delta=0.350084 q_grad=0.002117
epoch=30 loss_total=0.787832 loss_rec=0.549604 valid_auc=0.694018 valid_rmse=0.476991 q_change=41 q_delta=0.351232 q_grad=0.002178
epoch=31 loss_total=0.781699 loss_rec=0.543651 valid_auc=0.693705 valid_rmse=0.477170 q_change=41 q_delta=0.352492 q_grad=0.002172
epoch=32 loss_total=0.779865 loss_rec=0.541988 valid_auc=0.696964 valid_rmse=0.477095 q_change=42 q_delta=0.353868 q_grad=0.002255
epoch=33 loss_total=0.772467 loss_rec=0.534677 valid_auc=0.693906 valid_rmse=0.476224 q_change=40 q_delta=0.355086 q_grad=0.002271
epoch=34 loss_total=0.771636 loss_rec=0.534027 valid_auc=0.693571 valid_rmse=0.476348 q_change=37 q_delta=0.355920 q_grad=0.002291
epoch=35 loss_total=0.771537 loss_rec=0.534065 valid_auc=0.698002 valid_rmse=0.474682 q_change=36 q_delta=0.356919 q_grad=0.002278
epoch=36 loss_total=0.762398 loss_rec=0.524985 valid_auc=0.696172 valid_rmse=0.475402 q_change=35 q_delta=0.357603 q_grad=0.002360
epoch=37 loss_total=0.757392 loss_rec=0.520073 valid_auc=0.693270 valid_rmse=0.479082 q_change=35 q_delta=0.358389 q_grad=0.002355
epoch=38 loss_total=0.749579 loss_rec=0.512432 valid_auc=0.694263 valid_rmse=0.479405 q_change=34 q_delta=0.359333 q_grad=0.002437
epoch=39 loss_total=0.749571 loss_rec=0.512539 valid_auc=0.694732 valid_rmse=0.478224 q_change=34 q_delta=0.360487 q_grad=0.002410
epoch=40 loss_total=0.746559 loss_rec=0.509649 valid_auc=0.693750 valid_rmse=0.479343 q_change=34 q_delta=0.361627 q_grad=0.002476
epoch=41 loss_total=0.738952 loss_rec=0.502202 valid_auc=0.693058 valid_rmse=0.482964 q_change=35 q_delta=0.362743 q_grad=0.002454
epoch=42 loss_total=0.742726 loss_rec=0.506110 valid_auc=0.691585 valid_rmse=0.481085 q_change=35 q_delta=0.363797 q_grad=0.002597
epoch=43 loss_total=0.736188 loss_rec=0.499688 valid_auc=0.694196 valid_rmse=0.481443 q_change=34 q_delta=0.364672 q_grad=0.002549
epoch=44 loss_total=0.732241 loss_rec=0.495849 valid_auc=0.693644 valid_rmse=0.480978 q_change=34 q_delta=0.365505 q_grad=0.002582
epoch=45 loss_total=0.729166 loss_rec=0.492917 valid_auc=0.690993 valid_rmse=0.486421 q_change=33 q_delta=0.366384 q_grad=0.002558
epoch=46 loss_total=0.728526 loss_rec=0.492339 valid_auc=0.696328 valid_rmse=0.480658 q_change=32 q_delta=0.367443 q_grad=0.002601
epoch=47 loss_total=0.724516 loss_rec=0.488467 valid_auc=0.693337 valid_rmse=0.484104 q_change=32 q_delta=0.368230 q_grad=0.002535
epoch=48 loss_total=0.725000 loss_rec=0.489083 valid_auc=0.692679 valid_rmse=0.482762 q_change=32 q_delta=0.369225 q_grad=0.002635
epoch=49 loss_total=0.718923 loss_rec=0.483113 valid_auc=0.694297 valid_rmse=0.481387 q_change=32 q_delta=0.369632 q_grad=0.002573
epoch=50 loss_total=0.714446 loss_rec=0.478728 valid_auc=0.693795 valid_rmse=0.485615 q_change=32 q_delta=0.370415 q_grad=0.002582
epoch=51 loss_total=0.715096 loss_rec=0.479521 valid_auc=0.692165 valid_rmse=0.486298 q_change=32 q_delta=0.371094 q_grad=0.002660
epoch=52 loss_total=0.715887 loss_rec=0.480411 valid_auc=0.692299 valid_rmse=0.484309 q_change=31 q_delta=0.371808 q_grad=0.002632
epoch=53 loss_total=0.717343 loss_rec=0.481965 valid_auc=0.692924 valid_rmse=0.483418 q_change=31 q_delta=0.372351 q_grad=0.002644
epoch=54 loss_total=0.711185 loss_rec=0.475863 valid_auc=0.689821 valid_rmse=0.485442 q_change=31 q_delta=0.373035 q_grad=0.002683
epoch=55 loss_total=0.706617 loss_rec=0.471415 valid_auc=0.696094 valid_rmse=0.481817 q_change=31 q_delta=0.373832 q_grad=0.002587
Early stopping at epoch 55; best_epoch=35.
Saved run to C:\Users\YAN_SHU_YU\Desktop\Generative-CD\Q_GNCDM\results\weak_q_lambda_sweep\lq_0p9_ls_0p4_lb_0p7\seed_2026\noise_0.20\weak-q_lq_0p9_ls_0p4_lb_0p7
Final metrics: q_hat_f1=0.519481 response_auc=0.692417 mastery_pearson=0.514897
