run=weak-q_lq_0p7_ls_0p6_lb_0p6 mode=weak-q noise=0.20 train=4200 valid=600 test=1200
epoch=1 loss_total=1.133784 loss_rec=0.725662 valid_auc=0.587656 valid_rmse=0.499755 q_change=57 q_delta=0.078785 q_grad=0.000622
epoch=2 loss_total=1.068255 loss_rec=0.705933 valid_auc=0.594152 valid_rmse=0.499318 q_change=57 q_delta=0.148033 q_grad=0.000552
epoch=3 loss_total=1.024308 loss_rec=0.700031 valid_auc=0.607076 valid_rmse=0.498552 q_change=57 q_delta=0.205644 q_grad=0.000484
epoch=4 loss_total=0.987556 loss_rec=0.693834 valid_auc=0.625435 valid_rmse=0.497885 q_change=57 q_delta=0.252044 q_grad=0.000420
epoch=5 loss_total=0.963825 loss_rec=0.693662 valid_auc=0.646105 valid_rmse=0.496022 q_change=57 q_delta=0.287954 q_grad=0.000368
epoch=6 loss_total=0.940959 loss_rec=0.688623 valid_auc=0.660156 valid_rmse=0.494761 q_change=57 q_delta=0.314876 q_grad=0.000336
epoch=7 loss_total=0.918856 loss_rec=0.679607 valid_auc=0.660435 valid_rmse=0.491677 q_change=57 q_delta=0.334303 q_grad=0.000338
epoch=8 loss_total=0.899799 loss_rec=0.669431 valid_auc=0.657400 valid_rmse=0.486464 q_change=57 q_delta=0.346847 q_grad=0.000417
epoch=9 loss_total=0.881955 loss_rec=0.657509 valid_auc=0.663393 valid_rmse=0.480239 q_change=57 q_delta=0.356311 q_grad=0.000567
epoch=10 loss_total=0.876074 loss_rec=0.656584 valid_auc=0.664353 valid_rmse=0.480066 q_change=57 q_delta=0.364018 q_grad=0.000674
epoch=11 loss_total=0.868878 loss_rec=0.653144 valid_auc=0.667400 valid_rmse=0.478756 q_change=57 q_delta=0.370565 q_grad=0.000790
epoch=12 loss_total=0.856545 loss_rec=0.644148 valid_auc=0.670882 valid_rmse=0.479356 q_change=57 q_delta=0.375649 q_grad=0.000869
epoch=13 loss_total=0.851362 loss_rec=0.641691 valid_auc=0.672187 valid_rmse=0.476399 q_change=57 q_delta=0.380107 q_grad=0.000905
epoch=14 loss_total=0.848363 loss_rec=0.640735 valid_auc=0.672712 valid_rmse=0.477656 q_change=57 q_delta=0.383131 q_grad=0.001022
epoch=15 loss_total=0.844390 loss_rec=0.638465 valid_auc=0.673873 valid_rmse=0.475790 q_change=57 q_delta=0.386173 q_grad=0.001107
epoch=16 loss_total=0.843751 loss_rec=0.639210 valid_auc=0.677969 valid_rmse=0.475464 q_change=57 q_delta=0.388211 q_grad=0.001239
epoch=17 loss_total=0.840717 loss_rec=0.637390 valid_auc=0.678839 valid_rmse=0.475538 q_change=57 q_delta=0.390000 q_grad=0.001228
epoch=18 loss_total=0.833676 loss_rec=0.631255 valid_auc=0.680904 valid_rmse=0.474546 q_change=57 q_delta=0.391535 q_grad=0.001296
epoch=19 loss_total=0.831480 loss_rec=0.629963 valid_auc=0.681540 valid_rmse=0.474941 q_change=57 q_delta=0.392832 q_grad=0.001412
epoch=20 loss_total=0.829373 loss_rec=0.628463 valid_auc=0.684821 valid_rmse=0.473005 q_change=57 q_delta=0.393879 q_grad=0.001530
epoch=21 loss_total=0.824944 loss_rec=0.624571 valid_auc=0.685000 valid_rmse=0.474523 q_change=57 q_delta=0.394295 q_grad=0.001491
epoch=22 loss_total=0.822671 loss_rec=0.622591 valid_auc=0.687020 valid_rmse=0.472918 q_change=56 q_delta=0.394569 q_grad=0.001648
epoch=23 loss_total=0.819064 loss_rec=0.619229 valid_auc=0.684922 valid_rmse=0.472675 q_change=56 q_delta=0.395747 q_grad=0.001665
epoch=24 loss_total=0.813700 loss_rec=0.614095 valid_auc=0.685458 valid_rmse=0.473030 q_change=56 q_delta=0.396597 q_grad=0.001715
epoch=25 loss_total=0.815228 loss_rec=0.615860 valid_auc=0.685982 valid_rmse=0.473011 q_change=56 q_delta=0.397163 q_grad=0.001880
epoch=26 loss_total=0.812156 loss_rec=0.612938 valid_auc=0.687098 valid_rmse=0.473984 q_change=56 q_delta=0.397705 q_grad=0.001871
epoch=27 loss_total=0.808305 loss_rec=0.609191 valid_auc=0.688638 valid_rmse=0.474684 q_change=56 q_delta=0.398004 q_grad=0.001866
epoch=28 loss_total=0.810444 loss_rec=0.611579 valid_auc=0.686886 valid_rmse=0.473695 q_change=55 q_delta=0.398720 q_grad=0.001946
epoch=29 loss_total=0.804310 loss_rec=0.605664 valid_auc=0.690368 valid_rmse=0.472951 q_change=54 q_delta=0.399089 q_grad=0.001989
epoch=30 loss_total=0.803866 loss_rec=0.605330 valid_auc=0.690971 valid_rmse=0.473236 q_change=54 q_delta=0.399747 q_grad=0.001950
epoch=31 loss_total=0.799971 loss_rec=0.601498 valid_auc=0.691004 valid_rmse=0.473143 q_change=54 q_delta=0.400564 q_grad=0.001985
epoch=32 loss_total=0.801245 loss_rec=0.602941 valid_auc=0.693315 valid_rmse=0.473187 q_change=54 q_delta=0.401362 q_grad=0.002030
epoch=33 loss_total=0.798965 loss_rec=0.600775 valid_auc=0.691395 valid_rmse=0.471404 q_change=54 q_delta=0.402268 q_grad=0.002004
epoch=34 loss_total=0.798114 loss_rec=0.600075 valid_auc=0.690234 valid_rmse=0.471740 q_change=54 q_delta=0.402854 q_grad=0.002007
epoch=35 loss_total=0.797570 loss_rec=0.599688 valid_auc=0.693817 valid_rmse=0.470699 q_change=53 q_delta=0.403408 q_grad=0.001977
epoch=36 loss_total=0.792686 loss_rec=0.594803 valid_auc=0.695491 valid_rmse=0.471491 q_change=53 q_delta=0.403586 q_grad=0.002043
epoch=37 loss_total=0.787387 loss_rec=0.589544 valid_auc=0.694397 valid_rmse=0.472030 q_change=52 q_delta=0.404217 q_grad=0.002045
epoch=38 loss_total=0.785771 loss_rec=0.588069 valid_auc=0.695469 valid_rmse=0.473550 q_change=52 q_delta=0.404967 q_grad=0.002157
epoch=39 loss_total=0.787363 loss_rec=0.589750 valid_auc=0.695067 valid_rmse=0.470816 q_change=52 q_delta=0.406065 q_grad=0.002091
epoch=40 loss_total=0.782386 loss_rec=0.584904 valid_auc=0.694911 valid_rmse=0.471471 q_change=52 q_delta=0.406749 q_grad=0.002143
epoch=41 loss_total=0.777891 loss_rec=0.580545 valid_auc=0.696406 valid_rmse=0.472429 q_change=52 q_delta=0.407490 q_grad=0.002147
epoch=42 loss_total=0.780142 loss_rec=0.582869 valid_auc=0.692109 valid_rmse=0.472312 q_change=52 q_delta=0.408406 q_grad=0.002260
epoch=43 loss_total=0.774951 loss_rec=0.577708 valid_auc=0.693069 valid_rmse=0.472863 q_change=52 q_delta=0.408818 q_grad=0.002224
epoch=44 loss_total=0.774667 loss_rec=0.577534 valid_auc=0.691071 valid_rmse=0.473970 q_change=51 q_delta=0.409450 q_grad=0.002295
epoch=45 loss_total=0.769807 loss_rec=0.572798 valid_auc=0.692645 valid_rmse=0.477480 q_change=51 q_delta=0.409829 q_grad=0.002343
epoch=46 loss_total=0.769607 loss_rec=0.572626 valid_auc=0.694542 valid_rmse=0.471990 q_change=51 q_delta=0.410874 q_grad=0.002322
epoch=47 loss_total=0.765742 loss_rec=0.568871 valid_auc=0.692902 valid_rmse=0.474355 q_change=51 q_delta=0.411509 q_grad=0.002331
epoch=48 loss_total=0.762771 loss_rec=0.565967 valid_auc=0.692801 valid_rmse=0.473279 q_change=51 q_delta=0.412227 q_grad=0.002434
epoch=49 loss_total=0.759209 loss_rec=0.562469 valid_auc=0.693884 valid_rmse=0.472980 q_change=51 q_delta=0.412766 q_grad=0.002470
epoch=50 loss_total=0.754130 loss_rec=0.557447 valid_auc=0.691674 valid_rmse=0.474782 q_change=51 q_delta=0.413335 q_grad=0.002429
epoch=51 loss_total=0.752902 loss_rec=0.556331 valid_auc=0.693929 valid_rmse=0.476871 q_change=51 q_delta=0.413713 q_grad=0.002557
epoch=52 loss_total=0.753799 loss_rec=0.557343 valid_auc=0.691975 valid_rmse=0.474441 q_change=51 q_delta=0.414344 q_grad=0.002594
epoch=53 loss_total=0.753505 loss_rec=0.557081 valid_auc=0.693527 valid_rmse=0.473668 q_change=51 q_delta=0.414719 q_grad=0.002632
epoch=54 loss_total=0.744933 loss_rec=0.548586 valid_auc=0.689632 valid_rmse=0.476278 q_change=51 q_delta=0.414977 q_grad=0.002641
epoch=55 loss_total=0.741687 loss_rec=0.545416 valid_auc=0.695937 valid_rmse=0.473154 q_change=51 q_delta=0.415345 q_grad=0.002657
epoch=56 loss_total=0.741888 loss_rec=0.545660 valid_auc=0.691618 valid_rmse=0.475180 q_change=51 q_delta=0.415585 q_grad=0.002748
epoch=57 loss_total=0.738905 loss_rec=0.542719 valid_auc=0.691317 valid_rmse=0.477086 q_change=50 q_delta=0.415795 q_grad=0.002862
epoch=58 loss_total=0.732384 loss_rec=0.536267 valid_auc=0.691507 valid_rmse=0.480175 q_change=50 q_delta=0.416034 q_grad=0.002823
epoch=59 loss_total=0.733156 loss_rec=0.537164 valid_auc=0.692243 valid_rmse=0.474974 q_change=50 q_delta=0.416391 q_grad=0.002829
epoch=60 loss_total=0.731411 loss_rec=0.535478 valid_auc=0.693158 valid_rmse=0.475591 q_change=50 q_delta=0.416493 q_grad=0.002846
epoch=61 loss_total=0.728020 loss_rec=0.532084 valid_auc=0.691384 valid_rmse=0.475798 q_change=50 q_delta=0.416749 q_grad=0.003001
Early stopping at epoch 61; best_epoch=41.
Saved run to C:\Users\YAN_SHU_YU\Desktop\Generative-CD\Q_GNCDM\results\weak_q_lambda_sweep\lq_0p7_ls_0p6_lb_0p6\seed_2026\noise_0.20\weak-q_lq_0p7_ls_0p6_lb_0p6
Final metrics: q_hat_f1=0.163934 response_auc=0.687764 mastery_pearson=0.371137
