run=weak-q_lq_0p2_ls_0p4_lb_0p3 mode=weak-q noise=0.20 train=4200 valid=600 test=1200
epoch=1 loss_total=0.972875 loss_rec=0.725659 valid_auc=0.587902 valid_rmse=0.499750 q_change=57 q_delta=0.078852 q_grad=0.000420
epoch=2 loss_total=0.920808 loss_rec=0.705916 valid_auc=0.595519 valid_rmse=0.499290 q_change=57 q_delta=0.149219 q_grad=0.000392
epoch=3 loss_total=0.886092 loss_rec=0.699967 valid_auc=0.610502 valid_rmse=0.498473 q_change=57 q_delta=0.208440 q_grad=0.000364
epoch=4 loss_total=0.855381 loss_rec=0.693696 valid_auc=0.632712 valid_rmse=0.497738 q_change=57 q_delta=0.256311 q_grad=0.000330
epoch=5 loss_total=0.835627 loss_rec=0.693388 valid_auc=0.654319 valid_rmse=0.495761 q_change=57 q_delta=0.292828 q_grad=0.000307
epoch=6 loss_total=0.815363 loss_rec=0.687967 valid_auc=0.665647 valid_rmse=0.494190 q_change=57 q_delta=0.319334 q_grad=0.000298
epoch=7 loss_total=0.794503 loss_rec=0.677843 valid_auc=0.663694 valid_rmse=0.490338 q_change=57 q_delta=0.337479 q_grad=0.000326
epoch=8 loss_total=0.776006 loss_rec=0.666306 valid_auc=0.659643 valid_rmse=0.484673 q_change=57 q_delta=0.348532 q_grad=0.000439
epoch=9 loss_total=0.759738 loss_rec=0.654717 valid_auc=0.665580 valid_rmse=0.479309 q_change=57 q_delta=0.357390 q_grad=0.000603
epoch=10 loss_total=0.756299 loss_rec=0.655390 valid_auc=0.666931 valid_rmse=0.479452 q_change=57 q_delta=0.364646 q_grad=0.000703
epoch=11 loss_total=0.750118 loss_rec=0.652279 valid_auc=0.668248 valid_rmse=0.478433 q_change=57 q_delta=0.370748 q_grad=0.000817
epoch=12 loss_total=0.738953 loss_rec=0.643833 valid_auc=0.670078 valid_rmse=0.479313 q_change=57 q_delta=0.375442 q_grad=0.000892
epoch=13 loss_total=0.734354 loss_rec=0.641458 valid_auc=0.671462 valid_rmse=0.476583 q_change=57 q_delta=0.379690 q_grad=0.000925
epoch=14 loss_total=0.731895 loss_rec=0.640697 valid_auc=0.671440 valid_rmse=0.477987 q_change=57 q_delta=0.382513 q_grad=0.001040
epoch=15 loss_total=0.728628 loss_rec=0.638849 valid_auc=0.672400 valid_rmse=0.476238 q_change=57 q_delta=0.385517 q_grad=0.001118
epoch=16 loss_total=0.728388 loss_rec=0.639798 valid_auc=0.675692 valid_rmse=0.475965 q_change=57 q_delta=0.387512 q_grad=0.001248
epoch=17 loss_total=0.725812 loss_rec=0.638261 valid_auc=0.676775 valid_rmse=0.476165 q_change=57 q_delta=0.389324 q_grad=0.001234
epoch=18 loss_total=0.719136 loss_rec=0.632389 valid_auc=0.678705 valid_rmse=0.475565 q_change=57 q_delta=0.390905 q_grad=0.001298
epoch=19 loss_total=0.717311 loss_rec=0.631382 valid_auc=0.678806 valid_rmse=0.475589 q_change=57 q_delta=0.392342 q_grad=0.001409
epoch=20 loss_total=0.715670 loss_rec=0.630330 valid_auc=0.681373 valid_rmse=0.474027 q_change=57 q_delta=0.393585 q_grad=0.001525
epoch=21 loss_total=0.711878 loss_rec=0.627072 valid_auc=0.680592 valid_rmse=0.475206 q_change=57 q_delta=0.394192 q_grad=0.001485
epoch=22 loss_total=0.710108 loss_rec=0.625622 valid_auc=0.682690 valid_rmse=0.473878 q_change=57 q_delta=0.394645 q_grad=0.001634
epoch=23 loss_total=0.706958 loss_rec=0.622759 valid_auc=0.681496 valid_rmse=0.473748 q_change=56 q_delta=0.395396 q_grad=0.001650
epoch=24 loss_total=0.701674 loss_rec=0.617771 valid_auc=0.680993 valid_rmse=0.474270 q_change=56 q_delta=0.396623 q_grad=0.001703
epoch=25 loss_total=0.703849 loss_rec=0.620254 valid_auc=0.681384 valid_rmse=0.474460 q_change=56 q_delta=0.397610 q_grad=0.001866
epoch=26 loss_total=0.701057 loss_rec=0.617716 valid_auc=0.683655 valid_rmse=0.475008 q_change=56 q_delta=0.398467 q_grad=0.001854
epoch=27 loss_total=0.698125 loss_rec=0.614981 valid_auc=0.685145 valid_rmse=0.475236 q_change=56 q_delta=0.399043 q_grad=0.001851
epoch=28 loss_total=0.700054 loss_rec=0.617204 valid_auc=0.682712 valid_rmse=0.474797 q_change=56 q_delta=0.400003 q_grad=0.001951
epoch=29 loss_total=0.695459 loss_rec=0.612911 valid_auc=0.685123 valid_rmse=0.473994 q_change=56 q_delta=0.400598 q_grad=0.001995
epoch=30 loss_total=0.695679 loss_rec=0.613323 valid_auc=0.687076 valid_rmse=0.474175 q_change=56 q_delta=0.400937 q_grad=0.001960
epoch=31 loss_total=0.692389 loss_rec=0.610197 valid_auc=0.687087 valid_rmse=0.473960 q_change=56 q_delta=0.401357 q_grad=0.001999
epoch=32 loss_total=0.693861 loss_rec=0.611871 valid_auc=0.688962 valid_rmse=0.474080 q_change=56 q_delta=0.401661 q_grad=0.002052
epoch=33 loss_total=0.692225 loss_rec=0.610390 valid_auc=0.686183 valid_rmse=0.473006 q_change=56 q_delta=0.402284 q_grad=0.002026
epoch=34 loss_total=0.691699 loss_rec=0.610041 valid_auc=0.685134 valid_rmse=0.472974 q_change=56 q_delta=0.402487 q_grad=0.002028
epoch=35 loss_total=0.692072 loss_rec=0.610582 valid_auc=0.689018 valid_rmse=0.472137 q_change=56 q_delta=0.402728 q_grad=0.002001
epoch=36 loss_total=0.688457 loss_rec=0.607039 valid_auc=0.690603 valid_rmse=0.472647 q_change=56 q_delta=0.402583 q_grad=0.002043
epoch=37 loss_total=0.682854 loss_rec=0.601509 valid_auc=0.690513 valid_rmse=0.472712 q_change=55 q_delta=0.402709 q_grad=0.002047
epoch=38 loss_total=0.682192 loss_rec=0.601001 valid_auc=0.689688 valid_rmse=0.474470 q_change=55 q_delta=0.402939 q_grad=0.002148
epoch=39 loss_total=0.684606 loss_rec=0.603535 valid_auc=0.691228 valid_rmse=0.471529 q_change=54 q_delta=0.403649 q_grad=0.002071
epoch=40 loss_total=0.679965 loss_rec=0.599044 valid_auc=0.691496 valid_rmse=0.471942 q_change=54 q_delta=0.404094 q_grad=0.002109
epoch=41 loss_total=0.676275 loss_rec=0.595513 valid_auc=0.692824 valid_rmse=0.471873 q_change=54 q_delta=0.404607 q_grad=0.002085
epoch=42 loss_total=0.679089 loss_rec=0.598443 valid_auc=0.690368 valid_rmse=0.472172 q_change=53 q_delta=0.405241 q_grad=0.002179
epoch=43 loss_total=0.674703 loss_rec=0.594129 valid_auc=0.690871 valid_rmse=0.472310 q_change=53 q_delta=0.405695 q_grad=0.002127
epoch=44 loss_total=0.675353 loss_rec=0.594979 valid_auc=0.691529 valid_rmse=0.472416 q_change=53 q_delta=0.406315 q_grad=0.002181
epoch=45 loss_total=0.671791 loss_rec=0.591594 valid_auc=0.693025 valid_rmse=0.474668 q_change=53 q_delta=0.406881 q_grad=0.002206
epoch=46 loss_total=0.672559 loss_rec=0.592478 valid_auc=0.694029 valid_rmse=0.471085 q_change=53 q_delta=0.407832 q_grad=0.002169
epoch=47 loss_total=0.670072 loss_rec=0.590199 valid_auc=0.694833 valid_rmse=0.472166 q_change=53 q_delta=0.408407 q_grad=0.002193
epoch=48 loss_total=0.668650 loss_rec=0.588901 valid_auc=0.692422 valid_rmse=0.472034 q_change=53 q_delta=0.409033 q_grad=0.002260
epoch=49 loss_total=0.666004 loss_rec=0.586389 valid_auc=0.694442 valid_rmse=0.471672 q_change=53 q_delta=0.409540 q_grad=0.002301
epoch=50 loss_total=0.662336 loss_rec=0.582856 valid_auc=0.692254 valid_rmse=0.473017 q_change=53 q_delta=0.410112 q_grad=0.002221
epoch=51 loss_total=0.662838 loss_rec=0.583527 valid_auc=0.693437 valid_rmse=0.474511 q_change=53 q_delta=0.410504 q_grad=0.002352
epoch=52 loss_total=0.664069 loss_rec=0.584920 valid_auc=0.692645 valid_rmse=0.472624 q_change=53 q_delta=0.411125 q_grad=0.002365
epoch=53 loss_total=0.665257 loss_rec=0.586216 valid_auc=0.694754 valid_rmse=0.472254 q_change=53 q_delta=0.411483 q_grad=0.002381
epoch=54 loss_total=0.656925 loss_rec=0.578009 valid_auc=0.690279 valid_rmse=0.474533 q_change=53 q_delta=0.411775 q_grad=0.002375
epoch=55 loss_total=0.655289 loss_rec=0.576505 valid_auc=0.695658 valid_rmse=0.472100 q_change=53 q_delta=0.412267 q_grad=0.002413
epoch=56 loss_total=0.656434 loss_rec=0.577763 valid_auc=0.692723 valid_rmse=0.472987 q_change=53 q_delta=0.412606 q_grad=0.002446
epoch=57 loss_total=0.654511 loss_rec=0.575959 valid_auc=0.691964 valid_rmse=0.475142 q_change=53 q_delta=0.412843 q_grad=0.002572
epoch=58 loss_total=0.650298 loss_rec=0.571814 valid_auc=0.691953 valid_rmse=0.476485 q_change=53 q_delta=0.413146 q_grad=0.002546
epoch=59 loss_total=0.650953 loss_rec=0.572604 valid_auc=0.691317 valid_rmse=0.473552 q_change=53 q_delta=0.413523 q_grad=0.002530
epoch=60 loss_total=0.649684 loss_rec=0.571389 valid_auc=0.692612 valid_rmse=0.474759 q_change=53 q_delta=0.413573 q_grad=0.002609
epoch=61 loss_total=0.648156 loss_rec=0.569891 valid_auc=0.692243 valid_rmse=0.474286 q_change=53 q_delta=0.413771 q_grad=0.002679
epoch=62 loss_total=0.644764 loss_rec=0.566606 valid_auc=0.691551 valid_rmse=0.474136 q_change=53 q_delta=0.413962 q_grad=0.002646
epoch=63 loss_total=0.644748 loss_rec=0.566619 valid_auc=0.689565 valid_rmse=0.475097 q_change=53 q_delta=0.414016 q_grad=0.002713
epoch=64 loss_total=0.646441 loss_rec=0.568350 valid_auc=0.694353 valid_rmse=0.477095 q_change=53 q_delta=0.414012 q_grad=0.002790
epoch=65 loss_total=0.640874 loss_rec=0.562799 valid_auc=0.692355 valid_rmse=0.474310 q_change=53 q_delta=0.414201 q_grad=0.002661
epoch=66 loss_total=0.641211 loss_rec=0.563144 valid_auc=0.691484 valid_rmse=0.475112 q_change=53 q_delta=0.414084 q_grad=0.002849
epoch=67 loss_total=0.642292 loss_rec=0.564243 valid_auc=0.689688 valid_rmse=0.476117 q_change=53 q_delta=0.414090 q_grad=0.002859
epoch=68 loss_total=0.636107 loss_rec=0.558033 valid_auc=0.690703 valid_rmse=0.478462 q_change=52 q_delta=0.413910 q_grad=0.002848
epoch=69 loss_total=0.632974 loss_rec=0.554881 valid_auc=0.693571 valid_rmse=0.481922 q_change=52 q_delta=0.413845 q_grad=0.002956
epoch=70 loss_total=0.630138 loss_rec=0.552000 valid_auc=0.688996 valid_rmse=0.476337 q_change=52 q_delta=0.414304 q_grad=0.002984
epoch=71 loss_total=0.630155 loss_rec=0.552069 valid_auc=0.690469 valid_rmse=0.475921 q_change=52 q_delta=0.414589 q_grad=0.002991
epoch=72 loss_total=0.627984 loss_rec=0.549840 valid_auc=0.690335 valid_rmse=0.476209 q_change=52 q_delta=0.414798 q_grad=0.003027
epoch=73 loss_total=0.622539 loss_rec=0.544416 valid_auc=0.687768 valid_rmse=0.477906 q_change=52 q_delta=0.414977 q_grad=0.003080
epoch=74 loss_total=0.626128 loss_rec=0.547972 valid_auc=0.688616 valid_rmse=0.478220 q_change=52 q_delta=0.415051 q_grad=0.003067
epoch=75 loss_total=0.623919 loss_rec=0.545741 valid_auc=0.687042 valid_rmse=0.484641 q_change=52 q_delta=0.415010 q_grad=0.003097
Early stopping at epoch 75; best_epoch=55.
Saved run to C:\Users\YAN_SHU_YU\Desktop\Generative-CD\Q_GNCDM\results\weak_q_lambda_sweep\lq_0p2_ls_0p4_lb_0p3\seed_2026\noise_0.20\weak-q_lq_0p2_ls_0p4_lb_0p3
Final metrics: q_hat_f1=0.133333 response_auc=0.687014 mastery_pearson=0.363530
