run=weak-q_lq_0p4_ls_0p8_lb_0p5 mode=weak-q noise=0.20 train=4200 valid=600 test=1200
epoch=1 loss_total=1.195510 loss_rec=0.725667 valid_auc=0.587511 valid_rmse=0.499760 q_change=57 q_delta=0.079552 q_grad=0.000836
epoch=2 loss_total=1.111892 loss_rec=0.706012 valid_auc=0.593114 valid_rmse=0.499361 q_change=57 q_delta=0.151259 q_grad=0.000779
epoch=3 loss_total=1.049559 loss_rec=0.700299 valid_auc=0.603783 valid_rmse=0.498694 q_change=57 q_delta=0.211971 q_grad=0.000706
epoch=4 loss_total=0.996139 loss_rec=0.694466 valid_auc=0.619810 valid_rmse=0.498230 q_change=57 q_delta=0.261163 q_grad=0.000623
epoch=5 loss_total=0.958537 loss_rec=0.694929 valid_auc=0.639453 valid_rmse=0.496754 q_change=57 q_delta=0.299547 q_grad=0.000539
epoch=6 loss_total=0.925149 loss_rec=0.691308 valid_auc=0.655268 valid_rmse=0.496388 q_change=57 q_delta=0.328928 q_grad=0.000465
epoch=7 loss_total=0.896643 loss_rec=0.685706 valid_auc=0.656769 valid_rmse=0.495344 q_change=57 q_delta=0.351280 q_grad=0.000409
epoch=8 loss_total=0.875353 loss_rec=0.681687 valid_auc=0.651462 valid_rmse=0.493159 q_change=57 q_delta=0.367715 q_grad=0.000379
epoch=9 loss_total=0.856108 loss_rec=0.675095 valid_auc=0.654520 valid_rmse=0.487513 q_change=57 q_delta=0.379847 q_grad=0.000409
epoch=10 loss_total=0.842502 loss_rec=0.670972 valid_auc=0.656083 valid_rmse=0.485036 q_change=57 q_delta=0.388667 q_grad=0.000468
epoch=11 loss_total=0.829737 loss_rec=0.665149 valid_auc=0.656596 valid_rmse=0.483222 q_change=57 q_delta=0.395964 q_grad=0.000567
epoch=12 loss_total=0.813702 loss_rec=0.655314 valid_auc=0.659821 valid_rmse=0.483714 q_change=57 q_delta=0.402164 q_grad=0.000638
epoch=13 loss_total=0.806512 loss_rec=0.653462 valid_auc=0.661484 valid_rmse=0.480177 q_change=57 q_delta=0.407513 q_grad=0.000654
epoch=14 loss_total=0.800991 loss_rec=0.652149 valid_auc=0.664888 valid_rmse=0.481512 q_change=57 q_delta=0.411678 q_grad=0.000724
epoch=15 loss_total=0.796426 loss_rec=0.651251 valid_auc=0.662746 valid_rmse=0.479914 q_change=57 q_delta=0.415592 q_grad=0.000760
epoch=16 loss_total=0.793819 loss_rec=0.651684 valid_auc=0.663895 valid_rmse=0.479971 q_change=57 q_delta=0.418668 q_grad=0.000833
epoch=17 loss_total=0.791214 loss_rec=0.651837 valid_auc=0.666328 valid_rmse=0.480568 q_change=57 q_delta=0.421387 q_grad=0.000808
epoch=18 loss_total=0.784080 loss_rec=0.647052 valid_auc=0.667813 valid_rmse=0.479900 q_change=57 q_delta=0.423872 q_grad=0.000830
epoch=19 loss_total=0.780488 loss_rec=0.645546 valid_auc=0.666964 valid_rmse=0.479761 q_change=57 q_delta=0.425985 q_grad=0.000882
epoch=20 loss_total=0.779130 loss_rec=0.645953 valid_auc=0.670625 valid_rmse=0.478387 q_change=57 q_delta=0.427977 q_grad=0.000958
epoch=21 loss_total=0.774975 loss_rec=0.643497 valid_auc=0.669866 valid_rmse=0.479248 q_change=57 q_delta=0.429498 q_grad=0.000913
epoch=22 loss_total=0.774099 loss_rec=0.643992 valid_auc=0.669397 valid_rmse=0.478166 q_change=57 q_delta=0.430981 q_grad=0.000990
epoch=23 loss_total=0.770035 loss_rec=0.641216 valid_auc=0.668158 valid_rmse=0.477877 q_change=57 q_delta=0.432410 q_grad=0.000998
epoch=24 loss_total=0.765556 loss_rec=0.637949 valid_auc=0.669230 valid_rmse=0.478298 q_change=57 q_delta=0.433572 q_grad=0.001038
epoch=25 loss_total=0.767847 loss_rec=0.641232 valid_auc=0.668326 valid_rmse=0.477779 q_change=57 q_delta=0.434572 q_grad=0.001128
epoch=26 loss_total=0.765206 loss_rec=0.639512 valid_auc=0.668761 valid_rmse=0.478335 q_change=57 q_delta=0.435506 q_grad=0.001140
epoch=27 loss_total=0.763053 loss_rec=0.638122 valid_auc=0.671853 valid_rmse=0.477738 q_change=57 q_delta=0.436313 q_grad=0.001148
epoch=28 loss_total=0.763711 loss_rec=0.639530 valid_auc=0.672913 valid_rmse=0.477004 q_change=57 q_delta=0.437124 q_grad=0.001203
epoch=29 loss_total=0.760745 loss_rec=0.637226 valid_auc=0.674375 valid_rmse=0.476918 q_change=57 q_delta=0.437802 q_grad=0.001259
epoch=30 loss_total=0.761742 loss_rec=0.638833 valid_auc=0.675569 valid_rmse=0.477253 q_change=57 q_delta=0.438366 q_grad=0.001259
epoch=31 loss_total=0.757944 loss_rec=0.635495 valid_auc=0.676674 valid_rmse=0.476445 q_change=57 q_delta=0.438951 q_grad=0.001294
epoch=32 loss_total=0.759733 loss_rec=0.637787 valid_auc=0.677511 valid_rmse=0.477307 q_change=57 q_delta=0.439370 q_grad=0.001351
epoch=33 loss_total=0.758518 loss_rec=0.636937 valid_auc=0.676350 valid_rmse=0.475923 q_change=57 q_delta=0.440009 q_grad=0.001346
epoch=34 loss_total=0.757517 loss_rec=0.636392 valid_auc=0.675335 valid_rmse=0.475599 q_change=57 q_delta=0.440351 q_grad=0.001378
epoch=35 loss_total=0.759110 loss_rec=0.638335 valid_auc=0.677254 valid_rmse=0.475075 q_change=57 q_delta=0.440712 q_grad=0.001378
epoch=36 loss_total=0.755745 loss_rec=0.635274 valid_auc=0.677612 valid_rmse=0.476177 q_change=57 q_delta=0.440940 q_grad=0.001426
epoch=37 loss_total=0.750984 loss_rec=0.630789 valid_auc=0.679531 valid_rmse=0.475371 q_change=57 q_delta=0.441235 q_grad=0.001460
epoch=38 loss_total=0.749933 loss_rec=0.629963 valid_auc=0.679219 valid_rmse=0.476575 q_change=57 q_delta=0.441456 q_grad=0.001566
epoch=39 loss_total=0.753468 loss_rec=0.633749 valid_auc=0.679196 valid_rmse=0.474893 q_change=57 q_delta=0.441830 q_grad=0.001545
epoch=40 loss_total=0.749772 loss_rec=0.630305 valid_auc=0.679542 valid_rmse=0.475065 q_change=57 q_delta=0.442000 q_grad=0.001592
epoch=41 loss_total=0.745850 loss_rec=0.626539 valid_auc=0.681920 valid_rmse=0.475320 q_change=57 q_delta=0.442086 q_grad=0.001614
epoch=42 loss_total=0.750427 loss_rec=0.631234 valid_auc=0.679029 valid_rmse=0.475499 q_change=57 q_delta=0.442255 q_grad=0.001671
epoch=43 loss_total=0.746924 loss_rec=0.627784 valid_auc=0.679911 valid_rmse=0.474961 q_change=57 q_delta=0.442228 q_grad=0.001638
epoch=44 loss_total=0.747191 loss_rec=0.628102 valid_auc=0.680871 valid_rmse=0.475148 q_change=57 q_delta=0.442303 q_grad=0.001710
epoch=45 loss_total=0.745012 loss_rec=0.625966 valid_auc=0.683025 valid_rmse=0.476740 q_change=57 q_delta=0.442213 q_grad=0.001758
epoch=46 loss_total=0.746168 loss_rec=0.627042 valid_auc=0.684621 valid_rmse=0.473442 q_change=57 q_delta=0.442155 q_grad=0.001734
epoch=47 loss_total=0.743073 loss_rec=0.623870 valid_auc=0.687768 valid_rmse=0.473545 q_change=57 q_delta=0.441893 q_grad=0.001763
epoch=48 loss_total=0.743929 loss_rec=0.624568 valid_auc=0.687444 valid_rmse=0.472630 q_change=56 q_delta=0.441735 q_grad=0.001795
epoch=49 loss_total=0.741659 loss_rec=0.622114 valid_auc=0.687506 valid_rmse=0.472853 q_change=56 q_delta=0.441905 q_grad=0.001831
epoch=50 loss_total=0.737181 loss_rec=0.617573 valid_auc=0.684654 valid_rmse=0.473689 q_change=56 q_delta=0.442288 q_grad=0.001758
epoch=51 loss_total=0.737737 loss_rec=0.618048 valid_auc=0.688705 valid_rmse=0.474790 q_change=56 q_delta=0.442532 q_grad=0.001898
epoch=52 loss_total=0.738420 loss_rec=0.618672 valid_auc=0.685536 valid_rmse=0.473107 q_change=56 q_delta=0.442893 q_grad=0.001907
epoch=53 loss_total=0.739901 loss_rec=0.620131 valid_auc=0.688873 valid_rmse=0.472223 q_change=56 q_delta=0.443126 q_grad=0.001890
epoch=54 loss_total=0.732093 loss_rec=0.612337 valid_auc=0.687969 valid_rmse=0.473616 q_change=56 q_delta=0.443254 q_grad=0.001866
epoch=55 loss_total=0.732176 loss_rec=0.612392 valid_auc=0.690413 valid_rmse=0.472032 q_change=56 q_delta=0.443384 q_grad=0.001906
epoch=56 loss_total=0.734268 loss_rec=0.614527 valid_auc=0.687411 valid_rmse=0.472390 q_change=56 q_delta=0.443559 q_grad=0.001967
epoch=57 loss_total=0.733022 loss_rec=0.613295 valid_auc=0.689900 valid_rmse=0.474038 q_change=56 q_delta=0.443532 q_grad=0.001998
epoch=58 loss_total=0.729425 loss_rec=0.609692 valid_auc=0.688627 valid_rmse=0.473899 q_change=56 q_delta=0.443688 q_grad=0.001955
epoch=59 loss_total=0.729488 loss_rec=0.609887 valid_auc=0.688873 valid_rmse=0.472110 q_change=56 q_delta=0.443853 q_grad=0.001971
epoch=60 loss_total=0.728859 loss_rec=0.609260 valid_auc=0.691775 valid_rmse=0.472266 q_change=56 q_delta=0.443849 q_grad=0.001997
epoch=61 loss_total=0.728612 loss_rec=0.608980 valid_auc=0.691451 valid_rmse=0.472401 q_change=56 q_delta=0.443885 q_grad=0.002030
epoch=62 loss_total=0.727483 loss_rec=0.607898 valid_auc=0.691049 valid_rmse=0.471532 q_change=56 q_delta=0.443964 q_grad=0.001975
epoch=63 loss_total=0.728473 loss_rec=0.608841 valid_auc=0.690089 valid_rmse=0.472368 q_change=56 q_delta=0.443876 q_grad=0.001981
epoch=64 loss_total=0.731243 loss_rec=0.611646 valid_auc=0.694788 valid_rmse=0.473616 q_change=55 q_delta=0.443849 q_grad=0.002044
epoch=65 loss_total=0.724802 loss_rec=0.605124 valid_auc=0.693281 valid_rmse=0.470998 q_change=55 q_delta=0.443870 q_grad=0.001932
epoch=66 loss_total=0.725554 loss_rec=0.605829 valid_auc=0.694721 valid_rmse=0.471382 q_change=55 q_delta=0.443738 q_grad=0.002047
epoch=67 loss_total=0.727550 loss_rec=0.607739 valid_auc=0.691931 valid_rmse=0.472694 q_change=55 q_delta=0.443647 q_grad=0.002007
epoch=68 loss_total=0.723411 loss_rec=0.603522 valid_auc=0.694007 valid_rmse=0.472475 q_change=54 q_delta=0.443544 q_grad=0.002018
epoch=69 loss_total=0.719891 loss_rec=0.599934 valid_auc=0.696808 valid_rmse=0.477214 q_change=54 q_delta=0.443536 q_grad=0.002080
epoch=70 loss_total=0.719694 loss_rec=0.599665 valid_auc=0.694185 valid_rmse=0.471005 q_change=54 q_delta=0.444053 q_grad=0.002069
epoch=71 loss_total=0.721514 loss_rec=0.601442 valid_auc=0.695067 valid_rmse=0.470978 q_change=54 q_delta=0.444431 q_grad=0.002072
epoch=72 loss_total=0.719538 loss_rec=0.599390 valid_auc=0.693951 valid_rmse=0.471785 q_change=54 q_delta=0.444756 q_grad=0.002090
epoch=73 loss_total=0.716850 loss_rec=0.596723 valid_auc=0.691629 valid_rmse=0.471898 q_change=54 q_delta=0.445108 q_grad=0.002140
epoch=74 loss_total=0.720181 loss_rec=0.600009 valid_auc=0.692612 valid_rmse=0.472509 q_change=54 q_delta=0.445368 q_grad=0.002088
epoch=75 loss_total=0.718484 loss_rec=0.598276 valid_auc=0.692578 valid_rmse=0.478231 q_change=54 q_delta=0.445568 q_grad=0.002083
epoch=76 loss_total=0.718127 loss_rec=0.597880 valid_auc=0.690413 valid_rmse=0.472061 q_change=54 q_delta=0.445872 q_grad=0.002076
epoch=77 loss_total=0.711878 loss_rec=0.591627 valid_auc=0.691272 valid_rmse=0.475641 q_change=54 q_delta=0.445989 q_grad=0.002070
epoch=78 loss_total=0.713263 loss_rec=0.593019 valid_auc=0.691395 valid_rmse=0.473594 q_change=54 q_delta=0.446177 q_grad=0.002232
epoch=79 loss_total=0.712738 loss_rec=0.592533 valid_auc=0.690915 valid_rmse=0.473127 q_change=54 q_delta=0.446372 q_grad=0.002299
epoch=80 loss_total=0.712236 loss_rec=0.592037 valid_auc=0.690647 valid_rmse=0.472748 q_change=54 q_delta=0.446534 q_grad=0.002219
epoch=81 loss_total=0.708613 loss_rec=0.588428 valid_auc=0.691897 valid_rmse=0.474567 q_change=54 q_delta=0.446678 q_grad=0.002283
epoch=82 loss_total=0.708755 loss_rec=0.588604 valid_auc=0.690391 valid_rmse=0.474104 q_change=54 q_delta=0.446790 q_grad=0.002316
epoch=83 loss_total=0.707305 loss_rec=0.587195 valid_auc=0.690837 valid_rmse=0.477916 q_change=54 q_delta=0.446900 q_grad=0.002293
epoch=84 loss_total=0.708201 loss_rec=0.588083 valid_auc=0.691339 valid_rmse=0.474581 q_change=54 q_delta=0.447115 q_grad=0.002364
epoch=85 loss_total=0.709687 loss_rec=0.589605 valid_auc=0.690513 valid_rmse=0.478348 q_change=54 q_delta=0.447094 q_grad=0.002386
epoch=86 loss_total=0.711317 loss_rec=0.591226 valid_auc=0.688315 valid_rmse=0.475662 q_change=54 q_delta=0.447229 q_grad=0.002366
epoch=87 loss_total=0.705375 loss_rec=0.585330 valid_auc=0.687656 valid_rmse=0.475990 q_change=54 q_delta=0.447336 q_grad=0.002316
epoch=88 loss_total=0.699711 loss_rec=0.579680 valid_auc=0.686730 valid_rmse=0.475883 q_change=54 q_delta=0.447424 q_grad=0.002399
epoch=89 loss_total=0.701630 loss_rec=0.581625 valid_auc=0.687578 valid_rmse=0.481143 q_change=54 q_delta=0.447457 q_grad=0.002447
Early stopping at epoch 89; best_epoch=69.
Saved run to C:\Users\YAN_SHU_YU\Desktop\Generative-CD\Q_GNCDM\results\weak_q_lambda_sweep\lq_0p4_ls_0p8_lb_0p5\seed_2026\noise_0.20\weak-q_lq_0p4_ls_0p8_lb_0p5
Final metrics: q_hat_f1=0.101695 response_auc=0.683453 mastery_pearson=0.294099
