run=weak-q_lq_0p9_ls_0p3_lb_0p4 mode=weak-q noise=0.20 train=4200 valid=600 test=1200
epoch=1 loss_total=0.955531 loss_rec=0.725634 valid_auc=0.588605 valid_rmse=0.499728 q_change=57 q_delta=0.074253 q_grad=0.000279
epoch=2 loss_total=0.919030 loss_rec=0.705457 valid_auc=0.599358 valid_rmse=0.499053 q_change=57 q_delta=0.128205 q_grad=0.000201
epoch=3 loss_total=0.903055 loss_rec=0.698265 valid_auc=0.618945 valid_rmse=0.497565 q_change=57 q_delta=0.164353 q_grad=0.000177
epoch=4 loss_total=0.888957 loss_rec=0.688847 valid_auc=0.644051 valid_rmse=0.494933 q_change=57 q_delta=0.187494 q_grad=0.000192
epoch=5 loss_total=0.878574 loss_rec=0.680338 valid_auc=0.661150 valid_rmse=0.488166 q_change=56 q_delta=0.196798 q_grad=0.000277
epoch=6 loss_total=0.854710 loss_rec=0.656385 valid_auc=0.669888 valid_rmse=0.479360 q_change=53 q_delta=0.196719 q_grad=0.000479
epoch=7 loss_total=0.830391 loss_rec=0.631720 valid_auc=0.676161 valid_rmse=0.476133 q_change=53 q_delta=0.198368 q_grad=0.000716
epoch=8 loss_total=0.822849 loss_rec=0.624292 valid_auc=0.677489 valid_rmse=0.476056 q_change=52 q_delta=0.201131 q_grad=0.000928
epoch=9 loss_total=0.815817 loss_rec=0.617596 valid_auc=0.682969 valid_rmse=0.473476 q_change=50 q_delta=0.204757 q_grad=0.001031
epoch=10 loss_total=0.819336 loss_rec=0.621559 valid_auc=0.680848 valid_rmse=0.475493 q_change=47 q_delta=0.208908 q_grad=0.001054
epoch=11 loss_total=0.817454 loss_rec=0.619811 valid_auc=0.680770 valid_rmse=0.474247 q_change=46 q_delta=0.213142 q_grad=0.001138
epoch=12 loss_total=0.809125 loss_rec=0.611692 valid_auc=0.679621 valid_rmse=0.476001 q_change=44 q_delta=0.216853 q_grad=0.001167
epoch=13 loss_total=0.805899 loss_rec=0.608684 valid_auc=0.680357 valid_rmse=0.474704 q_change=42 q_delta=0.221732 q_grad=0.001144
epoch=14 loss_total=0.806762 loss_rec=0.609620 valid_auc=0.679263 valid_rmse=0.476714 q_change=41 q_delta=0.225051 q_grad=0.001207
epoch=15 loss_total=0.802978 loss_rec=0.605798 valid_auc=0.681484 valid_rmse=0.475137 q_change=41 q_delta=0.229145 q_grad=0.001221
epoch=16 loss_total=0.805149 loss_rec=0.607875 valid_auc=0.681161 valid_rmse=0.475354 q_change=39 q_delta=0.232916 q_grad=0.001314
epoch=17 loss_total=0.800741 loss_rec=0.603475 valid_auc=0.681272 valid_rmse=0.475259 q_change=38 q_delta=0.236204 q_grad=0.001245
epoch=18 loss_total=0.795807 loss_rec=0.598411 valid_auc=0.681105 valid_rmse=0.475535 q_change=36 q_delta=0.239954 q_grad=0.001278
epoch=19 loss_total=0.795084 loss_rec=0.597594 valid_auc=0.682042 valid_rmse=0.475963 q_change=35 q_delta=0.244101 q_grad=0.001346
epoch=20 loss_total=0.792867 loss_rec=0.595181 valid_auc=0.684241 valid_rmse=0.474674 q_change=35 q_delta=0.248474 q_grad=0.001416
epoch=21 loss_total=0.787861 loss_rec=0.589924 valid_auc=0.684821 valid_rmse=0.475397 q_change=32 q_delta=0.252445 q_grad=0.001355
epoch=22 loss_total=0.785469 loss_rec=0.587287 valid_auc=0.684732 valid_rmse=0.475613 q_change=32 q_delta=0.256577 q_grad=0.001464
epoch=23 loss_total=0.782764 loss_rec=0.584283 valid_auc=0.683437 valid_rmse=0.475727 q_change=32 q_delta=0.260545 q_grad=0.001433
epoch=24 loss_total=0.777407 loss_rec=0.578640 valid_auc=0.684565 valid_rmse=0.476125 q_change=31 q_delta=0.264606 q_grad=0.001481
epoch=25 loss_total=0.776108 loss_rec=0.576939 valid_auc=0.685826 valid_rmse=0.476279 q_change=29 q_delta=0.268612 q_grad=0.001575
epoch=26 loss_total=0.773036 loss_rec=0.573517 valid_auc=0.686507 valid_rmse=0.476311 q_change=28 q_delta=0.272561 q_grad=0.001562
epoch=27 loss_total=0.767951 loss_rec=0.568033 valid_auc=0.685982 valid_rmse=0.478193 q_change=27 q_delta=0.276253 q_grad=0.001576
epoch=28 loss_total=0.769772 loss_rec=0.569439 valid_auc=0.685804 valid_rmse=0.477304 q_change=27 q_delta=0.280311 q_grad=0.001695
epoch=29 loss_total=0.761467 loss_rec=0.560794 valid_auc=0.689330 valid_rmse=0.476671 q_change=27 q_delta=0.283855 q_grad=0.001685
epoch=30 loss_total=0.758247 loss_rec=0.557118 valid_auc=0.690592 valid_rmse=0.477938 q_change=26 q_delta=0.287493 q_grad=0.001768
epoch=31 loss_total=0.752543 loss_rec=0.551038 valid_auc=0.688828 valid_rmse=0.478361 q_change=26 q_delta=0.290919 q_grad=0.001772
epoch=32 loss_total=0.751964 loss_rec=0.550070 valid_auc=0.693549 valid_rmse=0.476983 q_change=25 q_delta=0.294613 q_grad=0.001817
epoch=33 loss_total=0.745368 loss_rec=0.543069 valid_auc=0.690502 valid_rmse=0.476950 q_change=26 q_delta=0.298451 q_grad=0.001852
epoch=34 loss_total=0.745075 loss_rec=0.542455 valid_auc=0.690949 valid_rmse=0.476734 q_change=24 q_delta=0.301251 q_grad=0.001845
epoch=35 loss_total=0.745153 loss_rec=0.542226 valid_auc=0.693728 valid_rmse=0.475580 q_change=23 q_delta=0.304083 q_grad=0.001863
epoch=36 loss_total=0.736894 loss_rec=0.533616 valid_auc=0.693973 valid_rmse=0.476238 q_change=24 q_delta=0.306514 q_grad=0.001915
epoch=37 loss_total=0.732872 loss_rec=0.529263 valid_auc=0.692221 valid_rmse=0.478990 q_change=22 q_delta=0.309310 q_grad=0.001918
epoch=38 loss_total=0.726644 loss_rec=0.522816 valid_auc=0.692723 valid_rmse=0.479477 q_change=23 q_delta=0.312030 q_grad=0.001970
epoch=39 loss_total=0.727117 loss_rec=0.523056 valid_auc=0.692545 valid_rmse=0.478375 q_change=23 q_delta=0.314490 q_grad=0.001958
epoch=40 loss_total=0.724298 loss_rec=0.520014 valid_auc=0.691696 valid_rmse=0.479352 q_change=23 q_delta=0.316779 q_grad=0.001984
epoch=41 loss_total=0.718020 loss_rec=0.513557 valid_auc=0.692545 valid_rmse=0.481799 q_change=22 q_delta=0.319177 q_grad=0.001962
epoch=42 loss_total=0.721780 loss_rec=0.517144 valid_auc=0.691395 valid_rmse=0.479984 q_change=23 q_delta=0.321543 q_grad=0.002096
epoch=43 loss_total=0.715416 loss_rec=0.510619 valid_auc=0.692969 valid_rmse=0.480892 q_change=23 q_delta=0.323642 q_grad=0.002043
epoch=44 loss_total=0.712987 loss_rec=0.508025 valid_auc=0.693114 valid_rmse=0.479674 q_change=21 q_delta=0.325708 q_grad=0.002044
epoch=45 loss_total=0.709812 loss_rec=0.504724 valid_auc=0.691786 valid_rmse=0.484217 q_change=21 q_delta=0.327365 q_grad=0.002036
epoch=46 loss_total=0.709377 loss_rec=0.504110 valid_auc=0.696563 valid_rmse=0.479089 q_change=22 q_delta=0.329449 q_grad=0.002070
epoch=47 loss_total=0.707350 loss_rec=0.501958 valid_auc=0.693449 valid_rmse=0.482464 q_change=22 q_delta=0.330961 q_grad=0.002028
epoch=48 loss_total=0.706400 loss_rec=0.500907 valid_auc=0.693783 valid_rmse=0.480718 q_change=22 q_delta=0.332867 q_grad=0.002090
epoch=49 loss_total=0.700280 loss_rec=0.494668 valid_auc=0.694487 valid_rmse=0.479808 q_change=22 q_delta=0.334306 q_grad=0.002067
epoch=50 loss_total=0.697048 loss_rec=0.491334 valid_auc=0.693884 valid_rmse=0.483697 q_change=22 q_delta=0.336035 q_grad=0.002055
epoch=51 loss_total=0.697373 loss_rec=0.491577 valid_auc=0.695179 valid_rmse=0.483600 q_change=22 q_delta=0.337404 q_grad=0.002126
epoch=52 loss_total=0.698006 loss_rec=0.492119 valid_auc=0.693616 valid_rmse=0.482415 q_change=22 q_delta=0.339182 q_grad=0.002127
epoch=53 loss_total=0.699940 loss_rec=0.493954 valid_auc=0.692891 valid_rmse=0.482004 q_change=22 q_delta=0.340571 q_grad=0.002106
epoch=54 loss_total=0.693421 loss_rec=0.487319 valid_auc=0.692143 valid_rmse=0.483303 q_change=22 q_delta=0.341879 q_grad=0.002152
epoch=55 loss_total=0.688754 loss_rec=0.482584 valid_auc=0.699464 valid_rmse=0.479363 q_change=22 q_delta=0.343149 q_grad=0.002108
epoch=56 loss_total=0.687320 loss_rec=0.481076 valid_auc=0.695234 valid_rmse=0.482731 q_change=21 q_delta=0.344548 q_grad=0.002082
epoch=57 loss_total=0.688728 loss_rec=0.482360 valid_auc=0.693404 valid_rmse=0.484482 q_change=21 q_delta=0.345806 q_grad=0.002230
epoch=58 loss_total=0.682248 loss_rec=0.475797 valid_auc=0.694732 valid_rmse=0.484547 q_change=21 q_delta=0.347057 q_grad=0.002150
epoch=59 loss_total=0.679539 loss_rec=0.473042 valid_auc=0.696763 valid_rmse=0.481865 q_change=22 q_delta=0.348306 q_grad=0.002113
epoch=60 loss_total=0.683200 loss_rec=0.476634 valid_auc=0.697254 valid_rmse=0.483176 q_change=22 q_delta=0.349311 q_grad=0.002166
epoch=61 loss_total=0.680814 loss_rec=0.474186 valid_auc=0.695725 valid_rmse=0.481885 q_change=22 q_delta=0.350480 q_grad=0.002202
epoch=62 loss_total=0.676351 loss_rec=0.469669 valid_auc=0.697902 valid_rmse=0.482339 q_change=22 q_delta=0.351462 q_grad=0.002111
epoch=63 loss_total=0.676348 loss_rec=0.469587 valid_auc=0.696306 valid_rmse=0.483497 q_change=23 q_delta=0.352475 q_grad=0.002209
epoch=64 loss_total=0.677145 loss_rec=0.470325 valid_auc=0.697254 valid_rmse=0.485445 q_change=23 q_delta=0.353478 q_grad=0.002200
epoch=65 loss_total=0.674602 loss_rec=0.467735 valid_auc=0.696205 valid_rmse=0.483778 q_change=22 q_delta=0.354724 q_grad=0.002115
epoch=66 loss_total=0.673658 loss_rec=0.466756 valid_auc=0.695413 valid_rmse=0.484112 q_change=24 q_delta=0.355695 q_grad=0.002235
epoch=67 loss_total=0.673733 loss_rec=0.466770 valid_auc=0.695112 valid_rmse=0.484568 q_change=23 q_delta=0.356595 q_grad=0.002200
epoch=68 loss_total=0.667222 loss_rec=0.460211 valid_auc=0.696987 valid_rmse=0.485158 q_change=23 q_delta=0.357453 q_grad=0.002224
epoch=69 loss_total=0.665414 loss_rec=0.458360 valid_auc=0.696094 valid_rmse=0.489985 q_change=23 q_delta=0.358199 q_grad=0.002207
epoch=70 loss_total=0.662535 loss_rec=0.455409 valid_auc=0.696663 valid_rmse=0.484100 q_change=24 q_delta=0.359309 q_grad=0.002253
epoch=71 loss_total=0.662233 loss_rec=0.455118 valid_auc=0.699498 valid_rmse=0.483312 q_change=24 q_delta=0.360076 q_grad=0.002191
epoch=72 loss_total=0.664374 loss_rec=0.457210 valid_auc=0.696708 valid_rmse=0.485363 q_change=25 q_delta=0.360901 q_grad=0.002252
epoch=73 loss_total=0.659146 loss_rec=0.451928 valid_auc=0.694699 valid_rmse=0.487498 q_change=25 q_delta=0.361768 q_grad=0.002286
epoch=74 loss_total=0.663473 loss_rec=0.456244 valid_auc=0.695937 valid_rmse=0.485776 q_change=25 q_delta=0.362502 q_grad=0.002215
epoch=75 loss_total=0.661331 loss_rec=0.454061 valid_auc=0.694308 valid_rmse=0.490292 q_change=25 q_delta=0.363063 q_grad=0.002286
epoch=76 loss_total=0.660373 loss_rec=0.453072 valid_auc=0.696629 valid_rmse=0.483982 q_change=25 q_delta=0.363936 q_grad=0.002234
epoch=77 loss_total=0.652148 loss_rec=0.444818 valid_auc=0.697009 valid_rmse=0.485365 q_change=26 q_delta=0.364628 q_grad=0.002206
epoch=78 loss_total=0.653000 loss_rec=0.445648 valid_auc=0.696987 valid_rmse=0.488408 q_change=26 q_delta=0.365168 q_grad=0.002356
epoch=79 loss_total=0.650367 loss_rec=0.442995 valid_auc=0.693661 valid_rmse=0.486708 q_change=26 q_delta=0.365816 q_grad=0.002341
epoch=80 loss_total=0.651085 loss_rec=0.443716 valid_auc=0.697679 valid_rmse=0.487120 q_change=26 q_delta=0.366463 q_grad=0.002301
epoch=81 loss_total=0.649903 loss_rec=0.442506 valid_auc=0.696300 valid_rmse=0.488334 q_change=26 q_delta=0.366978 q_grad=0.002361
epoch=82 loss_total=0.646241 loss_rec=0.438825 valid_auc=0.694475 valid_rmse=0.488753 q_change=26 q_delta=0.367636 q_grad=0.002346
epoch=83 loss_total=0.652714 loss_rec=0.445303 valid_auc=0.696295 valid_rmse=0.488526 q_change=26 q_delta=0.368270 q_grad=0.002345
epoch=84 loss_total=0.651832 loss_rec=0.444415 valid_auc=0.696362 valid_rmse=0.485944 q_change=26 q_delta=0.368893 q_grad=0.002296
epoch=85 loss_total=0.646492 loss_rec=0.439040 valid_auc=0.697210 valid_rmse=0.488880 q_change=26 q_delta=0.369403 q_grad=0.002367
epoch=86 loss_total=0.646806 loss_rec=0.439324 valid_auc=0.694074 valid_rmse=0.487771 q_change=26 q_delta=0.370170 q_grad=0.002425
epoch=87 loss_total=0.644989 loss_rec=0.437481 valid_auc=0.694643 valid_rmse=0.486859 q_change=26 q_delta=0.370721 q_grad=0.002369
epoch=88 loss_total=0.640209 loss_rec=0.432681 valid_auc=0.696942 valid_rmse=0.487620 q_change=26 q_delta=0.371156 q_grad=0.002389
epoch=89 loss_total=0.641711 loss_rec=0.434189 valid_auc=0.695458 valid_rmse=0.491818 q_change=26 q_delta=0.371540 q_grad=0.002332
epoch=90 loss_total=0.648501 loss_rec=0.440956 valid_auc=0.692243 valid_rmse=0.487436 q_change=26 q_delta=0.372286 q_grad=0.002366
epoch=91 loss_total=0.641192 loss_rec=0.433619 valid_auc=0.693460 valid_rmse=0.488380 q_change=26 q_delta=0.372694 q_grad=0.002322
Early stopping at epoch 91; best_epoch=71.
Saved run to C:\Users\YAN_SHU_YU\Desktop\Generative-CD\Q_GNCDM\results\weak_q_lambda_sweep\lq_0p9_ls_0p3_lb_0p4\seed_2026\noise_0.20\weak-q_lq_0p9_ls_0p3_lb_0p4
Final metrics: q_hat_f1=0.696629 response_auc=0.685048 mastery_pearson=0.567748
