run=weak-q_lq_0p5_ls_0p6_lb_0p4 mode=weak-q noise=0.20 train=4200 valid=600 test=1200
epoch=1 loss_total=1.084694 loss_rec=0.725662 valid_auc=0.587651 valid_rmse=0.499755 q_change=57 q_delta=0.078770 q_grad=0.000612
epoch=2 loss_total=1.019922 loss_rec=0.705931 valid_auc=0.594252 valid_rmse=0.499317 q_change=57 q_delta=0.147981 q_grad=0.000543
epoch=3 loss_total=0.976593 loss_rec=0.700024 valid_auc=0.607137 valid_rmse=0.498548 q_change=57 q_delta=0.205554 q_grad=0.000476
epoch=4 loss_total=0.940321 loss_rec=0.693818 valid_auc=0.625413 valid_rmse=0.497876 q_change=57 q_delta=0.251926 q_grad=0.000413
epoch=5 loss_total=0.916953 loss_rec=0.693629 valid_auc=0.646217 valid_rmse=0.496002 q_change=57 q_delta=0.287804 q_grad=0.000363
epoch=6 loss_total=0.894345 loss_rec=0.688548 valid_auc=0.660324 valid_rmse=0.494712 q_change=57 q_delta=0.314680 q_grad=0.000332
epoch=7 loss_total=0.872374 loss_rec=0.679420 valid_auc=0.660558 valid_rmse=0.491558 q_change=57 q_delta=0.334027 q_grad=0.000337
epoch=8 loss_total=0.853348 loss_rec=0.669070 valid_auc=0.657813 valid_rmse=0.486288 q_change=57 q_delta=0.346488 q_grad=0.000419
epoch=9 loss_total=0.835626 loss_rec=0.657132 valid_auc=0.663895 valid_rmse=0.480119 q_change=57 q_delta=0.355958 q_grad=0.000571
epoch=10 loss_total=0.829998 loss_rec=0.656375 valid_auc=0.664821 valid_rmse=0.479986 q_change=57 q_delta=0.363696 q_grad=0.000678
epoch=11 loss_total=0.822921 loss_rec=0.652983 valid_auc=0.667868 valid_rmse=0.478683 q_change=57 q_delta=0.370264 q_grad=0.000795
epoch=12 loss_total=0.810736 loss_rec=0.644078 valid_auc=0.670915 valid_rmse=0.479345 q_change=57 q_delta=0.375372 q_grad=0.000874
epoch=13 loss_total=0.805648 loss_rec=0.641664 valid_auc=0.672054 valid_rmse=0.476410 q_change=57 q_delta=0.379871 q_grad=0.000910
epoch=14 loss_total=0.802748 loss_rec=0.640775 valid_auc=0.672690 valid_rmse=0.477702 q_change=57 q_delta=0.382943 q_grad=0.001026
epoch=15 loss_total=0.798892 loss_rec=0.638602 valid_auc=0.673583 valid_rmse=0.475870 q_change=57 q_delta=0.386048 q_grad=0.001110
epoch=16 loss_total=0.798338 loss_rec=0.639419 valid_auc=0.677467 valid_rmse=0.475589 q_change=57 q_delta=0.388160 q_grad=0.001241
epoch=17 loss_total=0.795409 loss_rec=0.637705 valid_auc=0.678259 valid_rmse=0.475698 q_change=57 q_delta=0.390042 q_grad=0.001228
epoch=18 loss_total=0.788504 loss_rec=0.631721 valid_auc=0.680112 valid_rmse=0.474773 q_change=57 q_delta=0.391691 q_grad=0.001295
epoch=19 loss_total=0.786435 loss_rec=0.630578 valid_auc=0.680937 valid_rmse=0.475160 q_change=57 q_delta=0.393119 q_grad=0.001409
epoch=20 loss_total=0.784533 loss_rec=0.629319 valid_auc=0.683650 valid_rmse=0.473337 q_change=57 q_delta=0.394329 q_grad=0.001526
epoch=21 loss_total=0.780324 loss_rec=0.625697 valid_auc=0.683895 valid_rmse=0.474825 q_change=57 q_delta=0.394916 q_grad=0.001485
epoch=22 loss_total=0.778372 loss_rec=0.624084 valid_auc=0.686328 valid_rmse=0.473317 q_change=57 q_delta=0.395360 q_grad=0.001637
epoch=23 loss_total=0.775015 loss_rec=0.621013 valid_auc=0.683460 valid_rmse=0.473069 q_change=56 q_delta=0.396063 q_grad=0.001653
epoch=24 loss_total=0.769862 loss_rec=0.616120 valid_auc=0.683694 valid_rmse=0.473467 q_change=56 q_delta=0.397128 q_grad=0.001702
epoch=25 loss_total=0.771721 loss_rec=0.618226 valid_auc=0.684230 valid_rmse=0.473444 q_change=56 q_delta=0.397919 q_grad=0.001863
epoch=26 loss_total=0.768775 loss_rec=0.615459 valid_auc=0.685937 valid_rmse=0.474328 q_change=56 q_delta=0.398668 q_grad=0.001852
epoch=27 loss_total=0.765266 loss_rec=0.612066 valid_auc=0.687600 valid_rmse=0.474802 q_change=56 q_delta=0.399140 q_grad=0.001848
epoch=28 loss_total=0.767538 loss_rec=0.614600 valid_auc=0.685592 valid_rmse=0.473964 q_change=56 q_delta=0.400016 q_grad=0.001932
epoch=29 loss_total=0.761917 loss_rec=0.609221 valid_auc=0.689319 valid_rmse=0.473143 q_change=56 q_delta=0.400515 q_grad=0.001974
epoch=30 loss_total=0.761736 loss_rec=0.609166 valid_auc=0.690357 valid_rmse=0.473375 q_change=56 q_delta=0.400771 q_grad=0.001935
epoch=31 loss_total=0.758001 loss_rec=0.605501 valid_auc=0.690536 valid_rmse=0.473263 q_change=54 q_delta=0.401134 q_grad=0.001970
epoch=32 loss_total=0.759489 loss_rec=0.607153 valid_auc=0.692455 valid_rmse=0.473370 q_change=54 q_delta=0.401399 q_grad=0.002016
epoch=33 loss_total=0.757548 loss_rec=0.605322 valid_auc=0.690525 valid_rmse=0.471698 q_change=54 q_delta=0.402360 q_grad=0.001988
epoch=34 loss_total=0.756692 loss_rec=0.604620 valid_auc=0.689509 valid_rmse=0.471856 q_change=54 q_delta=0.403120 q_grad=0.001985
epoch=35 loss_total=0.756448 loss_rec=0.604541 valid_auc=0.692801 valid_rmse=0.470881 q_change=54 q_delta=0.403862 q_grad=0.001953
epoch=36 loss_total=0.752190 loss_rec=0.600288 valid_auc=0.694464 valid_rmse=0.471646 q_change=54 q_delta=0.404208 q_grad=0.002014
epoch=37 loss_total=0.746874 loss_rec=0.595022 valid_auc=0.694141 valid_rmse=0.471902 q_change=54 q_delta=0.404781 q_grad=0.002014
epoch=38 loss_total=0.745839 loss_rec=0.594149 valid_auc=0.694386 valid_rmse=0.473590 q_change=53 q_delta=0.405292 q_grad=0.002120
epoch=39 loss_total=0.747947 loss_rec=0.596374 valid_auc=0.694498 valid_rmse=0.470698 q_change=53 q_delta=0.406041 q_grad=0.002050
epoch=40 loss_total=0.743271 loss_rec=0.591846 valid_auc=0.694866 valid_rmse=0.471308 q_change=53 q_delta=0.406523 q_grad=0.002095
epoch=41 loss_total=0.739401 loss_rec=0.588123 valid_auc=0.695848 valid_rmse=0.471891 q_change=53 q_delta=0.407114 q_grad=0.002089
epoch=42 loss_total=0.742117 loss_rec=0.590904 valid_auc=0.692199 valid_rmse=0.472013 q_change=53 q_delta=0.407793 q_grad=0.002200
epoch=43 loss_total=0.737345 loss_rec=0.586154 valid_auc=0.692511 valid_rmse=0.472511 q_change=52 q_delta=0.408143 q_grad=0.002160
epoch=44 loss_total=0.737836 loss_rec=0.586761 valid_auc=0.691484 valid_rmse=0.473258 q_change=52 q_delta=0.408709 q_grad=0.002216
epoch=45 loss_total=0.733528 loss_rec=0.582566 valid_auc=0.693158 valid_rmse=0.476285 q_change=52 q_delta=0.409227 q_grad=0.002254
epoch=46 loss_total=0.733674 loss_rec=0.582717 valid_auc=0.694319 valid_rmse=0.471515 q_change=52 q_delta=0.410203 q_grad=0.002231
epoch=47 loss_total=0.730246 loss_rec=0.579392 valid_auc=0.694085 valid_rmse=0.473453 q_change=52 q_delta=0.410728 q_grad=0.002243
epoch=48 loss_total=0.727773 loss_rec=0.576944 valid_auc=0.692455 valid_rmse=0.472717 q_change=52 q_delta=0.411324 q_grad=0.002336
epoch=49 loss_total=0.724453 loss_rec=0.573650 valid_auc=0.693627 valid_rmse=0.472494 q_change=51 q_delta=0.411774 q_grad=0.002371
epoch=50 loss_total=0.719471 loss_rec=0.568688 valid_auc=0.691261 valid_rmse=0.474126 q_change=51 q_delta=0.412265 q_grad=0.002306
epoch=51 loss_total=0.718640 loss_rec=0.567920 valid_auc=0.693181 valid_rmse=0.476345 q_change=51 q_delta=0.412908 q_grad=0.002443
epoch=52 loss_total=0.719361 loss_rec=0.568715 valid_auc=0.691395 valid_rmse=0.473962 q_change=51 q_delta=0.413814 q_grad=0.002464
epoch=53 loss_total=0.718942 loss_rec=0.568300 valid_auc=0.692511 valid_rmse=0.473409 q_change=51 q_delta=0.414450 q_grad=0.002492
epoch=54 loss_total=0.710034 loss_rec=0.559428 valid_auc=0.689520 valid_rmse=0.476022 q_change=51 q_delta=0.414942 q_grad=0.002500
epoch=55 loss_total=0.707167 loss_rec=0.556623 valid_auc=0.694877 valid_rmse=0.473075 q_change=51 q_delta=0.415548 q_grad=0.002526
epoch=56 loss_total=0.707333 loss_rec=0.556811 valid_auc=0.690848 valid_rmse=0.474757 q_change=51 q_delta=0.416005 q_grad=0.002605
epoch=57 loss_total=0.704142 loss_rec=0.553653 valid_auc=0.690458 valid_rmse=0.476895 q_change=51 q_delta=0.416385 q_grad=0.002726
epoch=58 loss_total=0.697998 loss_rec=0.547555 valid_auc=0.689743 valid_rmse=0.479755 q_change=51 q_delta=0.416817 q_grad=0.002703
epoch=59 loss_total=0.698488 loss_rec=0.548173 valid_auc=0.690904 valid_rmse=0.474808 q_change=51 q_delta=0.417337 q_grad=0.002698
epoch=60 loss_total=0.696745 loss_rec=0.546485 valid_auc=0.692121 valid_rmse=0.475583 q_change=51 q_delta=0.417552 q_grad=0.002720
epoch=61 loss_total=0.693493 loss_rec=0.543234 valid_auc=0.690904 valid_rmse=0.475430 q_change=51 q_delta=0.417862 q_grad=0.002855
Early stopping at epoch 61; best_epoch=41.
Saved run to C:\Users\YAN_SHU_YU\Desktop\Generative-CD\Q_GNCDM\results\weak_q_lambda_sweep\lq_0p5_ls_0p6_lb_0p4\seed_2026\noise_0.20\weak-q_lq_0p5_ls_0p6_lb_0p4
Final metrics: q_hat_f1=0.133333 response_auc=0.687789 mastery_pearson=0.357168
