run=weak-q_lq_0p2_ls_0p4_lb_0p4 mode=weak-q noise=0.20 train=4200 valid=600 test=1200
epoch=1 loss_total=0.997162 loss_rec=0.725662 valid_auc=0.587857 valid_rmse=0.499752 q_change=57 q_delta=0.079296 q_grad=0.000433
epoch=2 loss_total=0.943141 loss_rec=0.705957 valid_auc=0.595301 valid_rmse=0.499308 q_change=57 q_delta=0.151218 q_grad=0.000418
epoch=3 loss_total=0.905400 loss_rec=0.700108 valid_auc=0.610112 valid_rmse=0.498541 q_change=57 q_delta=0.212404 q_grad=0.000396
epoch=4 loss_total=0.871422 loss_rec=0.694044 valid_auc=0.630826 valid_rmse=0.497923 q_change=57 q_delta=0.262017 q_grad=0.000362
epoch=5 loss_total=0.848801 loss_rec=0.694127 valid_auc=0.652254 valid_rmse=0.496193 q_change=57 q_delta=0.300022 q_grad=0.000331
epoch=6 loss_total=0.826624 loss_rec=0.689642 valid_auc=0.664676 valid_rmse=0.495237 q_change=57 q_delta=0.328027 q_grad=0.000308
epoch=7 loss_total=0.805624 loss_rec=0.681864 valid_auc=0.662612 valid_rmse=0.492772 q_change=57 q_delta=0.347983 q_grad=0.000310
epoch=8 loss_total=0.788160 loss_rec=0.673528 valid_auc=0.658415 valid_rmse=0.487976 q_change=57 q_delta=0.360731 q_grad=0.000371
epoch=9 loss_total=0.770516 loss_rec=0.661928 valid_auc=0.662098 valid_rmse=0.481441 q_change=57 q_delta=0.369953 q_grad=0.000502
epoch=10 loss_total=0.764033 loss_rec=0.660371 valid_auc=0.663359 valid_rmse=0.481089 q_change=57 q_delta=0.377457 q_grad=0.000606
epoch=11 loss_total=0.756789 loss_rec=0.656928 valid_auc=0.663482 valid_rmse=0.480113 q_change=57 q_delta=0.383917 q_grad=0.000712
epoch=12 loss_total=0.745039 loss_rec=0.648611 valid_auc=0.666507 valid_rmse=0.481029 q_change=57 q_delta=0.389083 q_grad=0.000778
epoch=13 loss_total=0.740225 loss_rec=0.646653 valid_auc=0.667578 valid_rmse=0.478161 q_change=57 q_delta=0.393678 q_grad=0.000798
epoch=14 loss_total=0.737178 loss_rec=0.645821 valid_auc=0.667991 valid_rmse=0.479634 q_change=57 q_delta=0.396917 q_grad=0.000894
epoch=15 loss_total=0.734125 loss_rec=0.644655 valid_auc=0.667054 valid_rmse=0.478026 q_change=57 q_delta=0.400244 q_grad=0.000952
epoch=16 loss_total=0.733324 loss_rec=0.645452 valid_auc=0.668661 valid_rmse=0.477818 q_change=57 q_delta=0.402634 q_grad=0.001058
epoch=17 loss_total=0.731081 loss_rec=0.644616 valid_auc=0.670156 valid_rmse=0.478169 q_change=57 q_delta=0.404746 q_grad=0.001040
epoch=18 loss_total=0.724598 loss_rec=0.639291 valid_auc=0.670971 valid_rmse=0.477690 q_change=57 q_delta=0.406679 q_grad=0.001088
epoch=19 loss_total=0.722163 loss_rec=0.637955 valid_auc=0.671975 valid_rmse=0.477304 q_change=57 q_delta=0.408390 q_grad=0.001176
epoch=20 loss_total=0.720869 loss_rec=0.637546 valid_auc=0.674866 valid_rmse=0.475945 q_change=57 q_delta=0.410008 q_grad=0.001286
epoch=21 loss_total=0.717308 loss_rec=0.634829 valid_auc=0.675357 valid_rmse=0.476797 q_change=57 q_delta=0.411079 q_grad=0.001250
epoch=22 loss_total=0.716151 loss_rec=0.634311 valid_auc=0.677199 valid_rmse=0.475601 q_change=57 q_delta=0.412126 q_grad=0.001378
epoch=23 loss_total=0.712919 loss_rec=0.631669 valid_auc=0.675781 valid_rmse=0.475363 q_change=57 q_delta=0.413225 q_grad=0.001402
epoch=24 loss_total=0.708213 loss_rec=0.627532 valid_auc=0.676027 valid_rmse=0.475970 q_change=57 q_delta=0.414042 q_grad=0.001469
epoch=25 loss_total=0.710850 loss_rec=0.630633 valid_auc=0.676853 valid_rmse=0.475736 q_change=57 q_delta=0.414670 q_grad=0.001615
epoch=26 loss_total=0.708592 loss_rec=0.628773 valid_auc=0.677868 valid_rmse=0.476341 q_change=57 q_delta=0.415252 q_grad=0.001623
epoch=27 loss_total=0.706430 loss_rec=0.626878 valid_auc=0.680781 valid_rmse=0.475757 q_change=57 q_delta=0.415602 q_grad=0.001638
epoch=28 loss_total=0.707488 loss_rec=0.628205 valid_auc=0.680212 valid_rmse=0.475255 q_change=57 q_delta=0.416123 q_grad=0.001739
epoch=29 loss_total=0.703965 loss_rec=0.624901 valid_auc=0.681886 valid_rmse=0.474922 q_change=57 q_delta=0.416358 q_grad=0.001802
epoch=30 loss_total=0.704859 loss_rec=0.625969 valid_auc=0.682031 valid_rmse=0.475530 q_change=57 q_delta=0.416399 q_grad=0.001790
epoch=31 loss_total=0.701133 loss_rec=0.622240 valid_auc=0.683638 valid_rmse=0.474576 q_change=57 q_delta=0.416309 q_grad=0.001837
epoch=32 loss_total=0.702041 loss_rec=0.623244 valid_auc=0.684766 valid_rmse=0.475183 q_change=56 q_delta=0.416636 q_grad=0.001906
epoch=33 loss_total=0.700213 loss_rec=0.621482 valid_auc=0.682321 valid_rmse=0.474205 q_change=56 q_delta=0.417725 q_grad=0.001890
epoch=34 loss_total=0.699423 loss_rec=0.620866 valid_auc=0.680781 valid_rmse=0.474237 q_change=56 q_delta=0.418335 q_grad=0.001922
epoch=35 loss_total=0.700442 loss_rec=0.622046 valid_auc=0.683103 valid_rmse=0.473583 q_change=56 q_delta=0.418952 q_grad=0.001909
epoch=36 loss_total=0.697160 loss_rec=0.618941 valid_auc=0.684833 valid_rmse=0.474242 q_change=56 q_delta=0.419255 q_grad=0.001946
epoch=37 loss_total=0.691420 loss_rec=0.613339 valid_auc=0.685692 valid_rmse=0.474029 q_change=56 q_delta=0.419676 q_grad=0.001976
epoch=38 loss_total=0.691319 loss_rec=0.613450 valid_auc=0.682857 valid_rmse=0.476456 q_change=56 q_delta=0.420080 q_grad=0.002097
epoch=39 loss_total=0.694426 loss_rec=0.616739 valid_auc=0.683850 valid_rmse=0.473804 q_change=56 q_delta=0.420616 q_grad=0.002029
epoch=40 loss_total=0.690760 loss_rec=0.613265 valid_auc=0.683047 valid_rmse=0.474268 q_change=56 q_delta=0.420872 q_grad=0.002075
epoch=41 loss_total=0.686767 loss_rec=0.609447 valid_auc=0.685670 valid_rmse=0.474293 q_change=56 q_delta=0.421165 q_grad=0.002084
epoch=42 loss_total=0.690961 loss_rec=0.613790 valid_auc=0.681741 valid_rmse=0.474989 q_change=56 q_delta=0.421491 q_grad=0.002142
epoch=43 loss_total=0.687045 loss_rec=0.609978 valid_auc=0.684453 valid_rmse=0.474154 q_change=56 q_delta=0.421632 q_grad=0.002078
epoch=44 loss_total=0.688013 loss_rec=0.611120 valid_auc=0.684397 valid_rmse=0.474430 q_change=56 q_delta=0.421930 q_grad=0.002157
epoch=45 loss_total=0.685656 loss_rec=0.608886 valid_auc=0.685167 valid_rmse=0.476487 q_change=56 q_delta=0.421991 q_grad=0.002178
epoch=46 loss_total=0.686994 loss_rec=0.610317 valid_auc=0.686540 valid_rmse=0.473177 q_change=56 q_delta=0.422312 q_grad=0.002114
epoch=47 loss_total=0.684366 loss_rec=0.607809 valid_auc=0.688158 valid_rmse=0.473522 q_change=56 q_delta=0.422333 q_grad=0.002141
epoch=48 loss_total=0.684823 loss_rec=0.608314 valid_auc=0.687634 valid_rmse=0.472906 q_change=56 q_delta=0.422508 q_grad=0.002192
epoch=49 loss_total=0.682684 loss_rec=0.606223 valid_auc=0.688058 valid_rmse=0.472747 q_change=56 q_delta=0.422468 q_grad=0.002209
epoch=50 loss_total=0.679003 loss_rec=0.602567 valid_auc=0.687042 valid_rmse=0.473684 q_change=56 q_delta=0.422468 q_grad=0.002106
epoch=51 loss_total=0.678973 loss_rec=0.602607 valid_auc=0.690201 valid_rmse=0.473781 q_change=56 q_delta=0.422285 q_grad=0.002233
epoch=52 loss_total=0.679779 loss_rec=0.603421 valid_auc=0.689029 valid_rmse=0.472834 q_change=55 q_delta=0.422334 q_grad=0.002255
epoch=53 loss_total=0.681593 loss_rec=0.605262 valid_auc=0.692444 valid_rmse=0.471772 q_change=55 q_delta=0.422546 q_grad=0.002235
epoch=54 loss_total=0.673463 loss_rec=0.597197 valid_auc=0.690993 valid_rmse=0.473160 q_change=55 q_delta=0.422912 q_grad=0.002197
epoch=55 loss_total=0.673139 loss_rec=0.596949 valid_auc=0.694754 valid_rmse=0.471402 q_change=55 q_delta=0.423247 q_grad=0.002238
epoch=56 loss_total=0.674052 loss_rec=0.597911 valid_auc=0.692154 valid_rmse=0.471822 q_change=55 q_delta=0.423579 q_grad=0.002283
epoch=57 loss_total=0.672445 loss_rec=0.596356 valid_auc=0.694888 valid_rmse=0.472573 q_change=55 q_delta=0.423725 q_grad=0.002355
epoch=58 loss_total=0.668912 loss_rec=0.592863 valid_auc=0.692723 valid_rmse=0.473117 q_change=54 q_delta=0.423995 q_grad=0.002309
epoch=59 loss_total=0.668460 loss_rec=0.592540 valid_auc=0.692667 valid_rmse=0.471581 q_change=54 q_delta=0.424346 q_grad=0.002299
epoch=60 loss_total=0.667480 loss_rec=0.591627 valid_auc=0.693371 valid_rmse=0.472534 q_change=54 q_delta=0.424501 q_grad=0.002361
epoch=61 loss_total=0.666012 loss_rec=0.590218 valid_auc=0.693315 valid_rmse=0.472283 q_change=54 q_delta=0.424829 q_grad=0.002396
epoch=62 loss_total=0.663410 loss_rec=0.587705 valid_auc=0.692589 valid_rmse=0.471962 q_change=54 q_delta=0.425139 q_grad=0.002360
epoch=63 loss_total=0.664841 loss_rec=0.589164 valid_auc=0.691306 valid_rmse=0.472953 q_change=54 q_delta=0.425282 q_grad=0.002401
epoch=64 loss_total=0.666825 loss_rec=0.591222 valid_auc=0.695190 valid_rmse=0.473967 q_change=54 q_delta=0.425422 q_grad=0.002484
epoch=65 loss_total=0.660315 loss_rec=0.584741 valid_auc=0.691842 valid_rmse=0.472667 q_change=54 q_delta=0.425806 q_grad=0.002377
epoch=66 loss_total=0.660387 loss_rec=0.584876 valid_auc=0.692165 valid_rmse=0.473075 q_change=54 q_delta=0.425932 q_grad=0.002540
epoch=67 loss_total=0.662646 loss_rec=0.587179 valid_auc=0.689866 valid_rmse=0.474382 q_change=54 q_delta=0.426111 q_grad=0.002540
epoch=68 loss_total=0.658001 loss_rec=0.582600 valid_auc=0.691317 valid_rmse=0.475267 q_change=54 q_delta=0.426276 q_grad=0.002562
epoch=69 loss_total=0.654243 loss_rec=0.578892 valid_auc=0.694096 valid_rmse=0.480022 q_change=54 q_delta=0.426295 q_grad=0.002667
epoch=70 loss_total=0.653766 loss_rec=0.578467 valid_auc=0.688895 valid_rmse=0.473945 q_change=54 q_delta=0.426662 q_grad=0.002676
epoch=71 loss_total=0.655520 loss_rec=0.580300 valid_auc=0.688650 valid_rmse=0.474474 q_change=54 q_delta=0.426769 q_grad=0.002681
epoch=72 loss_total=0.654105 loss_rec=0.578917 valid_auc=0.688147 valid_rmse=0.474943 q_change=54 q_delta=0.426926 q_grad=0.002719
epoch=73 loss_total=0.650091 loss_rec=0.574996 valid_auc=0.685424 valid_rmse=0.475736 q_change=53 q_delta=0.427061 q_grad=0.002782
epoch=74 loss_total=0.654249 loss_rec=0.579194 valid_auc=0.688013 valid_rmse=0.475860 q_change=53 q_delta=0.427157 q_grad=0.002738
epoch=75 loss_total=0.651747 loss_rec=0.576716 valid_auc=0.685391 valid_rmse=0.482022 q_change=53 q_delta=0.427095 q_grad=0.002754
epoch=76 loss_total=0.651714 loss_rec=0.576710 valid_auc=0.685815 valid_rmse=0.474986 q_change=53 q_delta=0.427413 q_grad=0.002733
epoch=77 loss_total=0.645119 loss_rec=0.570158 valid_auc=0.687299 valid_rmse=0.478133 q_change=53 q_delta=0.427334 q_grad=0.002744
epoch=78 loss_total=0.645647 loss_rec=0.570710 valid_auc=0.686864 valid_rmse=0.477162 q_change=53 q_delta=0.427528 q_grad=0.002957
epoch=79 loss_total=0.644823 loss_rec=0.569945 valid_auc=0.684554 valid_rmse=0.476370 q_change=53 q_delta=0.427716 q_grad=0.003020
epoch=80 loss_total=0.644569 loss_rec=0.569716 valid_auc=0.685056 valid_rmse=0.476016 q_change=53 q_delta=0.427825 q_grad=0.002927
epoch=81 loss_total=0.640940 loss_rec=0.566150 valid_auc=0.686685 valid_rmse=0.478565 q_change=53 q_delta=0.427839 q_grad=0.003003
epoch=82 loss_total=0.640777 loss_rec=0.566015 valid_auc=0.685525 valid_rmse=0.477841 q_change=53 q_delta=0.427965 q_grad=0.003065
epoch=83 loss_total=0.639959 loss_rec=0.565237 valid_auc=0.685145 valid_rmse=0.481623 q_change=53 q_delta=0.427945 q_grad=0.003034
epoch=84 loss_total=0.639954 loss_rec=0.565274 valid_auc=0.685670 valid_rmse=0.477830 q_change=53 q_delta=0.428157 q_grad=0.003116
Early stopping at epoch 84; best_epoch=64.
Saved run to C:\Users\YAN_SHU_YU\Desktop\Generative-CD\Q_GNCDM\results\weak_q_lambda_sweep\lq_0p2_ls_0p4_lb_0p4\seed_2026\noise_0.20\weak-q_lq_0p2_ls_0p4_lb_0p4
Final metrics: q_hat_f1=0.101695 response_auc=0.687414 mastery_pearson=0.338335
