run=weak-q_lq_0p7_ls_0p4_lb_0p1 mode=weak-q noise=0.20 train=4200 valid=600 test=1200
epoch=1 loss_total=0.925527 loss_rec=0.725642 valid_auc=0.587946 valid_rmse=0.499738 q_change=57 q_delta=0.075332 q_grad=0.000356
epoch=2 loss_total=0.884073 loss_rec=0.705581 valid_auc=0.597031 valid_rmse=0.499137 q_change=57 q_delta=0.132290 q_grad=0.000252
epoch=3 loss_total=0.865148 loss_rec=0.698735 valid_auc=0.614877 valid_rmse=0.497864 q_change=57 q_delta=0.172494 q_grad=0.000203
epoch=4 loss_total=0.849915 loss_rec=0.690231 valid_auc=0.638839 valid_rmse=0.495822 q_change=57 q_delta=0.199985 q_grad=0.000197
epoch=5 loss_total=0.840732 loss_rec=0.684255 valid_auc=0.658828 valid_rmse=0.490392 q_change=57 q_delta=0.214652 q_grad=0.000254
epoch=6 loss_total=0.820158 loss_rec=0.664441 valid_auc=0.669085 valid_rmse=0.481873 q_change=57 q_delta=0.218242 q_grad=0.000413
epoch=7 loss_total=0.794229 loss_rec=0.638293 valid_auc=0.675279 valid_rmse=0.476949 q_change=57 q_delta=0.219729 q_grad=0.000649
epoch=8 loss_total=0.784700 loss_rec=0.628802 valid_auc=0.676328 valid_rmse=0.476322 q_change=57 q_delta=0.222236 q_grad=0.000894
epoch=9 loss_total=0.777244 loss_rec=0.621720 valid_auc=0.682400 valid_rmse=0.473176 q_change=57 q_delta=0.225222 q_grad=0.001026
epoch=10 loss_total=0.780485 loss_rec=0.625470 valid_auc=0.680000 valid_rmse=0.475222 q_change=56 q_delta=0.228329 q_grad=0.001066
epoch=11 loss_total=0.778603 loss_rec=0.623777 valid_auc=0.680223 valid_rmse=0.474032 q_change=55 q_delta=0.231735 q_grad=0.001163
epoch=12 loss_total=0.770404 loss_rec=0.615874 valid_auc=0.679621 valid_rmse=0.475882 q_change=55 q_delta=0.234422 q_grad=0.001197
epoch=13 loss_total=0.767476 loss_rec=0.613260 valid_auc=0.679453 valid_rmse=0.474529 q_change=54 q_delta=0.238297 q_grad=0.001175
epoch=14 loss_total=0.768680 loss_rec=0.614635 valid_auc=0.678705 valid_rmse=0.476674 q_change=54 q_delta=0.240504 q_grad=0.001241
epoch=15 loss_total=0.765505 loss_rec=0.611530 valid_auc=0.680167 valid_rmse=0.475103 q_change=54 q_delta=0.243444 q_grad=0.001258
epoch=16 loss_total=0.768011 loss_rec=0.614050 valid_auc=0.679989 valid_rmse=0.475403 q_change=53 q_delta=0.246069 q_grad=0.001345
epoch=17 loss_total=0.764285 loss_rec=0.610473 valid_auc=0.679498 valid_rmse=0.475279 q_change=53 q_delta=0.248397 q_grad=0.001273
epoch=18 loss_total=0.760184 loss_rec=0.606352 valid_auc=0.679420 valid_rmse=0.475552 q_change=52 q_delta=0.250998 q_grad=0.001298
epoch=19 loss_total=0.759962 loss_rec=0.606172 valid_auc=0.680580 valid_rmse=0.476004 q_change=51 q_delta=0.253847 q_grad=0.001370
epoch=20 loss_total=0.758535 loss_rec=0.604666 valid_auc=0.681853 valid_rmse=0.474754 q_change=50 q_delta=0.256599 q_grad=0.001433
epoch=21 loss_total=0.754593 loss_rec=0.600587 valid_auc=0.682746 valid_rmse=0.475465 q_change=50 q_delta=0.258742 q_grad=0.001360
epoch=22 loss_total=0.753049 loss_rec=0.598896 valid_auc=0.681362 valid_rmse=0.475740 q_change=50 q_delta=0.261351 q_grad=0.001466
epoch=23 loss_total=0.751625 loss_rec=0.597273 valid_auc=0.680647 valid_rmse=0.475568 q_change=50 q_delta=0.264035 q_grad=0.001430
epoch=24 loss_total=0.747651 loss_rec=0.593097 valid_auc=0.680391 valid_rmse=0.476055 q_change=49 q_delta=0.266645 q_grad=0.001466
epoch=25 loss_total=0.747891 loss_rec=0.593009 valid_auc=0.680826 valid_rmse=0.476091 q_change=47 q_delta=0.269113 q_grad=0.001551
epoch=26 loss_total=0.745977 loss_rec=0.590839 valid_auc=0.682634 valid_rmse=0.476085 q_change=43 q_delta=0.271515 q_grad=0.001535
epoch=27 loss_total=0.742684 loss_rec=0.587170 valid_auc=0.683504 valid_rmse=0.476971 q_change=43 q_delta=0.273832 q_grad=0.001536
epoch=28 loss_total=0.745714 loss_rec=0.589847 valid_auc=0.682902 valid_rmse=0.476555 q_change=42 q_delta=0.276506 q_grad=0.001629
epoch=29 loss_total=0.739287 loss_rec=0.583094 valid_auc=0.685882 valid_rmse=0.475492 q_change=42 q_delta=0.278942 q_grad=0.001632
epoch=30 loss_total=0.737556 loss_rec=0.580895 valid_auc=0.687232 valid_rmse=0.476816 q_change=42 q_delta=0.281258 q_grad=0.001671
epoch=31 loss_total=0.733660 loss_rec=0.576552 valid_auc=0.685792 valid_rmse=0.476607 q_change=42 q_delta=0.283999 q_grad=0.001685
epoch=32 loss_total=0.733994 loss_rec=0.576440 valid_auc=0.688839 valid_rmse=0.475280 q_change=42 q_delta=0.287237 q_grad=0.001729
epoch=33 loss_total=0.729610 loss_rec=0.571544 valid_auc=0.688114 valid_rmse=0.474641 q_change=40 q_delta=0.290411 q_grad=0.001768
epoch=34 loss_total=0.728927 loss_rec=0.570408 valid_auc=0.686920 valid_rmse=0.474841 q_change=38 q_delta=0.292863 q_grad=0.001755
epoch=35 loss_total=0.728559 loss_rec=0.569578 valid_auc=0.689721 valid_rmse=0.473780 q_change=37 q_delta=0.295340 q_grad=0.001787
epoch=36 loss_total=0.720807 loss_rec=0.561304 valid_auc=0.690491 valid_rmse=0.474168 q_change=36 q_delta=0.297274 q_grad=0.001862
epoch=37 loss_total=0.716089 loss_rec=0.556044 valid_auc=0.689475 valid_rmse=0.476414 q_change=36 q_delta=0.299686 q_grad=0.001887
epoch=38 loss_total=0.710707 loss_rec=0.550268 valid_auc=0.688694 valid_rmse=0.477377 q_change=35 q_delta=0.302105 q_grad=0.001978
epoch=39 loss_total=0.710079 loss_rec=0.549173 valid_auc=0.689007 valid_rmse=0.475900 q_change=35 q_delta=0.304880 q_grad=0.001973
epoch=40 loss_total=0.706397 loss_rec=0.545079 valid_auc=0.689576 valid_rmse=0.476698 q_change=33 q_delta=0.306928 q_grad=0.002026
epoch=41 loss_total=0.699937 loss_rec=0.538274 valid_auc=0.689788 valid_rmse=0.478928 q_change=33 q_delta=0.309470 q_grad=0.002027
epoch=42 loss_total=0.702420 loss_rec=0.540417 valid_auc=0.688471 valid_rmse=0.477736 q_change=33 q_delta=0.312028 q_grad=0.002176
epoch=43 loss_total=0.695630 loss_rec=0.533303 valid_auc=0.690257 valid_rmse=0.478596 q_change=33 q_delta=0.313977 q_grad=0.002139
epoch=44 loss_total=0.694143 loss_rec=0.531545 valid_auc=0.690614 valid_rmse=0.477702 q_change=32 q_delta=0.315888 q_grad=0.002156
epoch=45 loss_total=0.689387 loss_rec=0.526566 valid_auc=0.688783 valid_rmse=0.482389 q_change=30 q_delta=0.317393 q_grad=0.002147
epoch=46 loss_total=0.689041 loss_rec=0.525940 valid_auc=0.693895 valid_rmse=0.477194 q_change=30 q_delta=0.319347 q_grad=0.002192
epoch=47 loss_total=0.687041 loss_rec=0.523739 valid_auc=0.690781 valid_rmse=0.480362 q_change=30 q_delta=0.320668 q_grad=0.002160
epoch=48 loss_total=0.685432 loss_rec=0.521961 valid_auc=0.689621 valid_rmse=0.479231 q_change=30 q_delta=0.322454 q_grad=0.002224
epoch=49 loss_total=0.679762 loss_rec=0.516115 valid_auc=0.691652 valid_rmse=0.478017 q_change=30 q_delta=0.323525 q_grad=0.002215
epoch=50 loss_total=0.675732 loss_rec=0.511957 valid_auc=0.691507 valid_rmse=0.481603 q_change=30 q_delta=0.325044 q_grad=0.002201
epoch=51 loss_total=0.676373 loss_rec=0.512490 valid_auc=0.692377 valid_rmse=0.481665 q_change=30 q_delta=0.326121 q_grad=0.002273
epoch=52 loss_total=0.677297 loss_rec=0.513285 valid_auc=0.690391 valid_rmse=0.480808 q_change=30 q_delta=0.327704 q_grad=0.002282
epoch=53 loss_total=0.678851 loss_rec=0.514709 valid_auc=0.690156 valid_rmse=0.480091 q_change=30 q_delta=0.328883 q_grad=0.002276
epoch=54 loss_total=0.671884 loss_rec=0.507590 valid_auc=0.689085 valid_rmse=0.481445 q_change=29 q_delta=0.330188 q_grad=0.002300
epoch=55 loss_total=0.667570 loss_rec=0.503185 valid_auc=0.696507 valid_rmse=0.477857 q_change=29 q_delta=0.331561 q_grad=0.002274
epoch=56 loss_total=0.667145 loss_rec=0.502672 valid_auc=0.692310 valid_rmse=0.481245 q_change=29 q_delta=0.332798 q_grad=0.002259
epoch=57 loss_total=0.667675 loss_rec=0.503048 valid_auc=0.690580 valid_rmse=0.483147 q_change=29 q_delta=0.334010 q_grad=0.002399
epoch=58 loss_total=0.661816 loss_rec=0.497089 valid_auc=0.692221 valid_rmse=0.482752 q_change=30 q_delta=0.335403 q_grad=0.002333
epoch=59 loss_total=0.659080 loss_rec=0.494301 valid_auc=0.695033 valid_rmse=0.479760 q_change=29 q_delta=0.336484 q_grad=0.002293
epoch=60 loss_total=0.662066 loss_rec=0.497195 valid_auc=0.694297 valid_rmse=0.481660 q_change=29 q_delta=0.337504 q_grad=0.002345
epoch=61 loss_total=0.659778 loss_rec=0.494808 valid_auc=0.693069 valid_rmse=0.480702 q_change=27 q_delta=0.338677 q_grad=0.002399
epoch=62 loss_total=0.656052 loss_rec=0.491021 valid_auc=0.695212 valid_rmse=0.480473 q_change=28 q_delta=0.339608 q_grad=0.002303
epoch=63 loss_total=0.655532 loss_rec=0.490389 valid_auc=0.693404 valid_rmse=0.481632 q_change=27 q_delta=0.340514 q_grad=0.002421
epoch=64 loss_total=0.656207 loss_rec=0.490978 valid_auc=0.695904 valid_rmse=0.483436 q_change=28 q_delta=0.341384 q_grad=0.002399
epoch=65 loss_total=0.654124 loss_rec=0.488824 valid_auc=0.694475 valid_rmse=0.481417 q_change=28 q_delta=0.342629 q_grad=0.002298
epoch=66 loss_total=0.653168 loss_rec=0.487790 valid_auc=0.693516 valid_rmse=0.482014 q_change=28 q_delta=0.343674 q_grad=0.002436
epoch=67 loss_total=0.652829 loss_rec=0.487347 valid_auc=0.692824 valid_rmse=0.483235 q_change=28 q_delta=0.344633 q_grad=0.002416
epoch=68 loss_total=0.646184 loss_rec=0.480618 valid_auc=0.695000 valid_rmse=0.483676 q_change=28 q_delta=0.345518 q_grad=0.002428
epoch=69 loss_total=0.643272 loss_rec=0.477624 valid_auc=0.694353 valid_rmse=0.488229 q_change=28 q_delta=0.346398 q_grad=0.002423
epoch=70 loss_total=0.641621 loss_rec=0.475861 valid_auc=0.694420 valid_rmse=0.482835 q_change=28 q_delta=0.347689 q_grad=0.002489
epoch=71 loss_total=0.641192 loss_rec=0.475413 valid_auc=0.698504 valid_rmse=0.481382 q_change=28 q_delta=0.348697 q_grad=0.002435
epoch=72 loss_total=0.642283 loss_rec=0.476416 valid_auc=0.695703 valid_rmse=0.483341 q_change=28 q_delta=0.349479 q_grad=0.002466
epoch=73 loss_total=0.637305 loss_rec=0.471346 valid_auc=0.692288 valid_rmse=0.485806 q_change=27 q_delta=0.350601 q_grad=0.002511
epoch=74 loss_total=0.641307 loss_rec=0.475306 valid_auc=0.694676 valid_rmse=0.484228 q_change=28 q_delta=0.351481 q_grad=0.002469
epoch=75 loss_total=0.639127 loss_rec=0.473042 valid_auc=0.692790 valid_rmse=0.489205 q_change=28 q_delta=0.352258 q_grad=0.002535
epoch=76 loss_total=0.638012 loss_rec=0.471859 valid_auc=0.694866 valid_rmse=0.482398 q_change=27 q_delta=0.353303 q_grad=0.002467
epoch=77 loss_total=0.629444 loss_rec=0.463211 valid_auc=0.696395 valid_rmse=0.483817 q_change=28 q_delta=0.354135 q_grad=0.002445
epoch=78 loss_total=0.629551 loss_rec=0.463259 valid_auc=0.695759 valid_rmse=0.487033 q_change=28 q_delta=0.354925 q_grad=0.002641
epoch=79 loss_total=0.627174 loss_rec=0.460835 valid_auc=0.692757 valid_rmse=0.485383 q_change=28 q_delta=0.355862 q_grad=0.002594
epoch=80 loss_total=0.626632 loss_rec=0.460265 valid_auc=0.696451 valid_rmse=0.485382 q_change=30 q_delta=0.356879 q_grad=0.002568
epoch=81 loss_total=0.625312 loss_rec=0.458870 valid_auc=0.695547 valid_rmse=0.486586 q_change=30 q_delta=0.357553 q_grad=0.002632
epoch=82 loss_total=0.621318 loss_rec=0.454834 valid_auc=0.693795 valid_rmse=0.487374 q_change=30 q_delta=0.358523 q_grad=0.002625
epoch=83 loss_total=0.627025 loss_rec=0.460518 valid_auc=0.695424 valid_rmse=0.487891 q_change=30 q_delta=0.359236 q_grad=0.002608
epoch=84 loss_total=0.626577 loss_rec=0.460057 valid_auc=0.696239 valid_rmse=0.484881 q_change=30 q_delta=0.360033 q_grad=0.002596
epoch=85 loss_total=0.621176 loss_rec=0.454592 valid_auc=0.696507 valid_rmse=0.488218 q_change=30 q_delta=0.360575 q_grad=0.002659
epoch=86 loss_total=0.621105 loss_rec=0.454462 valid_auc=0.694944 valid_rmse=0.486294 q_change=30 q_delta=0.361501 q_grad=0.002734
epoch=87 loss_total=0.618350 loss_rec=0.451652 valid_auc=0.695692 valid_rmse=0.485374 q_change=30 q_delta=0.362254 q_grad=0.002663
epoch=88 loss_total=0.612897 loss_rec=0.446157 valid_auc=0.697388 valid_rmse=0.486836 q_change=30 q_delta=0.362810 q_grad=0.002691
epoch=89 loss_total=0.614721 loss_rec=0.447995 valid_auc=0.695212 valid_rmse=0.491115 q_change=30 q_delta=0.363297 q_grad=0.002624
epoch=90 loss_total=0.621118 loss_rec=0.454338 valid_auc=0.692176 valid_rmse=0.486701 q_change=30 q_delta=0.364217 q_grad=0.002648
epoch=91 loss_total=0.613170 loss_rec=0.446340 valid_auc=0.694219 valid_rmse=0.487220 q_change=29 q_delta=0.364844 q_grad=0.002628
Early stopping at epoch 91; best_epoch=71.
Saved run to C:\Users\YAN_SHU_YU\Desktop\Generative-CD\Q_GNCDM\results\weak_q_lambda_sweep\lq_0p7_ls_0p4_lb_0p1\seed_2026\noise_0.20\weak-q_lq_0p7_ls_0p4_lb_0p1
Final metrics: q_hat_f1=0.635294 response_auc=0.685321 mastery_pearson=0.547905
