run=weak-q_lq_0p7_ls_0p4_lb_0p7 mode=weak-q noise=0.20 train=4200 valid=600 test=1200
epoch=1 loss_total=1.071308 loss_rec=0.725658 valid_auc=0.587907 valid_rmse=0.499749 q_change=57 q_delta=0.078442 q_grad=0.000433
epoch=2 loss_total=1.019263 loss_rec=0.705882 valid_auc=0.595647 valid_rmse=0.499274 q_change=57 q_delta=0.147282 q_grad=0.000390
epoch=3 loss_total=0.985903 loss_rec=0.699846 valid_auc=0.610960 valid_rmse=0.498414 q_change=57 q_delta=0.204470 q_grad=0.000353
epoch=4 loss_total=0.957083 loss_rec=0.693384 valid_auc=0.633192 valid_rmse=0.497570 q_change=57 q_delta=0.250403 q_grad=0.000316
epoch=5 loss_total=0.939085 loss_rec=0.692673 valid_auc=0.655324 valid_rmse=0.495342 q_change=57 q_delta=0.285169 q_grad=0.000296
epoch=6 loss_total=0.919806 loss_rec=0.686241 valid_auc=0.666038 valid_rmse=0.493109 q_change=57 q_delta=0.309879 q_grad=0.000299
epoch=7 loss_total=0.898294 loss_rec=0.673662 valid_auc=0.664621 valid_rmse=0.487990 q_change=57 q_delta=0.326028 q_grad=0.000352
epoch=8 loss_total=0.879242 loss_rec=0.660092 valid_auc=0.662098 valid_rmse=0.482485 q_change=57 q_delta=0.335627 q_grad=0.000506
epoch=9 loss_total=0.864735 loss_rec=0.649417 valid_auc=0.669531 valid_rmse=0.477796 q_change=57 q_delta=0.343787 q_grad=0.000683
epoch=10 loss_total=0.862490 loss_rec=0.650592 valid_auc=0.671083 valid_rmse=0.477968 q_change=57 q_delta=0.350064 q_grad=0.000784
epoch=11 loss_total=0.856654 loss_rec=0.647173 valid_auc=0.672746 valid_rmse=0.476679 q_change=57 q_delta=0.355275 q_grad=0.000914
epoch=12 loss_total=0.845225 loss_rec=0.637825 valid_auc=0.675859 valid_rmse=0.477191 q_change=57 q_delta=0.358919 q_grad=0.001005
epoch=13 loss_total=0.840214 loss_rec=0.634459 valid_auc=0.678482 valid_rmse=0.474537 q_change=57 q_delta=0.362163 q_grad=0.001061
epoch=14 loss_total=0.837878 loss_rec=0.633288 valid_auc=0.679386 valid_rmse=0.475599 q_change=57 q_delta=0.363793 q_grad=0.001198
epoch=15 loss_total=0.833432 loss_rec=0.629704 valid_auc=0.680937 valid_rmse=0.473567 q_change=57 q_delta=0.365513 q_grad=0.001303
epoch=16 loss_total=0.832887 loss_rec=0.629841 valid_auc=0.684565 valid_rmse=0.473113 q_change=56 q_delta=0.366245 q_grad=0.001454
epoch=17 loss_total=0.828830 loss_rec=0.626337 valid_auc=0.684375 valid_rmse=0.473013 q_change=56 q_delta=0.367661 q_grad=0.001440
epoch=18 loss_total=0.820890 loss_rec=0.618786 valid_auc=0.686049 valid_rmse=0.472531 q_change=56 q_delta=0.368841 q_grad=0.001517
epoch=19 loss_total=0.818359 loss_rec=0.616772 valid_auc=0.687020 valid_rmse=0.473293 q_change=55 q_delta=0.369849 q_grad=0.001649
epoch=20 loss_total=0.814687 loss_rec=0.613406 valid_auc=0.689185 valid_rmse=0.471261 q_change=55 q_delta=0.371210 q_grad=0.001759
epoch=21 loss_total=0.809297 loss_rec=0.608405 valid_auc=0.690435 valid_rmse=0.473267 q_change=55 q_delta=0.372022 q_grad=0.001711
epoch=22 loss_total=0.805714 loss_rec=0.605129 valid_auc=0.690424 valid_rmse=0.472285 q_change=54 q_delta=0.372908 q_grad=0.001874
epoch=23 loss_total=0.802288 loss_rec=0.602053 valid_auc=0.686897 valid_rmse=0.472510 q_change=54 q_delta=0.374431 q_grad=0.001855
epoch=24 loss_total=0.796730 loss_rec=0.596889 valid_auc=0.686607 valid_rmse=0.473478 q_change=53 q_delta=0.375547 q_grad=0.001888
epoch=25 loss_total=0.796905 loss_rec=0.597443 valid_auc=0.686406 valid_rmse=0.473749 q_change=52 q_delta=0.376517 q_grad=0.002021
epoch=26 loss_total=0.794023 loss_rec=0.594866 valid_auc=0.688080 valid_rmse=0.474310 q_change=52 q_delta=0.377778 q_grad=0.002007
epoch=27 loss_total=0.789845 loss_rec=0.590981 valid_auc=0.688214 valid_rmse=0.475821 q_change=52 q_delta=0.379004 q_grad=0.001977
epoch=28 loss_total=0.791696 loss_rec=0.593126 valid_auc=0.688158 valid_rmse=0.474340 q_change=52 q_delta=0.380358 q_grad=0.002065
epoch=29 loss_total=0.784367 loss_rec=0.586074 valid_auc=0.690368 valid_rmse=0.473955 q_change=52 q_delta=0.381443 q_grad=0.002090
epoch=30 loss_total=0.782960 loss_rec=0.584878 valid_auc=0.692355 valid_rmse=0.474465 q_change=52 q_delta=0.382428 q_grad=0.002071
epoch=31 loss_total=0.778563 loss_rec=0.580701 valid_auc=0.692991 valid_rmse=0.473779 q_change=52 q_delta=0.383350 q_grad=0.002102
epoch=32 loss_total=0.778552 loss_rec=0.580911 valid_auc=0.694431 valid_rmse=0.473745 q_change=52 q_delta=0.384211 q_grad=0.002168
epoch=33 loss_total=0.774501 loss_rec=0.577030 valid_auc=0.694665 valid_rmse=0.471889 q_change=52 q_delta=0.385136 q_grad=0.002169
epoch=34 loss_total=0.773716 loss_rec=0.576470 valid_auc=0.691864 valid_rmse=0.472482 q_change=52 q_delta=0.385651 q_grad=0.002186
epoch=35 loss_total=0.772723 loss_rec=0.575643 valid_auc=0.696563 valid_rmse=0.471043 q_change=51 q_delta=0.386273 q_grad=0.002174
epoch=36 loss_total=0.765038 loss_rec=0.568047 valid_auc=0.697003 valid_rmse=0.471918 q_change=51 q_delta=0.386393 q_grad=0.002263
epoch=37 loss_total=0.760004 loss_rec=0.563160 valid_auc=0.695346 valid_rmse=0.473480 q_change=51 q_delta=0.386938 q_grad=0.002282
epoch=38 loss_total=0.755340 loss_rec=0.558685 valid_auc=0.696004 valid_rmse=0.474343 q_change=50 q_delta=0.387540 q_grad=0.002407
epoch=39 loss_total=0.754726 loss_rec=0.558202 valid_auc=0.695614 valid_rmse=0.472227 q_change=49 q_delta=0.388436 q_grad=0.002372
epoch=40 loss_total=0.749962 loss_rec=0.553619 valid_auc=0.694777 valid_rmse=0.473419 q_change=48 q_delta=0.388973 q_grad=0.002447
epoch=41 loss_total=0.743502 loss_rec=0.547346 valid_auc=0.696205 valid_rmse=0.475697 q_change=48 q_delta=0.389635 q_grad=0.002476
epoch=42 loss_total=0.744503 loss_rec=0.548499 valid_auc=0.692980 valid_rmse=0.474685 q_change=48 q_delta=0.390496 q_grad=0.002604
epoch=43 loss_total=0.737987 loss_rec=0.542093 valid_auc=0.694230 valid_rmse=0.475455 q_change=48 q_delta=0.390900 q_grad=0.002588
epoch=44 loss_total=0.734526 loss_rec=0.538782 valid_auc=0.693404 valid_rmse=0.476560 q_change=48 q_delta=0.391692 q_grad=0.002674
epoch=45 loss_total=0.728909 loss_rec=0.533349 valid_auc=0.692567 valid_rmse=0.481015 q_change=48 q_delta=0.392026 q_grad=0.002725
epoch=46 loss_total=0.728658 loss_rec=0.533176 valid_auc=0.696339 valid_rmse=0.474994 q_change=48 q_delta=0.392736 q_grad=0.002716
epoch=47 loss_total=0.723048 loss_rec=0.527721 valid_auc=0.692187 valid_rmse=0.479305 q_change=48 q_delta=0.393244 q_grad=0.002726
epoch=48 loss_total=0.720336 loss_rec=0.525136 valid_auc=0.692333 valid_rmse=0.477876 q_change=48 q_delta=0.393801 q_grad=0.002839
epoch=49 loss_total=0.714045 loss_rec=0.518929 valid_auc=0.694364 valid_rmse=0.477143 q_change=48 q_delta=0.394095 q_grad=0.002826
epoch=50 loss_total=0.710063 loss_rec=0.515030 valid_auc=0.691618 valid_rmse=0.480467 q_change=48 q_delta=0.394452 q_grad=0.002851
epoch=51 loss_total=0.707913 loss_rec=0.513023 valid_auc=0.692221 valid_rmse=0.481440 q_change=47 q_delta=0.394733 q_grad=0.002925
epoch=52 loss_total=0.708410 loss_rec=0.513631 valid_auc=0.692154 valid_rmse=0.479825 q_change=47 q_delta=0.395273 q_grad=0.002957
epoch=53 loss_total=0.709262 loss_rec=0.514549 valid_auc=0.692143 valid_rmse=0.479094 q_change=47 q_delta=0.395500 q_grad=0.002986
epoch=54 loss_total=0.700824 loss_rec=0.506200 valid_auc=0.688114 valid_rmse=0.482184 q_change=47 q_delta=0.395634 q_grad=0.003020
epoch=55 loss_total=0.696015 loss_rec=0.501483 valid_auc=0.694107 valid_rmse=0.479076 q_change=47 q_delta=0.396030 q_grad=0.002967
epoch=56 loss_total=0.695165 loss_rec=0.500698 valid_auc=0.688125 valid_rmse=0.482138 q_change=47 q_delta=0.396205 q_grad=0.003065
Early stopping at epoch 56; best_epoch=36.
Saved run to C:\Users\YAN_SHU_YU\Desktop\Generative-CD\Q_GNCDM\results\weak_q_lambda_sweep\lq_0p7_ls_0p4_lb_0p7\seed_2026\noise_0.20\weak-q_lq_0p7_ls_0p4_lb_0p7
Final metrics: q_hat_f1=0.193548 response_auc=0.690951 mastery_pearson=0.425988
