run=weak-q_lq_0p9_ls_0p5_lb_0p5 mode=weak-q noise=0.20 train=4200 valid=600 test=1200
epoch=1 loss_total=1.066607 loss_rec=0.725654 valid_auc=0.587779 valid_rmse=0.499748 q_change=57 q_delta=0.077352 q_grad=0.000492
epoch=2 loss_total=1.013511 loss_rec=0.705792 valid_auc=0.594989 valid_rmse=0.499248 q_change=57 q_delta=0.141524 q_grad=0.000394
epoch=3 loss_total=0.983544 loss_rec=0.699528 valid_auc=0.609621 valid_rmse=0.498295 q_change=57 q_delta=0.192127 q_grad=0.000323
epoch=4 loss_total=0.959799 loss_rec=0.692514 valid_auc=0.631250 valid_rmse=0.497158 q_change=57 q_delta=0.231276 q_grad=0.000275
epoch=5 loss_total=0.946442 loss_rec=0.690516 valid_auc=0.652913 valid_rmse=0.494155 q_change=57 q_delta=0.259595 q_grad=0.000267
epoch=6 loss_total=0.929146 loss_rec=0.680551 valid_auc=0.664933 valid_rmse=0.489795 q_change=57 q_delta=0.277704 q_grad=0.000310
epoch=7 loss_total=0.905250 loss_rec=0.660757 valid_auc=0.666730 valid_rmse=0.482499 q_change=57 q_delta=0.287394 q_grad=0.000440
epoch=8 loss_total=0.887866 loss_rec=0.645391 valid_auc=0.669498 valid_rmse=0.478971 q_change=57 q_delta=0.293290 q_grad=0.000682
epoch=9 loss_total=0.876677 loss_rec=0.635906 valid_auc=0.679888 valid_rmse=0.474147 q_change=57 q_delta=0.298381 q_grad=0.000870
epoch=10 loss_total=0.875730 loss_rec=0.636515 valid_auc=0.680513 valid_rmse=0.474813 q_change=57 q_delta=0.301739 q_grad=0.000983
epoch=11 loss_total=0.870832 loss_rec=0.632465 valid_auc=0.683806 valid_rmse=0.472798 q_change=57 q_delta=0.304779 q_grad=0.001142
epoch=12 loss_total=0.859516 loss_rec=0.621899 valid_auc=0.684453 valid_rmse=0.474058 q_change=57 q_delta=0.306581 q_grad=0.001241
epoch=13 loss_total=0.854590 loss_rec=0.617642 valid_auc=0.684297 valid_rmse=0.472616 q_change=56 q_delta=0.309167 q_grad=0.001284
epoch=14 loss_total=0.853794 loss_rec=0.617307 valid_auc=0.683817 valid_rmse=0.474463 q_change=54 q_delta=0.310789 q_grad=0.001392
epoch=15 loss_total=0.848773 loss_rec=0.612665 valid_auc=0.684420 valid_rmse=0.473143 q_change=54 q_delta=0.313323 q_grad=0.001456
epoch=16 loss_total=0.849413 loss_rec=0.613602 valid_auc=0.684844 valid_rmse=0.473663 q_change=52 q_delta=0.315782 q_grad=0.001568
epoch=17 loss_total=0.844854 loss_rec=0.609415 valid_auc=0.683610 valid_rmse=0.473579 q_change=52 q_delta=0.318169 q_grad=0.001505
epoch=18 loss_total=0.838280 loss_rec=0.603067 valid_auc=0.685100 valid_rmse=0.473339 q_change=51 q_delta=0.320809 q_grad=0.001545
epoch=19 loss_total=0.836480 loss_rec=0.601613 valid_auc=0.685190 valid_rmse=0.474490 q_change=50 q_delta=0.323347 q_grad=0.001646
epoch=20 loss_total=0.833123 loss_rec=0.598406 valid_auc=0.686473 valid_rmse=0.472839 q_change=50 q_delta=0.326146 q_grad=0.001731
epoch=21 loss_total=0.827354 loss_rec=0.592804 valid_auc=0.688114 valid_rmse=0.474170 q_change=50 q_delta=0.328322 q_grad=0.001661
epoch=22 loss_total=0.824365 loss_rec=0.589925 valid_auc=0.687444 valid_rmse=0.473988 q_change=50 q_delta=0.330803 q_grad=0.001800
epoch=23 loss_total=0.821149 loss_rec=0.586827 valid_auc=0.685257 valid_rmse=0.474129 q_change=50 q_delta=0.333220 q_grad=0.001760
epoch=24 loss_total=0.815024 loss_rec=0.580835 valid_auc=0.685402 valid_rmse=0.474876 q_change=50 q_delta=0.335322 q_grad=0.001805
epoch=25 loss_total=0.814280 loss_rec=0.580127 valid_auc=0.687656 valid_rmse=0.474876 q_change=48 q_delta=0.337145 q_grad=0.001929
epoch=26 loss_total=0.810588 loss_rec=0.576496 valid_auc=0.688839 valid_rmse=0.475015 q_change=48 q_delta=0.338944 q_grad=0.001920
epoch=27 loss_total=0.805338 loss_rec=0.571248 valid_auc=0.688638 valid_rmse=0.477194 q_change=47 q_delta=0.340485 q_grad=0.001914
epoch=28 loss_total=0.807255 loss_rec=0.573187 valid_auc=0.688772 valid_rmse=0.475621 q_change=47 q_delta=0.342081 q_grad=0.002036
epoch=29 loss_total=0.799070 loss_rec=0.565076 valid_auc=0.691719 valid_rmse=0.475189 q_change=47 q_delta=0.343357 q_grad=0.002034
epoch=30 loss_total=0.796002 loss_rec=0.561968 valid_auc=0.692667 valid_rmse=0.476229 q_change=47 q_delta=0.344545 q_grad=0.002085
epoch=31 loss_total=0.790673 loss_rec=0.556642 valid_auc=0.691429 valid_rmse=0.476311 q_change=46 q_delta=0.345988 q_grad=0.002093
epoch=32 loss_total=0.789820 loss_rec=0.555800 valid_auc=0.694576 valid_rmse=0.475598 q_change=46 q_delta=0.347591 q_grad=0.002161
epoch=33 loss_total=0.783437 loss_rec=0.549341 valid_auc=0.691875 valid_rmse=0.474839 q_change=45 q_delta=0.348943 q_grad=0.002187
epoch=34 loss_total=0.782466 loss_rec=0.548408 valid_auc=0.691551 valid_rmse=0.474862 q_change=46 q_delta=0.349945 q_grad=0.002197
epoch=35 loss_total=0.781965 loss_rec=0.547904 valid_auc=0.695848 valid_rmse=0.473370 q_change=44 q_delta=0.351015 q_grad=0.002206
epoch=36 loss_total=0.772802 loss_rec=0.538666 valid_auc=0.694766 valid_rmse=0.473798 q_change=42 q_delta=0.351642 q_grad=0.002293
epoch=37 loss_total=0.768009 loss_rec=0.533814 valid_auc=0.691741 valid_rmse=0.477211 q_change=42 q_delta=0.352437 q_grad=0.002300
epoch=38 loss_total=0.761117 loss_rec=0.526999 valid_auc=0.692813 valid_rmse=0.477783 q_change=42 q_delta=0.353294 q_grad=0.002397
epoch=39 loss_total=0.760842 loss_rec=0.526738 valid_auc=0.693125 valid_rmse=0.476216 q_change=42 q_delta=0.354538 q_grad=0.002378
epoch=40 loss_total=0.758010 loss_rec=0.523927 valid_auc=0.692746 valid_rmse=0.477301 q_change=41 q_delta=0.355385 q_grad=0.002452
epoch=41 loss_total=0.750593 loss_rec=0.516592 valid_auc=0.692969 valid_rmse=0.480251 q_change=41 q_delta=0.356514 q_grad=0.002430
epoch=42 loss_total=0.753875 loss_rec=0.519930 valid_auc=0.690145 valid_rmse=0.478790 q_change=42 q_delta=0.357616 q_grad=0.002588
epoch=43 loss_total=0.747293 loss_rec=0.513391 valid_auc=0.692489 valid_rmse=0.479438 q_change=42 q_delta=0.358231 q_grad=0.002554
epoch=44 loss_total=0.744382 loss_rec=0.510530 valid_auc=0.692400 valid_rmse=0.478752 q_change=41 q_delta=0.359170 q_grad=0.002583
epoch=45 loss_total=0.740527 loss_rec=0.506760 valid_auc=0.689342 valid_rmse=0.484428 q_change=39 q_delta=0.359836 q_grad=0.002574
epoch=46 loss_total=0.740128 loss_rec=0.506362 valid_auc=0.695625 valid_rmse=0.478183 q_change=39 q_delta=0.360937 q_grad=0.002618
epoch=47 loss_total=0.736850 loss_rec=0.503163 valid_auc=0.691641 valid_rmse=0.482003 q_change=38 q_delta=0.361623 q_grad=0.002579
epoch=48 loss_total=0.736336 loss_rec=0.502731 valid_auc=0.691830 valid_rmse=0.480756 q_change=39 q_delta=0.362530 q_grad=0.002661
epoch=49 loss_total=0.730741 loss_rec=0.497212 valid_auc=0.692734 valid_rmse=0.479251 q_change=38 q_delta=0.362903 q_grad=0.002632
epoch=50 loss_total=0.726301 loss_rec=0.492837 valid_auc=0.691998 valid_rmse=0.483274 q_change=38 q_delta=0.363619 q_grad=0.002636
epoch=51 loss_total=0.727168 loss_rec=0.493818 valid_auc=0.691797 valid_rmse=0.483872 q_change=37 q_delta=0.364236 q_grad=0.002724
epoch=52 loss_total=0.728217 loss_rec=0.494936 valid_auc=0.691194 valid_rmse=0.482055 q_change=37 q_delta=0.364960 q_grad=0.002726
epoch=53 loss_total=0.729622 loss_rec=0.496404 valid_auc=0.691283 valid_rmse=0.481265 q_change=36 q_delta=0.365480 q_grad=0.002730
epoch=54 loss_total=0.723106 loss_rec=0.489901 valid_auc=0.689163 valid_rmse=0.482970 q_change=35 q_delta=0.366036 q_grad=0.002764
epoch=55 loss_total=0.718590 loss_rec=0.485479 valid_auc=0.696250 valid_rmse=0.479393 q_change=36 q_delta=0.366709 q_grad=0.002692
epoch=56 loss_total=0.718281 loss_rec=0.485222 valid_auc=0.692165 valid_rmse=0.482552 q_change=35 q_delta=0.367075 q_grad=0.002756
epoch=57 loss_total=0.718129 loss_rec=0.485105 valid_auc=0.689732 valid_rmse=0.485407 q_change=35 q_delta=0.367552 q_grad=0.002855
epoch=58 loss_total=0.711052 loss_rec=0.478084 valid_auc=0.690536 valid_rmse=0.485900 q_change=35 q_delta=0.368136 q_grad=0.002775
epoch=59 loss_total=0.709238 loss_rec=0.476381 valid_auc=0.695547 valid_rmse=0.481713 q_change=34 q_delta=0.368693 q_grad=0.002756
epoch=60 loss_total=0.711623 loss_rec=0.478822 valid_auc=0.693940 valid_rmse=0.483510 q_change=34 q_delta=0.369310 q_grad=0.002794
epoch=61 loss_total=0.709961 loss_rec=0.477181 valid_auc=0.691842 valid_rmse=0.483364 q_change=34 q_delta=0.370015 q_grad=0.002859
epoch=62 loss_total=0.704734 loss_rec=0.472054 valid_auc=0.695837 valid_rmse=0.482892 q_change=34 q_delta=0.370658 q_grad=0.002780
epoch=63 loss_total=0.705429 loss_rec=0.472789 valid_auc=0.693616 valid_rmse=0.483660 q_change=34 q_delta=0.371277 q_grad=0.002878
epoch=64 loss_total=0.704802 loss_rec=0.472215 valid_auc=0.695123 valid_rmse=0.486824 q_change=34 q_delta=0.371861 q_grad=0.002844
epoch=65 loss_total=0.701928 loss_rec=0.469388 valid_auc=0.692467 valid_rmse=0.484477 q_change=34 q_delta=0.372565 q_grad=0.002746
epoch=66 loss_total=0.701970 loss_rec=0.469483 valid_auc=0.691138 valid_rmse=0.485535 q_change=34 q_delta=0.373161 q_grad=0.002906
epoch=67 loss_total=0.702163 loss_rec=0.469727 valid_auc=0.691674 valid_rmse=0.485848 q_change=34 q_delta=0.373714 q_grad=0.002895
epoch=68 loss_total=0.693784 loss_rec=0.461400 valid_auc=0.693705 valid_rmse=0.487531 q_change=34 q_delta=0.374156 q_grad=0.002880
epoch=69 loss_total=0.692974 loss_rec=0.460620 valid_auc=0.692288 valid_rmse=0.491805 q_change=35 q_delta=0.374827 q_grad=0.002909
epoch=70 loss_total=0.689565 loss_rec=0.457256 valid_auc=0.693292 valid_rmse=0.485346 q_change=35 q_delta=0.375467 q_grad=0.002949
epoch=71 loss_total=0.690005 loss_rec=0.457794 valid_auc=0.695223 valid_rmse=0.485108 q_change=35 q_delta=0.376048 q_grad=0.002876
epoch=72 loss_total=0.690976 loss_rec=0.458760 valid_auc=0.692846 valid_rmse=0.486220 q_change=36 q_delta=0.376518 q_grad=0.002945
epoch=73 loss_total=0.684074 loss_rec=0.451901 valid_auc=0.690848 valid_rmse=0.488717 q_change=36 q_delta=0.376878 q_grad=0.002972
epoch=74 loss_total=0.690108 loss_rec=0.458016 valid_auc=0.692723 valid_rmse=0.487180 q_change=36 q_delta=0.377589 q_grad=0.002923
epoch=75 loss_total=0.688589 loss_rec=0.456537 valid_auc=0.690290 valid_rmse=0.492098 q_change=36 q_delta=0.377911 q_grad=0.002967
Early stopping at epoch 75; best_epoch=55.
Saved run to C:\Users\YAN_SHU_YU\Desktop\Generative-CD\Q_GNCDM\results\weak_q_lambda_sweep\lq_0p9_ls_0p5_lb_0p5\seed_2026\noise_0.20\weak-q_lq_0p9_ls_0p5_lb_0p5
Final metrics: q_hat_f1=0.519481 response_auc=0.686002 mastery_pearson=0.543786
