run=weak-q_lq_0p2_ls_0p3_lb_0p2 mode=weak-q noise=0.20 train=4200 valid=600 test=1200
epoch=1 loss_total=0.905223 loss_rec=0.725650 valid_auc=0.588231 valid_rmse=0.499740 q_change=57 q_delta=0.077541 q_grad=0.000306
epoch=2 loss_total=0.862804 loss_rec=0.705775 valid_auc=0.597835 valid_rmse=0.499204 q_change=57 q_delta=0.144343 q_grad=0.000277
epoch=3 loss_total=0.837722 loss_rec=0.699465 valid_auc=0.616490 valid_rmse=0.498172 q_change=57 q_delta=0.198945 q_grad=0.000258
epoch=4 loss_total=0.815445 loss_rec=0.692390 valid_auc=0.642377 valid_rmse=0.496934 q_change=57 q_delta=0.242190 q_grad=0.000245
epoch=5 loss_total=0.801956 loss_rec=0.690279 valid_auc=0.663013 valid_rmse=0.493754 q_change=57 q_delta=0.273248 q_grad=0.000259
epoch=6 loss_total=0.783921 loss_rec=0.680059 valid_auc=0.669777 valid_rmse=0.489062 q_change=57 q_delta=0.292701 q_grad=0.000317
epoch=7 loss_total=0.759622 loss_rec=0.660467 valid_auc=0.667388 valid_rmse=0.481922 q_change=57 q_delta=0.303686 q_grad=0.000452
epoch=8 loss_total=0.743958 loss_rec=0.647522 valid_auc=0.669342 valid_rmse=0.479027 q_change=57 q_delta=0.311491 q_grad=0.000682
epoch=9 loss_total=0.734100 loss_rec=0.639916 valid_auc=0.676261 valid_rmse=0.475389 q_change=57 q_delta=0.318291 q_grad=0.000854
epoch=10 loss_total=0.734478 loss_rec=0.642265 valid_auc=0.676797 valid_rmse=0.475974 q_change=57 q_delta=0.322995 q_grad=0.000942
epoch=11 loss_total=0.730024 loss_rec=0.639039 valid_auc=0.677980 valid_rmse=0.474670 q_change=57 q_delta=0.326988 q_grad=0.001088
epoch=12 loss_total=0.719828 loss_rec=0.629896 valid_auc=0.680268 valid_rmse=0.475196 q_change=57 q_delta=0.329442 q_grad=0.001183
epoch=13 loss_total=0.715164 loss_rec=0.626057 valid_auc=0.681696 valid_rmse=0.473421 q_change=57 q_delta=0.332022 q_grad=0.001232
epoch=14 loss_total=0.714223 loss_rec=0.625689 valid_auc=0.681406 valid_rmse=0.474900 q_change=56 q_delta=0.333129 q_grad=0.001359
epoch=15 loss_total=0.710130 loss_rec=0.622065 valid_auc=0.681429 valid_rmse=0.473472 q_change=56 q_delta=0.335628 q_grad=0.001442
epoch=16 loss_total=0.710594 loss_rec=0.622955 valid_auc=0.683929 valid_rmse=0.473550 q_change=56 q_delta=0.337129 q_grad=0.001570
epoch=17 loss_total=0.706726 loss_rec=0.619497 valid_auc=0.683047 valid_rmse=0.473570 q_change=56 q_delta=0.338575 q_grad=0.001517
epoch=18 loss_total=0.699982 loss_rec=0.613100 valid_auc=0.683839 valid_rmse=0.473609 q_change=55 q_delta=0.340020 q_grad=0.001562
epoch=19 loss_total=0.698686 loss_rec=0.612290 valid_auc=0.684107 valid_rmse=0.474304 q_change=55 q_delta=0.341584 q_grad=0.001676
epoch=20 loss_total=0.695642 loss_rec=0.609548 valid_auc=0.686540 valid_rmse=0.472698 q_change=54 q_delta=0.343257 q_grad=0.001748
epoch=21 loss_total=0.691262 loss_rec=0.605552 valid_auc=0.687333 valid_rmse=0.474060 q_change=53 q_delta=0.344727 q_grad=0.001672
epoch=22 loss_total=0.688369 loss_rec=0.602981 valid_auc=0.686663 valid_rmse=0.473745 q_change=53 q_delta=0.346620 q_grad=0.001809
epoch=23 loss_total=0.685789 loss_rec=0.600770 valid_auc=0.684844 valid_rmse=0.473702 q_change=52 q_delta=0.348749 q_grad=0.001768
epoch=24 loss_total=0.680750 loss_rec=0.596081 valid_auc=0.683661 valid_rmse=0.474693 q_change=52 q_delta=0.350646 q_grad=0.001793
epoch=25 loss_total=0.681031 loss_rec=0.596716 valid_auc=0.684397 valid_rmse=0.474786 q_change=51 q_delta=0.352644 q_grad=0.001902
epoch=26 loss_total=0.678399 loss_rec=0.594399 valid_auc=0.685938 valid_rmse=0.475005 q_change=51 q_delta=0.354328 q_grad=0.001887
epoch=27 loss_total=0.674868 loss_rec=0.591156 valid_auc=0.686496 valid_rmse=0.476065 q_change=51 q_delta=0.356001 q_grad=0.001866
epoch=28 loss_total=0.676968 loss_rec=0.593534 valid_auc=0.686350 valid_rmse=0.475096 q_change=51 q_delta=0.357775 q_grad=0.001953
epoch=29 loss_total=0.670047 loss_rec=0.586904 valid_auc=0.688627 valid_rmse=0.474466 q_change=51 q_delta=0.359318 q_grad=0.001965
epoch=30 loss_total=0.668695 loss_rec=0.585772 valid_auc=0.690759 valid_rmse=0.475247 q_change=52 q_delta=0.360604 q_grad=0.001957
epoch=31 loss_total=0.663992 loss_rec=0.581305 valid_auc=0.690112 valid_rmse=0.474645 q_change=51 q_delta=0.361984 q_grad=0.001985
epoch=32 loss_total=0.664262 loss_rec=0.581806 valid_auc=0.691987 valid_rmse=0.474373 q_change=50 q_delta=0.363302 q_grad=0.002050
epoch=33 loss_total=0.660675 loss_rec=0.578401 valid_auc=0.691384 valid_rmse=0.472951 q_change=50 q_delta=0.364625 q_grad=0.002053
epoch=34 loss_total=0.660004 loss_rec=0.577983 valid_auc=0.688984 valid_rmse=0.473318 q_change=50 q_delta=0.365847 q_grad=0.002048
epoch=35 loss_total=0.659023 loss_rec=0.577174 valid_auc=0.692924 valid_rmse=0.472162 q_change=51 q_delta=0.367175 q_grad=0.002043
epoch=36 loss_total=0.651463 loss_rec=0.569750 valid_auc=0.694397 valid_rmse=0.473085 q_change=50 q_delta=0.368073 q_grad=0.002125
epoch=37 loss_total=0.646730 loss_rec=0.565195 valid_auc=0.692667 valid_rmse=0.474428 q_change=50 q_delta=0.369041 q_grad=0.002143
epoch=38 loss_total=0.642336 loss_rec=0.560975 valid_auc=0.692299 valid_rmse=0.475543 q_change=48 q_delta=0.369892 q_grad=0.002254
epoch=39 loss_total=0.641209 loss_rec=0.560020 valid_auc=0.692187 valid_rmse=0.473643 q_change=48 q_delta=0.371166 q_grad=0.002213
epoch=40 loss_total=0.637203 loss_rec=0.556202 valid_auc=0.691451 valid_rmse=0.474642 q_change=48 q_delta=0.371962 q_grad=0.002287
epoch=41 loss_total=0.630460 loss_rec=0.549642 valid_auc=0.692790 valid_rmse=0.476287 q_change=48 q_delta=0.372839 q_grad=0.002302
epoch=42 loss_total=0.631510 loss_rec=0.550856 valid_auc=0.689029 valid_rmse=0.476055 q_change=48 q_delta=0.373771 q_grad=0.002438
epoch=43 loss_total=0.624968 loss_rec=0.544457 valid_auc=0.690312 valid_rmse=0.477059 q_change=48 q_delta=0.374557 q_grad=0.002406
epoch=44 loss_total=0.621381 loss_rec=0.541026 valid_auc=0.688437 valid_rmse=0.478056 q_change=48 q_delta=0.375383 q_grad=0.002478
epoch=45 loss_total=0.615609 loss_rec=0.535416 valid_auc=0.688170 valid_rmse=0.482347 q_change=47 q_delta=0.375770 q_grad=0.002527
epoch=46 loss_total=0.615029 loss_rec=0.534930 valid_auc=0.691172 valid_rmse=0.476962 q_change=47 q_delta=0.376678 q_grad=0.002514
epoch=47 loss_total=0.610282 loss_rec=0.530342 valid_auc=0.687277 valid_rmse=0.480754 q_change=47 q_delta=0.377284 q_grad=0.002521
epoch=48 loss_total=0.606807 loss_rec=0.526988 valid_auc=0.687935 valid_rmse=0.479473 q_change=47 q_delta=0.377951 q_grad=0.002616
epoch=49 loss_total=0.600639 loss_rec=0.520922 valid_auc=0.689542 valid_rmse=0.478702 q_change=44 q_delta=0.378365 q_grad=0.002615
epoch=50 loss_total=0.595278 loss_rec=0.515658 valid_auc=0.686775 valid_rmse=0.482260 q_change=43 q_delta=0.378829 q_grad=0.002627
epoch=51 loss_total=0.593458 loss_rec=0.513991 valid_auc=0.687489 valid_rmse=0.482909 q_change=43 q_delta=0.379314 q_grad=0.002694
epoch=52 loss_total=0.593767 loss_rec=0.514401 valid_auc=0.688382 valid_rmse=0.481010 q_change=43 q_delta=0.379953 q_grad=0.002738
epoch=53 loss_total=0.593496 loss_rec=0.514216 valid_auc=0.687321 valid_rmse=0.480948 q_change=43 q_delta=0.380432 q_grad=0.002766
epoch=54 loss_total=0.585978 loss_rec=0.506788 valid_auc=0.683270 valid_rmse=0.483654 q_change=43 q_delta=0.380979 q_grad=0.002784
epoch=55 loss_total=0.580699 loss_rec=0.501606 valid_auc=0.689475 valid_rmse=0.480441 q_change=42 q_delta=0.381684 q_grad=0.002723
epoch=56 loss_total=0.580153 loss_rec=0.501148 valid_auc=0.685324 valid_rmse=0.482827 q_change=42 q_delta=0.382258 q_grad=0.002791
Early stopping at epoch 56; best_epoch=36.
Saved run to C:\Users\YAN_SHU_YU\Desktop\Generative-CD\Q_GNCDM\results\weak_q_lambda_sweep\lq_0p2_ls_0p3_lb_0p2\seed_2026\noise_0.20\weak-q_lq_0p2_ls_0p3_lb_0p2
Final metrics: q_hat_f1=0.246154 response_auc=0.691656 mastery_pearson=0.418178
