run=weak-q_lq_0p7_ls_0p3_lb_0p5 mode=weak-q noise=0.20 train=4200 valid=600 test=1200
epoch=1 loss_total=0.979352 loss_rec=0.725644 valid_auc=0.588449 valid_rmse=0.499736 q_change=57 q_delta=0.076346 q_grad=0.000306
epoch=2 loss_total=0.938647 loss_rec=0.705664 valid_auc=0.598437 valid_rmse=0.499151 q_change=57 q_delta=0.138535 q_grad=0.000253
epoch=3 loss_total=0.917128 loss_rec=0.699050 valid_auc=0.617545 valid_rmse=0.497959 q_change=57 q_delta=0.186577 q_grad=0.000226
epoch=4 loss_total=0.898620 loss_rec=0.691190 valid_auc=0.643683 valid_rmse=0.496251 q_change=57 q_delta=0.222783 q_grad=0.000219
epoch=5 loss_total=0.887479 loss_rec=0.687021 valid_auc=0.662690 valid_rmse=0.491804 q_change=57 q_delta=0.246224 q_grad=0.000256
epoch=6 loss_total=0.868062 loss_rec=0.671497 valid_auc=0.670112 valid_rmse=0.484527 q_change=56 q_delta=0.257569 q_grad=0.000369
epoch=7 loss_total=0.841624 loss_rec=0.646789 valid_auc=0.672188 valid_rmse=0.478289 q_change=55 q_delta=0.262719 q_grad=0.000571
epoch=8 loss_total=0.829272 loss_rec=0.635464 valid_auc=0.677020 valid_rmse=0.476284 q_change=55 q_delta=0.266579 q_grad=0.000826
epoch=9 loss_total=0.819479 loss_rec=0.626633 valid_auc=0.685279 valid_rmse=0.472354 q_change=55 q_delta=0.269456 q_grad=0.000990
epoch=10 loss_total=0.819810 loss_rec=0.627882 valid_auc=0.684688 valid_rmse=0.473746 q_change=53 q_delta=0.271714 q_grad=0.001079
epoch=11 loss_total=0.815420 loss_rec=0.623947 valid_auc=0.685346 valid_rmse=0.472262 q_change=50 q_delta=0.274902 q_grad=0.001218
epoch=12 loss_total=0.804628 loss_rec=0.613675 valid_auc=0.684955 valid_rmse=0.473889 q_change=49 q_delta=0.278067 q_grad=0.001292
epoch=13 loss_total=0.799382 loss_rec=0.608996 valid_auc=0.684676 valid_rmse=0.472923 q_change=48 q_delta=0.282749 q_grad=0.001306
epoch=14 loss_total=0.798498 loss_rec=0.608579 valid_auc=0.684420 valid_rmse=0.474755 q_change=46 q_delta=0.286047 q_grad=0.001394
epoch=15 loss_total=0.792822 loss_rec=0.603307 valid_auc=0.685580 valid_rmse=0.473556 q_change=45 q_delta=0.289849 q_grad=0.001435
epoch=16 loss_total=0.793085 loss_rec=0.603928 valid_auc=0.686674 valid_rmse=0.473948 q_change=44 q_delta=0.293213 q_grad=0.001549
epoch=17 loss_total=0.787472 loss_rec=0.598715 valid_auc=0.685223 valid_rmse=0.473916 q_change=44 q_delta=0.296214 q_grad=0.001481
epoch=18 loss_total=0.780050 loss_rec=0.591586 valid_auc=0.686574 valid_rmse=0.473816 q_change=44 q_delta=0.299338 q_grad=0.001521
epoch=19 loss_total=0.777749 loss_rec=0.589674 valid_auc=0.687377 valid_rmse=0.474742 q_change=43 q_delta=0.302603 q_grad=0.001611
epoch=20 loss_total=0.773324 loss_rec=0.585494 valid_auc=0.689230 valid_rmse=0.473476 q_change=40 q_delta=0.306095 q_grad=0.001700
epoch=21 loss_total=0.766444 loss_rec=0.578869 valid_auc=0.691373 valid_rmse=0.474375 q_change=39 q_delta=0.308774 q_grad=0.001633
epoch=22 loss_total=0.762702 loss_rec=0.575368 valid_auc=0.690692 valid_rmse=0.474471 q_change=39 q_delta=0.311905 q_grad=0.001766
epoch=23 loss_total=0.758072 loss_rec=0.570964 valid_auc=0.688694 valid_rmse=0.475111 q_change=36 q_delta=0.314828 q_grad=0.001712
epoch=24 loss_total=0.750436 loss_rec=0.563541 valid_auc=0.689252 valid_rmse=0.475794 q_change=33 q_delta=0.317987 q_grad=0.001768
epoch=25 loss_total=0.747813 loss_rec=0.561087 valid_auc=0.691172 valid_rmse=0.476039 q_change=32 q_delta=0.321001 q_grad=0.001887
epoch=26 loss_total=0.743601 loss_rec=0.557050 valid_auc=0.691395 valid_rmse=0.476050 q_change=32 q_delta=0.323712 q_grad=0.001870
epoch=27 loss_total=0.736314 loss_rec=0.549898 valid_auc=0.689743 valid_rmse=0.479296 q_change=32 q_delta=0.326290 q_grad=0.001874
epoch=28 loss_total=0.736942 loss_rec=0.550643 valid_auc=0.690848 valid_rmse=0.477776 q_change=32 q_delta=0.329119 q_grad=0.002018
epoch=29 loss_total=0.728168 loss_rec=0.542041 valid_auc=0.692444 valid_rmse=0.477740 q_change=31 q_delta=0.331476 q_grad=0.001990
epoch=30 loss_total=0.723952 loss_rec=0.537901 valid_auc=0.693722 valid_rmse=0.478851 q_change=31 q_delta=0.333967 q_grad=0.002070
epoch=31 loss_total=0.717430 loss_rec=0.531521 valid_auc=0.693248 valid_rmse=0.479270 q_change=31 q_delta=0.336039 q_grad=0.002049
epoch=32 loss_total=0.716003 loss_rec=0.530216 valid_auc=0.697210 valid_rmse=0.478946 q_change=30 q_delta=0.338446 q_grad=0.002116
epoch=33 loss_total=0.708708 loss_rec=0.522987 valid_auc=0.693828 valid_rmse=0.478513 q_change=29 q_delta=0.340685 q_grad=0.002114
epoch=34 loss_total=0.708656 loss_rec=0.523092 valid_auc=0.694141 valid_rmse=0.478178 q_change=29 q_delta=0.342326 q_grad=0.002125
epoch=35 loss_total=0.709006 loss_rec=0.523552 valid_auc=0.697645 valid_rmse=0.476643 q_change=28 q_delta=0.344090 q_grad=0.002108
epoch=36 loss_total=0.700474 loss_rec=0.515072 valid_auc=0.695112 valid_rmse=0.477699 q_change=28 q_delta=0.345440 q_grad=0.002170
epoch=37 loss_total=0.696062 loss_rec=0.510743 valid_auc=0.693404 valid_rmse=0.480818 q_change=27 q_delta=0.347086 q_grad=0.002159
epoch=38 loss_total=0.688470 loss_rec=0.503297 valid_auc=0.694174 valid_rmse=0.480989 q_change=27 q_delta=0.348471 q_grad=0.002212
epoch=39 loss_total=0.689347 loss_rec=0.504282 valid_auc=0.694475 valid_rmse=0.480000 q_change=26 q_delta=0.349696 q_grad=0.002178
epoch=40 loss_total=0.686697 loss_rec=0.501732 valid_auc=0.694107 valid_rmse=0.480933 q_change=25 q_delta=0.350933 q_grad=0.002224
epoch=41 loss_total=0.679789 loss_rec=0.494960 valid_auc=0.693739 valid_rmse=0.484107 q_change=24 q_delta=0.352291 q_grad=0.002188
epoch=42 loss_total=0.684139 loss_rec=0.499427 valid_auc=0.692734 valid_rmse=0.482261 q_change=24 q_delta=0.353486 q_grad=0.002323
epoch=43 loss_total=0.677686 loss_rec=0.493094 valid_auc=0.694732 valid_rmse=0.482679 q_change=25 q_delta=0.354971 q_grad=0.002269
epoch=44 loss_total=0.673752 loss_rec=0.489254 valid_auc=0.694074 valid_rmse=0.481838 q_change=25 q_delta=0.356205 q_grad=0.002276
epoch=45 loss_total=0.671302 loss_rec=0.486925 valid_auc=0.692455 valid_rmse=0.486634 q_change=26 q_delta=0.357442 q_grad=0.002261
epoch=46 loss_total=0.670402 loss_rec=0.486084 valid_auc=0.696473 valid_rmse=0.481526 q_change=26 q_delta=0.358746 q_grad=0.002304
epoch=47 loss_total=0.667014 loss_rec=0.482820 valid_auc=0.694208 valid_rmse=0.484611 q_change=26 q_delta=0.359874 q_grad=0.002230
epoch=48 loss_total=0.667399 loss_rec=0.483326 valid_auc=0.694107 valid_rmse=0.482820 q_change=26 q_delta=0.361213 q_grad=0.002319
epoch=49 loss_total=0.661052 loss_rec=0.477074 valid_auc=0.694989 valid_rmse=0.482010 q_change=27 q_delta=0.362262 q_grad=0.002257
epoch=50 loss_total=0.656415 loss_rec=0.472518 valid_auc=0.694855 valid_rmse=0.486269 q_change=26 q_delta=0.363499 q_grad=0.002265
epoch=51 loss_total=0.657252 loss_rec=0.473488 valid_auc=0.694509 valid_rmse=0.486223 q_change=26 q_delta=0.364584 q_grad=0.002334
epoch=52 loss_total=0.657537 loss_rec=0.473863 valid_auc=0.693460 valid_rmse=0.484609 q_change=26 q_delta=0.365626 q_grad=0.002300
epoch=53 loss_total=0.659315 loss_rec=0.475739 valid_auc=0.693661 valid_rmse=0.483919 q_change=26 q_delta=0.366529 q_grad=0.002305
epoch=54 loss_total=0.653474 loss_rec=0.469960 valid_auc=0.692042 valid_rmse=0.485411 q_change=25 q_delta=0.367498 q_grad=0.002351
epoch=55 loss_total=0.648531 loss_rec=0.465126 valid_auc=0.697958 valid_rmse=0.481783 q_change=25 q_delta=0.368358 q_grad=0.002271
epoch=56 loss_total=0.647196 loss_rec=0.463875 valid_auc=0.694967 valid_rmse=0.484886 q_change=25 q_delta=0.369273 q_grad=0.002298
epoch=57 loss_total=0.647923 loss_rec=0.464669 valid_auc=0.692712 valid_rmse=0.486780 q_change=25 q_delta=0.370149 q_grad=0.002402
epoch=58 loss_total=0.641258 loss_rec=0.458080 valid_auc=0.693281 valid_rmse=0.487235 q_change=25 q_delta=0.370873 q_grad=0.002317
epoch=59 loss_total=0.638723 loss_rec=0.455667 valid_auc=0.696964 valid_rmse=0.484009 q_change=25 q_delta=0.371877 q_grad=0.002277
epoch=60 loss_total=0.641926 loss_rec=0.458951 valid_auc=0.695502 valid_rmse=0.485601 q_change=26 q_delta=0.372758 q_grad=0.002314
epoch=61 loss_total=0.640394 loss_rec=0.457493 valid_auc=0.693359 valid_rmse=0.484867 q_change=26 q_delta=0.373569 q_grad=0.002342
epoch=62 loss_total=0.635148 loss_rec=0.452337 valid_auc=0.698426 valid_rmse=0.484400 q_change=26 q_delta=0.374354 q_grad=0.002251
epoch=63 loss_total=0.635907 loss_rec=0.453176 valid_auc=0.695156 valid_rmse=0.485712 q_change=26 q_delta=0.375075 q_grad=0.002336
epoch=64 loss_total=0.635843 loss_rec=0.453178 valid_auc=0.696641 valid_rmse=0.488142 q_change=26 q_delta=0.375755 q_grad=0.002318
epoch=65 loss_total=0.632830 loss_rec=0.450243 valid_auc=0.694062 valid_rmse=0.486435 q_change=26 q_delta=0.376617 q_grad=0.002233
epoch=66 loss_total=0.632306 loss_rec=0.449796 valid_auc=0.693917 valid_rmse=0.487139 q_change=26 q_delta=0.377195 q_grad=0.002337
epoch=67 loss_total=0.633644 loss_rec=0.451215 valid_auc=0.694933 valid_rmse=0.486484 q_change=27 q_delta=0.377920 q_grad=0.002342
epoch=68 loss_total=0.625973 loss_rec=0.443622 valid_auc=0.695681 valid_rmse=0.488041 q_change=26 q_delta=0.378567 q_grad=0.002309
epoch=69 loss_total=0.625929 loss_rec=0.443644 valid_auc=0.694565 valid_rmse=0.492484 q_change=26 q_delta=0.379101 q_grad=0.002312
epoch=70 loss_total=0.621258 loss_rec=0.439031 valid_auc=0.695011 valid_rmse=0.485944 q_change=26 q_delta=0.379776 q_grad=0.002324
epoch=71 loss_total=0.621859 loss_rec=0.439741 valid_auc=0.697254 valid_rmse=0.486044 q_change=26 q_delta=0.380448 q_grad=0.002291
epoch=72 loss_total=0.623824 loss_rec=0.441748 valid_auc=0.695100 valid_rmse=0.487239 q_change=26 q_delta=0.381002 q_grad=0.002365
epoch=73 loss_total=0.617267 loss_rec=0.435257 valid_auc=0.693248 valid_rmse=0.489315 q_change=26 q_delta=0.381583 q_grad=0.002378
epoch=74 loss_total=0.623226 loss_rec=0.441302 valid_auc=0.694554 valid_rmse=0.488104 q_change=26 q_delta=0.382129 q_grad=0.002317
epoch=75 loss_total=0.621618 loss_rec=0.439766 valid_auc=0.692500 valid_rmse=0.493059 q_change=26 q_delta=0.382689 q_grad=0.002340
epoch=76 loss_total=0.619337 loss_rec=0.437536 valid_auc=0.695737 valid_rmse=0.485539 q_change=26 q_delta=0.383312 q_grad=0.002300
epoch=77 loss_total=0.612212 loss_rec=0.430489 valid_auc=0.696083 valid_rmse=0.487018 q_change=26 q_delta=0.383787 q_grad=0.002274
epoch=78 loss_total=0.612883 loss_rec=0.431220 valid_auc=0.694944 valid_rmse=0.490689 q_change=26 q_delta=0.384167 q_grad=0.002394
epoch=79 loss_total=0.609087 loss_rec=0.427488 valid_auc=0.692243 valid_rmse=0.488865 q_change=26 q_delta=0.384771 q_grad=0.002402
epoch=80 loss_total=0.611357 loss_rec=0.429826 valid_auc=0.696004 valid_rmse=0.489016 q_change=26 q_delta=0.385329 q_grad=0.002341
epoch=81 loss_total=0.610003 loss_rec=0.428536 valid_auc=0.693984 valid_rmse=0.490977 q_change=26 q_delta=0.385662 q_grad=0.002423
epoch=82 loss_total=0.605782 loss_rec=0.424380 valid_auc=0.692545 valid_rmse=0.490456 q_change=26 q_delta=0.386148 q_grad=0.002429
Early stopping at epoch 82; best_epoch=62.
Saved run to C:\Users\YAN_SHU_YU\Desktop\Generative-CD\Q_GNCDM\results\weak_q_lambda_sweep\lq_0p7_ls_0p3_lb_0p5\seed_2026\noise_0.20\weak-q_lq_0p7_ls_0p3_lb_0p5
Final metrics: q_hat_f1=0.666667 response_auc=0.687108 mastery_pearson=0.563153
