run=weak-q_lq_0p4_ls_0p3_lb_0p1 mode=weak-q noise=0.20 train=4200 valid=600 test=1200
epoch=1 loss_total=0.881419 loss_rec=0.725639 valid_auc=0.588571 valid_rmse=0.499732 q_change=57 q_delta=0.075491 q_grad=0.000278
epoch=2 loss_total=0.843549 loss_rec=0.705573 valid_auc=0.598990 valid_rmse=0.499107 q_change=57 q_delta=0.134536 q_grad=0.000219
epoch=3 loss_total=0.825162 loss_rec=0.698705 valid_auc=0.618895 valid_rmse=0.497777 q_change=57 q_delta=0.178117 q_grad=0.000196
epoch=4 loss_total=0.809207 loss_rec=0.690176 valid_auc=0.645748 valid_rmse=0.495653 q_change=57 q_delta=0.209406 q_grad=0.000201
epoch=5 loss_total=0.799065 loss_rec=0.684198 valid_auc=0.664397 valid_rmse=0.490105 q_change=57 q_delta=0.227211 q_grad=0.000262
epoch=6 loss_total=0.778074 loss_rec=0.664809 valid_auc=0.671138 valid_rmse=0.481661 q_change=57 q_delta=0.233464 q_grad=0.000419
epoch=7 loss_total=0.752545 loss_rec=0.639657 valid_auc=0.675781 valid_rmse=0.476901 q_change=57 q_delta=0.236712 q_grad=0.000649
epoch=8 loss_total=0.743344 loss_rec=0.630812 valid_auc=0.678103 valid_rmse=0.475868 q_change=58 q_delta=0.239619 q_grad=0.000893
epoch=9 loss_total=0.735472 loss_rec=0.623425 valid_auc=0.683761 valid_rmse=0.472800 q_change=58 q_delta=0.242245 q_grad=0.001034
epoch=10 loss_total=0.738026 loss_rec=0.626538 valid_auc=0.681250 valid_rmse=0.474730 q_change=57 q_delta=0.244775 q_grad=0.001086
epoch=11 loss_total=0.735510 loss_rec=0.624237 valid_auc=0.680882 valid_rmse=0.473581 q_change=56 q_delta=0.248028 q_grad=0.001195
epoch=12 loss_total=0.726832 loss_rec=0.615869 valid_auc=0.681350 valid_rmse=0.475262 q_change=55 q_delta=0.250913 q_grad=0.001239
epoch=13 loss_total=0.723200 loss_rec=0.612588 valid_auc=0.680592 valid_rmse=0.474101 q_change=53 q_delta=0.255043 q_grad=0.001226
epoch=14 loss_total=0.723889 loss_rec=0.613515 valid_auc=0.680469 valid_rmse=0.476142 q_change=52 q_delta=0.257733 q_grad=0.001300
epoch=15 loss_total=0.720206 loss_rec=0.609997 valid_auc=0.681395 valid_rmse=0.474691 q_change=51 q_delta=0.261681 q_grad=0.001322
epoch=16 loss_total=0.721972 loss_rec=0.611883 valid_auc=0.681987 valid_rmse=0.475001 q_change=51 q_delta=0.265078 q_grad=0.001416
epoch=17 loss_total=0.717655 loss_rec=0.607767 valid_auc=0.680982 valid_rmse=0.474855 q_change=53 q_delta=0.268201 q_grad=0.001344
epoch=18 loss_total=0.712586 loss_rec=0.602792 valid_auc=0.681406 valid_rmse=0.475088 q_change=50 q_delta=0.271422 q_grad=0.001372
epoch=19 loss_total=0.711691 loss_rec=0.602082 valid_auc=0.681942 valid_rmse=0.475665 q_change=49 q_delta=0.274599 q_grad=0.001455
epoch=20 loss_total=0.709173 loss_rec=0.599607 valid_auc=0.683973 valid_rmse=0.474333 q_change=49 q_delta=0.277857 q_grad=0.001524
epoch=21 loss_total=0.704301 loss_rec=0.594776 valid_auc=0.685368 valid_rmse=0.475082 q_change=48 q_delta=0.280583 q_grad=0.001454
epoch=22 loss_total=0.701751 loss_rec=0.592242 valid_auc=0.683873 valid_rmse=0.475529 q_change=48 q_delta=0.283769 q_grad=0.001572
epoch=23 loss_total=0.699194 loss_rec=0.589695 valid_auc=0.682801 valid_rmse=0.475461 q_change=48 q_delta=0.286922 q_grad=0.001534
epoch=24 loss_total=0.693976 loss_rec=0.584472 valid_auc=0.682199 valid_rmse=0.476155 q_change=45 q_delta=0.289947 q_grad=0.001576
epoch=25 loss_total=0.693187 loss_rec=0.583624 valid_auc=0.683493 valid_rmse=0.476271 q_change=42 q_delta=0.292888 q_grad=0.001673
epoch=26 loss_total=0.690109 loss_rec=0.580525 valid_auc=0.685179 valid_rmse=0.476343 q_change=41 q_delta=0.295633 q_grad=0.001660
epoch=27 loss_total=0.685634 loss_rec=0.575956 valid_auc=0.683962 valid_rmse=0.478149 q_change=40 q_delta=0.298140 q_grad=0.001665
epoch=28 loss_total=0.687566 loss_rec=0.577782 valid_auc=0.684074 valid_rmse=0.477141 q_change=40 q_delta=0.301461 q_grad=0.001774
epoch=29 loss_total=0.679557 loss_rec=0.569737 valid_auc=0.686964 valid_rmse=0.476469 q_change=40 q_delta=0.304011 q_grad=0.001766
epoch=30 loss_total=0.676933 loss_rec=0.566969 valid_auc=0.688292 valid_rmse=0.477707 q_change=39 q_delta=0.306842 q_grad=0.001819
epoch=31 loss_total=0.671254 loss_rec=0.561204 valid_auc=0.686562 valid_rmse=0.478108 q_change=39 q_delta=0.309554 q_grad=0.001828
epoch=32 loss_total=0.670166 loss_rec=0.560007 valid_auc=0.689598 valid_rmse=0.477010 q_change=39 q_delta=0.312575 q_grad=0.001883
epoch=33 loss_total=0.664313 loss_rec=0.553997 valid_auc=0.687746 valid_rmse=0.476371 q_change=39 q_delta=0.315684 q_grad=0.001920
epoch=34 loss_total=0.663575 loss_rec=0.553210 valid_auc=0.687243 valid_rmse=0.476521 q_change=39 q_delta=0.317950 q_grad=0.001915
epoch=35 loss_total=0.662376 loss_rec=0.551905 valid_auc=0.690915 valid_rmse=0.475387 q_change=36 q_delta=0.320389 q_grad=0.001941
epoch=36 loss_total=0.654309 loss_rec=0.543686 valid_auc=0.689888 valid_rmse=0.476277 q_change=36 q_delta=0.322341 q_grad=0.002011
epoch=37 loss_total=0.649681 loss_rec=0.538952 valid_auc=0.687667 valid_rmse=0.479342 q_change=34 q_delta=0.324474 q_grad=0.002009
epoch=38 loss_total=0.643451 loss_rec=0.532663 valid_auc=0.688516 valid_rmse=0.479928 q_change=34 q_delta=0.326322 q_grad=0.002101
epoch=39 loss_total=0.642445 loss_rec=0.531608 valid_auc=0.688013 valid_rmse=0.478654 q_change=33 q_delta=0.328191 q_grad=0.002066
epoch=40 loss_total=0.638981 loss_rec=0.528078 valid_auc=0.687891 valid_rmse=0.479774 q_change=33 q_delta=0.329718 q_grad=0.002115
epoch=41 loss_total=0.632622 loss_rec=0.521699 valid_auc=0.687768 valid_rmse=0.482294 q_change=33 q_delta=0.331594 q_grad=0.002095
epoch=42 loss_total=0.636017 loss_rec=0.525070 valid_auc=0.686161 valid_rmse=0.480576 q_change=33 q_delta=0.333240 q_grad=0.002240
epoch=43 loss_total=0.629584 loss_rec=0.518650 valid_auc=0.688348 valid_rmse=0.481487 q_change=33 q_delta=0.334657 q_grad=0.002185
epoch=44 loss_total=0.628029 loss_rec=0.517067 valid_auc=0.687612 valid_rmse=0.480943 q_change=33 q_delta=0.335981 q_grad=0.002200
epoch=45 loss_total=0.624138 loss_rec=0.513178 valid_auc=0.686295 valid_rmse=0.484967 q_change=33 q_delta=0.337135 q_grad=0.002202
epoch=46 loss_total=0.622414 loss_rec=0.511402 valid_auc=0.691507 valid_rmse=0.480009 q_change=33 q_delta=0.338747 q_grad=0.002219
epoch=47 loss_total=0.621367 loss_rec=0.510389 valid_auc=0.688438 valid_rmse=0.483153 q_change=33 q_delta=0.339756 q_grad=0.002181
epoch=48 loss_total=0.620331 loss_rec=0.509357 valid_auc=0.687533 valid_rmse=0.481802 q_change=32 q_delta=0.341242 q_grad=0.002239
epoch=49 loss_total=0.614715 loss_rec=0.503751 valid_auc=0.690112 valid_rmse=0.480499 q_change=32 q_delta=0.342019 q_grad=0.002204
epoch=50 loss_total=0.609612 loss_rec=0.498662 valid_auc=0.689353 valid_rmse=0.484368 q_change=32 q_delta=0.343129 q_grad=0.002210
epoch=51 loss_total=0.610911 loss_rec=0.499991 valid_auc=0.689219 valid_rmse=0.484580 q_change=32 q_delta=0.344207 q_grad=0.002270
epoch=52 loss_total=0.611550 loss_rec=0.500634 valid_auc=0.688772 valid_rmse=0.482606 q_change=32 q_delta=0.345608 q_grad=0.002262
epoch=53 loss_total=0.613103 loss_rec=0.502192 valid_auc=0.688181 valid_rmse=0.482605 q_change=32 q_delta=0.346553 q_grad=0.002283
epoch=54 loss_total=0.606716 loss_rec=0.495780 valid_auc=0.686440 valid_rmse=0.484282 q_change=32 q_delta=0.347904 q_grad=0.002298
epoch=55 loss_total=0.602087 loss_rec=0.491171 valid_auc=0.693761 valid_rmse=0.480480 q_change=33 q_delta=0.349203 q_grad=0.002249
epoch=56 loss_total=0.601236 loss_rec=0.490329 valid_auc=0.689766 valid_rmse=0.483664 q_change=34 q_delta=0.350323 q_grad=0.002249
epoch=57 loss_total=0.601828 loss_rec=0.490889 valid_auc=0.687187 valid_rmse=0.485861 q_change=32 q_delta=0.351304 q_grad=0.002374
epoch=58 loss_total=0.596520 loss_rec=0.485582 valid_auc=0.688047 valid_rmse=0.485653 q_change=32 q_delta=0.352392 q_grad=0.002309
epoch=59 loss_total=0.593249 loss_rec=0.482366 valid_auc=0.691998 valid_rmse=0.482731 q_change=31 q_delta=0.353410 q_grad=0.002261
epoch=60 loss_total=0.596118 loss_rec=0.485227 valid_auc=0.691596 valid_rmse=0.484219 q_change=32 q_delta=0.354429 q_grad=0.002323
epoch=61 loss_total=0.593598 loss_rec=0.482696 valid_auc=0.689978 valid_rmse=0.483402 q_change=32 q_delta=0.355447 q_grad=0.002340
epoch=62 loss_total=0.589745 loss_rec=0.478875 valid_auc=0.693225 valid_rmse=0.482868 q_change=32 q_delta=0.356292 q_grad=0.002264
epoch=63 loss_total=0.589141 loss_rec=0.478261 valid_auc=0.690837 valid_rmse=0.484854 q_change=31 q_delta=0.357106 q_grad=0.002370
epoch=64 loss_total=0.589577 loss_rec=0.478696 valid_auc=0.691473 valid_rmse=0.486213 q_change=31 q_delta=0.357635 q_grad=0.002352
epoch=65 loss_total=0.587228 loss_rec=0.476354 valid_auc=0.689978 valid_rmse=0.484584 q_change=31 q_delta=0.358728 q_grad=0.002242
epoch=66 loss_total=0.586780 loss_rec=0.475922 valid_auc=0.689442 valid_rmse=0.485867 q_change=30 q_delta=0.359456 q_grad=0.002383
epoch=67 loss_total=0.586357 loss_rec=0.475495 valid_auc=0.688661 valid_rmse=0.486307 q_change=30 q_delta=0.360472 q_grad=0.002380
epoch=68 loss_total=0.579506 loss_rec=0.468652 valid_auc=0.691094 valid_rmse=0.487123 q_change=30 q_delta=0.361168 q_grad=0.002354
epoch=69 loss_total=0.577275 loss_rec=0.466419 valid_auc=0.691060 valid_rmse=0.492200 q_change=29 q_delta=0.361852 q_grad=0.002375
epoch=70 loss_total=0.573777 loss_rec=0.462912 valid_auc=0.689671 valid_rmse=0.486537 q_change=29 q_delta=0.362994 q_grad=0.002431
epoch=71 loss_total=0.574293 loss_rec=0.463484 valid_auc=0.693650 valid_rmse=0.484807 q_change=29 q_delta=0.363675 q_grad=0.002374
epoch=72 loss_total=0.575175 loss_rec=0.464346 valid_auc=0.691842 valid_rmse=0.486075 q_change=29 q_delta=0.364296 q_grad=0.002410
epoch=73 loss_total=0.569115 loss_rec=0.458285 valid_auc=0.688605 valid_rmse=0.488899 q_change=29 q_delta=0.365188 q_grad=0.002411
epoch=74 loss_total=0.574350 loss_rec=0.463554 valid_auc=0.690145 valid_rmse=0.487467 q_change=29 q_delta=0.365977 q_grad=0.002398
epoch=75 loss_total=0.572262 loss_rec=0.461471 valid_auc=0.687388 valid_rmse=0.493285 q_change=28 q_delta=0.366494 q_grad=0.002426
Early stopping at epoch 75; best_epoch=55.
Saved run to C:\Users\YAN_SHU_YU\Desktop\Generative-CD\Q_GNCDM\results\weak_q_lambda_sweep\lq_0p4_ls_0p3_lb_0p1\seed_2026\noise_0.20\weak-q_lq_0p4_ls_0p3_lb_0p1
Final metrics: q_hat_f1=0.575000 response_auc=0.686080 mastery_pearson=0.523597
