run=weak-q_lq_0p05_ls_0p5_lb_0p3 mode=weak-q noise=0.20 train=4200 valid=600 test=1200
epoch=1 loss_total=1.015864 loss_rec=0.725665 valid_auc=0.587734 valid_rmse=0.499756 q_change=57 q_delta=0.079695 q_grad=0.000533
epoch=2 loss_total=0.953691 loss_rec=0.706003 valid_auc=0.594509 valid_rmse=0.499340 q_change=57 q_delta=0.152504 q_grad=0.000518
epoch=3 loss_total=0.908076 loss_rec=0.700263 valid_auc=0.607679 valid_rmse=0.498639 q_change=57 q_delta=0.214708 q_grad=0.000489
epoch=4 loss_total=0.867178 loss_rec=0.694399 valid_auc=0.625725 valid_rmse=0.498141 q_change=57 q_delta=0.265184 q_grad=0.000445
epoch=5 loss_total=0.838925 loss_rec=0.694822 valid_auc=0.646473 valid_rmse=0.496629 q_change=57 q_delta=0.304123 q_grad=0.000396
epoch=6 loss_total=0.812604 loss_rec=0.691097 valid_auc=0.660279 valid_rmse=0.496176 q_change=57 q_delta=0.333338 q_grad=0.000353
epoch=7 loss_total=0.789408 loss_rec=0.685196 valid_auc=0.659967 valid_rmse=0.494897 q_change=57 q_delta=0.354969 q_grad=0.000325
epoch=8 loss_total=0.771911 loss_rec=0.680394 valid_auc=0.654967 valid_rmse=0.492053 q_change=57 q_delta=0.370027 q_grad=0.000330
epoch=9 loss_total=0.754624 loss_rec=0.671955 valid_auc=0.658984 valid_rmse=0.485546 q_change=57 q_delta=0.380608 q_grad=0.000398
epoch=10 loss_total=0.743626 loss_rec=0.667520 valid_auc=0.659319 valid_rmse=0.483466 q_change=57 q_delta=0.388311 q_grad=0.000485
epoch=11 loss_total=0.733650 loss_rec=0.662429 valid_auc=0.658929 valid_rmse=0.481981 q_change=57 q_delta=0.394997 q_grad=0.000592
epoch=12 loss_total=0.720072 loss_rec=0.653374 valid_auc=0.662634 valid_rmse=0.482703 q_change=57 q_delta=0.400618 q_grad=0.000661
epoch=13 loss_total=0.714543 loss_rec=0.651699 valid_auc=0.664007 valid_rmse=0.479587 q_change=57 q_delta=0.405525 q_grad=0.000677
epoch=14 loss_total=0.710521 loss_rec=0.650693 valid_auc=0.666451 valid_rmse=0.481081 q_change=57 q_delta=0.409202 q_grad=0.000755
epoch=15 loss_total=0.707104 loss_rec=0.649889 valid_auc=0.663627 valid_rmse=0.479516 q_change=57 q_delta=0.412779 q_grad=0.000793
epoch=16 loss_total=0.705426 loss_rec=0.650388 valid_auc=0.664554 valid_rmse=0.479487 q_change=57 q_delta=0.415495 q_grad=0.000876
epoch=17 loss_total=0.703356 loss_rec=0.650273 valid_auc=0.666931 valid_rmse=0.480011 q_change=57 q_delta=0.417889 q_grad=0.000851
epoch=18 loss_total=0.696861 loss_rec=0.645440 valid_auc=0.667589 valid_rmse=0.479640 q_change=57 q_delta=0.420098 q_grad=0.000879
epoch=19 loss_total=0.693823 loss_rec=0.643905 valid_auc=0.667221 valid_rmse=0.479270 q_change=57 q_delta=0.422003 q_grad=0.000938
epoch=20 loss_total=0.692734 loss_rec=0.644070 valid_auc=0.670792 valid_rmse=0.477944 q_change=57 q_delta=0.423823 q_grad=0.001026
epoch=21 loss_total=0.689073 loss_rec=0.641625 valid_auc=0.670089 valid_rmse=0.478731 q_change=57 q_delta=0.425141 q_grad=0.000984
epoch=22 loss_total=0.688282 loss_rec=0.641794 valid_auc=0.670167 valid_rmse=0.477680 q_change=57 q_delta=0.426451 q_grad=0.001077
epoch=23 loss_total=0.684697 loss_rec=0.639116 valid_auc=0.669475 valid_rmse=0.477425 q_change=57 q_delta=0.427726 q_grad=0.001091
epoch=24 loss_total=0.680295 loss_rec=0.635566 valid_auc=0.670145 valid_rmse=0.477916 q_change=57 q_delta=0.428736 q_grad=0.001142
epoch=25 loss_total=0.682641 loss_rec=0.638605 valid_auc=0.670201 valid_rmse=0.477387 q_change=57 q_delta=0.429599 q_grad=0.001250
epoch=26 loss_total=0.680343 loss_rec=0.636951 valid_auc=0.670033 valid_rmse=0.477868 q_change=57 q_delta=0.430399 q_grad=0.001267
epoch=27 loss_total=0.678399 loss_rec=0.635514 valid_auc=0.673114 valid_rmse=0.477144 q_change=57 q_delta=0.431061 q_grad=0.001282
epoch=28 loss_total=0.678940 loss_rec=0.636557 valid_auc=0.674275 valid_rmse=0.476536 q_change=57 q_delta=0.431779 q_grad=0.001353
epoch=29 loss_total=0.676065 loss_rec=0.634138 valid_auc=0.676116 valid_rmse=0.476429 q_change=57 q_delta=0.432351 q_grad=0.001419
epoch=30 loss_total=0.677291 loss_rec=0.635781 valid_auc=0.676864 valid_rmse=0.476958 q_change=57 q_delta=0.432805 q_grad=0.001424
epoch=31 loss_total=0.673715 loss_rec=0.632501 valid_auc=0.678025 valid_rmse=0.475960 q_change=57 q_delta=0.433289 q_grad=0.001466
epoch=32 loss_total=0.675201 loss_rec=0.634322 valid_auc=0.679453 valid_rmse=0.476771 q_change=57 q_delta=0.433627 q_grad=0.001535
epoch=33 loss_total=0.674025 loss_rec=0.633383 valid_auc=0.678281 valid_rmse=0.475585 q_change=57 q_delta=0.434238 q_grad=0.001532
epoch=34 loss_total=0.673514 loss_rec=0.633185 valid_auc=0.676685 valid_rmse=0.475405 q_change=57 q_delta=0.434481 q_grad=0.001574
epoch=35 loss_total=0.674899 loss_rec=0.634792 valid_auc=0.678683 valid_rmse=0.474887 q_change=57 q_delta=0.434793 q_grad=0.001579
epoch=36 loss_total=0.671672 loss_rec=0.631778 valid_auc=0.678650 valid_rmse=0.475985 q_change=57 q_delta=0.434944 q_grad=0.001626
epoch=37 loss_total=0.666906 loss_rec=0.627185 valid_auc=0.680156 valid_rmse=0.475385 q_change=57 q_delta=0.435167 q_grad=0.001670
epoch=38 loss_total=0.666216 loss_rec=0.626631 valid_auc=0.679509 valid_rmse=0.476716 q_change=57 q_delta=0.435339 q_grad=0.001788
epoch=39 loss_total=0.669709 loss_rec=0.630289 valid_auc=0.678694 valid_rmse=0.475035 q_change=57 q_delta=0.435686 q_grad=0.001759
epoch=40 loss_total=0.666068 loss_rec=0.626817 valid_auc=0.678728 valid_rmse=0.475419 q_change=57 q_delta=0.435797 q_grad=0.001813
epoch=41 loss_total=0.662262 loss_rec=0.623098 valid_auc=0.680446 valid_rmse=0.475478 q_change=57 q_delta=0.435836 q_grad=0.001834
epoch=42 loss_total=0.666560 loss_rec=0.627462 valid_auc=0.677087 valid_rmse=0.476089 q_change=57 q_delta=0.435950 q_grad=0.001895
epoch=43 loss_total=0.663255 loss_rec=0.624152 valid_auc=0.678125 valid_rmse=0.475473 q_change=57 q_delta=0.435858 q_grad=0.001854
epoch=44 loss_total=0.663569 loss_rec=0.624468 valid_auc=0.679029 valid_rmse=0.475618 q_change=57 q_delta=0.435816 q_grad=0.001927
epoch=45 loss_total=0.661554 loss_rec=0.622409 valid_auc=0.680804 valid_rmse=0.477132 q_change=57 q_delta=0.435563 q_grad=0.001975
epoch=46 loss_total=0.662368 loss_rec=0.623112 valid_auc=0.682310 valid_rmse=0.474159 q_change=56 q_delta=0.435395 q_grad=0.001934
epoch=47 loss_total=0.659420 loss_rec=0.620109 valid_auc=0.684699 valid_rmse=0.474501 q_change=56 q_delta=0.435606 q_grad=0.001964
epoch=48 loss_total=0.660198 loss_rec=0.620838 valid_auc=0.683862 valid_rmse=0.473705 q_change=56 q_delta=0.436232 q_grad=0.002004
epoch=49 loss_total=0.657952 loss_rec=0.618587 valid_auc=0.683181 valid_rmse=0.474049 q_change=56 q_delta=0.436672 q_grad=0.002033
epoch=50 loss_total=0.653960 loss_rec=0.614659 valid_auc=0.680837 valid_rmse=0.474950 q_change=56 q_delta=0.437037 q_grad=0.001951
epoch=51 loss_total=0.654581 loss_rec=0.615375 valid_auc=0.683750 valid_rmse=0.475796 q_change=56 q_delta=0.437254 q_grad=0.002092
epoch=52 loss_total=0.655581 loss_rec=0.616440 valid_auc=0.682612 valid_rmse=0.474357 q_change=56 q_delta=0.437616 q_grad=0.002109
epoch=53 loss_total=0.657457 loss_rec=0.618423 valid_auc=0.685391 valid_rmse=0.473784 q_change=56 q_delta=0.437879 q_grad=0.002091
epoch=54 loss_total=0.649636 loss_rec=0.610713 valid_auc=0.683828 valid_rmse=0.475144 q_change=56 q_delta=0.438038 q_grad=0.002071
epoch=55 loss_total=0.650073 loss_rec=0.611232 valid_auc=0.686518 valid_rmse=0.473575 q_change=56 q_delta=0.438242 q_grad=0.002099
epoch=56 loss_total=0.651978 loss_rec=0.613240 valid_auc=0.683772 valid_rmse=0.474036 q_change=56 q_delta=0.438462 q_grad=0.002166
epoch=57 loss_total=0.651302 loss_rec=0.612634 valid_auc=0.685937 valid_rmse=0.475168 q_change=56 q_delta=0.438469 q_grad=0.002218
epoch=58 loss_total=0.647414 loss_rec=0.608800 valid_auc=0.684621 valid_rmse=0.475447 q_change=56 q_delta=0.438667 q_grad=0.002167
epoch=59 loss_total=0.647998 loss_rec=0.609535 valid_auc=0.684788 valid_rmse=0.473964 q_change=56 q_delta=0.438866 q_grad=0.002185
epoch=60 loss_total=0.647414 loss_rec=0.609003 valid_auc=0.686719 valid_rmse=0.474046 q_change=56 q_delta=0.438914 q_grad=0.002223
epoch=61 loss_total=0.647116 loss_rec=0.608728 valid_auc=0.686138 valid_rmse=0.474323 q_change=56 q_delta=0.439015 q_grad=0.002248
epoch=62 loss_total=0.646162 loss_rec=0.607884 valid_auc=0.684687 valid_rmse=0.473564 q_change=56 q_delta=0.439184 q_grad=0.002186
epoch=63 loss_total=0.647515 loss_rec=0.609265 valid_auc=0.684587 valid_rmse=0.474011 q_change=56 q_delta=0.439166 q_grad=0.002193
epoch=64 loss_total=0.650826 loss_rec=0.612671 valid_auc=0.687589 valid_rmse=0.475237 q_change=56 q_delta=0.439220 q_grad=0.002269
epoch=65 loss_total=0.644066 loss_rec=0.605938 valid_auc=0.686585 valid_rmse=0.472873 q_change=56 q_delta=0.439408 q_grad=0.002131
epoch=66 loss_total=0.645384 loss_rec=0.607334 valid_auc=0.688292 valid_rmse=0.473004 q_change=56 q_delta=0.439414 q_grad=0.002262
epoch=67 loss_total=0.647814 loss_rec=0.609805 valid_auc=0.685804 valid_rmse=0.474327 q_change=56 q_delta=0.439496 q_grad=0.002209
epoch=68 loss_total=0.643780 loss_rec=0.605818 valid_auc=0.689297 valid_rmse=0.473719 q_change=56 q_delta=0.439506 q_grad=0.002228
epoch=69 loss_total=0.640594 loss_rec=0.602661 valid_auc=0.692868 valid_rmse=0.477966 q_change=56 q_delta=0.439389 q_grad=0.002294
epoch=70 loss_total=0.641734 loss_rec=0.603821 valid_auc=0.689665 valid_rmse=0.472423 q_change=56 q_delta=0.439608 q_grad=0.002285
epoch=71 loss_total=0.643179 loss_rec=0.605333 valid_auc=0.689420 valid_rmse=0.472406 q_change=56 q_delta=0.439611 q_grad=0.002267
epoch=72 loss_total=0.641931 loss_rec=0.604062 valid_auc=0.689330 valid_rmse=0.473024 q_change=56 q_delta=0.439515 q_grad=0.002297
epoch=73 loss_total=0.639724 loss_rec=0.601871 valid_auc=0.686283 valid_rmse=0.473277 q_change=55 q_delta=0.439549 q_grad=0.002341
epoch=74 loss_total=0.642457 loss_rec=0.604598 valid_auc=0.689520 valid_rmse=0.472916 q_change=55 q_delta=0.439416 q_grad=0.002296
epoch=75 loss_total=0.641090 loss_rec=0.603193 valid_auc=0.689319 valid_rmse=0.477264 q_change=55 q_delta=0.439194 q_grad=0.002271
epoch=76 loss_total=0.640667 loss_rec=0.602673 valid_auc=0.686931 valid_rmse=0.472779 q_change=55 q_delta=0.439224 q_grad=0.002243
epoch=77 loss_total=0.634710 loss_rec=0.596635 valid_auc=0.688717 valid_rmse=0.475849 q_change=55 q_delta=0.439079 q_grad=0.002236
epoch=78 loss_total=0.635680 loss_rec=0.597550 valid_auc=0.688638 valid_rmse=0.473785 q_change=54 q_delta=0.439004 q_grad=0.002399
epoch=79 loss_total=0.635455 loss_rec=0.597291 valid_auc=0.688382 valid_rmse=0.473449 q_change=54 q_delta=0.439354 q_grad=0.002458
epoch=80 loss_total=0.633825 loss_rec=0.595625 valid_auc=0.688069 valid_rmse=0.473177 q_change=54 q_delta=0.439849 q_grad=0.002359
epoch=81 loss_total=0.630703 loss_rec=0.592460 valid_auc=0.690748 valid_rmse=0.474122 q_change=54 q_delta=0.440239 q_grad=0.002436
epoch=82 loss_total=0.630281 loss_rec=0.592049 valid_auc=0.688583 valid_rmse=0.474290 q_change=54 q_delta=0.440550 q_grad=0.002456
epoch=83 loss_total=0.628299 loss_rec=0.590069 valid_auc=0.689799 valid_rmse=0.476834 q_change=54 q_delta=0.440871 q_grad=0.002435
epoch=84 loss_total=0.628867 loss_rec=0.590635 valid_auc=0.690268 valid_rmse=0.474009 q_change=54 q_delta=0.441248 q_grad=0.002487
epoch=85 loss_total=0.628680 loss_rec=0.590465 valid_auc=0.687991 valid_rmse=0.477710 q_change=54 q_delta=0.441362 q_grad=0.002548
epoch=86 loss_total=0.630796 loss_rec=0.592571 valid_auc=0.686217 valid_rmse=0.475437 q_change=54 q_delta=0.441624 q_grad=0.002545
epoch=87 loss_total=0.625010 loss_rec=0.586819 valid_auc=0.685324 valid_rmse=0.476090 q_change=54 q_delta=0.441823 q_grad=0.002499
epoch=88 loss_total=0.619680 loss_rec=0.581505 valid_auc=0.684721 valid_rmse=0.476380 q_change=54 q_delta=0.442004 q_grad=0.002587
epoch=89 loss_total=0.620923 loss_rec=0.582777 valid_auc=0.685625 valid_rmse=0.481441 q_change=54 q_delta=0.442103 q_grad=0.002640
Early stopping at epoch 89; best_epoch=69.
Saved run to C:\Users\YAN_SHU_YU\Desktop\Generative-CD\Q_GNCDM\results\weak_q_lambda_sweep\lq_0p05_ls_0p5_lb_0p3\seed_2026\noise_0.20\weak-q_lq_0p05_ls_0p5_lb_0p3
Final metrics: q_hat_f1=0.035088 response_auc=0.685307 mastery_pearson=0.290934
