run=weak-q_lq_0p4_ls_0p6_lb_0p2 mode=weak-q noise=0.20 train=4200 valid=600 test=1200
epoch=1 loss_total=1.035859 loss_rec=0.725660 valid_auc=0.587662 valid_rmse=0.499754 q_change=57 q_delta=0.078442 q_grad=0.000594
epoch=2 loss_total=0.973353 loss_rec=0.705901 valid_auc=0.594353 valid_rmse=0.499304 q_change=57 q_delta=0.146467 q_grad=0.000513
epoch=3 loss_total=0.933132 loss_rec=0.699919 valid_auc=0.607667 valid_rmse=0.498500 q_change=57 q_delta=0.202461 q_grad=0.000441
epoch=4 loss_total=0.900052 loss_rec=0.693556 valid_auc=0.626429 valid_rmse=0.497742 q_change=57 q_delta=0.247308 q_grad=0.000378
epoch=5 loss_total=0.879455 loss_rec=0.693056 valid_auc=0.647243 valid_rmse=0.495676 q_change=57 q_delta=0.281791 q_grad=0.000335
epoch=6 loss_total=0.858757 loss_rec=0.687195 valid_auc=0.661250 valid_rmse=0.493888 q_change=57 q_delta=0.307252 q_grad=0.000317
epoch=7 loss_total=0.837170 loss_rec=0.676109 valid_auc=0.661395 valid_rmse=0.489649 q_change=57 q_delta=0.324934 q_grad=0.000345
epoch=8 loss_total=0.817788 loss_rec=0.663397 valid_auc=0.659844 valid_rmse=0.484026 q_change=57 q_delta=0.335897 q_grad=0.000472
epoch=9 loss_total=0.801697 loss_rec=0.651803 valid_auc=0.667042 valid_rmse=0.478558 q_change=57 q_delta=0.344826 q_grad=0.000646
epoch=10 loss_total=0.798113 loss_rec=0.652193 valid_auc=0.668951 valid_rmse=0.478630 q_change=57 q_delta=0.351998 q_grad=0.000753
epoch=11 loss_total=0.791868 loss_rec=0.648826 valid_auc=0.671339 valid_rmse=0.477229 q_change=57 q_delta=0.358005 q_grad=0.000881
epoch=12 loss_total=0.780146 loss_rec=0.639630 valid_auc=0.674498 valid_rmse=0.477829 q_change=57 q_delta=0.362479 q_grad=0.000972
epoch=13 loss_total=0.775244 loss_rec=0.636748 valid_auc=0.676908 valid_rmse=0.475037 q_change=57 q_delta=0.366489 q_grad=0.001022
epoch=14 loss_total=0.772956 loss_rec=0.635931 valid_auc=0.677511 valid_rmse=0.476324 q_change=57 q_delta=0.369011 q_grad=0.001153
epoch=15 loss_total=0.768992 loss_rec=0.633165 valid_auc=0.678103 valid_rmse=0.474522 q_change=57 q_delta=0.371665 q_grad=0.001251
epoch=16 loss_total=0.768941 loss_rec=0.634068 valid_auc=0.681105 valid_rmse=0.474329 q_change=57 q_delta=0.373309 q_grad=0.001392
epoch=17 loss_total=0.765757 loss_rec=0.631726 valid_auc=0.680647 valid_rmse=0.474376 q_change=57 q_delta=0.374810 q_grad=0.001372
epoch=18 loss_total=0.758912 loss_rec=0.625457 valid_auc=0.682366 valid_rmse=0.473653 q_change=57 q_delta=0.376085 q_grad=0.001439
epoch=19 loss_total=0.757253 loss_rec=0.624447 valid_auc=0.682891 valid_rmse=0.474442 q_change=57 q_delta=0.377267 q_grad=0.001561
epoch=20 loss_total=0.754946 loss_rec=0.622509 valid_auc=0.685279 valid_rmse=0.472518 q_change=56 q_delta=0.378220 q_grad=0.001668
epoch=21 loss_total=0.750541 loss_rec=0.618466 valid_auc=0.686194 valid_rmse=0.474256 q_change=56 q_delta=0.379019 q_grad=0.001609
epoch=22 loss_total=0.748323 loss_rec=0.616468 valid_auc=0.687556 valid_rmse=0.473038 q_change=56 q_delta=0.380102 q_grad=0.001764
epoch=23 loss_total=0.745435 loss_rec=0.613814 valid_auc=0.685469 valid_rmse=0.472875 q_change=56 q_delta=0.381432 q_grad=0.001756
epoch=24 loss_total=0.740488 loss_rec=0.609099 valid_auc=0.683850 valid_rmse=0.473607 q_change=56 q_delta=0.382358 q_grad=0.001787
epoch=25 loss_total=0.742201 loss_rec=0.611086 valid_auc=0.684978 valid_rmse=0.473555 q_change=56 q_delta=0.383114 q_grad=0.001922
epoch=26 loss_total=0.739602 loss_rec=0.608689 valid_auc=0.686585 valid_rmse=0.474289 q_change=55 q_delta=0.383906 q_grad=0.001902
epoch=27 loss_total=0.736115 loss_rec=0.605347 valid_auc=0.688170 valid_rmse=0.474932 q_change=55 q_delta=0.384492 q_grad=0.001879
epoch=28 loss_total=0.738811 loss_rec=0.608311 valid_auc=0.686663 valid_rmse=0.474007 q_change=55 q_delta=0.385449 q_grad=0.001949
epoch=29 loss_total=0.732735 loss_rec=0.602473 valid_auc=0.689833 valid_rmse=0.473201 q_change=54 q_delta=0.386268 q_grad=0.001978
epoch=30 loss_total=0.732287 loss_rec=0.602146 valid_auc=0.691362 valid_rmse=0.473691 q_change=54 q_delta=0.386887 q_grad=0.001940
epoch=31 loss_total=0.728476 loss_rec=0.598395 valid_auc=0.690513 valid_rmse=0.473391 q_change=54 q_delta=0.387832 q_grad=0.001976
epoch=32 loss_total=0.729993 loss_rec=0.600057 valid_auc=0.692266 valid_rmse=0.473332 q_change=53 q_delta=0.388761 q_grad=0.002021
epoch=33 loss_total=0.727860 loss_rec=0.598030 valid_auc=0.691172 valid_rmse=0.471636 q_change=52 q_delta=0.389837 q_grad=0.002008
epoch=34 loss_total=0.727116 loss_rec=0.597429 valid_auc=0.689487 valid_rmse=0.472017 q_change=51 q_delta=0.390894 q_grad=0.001995
epoch=35 loss_total=0.726618 loss_rec=0.597069 valid_auc=0.692980 valid_rmse=0.470989 q_change=51 q_delta=0.392121 q_grad=0.001971
epoch=36 loss_total=0.721417 loss_rec=0.591847 valid_auc=0.693661 valid_rmse=0.472097 q_change=51 q_delta=0.393011 q_grad=0.002047
epoch=37 loss_total=0.716587 loss_rec=0.587063 valid_auc=0.694319 valid_rmse=0.472456 q_change=51 q_delta=0.394137 q_grad=0.002053
epoch=38 loss_total=0.715014 loss_rec=0.585646 valid_auc=0.693750 valid_rmse=0.474105 q_change=51 q_delta=0.395129 q_grad=0.002162
epoch=39 loss_total=0.716331 loss_rec=0.587061 valid_auc=0.693460 valid_rmse=0.471513 q_change=51 q_delta=0.396390 q_grad=0.002092
epoch=40 loss_total=0.711963 loss_rec=0.582833 valid_auc=0.693181 valid_rmse=0.472085 q_change=51 q_delta=0.397179 q_grad=0.002145
epoch=41 loss_total=0.707718 loss_rec=0.578736 valid_auc=0.694654 valid_rmse=0.472960 q_change=51 q_delta=0.398006 q_grad=0.002147
epoch=42 loss_total=0.709863 loss_rec=0.580963 valid_auc=0.690670 valid_rmse=0.472872 q_change=51 q_delta=0.399033 q_grad=0.002262
epoch=43 loss_total=0.704591 loss_rec=0.575735 valid_auc=0.691853 valid_rmse=0.473355 q_change=50 q_delta=0.399519 q_grad=0.002225
epoch=44 loss_total=0.704648 loss_rec=0.575907 valid_auc=0.689788 valid_rmse=0.474365 q_change=50 q_delta=0.400240 q_grad=0.002292
epoch=45 loss_total=0.699672 loss_rec=0.571055 valid_auc=0.690826 valid_rmse=0.477844 q_change=50 q_delta=0.400882 q_grad=0.002341
epoch=46 loss_total=0.699622 loss_rec=0.571024 valid_auc=0.693304 valid_rmse=0.472322 q_change=50 q_delta=0.402023 q_grad=0.002321
epoch=47 loss_total=0.696150 loss_rec=0.567652 valid_auc=0.692221 valid_rmse=0.474620 q_change=50 q_delta=0.402693 q_grad=0.002331
epoch=48 loss_total=0.692912 loss_rec=0.564470 valid_auc=0.691942 valid_rmse=0.473508 q_change=50 q_delta=0.403461 q_grad=0.002433
epoch=49 loss_total=0.689584 loss_rec=0.561200 valid_auc=0.692946 valid_rmse=0.473069 q_change=50 q_delta=0.404030 q_grad=0.002467
epoch=50 loss_total=0.684179 loss_rec=0.555844 valid_auc=0.690569 valid_rmse=0.475055 q_change=51 q_delta=0.404629 q_grad=0.002425
epoch=51 loss_total=0.683123 loss_rec=0.554881 valid_auc=0.692902 valid_rmse=0.476739 q_change=51 q_delta=0.405064 q_grad=0.002549
epoch=52 loss_total=0.684117 loss_rec=0.555964 valid_auc=0.691306 valid_rmse=0.474535 q_change=50 q_delta=0.405771 q_grad=0.002590
epoch=53 loss_total=0.683701 loss_rec=0.555562 valid_auc=0.693125 valid_rmse=0.473663 q_change=50 q_delta=0.406204 q_grad=0.002624
epoch=54 loss_total=0.675182 loss_rec=0.547098 valid_auc=0.688951 valid_rmse=0.476349 q_change=50 q_delta=0.406501 q_grad=0.002628
epoch=55 loss_total=0.671844 loss_rec=0.543817 valid_auc=0.694475 valid_rmse=0.473272 q_change=50 q_delta=0.407071 q_grad=0.002649
epoch=56 loss_total=0.671872 loss_rec=0.543874 valid_auc=0.690391 valid_rmse=0.475483 q_change=50 q_delta=0.407559 q_grad=0.002725
epoch=57 loss_total=0.668928 loss_rec=0.540947 valid_auc=0.690134 valid_rmse=0.477270 q_change=50 q_delta=0.408051 q_grad=0.002840
epoch=58 loss_total=0.662920 loss_rec=0.535000 valid_auc=0.690000 valid_rmse=0.480018 q_change=50 q_delta=0.408456 q_grad=0.002800
epoch=59 loss_total=0.663230 loss_rec=0.535434 valid_auc=0.692199 valid_rmse=0.474954 q_change=50 q_delta=0.409027 q_grad=0.002789
epoch=60 loss_total=0.661444 loss_rec=0.533697 valid_auc=0.692522 valid_rmse=0.475804 q_change=50 q_delta=0.409291 q_grad=0.002804
epoch=61 loss_total=0.658206 loss_rec=0.530446 valid_auc=0.690100 valid_rmse=0.476043 q_change=50 q_delta=0.409639 q_grad=0.002956
Early stopping at epoch 61; best_epoch=41.
Saved run to C:\Users\YAN_SHU_YU\Desktop\Generative-CD\Q_GNCDM\results\weak_q_lambda_sweep\lq_0p4_ls_0p6_lb_0p2\seed_2026\noise_0.20\weak-q_lq_0p4_ls_0p6_lb_0p2
Final metrics: q_hat_f1=0.193548 response_auc=0.688478 mastery_pearson=0.369649
