run=weak-q_lq_0p5_ls_0p6_lb_0p3 mode=weak-q noise=0.20 train=4200 valid=600 test=1200
epoch=1 loss_total=1.060404 loss_rec=0.725660 valid_auc=0.587656 valid_rmse=0.499754 q_change=57 q_delta=0.078454 q_grad=0.000599
epoch=2 loss_total=0.997520 loss_rec=0.705902 valid_auc=0.594286 valid_rmse=0.499305 q_change=57 q_delta=0.146512 q_grad=0.000518
epoch=3 loss_total=0.956991 loss_rec=0.699925 valid_auc=0.607556 valid_rmse=0.498503 q_change=57 q_delta=0.202542 q_grad=0.000445
epoch=4 loss_total=0.923674 loss_rec=0.693569 valid_auc=0.626205 valid_rmse=0.497749 q_change=57 q_delta=0.247420 q_grad=0.000381
epoch=5 loss_total=0.902900 loss_rec=0.693083 valid_auc=0.647121 valid_rmse=0.495693 q_change=57 q_delta=0.281939 q_grad=0.000337
epoch=6 loss_total=0.882087 loss_rec=0.687261 valid_auc=0.661261 valid_rmse=0.493932 q_change=57 q_delta=0.307449 q_grad=0.000318
epoch=7 loss_total=0.860474 loss_rec=0.676276 valid_auc=0.661127 valid_rmse=0.489751 q_change=57 q_delta=0.325204 q_grad=0.000345
epoch=8 loss_total=0.841087 loss_rec=0.663662 valid_auc=0.659643 valid_rmse=0.484131 q_change=57 q_delta=0.336218 q_grad=0.000469
epoch=9 loss_total=0.824882 loss_rec=0.652015 valid_auc=0.666696 valid_rmse=0.478625 q_change=57 q_delta=0.345140 q_grad=0.000642
epoch=10 loss_total=0.821171 loss_rec=0.652319 valid_auc=0.668917 valid_rmse=0.478671 q_change=57 q_delta=0.352302 q_grad=0.000750
epoch=11 loss_total=0.814858 loss_rec=0.648919 valid_auc=0.671295 valid_rmse=0.477251 q_change=57 q_delta=0.358302 q_grad=0.000878
epoch=12 loss_total=0.803049 loss_rec=0.639664 valid_auc=0.674453 valid_rmse=0.477834 q_change=57 q_delta=0.362761 q_grad=0.000969
epoch=13 loss_total=0.798097 loss_rec=0.636754 valid_auc=0.676830 valid_rmse=0.475024 q_change=57 q_delta=0.366743 q_grad=0.001019
epoch=14 loss_total=0.795741 loss_rec=0.635883 valid_auc=0.677679 valid_rmse=0.476282 q_change=57 q_delta=0.369230 q_grad=0.001151
epoch=15 loss_total=0.791695 loss_rec=0.633040 valid_auc=0.678371 valid_rmse=0.474454 q_change=57 q_delta=0.371834 q_grad=0.001249
epoch=16 loss_total=0.791580 loss_rec=0.633877 valid_auc=0.681551 valid_rmse=0.474231 q_change=57 q_delta=0.373416 q_grad=0.001391
epoch=17 loss_total=0.788314 loss_rec=0.631443 valid_auc=0.681105 valid_rmse=0.474259 q_change=57 q_delta=0.374846 q_grad=0.001372
epoch=18 loss_total=0.781370 loss_rec=0.625059 valid_auc=0.682868 valid_rmse=0.473515 q_change=57 q_delta=0.376041 q_grad=0.001440
epoch=19 loss_total=0.779605 loss_rec=0.623924 valid_auc=0.683449 valid_rmse=0.474318 q_change=57 q_delta=0.377145 q_grad=0.001564
epoch=20 loss_total=0.777150 loss_rec=0.621819 valid_auc=0.685681 valid_rmse=0.472351 q_change=56 q_delta=0.378032 q_grad=0.001671
epoch=21 loss_total=0.772613 loss_rec=0.617630 valid_auc=0.687087 valid_rmse=0.474110 q_change=56 q_delta=0.379009 q_grad=0.001613
epoch=22 loss_total=0.770211 loss_rec=0.615435 valid_auc=0.688136 valid_rmse=0.472867 q_change=56 q_delta=0.379994 q_grad=0.001770
epoch=23 loss_total=0.767188 loss_rec=0.612635 valid_auc=0.685781 valid_rmse=0.472720 q_change=56 q_delta=0.381241 q_grad=0.001763
epoch=24 loss_total=0.762125 loss_rec=0.607801 valid_auc=0.684632 valid_rmse=0.473483 q_change=56 q_delta=0.382091 q_grad=0.001795
epoch=25 loss_total=0.763656 loss_rec=0.609596 valid_auc=0.685513 valid_rmse=0.473447 q_change=55 q_delta=0.382766 q_grad=0.001930
epoch=26 loss_total=0.760963 loss_rec=0.607090 valid_auc=0.687199 valid_rmse=0.474184 q_change=55 q_delta=0.383487 q_grad=0.001912
epoch=27 loss_total=0.757295 loss_rec=0.603558 valid_auc=0.688192 valid_rmse=0.474946 q_change=55 q_delta=0.384233 q_grad=0.001888
epoch=28 loss_total=0.759882 loss_rec=0.606396 valid_auc=0.687333 valid_rmse=0.473919 q_change=54 q_delta=0.385212 q_grad=0.001958
epoch=29 loss_total=0.753520 loss_rec=0.600255 valid_auc=0.689900 valid_rmse=0.473195 q_change=54 q_delta=0.386072 q_grad=0.001988
epoch=30 loss_total=0.752914 loss_rec=0.599759 valid_auc=0.691641 valid_rmse=0.473705 q_change=52 q_delta=0.387002 q_grad=0.001953
epoch=31 loss_total=0.748965 loss_rec=0.595869 valid_auc=0.691150 valid_rmse=0.473417 q_change=52 q_delta=0.387900 q_grad=0.001989
epoch=32 loss_total=0.750325 loss_rec=0.597374 valid_auc=0.692545 valid_rmse=0.473331 q_change=52 q_delta=0.389275 q_grad=0.002036
epoch=33 loss_total=0.747941 loss_rec=0.595094 valid_auc=0.691696 valid_rmse=0.471570 q_change=52 q_delta=0.390786 q_grad=0.002025
epoch=34 loss_total=0.747172 loss_rec=0.594475 valid_auc=0.690011 valid_rmse=0.472011 q_change=52 q_delta=0.391942 q_grad=0.002016
epoch=35 loss_total=0.746527 loss_rec=0.593972 valid_auc=0.693471 valid_rmse=0.470929 q_change=51 q_delta=0.393066 q_grad=0.001995
epoch=36 loss_total=0.740958 loss_rec=0.588398 valid_auc=0.694475 valid_rmse=0.472003 q_change=51 q_delta=0.393832 q_grad=0.002074
epoch=37 loss_total=0.736186 loss_rec=0.583686 valid_auc=0.694263 valid_rmse=0.472554 q_change=51 q_delta=0.394821 q_grad=0.002079
epoch=38 loss_total=0.734264 loss_rec=0.581928 valid_auc=0.693940 valid_rmse=0.474067 q_change=51 q_delta=0.395693 q_grad=0.002192
epoch=39 loss_total=0.735335 loss_rec=0.583102 valid_auc=0.693951 valid_rmse=0.471524 q_change=51 q_delta=0.396815 q_grad=0.002125
epoch=40 loss_total=0.730912 loss_rec=0.578820 valid_auc=0.693438 valid_rmse=0.472138 q_change=51 q_delta=0.397479 q_grad=0.002181
epoch=41 loss_total=0.726392 loss_rec=0.574449 valid_auc=0.694810 valid_rmse=0.473212 q_change=50 q_delta=0.398167 q_grad=0.002187
epoch=42 loss_total=0.728368 loss_rec=0.576508 valid_auc=0.691049 valid_rmse=0.472947 q_change=50 q_delta=0.399188 q_grad=0.002303
epoch=43 loss_total=0.722899 loss_rec=0.571084 valid_auc=0.692165 valid_rmse=0.473500 q_change=50 q_delta=0.399852 q_grad=0.002270
epoch=44 loss_total=0.722542 loss_rec=0.570841 valid_auc=0.690368 valid_rmse=0.474566 q_change=51 q_delta=0.400837 q_grad=0.002341
epoch=45 loss_total=0.717307 loss_rec=0.565728 valid_auc=0.690770 valid_rmse=0.478298 q_change=51 q_delta=0.401368 q_grad=0.002395
epoch=46 loss_total=0.717184 loss_rec=0.565631 valid_auc=0.693371 valid_rmse=0.472442 q_change=51 q_delta=0.402382 q_grad=0.002376
epoch=47 loss_total=0.713495 loss_rec=0.562039 valid_auc=0.692020 valid_rmse=0.475022 q_change=51 q_delta=0.402928 q_grad=0.002390
epoch=48 loss_total=0.710184 loss_rec=0.558793 valid_auc=0.691652 valid_rmse=0.473800 q_change=51 q_delta=0.403581 q_grad=0.002495
epoch=49 loss_total=0.706608 loss_rec=0.555284 valid_auc=0.693449 valid_rmse=0.473294 q_change=50 q_delta=0.404027 q_grad=0.002528
epoch=50 loss_total=0.701272 loss_rec=0.550003 valid_auc=0.691127 valid_rmse=0.475367 q_change=50 q_delta=0.404521 q_grad=0.002499
epoch=51 loss_total=0.700048 loss_rec=0.548885 valid_auc=0.693359 valid_rmse=0.476888 q_change=50 q_delta=0.404949 q_grad=0.002615
epoch=52 loss_total=0.701120 loss_rec=0.550053 valid_auc=0.691261 valid_rmse=0.474913 q_change=50 q_delta=0.405766 q_grad=0.002661
epoch=53 loss_total=0.700907 loss_rec=0.549864 valid_auc=0.693080 valid_rmse=0.473939 q_change=50 q_delta=0.406312 q_grad=0.002697
epoch=54 loss_total=0.692482 loss_rec=0.541501 valid_auc=0.689408 valid_rmse=0.476658 q_change=50 q_delta=0.406636 q_grad=0.002701
epoch=55 loss_total=0.688904 loss_rec=0.537982 valid_auc=0.695045 valid_rmse=0.473601 q_change=50 q_delta=0.407122 q_grad=0.002716
epoch=56 loss_total=0.688943 loss_rec=0.538055 valid_auc=0.690067 valid_rmse=0.476003 q_change=50 q_delta=0.407500 q_grad=0.002798
epoch=57 loss_total=0.686171 loss_rec=0.535302 valid_auc=0.690346 valid_rmse=0.477861 q_change=50 q_delta=0.407896 q_grad=0.002911
epoch=58 loss_total=0.679933 loss_rec=0.529129 valid_auc=0.689542 valid_rmse=0.480544 q_change=50 q_delta=0.408202 q_grad=0.002862
epoch=59 loss_total=0.680355 loss_rec=0.529668 valid_auc=0.692042 valid_rmse=0.475558 q_change=50 q_delta=0.408670 q_grad=0.002857
epoch=60 loss_total=0.678579 loss_rec=0.527941 valid_auc=0.692031 valid_rmse=0.476491 q_change=50 q_delta=0.408863 q_grad=0.002867
epoch=61 loss_total=0.675296 loss_rec=0.524637 valid_auc=0.689196 valid_rmse=0.476848 q_change=50 q_delta=0.409134 q_grad=0.003024
epoch=62 loss_total=0.671838 loss_rec=0.521304 valid_auc=0.691663 valid_rmse=0.477138 q_change=50 q_delta=0.409340 q_grad=0.002960
epoch=63 loss_total=0.671846 loss_rec=0.521345 valid_auc=0.687846 valid_rmse=0.478417 q_change=50 q_delta=0.409519 q_grad=0.003079
epoch=64 loss_total=0.671873 loss_rec=0.521395 valid_auc=0.691083 valid_rmse=0.480917 q_change=50 q_delta=0.409514 q_grad=0.003090
epoch=65 loss_total=0.667018 loss_rec=0.516555 valid_auc=0.689688 valid_rmse=0.478067 q_change=50 q_delta=0.409820 q_grad=0.002933
epoch=66 loss_total=0.668390 loss_rec=0.517974 valid_auc=0.688292 valid_rmse=0.479434 q_change=50 q_delta=0.409892 q_grad=0.003166
epoch=67 loss_total=0.668772 loss_rec=0.518378 valid_auc=0.687444 valid_rmse=0.480396 q_change=50 q_delta=0.409979 q_grad=0.003187
epoch=68 loss_total=0.661201 loss_rec=0.510862 valid_auc=0.687556 valid_rmse=0.484093 q_change=50 q_delta=0.409895 q_grad=0.003102
epoch=69 loss_total=0.658708 loss_rec=0.508379 valid_auc=0.689967 valid_rmse=0.486442 q_change=50 q_delta=0.410053 q_grad=0.003256
epoch=70 loss_total=0.656651 loss_rec=0.506348 valid_auc=0.686027 valid_rmse=0.480746 q_change=50 q_delta=0.410323 q_grad=0.003314
epoch=71 loss_total=0.657546 loss_rec=0.507326 valid_auc=0.690167 valid_rmse=0.479812 q_change=50 q_delta=0.410329 q_grad=0.003259
epoch=72 loss_total=0.656464 loss_rec=0.506225 valid_auc=0.687478 valid_rmse=0.480618 q_change=50 q_delta=0.410439 q_grad=0.003278
epoch=73 loss_total=0.650865 loss_rec=0.500664 valid_auc=0.685268 valid_rmse=0.482591 q_change=50 q_delta=0.410503 q_grad=0.003325
epoch=74 loss_total=0.657442 loss_rec=0.507267 valid_auc=0.685960 valid_rmse=0.482242 q_change=50 q_delta=0.410551 q_grad=0.003268
epoch=75 loss_total=0.654425 loss_rec=0.504242 valid_auc=0.685145 valid_rmse=0.488537 q_change=50 q_delta=0.410366 q_grad=0.003272
Early stopping at epoch 75; best_epoch=55.
Saved run to C:\Users\YAN_SHU_YU\Desktop\Generative-CD\Q_GNCDM\results\weak_q_lambda_sweep\lq_0p5_ls_0p6_lb_0p3\seed_2026\noise_0.20\weak-q_lq_0p5_ls_0p6_lb_0p3
Final metrics: q_hat_f1=0.222222 response_auc=0.687027 mastery_pearson=0.413989
