run=weak-q_lq_0p8_ls_0p9_lb_0p3 mode=weak-q noise=0.20 train=4200 valid=600 test=1200
epoch=1 loss_total=1.191352 loss_rec=0.725662 valid_auc=0.587455 valid_rmse=0.499757 q_change=57 q_delta=0.078385 q_grad=0.000879
epoch=2 loss_total=1.110002 loss_rec=0.705915 valid_auc=0.593158 valid_rmse=0.499326 q_change=57 q_delta=0.145762 q_grad=0.000739
epoch=3 loss_total=1.056852 loss_rec=0.699978 valid_auc=0.604023 valid_rmse=0.498564 q_change=57 q_delta=0.200746 q_grad=0.000614
epoch=4 loss_total=1.015216 loss_rec=0.693689 valid_auc=0.620335 valid_rmse=0.497869 q_change=57 q_delta=0.244565 q_grad=0.000508
epoch=5 loss_total=0.988951 loss_rec=0.693332 valid_auc=0.640993 valid_rmse=0.495917 q_change=57 q_delta=0.278574 q_grad=0.000426
epoch=6 loss_total=0.964533 loss_rec=0.687856 valid_auc=0.656763 valid_rmse=0.494435 q_change=57 q_delta=0.304374 q_grad=0.000375
epoch=7 loss_total=0.940954 loss_rec=0.677880 valid_auc=0.658337 valid_rmse=0.490947 q_change=57 q_delta=0.323271 q_grad=0.000370
epoch=8 loss_total=0.920441 loss_rec=0.666510 valid_auc=0.655748 valid_rmse=0.485701 q_change=57 q_delta=0.335862 q_grad=0.000455
epoch=9 loss_total=0.902444 loss_rec=0.654692 valid_auc=0.664263 valid_rmse=0.479564 q_change=57 q_delta=0.345672 q_grad=0.000612
epoch=10 loss_total=0.896470 loss_rec=0.653894 valid_auc=0.666618 valid_rmse=0.479097 q_change=57 q_delta=0.353604 q_grad=0.000718
epoch=11 loss_total=0.889061 loss_rec=0.650332 valid_auc=0.669844 valid_rmse=0.477703 q_change=57 q_delta=0.360326 q_grad=0.000845
epoch=12 loss_total=0.876079 loss_rec=0.640718 valid_auc=0.673616 valid_rmse=0.478338 q_change=57 q_delta=0.365460 q_grad=0.000934
epoch=13 loss_total=0.870645 loss_rec=0.638004 valid_auc=0.676083 valid_rmse=0.475208 q_change=57 q_delta=0.369969 q_grad=0.000982
epoch=14 loss_total=0.867844 loss_rec=0.637215 valid_auc=0.676283 valid_rmse=0.476602 q_change=57 q_delta=0.373031 q_grad=0.001109
epoch=15 loss_total=0.863249 loss_rec=0.634287 valid_auc=0.677824 valid_rmse=0.474607 q_change=57 q_delta=0.376049 q_grad=0.001208
epoch=16 loss_total=0.862804 loss_rec=0.635172 valid_auc=0.680614 valid_rmse=0.474409 q_change=57 q_delta=0.378138 q_grad=0.001346
epoch=17 loss_total=0.859340 loss_rec=0.632914 valid_auc=0.680424 valid_rmse=0.474607 q_change=57 q_delta=0.379995 q_grad=0.001327
epoch=18 loss_total=0.852378 loss_rec=0.626835 valid_auc=0.682868 valid_rmse=0.473535 q_change=57 q_delta=0.381657 q_grad=0.001396
epoch=19 loss_total=0.850392 loss_rec=0.625778 valid_auc=0.683103 valid_rmse=0.474615 q_change=57 q_delta=0.383108 q_grad=0.001518
epoch=20 loss_total=0.848172 loss_rec=0.624164 valid_auc=0.685167 valid_rmse=0.472533 q_change=57 q_delta=0.384355 q_grad=0.001625
epoch=21 loss_total=0.843619 loss_rec=0.620191 valid_auc=0.685949 valid_rmse=0.474514 q_change=57 q_delta=0.385034 q_grad=0.001570
epoch=22 loss_total=0.841698 loss_rec=0.618630 valid_auc=0.687210 valid_rmse=0.473117 q_change=57 q_delta=0.385671 q_grad=0.001722
epoch=23 loss_total=0.838639 loss_rec=0.615892 valid_auc=0.684944 valid_rmse=0.472835 q_change=56 q_delta=0.386654 q_grad=0.001719
epoch=24 loss_total=0.833717 loss_rec=0.611259 valid_auc=0.684074 valid_rmse=0.473480 q_change=56 q_delta=0.387489 q_grad=0.001753
epoch=25 loss_total=0.835703 loss_rec=0.613492 valid_auc=0.684788 valid_rmse=0.473306 q_change=56 q_delta=0.388311 q_grad=0.001893
epoch=26 loss_total=0.832862 loss_rec=0.610852 valid_auc=0.686842 valid_rmse=0.474163 q_change=56 q_delta=0.389231 q_grad=0.001871
epoch=27 loss_total=0.829298 loss_rec=0.607368 valid_auc=0.688605 valid_rmse=0.474873 q_change=56 q_delta=0.389899 q_grad=0.001853
epoch=28 loss_total=0.832087 loss_rec=0.610405 valid_auc=0.686696 valid_rmse=0.473745 q_change=56 q_delta=0.390955 q_grad=0.001925
epoch=29 loss_total=0.826125 loss_rec=0.604635 valid_auc=0.690391 valid_rmse=0.472985 q_change=56 q_delta=0.391672 q_grad=0.001958
epoch=30 loss_total=0.825754 loss_rec=0.604324 valid_auc=0.691808 valid_rmse=0.473321 q_change=55 q_delta=0.392118 q_grad=0.001919
epoch=31 loss_total=0.821780 loss_rec=0.600275 valid_auc=0.691071 valid_rmse=0.473352 q_change=55 q_delta=0.392697 q_grad=0.001955
epoch=32 loss_total=0.823655 loss_rec=0.602236 valid_auc=0.692801 valid_rmse=0.473478 q_change=55 q_delta=0.393459 q_grad=0.002005
epoch=33 loss_total=0.821552 loss_rec=0.600165 valid_auc=0.691138 valid_rmse=0.471426 q_change=54 q_delta=0.394497 q_grad=0.001986
epoch=34 loss_total=0.820576 loss_rec=0.599252 valid_auc=0.689330 valid_rmse=0.471807 q_change=54 q_delta=0.395181 q_grad=0.001974
epoch=35 loss_total=0.820273 loss_rec=0.599019 valid_auc=0.693248 valid_rmse=0.470733 q_change=53 q_delta=0.396121 q_grad=0.001950
epoch=36 loss_total=0.815080 loss_rec=0.593639 valid_auc=0.693839 valid_rmse=0.471804 q_change=53 q_delta=0.396663 q_grad=0.002025
epoch=37 loss_total=0.810149 loss_rec=0.588631 valid_auc=0.694107 valid_rmse=0.472144 q_change=52 q_delta=0.397480 q_grad=0.002026
epoch=38 loss_total=0.808559 loss_rec=0.587128 valid_auc=0.693750 valid_rmse=0.474043 q_change=52 q_delta=0.398245 q_grad=0.002138
epoch=39 loss_total=0.809886 loss_rec=0.588431 valid_auc=0.693806 valid_rmse=0.471271 q_change=51 q_delta=0.399259 q_grad=0.002068
epoch=40 loss_total=0.805375 loss_rec=0.583931 valid_auc=0.694118 valid_rmse=0.471567 q_change=51 q_delta=0.399867 q_grad=0.002118
epoch=41 loss_total=0.800847 loss_rec=0.579419 valid_auc=0.694900 valid_rmse=0.472691 q_change=51 q_delta=0.400444 q_grad=0.002120
epoch=42 loss_total=0.803458 loss_rec=0.581952 valid_auc=0.690491 valid_rmse=0.472502 q_change=50 q_delta=0.401428 q_grad=0.002229
epoch=43 loss_total=0.797874 loss_rec=0.576231 valid_auc=0.692589 valid_rmse=0.472900 q_change=50 q_delta=0.401816 q_grad=0.002186
epoch=44 loss_total=0.797917 loss_rec=0.576274 valid_auc=0.690022 valid_rmse=0.473924 q_change=50 q_delta=0.402819 q_grad=0.002244
epoch=45 loss_total=0.792754 loss_rec=0.571120 valid_auc=0.691696 valid_rmse=0.477878 q_change=50 q_delta=0.403359 q_grad=0.002304
epoch=46 loss_total=0.792778 loss_rec=0.571041 valid_auc=0.693337 valid_rmse=0.471696 q_change=49 q_delta=0.404376 q_grad=0.002273
epoch=47 loss_total=0.789106 loss_rec=0.567339 valid_auc=0.692444 valid_rmse=0.474114 q_change=50 q_delta=0.404981 q_grad=0.002295
epoch=48 loss_total=0.785901 loss_rec=0.564099 valid_auc=0.691853 valid_rmse=0.473051 q_change=50 q_delta=0.405798 q_grad=0.002386
epoch=49 loss_total=0.782874 loss_rec=0.561054 valid_auc=0.693728 valid_rmse=0.472414 q_change=50 q_delta=0.406553 q_grad=0.002415
epoch=50 loss_total=0.777141 loss_rec=0.555247 valid_auc=0.691317 valid_rmse=0.474489 q_change=50 q_delta=0.407289 q_grad=0.002380
epoch=51 loss_total=0.775951 loss_rec=0.554115 valid_auc=0.693404 valid_rmse=0.475959 q_change=50 q_delta=0.407837 q_grad=0.002496
epoch=52 loss_total=0.777304 loss_rec=0.555489 valid_auc=0.691194 valid_rmse=0.474261 q_change=50 q_delta=0.408608 q_grad=0.002543
epoch=53 loss_total=0.777041 loss_rec=0.555168 valid_auc=0.693460 valid_rmse=0.472865 q_change=50 q_delta=0.409238 q_grad=0.002576
epoch=54 loss_total=0.768328 loss_rec=0.546439 valid_auc=0.689621 valid_rmse=0.475918 q_change=50 q_delta=0.409600 q_grad=0.002570
epoch=55 loss_total=0.765358 loss_rec=0.543516 valid_auc=0.694732 valid_rmse=0.472837 q_change=50 q_delta=0.410047 q_grad=0.002602
epoch=56 loss_total=0.765396 loss_rec=0.543531 valid_auc=0.689922 valid_rmse=0.475344 q_change=50 q_delta=0.410413 q_grad=0.002679
epoch=57 loss_total=0.762629 loss_rec=0.540739 valid_auc=0.689900 valid_rmse=0.477160 q_change=50 q_delta=0.410764 q_grad=0.002790
epoch=58 loss_total=0.756638 loss_rec=0.534784 valid_auc=0.688951 valid_rmse=0.479709 q_change=50 q_delta=0.411162 q_grad=0.002736
epoch=59 loss_total=0.757053 loss_rec=0.535330 valid_auc=0.691551 valid_rmse=0.474745 q_change=50 q_delta=0.411584 q_grad=0.002747
epoch=60 loss_total=0.755101 loss_rec=0.533439 valid_auc=0.691083 valid_rmse=0.475936 q_change=50 q_delta=0.411810 q_grad=0.002754
epoch=61 loss_total=0.752227 loss_rec=0.530507 valid_auc=0.688103 valid_rmse=0.476523 q_change=50 q_delta=0.412142 q_grad=0.002905
Early stopping at epoch 61; best_epoch=41.
Saved run to C:\Users\YAN_SHU_YU\Desktop\Generative-CD\Q_GNCDM\results\weak_q_lambda_sweep\lq_0p8_ls_0p9_lb_0p3\seed_2026\noise_0.20\weak-q_lq_0p8_ls_0p9_lb_0p3
Final metrics: q_hat_f1=0.193548 response_auc=0.689485 mastery_pearson=0.377888
