run=weak-q_lq_0p3_ls_0p7_lb_0p3 mode=weak-q noise=0.20 train=4200 valid=600 test=1200
epoch=1 loss_total=1.103284 loss_rec=0.725665 valid_auc=0.587600 valid_rmse=0.499758 q_change=57 q_delta=0.079219 q_grad=0.000716
epoch=2 loss_total=1.029671 loss_rec=0.705977 valid_auc=0.593661 valid_rmse=0.499342 q_change=57 q_delta=0.149872 q_grad=0.000654
epoch=3 loss_total=0.977351 loss_rec=0.700183 valid_auc=0.605413 valid_rmse=0.498633 q_change=57 q_delta=0.209290 q_grad=0.000585
epoch=4 loss_total=0.932943 loss_rec=0.694198 valid_auc=0.622310 valid_rmse=0.498086 q_change=57 q_delta=0.257364 q_grad=0.000512
epoch=5 loss_total=0.902837 loss_rec=0.694416 valid_auc=0.642600 valid_rmse=0.496462 q_change=57 q_delta=0.294815 q_grad=0.000443
epoch=6 loss_total=0.875241 loss_rec=0.690274 valid_auc=0.657712 valid_rmse=0.495774 q_change=57 q_delta=0.323341 q_grad=0.000389
epoch=7 loss_total=0.850653 loss_rec=0.683477 valid_auc=0.658337 valid_rmse=0.494015 q_change=57 q_delta=0.344736 q_grad=0.000358
epoch=8 loss_total=0.831316 loss_rec=0.677104 valid_auc=0.653951 valid_rmse=0.490454 q_change=57 q_delta=0.359751 q_grad=0.000371
epoch=9 loss_total=0.812411 loss_rec=0.667232 valid_auc=0.658996 valid_rmse=0.483695 q_change=57 q_delta=0.370588 q_grad=0.000462
epoch=10 loss_total=0.801914 loss_rec=0.663658 valid_auc=0.659922 valid_rmse=0.482304 q_change=57 q_delta=0.378930 q_grad=0.000557
epoch=11 loss_total=0.792362 loss_rec=0.659391 valid_auc=0.660513 valid_rmse=0.481163 q_change=57 q_delta=0.386151 q_grad=0.000664
epoch=12 loss_total=0.778623 loss_rec=0.650465 valid_auc=0.664185 valid_rmse=0.481805 q_change=57 q_delta=0.392100 q_grad=0.000730
epoch=13 loss_total=0.772832 loss_rec=0.648716 valid_auc=0.665937 valid_rmse=0.478640 q_change=57 q_delta=0.397253 q_grad=0.000750
epoch=14 loss_total=0.768783 loss_rec=0.647805 valid_auc=0.668326 valid_rmse=0.479992 q_change=57 q_delta=0.401124 q_grad=0.000837
epoch=15 loss_total=0.764827 loss_rec=0.646562 valid_auc=0.666451 valid_rmse=0.478361 q_change=57 q_delta=0.404861 q_grad=0.000889
epoch=16 loss_total=0.763269 loss_rec=0.647251 valid_auc=0.668047 valid_rmse=0.478262 q_change=57 q_delta=0.407699 q_grad=0.000985
epoch=17 loss_total=0.760679 loss_rec=0.646695 valid_auc=0.670100 valid_rmse=0.478717 q_change=57 q_delta=0.410208 q_grad=0.000966
epoch=18 loss_total=0.753852 loss_rec=0.641554 valid_auc=0.670536 valid_rmse=0.477879 q_change=57 q_delta=0.412507 q_grad=0.001006
epoch=19 loss_total=0.750883 loss_rec=0.640134 valid_auc=0.670547 valid_rmse=0.477754 q_change=57 q_delta=0.414469 q_grad=0.001085
epoch=20 loss_total=0.749515 loss_rec=0.640031 valid_auc=0.674208 valid_rmse=0.476303 q_change=57 q_delta=0.416318 q_grad=0.001184
epoch=21 loss_total=0.745514 loss_rec=0.637248 valid_auc=0.675056 valid_rmse=0.477202 q_change=57 q_delta=0.417628 q_grad=0.001145
epoch=22 loss_total=0.744391 loss_rec=0.637061 valid_auc=0.676641 valid_rmse=0.475927 q_change=57 q_delta=0.418897 q_grad=0.001259
epoch=23 loss_total=0.740701 loss_rec=0.634245 valid_auc=0.675748 valid_rmse=0.475543 q_change=57 q_delta=0.420183 q_grad=0.001278
epoch=24 loss_total=0.736051 loss_rec=0.630421 valid_auc=0.675848 valid_rmse=0.475977 q_change=57 q_delta=0.421180 q_grad=0.001337
epoch=25 loss_total=0.738611 loss_rec=0.633651 valid_auc=0.676540 valid_rmse=0.475651 q_change=57 q_delta=0.421965 q_grad=0.001468
epoch=26 loss_total=0.735955 loss_rec=0.631588 valid_auc=0.677522 valid_rmse=0.476428 q_change=57 q_delta=0.422713 q_grad=0.001481
epoch=27 loss_total=0.733542 loss_rec=0.629617 valid_auc=0.680658 valid_rmse=0.475916 q_change=57 q_delta=0.423254 q_grad=0.001496
epoch=28 loss_total=0.734891 loss_rec=0.631420 valid_auc=0.680435 valid_rmse=0.475063 q_change=57 q_delta=0.423942 q_grad=0.001584
epoch=29 loss_total=0.731190 loss_rec=0.628099 valid_auc=0.681585 valid_rmse=0.474845 q_change=57 q_delta=0.424400 q_grad=0.001649
epoch=30 loss_total=0.732084 loss_rec=0.629336 valid_auc=0.681730 valid_rmse=0.475146 q_change=57 q_delta=0.424734 q_grad=0.001638
epoch=31 loss_total=0.728385 loss_rec=0.625764 valid_auc=0.683761 valid_rmse=0.474540 q_change=57 q_delta=0.424950 q_grad=0.001686
epoch=32 loss_total=0.730024 loss_rec=0.627588 valid_auc=0.686094 valid_rmse=0.475339 q_change=57 q_delta=0.425004 q_grad=0.001758
epoch=33 loss_total=0.728454 loss_rec=0.626051 valid_auc=0.683326 valid_rmse=0.473785 q_change=57 q_delta=0.425297 q_grad=0.001740
epoch=34 loss_total=0.727232 loss_rec=0.624917 valid_auc=0.682857 valid_rmse=0.473561 q_change=57 q_delta=0.425259 q_grad=0.001770
epoch=35 loss_total=0.728248 loss_rec=0.625945 valid_auc=0.686194 valid_rmse=0.472807 q_change=56 q_delta=0.425625 q_grad=0.001759
epoch=36 loss_total=0.724737 loss_rec=0.622423 valid_auc=0.687768 valid_rmse=0.473473 q_change=56 q_delta=0.426120 q_grad=0.001802
epoch=37 loss_total=0.718687 loss_rec=0.616404 valid_auc=0.688248 valid_rmse=0.473048 q_change=56 q_delta=0.426724 q_grad=0.001825
epoch=38 loss_total=0.718162 loss_rec=0.616009 valid_auc=0.685859 valid_rmse=0.475558 q_change=56 q_delta=0.427228 q_grad=0.001941
epoch=39 loss_total=0.721272 loss_rec=0.619266 valid_auc=0.687455 valid_rmse=0.472780 q_change=56 q_delta=0.427817 q_grad=0.001880
epoch=40 loss_total=0.717277 loss_rec=0.615404 valid_auc=0.687533 valid_rmse=0.472962 q_change=56 q_delta=0.428140 q_grad=0.001919
epoch=41 loss_total=0.712927 loss_rec=0.611187 valid_auc=0.689520 valid_rmse=0.473134 q_change=56 q_delta=0.428446 q_grad=0.001933
epoch=42 loss_total=0.717458 loss_rec=0.615827 valid_auc=0.686161 valid_rmse=0.473495 q_change=56 q_delta=0.428791 q_grad=0.001987
epoch=43 loss_total=0.713193 loss_rec=0.611600 valid_auc=0.688214 valid_rmse=0.472675 q_change=56 q_delta=0.428831 q_grad=0.001925
epoch=44 loss_total=0.714177 loss_rec=0.612700 valid_auc=0.687779 valid_rmse=0.472940 q_change=56 q_delta=0.429125 q_grad=0.002000
epoch=45 loss_total=0.711228 loss_rec=0.609822 valid_auc=0.690056 valid_rmse=0.475226 q_change=56 q_delta=0.429115 q_grad=0.002023
epoch=46 loss_total=0.712291 loss_rec=0.610889 valid_auc=0.691507 valid_rmse=0.471318 q_change=56 q_delta=0.429335 q_grad=0.001970
epoch=47 loss_total=0.709465 loss_rec=0.608115 valid_auc=0.693828 valid_rmse=0.471574 q_change=56 q_delta=0.429316 q_grad=0.001991
epoch=48 loss_total=0.709514 loss_rec=0.608149 valid_auc=0.692411 valid_rmse=0.471032 q_change=55 q_delta=0.429388 q_grad=0.002027
epoch=49 loss_total=0.707182 loss_rec=0.605771 valid_auc=0.693025 valid_rmse=0.471008 q_change=55 q_delta=0.429409 q_grad=0.002049
epoch=50 loss_total=0.703022 loss_rec=0.601598 valid_auc=0.691574 valid_rmse=0.471765 q_change=55 q_delta=0.429897 q_grad=0.001950
epoch=51 loss_total=0.703069 loss_rec=0.601670 valid_auc=0.694520 valid_rmse=0.472446 q_change=55 q_delta=0.430245 q_grad=0.002082
epoch=52 loss_total=0.704131 loss_rec=0.602738 valid_auc=0.692288 valid_rmse=0.471303 q_change=55 q_delta=0.430731 q_grad=0.002088
epoch=53 loss_total=0.705713 loss_rec=0.604328 valid_auc=0.694643 valid_rmse=0.470742 q_change=55 q_delta=0.431096 q_grad=0.002079
epoch=54 loss_total=0.697803 loss_rec=0.596487 valid_auc=0.693594 valid_rmse=0.472082 q_change=55 q_delta=0.431405 q_grad=0.002044
epoch=55 loss_total=0.697455 loss_rec=0.596214 valid_auc=0.696484 valid_rmse=0.470611 q_change=54 q_delta=0.431701 q_grad=0.002099
epoch=56 loss_total=0.698739 loss_rec=0.597557 valid_auc=0.694687 valid_rmse=0.471013 q_change=54 q_delta=0.431997 q_grad=0.002135
epoch=57 loss_total=0.696950 loss_rec=0.595824 valid_auc=0.696094 valid_rmse=0.472859 q_change=54 q_delta=0.432142 q_grad=0.002196
epoch=58 loss_total=0.693635 loss_rec=0.592544 valid_auc=0.694074 valid_rmse=0.473222 q_change=54 q_delta=0.432403 q_grad=0.002156
epoch=59 loss_total=0.693363 loss_rec=0.592443 valid_auc=0.693382 valid_rmse=0.471362 q_change=54 q_delta=0.432883 q_grad=0.002151
epoch=60 loss_total=0.692790 loss_rec=0.591959 valid_auc=0.694576 valid_rmse=0.472611 q_change=54 q_delta=0.433096 q_grad=0.002187
epoch=61 loss_total=0.691599 loss_rec=0.590845 valid_auc=0.694275 valid_rmse=0.472248 q_change=54 q_delta=0.433453 q_grad=0.002235
epoch=62 loss_total=0.689471 loss_rec=0.588822 valid_auc=0.693549 valid_rmse=0.471733 q_change=54 q_delta=0.433724 q_grad=0.002190
epoch=63 loss_total=0.690652 loss_rec=0.590043 valid_auc=0.691987 valid_rmse=0.472927 q_change=54 q_delta=0.433862 q_grad=0.002228
epoch=64 loss_total=0.693375 loss_rec=0.592885 valid_auc=0.695848 valid_rmse=0.474129 q_change=54 q_delta=0.434034 q_grad=0.002282
epoch=65 loss_total=0.687500 loss_rec=0.587058 valid_auc=0.692924 valid_rmse=0.472128 q_change=54 q_delta=0.434379 q_grad=0.002181
epoch=66 loss_total=0.687991 loss_rec=0.587649 valid_auc=0.693817 valid_rmse=0.472840 q_change=54 q_delta=0.434537 q_grad=0.002317
epoch=67 loss_total=0.690393 loss_rec=0.590119 valid_auc=0.691239 valid_rmse=0.473997 q_change=54 q_delta=0.434699 q_grad=0.002302
epoch=68 loss_total=0.686210 loss_rec=0.586017 valid_auc=0.692031 valid_rmse=0.474992 q_change=54 q_delta=0.434852 q_grad=0.002307
epoch=69 loss_total=0.683020 loss_rec=0.582907 valid_auc=0.694877 valid_rmse=0.479849 q_change=54 q_delta=0.434891 q_grad=0.002392
epoch=70 loss_total=0.682408 loss_rec=0.582334 valid_auc=0.691094 valid_rmse=0.473108 q_change=54 q_delta=0.435204 q_grad=0.002393
epoch=71 loss_total=0.684761 loss_rec=0.584762 valid_auc=0.691618 valid_rmse=0.473337 q_change=54 q_delta=0.435316 q_grad=0.002403
epoch=72 loss_total=0.683448 loss_rec=0.583494 valid_auc=0.690357 valid_rmse=0.473828 q_change=54 q_delta=0.435460 q_grad=0.002418
epoch=73 loss_total=0.679631 loss_rec=0.579800 valid_auc=0.688203 valid_rmse=0.474259 q_change=54 q_delta=0.435610 q_grad=0.002472
epoch=74 loss_total=0.683920 loss_rec=0.584146 valid_auc=0.689353 valid_rmse=0.474807 q_change=54 q_delta=0.435696 q_grad=0.002414
epoch=75 loss_total=0.681962 loss_rec=0.582191 valid_auc=0.687556 valid_rmse=0.481286 q_change=54 q_delta=0.435654 q_grad=0.002424
Early stopping at epoch 75; best_epoch=55.
Saved run to C:\Users\YAN_SHU_YU\Desktop\Generative-CD\Q_GNCDM\results\weak_q_lambda_sweep\lq_0p3_ls_0p7_lb_0p3\seed_2026\noise_0.20\weak-q_lq_0p3_ls_0p7_lb_0p3
Final metrics: q_hat_f1=0.101695 response_auc=0.685618 mastery_pearson=0.314456
