run=weak-q_lq_0p4_ls_0p9_lb_0p6 mode=weak-q noise=0.20 train=4200 valid=600 test=1200
epoch=1 loss_total=1.263192 loss_rec=0.725668 valid_auc=0.587444 valid_rmse=0.499761 q_change=57 q_delta=0.079797 q_grad=0.000950
epoch=2 loss_total=1.169931 loss_rec=0.706037 valid_auc=0.592773 valid_rmse=0.499375 q_change=57 q_delta=0.152275 q_grad=0.000900
epoch=3 loss_total=1.097839 loss_rec=0.700382 valid_auc=0.602896 valid_rmse=0.498737 q_change=57 q_delta=0.213914 q_grad=0.000825
epoch=4 loss_total=1.035565 loss_rec=0.694649 valid_auc=0.618415 valid_rmse=0.498327 q_change=57 q_delta=0.263868 q_grad=0.000733
epoch=5 loss_total=0.990549 loss_rec=0.695265 valid_auc=0.638002 valid_rmse=0.496941 q_change=57 q_delta=0.302829 q_grad=0.000635
epoch=6 loss_total=0.951337 loss_rec=0.691940 valid_auc=0.653058 valid_rmse=0.496753 q_change=57 q_delta=0.332668 q_grad=0.000546
epoch=7 loss_total=0.918585 loss_rec=0.686973 valid_auc=0.655971 valid_rmse=0.496076 q_change=57 q_delta=0.355455 q_grad=0.000472
epoch=8 loss_total=0.894526 loss_rec=0.684165 valid_auc=0.649062 valid_rmse=0.494635 q_change=57 q_delta=0.372542 q_grad=0.000415
epoch=9 loss_total=0.874150 loss_rec=0.679788 valid_auc=0.652031 valid_rmse=0.490218 q_change=57 q_delta=0.385459 q_grad=0.000405
epoch=10 loss_total=0.859133 loss_rec=0.676934 valid_auc=0.654554 valid_rmse=0.487884 q_change=57 q_delta=0.394884 q_grad=0.000423
epoch=11 loss_total=0.843881 loss_rec=0.670484 valid_auc=0.654241 valid_rmse=0.485104 q_change=57 q_delta=0.402236 q_grad=0.000495
epoch=12 loss_total=0.825597 loss_rec=0.659627 valid_auc=0.656328 valid_rmse=0.485299 q_change=57 q_delta=0.408407 q_grad=0.000570
epoch=13 loss_total=0.816588 loss_rec=0.657063 valid_auc=0.658047 valid_rmse=0.481373 q_change=57 q_delta=0.413775 q_grad=0.000591
epoch=14 loss_total=0.809642 loss_rec=0.655288 valid_auc=0.661373 valid_rmse=0.482540 q_change=57 q_delta=0.418044 q_grad=0.000654
epoch=15 loss_total=0.804082 loss_rec=0.654241 valid_auc=0.659777 valid_rmse=0.480942 q_change=57 q_delta=0.421974 q_grad=0.000686
epoch=16 loss_total=0.800491 loss_rec=0.654375 valid_auc=0.660547 valid_rmse=0.481040 q_change=57 q_delta=0.425117 q_grad=0.000745
epoch=17 loss_total=0.797648 loss_rec=0.654926 valid_auc=0.662868 valid_rmse=0.481738 q_change=57 q_delta=0.427902 q_grad=0.000719
epoch=18 loss_total=0.790032 loss_rec=0.650215 valid_auc=0.663962 valid_rmse=0.480965 q_change=57 q_delta=0.430416 q_grad=0.000731
epoch=19 loss_total=0.785930 loss_rec=0.648653 valid_auc=0.663862 valid_rmse=0.480946 q_change=57 q_delta=0.432552 q_grad=0.000772
epoch=20 loss_total=0.784412 loss_rec=0.649310 valid_auc=0.667946 valid_rmse=0.479522 q_change=57 q_delta=0.434550 q_grad=0.000833
epoch=21 loss_total=0.779883 loss_rec=0.646863 valid_auc=0.666853 valid_rmse=0.480492 q_change=57 q_delta=0.436126 q_grad=0.000787
epoch=22 loss_total=0.779091 loss_rec=0.647781 valid_auc=0.666696 valid_rmse=0.479424 q_change=57 q_delta=0.437651 q_grad=0.000843
epoch=23 loss_total=0.774697 loss_rec=0.644992 valid_auc=0.665513 valid_rmse=0.479282 q_change=57 q_delta=0.439099 q_grad=0.000845
epoch=24 loss_total=0.770279 loss_rec=0.642077 valid_auc=0.666663 valid_rmse=0.479732 q_change=57 q_delta=0.440297 q_grad=0.000871
epoch=25 loss_total=0.772372 loss_rec=0.645414 valid_auc=0.665569 valid_rmse=0.479212 q_change=57 q_delta=0.441353 q_grad=0.000935
epoch=26 loss_total=0.769628 loss_rec=0.643834 valid_auc=0.665435 valid_rmse=0.479707 q_change=57 q_delta=0.442342 q_grad=0.000941
epoch=27 loss_total=0.767568 loss_rec=0.642779 valid_auc=0.667098 valid_rmse=0.479202 q_change=57 q_delta=0.443235 q_grad=0.000939
epoch=28 loss_total=0.767941 loss_rec=0.644123 valid_auc=0.667868 valid_rmse=0.478621 q_change=57 q_delta=0.444072 q_grad=0.000973
epoch=29 loss_total=0.765296 loss_rec=0.642349 valid_auc=0.668984 valid_rmse=0.478538 q_change=57 q_delta=0.444819 q_grad=0.001014
epoch=30 loss_total=0.766098 loss_rec=0.643940 valid_auc=0.670045 valid_rmse=0.478949 q_change=57 q_delta=0.445433 q_grad=0.001009
epoch=31 loss_total=0.762269 loss_rec=0.640766 valid_auc=0.668873 valid_rmse=0.478101 q_change=57 q_delta=0.446117 q_grad=0.001030
epoch=32 loss_total=0.764208 loss_rec=0.643388 valid_auc=0.670123 valid_rmse=0.478752 q_change=57 q_delta=0.446612 q_grad=0.001072
epoch=33 loss_total=0.762901 loss_rec=0.642601 valid_auc=0.669431 valid_rmse=0.477519 q_change=57 q_delta=0.447264 q_grad=0.001063
epoch=34 loss_total=0.761794 loss_rec=0.642112 valid_auc=0.668549 valid_rmse=0.477224 q_change=57 q_delta=0.447687 q_grad=0.001086
epoch=35 loss_total=0.763501 loss_rec=0.644323 valid_auc=0.669743 valid_rmse=0.476886 q_change=57 q_delta=0.448112 q_grad=0.001080
epoch=36 loss_total=0.759952 loss_rec=0.641219 valid_auc=0.670725 valid_rmse=0.478148 q_change=57 q_delta=0.448444 q_grad=0.001121
epoch=37 loss_total=0.755789 loss_rec=0.637492 valid_auc=0.671674 valid_rmse=0.477139 q_change=57 q_delta=0.448835 q_grad=0.001145
epoch=38 loss_total=0.754434 loss_rec=0.636513 valid_auc=0.672076 valid_rmse=0.478108 q_change=57 q_delta=0.449154 q_grad=0.001226
epoch=39 loss_total=0.757830 loss_rec=0.640300 valid_auc=0.671908 valid_rmse=0.476510 q_change=57 q_delta=0.449592 q_grad=0.001209
epoch=40 loss_total=0.754462 loss_rec=0.637327 valid_auc=0.672645 valid_rmse=0.476770 q_change=57 q_delta=0.449865 q_grad=0.001249
epoch=41 loss_total=0.750925 loss_rec=0.634113 valid_auc=0.674766 valid_rmse=0.476799 q_change=57 q_delta=0.450113 q_grad=0.001261
epoch=42 loss_total=0.755498 loss_rec=0.638961 valid_auc=0.671484 valid_rmse=0.477073 q_change=57 q_delta=0.450390 q_grad=0.001310
epoch=43 loss_total=0.752166 loss_rec=0.635873 valid_auc=0.672121 valid_rmse=0.476726 q_change=57 q_delta=0.450576 q_grad=0.001284
epoch=44 loss_total=0.752644 loss_rec=0.636590 valid_auc=0.672645 valid_rmse=0.477036 q_change=57 q_delta=0.450809 q_grad=0.001344
epoch=45 loss_total=0.750263 loss_rec=0.634451 valid_auc=0.675022 valid_rmse=0.478115 q_change=57 q_delta=0.450943 q_grad=0.001383
epoch=46 loss_total=0.752367 loss_rec=0.636713 valid_auc=0.676150 valid_rmse=0.475446 q_change=57 q_delta=0.451167 q_grad=0.001381
epoch=47 loss_total=0.749618 loss_rec=0.634158 valid_auc=0.677288 valid_rmse=0.475880 q_change=57 q_delta=0.451265 q_grad=0.001411
epoch=48 loss_total=0.751255 loss_rec=0.635937 valid_auc=0.679018 valid_rmse=0.474812 q_change=57 q_delta=0.451416 q_grad=0.001431
epoch=49 loss_total=0.749171 loss_rec=0.633932 valid_auc=0.678962 valid_rmse=0.474970 q_change=57 q_delta=0.451513 q_grad=0.001473
epoch=50 loss_total=0.745656 loss_rec=0.630555 valid_auc=0.677411 valid_rmse=0.475106 q_change=57 q_delta=0.451588 q_grad=0.001427
epoch=51 loss_total=0.746637 loss_rec=0.631599 valid_auc=0.678694 valid_rmse=0.476989 q_change=57 q_delta=0.451576 q_grad=0.001566
epoch=52 loss_total=0.747684 loss_rec=0.632701 valid_auc=0.679252 valid_rmse=0.474992 q_change=57 q_delta=0.451676 q_grad=0.001588
epoch=53 loss_total=0.749158 loss_rec=0.634249 valid_auc=0.680379 valid_rmse=0.474701 q_change=57 q_delta=0.451728 q_grad=0.001578
epoch=54 loss_total=0.741357 loss_rec=0.626457 valid_auc=0.680748 valid_rmse=0.475524 q_change=57 q_delta=0.451663 q_grad=0.001585
epoch=55 loss_total=0.742152 loss_rec=0.627207 valid_auc=0.683683 valid_rmse=0.474010 q_change=57 q_delta=0.451659 q_grad=0.001627
epoch=56 loss_total=0.743557 loss_rec=0.628604 valid_auc=0.682746 valid_rmse=0.473933 q_change=57 q_delta=0.451647 q_grad=0.001703
epoch=57 loss_total=0.742781 loss_rec=0.627777 valid_auc=0.683783 valid_rmse=0.476525 q_change=57 q_delta=0.451505 q_grad=0.001736
epoch=58 loss_total=0.739064 loss_rec=0.623945 valid_auc=0.685022 valid_rmse=0.475518 q_change=57 q_delta=0.451438 q_grad=0.001722
epoch=59 loss_total=0.739780 loss_rec=0.624624 valid_auc=0.684342 valid_rmse=0.473548 q_change=57 q_delta=0.451388 q_grad=0.001757
epoch=60 loss_total=0.738995 loss_rec=0.623728 valid_auc=0.687991 valid_rmse=0.473321 q_change=57 q_delta=0.451193 q_grad=0.001779
epoch=61 loss_total=0.738911 loss_rec=0.623398 valid_auc=0.686652 valid_rmse=0.473782 q_change=57 q_delta=0.451023 q_grad=0.001816
epoch=62 loss_total=0.737945 loss_rec=0.622308 valid_auc=0.687121 valid_rmse=0.472468 q_change=57 q_delta=0.450903 q_grad=0.001780
epoch=63 loss_total=0.739046 loss_rec=0.623227 valid_auc=0.687690 valid_rmse=0.472853 q_change=57 q_delta=0.450634 q_grad=0.001765
epoch=64 loss_total=0.740952 loss_rec=0.624947 valid_auc=0.690112 valid_rmse=0.474887 q_change=57 q_delta=0.450370 q_grad=0.001845
epoch=65 loss_total=0.734859 loss_rec=0.618601 valid_auc=0.689833 valid_rmse=0.471640 q_change=57 q_delta=0.450197 q_grad=0.001743
epoch=66 loss_total=0.735918 loss_rec=0.619496 valid_auc=0.692366 valid_rmse=0.471870 q_change=57 q_delta=0.449926 q_grad=0.001838
epoch=67 loss_total=0.737138 loss_rec=0.620517 valid_auc=0.688627 valid_rmse=0.473321 q_change=56 q_delta=0.449754 q_grad=0.001807
epoch=68 loss_total=0.733427 loss_rec=0.616660 valid_auc=0.691708 valid_rmse=0.472869 q_change=56 q_delta=0.449571 q_grad=0.001817
epoch=69 loss_total=0.729832 loss_rec=0.612909 valid_auc=0.694196 valid_rmse=0.478017 q_change=56 q_delta=0.449698 q_grad=0.001864
epoch=70 loss_total=0.730199 loss_rec=0.613150 valid_auc=0.691563 valid_rmse=0.471419 q_change=56 q_delta=0.449992 q_grad=0.001864
epoch=71 loss_total=0.731500 loss_rec=0.614468 valid_auc=0.692567 valid_rmse=0.471277 q_change=56 q_delta=0.450205 q_grad=0.001853
epoch=72 loss_total=0.730319 loss_rec=0.613201 valid_auc=0.691507 valid_rmse=0.472054 q_change=56 q_delta=0.450322 q_grad=0.001876
epoch=73 loss_total=0.728225 loss_rec=0.611101 valid_auc=0.690056 valid_rmse=0.471956 q_change=56 q_delta=0.450515 q_grad=0.001912
epoch=74 loss_total=0.731289 loss_rec=0.614154 valid_auc=0.691696 valid_rmse=0.472242 q_change=56 q_delta=0.450600 q_grad=0.001865
epoch=75 loss_total=0.729635 loss_rec=0.612470 valid_auc=0.691473 valid_rmse=0.477003 q_change=56 q_delta=0.450594 q_grad=0.001845
epoch=76 loss_total=0.729821 loss_rec=0.612548 valid_auc=0.690112 valid_rmse=0.471792 q_change=55 q_delta=0.450673 q_grad=0.001836
epoch=77 loss_total=0.723645 loss_rec=0.606336 valid_auc=0.690882 valid_rmse=0.475036 q_change=55 q_delta=0.450635 q_grad=0.001818
epoch=78 loss_total=0.725403 loss_rec=0.608078 valid_auc=0.691239 valid_rmse=0.472964 q_change=55 q_delta=0.450665 q_grad=0.001942
epoch=79 loss_total=0.725058 loss_rec=0.607703 valid_auc=0.690547 valid_rmse=0.472443 q_change=55 q_delta=0.450771 q_grad=0.002014
epoch=80 loss_total=0.724391 loss_rec=0.607011 valid_auc=0.691708 valid_rmse=0.471529 q_change=55 q_delta=0.450723 q_grad=0.001913
epoch=81 loss_total=0.721105 loss_rec=0.603605 valid_auc=0.692009 valid_rmse=0.472695 q_change=55 q_delta=0.450597 q_grad=0.001976
epoch=82 loss_total=0.721234 loss_rec=0.603712 valid_auc=0.692132 valid_rmse=0.472538 q_change=55 q_delta=0.450628 q_grad=0.001976
epoch=83 loss_total=0.719341 loss_rec=0.601769 valid_auc=0.693248 valid_rmse=0.475592 q_change=54 q_delta=0.450535 q_grad=0.001950
epoch=84 loss_total=0.719974 loss_rec=0.602285 valid_auc=0.693828 valid_rmse=0.472370 q_change=54 q_delta=0.450607 q_grad=0.002004
epoch=85 loss_total=0.720926 loss_rec=0.603206 valid_auc=0.692857 valid_rmse=0.475672 q_change=54 q_delta=0.450824 q_grad=0.002027
epoch=86 loss_total=0.722877 loss_rec=0.605113 valid_auc=0.692589 valid_rmse=0.473258 q_change=54 q_delta=0.451123 q_grad=0.002014
epoch=87 loss_total=0.717724 loss_rec=0.599903 valid_auc=0.692288 valid_rmse=0.472700 q_change=54 q_delta=0.451429 q_grad=0.001973
epoch=88 loss_total=0.712082 loss_rec=0.594225 valid_auc=0.691406 valid_rmse=0.473303 q_change=54 q_delta=0.451676 q_grad=0.002021
epoch=89 loss_total=0.713524 loss_rec=0.595629 valid_auc=0.693270 valid_rmse=0.477444 q_change=54 q_delta=0.451919 q_grad=0.002060
Early stopping at epoch 89; best_epoch=69.
Saved run to C:\Users\YAN_SHU_YU\Desktop\Generative-CD\Q_GNCDM\results\weak_q_lambda_sweep\lq_0p4_ls_0p9_lb_0p6\seed_2026\noise_0.20\weak-q_lq_0p4_ls_0p9_lb_0p6
Final metrics: q_hat_f1=0.035088 response_auc=0.683378 mastery_pearson=0.275099
