run=weak-q_lq_0p5_ls_0p5_lb_0p3 mode=weak-q noise=0.20 train=4200 valid=600 test=1200
epoch=1 loss_total=1.017016 loss_rec=0.725657 valid_auc=0.587757 valid_rmse=0.499751 q_change=57 q_delta=0.078083 q_grad=0.000498
epoch=2 loss_total=0.961791 loss_rec=0.705859 valid_auc=0.594810 valid_rmse=0.499277 q_change=57 q_delta=0.145076 q_grad=0.000424
epoch=3 loss_total=0.927898 loss_rec=0.699767 valid_auc=0.609230 valid_rmse=0.498407 q_change=57 q_delta=0.199704 q_grad=0.000364
epoch=4 loss_total=0.899937 loss_rec=0.693168 valid_auc=0.630123 valid_rmse=0.497505 q_change=57 q_delta=0.243154 q_grad=0.000315
epoch=5 loss_total=0.883178 loss_rec=0.692161 valid_auc=0.651875 valid_rmse=0.495110 q_change=57 q_delta=0.275957 q_grad=0.000292
epoch=6 loss_total=0.864706 loss_rec=0.684947 valid_auc=0.664263 valid_rmse=0.492421 q_change=57 q_delta=0.299123 q_grad=0.000301
epoch=7 loss_total=0.842866 loss_rec=0.670572 valid_auc=0.664051 valid_rmse=0.486572 q_change=57 q_delta=0.313872 q_grad=0.000371
epoch=8 loss_total=0.823841 loss_rec=0.655845 valid_auc=0.663426 valid_rmse=0.481496 q_change=57 q_delta=0.322724 q_grad=0.000555
epoch=9 loss_total=0.810555 loss_rec=0.645665 valid_auc=0.672333 valid_rmse=0.476839 q_change=57 q_delta=0.330491 q_grad=0.000740
epoch=10 loss_total=0.808873 loss_rec=0.646801 valid_auc=0.673839 valid_rmse=0.477008 q_change=57 q_delta=0.336292 q_grad=0.000847
epoch=11 loss_total=0.803490 loss_rec=0.643295 valid_auc=0.675770 valid_rmse=0.475458 q_change=57 q_delta=0.341104 q_grad=0.000991
epoch=12 loss_total=0.792175 loss_rec=0.633590 valid_auc=0.679342 valid_rmse=0.475876 q_change=57 q_delta=0.344316 q_grad=0.001092
epoch=13 loss_total=0.787286 loss_rec=0.629956 valid_auc=0.680971 valid_rmse=0.473541 q_change=57 q_delta=0.347352 q_grad=0.001154
epoch=14 loss_total=0.785658 loss_rec=0.629170 valid_auc=0.680871 valid_rmse=0.474843 q_change=57 q_delta=0.348805 q_grad=0.001290
epoch=15 loss_total=0.781315 loss_rec=0.625455 valid_auc=0.681629 valid_rmse=0.473213 q_change=57 q_delta=0.350598 q_grad=0.001391
epoch=16 loss_total=0.781474 loss_rec=0.626088 valid_auc=0.684475 valid_rmse=0.473201 q_change=56 q_delta=0.351478 q_grad=0.001527
epoch=17 loss_total=0.777664 loss_rec=0.622731 valid_auc=0.683917 valid_rmse=0.473262 q_change=56 q_delta=0.352998 q_grad=0.001489
epoch=18 loss_total=0.770848 loss_rec=0.616213 valid_auc=0.685212 valid_rmse=0.472928 q_change=56 q_delta=0.354563 q_grad=0.001543
epoch=19 loss_total=0.769193 loss_rec=0.615014 valid_auc=0.685357 valid_rmse=0.474019 q_change=55 q_delta=0.356042 q_grad=0.001662
epoch=20 loss_total=0.766249 loss_rec=0.612303 valid_auc=0.687232 valid_rmse=0.472171 q_change=55 q_delta=0.357373 q_grad=0.001747
epoch=21 loss_total=0.761555 loss_rec=0.607919 valid_auc=0.688069 valid_rmse=0.473895 q_change=55 q_delta=0.358496 q_grad=0.001674
epoch=22 loss_total=0.758732 loss_rec=0.605320 valid_auc=0.688080 valid_rmse=0.473249 q_change=53 q_delta=0.359806 q_grad=0.001818
epoch=23 loss_total=0.755960 loss_rec=0.602809 valid_auc=0.685301 valid_rmse=0.473134 q_change=53 q_delta=0.361575 q_grad=0.001788
epoch=24 loss_total=0.750819 loss_rec=0.597945 valid_auc=0.684174 valid_rmse=0.474090 q_change=51 q_delta=0.363412 q_grad=0.001815
epoch=25 loss_total=0.751469 loss_rec=0.598850 valid_auc=0.684955 valid_rmse=0.474083 q_change=51 q_delta=0.365076 q_grad=0.001936
epoch=26 loss_total=0.748611 loss_rec=0.596209 valid_auc=0.687154 valid_rmse=0.474504 q_change=51 q_delta=0.366904 q_grad=0.001921
epoch=27 loss_total=0.744730 loss_rec=0.592509 valid_auc=0.687065 valid_rmse=0.475669 q_change=51 q_delta=0.368687 q_grad=0.001900
epoch=28 loss_total=0.747144 loss_rec=0.595152 valid_auc=0.687333 valid_rmse=0.474447 q_change=51 q_delta=0.370347 q_grad=0.001981
epoch=29 loss_total=0.740076 loss_rec=0.588302 valid_auc=0.689475 valid_rmse=0.473866 q_change=51 q_delta=0.371804 q_grad=0.002005
epoch=30 loss_total=0.738847 loss_rec=0.587221 valid_auc=0.690837 valid_rmse=0.474578 q_change=51 q_delta=0.373049 q_grad=0.001991
epoch=31 loss_total=0.734481 loss_rec=0.582991 valid_auc=0.690826 valid_rmse=0.474228 q_change=51 q_delta=0.374366 q_grad=0.002026
epoch=32 loss_total=0.735213 loss_rec=0.583877 valid_auc=0.692757 valid_rmse=0.474032 q_change=51 q_delta=0.375624 q_grad=0.002083
epoch=33 loss_total=0.731904 loss_rec=0.580668 valid_auc=0.691451 valid_rmse=0.472176 q_change=51 q_delta=0.376825 q_grad=0.002087
epoch=34 loss_total=0.731115 loss_rec=0.580055 valid_auc=0.690156 valid_rmse=0.472656 q_change=49 q_delta=0.377637 q_grad=0.002078
epoch=35 loss_total=0.730222 loss_rec=0.579270 valid_auc=0.693605 valid_rmse=0.471480 q_change=49 q_delta=0.378693 q_grad=0.002075
epoch=36 loss_total=0.723012 loss_rec=0.572094 valid_auc=0.694587 valid_rmse=0.472294 q_change=49 q_delta=0.379572 q_grad=0.002155
epoch=37 loss_total=0.718650 loss_rec=0.567798 valid_auc=0.693538 valid_rmse=0.473645 q_change=49 q_delta=0.380718 q_grad=0.002162
epoch=38 loss_total=0.714849 loss_rec=0.564134 valid_auc=0.693382 valid_rmse=0.474718 q_change=49 q_delta=0.381739 q_grad=0.002280
epoch=39 loss_total=0.714284 loss_rec=0.563660 valid_auc=0.691875 valid_rmse=0.472600 q_change=49 q_delta=0.383133 q_grad=0.002234
epoch=40 loss_total=0.710489 loss_rec=0.559965 valid_auc=0.692623 valid_rmse=0.473228 q_change=49 q_delta=0.383861 q_grad=0.002304
epoch=41 loss_total=0.704385 loss_rec=0.553987 valid_auc=0.693259 valid_rmse=0.475135 q_change=49 q_delta=0.384722 q_grad=0.002319
epoch=42 loss_total=0.706125 loss_rec=0.555813 valid_auc=0.690391 valid_rmse=0.474285 q_change=49 q_delta=0.385746 q_grad=0.002451
epoch=43 loss_total=0.700018 loss_rec=0.549776 valid_auc=0.692310 valid_rmse=0.475096 q_change=49 q_delta=0.386272 q_grad=0.002428
epoch=44 loss_total=0.697772 loss_rec=0.547633 valid_auc=0.690089 valid_rmse=0.476023 q_change=49 q_delta=0.387178 q_grad=0.002491
epoch=45 loss_total=0.692079 loss_rec=0.542060 valid_auc=0.689688 valid_rmse=0.480397 q_change=49 q_delta=0.387587 q_grad=0.002547
epoch=46 loss_total=0.691611 loss_rec=0.541621 valid_auc=0.694074 valid_rmse=0.474438 q_change=50 q_delta=0.388436 q_grad=0.002538
epoch=47 loss_total=0.687680 loss_rec=0.537776 valid_auc=0.690234 valid_rmse=0.477969 q_change=50 q_delta=0.388895 q_grad=0.002560
epoch=48 loss_total=0.684236 loss_rec=0.534407 valid_auc=0.690480 valid_rmse=0.476934 q_change=50 q_delta=0.389495 q_grad=0.002646
epoch=49 loss_total=0.679336 loss_rec=0.529566 valid_auc=0.692042 valid_rmse=0.475943 q_change=50 q_delta=0.389783 q_grad=0.002653
epoch=50 loss_total=0.674339 loss_rec=0.524623 valid_auc=0.689040 valid_rmse=0.479073 q_change=49 q_delta=0.390199 q_grad=0.002663
epoch=51 loss_total=0.672895 loss_rec=0.523295 valid_auc=0.690246 valid_rmse=0.480030 q_change=49 q_delta=0.390479 q_grad=0.002735
epoch=52 loss_total=0.674272 loss_rec=0.524739 valid_auc=0.690056 valid_rmse=0.478260 q_change=48 q_delta=0.391061 q_grad=0.002789
epoch=53 loss_total=0.674348 loss_rec=0.524865 valid_auc=0.689710 valid_rmse=0.477681 q_change=48 q_delta=0.391434 q_grad=0.002806
epoch=54 loss_total=0.666397 loss_rec=0.516953 valid_auc=0.685458 valid_rmse=0.480804 q_change=48 q_delta=0.391789 q_grad=0.002816
epoch=55 loss_total=0.662053 loss_rec=0.512674 valid_auc=0.691987 valid_rmse=0.477533 q_change=48 q_delta=0.392222 q_grad=0.002783
epoch=56 loss_total=0.661688 loss_rec=0.512357 valid_auc=0.687288 valid_rmse=0.480123 q_change=48 q_delta=0.392464 q_grad=0.002856
Early stopping at epoch 56; best_epoch=36.
Saved run to C:\Users\YAN_SHU_YU\Desktop\Generative-CD\Q_GNCDM\results\weak_q_lambda_sweep\lq_0p5_ls_0p5_lb_0p3\seed_2026\noise_0.20\weak-q_lq_0p5_ls_0p5_lb_0p3
Final metrics: q_hat_f1=0.250000 response_auc=0.692487 mastery_pearson=0.407854
