run=weak-q_lq_0p8_ls_0p5_lb_0p2 mode=weak-q noise=0.20 train=4200 valid=600 test=1200
epoch=1 loss_total=0.993468 loss_rec=0.725650 valid_auc=0.587801 valid_rmse=0.499745 q_change=57 q_delta=0.076475 q_grad=0.000462
epoch=2 loss_total=0.944232 loss_rec=0.705709 valid_auc=0.595346 valid_rmse=0.499211 q_change=57 q_delta=0.137281 q_grad=0.000343
epoch=3 loss_total=0.919214 loss_rec=0.699220 valid_auc=0.610469 valid_rmse=0.498146 q_change=57 q_delta=0.183009 q_grad=0.000268
epoch=4 loss_total=0.900008 loss_rec=0.691643 valid_auc=0.633153 valid_rmse=0.496684 q_change=57 q_delta=0.216755 q_grad=0.000231
epoch=5 loss_total=0.889686 loss_rec=0.688195 valid_auc=0.654297 valid_rmse=0.492785 q_change=57 q_delta=0.239079 q_grad=0.000248
epoch=6 loss_total=0.872168 loss_rec=0.674204 valid_auc=0.666362 valid_rmse=0.486301 q_change=57 q_delta=0.250469 q_grad=0.000341
epoch=7 loss_total=0.846349 loss_rec=0.649620 valid_auc=0.670569 valid_rmse=0.479267 q_change=57 q_delta=0.255100 q_grad=0.000535
epoch=8 loss_total=0.832489 loss_rec=0.636248 valid_auc=0.675268 valid_rmse=0.477135 q_change=57 q_delta=0.258606 q_grad=0.000800
epoch=9 loss_total=0.823058 loss_rec=0.627527 valid_auc=0.684208 valid_rmse=0.472795 q_change=57 q_delta=0.261937 q_grad=0.000973
epoch=10 loss_total=0.824441 loss_rec=0.629705 valid_auc=0.681384 valid_rmse=0.474576 q_change=57 q_delta=0.264837 q_grad=0.001058
epoch=11 loss_total=0.821309 loss_rec=0.626934 valid_auc=0.681629 valid_rmse=0.473204 q_change=57 q_delta=0.268014 q_grad=0.001187
epoch=12 loss_total=0.811846 loss_rec=0.617913 valid_auc=0.681272 valid_rmse=0.475063 q_change=57 q_delta=0.270386 q_grad=0.001245
epoch=13 loss_total=0.808356 loss_rec=0.614890 valid_auc=0.681094 valid_rmse=0.473702 q_change=56 q_delta=0.273858 q_grad=0.001246
epoch=14 loss_total=0.808983 loss_rec=0.615827 valid_auc=0.680167 valid_rmse=0.475852 q_change=55 q_delta=0.275783 q_grad=0.001324
epoch=15 loss_total=0.805191 loss_rec=0.612247 valid_auc=0.681641 valid_rmse=0.474276 q_change=54 q_delta=0.278662 q_grad=0.001356
epoch=16 loss_total=0.807173 loss_rec=0.614352 valid_auc=0.682344 valid_rmse=0.474676 q_change=54 q_delta=0.280938 q_grad=0.001451
epoch=17 loss_total=0.803281 loss_rec=0.610702 valid_auc=0.681094 valid_rmse=0.474625 q_change=53 q_delta=0.283366 q_grad=0.001378
epoch=18 loss_total=0.798377 loss_rec=0.605856 valid_auc=0.681942 valid_rmse=0.474575 q_change=52 q_delta=0.285646 q_grad=0.001409
epoch=19 loss_total=0.797693 loss_rec=0.605329 valid_auc=0.682824 valid_rmse=0.475277 q_change=52 q_delta=0.288365 q_grad=0.001495
epoch=20 loss_total=0.795632 loss_rec=0.603250 valid_auc=0.684676 valid_rmse=0.473816 q_change=50 q_delta=0.291135 q_grad=0.001567
epoch=21 loss_total=0.791136 loss_rec=0.598703 valid_auc=0.685469 valid_rmse=0.474860 q_change=50 q_delta=0.293153 q_grad=0.001494
epoch=22 loss_total=0.789178 loss_rec=0.596654 valid_auc=0.683605 valid_rmse=0.474941 q_change=50 q_delta=0.295585 q_grad=0.001614
epoch=23 loss_total=0.787099 loss_rec=0.594446 valid_auc=0.682143 valid_rmse=0.474746 q_change=50 q_delta=0.298221 q_grad=0.001579
epoch=24 loss_total=0.782370 loss_rec=0.589599 valid_auc=0.681886 valid_rmse=0.475440 q_change=50 q_delta=0.300814 q_grad=0.001620
epoch=25 loss_total=0.782391 loss_rec=0.589365 valid_auc=0.683627 valid_rmse=0.475419 q_change=50 q_delta=0.303068 q_grad=0.001723
epoch=26 loss_total=0.779768 loss_rec=0.586555 valid_auc=0.685647 valid_rmse=0.475450 q_change=50 q_delta=0.305319 q_grad=0.001711
epoch=27 loss_total=0.775737 loss_rec=0.582227 valid_auc=0.686127 valid_rmse=0.476761 q_change=49 q_delta=0.307402 q_grad=0.001709
epoch=28 loss_total=0.778376 loss_rec=0.584613 valid_auc=0.685625 valid_rmse=0.475880 q_change=47 q_delta=0.309582 q_grad=0.001815
epoch=29 loss_total=0.771254 loss_rec=0.577278 valid_auc=0.688136 valid_rmse=0.475122 q_change=46 q_delta=0.311430 q_grad=0.001820
epoch=30 loss_total=0.768948 loss_rec=0.574615 valid_auc=0.689609 valid_rmse=0.476250 q_change=45 q_delta=0.312953 q_grad=0.001866
epoch=31 loss_total=0.764379 loss_rec=0.569720 valid_auc=0.687600 valid_rmse=0.476205 q_change=44 q_delta=0.314872 q_grad=0.001880
epoch=32 loss_total=0.764336 loss_rec=0.569366 valid_auc=0.691998 valid_rmse=0.475013 q_change=43 q_delta=0.317087 q_grad=0.001934
epoch=33 loss_total=0.759043 loss_rec=0.563691 valid_auc=0.689754 valid_rmse=0.474384 q_change=41 q_delta=0.319208 q_grad=0.001969
epoch=34 loss_total=0.758060 loss_rec=0.562423 valid_auc=0.690000 valid_rmse=0.474410 q_change=41 q_delta=0.320910 q_grad=0.001966
epoch=35 loss_total=0.757473 loss_rec=0.561532 valid_auc=0.692924 valid_rmse=0.473251 q_change=41 q_delta=0.322649 q_grad=0.001994
epoch=36 loss_total=0.748896 loss_rec=0.552594 valid_auc=0.692645 valid_rmse=0.473551 q_change=39 q_delta=0.323947 q_grad=0.002076
epoch=37 loss_total=0.743928 loss_rec=0.547258 valid_auc=0.690636 valid_rmse=0.476345 q_change=38 q_delta=0.325526 q_grad=0.002098
epoch=38 loss_total=0.738028 loss_rec=0.541171 valid_auc=0.690547 valid_rmse=0.477207 q_change=38 q_delta=0.327110 q_grad=0.002197
epoch=39 loss_total=0.737406 loss_rec=0.540290 valid_auc=0.691328 valid_rmse=0.475618 q_change=38 q_delta=0.329116 q_grad=0.002191
epoch=40 loss_total=0.734123 loss_rec=0.536791 valid_auc=0.690737 valid_rmse=0.476584 q_change=38 q_delta=0.330552 q_grad=0.002255
epoch=41 loss_total=0.727153 loss_rec=0.529680 valid_auc=0.691596 valid_rmse=0.479012 q_change=37 q_delta=0.332330 q_grad=0.002250
epoch=42 loss_total=0.730047 loss_rec=0.532433 valid_auc=0.689286 valid_rmse=0.477654 q_change=36 q_delta=0.334075 q_grad=0.002407
epoch=43 loss_total=0.723417 loss_rec=0.525656 valid_auc=0.691283 valid_rmse=0.478573 q_change=35 q_delta=0.335340 q_grad=0.002375
epoch=44 loss_total=0.721397 loss_rec=0.523529 valid_auc=0.690915 valid_rmse=0.477562 q_change=34 q_delta=0.336704 q_grad=0.002395
epoch=45 loss_total=0.716914 loss_rec=0.518985 valid_auc=0.689074 valid_rmse=0.482955 q_change=35 q_delta=0.337608 q_grad=0.002387
epoch=46 loss_total=0.716685 loss_rec=0.518620 valid_auc=0.694955 valid_rmse=0.477127 q_change=36 q_delta=0.339198 q_grad=0.002439
epoch=47 loss_total=0.714202 loss_rec=0.516082 valid_auc=0.691585 valid_rmse=0.480610 q_change=34 q_delta=0.340103 q_grad=0.002403
epoch=48 loss_total=0.713259 loss_rec=0.515111 valid_auc=0.691317 valid_rmse=0.479419 q_change=34 q_delta=0.341243 q_grad=0.002472
epoch=49 loss_total=0.707403 loss_rec=0.509215 valid_auc=0.693438 valid_rmse=0.477968 q_change=33 q_delta=0.341963 q_grad=0.002461
epoch=50 loss_total=0.703227 loss_rec=0.505019 valid_auc=0.691094 valid_rmse=0.482007 q_change=33 q_delta=0.343095 q_grad=0.002451
epoch=51 loss_total=0.704029 loss_rec=0.505844 valid_auc=0.692467 valid_rmse=0.482049 q_change=33 q_delta=0.343756 q_grad=0.002536
epoch=52 loss_total=0.705036 loss_rec=0.506834 valid_auc=0.691250 valid_rmse=0.480612 q_change=32 q_delta=0.344835 q_grad=0.002549
epoch=53 loss_total=0.706614 loss_rec=0.508387 valid_auc=0.690837 valid_rmse=0.479937 q_change=32 q_delta=0.345537 q_grad=0.002542
epoch=54 loss_total=0.699781 loss_rec=0.501488 valid_auc=0.688873 valid_rmse=0.481570 q_change=31 q_delta=0.346364 q_grad=0.002575
epoch=55 loss_total=0.695223 loss_rec=0.496937 valid_auc=0.697891 valid_rmse=0.477670 q_change=31 q_delta=0.347369 q_grad=0.002530
epoch=56 loss_total=0.694900 loss_rec=0.496603 valid_auc=0.693728 valid_rmse=0.480980 q_change=31 q_delta=0.348044 q_grad=0.002548
epoch=57 loss_total=0.695194 loss_rec=0.496842 valid_auc=0.689955 valid_rmse=0.483658 q_change=31 q_delta=0.348893 q_grad=0.002682
epoch=58 loss_total=0.688810 loss_rec=0.490431 valid_auc=0.691808 valid_rmse=0.483714 q_change=31 q_delta=0.349963 q_grad=0.002607
epoch=59 loss_total=0.686377 loss_rec=0.488041 valid_auc=0.695859 valid_rmse=0.480025 q_change=31 q_delta=0.350842 q_grad=0.002580
epoch=60 loss_total=0.689165 loss_rec=0.490811 valid_auc=0.694275 valid_rmse=0.481668 q_change=31 q_delta=0.351617 q_grad=0.002625
epoch=61 loss_total=0.687165 loss_rec=0.488777 valid_auc=0.692679 valid_rmse=0.481097 q_change=31 q_delta=0.352647 q_grad=0.002696
epoch=62 loss_total=0.682598 loss_rec=0.484231 valid_auc=0.695458 valid_rmse=0.481030 q_change=31 q_delta=0.353420 q_grad=0.002604
epoch=63 loss_total=0.682623 loss_rec=0.484219 valid_auc=0.694185 valid_rmse=0.481981 q_change=31 q_delta=0.354259 q_grad=0.002720
epoch=64 loss_total=0.682685 loss_rec=0.484266 valid_auc=0.695960 valid_rmse=0.484376 q_change=31 q_delta=0.354968 q_grad=0.002694
epoch=65 loss_total=0.680317 loss_rec=0.481894 valid_auc=0.693996 valid_rmse=0.482180 q_change=31 q_delta=0.355996 q_grad=0.002594
epoch=66 loss_total=0.679703 loss_rec=0.481258 valid_auc=0.693538 valid_rmse=0.482900 q_change=30 q_delta=0.356850 q_grad=0.002747
epoch=67 loss_total=0.679577 loss_rec=0.481101 valid_auc=0.693214 valid_rmse=0.483787 q_change=30 q_delta=0.357555 q_grad=0.002728
epoch=68 loss_total=0.672170 loss_rec=0.473672 valid_auc=0.695223 valid_rmse=0.484681 q_change=31 q_delta=0.358194 q_grad=0.002746
epoch=69 loss_total=0.669746 loss_rec=0.471226 valid_auc=0.694152 valid_rmse=0.489441 q_change=31 q_delta=0.359049 q_grad=0.002745
epoch=70 loss_total=0.667488 loss_rec=0.468919 valid_auc=0.694565 valid_rmse=0.483529 q_change=31 q_delta=0.359973 q_grad=0.002824
epoch=71 loss_total=0.667275 loss_rec=0.468756 valid_auc=0.697377 valid_rmse=0.482434 q_change=31 q_delta=0.360872 q_grad=0.002747
epoch=72 loss_total=0.668362 loss_rec=0.469793 valid_auc=0.694877 valid_rmse=0.484459 q_change=31 q_delta=0.361501 q_grad=0.002794
epoch=73 loss_total=0.662560 loss_rec=0.463961 valid_auc=0.691445 valid_rmse=0.486943 q_change=31 q_delta=0.362249 q_grad=0.002839
epoch=74 loss_total=0.667513 loss_rec=0.468929 valid_auc=0.694118 valid_rmse=0.485021 q_change=33 q_delta=0.363187 q_grad=0.002794
epoch=75 loss_total=0.665319 loss_rec=0.466709 valid_auc=0.691975 valid_rmse=0.489857 q_change=32 q_delta=0.363694 q_grad=0.002851
Early stopping at epoch 75; best_epoch=55.
Saved run to C:\Users\YAN_SHU_YU\Desktop\Generative-CD\Q_GNCDM\results\weak_q_lambda_sweep\lq_0p8_ls_0p5_lb_0p2\seed_2026\noise_0.20\weak-q_lq_0p8_ls_0p5_lb_0p2
Final metrics: q_hat_f1=0.609756 response_auc=0.684995 mastery_pearson=0.538301
