run=weak-q_lq_0p8_ls_0p4_lb_0p4 mode=weak-q noise=0.20 train=4200 valid=600 test=1200
epoch=1 loss_total=0.998675 loss_rec=0.725648 valid_auc=0.588013 valid_rmse=0.499742 q_change=57 q_delta=0.076513 q_grad=0.000386
epoch=2 loss_total=0.953513 loss_rec=0.705698 valid_auc=0.596451 valid_rmse=0.499191 q_change=57 q_delta=0.138042 q_grad=0.000299
epoch=3 loss_total=0.930130 loss_rec=0.699174 valid_auc=0.613248 valid_rmse=0.498084 q_change=57 q_delta=0.184916 q_grad=0.000248
epoch=4 loss_total=0.911257 loss_rec=0.691521 valid_auc=0.637578 valid_rmse=0.496547 q_change=57 q_delta=0.219896 q_grad=0.000225
epoch=5 loss_total=0.900636 loss_rec=0.687875 valid_auc=0.657857 valid_rmse=0.492485 q_change=57 q_delta=0.242933 q_grad=0.000250
epoch=6 loss_total=0.882459 loss_rec=0.673446 valid_auc=0.668025 valid_rmse=0.485734 q_change=57 q_delta=0.254474 q_grad=0.000349
epoch=7 loss_total=0.856309 loss_rec=0.648774 valid_auc=0.671350 valid_rmse=0.478918 q_change=57 q_delta=0.259313 q_grad=0.000546
epoch=8 loss_total=0.842875 loss_rec=0.636068 valid_auc=0.675569 valid_rmse=0.476803 q_change=57 q_delta=0.262920 q_grad=0.000808
epoch=9 loss_total=0.833177 loss_rec=0.627200 valid_auc=0.684665 valid_rmse=0.472643 q_change=57 q_delta=0.266073 q_grad=0.000979
epoch=10 loss_total=0.834029 loss_rec=0.628899 valid_auc=0.682757 valid_rmse=0.474254 q_change=56 q_delta=0.268595 q_grad=0.001067
epoch=11 loss_total=0.830335 loss_rec=0.625586 valid_auc=0.683147 valid_rmse=0.472778 q_change=55 q_delta=0.271508 q_grad=0.001201
epoch=12 loss_total=0.820296 loss_rec=0.615983 valid_auc=0.683237 valid_rmse=0.474486 q_change=54 q_delta=0.273974 q_grad=0.001267
epoch=13 loss_total=0.816041 loss_rec=0.612197 valid_auc=0.683002 valid_rmse=0.473287 q_change=52 q_delta=0.277916 q_grad=0.001275
epoch=14 loss_total=0.815965 loss_rec=0.612449 valid_auc=0.682065 valid_rmse=0.475258 q_change=52 q_delta=0.280477 q_grad=0.001359
epoch=15 loss_total=0.811330 loss_rec=0.608053 valid_auc=0.683437 valid_rmse=0.473844 q_change=52 q_delta=0.284171 q_grad=0.001395
epoch=16 loss_total=0.812509 loss_rec=0.609393 valid_auc=0.684319 valid_rmse=0.474220 q_change=49 q_delta=0.287299 q_grad=0.001500
epoch=17 loss_total=0.807766 loss_rec=0.604890 valid_auc=0.683069 valid_rmse=0.474120 q_change=50 q_delta=0.290278 q_grad=0.001431
epoch=18 loss_total=0.801641 loss_rec=0.598869 valid_auc=0.684487 valid_rmse=0.474020 q_change=49 q_delta=0.293208 q_grad=0.001469
epoch=19 loss_total=0.800149 loss_rec=0.597577 valid_auc=0.684777 valid_rmse=0.474866 q_change=48 q_delta=0.296358 q_grad=0.001559
epoch=20 loss_total=0.796898 loss_rec=0.594364 valid_auc=0.686618 valid_rmse=0.473438 q_change=48 q_delta=0.299621 q_grad=0.001643
epoch=21 loss_total=0.791107 loss_rec=0.588609 valid_auc=0.688125 valid_rmse=0.474447 q_change=47 q_delta=0.301993 q_grad=0.001575
epoch=22 loss_total=0.788187 loss_rec=0.585700 valid_auc=0.687634 valid_rmse=0.474466 q_change=46 q_delta=0.304724 q_grad=0.001704
epoch=23 loss_total=0.784783 loss_rec=0.582290 valid_auc=0.685837 valid_rmse=0.474651 q_change=46 q_delta=0.307353 q_grad=0.001663
epoch=24 loss_total=0.778626 loss_rec=0.576142 valid_auc=0.686429 valid_rmse=0.475320 q_change=41 q_delta=0.309947 q_grad=0.001714
epoch=25 loss_total=0.777238 loss_rec=0.574668 valid_auc=0.688404 valid_rmse=0.475395 q_change=40 q_delta=0.312201 q_grad=0.001828
epoch=26 loss_total=0.773563 loss_rec=0.570943 valid_auc=0.688929 valid_rmse=0.475391 q_change=39 q_delta=0.314454 q_grad=0.001817
epoch=27 loss_total=0.767912 loss_rec=0.565192 valid_auc=0.687779 valid_rmse=0.477740 q_change=39 q_delta=0.316708 q_grad=0.001820
epoch=28 loss_total=0.769498 loss_rec=0.566674 valid_auc=0.688192 valid_rmse=0.476371 q_change=39 q_delta=0.319257 q_grad=0.001950
epoch=29 loss_total=0.761082 loss_rec=0.558233 valid_auc=0.690993 valid_rmse=0.475962 q_change=38 q_delta=0.321172 q_grad=0.001938
epoch=30 loss_total=0.757423 loss_rec=0.554425 valid_auc=0.692411 valid_rmse=0.477146 q_change=36 q_delta=0.323227 q_grad=0.002013
epoch=31 loss_total=0.751532 loss_rec=0.548457 valid_auc=0.691317 valid_rmse=0.477479 q_change=36 q_delta=0.325253 q_grad=0.002012
epoch=32 loss_total=0.750421 loss_rec=0.547262 valid_auc=0.694955 valid_rmse=0.476538 q_change=34 q_delta=0.327430 q_grad=0.002075
epoch=33 loss_total=0.743300 loss_rec=0.540000 valid_auc=0.691507 valid_rmse=0.476205 q_change=34 q_delta=0.329868 q_grad=0.002105
epoch=34 loss_total=0.742783 loss_rec=0.539455 valid_auc=0.692020 valid_rmse=0.476051 q_change=33 q_delta=0.331351 q_grad=0.002115
epoch=35 loss_total=0.742791 loss_rec=0.539406 valid_auc=0.695569 valid_rmse=0.474793 q_change=32 q_delta=0.333063 q_grad=0.002117
epoch=36 loss_total=0.734013 loss_rec=0.530517 valid_auc=0.695290 valid_rmse=0.475241 q_change=31 q_delta=0.334547 q_grad=0.002190
epoch=37 loss_total=0.729607 loss_rec=0.526013 valid_auc=0.691964 valid_rmse=0.478643 q_change=32 q_delta=0.336406 q_grad=0.002191
epoch=38 loss_total=0.722807 loss_rec=0.519238 valid_auc=0.692935 valid_rmse=0.479036 q_change=31 q_delta=0.337932 q_grad=0.002263
epoch=39 loss_total=0.722912 loss_rec=0.519328 valid_auc=0.693080 valid_rmse=0.477703 q_change=31 q_delta=0.339289 q_grad=0.002241
epoch=40 loss_total=0.720363 loss_rec=0.516765 valid_auc=0.692924 valid_rmse=0.478647 q_change=30 q_delta=0.340682 q_grad=0.002298
epoch=41 loss_total=0.713358 loss_rec=0.509796 valid_auc=0.692690 valid_rmse=0.481732 q_change=30 q_delta=0.342363 q_grad=0.002268
epoch=42 loss_total=0.717427 loss_rec=0.513888 valid_auc=0.690826 valid_rmse=0.479930 q_change=31 q_delta=0.343789 q_grad=0.002418
epoch=43 loss_total=0.711026 loss_rec=0.507512 valid_auc=0.693047 valid_rmse=0.480496 q_change=31 q_delta=0.345012 q_grad=0.002370
epoch=44 loss_total=0.708148 loss_rec=0.504644 valid_auc=0.693683 valid_rmse=0.479505 q_change=30 q_delta=0.346319 q_grad=0.002378
epoch=45 loss_total=0.704996 loss_rec=0.501537 valid_auc=0.691027 valid_rmse=0.484714 q_change=28 q_delta=0.347338 q_grad=0.002368
epoch=46 loss_total=0.704395 loss_rec=0.500907 valid_auc=0.696741 valid_rmse=0.479072 q_change=29 q_delta=0.348661 q_grad=0.002410
epoch=47 loss_total=0.701722 loss_rec=0.498283 valid_auc=0.694308 valid_rmse=0.482389 q_change=28 q_delta=0.349493 q_grad=0.002357
epoch=48 loss_total=0.701331 loss_rec=0.497939 valid_auc=0.693873 valid_rmse=0.480879 q_change=28 q_delta=0.350682 q_grad=0.002436
epoch=49 loss_total=0.695266 loss_rec=0.491905 valid_auc=0.694900 valid_rmse=0.479776 q_change=28 q_delta=0.351503 q_grad=0.002401
epoch=50 loss_total=0.691035 loss_rec=0.487706 valid_auc=0.693326 valid_rmse=0.484020 q_change=28 q_delta=0.352704 q_grad=0.002401
epoch=51 loss_total=0.691681 loss_rec=0.488419 valid_auc=0.693783 valid_rmse=0.484307 q_change=28 q_delta=0.353665 q_grad=0.002482
epoch=52 loss_total=0.692447 loss_rec=0.489219 valid_auc=0.693237 valid_rmse=0.482413 q_change=28 q_delta=0.354805 q_grad=0.002479
epoch=53 loss_total=0.694052 loss_rec=0.490859 valid_auc=0.692980 valid_rmse=0.481939 q_change=27 q_delta=0.355731 q_grad=0.002473
epoch=54 loss_total=0.687645 loss_rec=0.484446 valid_auc=0.690781 valid_rmse=0.483400 q_change=28 q_delta=0.356692 q_grad=0.002517
epoch=55 loss_total=0.682817 loss_rec=0.479674 valid_auc=0.697958 valid_rmse=0.479707 q_change=28 q_delta=0.357698 q_grad=0.002450
epoch=56 loss_total=0.681881 loss_rec=0.478768 valid_auc=0.694922 valid_rmse=0.482916 q_change=28 q_delta=0.358567 q_grad=0.002478
epoch=57 loss_total=0.682324 loss_rec=0.479211 valid_auc=0.691127 valid_rmse=0.485415 q_change=28 q_delta=0.359401 q_grad=0.002595
epoch=58 loss_total=0.675646 loss_rec=0.472562 valid_auc=0.693103 valid_rmse=0.485749 q_change=28 q_delta=0.360376 q_grad=0.002513
epoch=59 loss_total=0.673096 loss_rec=0.470086 valid_auc=0.696752 valid_rmse=0.482241 q_change=28 q_delta=0.361262 q_grad=0.002481
epoch=60 loss_total=0.676075 loss_rec=0.473098 valid_auc=0.695770 valid_rmse=0.483683 q_change=28 q_delta=0.361946 q_grad=0.002525
epoch=61 loss_total=0.674296 loss_rec=0.471339 valid_auc=0.693728 valid_rmse=0.483068 q_change=27 q_delta=0.362797 q_grad=0.002570
epoch=62 loss_total=0.669056 loss_rec=0.466159 valid_auc=0.698583 valid_rmse=0.482904 q_change=27 q_delta=0.363440 q_grad=0.002480
epoch=63 loss_total=0.669544 loss_rec=0.466670 valid_auc=0.695346 valid_rmse=0.483987 q_change=27 q_delta=0.364212 q_grad=0.002583
epoch=64 loss_total=0.669384 loss_rec=0.466544 valid_auc=0.697098 valid_rmse=0.486702 q_change=27 q_delta=0.365010 q_grad=0.002554
epoch=65 loss_total=0.666622 loss_rec=0.463821 valid_auc=0.693806 valid_rmse=0.484617 q_change=27 q_delta=0.365881 q_grad=0.002467
epoch=66 loss_total=0.666143 loss_rec=0.463384 valid_auc=0.693717 valid_rmse=0.485298 q_change=27 q_delta=0.366683 q_grad=0.002599
epoch=67 loss_total=0.666577 loss_rec=0.463845 valid_auc=0.694509 valid_rmse=0.485416 q_change=27 q_delta=0.367503 q_grad=0.002585
epoch=68 loss_total=0.658865 loss_rec=0.456169 valid_auc=0.696473 valid_rmse=0.486815 q_change=27 q_delta=0.368264 q_grad=0.002584
epoch=69 loss_total=0.657787 loss_rec=0.455119 valid_auc=0.694498 valid_rmse=0.491475 q_change=27 q_delta=0.369014 q_grad=0.002581
epoch=70 loss_total=0.654272 loss_rec=0.451620 valid_auc=0.694911 valid_rmse=0.484864 q_change=27 q_delta=0.369921 q_grad=0.002628
epoch=71 loss_total=0.654417 loss_rec=0.451854 valid_auc=0.697790 valid_rmse=0.484583 q_change=28 q_delta=0.370780 q_grad=0.002562
epoch=72 loss_total=0.655993 loss_rec=0.453427 valid_auc=0.694263 valid_rmse=0.486202 q_change=28 q_delta=0.371435 q_grad=0.002633
epoch=73 loss_total=0.649701 loss_rec=0.447164 valid_auc=0.692299 valid_rmse=0.488479 q_change=29 q_delta=0.372188 q_grad=0.002659
epoch=74 loss_total=0.655316 loss_rec=0.452841 valid_auc=0.693761 valid_rmse=0.486890 q_change=29 q_delta=0.372839 q_grad=0.002598
epoch=75 loss_total=0.653505 loss_rec=0.451063 valid_auc=0.692087 valid_rmse=0.491562 q_change=29 q_delta=0.373479 q_grad=0.002649
epoch=76 loss_total=0.651582 loss_rec=0.449164 valid_auc=0.695647 valid_rmse=0.484254 q_change=29 q_delta=0.374134 q_grad=0.002590
epoch=77 loss_total=0.643661 loss_rec=0.441274 valid_auc=0.696417 valid_rmse=0.485650 q_change=29 q_delta=0.374727 q_grad=0.002565
epoch=78 loss_total=0.644306 loss_rec=0.441955 valid_auc=0.695770 valid_rmse=0.489104 q_change=29 q_delta=0.375137 q_grad=0.002728
epoch=79 loss_total=0.641047 loss_rec=0.438737 valid_auc=0.692254 valid_rmse=0.487636 q_change=30 q_delta=0.375878 q_grad=0.002728
epoch=80 loss_total=0.642029 loss_rec=0.439768 valid_auc=0.696339 valid_rmse=0.487326 q_change=30 q_delta=0.376655 q_grad=0.002664
epoch=81 loss_total=0.640573 loss_rec=0.438341 valid_auc=0.695156 valid_rmse=0.488930 q_change=30 q_delta=0.377005 q_grad=0.002755
epoch=82 loss_total=0.636615 loss_rec=0.434431 valid_auc=0.692879 valid_rmse=0.489605 q_change=30 q_delta=0.377548 q_grad=0.002744
Early stopping at epoch 82; best_epoch=62.
Saved run to C:\Users\YAN_SHU_YU\Desktop\Generative-CD\Q_GNCDM\results\weak_q_lambda_sweep\lq_0p8_ls_0p4_lb_0p4\seed_2026\noise_0.20\weak-q_lq_0p8_ls_0p4_lb_0p4
Final metrics: q_hat_f1=0.674419 response_auc=0.686938 mastery_pearson=0.557352
