run=weak-q_lq_0p9_ls_0p7_lb_0p8 mode=weak-q noise=0.20 train=4200 valid=600 test=1200
epoch=1 loss_total=1.226266 loss_rec=0.725664 valid_auc=0.587567 valid_rmse=0.499757 q_change=57 q_delta=0.078988 q_grad=0.000734
epoch=2 loss_total=1.152307 loss_rec=0.705958 valid_auc=0.593717 valid_rmse=0.499335 q_change=57 q_delta=0.148782 q_grad=0.000656
epoch=3 loss_total=1.101041 loss_rec=0.700120 valid_auc=0.605547 valid_rmse=0.498607 q_change=57 q_delta=0.207065 q_grad=0.000576
epoch=4 loss_total=1.058314 loss_rec=0.694048 valid_auc=0.622511 valid_rmse=0.498014 q_change=57 q_delta=0.254087 q_grad=0.000498
epoch=5 loss_total=1.029920 loss_rec=0.694104 valid_auc=0.643192 valid_rmse=0.496296 q_change=57 q_delta=0.290697 q_grad=0.000429
epoch=6 loss_total=1.003680 loss_rec=0.689610 valid_auc=0.658092 valid_rmse=0.495393 q_change=57 q_delta=0.318538 q_grad=0.000379
epoch=7 loss_total=0.979751 loss_rec=0.681982 valid_auc=0.658683 valid_rmse=0.493159 q_change=57 q_delta=0.339266 q_grad=0.000356
epoch=8 loss_total=0.960264 loss_rec=0.674127 valid_auc=0.654464 valid_rmse=0.488908 q_change=57 q_delta=0.353479 q_grad=0.000391
epoch=9 loss_total=0.941322 loss_rec=0.663148 valid_auc=0.660179 valid_rmse=0.482163 q_change=57 q_delta=0.363823 q_grad=0.000506
epoch=10 loss_total=0.932436 loss_rec=0.660541 valid_auc=0.660815 valid_rmse=0.481343 q_change=57 q_delta=0.372023 q_grad=0.000608
epoch=11 loss_total=0.923774 loss_rec=0.656699 valid_auc=0.662656 valid_rmse=0.480187 q_change=57 q_delta=0.379090 q_grad=0.000718
epoch=12 loss_total=0.910425 loss_rec=0.647686 valid_auc=0.666719 valid_rmse=0.480812 q_change=57 q_delta=0.384775 q_grad=0.000788
epoch=13 loss_total=0.904777 loss_rec=0.645647 valid_auc=0.669007 valid_rmse=0.477652 q_change=57 q_delta=0.389706 q_grad=0.000815
epoch=14 loss_total=0.901063 loss_rec=0.644690 valid_auc=0.669766 valid_rmse=0.478951 q_change=57 q_delta=0.393285 q_grad=0.000915
epoch=15 loss_total=0.896956 loss_rec=0.642939 valid_auc=0.669420 valid_rmse=0.477170 q_change=57 q_delta=0.396776 q_grad=0.000983
epoch=16 loss_total=0.895747 loss_rec=0.643668 valid_auc=0.672221 valid_rmse=0.476918 q_change=57 q_delta=0.399324 q_grad=0.001097
epoch=17 loss_total=0.892818 loss_rec=0.642471 valid_auc=0.673906 valid_rmse=0.477163 q_change=57 q_delta=0.401554 q_grad=0.001083
epoch=18 loss_total=0.885775 loss_rec=0.636803 valid_auc=0.676830 valid_rmse=0.476033 q_change=57 q_delta=0.403555 q_grad=0.001139
epoch=19 loss_total=0.883045 loss_rec=0.635369 valid_auc=0.677556 valid_rmse=0.476140 q_change=57 q_delta=0.405233 q_grad=0.001240
epoch=20 loss_total=0.881310 loss_rec=0.634635 valid_auc=0.681239 valid_rmse=0.474406 q_change=57 q_delta=0.406756 q_grad=0.001353
epoch=21 loss_total=0.877073 loss_rec=0.631338 valid_auc=0.681819 valid_rmse=0.475597 q_change=57 q_delta=0.407685 q_grad=0.001317
epoch=22 loss_total=0.875480 loss_rec=0.630404 valid_auc=0.682924 valid_rmse=0.474027 q_change=57 q_delta=0.408491 q_grad=0.001455
epoch=23 loss_total=0.871773 loss_rec=0.627260 valid_auc=0.682857 valid_rmse=0.473605 q_change=57 q_delta=0.409357 q_grad=0.001481
epoch=24 loss_total=0.866666 loss_rec=0.622654 valid_auc=0.682388 valid_rmse=0.473901 q_change=57 q_delta=0.409835 q_grad=0.001540
epoch=25 loss_total=0.868790 loss_rec=0.625121 valid_auc=0.683002 valid_rmse=0.473570 q_change=57 q_delta=0.409991 q_grad=0.001699
epoch=26 loss_total=0.865485 loss_rec=0.622024 valid_auc=0.684621 valid_rmse=0.474385 q_change=56 q_delta=0.410142 q_grad=0.001703
epoch=27 loss_total=0.861837 loss_rec=0.618440 valid_auc=0.687879 valid_rmse=0.474451 q_change=56 q_delta=0.410601 q_grad=0.001714
epoch=28 loss_total=0.863310 loss_rec=0.620086 valid_auc=0.686306 valid_rmse=0.473581 q_change=56 q_delta=0.411538 q_grad=0.001809
epoch=29 loss_total=0.857929 loss_rec=0.614856 valid_auc=0.689342 valid_rmse=0.472858 q_change=56 q_delta=0.412037 q_grad=0.001870
epoch=30 loss_total=0.857688 loss_rec=0.614689 valid_auc=0.690346 valid_rmse=0.472859 q_change=56 q_delta=0.412288 q_grad=0.001842
epoch=31 loss_total=0.853535 loss_rec=0.610519 valid_auc=0.691562 valid_rmse=0.472934 q_change=56 q_delta=0.412561 q_grad=0.001885
epoch=32 loss_total=0.854880 loss_rec=0.611969 valid_auc=0.692935 valid_rmse=0.473345 q_change=55 q_delta=0.412682 q_grad=0.001945
epoch=33 loss_total=0.852768 loss_rec=0.609900 valid_auc=0.690915 valid_rmse=0.471487 q_change=55 q_delta=0.413370 q_grad=0.001916
epoch=34 loss_total=0.851484 loss_rec=0.608720 valid_auc=0.690212 valid_rmse=0.471589 q_change=55 q_delta=0.413913 q_grad=0.001926
epoch=35 loss_total=0.851286 loss_rec=0.608651 valid_auc=0.693058 valid_rmse=0.470722 q_change=55 q_delta=0.414491 q_grad=0.001899
epoch=36 loss_total=0.847254 loss_rec=0.604591 valid_auc=0.694085 valid_rmse=0.471432 q_change=54 q_delta=0.414659 q_grad=0.001954
epoch=37 loss_total=0.841574 loss_rec=0.598932 valid_auc=0.694364 valid_rmse=0.471670 q_change=54 q_delta=0.415050 q_grad=0.001949
epoch=38 loss_total=0.840516 loss_rec=0.598026 valid_auc=0.694587 valid_rmse=0.473455 q_change=54 q_delta=0.415441 q_grad=0.002053
epoch=39 loss_total=0.842792 loss_rec=0.600417 valid_auc=0.695681 valid_rmse=0.470401 q_change=54 q_delta=0.415964 q_grad=0.001983
epoch=40 loss_total=0.837881 loss_rec=0.595641 valid_auc=0.695402 valid_rmse=0.470826 q_change=54 q_delta=0.416382 q_grad=0.002021
epoch=41 loss_total=0.833739 loss_rec=0.591640 valid_auc=0.696830 valid_rmse=0.471352 q_change=54 q_delta=0.416671 q_grad=0.002017
epoch=42 loss_total=0.837041 loss_rec=0.594995 valid_auc=0.693315 valid_rmse=0.471317 q_change=54 q_delta=0.417034 q_grad=0.002118
epoch=43 loss_total=0.832423 loss_rec=0.590373 valid_auc=0.693594 valid_rmse=0.471683 q_change=54 q_delta=0.417148 q_grad=0.002075
epoch=44 loss_total=0.832703 loss_rec=0.590769 valid_auc=0.692790 valid_rmse=0.472360 q_change=54 q_delta=0.417377 q_grad=0.002131
epoch=45 loss_total=0.828699 loss_rec=0.586870 valid_auc=0.694118 valid_rmse=0.475437 q_change=53 q_delta=0.417427 q_grad=0.002173
epoch=46 loss_total=0.828871 loss_rec=0.587023 valid_auc=0.695525 valid_rmse=0.470531 q_change=52 q_delta=0.417720 q_grad=0.002146
epoch=47 loss_total=0.825328 loss_rec=0.583552 valid_auc=0.694766 valid_rmse=0.472352 q_change=52 q_delta=0.417873 q_grad=0.002162
epoch=48 loss_total=0.823128 loss_rec=0.581338 valid_auc=0.694364 valid_rmse=0.471710 q_change=52 q_delta=0.418340 q_grad=0.002247
epoch=49 loss_total=0.819770 loss_rec=0.577954 valid_auc=0.695480 valid_rmse=0.471621 q_change=51 q_delta=0.418758 q_grad=0.002281
epoch=50 loss_total=0.814719 loss_rec=0.572849 valid_auc=0.692422 valid_rmse=0.473211 q_change=51 q_delta=0.419272 q_grad=0.002210
epoch=51 loss_total=0.813705 loss_rec=0.571859 valid_auc=0.693850 valid_rmse=0.475711 q_change=51 q_delta=0.419962 q_grad=0.002347
epoch=52 loss_total=0.814300 loss_rec=0.572494 valid_auc=0.692522 valid_rmse=0.473440 q_change=51 q_delta=0.420865 q_grad=0.002364
epoch=53 loss_total=0.813855 loss_rec=0.572013 valid_auc=0.693906 valid_rmse=0.472888 q_change=51 q_delta=0.421531 q_grad=0.002392
epoch=54 loss_total=0.804990 loss_rec=0.563158 valid_auc=0.689665 valid_rmse=0.475474 q_change=51 q_delta=0.422066 q_grad=0.002385
epoch=55 loss_total=0.802386 loss_rec=0.560617 valid_auc=0.695926 valid_rmse=0.472652 q_change=51 q_delta=0.422683 q_grad=0.002417
epoch=56 loss_total=0.802608 loss_rec=0.560841 valid_auc=0.691362 valid_rmse=0.474272 q_change=51 q_delta=0.423161 q_grad=0.002498
epoch=57 loss_total=0.799228 loss_rec=0.557481 valid_auc=0.691451 valid_rmse=0.476478 q_change=51 q_delta=0.423575 q_grad=0.002611
epoch=58 loss_total=0.793253 loss_rec=0.551543 valid_auc=0.690011 valid_rmse=0.479495 q_change=51 q_delta=0.424043 q_grad=0.002589
epoch=59 loss_total=0.793914 loss_rec=0.552339 valid_auc=0.690792 valid_rmse=0.474543 q_change=51 q_delta=0.424519 q_grad=0.002596
epoch=60 loss_total=0.792218 loss_rec=0.550716 valid_auc=0.692645 valid_rmse=0.475439 q_change=51 q_delta=0.424739 q_grad=0.002617
epoch=61 loss_total=0.788958 loss_rec=0.547462 valid_auc=0.690435 valid_rmse=0.475156 q_change=51 q_delta=0.425055 q_grad=0.002745
Early stopping at epoch 61; best_epoch=41.
Saved run to C:\Users\YAN_SHU_YU\Desktop\Generative-CD\Q_GNCDM\results\weak_q_lambda_sweep\lq_0p9_ls_0p7_lb_0p8\seed_2026\noise_0.20\weak-q_lq_0p9_ls_0p7_lb_0p8
Final metrics: q_hat_f1=0.101695 response_auc=0.687328 mastery_pearson=0.353270
