run=weak-q_lq_0p6_ls_0p3_lb_0p5 mode=weak-q noise=0.20 train=4200 valid=600 test=1200
epoch=1 loss_total=0.979105 loss_rec=0.725647 valid_auc=0.588387 valid_rmse=0.499738 q_change=57 q_delta=0.076987 q_grad=0.000314
epoch=2 loss_total=0.937001 loss_rec=0.705726 valid_auc=0.598097 valid_rmse=0.499181 q_change=57 q_delta=0.141633 q_grad=0.000271
epoch=3 loss_total=0.913331 loss_rec=0.699284 valid_auc=0.616802 valid_rmse=0.498080 q_change=57 q_delta=0.193189 q_grad=0.000246
epoch=4 loss_total=0.892748 loss_rec=0.691871 valid_auc=0.642734 valid_rmse=0.496639 q_change=57 q_delta=0.233218 q_grad=0.000234
epoch=5 loss_total=0.880442 loss_rec=0.688891 valid_auc=0.662712 valid_rmse=0.492919 q_change=57 q_delta=0.260900 q_grad=0.000257
epoch=6 loss_total=0.861987 loss_rec=0.676380 valid_auc=0.670246 valid_rmse=0.486988 q_change=57 q_delta=0.276749 q_grad=0.000338
epoch=7 loss_total=0.836371 loss_rec=0.653972 valid_auc=0.669420 valid_rmse=0.479979 q_change=57 q_delta=0.284888 q_grad=0.000505
epoch=8 loss_total=0.822171 loss_rec=0.641592 valid_auc=0.673315 valid_rmse=0.477585 q_change=55 q_delta=0.290526 q_grad=0.000754
epoch=9 loss_total=0.812282 loss_rec=0.633256 valid_auc=0.682165 valid_rmse=0.473551 q_change=55 q_delta=0.294951 q_grad=0.000926
epoch=10 loss_total=0.812094 loss_rec=0.634399 valid_auc=0.683013 valid_rmse=0.474209 q_change=55 q_delta=0.297444 q_grad=0.001025
epoch=11 loss_total=0.807141 loss_rec=0.630149 valid_auc=0.684967 valid_rmse=0.472410 q_change=55 q_delta=0.299909 q_grad=0.001181
epoch=12 loss_total=0.795904 loss_rec=0.619564 valid_auc=0.685402 valid_rmse=0.473477 q_change=52 q_delta=0.301715 q_grad=0.001280
epoch=13 loss_total=0.790177 loss_rec=0.614468 valid_auc=0.685592 valid_rmse=0.472453 q_change=51 q_delta=0.304614 q_grad=0.001317
epoch=14 loss_total=0.788883 loss_rec=0.613691 valid_auc=0.685569 valid_rmse=0.474105 q_change=49 q_delta=0.306857 q_grad=0.001426
epoch=15 loss_total=0.783172 loss_rec=0.608480 valid_auc=0.686105 valid_rmse=0.473082 q_change=49 q_delta=0.310630 q_grad=0.001488
epoch=16 loss_total=0.783139 loss_rec=0.608922 valid_auc=0.686406 valid_rmse=0.473553 q_change=48 q_delta=0.313608 q_grad=0.001607
epoch=17 loss_total=0.777871 loss_rec=0.604158 valid_auc=0.684754 valid_rmse=0.473556 q_change=47 q_delta=0.316240 q_grad=0.001542
epoch=18 loss_total=0.770374 loss_rec=0.597072 valid_auc=0.686674 valid_rmse=0.473506 q_change=45 q_delta=0.318694 q_grad=0.001579
epoch=19 loss_total=0.768046 loss_rec=0.595269 valid_auc=0.686987 valid_rmse=0.474532 q_change=46 q_delta=0.321239 q_grad=0.001677
epoch=20 loss_total=0.763768 loss_rec=0.591348 valid_auc=0.688683 valid_rmse=0.473071 q_change=46 q_delta=0.324138 q_grad=0.001761
epoch=21 loss_total=0.757441 loss_rec=0.585402 valid_auc=0.690279 valid_rmse=0.474214 q_change=46 q_delta=0.326366 q_grad=0.001692
epoch=22 loss_total=0.753640 loss_rec=0.581946 valid_auc=0.689308 valid_rmse=0.474329 q_change=46 q_delta=0.328783 q_grad=0.001832
epoch=23 loss_total=0.749699 loss_rec=0.578365 valid_auc=0.687388 valid_rmse=0.474665 q_change=45 q_delta=0.331155 q_grad=0.001775
epoch=24 loss_total=0.742464 loss_rec=0.571451 valid_auc=0.687578 valid_rmse=0.475565 q_change=44 q_delta=0.333236 q_grad=0.001824
epoch=25 loss_total=0.740627 loss_rec=0.569911 valid_auc=0.688996 valid_rmse=0.475780 q_change=44 q_delta=0.335221 q_grad=0.001945
epoch=26 loss_total=0.736595 loss_rec=0.566168 valid_auc=0.690190 valid_rmse=0.475947 q_change=44 q_delta=0.337090 q_grad=0.001932
epoch=27 loss_total=0.730278 loss_rec=0.560100 valid_auc=0.689029 valid_rmse=0.478798 q_change=41 q_delta=0.338735 q_grad=0.001930
epoch=28 loss_total=0.730888 loss_rec=0.560921 valid_auc=0.690312 valid_rmse=0.476856 q_change=40 q_delta=0.340624 q_grad=0.002068
epoch=29 loss_total=0.721911 loss_rec=0.552188 valid_auc=0.692031 valid_rmse=0.476821 q_change=39 q_delta=0.342172 q_grad=0.002058
epoch=30 loss_total=0.718115 loss_rec=0.548562 valid_auc=0.693080 valid_rmse=0.477762 q_change=35 q_delta=0.343582 q_grad=0.002120
epoch=31 loss_total=0.711298 loss_rec=0.541963 valid_auc=0.692366 valid_rmse=0.478171 q_change=35 q_delta=0.344887 q_grad=0.002110
epoch=32 loss_total=0.709028 loss_rec=0.539904 valid_auc=0.695904 valid_rmse=0.478235 q_change=35 q_delta=0.346767 q_grad=0.002199
epoch=33 loss_total=0.701813 loss_rec=0.532824 valid_auc=0.693103 valid_rmse=0.477457 q_change=33 q_delta=0.348628 q_grad=0.002211
epoch=34 loss_total=0.701101 loss_rec=0.532333 valid_auc=0.692545 valid_rmse=0.477535 q_change=33 q_delta=0.350222 q_grad=0.002225
epoch=35 loss_total=0.700654 loss_rec=0.532054 valid_auc=0.696641 valid_rmse=0.476065 q_change=33 q_delta=0.351855 q_grad=0.002214
epoch=36 loss_total=0.691829 loss_rec=0.523332 valid_auc=0.694241 valid_rmse=0.476919 q_change=33 q_delta=0.353151 q_grad=0.002287
epoch=37 loss_total=0.686426 loss_rec=0.518070 valid_auc=0.692344 valid_rmse=0.480446 q_change=32 q_delta=0.354750 q_grad=0.002283
epoch=38 loss_total=0.678591 loss_rec=0.510424 valid_auc=0.693103 valid_rmse=0.480609 q_change=32 q_delta=0.356157 q_grad=0.002365
epoch=39 loss_total=0.678262 loss_rec=0.510237 valid_auc=0.693761 valid_rmse=0.479554 q_change=32 q_delta=0.357577 q_grad=0.002327
epoch=40 loss_total=0.675112 loss_rec=0.507238 valid_auc=0.692600 valid_rmse=0.480811 q_change=33 q_delta=0.358845 q_grad=0.002380
epoch=41 loss_total=0.667427 loss_rec=0.499737 valid_auc=0.691373 valid_rmse=0.484323 q_change=32 q_delta=0.360227 q_grad=0.002361
epoch=42 loss_total=0.671624 loss_rec=0.504093 valid_auc=0.689219 valid_rmse=0.482570 q_change=32 q_delta=0.361346 q_grad=0.002502
epoch=43 loss_total=0.665296 loss_rec=0.497917 valid_auc=0.692489 valid_rmse=0.482832 q_change=32 q_delta=0.362431 q_grad=0.002436
epoch=44 loss_total=0.661157 loss_rec=0.493911 valid_auc=0.692143 valid_rmse=0.482451 q_change=32 q_delta=0.363439 q_grad=0.002465
epoch=45 loss_total=0.658091 loss_rec=0.491003 valid_auc=0.689509 valid_rmse=0.487135 q_change=33 q_delta=0.364500 q_grad=0.002448
epoch=46 loss_total=0.657393 loss_rec=0.490400 valid_auc=0.694520 valid_rmse=0.482044 q_change=34 q_delta=0.365763 q_grad=0.002486
epoch=47 loss_total=0.653343 loss_rec=0.486513 valid_auc=0.692667 valid_rmse=0.485138 q_change=34 q_delta=0.366612 q_grad=0.002405
epoch=48 loss_total=0.653819 loss_rec=0.487138 valid_auc=0.691317 valid_rmse=0.483885 q_change=32 q_delta=0.367836 q_grad=0.002503
epoch=49 loss_total=0.647596 loss_rec=0.481036 valid_auc=0.692790 valid_rmse=0.482410 q_change=32 q_delta=0.368372 q_grad=0.002429
epoch=50 loss_total=0.642550 loss_rec=0.476090 valid_auc=0.691853 valid_rmse=0.486905 q_change=32 q_delta=0.369287 q_grad=0.002451
epoch=51 loss_total=0.643232 loss_rec=0.476934 valid_auc=0.691250 valid_rmse=0.487157 q_change=32 q_delta=0.369998 q_grad=0.002514
epoch=52 loss_total=0.643843 loss_rec=0.477655 valid_auc=0.691641 valid_rmse=0.485304 q_change=32 q_delta=0.370895 q_grad=0.002477
epoch=53 loss_total=0.645252 loss_rec=0.479173 valid_auc=0.691350 valid_rmse=0.484351 q_change=31 q_delta=0.371479 q_grad=0.002495
epoch=54 loss_total=0.639369 loss_rec=0.473371 valid_auc=0.688025 valid_rmse=0.486515 q_change=31 q_delta=0.372329 q_grad=0.002528
epoch=55 loss_total=0.634567 loss_rec=0.468700 valid_auc=0.695201 valid_rmse=0.482857 q_change=31 q_delta=0.373149 q_grad=0.002442
Early stopping at epoch 55; best_epoch=35.
Saved run to C:\Users\YAN_SHU_YU\Desktop\Generative-CD\Q_GNCDM\results\weak_q_lambda_sweep\lq_0p6_ls_0p3_lb_0p5\seed_2026\noise_0.20\weak-q_lq_0p6_ls_0p3_lb_0p5
Final metrics: q_hat_f1=0.575000 response_auc=0.691458 mastery_pearson=0.516654
