run=weak-q_lq_0p7_ls_0p9_lb_0p3 mode=weak-q noise=0.20 train=4200 valid=600 test=1200
epoch=1 loss_total=1.191098 loss_rec=0.725663 valid_auc=0.587455 valid_rmse=0.499757 q_change=57 q_delta=0.078594 q_grad=0.000887
epoch=2 loss_total=1.108261 loss_rec=0.705933 valid_auc=0.593103 valid_rmse=0.499333 q_change=57 q_delta=0.146751 q_grad=0.000760
epoch=3 loss_total=1.052704 loss_rec=0.700040 valid_auc=0.603895 valid_rmse=0.498591 q_change=57 q_delta=0.202801 q_grad=0.000641
epoch=4 loss_total=1.008474 loss_rec=0.693845 valid_auc=0.620123 valid_rmse=0.497945 q_change=57 q_delta=0.247684 q_grad=0.000537
epoch=5 loss_total=0.979881 loss_rec=0.693672 valid_auc=0.640340 valid_rmse=0.496101 q_change=57 q_delta=0.282656 q_grad=0.000452
epoch=6 loss_total=0.953716 loss_rec=0.688645 valid_auc=0.656339 valid_rmse=0.494893 q_change=57 q_delta=0.309365 q_grad=0.000394
epoch=7 loss_total=0.929349 loss_rec=0.679775 valid_auc=0.658198 valid_rmse=0.492007 q_change=57 q_delta=0.329251 q_grad=0.000375
epoch=8 loss_total=0.908768 loss_rec=0.669978 valid_auc=0.654710 valid_rmse=0.487161 q_change=57 q_delta=0.342859 q_grad=0.000431
epoch=9 loss_total=0.889808 loss_rec=0.658384 valid_auc=0.661897 valid_rmse=0.480734 q_change=57 q_delta=0.353186 q_grad=0.000569
epoch=10 loss_total=0.882282 loss_rec=0.656858 valid_auc=0.663996 valid_rmse=0.480099 q_change=57 q_delta=0.361545 q_grad=0.000672
epoch=11 loss_total=0.874178 loss_rec=0.653311 valid_auc=0.666473 valid_rmse=0.478885 q_change=57 q_delta=0.368689 q_grad=0.000789
epoch=12 loss_total=0.860815 loss_rec=0.643983 valid_auc=0.670257 valid_rmse=0.479487 q_change=57 q_delta=0.374311 q_grad=0.000869
epoch=13 loss_total=0.855146 loss_rec=0.641608 valid_auc=0.672656 valid_rmse=0.476274 q_change=57 q_delta=0.379198 q_grad=0.000908
epoch=14 loss_total=0.851834 loss_rec=0.640787 valid_auc=0.672924 valid_rmse=0.477631 q_change=57 q_delta=0.382690 q_grad=0.001022
epoch=15 loss_total=0.847364 loss_rec=0.638415 valid_auc=0.674799 valid_rmse=0.475687 q_change=57 q_delta=0.386076 q_grad=0.001110
epoch=16 loss_total=0.846526 loss_rec=0.639275 valid_auc=0.678125 valid_rmse=0.475460 q_change=57 q_delta=0.388522 q_grad=0.001237
epoch=17 loss_total=0.843260 loss_rec=0.637544 valid_auc=0.678638 valid_rmse=0.475688 q_change=57 q_delta=0.390682 q_grad=0.001223
epoch=18 loss_total=0.836197 loss_rec=0.631660 valid_auc=0.680346 valid_rmse=0.474444 q_change=57 q_delta=0.392623 q_grad=0.001290
epoch=19 loss_total=0.833892 loss_rec=0.630522 valid_auc=0.680580 valid_rmse=0.475242 q_change=57 q_delta=0.394272 q_grad=0.001406
epoch=20 loss_total=0.831951 loss_rec=0.629425 valid_auc=0.683772 valid_rmse=0.473220 q_change=57 q_delta=0.395742 q_grad=0.001518
epoch=21 loss_total=0.827532 loss_rec=0.625809 valid_auc=0.683672 valid_rmse=0.475034 q_change=57 q_delta=0.396616 q_grad=0.001474
epoch=22 loss_total=0.825832 loss_rec=0.624649 valid_auc=0.685056 valid_rmse=0.473443 q_change=57 q_delta=0.397393 q_grad=0.001622
epoch=23 loss_total=0.822497 loss_rec=0.621788 valid_auc=0.683025 valid_rmse=0.473112 q_change=57 q_delta=0.398366 q_grad=0.001634
epoch=24 loss_total=0.817766 loss_rec=0.617470 valid_auc=0.682020 valid_rmse=0.473593 q_change=57 q_delta=0.398983 q_grad=0.001680
epoch=25 loss_total=0.819789 loss_rec=0.619812 valid_auc=0.683594 valid_rmse=0.473398 q_change=56 q_delta=0.399338 q_grad=0.001830
epoch=26 loss_total=0.816818 loss_rec=0.617075 valid_auc=0.685569 valid_rmse=0.474346 q_change=56 q_delta=0.399958 q_grad=0.001817
epoch=27 loss_total=0.813369 loss_rec=0.613731 valid_auc=0.687656 valid_rmse=0.474779 q_change=56 q_delta=0.400670 q_grad=0.001811
epoch=28 loss_total=0.815938 loss_rec=0.616550 valid_auc=0.686350 valid_rmse=0.473752 q_change=56 q_delta=0.401772 q_grad=0.001890
epoch=29 loss_total=0.810415 loss_rec=0.611237 valid_auc=0.689866 valid_rmse=0.472990 q_change=56 q_delta=0.402489 q_grad=0.001928
epoch=30 loss_total=0.810378 loss_rec=0.611317 valid_auc=0.691596 valid_rmse=0.473154 q_change=56 q_delta=0.402970 q_grad=0.001887
epoch=31 loss_total=0.806512 loss_rec=0.607429 valid_auc=0.691641 valid_rmse=0.473162 q_change=56 q_delta=0.403508 q_grad=0.001923
epoch=32 loss_total=0.808439 loss_rec=0.609478 valid_auc=0.693270 valid_rmse=0.473440 q_change=56 q_delta=0.403928 q_grad=0.001974
epoch=33 loss_total=0.806675 loss_rec=0.607779 valid_auc=0.691217 valid_rmse=0.471548 q_change=55 q_delta=0.404626 q_grad=0.001946
epoch=34 loss_total=0.805672 loss_rec=0.606891 valid_auc=0.689598 valid_rmse=0.471732 q_change=55 q_delta=0.405044 q_grad=0.001936
epoch=35 loss_total=0.805627 loss_rec=0.606966 valid_auc=0.693449 valid_rmse=0.470708 q_change=55 q_delta=0.405757 q_grad=0.001906
epoch=36 loss_total=0.801402 loss_rec=0.602611 valid_auc=0.694676 valid_rmse=0.471675 q_change=55 q_delta=0.406053 q_grad=0.001974
epoch=37 loss_total=0.796186 loss_rec=0.597374 valid_auc=0.694810 valid_rmse=0.471720 q_change=55 q_delta=0.406655 q_grad=0.001973
epoch=38 loss_total=0.795210 loss_rec=0.596535 valid_auc=0.694375 valid_rmse=0.473761 q_change=55 q_delta=0.407255 q_grad=0.002080
epoch=39 loss_total=0.797214 loss_rec=0.598573 valid_auc=0.693739 valid_rmse=0.470903 q_change=54 q_delta=0.407959 q_grad=0.002009
epoch=40 loss_total=0.792734 loss_rec=0.594166 valid_auc=0.694174 valid_rmse=0.471154 q_change=54 q_delta=0.408481 q_grad=0.002050
epoch=41 loss_total=0.788695 loss_rec=0.590192 valid_auc=0.695625 valid_rmse=0.471964 q_change=53 q_delta=0.408906 q_grad=0.002047
epoch=42 loss_total=0.791936 loss_rec=0.593396 valid_auc=0.691317 valid_rmse=0.471996 q_change=53 q_delta=0.409636 q_grad=0.002152
epoch=43 loss_total=0.786827 loss_rec=0.588189 valid_auc=0.692277 valid_rmse=0.472251 q_change=53 q_delta=0.410062 q_grad=0.002100
epoch=44 loss_total=0.787540 loss_rec=0.588955 valid_auc=0.690089 valid_rmse=0.473109 q_change=53 q_delta=0.410890 q_grad=0.002157
epoch=45 loss_total=0.783079 loss_rec=0.584543 valid_auc=0.692121 valid_rmse=0.476604 q_change=53 q_delta=0.411296 q_grad=0.002206
epoch=46 loss_total=0.783416 loss_rec=0.584794 valid_auc=0.694252 valid_rmse=0.471136 q_change=53 q_delta=0.412032 q_grad=0.002171
epoch=47 loss_total=0.779992 loss_rec=0.581389 valid_auc=0.693571 valid_rmse=0.472979 q_change=52 q_delta=0.412509 q_grad=0.002185
epoch=48 loss_total=0.777508 loss_rec=0.578851 valid_auc=0.693080 valid_rmse=0.472081 q_change=51 q_delta=0.413022 q_grad=0.002273
epoch=49 loss_total=0.774747 loss_rec=0.576034 valid_auc=0.694141 valid_rmse=0.471926 q_change=51 q_delta=0.413427 q_grad=0.002301
epoch=50 loss_total=0.769379 loss_rec=0.570579 valid_auc=0.691283 valid_rmse=0.473514 q_change=51 q_delta=0.414090 q_grad=0.002234
epoch=51 loss_total=0.768696 loss_rec=0.569902 valid_auc=0.693605 valid_rmse=0.475509 q_change=52 q_delta=0.414633 q_grad=0.002366
epoch=52 loss_total=0.769792 loss_rec=0.570979 valid_auc=0.691551 valid_rmse=0.473405 q_change=52 q_delta=0.415422 q_grad=0.002387
epoch=53 loss_total=0.769508 loss_rec=0.570610 valid_auc=0.693571 valid_rmse=0.472598 q_change=52 q_delta=0.416074 q_grad=0.002414
epoch=54 loss_total=0.760758 loss_rec=0.561805 valid_auc=0.690056 valid_rmse=0.475026 q_change=52 q_delta=0.416567 q_grad=0.002405
epoch=55 loss_total=0.758372 loss_rec=0.559436 valid_auc=0.695826 valid_rmse=0.472134 q_change=52 q_delta=0.417086 q_grad=0.002442
epoch=56 loss_total=0.758625 loss_rec=0.559611 valid_auc=0.690848 valid_rmse=0.473902 q_change=52 q_delta=0.417488 q_grad=0.002515
epoch=57 loss_total=0.755228 loss_rec=0.556163 valid_auc=0.692154 valid_rmse=0.475859 q_change=52 q_delta=0.417821 q_grad=0.002624
epoch=58 loss_total=0.749606 loss_rec=0.550515 valid_auc=0.690290 valid_rmse=0.478564 q_change=52 q_delta=0.418310 q_grad=0.002598
epoch=59 loss_total=0.749929 loss_rec=0.550956 valid_auc=0.691864 valid_rmse=0.473625 q_change=52 q_delta=0.418775 q_grad=0.002598
epoch=60 loss_total=0.748128 loss_rec=0.549192 valid_auc=0.693315 valid_rmse=0.474556 q_change=51 q_delta=0.419026 q_grad=0.002613
epoch=61 loss_total=0.745151 loss_rec=0.546156 valid_auc=0.691406 valid_rmse=0.474300 q_change=51 q_delta=0.419382 q_grad=0.002741
epoch=62 loss_total=0.741027 loss_rec=0.542121 valid_auc=0.691775 valid_rmse=0.474973 q_change=51 q_delta=0.419732 q_grad=0.002709
epoch=63 loss_total=0.741548 loss_rec=0.542650 valid_auc=0.688973 valid_rmse=0.475641 q_change=51 q_delta=0.420031 q_grad=0.002799
epoch=64 loss_total=0.742643 loss_rec=0.543789 valid_auc=0.694196 valid_rmse=0.477887 q_change=51 q_delta=0.420204 q_grad=0.002842
epoch=65 loss_total=0.736418 loss_rec=0.537570 valid_auc=0.691574 valid_rmse=0.474911 q_change=51 q_delta=0.420618 q_grad=0.002715
epoch=66 loss_total=0.737966 loss_rec=0.539178 valid_auc=0.690859 valid_rmse=0.475755 q_change=51 q_delta=0.420859 q_grad=0.002949
epoch=67 loss_total=0.738571 loss_rec=0.539792 valid_auc=0.689911 valid_rmse=0.476819 q_change=51 q_delta=0.421050 q_grad=0.002954
epoch=68 loss_total=0.731717 loss_rec=0.533005 valid_auc=0.691194 valid_rmse=0.480157 q_change=51 q_delta=0.421177 q_grad=0.002932
epoch=69 loss_total=0.728158 loss_rec=0.529466 valid_auc=0.692511 valid_rmse=0.482365 q_change=51 q_delta=0.421385 q_grad=0.003083
epoch=70 loss_total=0.726434 loss_rec=0.527726 valid_auc=0.689007 valid_rmse=0.476837 q_change=51 q_delta=0.421744 q_grad=0.003143
epoch=71 loss_total=0.727788 loss_rec=0.529192 valid_auc=0.690614 valid_rmse=0.475957 q_change=51 q_delta=0.421860 q_grad=0.003142
epoch=72 loss_total=0.725793 loss_rec=0.527176 valid_auc=0.688504 valid_rmse=0.476773 q_change=51 q_delta=0.421990 q_grad=0.003145
epoch=73 loss_total=0.721042 loss_rec=0.522493 valid_auc=0.685714 valid_rmse=0.478909 q_change=51 q_delta=0.422106 q_grad=0.003232
epoch=74 loss_total=0.727497 loss_rec=0.528968 valid_auc=0.686808 valid_rmse=0.478265 q_change=51 q_delta=0.422250 q_grad=0.003166
epoch=75 loss_total=0.723729 loss_rec=0.525191 valid_auc=0.684330 valid_rmse=0.484908 q_change=51 q_delta=0.422229 q_grad=0.003174
Early stopping at epoch 75; best_epoch=55.
Saved run to C:\Users\YAN_SHU_YU\Desktop\Generative-CD\Q_GNCDM\results\weak_q_lambda_sweep\lq_0p7_ls_0p9_lb_0p3\seed_2026\noise_0.20\weak-q_lq_0p7_ls_0p9_lb_0p3
Final metrics: q_hat_f1=0.163934 response_auc=0.689299 mastery_pearson=0.378809
