run=weak-q_lq_0p1_ls_0p5_lb_0p1 mode=weak-q noise=0.20 train=4200 valid=600 test=1200
epoch=1 loss_total=0.967419 loss_rec=0.725661 valid_auc=0.587740 valid_rmse=0.499753 q_change=57 q_delta=0.078795 q_grad=0.000503
epoch=2 loss_total=0.909940 loss_rec=0.705922 valid_auc=0.594743 valid_rmse=0.499304 q_change=57 q_delta=0.148446 q_grad=0.000456
epoch=3 loss_total=0.871699 loss_rec=0.699989 valid_auc=0.608705 valid_rmse=0.498510 q_change=57 q_delta=0.206673 q_grad=0.000410
epoch=4 loss_total=0.838829 loss_rec=0.693741 valid_auc=0.628650 valid_rmse=0.497803 q_change=57 q_delta=0.253663 q_grad=0.000363
epoch=5 loss_total=0.817743 loss_rec=0.693477 valid_auc=0.649821 valid_rmse=0.495869 q_change=57 q_delta=0.289789 q_grad=0.000328
epoch=6 loss_total=0.796645 loss_rec=0.688186 valid_auc=0.663287 valid_rmse=0.494415 q_change=57 q_delta=0.316447 q_grad=0.000310
epoch=7 loss_total=0.775422 loss_rec=0.678456 valid_auc=0.661797 valid_rmse=0.490847 q_change=57 q_delta=0.335135 q_grad=0.000329
epoch=8 loss_total=0.756690 loss_rec=0.667289 valid_auc=0.659475 valid_rmse=0.485293 q_change=57 q_delta=0.346790 q_grad=0.000431
epoch=9 loss_total=0.739781 loss_rec=0.655433 valid_auc=0.664665 valid_rmse=0.479578 q_change=57 q_delta=0.355939 q_grad=0.000593
epoch=10 loss_total=0.735519 loss_rec=0.655556 valid_auc=0.665926 valid_rmse=0.479610 q_change=57 q_delta=0.363457 q_grad=0.000697
epoch=11 loss_total=0.729025 loss_rec=0.652348 valid_auc=0.668549 valid_rmse=0.478424 q_change=57 q_delta=0.369796 q_grad=0.000813
epoch=12 loss_total=0.717532 loss_rec=0.643781 valid_auc=0.670569 valid_rmse=0.479250 q_change=57 q_delta=0.374708 q_grad=0.000890
epoch=13 loss_total=0.712754 loss_rec=0.641384 valid_auc=0.671808 valid_rmse=0.476438 q_change=57 q_delta=0.379101 q_grad=0.000924
epoch=14 loss_total=0.710172 loss_rec=0.640609 valid_auc=0.672310 valid_rmse=0.477791 q_change=57 q_delta=0.382068 q_grad=0.001041
epoch=15 loss_total=0.706715 loss_rec=0.638667 valid_auc=0.673237 valid_rmse=0.476045 q_change=57 q_delta=0.385159 q_grad=0.001122
epoch=16 loss_total=0.706401 loss_rec=0.639604 valid_auc=0.676261 valid_rmse=0.475815 q_change=57 q_delta=0.387254 q_grad=0.001252
epoch=17 loss_total=0.703723 loss_rec=0.638038 valid_auc=0.677277 valid_rmse=0.475974 q_change=57 q_delta=0.389160 q_grad=0.001237
epoch=18 loss_total=0.697041 loss_rec=0.632218 valid_auc=0.678973 valid_rmse=0.475284 q_change=57 q_delta=0.390856 q_grad=0.001301
epoch=19 loss_total=0.695212 loss_rec=0.631270 valid_auc=0.679643 valid_rmse=0.475516 q_change=57 q_delta=0.392383 q_grad=0.001413
epoch=20 loss_total=0.693586 loss_rec=0.630276 valid_auc=0.681752 valid_rmse=0.473930 q_change=57 q_delta=0.393734 q_grad=0.001528
epoch=21 loss_total=0.689734 loss_rec=0.627020 valid_auc=0.681663 valid_rmse=0.475265 q_change=57 q_delta=0.394479 q_grad=0.001485
epoch=22 loss_total=0.688130 loss_rec=0.625785 valid_auc=0.682946 valid_rmse=0.473984 q_change=57 q_delta=0.395102 q_grad=0.001633
epoch=23 loss_total=0.685162 loss_rec=0.623144 valid_auc=0.681529 valid_rmse=0.473774 q_change=57 q_delta=0.395877 q_grad=0.001647
epoch=24 loss_total=0.680213 loss_rec=0.618483 valid_auc=0.680670 valid_rmse=0.474284 q_change=56 q_delta=0.396341 q_grad=0.001697
epoch=25 loss_total=0.682411 loss_rec=0.620941 valid_auc=0.681205 valid_rmse=0.474329 q_change=56 q_delta=0.397368 q_grad=0.001854
epoch=26 loss_total=0.679659 loss_rec=0.618402 valid_auc=0.682757 valid_rmse=0.475079 q_change=56 q_delta=0.398379 q_grad=0.001841
epoch=27 loss_total=0.676651 loss_rec=0.615553 valid_auc=0.684810 valid_rmse=0.475266 q_change=56 q_delta=0.399135 q_grad=0.001835
epoch=28 loss_total=0.678919 loss_rec=0.618102 valid_auc=0.682489 valid_rmse=0.474750 q_change=56 q_delta=0.400251 q_grad=0.001929
epoch=29 loss_total=0.674137 loss_rec=0.613621 valid_auc=0.685536 valid_rmse=0.473938 q_change=56 q_delta=0.400999 q_grad=0.001968
epoch=30 loss_total=0.674380 loss_rec=0.614079 valid_auc=0.686763 valid_rmse=0.474119 q_change=56 q_delta=0.401506 q_grad=0.001928
epoch=31 loss_total=0.671084 loss_rec=0.610947 valid_auc=0.687333 valid_rmse=0.474002 q_change=56 q_delta=0.402060 q_grad=0.001966
epoch=32 loss_total=0.672793 loss_rec=0.612874 valid_auc=0.688873 valid_rmse=0.474148 q_change=56 q_delta=0.402505 q_grad=0.002015
epoch=33 loss_total=0.671364 loss_rec=0.611614 valid_auc=0.686518 valid_rmse=0.472840 q_change=56 q_delta=0.403259 q_grad=0.001987
epoch=34 loss_total=0.670773 loss_rec=0.611237 valid_auc=0.686116 valid_rmse=0.472776 q_change=56 q_delta=0.403624 q_grad=0.001982
epoch=35 loss_total=0.671303 loss_rec=0.611955 valid_auc=0.689375 valid_rmse=0.471940 q_change=56 q_delta=0.403986 q_grad=0.001953
epoch=36 loss_total=0.667767 loss_rec=0.608480 valid_auc=0.691317 valid_rmse=0.472553 q_change=56 q_delta=0.403952 q_grad=0.002000
epoch=37 loss_total=0.662325 loss_rec=0.603114 valid_auc=0.691797 valid_rmse=0.472413 q_change=56 q_delta=0.404215 q_grad=0.002002
epoch=38 loss_total=0.661827 loss_rec=0.602782 valid_auc=0.690469 valid_rmse=0.474323 q_change=56 q_delta=0.404455 q_grad=0.002106
epoch=39 loss_total=0.664222 loss_rec=0.605283 valid_auc=0.691964 valid_rmse=0.471379 q_change=55 q_delta=0.404877 q_grad=0.002028
epoch=40 loss_total=0.659901 loss_rec=0.601091 valid_auc=0.691998 valid_rmse=0.471734 q_change=55 q_delta=0.405281 q_grad=0.002068
epoch=41 loss_total=0.656320 loss_rec=0.597659 valid_auc=0.693583 valid_rmse=0.471829 q_change=55 q_delta=0.405861 q_grad=0.002047
epoch=42 loss_total=0.659393 loss_rec=0.600815 valid_auc=0.690340 valid_rmse=0.472172 q_change=54 q_delta=0.406486 q_grad=0.002139
epoch=43 loss_total=0.654840 loss_rec=0.596307 valid_auc=0.691328 valid_rmse=0.472368 q_change=54 q_delta=0.406883 q_grad=0.002083
epoch=44 loss_total=0.656177 loss_rec=0.597833 valid_auc=0.691641 valid_rmse=0.472571 q_change=54 q_delta=0.407532 q_grad=0.002132
epoch=45 loss_total=0.652417 loss_rec=0.594248 valid_auc=0.692411 valid_rmse=0.474939 q_change=54 q_delta=0.407943 q_grad=0.002158
epoch=46 loss_total=0.653380 loss_rec=0.595310 valid_auc=0.693705 valid_rmse=0.471134 q_change=54 q_delta=0.408641 q_grad=0.002113
epoch=47 loss_total=0.651027 loss_rec=0.593162 valid_auc=0.694777 valid_rmse=0.472183 q_change=53 q_delta=0.409160 q_grad=0.002133
epoch=48 loss_total=0.649592 loss_rec=0.591850 valid_auc=0.692790 valid_rmse=0.471880 q_change=52 q_delta=0.409651 q_grad=0.002192
epoch=49 loss_total=0.647291 loss_rec=0.589686 valid_auc=0.693337 valid_rmse=0.471793 q_change=52 q_delta=0.410168 q_grad=0.002227
epoch=50 loss_total=0.643594 loss_rec=0.586119 valid_auc=0.691016 valid_rmse=0.472956 q_change=52 q_delta=0.410818 q_grad=0.002136
epoch=51 loss_total=0.644233 loss_rec=0.586919 valid_auc=0.693237 valid_rmse=0.474442 q_change=52 q_delta=0.411302 q_grad=0.002264
epoch=52 loss_total=0.645638 loss_rec=0.588485 valid_auc=0.691763 valid_rmse=0.472633 q_change=52 q_delta=0.411979 q_grad=0.002268
epoch=53 loss_total=0.647009 loss_rec=0.589965 valid_auc=0.693984 valid_rmse=0.472409 q_change=52 q_delta=0.412423 q_grad=0.002279
epoch=54 loss_total=0.638774 loss_rec=0.581852 valid_auc=0.690446 valid_rmse=0.474348 q_change=52 q_delta=0.412775 q_grad=0.002262
epoch=55 loss_total=0.637565 loss_rec=0.580788 valid_auc=0.694777 valid_rmse=0.472312 q_change=52 q_delta=0.413352 q_grad=0.002303
epoch=56 loss_total=0.638938 loss_rec=0.582282 valid_auc=0.692042 valid_rmse=0.472900 q_change=52 q_delta=0.413767 q_grad=0.002324
epoch=57 loss_total=0.637080 loss_rec=0.580546 valid_auc=0.692344 valid_rmse=0.475114 q_change=52 q_delta=0.414135 q_grad=0.002439
epoch=58 loss_total=0.633564 loss_rec=0.577098 valid_auc=0.691261 valid_rmse=0.476012 q_change=52 q_delta=0.414510 q_grad=0.002409
epoch=59 loss_total=0.633931 loss_rec=0.577626 valid_auc=0.690513 valid_rmse=0.473510 q_change=52 q_delta=0.414942 q_grad=0.002385
epoch=60 loss_total=0.632871 loss_rec=0.576630 valid_auc=0.691641 valid_rmse=0.474917 q_change=52 q_delta=0.415048 q_grad=0.002455
epoch=61 loss_total=0.631801 loss_rec=0.575609 valid_auc=0.691551 valid_rmse=0.474282 q_change=52 q_delta=0.415362 q_grad=0.002514
epoch=62 loss_total=0.628792 loss_rec=0.572724 valid_auc=0.690123 valid_rmse=0.474242 q_change=52 q_delta=0.415640 q_grad=0.002480
epoch=63 loss_total=0.629258 loss_rec=0.573239 valid_auc=0.688605 valid_rmse=0.475194 q_change=52 q_delta=0.415818 q_grad=0.002537
epoch=64 loss_total=0.631605 loss_rec=0.575655 valid_auc=0.692589 valid_rmse=0.476691 q_change=52 q_delta=0.415982 q_grad=0.002599
epoch=65 loss_total=0.626235 loss_rec=0.570324 valid_auc=0.691618 valid_rmse=0.474196 q_change=52 q_delta=0.416275 q_grad=0.002476
epoch=66 loss_total=0.626875 loss_rec=0.571000 valid_auc=0.690848 valid_rmse=0.474866 q_change=52 q_delta=0.416297 q_grad=0.002650
epoch=67 loss_total=0.628705 loss_rec=0.572890 valid_auc=0.689275 valid_rmse=0.475795 q_change=52 q_delta=0.416428 q_grad=0.002651
Early stopping at epoch 67; best_epoch=47.
Saved run to C:\Users\YAN_SHU_YU\Desktop\Generative-CD\Q_GNCDM\results\weak_q_lambda_sweep\lq_0p1_ls_0p5_lb_0p1\seed_2026\noise_0.20\weak-q_lq_0p1_ls_0p5_lb_0p1
Final metrics: q_hat_f1=0.133333 response_auc=0.688153 mastery_pearson=0.336757
