run=weak-q_lq_0p9_ls_0p9_lb_0p2 mode=weak-q noise=0.20 train=4200 valid=600 test=1200
epoch=1 loss_total=1.167312 loss_rec=0.725660 valid_auc=0.587467 valid_rmse=0.499756 q_change=57 q_delta=0.077948 q_grad=0.000859
epoch=2 loss_total=1.089256 loss_rec=0.705876 valid_auc=0.593304 valid_rmse=0.499310 q_change=57 q_delta=0.143681 q_grad=0.000694
epoch=3 loss_total=1.041036 loss_rec=0.699844 valid_auc=0.604442 valid_rmse=0.498505 q_change=57 q_delta=0.196374 q_grad=0.000558
epoch=4 loss_total=1.004529 loss_rec=0.693347 valid_auc=0.621283 valid_rmse=0.497701 q_change=57 q_delta=0.237832 q_grad=0.000449
epoch=5 loss_total=0.982738 loss_rec=0.692555 valid_auc=0.641931 valid_rmse=0.495490 q_change=57 q_delta=0.269585 q_grad=0.000376
epoch=6 loss_total=0.961470 loss_rec=0.685957 valid_auc=0.657567 valid_rmse=0.493321 q_change=57 q_delta=0.293109 q_grad=0.000343
epoch=7 loss_total=0.938821 loss_rec=0.673225 valid_auc=0.659732 valid_rmse=0.488456 q_change=57 q_delta=0.309450 q_grad=0.000373
epoch=8 loss_total=0.918542 loss_rec=0.659005 valid_auc=0.659788 valid_rmse=0.483074 q_change=57 q_delta=0.319782 q_grad=0.000520
epoch=9 loss_total=0.903071 loss_rec=0.647640 valid_auc=0.670960 valid_rmse=0.477389 q_change=57 q_delta=0.328341 q_grad=0.000703
epoch=10 loss_total=0.899476 loss_rec=0.647643 valid_auc=0.671931 valid_rmse=0.477291 q_change=57 q_delta=0.334998 q_grad=0.000815
epoch=11 loss_total=0.893310 loss_rec=0.643963 valid_auc=0.676004 valid_rmse=0.475470 q_change=57 q_delta=0.340578 q_grad=0.000963
epoch=12 loss_total=0.880889 loss_rec=0.633675 valid_auc=0.679375 valid_rmse=0.476119 q_change=57 q_delta=0.344529 q_grad=0.001066
epoch=13 loss_total=0.875847 loss_rec=0.630349 valid_auc=0.681250 valid_rmse=0.473501 q_change=57 q_delta=0.348251 q_grad=0.001130
epoch=14 loss_total=0.874163 loss_rec=0.629877 valid_auc=0.681105 valid_rmse=0.474904 q_change=57 q_delta=0.350503 q_grad=0.001262
epoch=15 loss_total=0.869470 loss_rec=0.626174 valid_auc=0.681618 valid_rmse=0.473196 q_change=57 q_delta=0.352956 q_grad=0.001363
epoch=16 loss_total=0.869878 loss_rec=0.627356 valid_auc=0.684063 valid_rmse=0.473343 q_change=57 q_delta=0.354611 q_grad=0.001493
epoch=17 loss_total=0.866265 loss_rec=0.624522 valid_auc=0.682679 valid_rmse=0.473676 q_change=57 q_delta=0.356282 q_grad=0.001451
epoch=18 loss_total=0.859901 loss_rec=0.618687 valid_auc=0.684397 valid_rmse=0.472938 q_change=57 q_delta=0.357850 q_grad=0.001503
epoch=19 loss_total=0.858615 loss_rec=0.618073 valid_auc=0.684230 valid_rmse=0.474287 q_change=57 q_delta=0.359413 q_grad=0.001618
epoch=20 loss_total=0.856357 loss_rec=0.616202 valid_auc=0.686574 valid_rmse=0.472335 q_change=57 q_delta=0.360784 q_grad=0.001703
epoch=21 loss_total=0.851903 loss_rec=0.612151 valid_auc=0.686551 valid_rmse=0.474387 q_change=56 q_delta=0.361641 q_grad=0.001628
epoch=22 loss_total=0.850157 loss_rec=0.610682 valid_auc=0.686819 valid_rmse=0.473552 q_change=56 q_delta=0.362687 q_grad=0.001770
epoch=23 loss_total=0.847721 loss_rec=0.608488 valid_auc=0.684576 valid_rmse=0.473243 q_change=56 q_delta=0.364316 q_grad=0.001745
epoch=24 loss_total=0.843109 loss_rec=0.604116 valid_auc=0.683850 valid_rmse=0.474037 q_change=56 q_delta=0.365497 q_grad=0.001775
epoch=25 loss_total=0.844775 loss_rec=0.605936 valid_auc=0.684286 valid_rmse=0.473970 q_change=56 q_delta=0.366438 q_grad=0.001900
epoch=26 loss_total=0.842111 loss_rec=0.603423 valid_auc=0.685893 valid_rmse=0.474547 q_change=56 q_delta=0.367529 q_grad=0.001880
epoch=27 loss_total=0.838605 loss_rec=0.599911 valid_auc=0.686451 valid_rmse=0.475435 q_change=56 q_delta=0.368377 q_grad=0.001859
epoch=28 loss_total=0.841719 loss_rec=0.603202 valid_auc=0.685569 valid_rmse=0.474342 q_change=54 q_delta=0.369579 q_grad=0.001940
epoch=29 loss_total=0.835545 loss_rec=0.597128 valid_auc=0.688906 valid_rmse=0.473595 q_change=54 q_delta=0.370474 q_grad=0.001969
epoch=30 loss_total=0.834749 loss_rec=0.596306 valid_auc=0.690100 valid_rmse=0.474153 q_change=53 q_delta=0.371312 q_grad=0.001948
epoch=31 loss_total=0.830863 loss_rec=0.592251 valid_auc=0.689308 valid_rmse=0.474160 q_change=51 q_delta=0.372531 q_grad=0.001982
epoch=32 loss_total=0.832571 loss_rec=0.593954 valid_auc=0.691775 valid_rmse=0.473964 q_change=51 q_delta=0.373638 q_grad=0.002036
epoch=33 loss_total=0.830058 loss_rec=0.591352 valid_auc=0.690234 valid_rmse=0.472096 q_change=51 q_delta=0.375040 q_grad=0.002032
epoch=34 loss_total=0.829071 loss_rec=0.590322 valid_auc=0.687868 valid_rmse=0.472534 q_change=51 q_delta=0.376047 q_grad=0.002016
epoch=35 loss_total=0.828938 loss_rec=0.590134 valid_auc=0.692355 valid_rmse=0.471338 q_change=51 q_delta=0.377149 q_grad=0.002006
epoch=36 loss_total=0.822759 loss_rec=0.583669 valid_auc=0.693315 valid_rmse=0.472087 q_change=50 q_delta=0.377783 q_grad=0.002084
epoch=37 loss_total=0.818140 loss_rec=0.578848 valid_auc=0.692478 valid_rmse=0.473005 q_change=50 q_delta=0.378681 q_grad=0.002087
epoch=38 loss_total=0.815536 loss_rec=0.576239 valid_auc=0.691875 valid_rmse=0.474662 q_change=49 q_delta=0.379616 q_grad=0.002206
epoch=39 loss_total=0.815984 loss_rec=0.576532 valid_auc=0.691719 valid_rmse=0.472110 q_change=49 q_delta=0.380967 q_grad=0.002153
epoch=40 loss_total=0.811963 loss_rec=0.572379 valid_auc=0.692623 valid_rmse=0.472356 q_change=49 q_delta=0.381799 q_grad=0.002213
epoch=41 loss_total=0.806687 loss_rec=0.567015 valid_auc=0.693203 valid_rmse=0.473957 q_change=49 q_delta=0.382825 q_grad=0.002222
epoch=42 loss_total=0.808748 loss_rec=0.568909 valid_auc=0.688560 valid_rmse=0.473511 q_change=49 q_delta=0.384089 q_grad=0.002345
epoch=43 loss_total=0.802715 loss_rec=0.562677 valid_auc=0.690603 valid_rmse=0.474042 q_change=49 q_delta=0.384724 q_grad=0.002322
epoch=44 loss_total=0.801711 loss_rec=0.561609 valid_auc=0.688895 valid_rmse=0.474608 q_change=50 q_delta=0.385826 q_grad=0.002378
epoch=45 loss_total=0.795732 loss_rec=0.555573 valid_auc=0.689208 valid_rmse=0.479200 q_change=50 q_delta=0.386353 q_grad=0.002438
epoch=46 loss_total=0.795544 loss_rec=0.555226 valid_auc=0.692712 valid_rmse=0.472896 q_change=50 q_delta=0.387347 q_grad=0.002440
epoch=47 loss_total=0.791520 loss_rec=0.551103 valid_auc=0.689453 valid_rmse=0.475976 q_change=50 q_delta=0.387950 q_grad=0.002478
epoch=48 loss_total=0.787977 loss_rec=0.547499 valid_auc=0.689821 valid_rmse=0.475460 q_change=50 q_delta=0.388781 q_grad=0.002564
epoch=49 loss_total=0.783691 loss_rec=0.543168 valid_auc=0.691797 valid_rmse=0.473997 q_change=50 q_delta=0.389238 q_grad=0.002589
epoch=50 loss_total=0.777739 loss_rec=0.537115 valid_auc=0.689141 valid_rmse=0.477167 q_change=50 q_delta=0.389786 q_grad=0.002592
epoch=51 loss_total=0.776753 loss_rec=0.536204 valid_auc=0.690346 valid_rmse=0.477853 q_change=50 q_delta=0.390173 q_grad=0.002691
epoch=52 loss_total=0.778125 loss_rec=0.537574 valid_auc=0.688013 valid_rmse=0.476941 q_change=50 q_delta=0.390803 q_grad=0.002743
epoch=53 loss_total=0.778101 loss_rec=0.537520 valid_auc=0.688761 valid_rmse=0.475400 q_change=50 q_delta=0.391307 q_grad=0.002759
epoch=54 loss_total=0.769526 loss_rec=0.528883 valid_auc=0.684888 valid_rmse=0.478738 q_change=49 q_delta=0.391600 q_grad=0.002768
epoch=55 loss_total=0.765663 loss_rec=0.525088 valid_auc=0.692656 valid_rmse=0.475263 q_change=49 q_delta=0.391974 q_grad=0.002771
epoch=56 loss_total=0.765878 loss_rec=0.525314 valid_auc=0.687254 valid_rmse=0.478257 q_change=49 q_delta=0.392219 q_grad=0.002837
Early stopping at epoch 56; best_epoch=36.
Saved run to C:\Users\YAN_SHU_YU\Desktop\Generative-CD\Q_GNCDM\results\weak_q_lambda_sweep\lq_0p9_ls_0p9_lb_0p2\seed_2026\noise_0.20\weak-q_lq_0p9_ls_0p9_lb_0p2
Final metrics: q_hat_f1=0.222222 response_auc=0.692965 mastery_pearson=0.402572
