run=weak-q_lq_0p8_ls_0p5_lb_0p7 mode=weak-q noise=0.20 train=4200 valid=600 test=1200
epoch=1 loss_total=1.114942 loss_rec=0.725660 valid_auc=0.587779 valid_rmse=0.499752 q_change=57 q_delta=0.078495 q_grad=0.000526
epoch=2 loss_total=1.056713 loss_rec=0.705898 valid_auc=0.594866 valid_rmse=0.499295 q_change=57 q_delta=0.146973 q_grad=0.000463
epoch=3 loss_total=1.019152 loss_rec=0.699907 valid_auc=0.608532 valid_rmse=0.498474 q_change=57 q_delta=0.203596 q_grad=0.000406
epoch=4 loss_total=0.987619 loss_rec=0.693529 valid_auc=0.629029 valid_rmse=0.497696 q_change=57 q_delta=0.249020 q_grad=0.000354
epoch=5 loss_total=0.967904 loss_rec=0.692991 valid_auc=0.649933 valid_rmse=0.495597 q_change=57 q_delta=0.283763 q_grad=0.000320
epoch=6 loss_total=0.947694 loss_rec=0.687029 valid_auc=0.663080 valid_rmse=0.493718 q_change=57 q_delta=0.309088 q_grad=0.000309
epoch=7 loss_total=0.926245 loss_rec=0.675651 valid_auc=0.662612 valid_rmse=0.489279 q_change=57 q_delta=0.326324 q_grad=0.000344
epoch=8 loss_total=0.906988 loss_rec=0.662737 valid_auc=0.660402 valid_rmse=0.483615 q_change=57 q_delta=0.336733 q_grad=0.000478
epoch=9 loss_total=0.891226 loss_rec=0.651272 valid_auc=0.667132 valid_rmse=0.478409 q_change=57 q_delta=0.345236 q_grad=0.000652
epoch=10 loss_total=0.887939 loss_rec=0.651786 valid_auc=0.669453 valid_rmse=0.478411 q_change=57 q_delta=0.351934 q_grad=0.000758
epoch=11 loss_total=0.881727 loss_rec=0.648313 valid_auc=0.672065 valid_rmse=0.476986 q_change=57 q_delta=0.357516 q_grad=0.000887
epoch=12 loss_total=0.869896 loss_rec=0.638854 valid_auc=0.675201 valid_rmse=0.477496 q_change=57 q_delta=0.361525 q_grad=0.000978
epoch=13 loss_total=0.864776 loss_rec=0.635622 valid_auc=0.677768 valid_rmse=0.474719 q_change=57 q_delta=0.365069 q_grad=0.001033
epoch=14 loss_total=0.862264 loss_rec=0.634453 valid_auc=0.679085 valid_rmse=0.475795 q_change=57 q_delta=0.367039 q_grad=0.001169
epoch=15 loss_total=0.857856 loss_rec=0.631077 valid_auc=0.680078 valid_rmse=0.473839 q_change=57 q_delta=0.369074 q_grad=0.001273
epoch=16 loss_total=0.857380 loss_rec=0.631391 valid_auc=0.683984 valid_rmse=0.473427 q_change=57 q_delta=0.370006 q_grad=0.001422
epoch=17 loss_total=0.853498 loss_rec=0.628145 valid_auc=0.684475 valid_rmse=0.473307 q_change=56 q_delta=0.370828 q_grad=0.001408
epoch=18 loss_total=0.845817 loss_rec=0.620860 valid_auc=0.685290 valid_rmse=0.472662 q_change=56 q_delta=0.372037 q_grad=0.001484
epoch=19 loss_total=0.843367 loss_rec=0.618920 valid_auc=0.686306 valid_rmse=0.473519 q_change=56 q_delta=0.373228 q_grad=0.001615
epoch=20 loss_total=0.839920 loss_rec=0.615741 valid_auc=0.688817 valid_rmse=0.471402 q_change=55 q_delta=0.374203 q_grad=0.001726
epoch=21 loss_total=0.834526 loss_rec=0.610682 valid_auc=0.689961 valid_rmse=0.473399 q_change=55 q_delta=0.375055 q_grad=0.001676
epoch=22 loss_total=0.831080 loss_rec=0.607470 valid_auc=0.690937 valid_rmse=0.472259 q_change=55 q_delta=0.376023 q_grad=0.001838
epoch=23 loss_total=0.827570 loss_rec=0.604242 valid_auc=0.686629 valid_rmse=0.472381 q_change=53 q_delta=0.377252 q_grad=0.001825
epoch=24 loss_total=0.821910 loss_rec=0.598918 valid_auc=0.686027 valid_rmse=0.473317 q_change=52 q_delta=0.378136 q_grad=0.001858
epoch=25 loss_total=0.822351 loss_rec=0.599674 valid_auc=0.686272 valid_rmse=0.473495 q_change=52 q_delta=0.379714 q_grad=0.001993
epoch=26 loss_total=0.819344 loss_rec=0.596918 valid_auc=0.688136 valid_rmse=0.474141 q_change=52 q_delta=0.381308 q_grad=0.001979
epoch=27 loss_total=0.814972 loss_rec=0.592782 valid_auc=0.688382 valid_rmse=0.475569 q_change=52 q_delta=0.382684 q_grad=0.001952
epoch=28 loss_total=0.817020 loss_rec=0.595109 valid_auc=0.688438 valid_rmse=0.474015 q_change=52 q_delta=0.384128 q_grad=0.002032
epoch=29 loss_total=0.809579 loss_rec=0.587919 valid_auc=0.690413 valid_rmse=0.473654 q_change=52 q_delta=0.385337 q_grad=0.002061
epoch=30 loss_total=0.808341 loss_rec=0.586872 valid_auc=0.692567 valid_rmse=0.474145 q_change=52 q_delta=0.386436 q_grad=0.002041
epoch=31 loss_total=0.803949 loss_rec=0.582668 valid_auc=0.693047 valid_rmse=0.473706 q_change=52 q_delta=0.387427 q_grad=0.002077
epoch=32 loss_total=0.804371 loss_rec=0.583296 valid_auc=0.694699 valid_rmse=0.473700 q_change=52 q_delta=0.388375 q_grad=0.002136
epoch=33 loss_total=0.800736 loss_rec=0.579812 valid_auc=0.693214 valid_rmse=0.471671 q_change=51 q_delta=0.389373 q_grad=0.002137
epoch=34 loss_total=0.799949 loss_rec=0.579239 valid_auc=0.691194 valid_rmse=0.472287 q_change=51 q_delta=0.389989 q_grad=0.002145
epoch=35 loss_total=0.798905 loss_rec=0.578357 valid_auc=0.695424 valid_rmse=0.470914 q_change=51 q_delta=0.390835 q_grad=0.002136
epoch=36 loss_total=0.791550 loss_rec=0.571071 valid_auc=0.696652 valid_rmse=0.471848 q_change=51 q_delta=0.391352 q_grad=0.002221
epoch=37 loss_total=0.786927 loss_rec=0.566567 valid_auc=0.694978 valid_rmse=0.473289 q_change=51 q_delta=0.392125 q_grad=0.002231
epoch=38 loss_total=0.782915 loss_rec=0.562744 valid_auc=0.695223 valid_rmse=0.474190 q_change=51 q_delta=0.392818 q_grad=0.002355
epoch=39 loss_total=0.782723 loss_rec=0.562675 valid_auc=0.694732 valid_rmse=0.471943 q_change=50 q_delta=0.393781 q_grad=0.002312
epoch=40 loss_total=0.778370 loss_rec=0.558485 valid_auc=0.694141 valid_rmse=0.472945 q_change=50 q_delta=0.394288 q_grad=0.002381
epoch=41 loss_total=0.772363 loss_rec=0.552652 valid_auc=0.695703 valid_rmse=0.474926 q_change=50 q_delta=0.395032 q_grad=0.002405
epoch=42 loss_total=0.773889 loss_rec=0.554308 valid_auc=0.692388 valid_rmse=0.473911 q_change=50 q_delta=0.395945 q_grad=0.002533
epoch=43 loss_total=0.767720 loss_rec=0.548235 valid_auc=0.694118 valid_rmse=0.474696 q_change=50 q_delta=0.396403 q_grad=0.002514
epoch=44 loss_total=0.765212 loss_rec=0.545864 valid_auc=0.692623 valid_rmse=0.475719 q_change=50 q_delta=0.397181 q_grad=0.002599
epoch=45 loss_total=0.759687 loss_rec=0.540505 valid_auc=0.692165 valid_rmse=0.480142 q_change=50 q_delta=0.397528 q_grad=0.002662
epoch=46 loss_total=0.759616 loss_rec=0.540497 valid_auc=0.696462 valid_rmse=0.473774 q_change=50 q_delta=0.398232 q_grad=0.002648
epoch=47 loss_total=0.755067 loss_rec=0.536076 valid_auc=0.692612 valid_rmse=0.477677 q_change=50 q_delta=0.398628 q_grad=0.002668
epoch=48 loss_total=0.751994 loss_rec=0.533111 valid_auc=0.693192 valid_rmse=0.476235 q_change=50 q_delta=0.399075 q_grad=0.002771
epoch=49 loss_total=0.746778 loss_rec=0.527972 valid_auc=0.695435 valid_rmse=0.475540 q_change=50 q_delta=0.399306 q_grad=0.002779
epoch=50 loss_total=0.742498 loss_rec=0.523760 valid_auc=0.692478 valid_rmse=0.478475 q_change=50 q_delta=0.399633 q_grad=0.002796
epoch=51 loss_total=0.740663 loss_rec=0.522057 valid_auc=0.692969 valid_rmse=0.479686 q_change=50 q_delta=0.399781 q_grad=0.002879
epoch=52 loss_total=0.741571 loss_rec=0.523066 valid_auc=0.693047 valid_rmse=0.477863 q_change=49 q_delta=0.400230 q_grad=0.002927
epoch=53 loss_total=0.742228 loss_rec=0.523779 valid_auc=0.693460 valid_rmse=0.477173 q_change=49 q_delta=0.400431 q_grad=0.002960
epoch=54 loss_total=0.733992 loss_rec=0.515613 valid_auc=0.688717 valid_rmse=0.480201 q_change=49 q_delta=0.400489 q_grad=0.002978
epoch=55 loss_total=0.729610 loss_rec=0.511308 valid_auc=0.695067 valid_rmse=0.477019 q_change=49 q_delta=0.400709 q_grad=0.002943
epoch=56 loss_total=0.729261 loss_rec=0.511011 valid_auc=0.689364 valid_rmse=0.479881 q_change=49 q_delta=0.400814 q_grad=0.003043
Early stopping at epoch 56; best_epoch=36.
Saved run to C:\Users\YAN_SHU_YU\Desktop\Generative-CD\Q_GNCDM\results\weak_q_lambda_sweep\lq_0p8_ls_0p5_lb_0p7\seed_2026\noise_0.20\weak-q_lq_0p8_ls_0p5_lb_0p7
Final metrics: q_hat_f1=0.193548 response_auc=0.691244 mastery_pearson=0.411858
