run=weak-q_lq_0p5_ls_0p1_lb_0p3 mode=weak-q noise=0.20 train=4200 valid=600 test=1200
epoch=1 loss_total=0.843544 loss_rec=0.725524 valid_auc=0.592723 valid_rmse=0.499620 q_change=33 q_delta=0.062372 q_grad=0.000107
epoch=2 loss_total=0.817687 loss_rec=0.704374 valid_auc=0.611406 valid_rmse=0.498396 q_change=43 q_delta=0.096715 q_grad=0.000115
epoch=3 loss_total=0.806182 loss_rec=0.694789 valid_auc=0.638259 valid_rmse=0.495385 q_change=37 q_delta=0.114693 q_grad=0.000153
epoch=4 loss_total=0.789595 loss_rec=0.678805 valid_auc=0.661641 valid_rmse=0.488629 q_change=33 q_delta=0.124471 q_grad=0.000235
epoch=5 loss_total=0.768379 loss_rec=0.656996 valid_auc=0.669319 valid_rmse=0.479442 q_change=25 q_delta=0.128301 q_grad=0.000439
epoch=6 loss_total=0.743994 loss_rec=0.631913 valid_auc=0.674665 valid_rmse=0.475949 q_change=22 q_delta=0.133930 q_grad=0.000710
epoch=7 loss_total=0.731395 loss_rec=0.619426 valid_auc=0.679118 valid_rmse=0.475689 q_change=20 q_delta=0.139975 q_grad=0.000825
epoch=8 loss_total=0.727946 loss_rec=0.616161 valid_auc=0.677667 valid_rmse=0.476477 q_change=20 q_delta=0.146320 q_grad=0.000925
epoch=9 loss_total=0.723142 loss_rec=0.611583 valid_auc=0.680547 valid_rmse=0.475013 q_change=22 q_delta=0.153153 q_grad=0.000958
epoch=10 loss_total=0.727427 loss_rec=0.616142 valid_auc=0.679844 valid_rmse=0.476488 q_change=19 q_delta=0.159682 q_grad=0.000942
epoch=11 loss_total=0.726008 loss_rec=0.614814 valid_auc=0.679676 valid_rmse=0.475296 q_change=16 q_delta=0.166139 q_grad=0.000999
epoch=12 loss_total=0.718420 loss_rec=0.607372 valid_auc=0.679330 valid_rmse=0.476785 q_change=19 q_delta=0.171968 q_grad=0.001012
epoch=13 loss_total=0.715048 loss_rec=0.604172 valid_auc=0.679241 valid_rmse=0.475522 q_change=17 q_delta=0.179118 q_grad=0.000980
epoch=14 loss_total=0.715817 loss_rec=0.605021 valid_auc=0.678951 valid_rmse=0.477385 q_change=16 q_delta=0.185264 q_grad=0.001028
epoch=15 loss_total=0.711884 loss_rec=0.601102 valid_auc=0.680100 valid_rmse=0.476058 q_change=16 q_delta=0.191826 q_grad=0.001032
epoch=16 loss_total=0.714064 loss_rec=0.603289 valid_auc=0.680982 valid_rmse=0.476073 q_change=15 q_delta=0.198144 q_grad=0.001115
epoch=17 loss_total=0.708705 loss_rec=0.597987 valid_auc=0.680658 valid_rmse=0.476011 q_change=17 q_delta=0.204067 q_grad=0.001050
epoch=18 loss_total=0.703856 loss_rec=0.593149 valid_auc=0.681094 valid_rmse=0.476504 q_change=17 q_delta=0.209981 q_grad=0.001077
epoch=19 loss_total=0.702400 loss_rec=0.591720 valid_auc=0.681987 valid_rmse=0.476784 q_change=16 q_delta=0.216153 q_grad=0.001118
epoch=20 loss_total=0.699806 loss_rec=0.589092 valid_auc=0.684710 valid_rmse=0.475516 q_change=16 q_delta=0.222480 q_grad=0.001174
epoch=21 loss_total=0.694402 loss_rec=0.583637 valid_auc=0.686406 valid_rmse=0.475881 q_change=16 q_delta=0.228536 q_grad=0.001130
epoch=22 loss_total=0.691264 loss_rec=0.580468 valid_auc=0.685234 valid_rmse=0.476273 q_change=16 q_delta=0.234407 q_grad=0.001211
epoch=23 loss_total=0.688367 loss_rec=0.577511 valid_auc=0.684554 valid_rmse=0.476323 q_change=16 q_delta=0.240025 q_grad=0.001187
epoch=24 loss_total=0.681712 loss_rec=0.570798 valid_auc=0.685268 valid_rmse=0.476999 q_change=16 q_delta=0.246153 q_grad=0.001222
epoch=25 loss_total=0.679369 loss_rec=0.568370 valid_auc=0.686328 valid_rmse=0.477216 q_change=16 q_delta=0.252312 q_grad=0.001299
epoch=26 loss_total=0.674645 loss_rec=0.563565 valid_auc=0.686440 valid_rmse=0.477614 q_change=16 q_delta=0.257485 q_grad=0.001269
epoch=27 loss_total=0.671135 loss_rec=0.559953 valid_auc=0.686429 valid_rmse=0.479525 q_change=15 q_delta=0.262849 q_grad=0.001298
epoch=28 loss_total=0.672159 loss_rec=0.560864 valid_auc=0.685815 valid_rmse=0.478708 q_change=15 q_delta=0.268593 q_grad=0.001381
epoch=29 loss_total=0.663336 loss_rec=0.551956 valid_auc=0.688482 valid_rmse=0.478184 q_change=15 q_delta=0.273666 q_grad=0.001361
epoch=30 loss_total=0.659588 loss_rec=0.548081 valid_auc=0.689498 valid_rmse=0.479688 q_change=16 q_delta=0.278941 q_grad=0.001422
epoch=31 loss_total=0.653503 loss_rec=0.541895 valid_auc=0.688181 valid_rmse=0.480209 q_change=16 q_delta=0.283859 q_grad=0.001413
epoch=32 loss_total=0.652051 loss_rec=0.540327 valid_auc=0.692266 valid_rmse=0.479189 q_change=15 q_delta=0.288941 q_grad=0.001441
epoch=33 loss_total=0.647112 loss_rec=0.535260 valid_auc=0.689743 valid_rmse=0.478727 q_change=15 q_delta=0.293920 q_grad=0.001461
epoch=34 loss_total=0.646752 loss_rec=0.534822 valid_auc=0.688393 valid_rmse=0.478968 q_change=15 q_delta=0.298250 q_grad=0.001431
epoch=35 loss_total=0.646260 loss_rec=0.534223 valid_auc=0.690882 valid_rmse=0.477819 q_change=15 q_delta=0.302405 q_grad=0.001457
epoch=36 loss_total=0.638252 loss_rec=0.526064 valid_auc=0.690871 valid_rmse=0.479078 q_change=15 q_delta=0.306233 q_grad=0.001480
epoch=37 loss_total=0.634892 loss_rec=0.522594 valid_auc=0.689297 valid_rmse=0.481336 q_change=14 q_delta=0.309934 q_grad=0.001461
epoch=38 loss_total=0.628243 loss_rec=0.515856 valid_auc=0.690335 valid_rmse=0.481949 q_change=14 q_delta=0.313545 q_grad=0.001503
epoch=39 loss_total=0.627871 loss_rec=0.515392 valid_auc=0.689308 valid_rmse=0.481212 q_change=15 q_delta=0.316885 q_grad=0.001485
epoch=40 loss_total=0.625335 loss_rec=0.512756 valid_auc=0.689129 valid_rmse=0.481884 q_change=16 q_delta=0.320032 q_grad=0.001485
epoch=41 loss_total=0.619584 loss_rec=0.506927 valid_auc=0.690022 valid_rmse=0.484091 q_change=16 q_delta=0.322950 q_grad=0.001463
epoch=42 loss_total=0.622564 loss_rec=0.509820 valid_auc=0.689442 valid_rmse=0.482041 q_change=17 q_delta=0.325991 q_grad=0.001570
epoch=43 loss_total=0.617548 loss_rec=0.504743 valid_auc=0.691987 valid_rmse=0.482771 q_change=17 q_delta=0.328762 q_grad=0.001519
epoch=44 loss_total=0.613546 loss_rec=0.500665 valid_auc=0.691696 valid_rmse=0.481731 q_change=17 q_delta=0.331234 q_grad=0.001496
epoch=45 loss_total=0.611071 loss_rec=0.498127 valid_auc=0.690592 valid_rmse=0.486034 q_change=17 q_delta=0.333462 q_grad=0.001511
epoch=46 loss_total=0.609996 loss_rec=0.496981 valid_auc=0.694420 valid_rmse=0.481151 q_change=17 q_delta=0.336102 q_grad=0.001519
epoch=47 loss_total=0.608361 loss_rec=0.495290 valid_auc=0.693292 valid_rmse=0.483464 q_change=17 q_delta=0.338306 q_grad=0.001484
epoch=48 loss_total=0.607194 loss_rec=0.494066 valid_auc=0.693583 valid_rmse=0.482219 q_change=17 q_delta=0.340271 q_grad=0.001524
epoch=49 loss_total=0.602227 loss_rec=0.489043 valid_auc=0.693650 valid_rmse=0.481107 q_change=17 q_delta=0.342255 q_grad=0.001492
epoch=50 loss_total=0.598242 loss_rec=0.484999 valid_auc=0.693917 valid_rmse=0.485195 q_change=17 q_delta=0.344390 q_grad=0.001480
epoch=51 loss_total=0.598681 loss_rec=0.485397 valid_auc=0.695435 valid_rmse=0.484564 q_change=17 q_delta=0.345956 q_grad=0.001526
epoch=52 loss_total=0.599178 loss_rec=0.485849 valid_auc=0.693761 valid_rmse=0.483727 q_change=17 q_delta=0.347812 q_grad=0.001525
epoch=53 loss_total=0.600274 loss_rec=0.486896 valid_auc=0.693114 valid_rmse=0.483380 q_change=17 q_delta=0.349372 q_grad=0.001503
epoch=54 loss_total=0.595442 loss_rec=0.482013 valid_auc=0.691975 valid_rmse=0.484434 q_change=17 q_delta=0.351125 q_grad=0.001537
epoch=55 loss_total=0.589923 loss_rec=0.476457 valid_auc=0.698672 valid_rmse=0.480970 q_change=17 q_delta=0.352597 q_grad=0.001493
epoch=56 loss_total=0.588191 loss_rec=0.474692 valid_auc=0.695960 valid_rmse=0.484018 q_change=17 q_delta=0.354137 q_grad=0.001456
epoch=57 loss_total=0.589012 loss_rec=0.475458 valid_auc=0.694420 valid_rmse=0.484729 q_change=18 q_delta=0.355794 q_grad=0.001578
epoch=58 loss_total=0.583606 loss_rec=0.470014 valid_auc=0.694576 valid_rmse=0.484776 q_change=18 q_delta=0.357337 q_grad=0.001515
epoch=59 loss_total=0.579809 loss_rec=0.466189 valid_auc=0.697478 valid_rmse=0.482902 q_change=18 q_delta=0.358650 q_grad=0.001471
epoch=60 loss_total=0.584844 loss_rec=0.471189 valid_auc=0.697623 valid_rmse=0.484073 q_change=18 q_delta=0.359922 q_grad=0.001515
epoch=61 loss_total=0.581888 loss_rec=0.468201 valid_auc=0.695480 valid_rmse=0.482545 q_change=19 q_delta=0.361078 q_grad=0.001528
epoch=62 loss_total=0.577660 loss_rec=0.463943 valid_auc=0.697612 valid_rmse=0.482986 q_change=19 q_delta=0.362481 q_grad=0.001453
epoch=63 loss_total=0.577609 loss_rec=0.463857 valid_auc=0.696696 valid_rmse=0.484294 q_change=19 q_delta=0.363559 q_grad=0.001532
epoch=64 loss_total=0.579418 loss_rec=0.465624 valid_auc=0.698717 valid_rmse=0.484823 q_change=19 q_delta=0.364575 q_grad=0.001520
epoch=65 loss_total=0.577297 loss_rec=0.463477 valid_auc=0.695792 valid_rmse=0.484137 q_change=20 q_delta=0.365923 q_grad=0.001445
epoch=66 loss_total=0.575034 loss_rec=0.461197 valid_auc=0.696172 valid_rmse=0.484594 q_change=20 q_delta=0.366876 q_grad=0.001527
epoch=67 loss_total=0.575601 loss_rec=0.461739 valid_auc=0.695781 valid_rmse=0.484883 q_change=20 q_delta=0.367840 q_grad=0.001508
epoch=68 loss_total=0.570670 loss_rec=0.456783 valid_auc=0.697455 valid_rmse=0.484735 q_change=20 q_delta=0.368751 q_grad=0.001496
epoch=69 loss_total=0.568818 loss_rec=0.454901 valid_auc=0.697154 valid_rmse=0.490006 q_change=20 q_delta=0.369647 q_grad=0.001487
epoch=70 loss_total=0.565644 loss_rec=0.451692 valid_auc=0.696429 valid_rmse=0.484413 q_change=20 q_delta=0.370675 q_grad=0.001519
epoch=71 loss_total=0.565718 loss_rec=0.451768 valid_auc=0.699554 valid_rmse=0.483247 q_change=20 q_delta=0.371399 q_grad=0.001463
epoch=72 loss_total=0.566620 loss_rec=0.452656 valid_auc=0.698516 valid_rmse=0.485206 q_change=20 q_delta=0.372249 q_grad=0.001502
epoch=73 loss_total=0.562099 loss_rec=0.448109 valid_auc=0.695904 valid_rmse=0.486846 q_change=20 q_delta=0.373283 q_grad=0.001518
epoch=74 loss_total=0.567317 loss_rec=0.453318 valid_auc=0.696440 valid_rmse=0.486015 q_change=20 q_delta=0.373834 q_grad=0.001475
epoch=75 loss_total=0.564440 loss_rec=0.450421 valid_auc=0.694531 valid_rmse=0.490446 q_change=20 q_delta=0.374288 q_grad=0.001518
epoch=76 loss_total=0.564308 loss_rec=0.450279 valid_auc=0.696752 valid_rmse=0.484212 q_change=20 q_delta=0.375188 q_grad=0.001488
epoch=77 loss_total=0.557174 loss_rec=0.443134 valid_auc=0.697422 valid_rmse=0.485596 q_change=20 q_delta=0.375736 q_grad=0.001452
epoch=78 loss_total=0.558748 loss_rec=0.444688 valid_auc=0.698415 valid_rmse=0.487605 q_change=20 q_delta=0.376417 q_grad=0.001548
epoch=79 loss_total=0.554827 loss_rec=0.440759 valid_auc=0.696496 valid_rmse=0.485775 q_change=20 q_delta=0.377073 q_grad=0.001521
epoch=80 loss_total=0.555712 loss_rec=0.441638 valid_auc=0.698884 valid_rmse=0.486607 q_change=20 q_delta=0.377593 q_grad=0.001503
epoch=81 loss_total=0.555829 loss_rec=0.441753 valid_auc=0.697411 valid_rmse=0.487601 q_change=20 q_delta=0.378118 q_grad=0.001538
epoch=82 loss_total=0.551761 loss_rec=0.437674 valid_auc=0.695212 valid_rmse=0.487733 q_change=20 q_delta=0.378767 q_grad=0.001522
epoch=83 loss_total=0.558102 loss_rec=0.444015 valid_auc=0.696920 valid_rmse=0.486911 q_change=21 q_delta=0.379380 q_grad=0.001513
epoch=84 loss_total=0.557084 loss_rec=0.442986 valid_auc=0.696462 valid_rmse=0.485741 q_change=21 q_delta=0.379910 q_grad=0.001491
epoch=85 loss_total=0.551499 loss_rec=0.437397 valid_auc=0.697679 valid_rmse=0.488032 q_change=21 q_delta=0.380530 q_grad=0.001537
epoch=86 loss_total=0.552636 loss_rec=0.438513 valid_auc=0.695324 valid_rmse=0.487473 q_change=21 q_delta=0.381126 q_grad=0.001575
epoch=87 loss_total=0.549546 loss_rec=0.435426 valid_auc=0.695223 valid_rmse=0.487010 q_change=22 q_delta=0.381628 q_grad=0.001520
epoch=88 loss_total=0.546227 loss_rec=0.432097 valid_auc=0.698114 valid_rmse=0.486217 q_change=22 q_delta=0.382152 q_grad=0.001545
epoch=89 loss_total=0.545829 loss_rec=0.431699 valid_auc=0.697790 valid_rmse=0.490278 q_change=22 q_delta=0.382578 q_grad=0.001497
epoch=90 loss_total=0.553551 loss_rec=0.439419 valid_auc=0.692690 valid_rmse=0.486851 q_change=22 q_delta=0.383167 q_grad=0.001500
epoch=91 loss_total=0.545430 loss_rec=0.431291 valid_auc=0.695134 valid_rmse=0.488085 q_change=22 q_delta=0.383471 q_grad=0.001493
Early stopping at epoch 91; best_epoch=71.
Saved run to C:\Users\YAN_SHU_YU\Desktop\Generative-CD\Q_GNCDM\results\weak_q_lambda_sweep\lq_0p5_ls_0p1_lb_0p3\seed_2026\noise_0.20\weak-q_lq_0p5_ls_0p1_lb_0p3
Final metrics: q_hat_f1=0.757895 response_auc=0.683575 mastery_pearson=0.563049
