run=weak-q_lq_0p6_ls_0p6_lb_0p3 mode=weak-q noise=0.20 train=4200 valid=600 test=1200
epoch=1 loss_total=1.060657 loss_rec=0.725659 valid_auc=0.587701 valid_rmse=0.499753 q_change=57 q_delta=0.078141 q_grad=0.000591
epoch=2 loss_total=0.999256 loss_rec=0.705874 valid_auc=0.594386 valid_rmse=0.499293 q_change=57 q_delta=0.145031 q_grad=0.000497
epoch=3 loss_total=0.961130 loss_rec=0.699826 valid_auc=0.607690 valid_rmse=0.498457 q_change=57 q_delta=0.199455 q_grad=0.000419
epoch=4 loss_total=0.930390 loss_rec=0.693315 valid_auc=0.627009 valid_rmse=0.497619 q_change=57 q_delta=0.242713 q_grad=0.000354
epoch=5 loss_total=0.911857 loss_rec=0.692498 valid_auc=0.647946 valid_rmse=0.495360 q_change=57 q_delta=0.275680 q_grad=0.000316
epoch=6 loss_total=0.892462 loss_rec=0.685811 valid_auc=0.661618 valid_rmse=0.493051 q_change=57 q_delta=0.299555 q_grad=0.000310
epoch=7 loss_total=0.870741 loss_rec=0.672711 valid_auc=0.662121 valid_rmse=0.487828 q_change=57 q_delta=0.315436 q_grad=0.000361
epoch=8 loss_total=0.851280 loss_rec=0.658385 valid_auc=0.661696 valid_rmse=0.482421 q_change=57 q_delta=0.325043 q_grad=0.000524
epoch=9 loss_total=0.836803 loss_rec=0.647471 valid_auc=0.670658 valid_rmse=0.477316 q_change=57 q_delta=0.333227 q_grad=0.000709
epoch=10 loss_total=0.834287 loss_rec=0.648168 valid_auc=0.672121 valid_rmse=0.477455 q_change=57 q_delta=0.339509 q_grad=0.000818
epoch=11 loss_total=0.828539 loss_rec=0.644620 valid_auc=0.674319 valid_rmse=0.475840 q_change=57 q_delta=0.344731 q_grad=0.000960
epoch=12 loss_total=0.816856 loss_rec=0.634835 valid_auc=0.678638 valid_rmse=0.476283 q_change=57 q_delta=0.348353 q_grad=0.001062
epoch=13 loss_total=0.811903 loss_rec=0.631375 valid_auc=0.680681 valid_rmse=0.473764 q_change=57 q_delta=0.351705 q_grad=0.001123
epoch=14 loss_total=0.810099 loss_rec=0.630600 valid_auc=0.679922 valid_rmse=0.475093 q_change=57 q_delta=0.353510 q_grad=0.001260
epoch=15 loss_total=0.805688 loss_rec=0.626983 valid_auc=0.681049 valid_rmse=0.473365 q_change=57 q_delta=0.355553 q_grad=0.001363
epoch=16 loss_total=0.805826 loss_rec=0.627718 valid_auc=0.683917 valid_rmse=0.473312 q_change=57 q_delta=0.356656 q_grad=0.001500
epoch=17 loss_total=0.802148 loss_rec=0.624595 valid_auc=0.683237 valid_rmse=0.473401 q_change=56 q_delta=0.357852 q_grad=0.001466
epoch=18 loss_total=0.795367 loss_rec=0.618159 valid_auc=0.685011 valid_rmse=0.472865 q_change=56 q_delta=0.359140 q_grad=0.001523
epoch=19 loss_total=0.793760 loss_rec=0.617043 valid_auc=0.685335 valid_rmse=0.474085 q_change=56 q_delta=0.360711 q_grad=0.001642
epoch=20 loss_total=0.791049 loss_rec=0.614576 valid_auc=0.687511 valid_rmse=0.472107 q_change=56 q_delta=0.362126 q_grad=0.001731
epoch=21 loss_total=0.786367 loss_rec=0.610192 valid_auc=0.687958 valid_rmse=0.474001 q_change=55 q_delta=0.363046 q_grad=0.001659
epoch=22 loss_total=0.783785 loss_rec=0.607808 valid_auc=0.688750 valid_rmse=0.473155 q_change=55 q_delta=0.364066 q_grad=0.001805
epoch=23 loss_total=0.781017 loss_rec=0.605258 valid_auc=0.685268 valid_rmse=0.473011 q_change=54 q_delta=0.365603 q_grad=0.001778
epoch=24 loss_total=0.775987 loss_rec=0.600463 valid_auc=0.684754 valid_rmse=0.473843 q_change=54 q_delta=0.366843 q_grad=0.001806
epoch=25 loss_total=0.776972 loss_rec=0.601655 valid_auc=0.685681 valid_rmse=0.473824 q_change=51 q_delta=0.368079 q_grad=0.001931
epoch=26 loss_total=0.774075 loss_rec=0.598927 valid_auc=0.686975 valid_rmse=0.474423 q_change=51 q_delta=0.369733 q_grad=0.001913
epoch=27 loss_total=0.770243 loss_rec=0.595209 valid_auc=0.687355 valid_rmse=0.475524 q_change=51 q_delta=0.371410 q_grad=0.001891
epoch=28 loss_total=0.772772 loss_rec=0.597944 valid_auc=0.687243 valid_rmse=0.474331 q_change=51 q_delta=0.373111 q_grad=0.001968
epoch=29 loss_total=0.765848 loss_rec=0.591198 valid_auc=0.689364 valid_rmse=0.473667 q_change=51 q_delta=0.374652 q_grad=0.001995
epoch=30 loss_total=0.764743 loss_rec=0.590189 valid_auc=0.691150 valid_rmse=0.474333 q_change=51 q_delta=0.376029 q_grad=0.001977
epoch=31 loss_total=0.760470 loss_rec=0.585978 valid_auc=0.690458 valid_rmse=0.474091 q_change=51 q_delta=0.377384 q_grad=0.002012
epoch=32 loss_total=0.761495 loss_rec=0.587118 valid_auc=0.692734 valid_rmse=0.473876 q_change=51 q_delta=0.378712 q_grad=0.002065
epoch=33 loss_total=0.758428 loss_rec=0.584107 valid_auc=0.691641 valid_rmse=0.471894 q_change=51 q_delta=0.379974 q_grad=0.002065
epoch=34 loss_total=0.757512 loss_rec=0.583316 valid_auc=0.689632 valid_rmse=0.472419 q_change=51 q_delta=0.380860 q_grad=0.002054
epoch=35 loss_total=0.756713 loss_rec=0.582597 valid_auc=0.693281 valid_rmse=0.471221 q_change=49 q_delta=0.381849 q_grad=0.002047
epoch=36 loss_total=0.749826 loss_rec=0.575681 valid_auc=0.694174 valid_rmse=0.472236 q_change=49 q_delta=0.382405 q_grad=0.002127
epoch=37 loss_total=0.745372 loss_rec=0.571230 valid_auc=0.693493 valid_rmse=0.473307 q_change=49 q_delta=0.383585 q_grad=0.002129
epoch=38 loss_total=0.741988 loss_rec=0.567960 valid_auc=0.693382 valid_rmse=0.474519 q_change=49 q_delta=0.384668 q_grad=0.002244
epoch=39 loss_total=0.741818 loss_rec=0.567835 valid_auc=0.692109 valid_rmse=0.472246 q_change=49 q_delta=0.386112 q_grad=0.002195
epoch=40 loss_total=0.737914 loss_rec=0.563986 valid_auc=0.692522 valid_rmse=0.472966 q_change=49 q_delta=0.386943 q_grad=0.002258
epoch=41 loss_total=0.732130 loss_rec=0.558294 valid_auc=0.693237 valid_rmse=0.474485 q_change=49 q_delta=0.387899 q_grad=0.002271
epoch=42 loss_total=0.733942 loss_rec=0.560148 valid_auc=0.690156 valid_rmse=0.473852 q_change=49 q_delta=0.388987 q_grad=0.002395
epoch=43 loss_total=0.727995 loss_rec=0.554226 valid_auc=0.691819 valid_rmse=0.474637 q_change=49 q_delta=0.389578 q_grad=0.002373
epoch=44 loss_total=0.726268 loss_rec=0.552578 valid_auc=0.689598 valid_rmse=0.475561 q_change=49 q_delta=0.390524 q_grad=0.002435
epoch=45 loss_total=0.720569 loss_rec=0.546974 valid_auc=0.690201 valid_rmse=0.479906 q_change=49 q_delta=0.390981 q_grad=0.002496
epoch=46 loss_total=0.720226 loss_rec=0.546631 valid_auc=0.693962 valid_rmse=0.473689 q_change=49 q_delta=0.391864 q_grad=0.002486
epoch=47 loss_total=0.716400 loss_rec=0.542859 valid_auc=0.690391 valid_rmse=0.477126 q_change=50 q_delta=0.392345 q_grad=0.002514
epoch=48 loss_total=0.712974 loss_rec=0.539487 valid_auc=0.691027 valid_rmse=0.475952 q_change=50 q_delta=0.392951 q_grad=0.002599
epoch=49 loss_total=0.708442 loss_rec=0.535002 valid_auc=0.692467 valid_rmse=0.475016 q_change=50 q_delta=0.393260 q_grad=0.002611
epoch=50 loss_total=0.703257 loss_rec=0.529842 valid_auc=0.689604 valid_rmse=0.477989 q_change=50 q_delta=0.393690 q_grad=0.002614
epoch=51 loss_total=0.701925 loss_rec=0.528620 valid_auc=0.690580 valid_rmse=0.478992 q_change=49 q_delta=0.393996 q_grad=0.002691
epoch=52 loss_total=0.703436 loss_rec=0.530193 valid_auc=0.689877 valid_rmse=0.477342 q_change=49 q_delta=0.394594 q_grad=0.002748
epoch=53 loss_total=0.703467 loss_rec=0.530257 valid_auc=0.690402 valid_rmse=0.476493 q_change=49 q_delta=0.394945 q_grad=0.002764
epoch=54 loss_total=0.695449 loss_rec=0.522262 valid_auc=0.685893 valid_rmse=0.479732 q_change=49 q_delta=0.395114 q_grad=0.002769
epoch=55 loss_total=0.691326 loss_rec=0.518204 valid_auc=0.692321 valid_rmse=0.476488 q_change=49 q_delta=0.395492 q_grad=0.002748
epoch=56 loss_total=0.691251 loss_rec=0.518168 valid_auc=0.687321 valid_rmse=0.479101 q_change=49 q_delta=0.395745 q_grad=0.002820
Early stopping at epoch 56; best_epoch=36.
Saved run to C:\Users\YAN_SHU_YU\Desktop\Generative-CD\Q_GNCDM\results\weak_q_lambda_sweep\lq_0p6_ls_0p6_lb_0p3\seed_2026\noise_0.20\weak-q_lq_0p6_ls_0p6_lb_0p3
Final metrics: q_hat_f1=0.250000 response_auc=0.692376 mastery_pearson=0.401275
