run=weak-q_lq_0p7_ls_0p3_lb_0p4 mode=weak-q noise=0.20 train=4200 valid=600 test=1200
epoch=1 loss_total=0.955052 loss_rec=0.725641 valid_auc=0.588516 valid_rmse=0.499733 q_change=57 q_delta=0.075660 q_grad=0.000293
epoch=2 loss_total=0.916063 loss_rec=0.705595 valid_auc=0.598761 valid_rmse=0.499118 q_change=57 q_delta=0.135187 q_grad=0.000232
epoch=3 loss_total=0.896804 loss_rec=0.698788 valid_auc=0.618181 valid_rmse=0.497826 q_change=57 q_delta=0.179387 q_grad=0.000205
epoch=4 loss_total=0.880260 loss_rec=0.690417 valid_auc=0.644375 valid_rmse=0.495808 q_change=57 q_delta=0.211342 q_grad=0.000205
epoch=5 loss_total=0.869919 loss_rec=0.684841 valid_auc=0.662891 valid_rmse=0.490533 q_change=57 q_delta=0.230011 q_grad=0.000259
epoch=6 loss_total=0.849125 loss_rec=0.666116 valid_auc=0.670290 valid_rmse=0.482235 q_change=55 q_delta=0.236731 q_grad=0.000407
epoch=7 loss_total=0.822855 loss_rec=0.640451 valid_auc=0.675179 valid_rmse=0.477069 q_change=55 q_delta=0.239821 q_grad=0.000633
epoch=8 loss_total=0.812471 loss_rec=0.630548 valid_auc=0.678661 valid_rmse=0.475708 q_change=55 q_delta=0.242657 q_grad=0.000881
epoch=9 loss_total=0.803572 loss_rec=0.622230 valid_auc=0.684643 valid_rmse=0.472414 q_change=53 q_delta=0.245269 q_grad=0.001027
epoch=10 loss_total=0.805339 loss_rec=0.624663 valid_auc=0.683471 valid_rmse=0.474309 q_change=51 q_delta=0.248285 q_grad=0.001089
epoch=11 loss_total=0.802099 loss_rec=0.621714 valid_auc=0.683683 valid_rmse=0.472978 q_change=49 q_delta=0.252239 q_grad=0.001205
epoch=12 loss_total=0.792385 loss_rec=0.612375 valid_auc=0.683292 valid_rmse=0.474742 q_change=49 q_delta=0.255834 q_grad=0.001255
epoch=13 loss_total=0.788044 loss_rec=0.608451 valid_auc=0.682935 valid_rmse=0.473617 q_change=47 q_delta=0.260839 q_grad=0.001252
epoch=14 loss_total=0.787891 loss_rec=0.608598 valid_auc=0.682266 valid_rmse=0.475508 q_change=45 q_delta=0.264208 q_grad=0.001328
epoch=15 loss_total=0.782983 loss_rec=0.603904 valid_auc=0.683973 valid_rmse=0.474134 q_change=45 q_delta=0.268277 q_grad=0.001356
epoch=16 loss_total=0.783992 loss_rec=0.605072 valid_auc=0.684420 valid_rmse=0.474433 q_change=43 q_delta=0.271975 q_grad=0.001462
epoch=17 loss_total=0.778748 loss_rec=0.600051 valid_auc=0.683504 valid_rmse=0.474313 q_change=44 q_delta=0.275282 q_grad=0.001394
epoch=18 loss_total=0.772264 loss_rec=0.593680 valid_auc=0.684933 valid_rmse=0.474384 q_change=40 q_delta=0.278989 q_grad=0.001433
epoch=19 loss_total=0.770530 loss_rec=0.592142 valid_auc=0.686038 valid_rmse=0.475101 q_change=39 q_delta=0.282782 q_grad=0.001517
epoch=20 loss_total=0.766845 loss_rec=0.588521 valid_auc=0.688315 valid_rmse=0.473802 q_change=38 q_delta=0.286489 q_grad=0.001601
epoch=21 loss_total=0.760500 loss_rec=0.582240 valid_auc=0.689754 valid_rmse=0.474578 q_change=36 q_delta=0.289751 q_grad=0.001537
epoch=22 loss_total=0.757140 loss_rec=0.578935 valid_auc=0.688884 valid_rmse=0.474774 q_change=36 q_delta=0.293650 q_grad=0.001663
epoch=23 loss_total=0.753050 loss_rec=0.574880 valid_auc=0.686819 valid_rmse=0.475230 q_change=34 q_delta=0.297391 q_grad=0.001620
epoch=24 loss_total=0.746185 loss_rec=0.568052 valid_auc=0.687712 valid_rmse=0.475868 q_change=34 q_delta=0.300953 q_grad=0.001676
epoch=25 loss_total=0.743818 loss_rec=0.565658 valid_auc=0.689208 valid_rmse=0.476083 q_change=33 q_delta=0.304495 q_grad=0.001788
epoch=26 loss_total=0.739914 loss_rec=0.561753 valid_auc=0.689364 valid_rmse=0.476033 q_change=32 q_delta=0.307718 q_grad=0.001774
epoch=27 loss_total=0.733272 loss_rec=0.555072 valid_auc=0.688393 valid_rmse=0.478900 q_change=32 q_delta=0.310848 q_grad=0.001782
epoch=28 loss_total=0.734276 loss_rec=0.556026 valid_auc=0.689252 valid_rmse=0.477614 q_change=30 q_delta=0.314084 q_grad=0.001920
epoch=29 loss_total=0.725548 loss_rec=0.547323 valid_auc=0.691105 valid_rmse=0.477407 q_change=30 q_delta=0.316660 q_grad=0.001896
epoch=30 loss_total=0.721540 loss_rec=0.543236 valid_auc=0.692634 valid_rmse=0.478628 q_change=29 q_delta=0.319376 q_grad=0.001980
epoch=31 loss_total=0.715288 loss_rec=0.536986 valid_auc=0.691328 valid_rmse=0.479079 q_change=29 q_delta=0.321980 q_grad=0.001968
epoch=32 loss_total=0.714329 loss_rec=0.536004 valid_auc=0.696049 valid_rmse=0.478202 q_change=28 q_delta=0.324788 q_grad=0.002024
epoch=33 loss_total=0.707207 loss_rec=0.528823 valid_auc=0.692433 valid_rmse=0.478020 q_change=28 q_delta=0.327730 q_grad=0.002035
epoch=34 loss_total=0.707252 loss_rec=0.528906 valid_auc=0.693002 valid_rmse=0.477657 q_change=28 q_delta=0.329739 q_grad=0.002038
epoch=35 loss_total=0.707523 loss_rec=0.529174 valid_auc=0.695725 valid_rmse=0.476328 q_change=27 q_delta=0.331696 q_grad=0.002029
epoch=36 loss_total=0.699109 loss_rec=0.520707 valid_auc=0.694342 valid_rmse=0.477219 q_change=26 q_delta=0.333312 q_grad=0.002089
epoch=37 loss_total=0.695096 loss_rec=0.516667 valid_auc=0.692433 valid_rmse=0.480261 q_change=25 q_delta=0.335179 q_grad=0.002082
epoch=38 loss_total=0.688082 loss_rec=0.509705 valid_auc=0.693404 valid_rmse=0.480494 q_change=25 q_delta=0.336890 q_grad=0.002133
epoch=39 loss_total=0.688829 loss_rec=0.510476 valid_auc=0.693437 valid_rmse=0.479375 q_change=24 q_delta=0.338348 q_grad=0.002102
epoch=40 loss_total=0.686330 loss_rec=0.507992 valid_auc=0.693192 valid_rmse=0.480275 q_change=24 q_delta=0.339785 q_grad=0.002142
epoch=41 loss_total=0.679710 loss_rec=0.501424 valid_auc=0.692589 valid_rmse=0.483300 q_change=24 q_delta=0.341445 q_grad=0.002106
epoch=42 loss_total=0.683878 loss_rec=0.505630 valid_auc=0.691696 valid_rmse=0.481389 q_change=23 q_delta=0.343004 q_grad=0.002245
epoch=43 loss_total=0.677480 loss_rec=0.499282 valid_auc=0.694107 valid_rmse=0.481936 q_change=23 q_delta=0.344548 q_grad=0.002191
epoch=44 loss_total=0.674155 loss_rec=0.495980 valid_auc=0.694241 valid_rmse=0.480960 q_change=23 q_delta=0.346006 q_grad=0.002191
epoch=45 loss_total=0.671557 loss_rec=0.493434 valid_auc=0.692098 valid_rmse=0.485687 q_change=24 q_delta=0.347494 q_grad=0.002186
epoch=46 loss_total=0.670644 loss_rec=0.492512 valid_auc=0.696362 valid_rmse=0.480531 q_change=24 q_delta=0.349168 q_grad=0.002222
epoch=47 loss_total=0.668065 loss_rec=0.489989 valid_auc=0.694319 valid_rmse=0.483666 q_change=24 q_delta=0.350534 q_grad=0.002163
epoch=48 loss_total=0.667766 loss_rec=0.489748 valid_auc=0.694475 valid_rmse=0.481891 q_change=25 q_delta=0.352048 q_grad=0.002240
epoch=49 loss_total=0.661546 loss_rec=0.483565 valid_auc=0.695100 valid_rmse=0.481099 q_change=25 q_delta=0.353257 q_grad=0.002193
epoch=50 loss_total=0.657315 loss_rec=0.479366 valid_auc=0.693359 valid_rmse=0.485362 q_change=26 q_delta=0.354612 q_grad=0.002195
epoch=51 loss_total=0.658076 loss_rec=0.480198 valid_auc=0.694710 valid_rmse=0.485288 q_change=25 q_delta=0.355701 q_grad=0.002264
epoch=52 loss_total=0.658490 loss_rec=0.480652 valid_auc=0.693705 valid_rmse=0.483667 q_change=25 q_delta=0.356949 q_grad=0.002248
epoch=53 loss_total=0.660247 loss_rec=0.482452 valid_auc=0.693259 valid_rmse=0.483205 q_change=25 q_delta=0.358098 q_grad=0.002242
epoch=54 loss_total=0.654158 loss_rec=0.476376 valid_auc=0.692489 valid_rmse=0.484503 q_change=25 q_delta=0.359214 q_grad=0.002287
epoch=55 loss_total=0.649236 loss_rec=0.471512 valid_auc=0.698080 valid_rmse=0.480882 q_change=25 q_delta=0.360297 q_grad=0.002220
epoch=56 loss_total=0.647827 loss_rec=0.470144 valid_auc=0.694732 valid_rmse=0.484125 q_change=25 q_delta=0.361518 q_grad=0.002228
epoch=57 loss_total=0.648770 loss_rec=0.471099 valid_auc=0.692433 valid_rmse=0.486021 q_change=25 q_delta=0.362549 q_grad=0.002349
epoch=58 loss_total=0.642188 loss_rec=0.464552 valid_auc=0.693873 valid_rmse=0.486323 q_change=25 q_delta=0.363582 q_grad=0.002266
epoch=59 loss_total=0.639393 loss_rec=0.461832 valid_auc=0.696931 valid_rmse=0.483299 q_change=25 q_delta=0.364650 q_grad=0.002226
epoch=60 loss_total=0.642872 loss_rec=0.465350 valid_auc=0.696585 valid_rmse=0.484621 q_change=25 q_delta=0.365506 q_grad=0.002274
epoch=61 loss_total=0.640909 loss_rec=0.463422 valid_auc=0.694275 valid_rmse=0.483669 q_change=25 q_delta=0.366457 q_grad=0.002302
epoch=62 loss_total=0.635854 loss_rec=0.458421 valid_auc=0.698560 valid_rmse=0.483651 q_change=25 q_delta=0.367206 q_grad=0.002209
epoch=63 loss_total=0.636290 loss_rec=0.458892 valid_auc=0.695368 valid_rmse=0.484958 q_change=25 q_delta=0.368043 q_grad=0.002305
epoch=64 loss_total=0.636471 loss_rec=0.459107 valid_auc=0.697076 valid_rmse=0.487198 q_change=25 q_delta=0.368900 q_grad=0.002285
epoch=65 loss_total=0.633691 loss_rec=0.456375 valid_auc=0.693973 valid_rmse=0.485476 q_change=25 q_delta=0.369880 q_grad=0.002202
epoch=66 loss_total=0.632964 loss_rec=0.455697 valid_auc=0.694141 valid_rmse=0.486106 q_change=24 q_delta=0.370669 q_grad=0.002313
epoch=67 loss_total=0.633744 loss_rec=0.456515 valid_auc=0.694676 valid_rmse=0.485844 q_change=25 q_delta=0.371448 q_grad=0.002301
epoch=68 loss_total=0.626526 loss_rec=0.449340 valid_auc=0.696239 valid_rmse=0.487143 q_change=24 q_delta=0.372165 q_grad=0.002289
epoch=69 loss_total=0.625779 loss_rec=0.448632 valid_auc=0.694944 valid_rmse=0.491838 q_change=25 q_delta=0.372819 q_grad=0.002286
epoch=70 loss_total=0.621625 loss_rec=0.444500 valid_auc=0.694967 valid_rmse=0.485284 q_change=25 q_delta=0.373722 q_grad=0.002315
epoch=71 loss_total=0.621898 loss_rec=0.444861 valid_auc=0.697433 valid_rmse=0.485055 q_change=25 q_delta=0.374470 q_grad=0.002264
epoch=72 loss_total=0.623873 loss_rec=0.446850 valid_auc=0.695424 valid_rmse=0.486629 q_change=26 q_delta=0.375132 q_grad=0.002335
epoch=73 loss_total=0.617712 loss_rec=0.440725 valid_auc=0.692790 valid_rmse=0.488654 q_change=26 q_delta=0.375884 q_grad=0.002356
epoch=74 loss_total=0.623207 loss_rec=0.446281 valid_auc=0.694431 valid_rmse=0.487265 q_change=26 q_delta=0.376455 q_grad=0.002289
epoch=75 loss_total=0.621372 loss_rec=0.444490 valid_auc=0.692489 valid_rmse=0.492095 q_change=26 q_delta=0.377098 q_grad=0.002332
epoch=76 loss_total=0.619424 loss_rec=0.442571 valid_auc=0.695714 valid_rmse=0.484884 q_change=26 q_delta=0.377860 q_grad=0.002285
epoch=77 loss_total=0.611825 loss_rec=0.435019 valid_auc=0.695882 valid_rmse=0.486488 q_change=26 q_delta=0.378365 q_grad=0.002258
epoch=78 loss_total=0.612666 loss_rec=0.435899 valid_auc=0.695279 valid_rmse=0.489868 q_change=26 q_delta=0.378920 q_grad=0.002388
epoch=79 loss_total=0.609294 loss_rec=0.432570 valid_auc=0.692288 valid_rmse=0.488088 q_change=27 q_delta=0.379527 q_grad=0.002389
epoch=80 loss_total=0.610925 loss_rec=0.434253 valid_auc=0.696060 valid_rmse=0.488287 q_change=27 q_delta=0.380111 q_grad=0.002332
epoch=81 loss_total=0.609704 loss_rec=0.433070 valid_auc=0.694699 valid_rmse=0.490217 q_change=27 q_delta=0.380562 q_grad=0.002410
epoch=82 loss_total=0.605645 loss_rec=0.429056 valid_auc=0.692087 valid_rmse=0.489999 q_change=27 q_delta=0.381072 q_grad=0.002407
Early stopping at epoch 82; best_epoch=62.
Saved run to C:\Users\YAN_SHU_YU\Desktop\Generative-CD\Q_GNCDM\results\weak_q_lambda_sweep\lq_0p7_ls_0p3_lb_0p4\seed_2026\noise_0.20\weak-q_lq_0p7_ls_0p3_lb_0p4
Final metrics: q_hat_f1=0.681818 response_auc=0.687086 mastery_pearson=0.561694
