run=weak-q_lq_0p4_ls_0p5_lb_0p1 mode=weak-q noise=0.20 train=4200 valid=600 test=1200
epoch=1 loss_total=0.968178 loss_rec=0.725655 valid_auc=0.587734 valid_rmse=0.499749 q_change=57 q_delta=0.077657 q_grad=0.000479
epoch=2 loss_total=0.915163 loss_rec=0.705818 valid_auc=0.595045 valid_rmse=0.499259 q_change=57 q_delta=0.143084 q_grad=0.000395
epoch=3 loss_total=0.884200 loss_rec=0.699622 valid_auc=0.609888 valid_rmse=0.498337 q_change=57 q_delta=0.195545 q_grad=0.000332
epoch=4 loss_total=0.859132 loss_rec=0.692780 valid_auc=0.631563 valid_rmse=0.497296 q_change=57 q_delta=0.236748 q_grad=0.000286
epoch=5 loss_total=0.844692 loss_rec=0.691217 valid_auc=0.653337 valid_rmse=0.494548 q_change=57 q_delta=0.267221 q_grad=0.000273
epoch=6 loss_total=0.827219 loss_rec=0.682462 valid_auc=0.665123 valid_rmse=0.490889 q_change=57 q_delta=0.287717 q_grad=0.000303
epoch=7 loss_total=0.804345 loss_rec=0.664867 valid_auc=0.665413 valid_rmse=0.483978 q_change=57 q_delta=0.299700 q_grad=0.000410
epoch=8 loss_total=0.786379 loss_rec=0.649669 valid_auc=0.666819 valid_rmse=0.479909 q_change=57 q_delta=0.307119 q_grad=0.000633
epoch=9 loss_total=0.774948 loss_rec=0.640437 valid_auc=0.676339 valid_rmse=0.475432 q_change=57 q_delta=0.313725 q_grad=0.000822
epoch=10 loss_total=0.774197 loss_rec=0.641677 valid_auc=0.676596 valid_rmse=0.475814 q_change=57 q_delta=0.318369 q_grad=0.000929
epoch=11 loss_total=0.769468 loss_rec=0.638141 valid_auc=0.679989 valid_rmse=0.474103 q_change=57 q_delta=0.322316 q_grad=0.001084
epoch=12 loss_total=0.758653 loss_rec=0.628369 valid_auc=0.682299 valid_rmse=0.474837 q_change=57 q_delta=0.324759 q_grad=0.001186
epoch=13 loss_total=0.754037 loss_rec=0.624579 valid_auc=0.682885 valid_rmse=0.473003 q_change=57 q_delta=0.327490 q_grad=0.001239
epoch=14 loss_total=0.753309 loss_rec=0.624396 valid_auc=0.681886 valid_rmse=0.474687 q_change=57 q_delta=0.328757 q_grad=0.001361
epoch=15 loss_total=0.749205 loss_rec=0.620722 valid_auc=0.681886 valid_rmse=0.473323 q_change=56 q_delta=0.330658 q_grad=0.001441
epoch=16 loss_total=0.750017 loss_rec=0.621869 valid_auc=0.683839 valid_rmse=0.473618 q_change=56 q_delta=0.332105 q_grad=0.001557
epoch=17 loss_total=0.746327 loss_rec=0.618578 valid_auc=0.683337 valid_rmse=0.473677 q_change=56 q_delta=0.333965 q_grad=0.001498
epoch=18 loss_total=0.740356 loss_rec=0.612873 valid_auc=0.683828 valid_rmse=0.473500 q_change=56 q_delta=0.335804 q_grad=0.001534
epoch=19 loss_total=0.739196 loss_rec=0.612135 valid_auc=0.683516 valid_rmse=0.474496 q_change=55 q_delta=0.337646 q_grad=0.001640
epoch=20 loss_total=0.736641 loss_rec=0.609788 valid_auc=0.685692 valid_rmse=0.472829 q_change=53 q_delta=0.339346 q_grad=0.001713
epoch=21 loss_total=0.732247 loss_rec=0.605654 valid_auc=0.686417 valid_rmse=0.474233 q_change=52 q_delta=0.340820 q_grad=0.001633
epoch=22 loss_total=0.729863 loss_rec=0.603462 valid_auc=0.686116 valid_rmse=0.473987 q_change=52 q_delta=0.342862 q_grad=0.001769
epoch=23 loss_total=0.727525 loss_rec=0.601337 valid_auc=0.683940 valid_rmse=0.473799 q_change=52 q_delta=0.345509 q_grad=0.001734
epoch=24 loss_total=0.722636 loss_rec=0.596658 valid_auc=0.683136 valid_rmse=0.474694 q_change=51 q_delta=0.347664 q_grad=0.001765
epoch=25 loss_total=0.723404 loss_rec=0.597599 valid_auc=0.683426 valid_rmse=0.474714 q_change=51 q_delta=0.349607 q_grad=0.001880
epoch=26 loss_total=0.720677 loss_rec=0.595035 valid_auc=0.685480 valid_rmse=0.475022 q_change=51 q_delta=0.351544 q_grad=0.001865
epoch=27 loss_total=0.717059 loss_rec=0.591513 valid_auc=0.685268 valid_rmse=0.476112 q_change=51 q_delta=0.353429 q_grad=0.001850
epoch=28 loss_total=0.719683 loss_rec=0.594287 valid_auc=0.685201 valid_rmse=0.475095 q_change=51 q_delta=0.355226 q_grad=0.001935
epoch=29 loss_total=0.712763 loss_rec=0.587514 valid_auc=0.687824 valid_rmse=0.474396 q_change=51 q_delta=0.356827 q_grad=0.001954
epoch=30 loss_total=0.711382 loss_rec=0.586196 valid_auc=0.689554 valid_rmse=0.475277 q_change=50 q_delta=0.358157 q_grad=0.001949
epoch=31 loss_total=0.707057 loss_rec=0.581919 valid_auc=0.688962 valid_rmse=0.475040 q_change=50 q_delta=0.359713 q_grad=0.001978
epoch=32 loss_total=0.707722 loss_rec=0.582644 valid_auc=0.691127 valid_rmse=0.474550 q_change=50 q_delta=0.361515 q_grad=0.002035
epoch=33 loss_total=0.704360 loss_rec=0.579281 valid_auc=0.690335 valid_rmse=0.472921 q_change=50 q_delta=0.363154 q_grad=0.002044
epoch=34 loss_total=0.703490 loss_rec=0.578502 valid_auc=0.688393 valid_rmse=0.473360 q_change=50 q_delta=0.364406 q_grad=0.002027
epoch=35 loss_total=0.702729 loss_rec=0.577759 valid_auc=0.692634 valid_rmse=0.472045 q_change=49 q_delta=0.365732 q_grad=0.002032
epoch=36 loss_total=0.695570 loss_rec=0.570552 valid_auc=0.692377 valid_rmse=0.473063 q_change=49 q_delta=0.366608 q_grad=0.002108
epoch=37 loss_total=0.691213 loss_rec=0.566184 valid_auc=0.691373 valid_rmse=0.474489 q_change=49 q_delta=0.367667 q_grad=0.002113
epoch=38 loss_total=0.687110 loss_rec=0.562134 valid_auc=0.691272 valid_rmse=0.475541 q_change=48 q_delta=0.368759 q_grad=0.002233
epoch=39 loss_total=0.686175 loss_rec=0.561216 valid_auc=0.689587 valid_rmse=0.473571 q_change=48 q_delta=0.370257 q_grad=0.002191
epoch=40 loss_total=0.682566 loss_rec=0.557614 valid_auc=0.689933 valid_rmse=0.474387 q_change=48 q_delta=0.371277 q_grad=0.002263
epoch=41 loss_total=0.676199 loss_rec=0.551300 valid_auc=0.690692 valid_rmse=0.475951 q_change=48 q_delta=0.372429 q_grad=0.002272
epoch=42 loss_total=0.677849 loss_rec=0.552973 valid_auc=0.687868 valid_rmse=0.475298 q_change=48 q_delta=0.373622 q_grad=0.002412
epoch=43 loss_total=0.671557 loss_rec=0.546698 valid_auc=0.689152 valid_rmse=0.476212 q_change=48 q_delta=0.374389 q_grad=0.002388
epoch=44 loss_total=0.669449 loss_rec=0.544623 valid_auc=0.686964 valid_rmse=0.476977 q_change=48 q_delta=0.375301 q_grad=0.002440
epoch=45 loss_total=0.663538 loss_rec=0.538772 valid_auc=0.687143 valid_rmse=0.481231 q_change=47 q_delta=0.375730 q_grad=0.002489
epoch=46 loss_total=0.662616 loss_rec=0.537825 valid_auc=0.691518 valid_rmse=0.475829 q_change=47 q_delta=0.376846 q_grad=0.002491
epoch=47 loss_total=0.659309 loss_rec=0.534562 valid_auc=0.687991 valid_rmse=0.479050 q_change=47 q_delta=0.377399 q_grad=0.002514
epoch=48 loss_total=0.656051 loss_rec=0.531350 valid_auc=0.687868 valid_rmse=0.478222 q_change=47 q_delta=0.378214 q_grad=0.002590
epoch=49 loss_total=0.650934 loss_rec=0.526268 valid_auc=0.689542 valid_rmse=0.476997 q_change=47 q_delta=0.378568 q_grad=0.002585
epoch=50 loss_total=0.645472 loss_rec=0.520845 valid_auc=0.686830 valid_rmse=0.480433 q_change=46 q_delta=0.379150 q_grad=0.002592
epoch=51 loss_total=0.644653 loss_rec=0.520113 valid_auc=0.687634 valid_rmse=0.481066 q_change=45 q_delta=0.379745 q_grad=0.002672
epoch=52 loss_total=0.646022 loss_rec=0.521519 valid_auc=0.686830 valid_rmse=0.479623 q_change=45 q_delta=0.380509 q_grad=0.002726
epoch=53 loss_total=0.646084 loss_rec=0.521614 valid_auc=0.686886 valid_rmse=0.479094 q_change=45 q_delta=0.381021 q_grad=0.002735
epoch=54 loss_total=0.638560 loss_rec=0.514095 valid_auc=0.683661 valid_rmse=0.481874 q_change=46 q_delta=0.381423 q_grad=0.002753
epoch=55 loss_total=0.634436 loss_rec=0.510039 valid_auc=0.690033 valid_rmse=0.478552 q_change=45 q_delta=0.381922 q_grad=0.002712
Early stopping at epoch 55; best_epoch=35.
Saved run to C:\Users\YAN_SHU_YU\Desktop\Generative-CD\Q_GNCDM\results\weak_q_lambda_sweep\lq_0p4_ls_0p5_lb_0p1\seed_2026\noise_0.20\weak-q_lq_0p4_ls_0p5_lb_0p1
Final metrics: q_hat_f1=0.250000 response_auc=0.691942 mastery_pearson=0.410117
