run=weak-q_lq_0p8_ls_0p6_lb_0p5 mode=weak-q noise=0.20 train=4200 valid=600 test=1200
epoch=1 loss_total=1.109747 loss_rec=0.725659 valid_auc=0.587679 valid_rmse=0.499753 q_change=57 q_delta=0.078166 q_grad=0.000601
epoch=2 loss_total=1.047592 loss_rec=0.705877 valid_auc=0.594381 valid_rmse=0.499295 q_change=57 q_delta=0.145124 q_grad=0.000507
epoch=3 loss_total=1.008853 loss_rec=0.699837 valid_auc=0.607612 valid_rmse=0.498463 q_change=57 q_delta=0.199623 q_grad=0.000427
epoch=4 loss_total=0.977640 loss_rec=0.693341 valid_auc=0.626763 valid_rmse=0.497633 q_change=57 q_delta=0.242942 q_grad=0.000361
epoch=5 loss_total=0.958754 loss_rec=0.692552 valid_auc=0.647701 valid_rmse=0.495395 q_change=57 q_delta=0.275975 q_grad=0.000321
epoch=6 loss_total=0.939134 loss_rec=0.685946 valid_auc=0.661183 valid_rmse=0.493141 q_change=57 q_delta=0.299941 q_grad=0.000312
epoch=7 loss_total=0.917361 loss_rec=0.673047 valid_auc=0.661518 valid_rmse=0.488024 q_change=57 q_delta=0.315950 q_grad=0.000360
epoch=8 loss_total=0.897809 loss_rec=0.658826 valid_auc=0.661540 valid_rmse=0.482576 q_change=57 q_delta=0.325597 q_grad=0.000519
epoch=9 loss_total=0.883058 loss_rec=0.647751 valid_auc=0.670491 valid_rmse=0.477413 q_change=57 q_delta=0.333732 q_grad=0.000703
epoch=10 loss_total=0.880286 loss_rec=0.648277 valid_auc=0.672042 valid_rmse=0.477490 q_change=57 q_delta=0.339948 q_grad=0.000813
epoch=11 loss_total=0.874352 loss_rec=0.644612 valid_auc=0.674687 valid_rmse=0.475795 q_change=57 q_delta=0.345103 q_grad=0.000955
epoch=12 loss_total=0.862415 loss_rec=0.634621 valid_auc=0.678795 valid_rmse=0.476189 q_change=57 q_delta=0.348623 q_grad=0.001057
epoch=13 loss_total=0.857275 loss_rec=0.631007 valid_auc=0.681116 valid_rmse=0.473631 q_change=57 q_delta=0.351839 q_grad=0.001121
epoch=14 loss_total=0.855259 loss_rec=0.630032 valid_auc=0.680826 valid_rmse=0.474881 q_change=57 q_delta=0.353482 q_grad=0.001260
epoch=15 loss_total=0.850512 loss_rec=0.626067 valid_auc=0.682031 valid_rmse=0.473097 q_change=57 q_delta=0.355333 q_grad=0.001366
epoch=16 loss_total=0.850386 loss_rec=0.626523 valid_auc=0.685167 valid_rmse=0.473028 q_change=57 q_delta=0.356272 q_grad=0.001506
epoch=17 loss_total=0.846392 loss_rec=0.623064 valid_auc=0.684174 valid_rmse=0.473103 q_change=56 q_delta=0.357331 q_grad=0.001475
epoch=18 loss_total=0.839287 loss_rec=0.616292 valid_auc=0.685993 valid_rmse=0.472546 q_change=56 q_delta=0.358850 q_grad=0.001534
epoch=19 loss_total=0.837353 loss_rec=0.614841 valid_auc=0.686272 valid_rmse=0.473873 q_change=56 q_delta=0.360265 q_grad=0.001656
epoch=20 loss_total=0.834262 loss_rec=0.611988 valid_auc=0.688225 valid_rmse=0.471807 q_change=55 q_delta=0.361554 q_grad=0.001746
epoch=21 loss_total=0.829116 loss_rec=0.607138 valid_auc=0.688828 valid_rmse=0.473824 q_change=54 q_delta=0.362431 q_grad=0.001677
epoch=22 loss_total=0.826205 loss_rec=0.604425 valid_auc=0.689141 valid_rmse=0.472919 q_change=52 q_delta=0.363655 q_grad=0.001824
epoch=23 loss_total=0.823150 loss_rec=0.601596 valid_auc=0.686496 valid_rmse=0.472858 q_change=52 q_delta=0.365507 q_grad=0.001797
epoch=24 loss_total=0.817691 loss_rec=0.596395 valid_auc=0.685022 valid_rmse=0.473751 q_change=52 q_delta=0.367259 q_grad=0.001826
epoch=25 loss_total=0.818282 loss_rec=0.597189 valid_auc=0.686574 valid_rmse=0.473794 q_change=51 q_delta=0.369062 q_grad=0.001955
epoch=26 loss_total=0.815150 loss_rec=0.594234 valid_auc=0.688002 valid_rmse=0.474324 q_change=51 q_delta=0.370735 q_grad=0.001940
epoch=27 loss_total=0.810822 loss_rec=0.590032 valid_auc=0.688092 valid_rmse=0.475775 q_change=51 q_delta=0.372163 q_grad=0.001918
epoch=28 loss_total=0.813135 loss_rec=0.592544 valid_auc=0.687924 valid_rmse=0.474238 q_change=51 q_delta=0.373638 q_grad=0.002003
epoch=29 loss_total=0.805731 loss_rec=0.585312 valid_auc=0.689978 valid_rmse=0.473758 q_change=51 q_delta=0.374926 q_grad=0.002029
epoch=30 loss_total=0.804256 loss_rec=0.583939 valid_auc=0.691652 valid_rmse=0.474367 q_change=51 q_delta=0.376065 q_grad=0.002019
epoch=31 loss_total=0.799728 loss_rec=0.579491 valid_auc=0.691652 valid_rmse=0.474237 q_change=50 q_delta=0.377142 q_grad=0.002051
epoch=32 loss_total=0.800215 loss_rec=0.580091 valid_auc=0.693527 valid_rmse=0.474140 q_change=49 q_delta=0.378221 q_grad=0.002109
epoch=33 loss_total=0.796440 loss_rec=0.576364 valid_auc=0.692645 valid_rmse=0.472088 q_change=49 q_delta=0.379449 q_grad=0.002113
epoch=34 loss_total=0.795541 loss_rec=0.575597 valid_auc=0.690915 valid_rmse=0.472563 q_change=49 q_delta=0.380651 q_grad=0.002109
epoch=35 loss_total=0.794625 loss_rec=0.574762 valid_auc=0.695346 valid_rmse=0.471176 q_change=49 q_delta=0.381898 q_grad=0.002105
epoch=36 loss_total=0.787029 loss_rec=0.567154 valid_auc=0.695100 valid_rmse=0.472070 q_change=49 q_delta=0.382728 q_grad=0.002186
epoch=37 loss_total=0.782587 loss_rec=0.562735 valid_auc=0.693638 valid_rmse=0.473710 q_change=49 q_delta=0.383744 q_grad=0.002187
epoch=38 loss_total=0.778213 loss_rec=0.558492 valid_auc=0.694063 valid_rmse=0.474651 q_change=49 q_delta=0.384584 q_grad=0.002309
epoch=39 loss_total=0.777462 loss_rec=0.557795 valid_auc=0.693080 valid_rmse=0.472539 q_change=49 q_delta=0.385821 q_grad=0.002270
epoch=40 loss_total=0.773819 loss_rec=0.554222 valid_auc=0.692455 valid_rmse=0.473513 q_change=49 q_delta=0.386483 q_grad=0.002344
epoch=41 loss_total=0.767315 loss_rec=0.547831 valid_auc=0.693940 valid_rmse=0.475403 q_change=49 q_delta=0.387199 q_grad=0.002358
epoch=42 loss_total=0.769305 loss_rec=0.549887 valid_auc=0.690859 valid_rmse=0.474398 q_change=50 q_delta=0.388081 q_grad=0.002493
epoch=43 loss_total=0.763209 loss_rec=0.543835 valid_auc=0.691585 valid_rmse=0.475332 q_change=50 q_delta=0.388476 q_grad=0.002471
epoch=44 loss_total=0.760768 loss_rec=0.541481 valid_auc=0.690513 valid_rmse=0.476040 q_change=50 q_delta=0.389233 q_grad=0.002533
epoch=45 loss_total=0.755170 loss_rec=0.535996 valid_auc=0.689442 valid_rmse=0.480738 q_change=50 q_delta=0.389543 q_grad=0.002583
epoch=46 loss_total=0.754838 loss_rec=0.535678 valid_auc=0.694051 valid_rmse=0.474614 q_change=50 q_delta=0.390246 q_grad=0.002581
epoch=47 loss_total=0.751031 loss_rec=0.531941 valid_auc=0.690324 valid_rmse=0.478248 q_change=49 q_delta=0.390610 q_grad=0.002607
epoch=48 loss_total=0.747946 loss_rec=0.528941 valid_auc=0.689978 valid_rmse=0.477400 q_change=49 q_delta=0.391123 q_grad=0.002681
epoch=49 loss_total=0.743018 loss_rec=0.524076 valid_auc=0.692009 valid_rmse=0.476227 q_change=49 q_delta=0.391308 q_grad=0.002684
epoch=50 loss_total=0.738300 loss_rec=0.519401 valid_auc=0.689632 valid_rmse=0.479435 q_change=49 q_delta=0.391643 q_grad=0.002699
epoch=51 loss_total=0.737225 loss_rec=0.518454 valid_auc=0.689799 valid_rmse=0.480325 q_change=49 q_delta=0.391900 q_grad=0.002774
epoch=52 loss_total=0.738845 loss_rec=0.520153 valid_auc=0.689375 valid_rmse=0.478753 q_change=49 q_delta=0.392443 q_grad=0.002822
epoch=53 loss_total=0.739302 loss_rec=0.520661 valid_auc=0.689721 valid_rmse=0.477926 q_change=49 q_delta=0.392725 q_grad=0.002838
epoch=54 loss_total=0.731673 loss_rec=0.513063 valid_auc=0.686038 valid_rmse=0.480974 q_change=49 q_delta=0.392974 q_grad=0.002849
epoch=55 loss_total=0.727377 loss_rec=0.508858 valid_auc=0.693181 valid_rmse=0.477524 q_change=48 q_delta=0.393325 q_grad=0.002811
Early stopping at epoch 55; best_epoch=35.
Saved run to C:\Users\YAN_SHU_YU\Desktop\Generative-CD\Q_GNCDM\results\weak_q_lambda_sweep\lq_0p8_ls_0p6_lb_0p5\seed_2026\noise_0.20\weak-q_lq_0p8_ls_0p6_lb_0p5
Final metrics: q_hat_f1=0.250000 response_auc=0.691269 mastery_pearson=0.419249
