run=weak-q_lq_0p5_ls_0p6_lb_0p7 mode=weak-q noise=0.20 train=4200 valid=600 test=1200
epoch=1 loss_total=1.157557 loss_rec=0.725666 valid_auc=0.587634 valid_rmse=0.499758 q_change=57 q_delta=0.079658 q_grad=0.000651
epoch=2 loss_total=1.086965 loss_rec=0.706010 valid_auc=0.594023 valid_rmse=0.499351 q_change=57 q_delta=0.152028 q_grad=0.000620
epoch=3 loss_total=1.034745 loss_rec=0.700289 valid_auc=0.606116 valid_rmse=0.498668 q_change=57 q_delta=0.213641 q_grad=0.000574
epoch=4 loss_total=0.988878 loss_rec=0.694451 valid_auc=0.623348 valid_rmse=0.498192 q_change=57 q_delta=0.263622 q_grad=0.000515
epoch=5 loss_total=0.956904 loss_rec=0.694911 valid_auc=0.643650 valid_rmse=0.496707 q_change=57 q_delta=0.302392 q_grad=0.000451
epoch=6 loss_total=0.927780 loss_rec=0.691277 valid_auc=0.658371 valid_rmse=0.496321 q_change=57 q_delta=0.331760 q_grad=0.000396
epoch=7 loss_total=0.902536 loss_rec=0.685616 valid_auc=0.658984 valid_rmse=0.495213 q_change=57 q_delta=0.353804 q_grad=0.000356
epoch=8 loss_total=0.883711 loss_rec=0.681387 valid_auc=0.653371 valid_rmse=0.492803 q_change=57 q_delta=0.369595 q_grad=0.000344
epoch=9 loss_total=0.865989 loss_rec=0.674101 valid_auc=0.656897 valid_rmse=0.486768 q_change=57 q_delta=0.380930 q_grad=0.000393
epoch=10 loss_total=0.853798 loss_rec=0.669633 valid_auc=0.657701 valid_rmse=0.484358 q_change=57 q_delta=0.389057 q_grad=0.000467
epoch=11 loss_total=0.842515 loss_rec=0.663998 valid_auc=0.657634 valid_rmse=0.482595 q_change=57 q_delta=0.395935 q_grad=0.000571
epoch=12 loss_total=0.827828 loss_rec=0.654471 valid_auc=0.661362 valid_rmse=0.483169 q_change=57 q_delta=0.401773 q_grad=0.000642
epoch=13 loss_total=0.821600 loss_rec=0.652687 valid_auc=0.662589 valid_rmse=0.479870 q_change=57 q_delta=0.406847 q_grad=0.000659
epoch=14 loss_total=0.816947 loss_rec=0.651515 valid_auc=0.665513 valid_rmse=0.481285 q_change=57 q_delta=0.410719 q_grad=0.000733
epoch=15 loss_total=0.813068 loss_rec=0.650667 valid_auc=0.663259 valid_rmse=0.479711 q_change=57 q_delta=0.414426 q_grad=0.000770
epoch=16 loss_total=0.811001 loss_rec=0.651119 valid_auc=0.663772 valid_rmse=0.479745 q_change=57 q_delta=0.417285 q_grad=0.000849
epoch=17 loss_total=0.808729 loss_rec=0.651122 valid_auc=0.666350 valid_rmse=0.480303 q_change=57 q_delta=0.419808 q_grad=0.000824
epoch=18 loss_total=0.801970 loss_rec=0.646296 valid_auc=0.667355 valid_rmse=0.479819 q_change=57 q_delta=0.422130 q_grad=0.000849
epoch=19 loss_total=0.798710 loss_rec=0.644768 valid_auc=0.667054 valid_rmse=0.479536 q_change=57 q_delta=0.424110 q_grad=0.000905
epoch=20 loss_total=0.797553 loss_rec=0.645068 valid_auc=0.670513 valid_rmse=0.478204 q_change=57 q_delta=0.425993 q_grad=0.000987
epoch=21 loss_total=0.793695 loss_rec=0.642619 valid_auc=0.669699 valid_rmse=0.478993 q_change=57 q_delta=0.427392 q_grad=0.000943
epoch=22 loss_total=0.792903 loss_rec=0.642952 valid_auc=0.669252 valid_rmse=0.477933 q_change=57 q_delta=0.428765 q_grad=0.001028
epoch=23 loss_total=0.789118 loss_rec=0.640218 valid_auc=0.668705 valid_rmse=0.477660 q_change=57 q_delta=0.430097 q_grad=0.001040
epoch=24 loss_total=0.784690 loss_rec=0.636791 valid_auc=0.669554 valid_rmse=0.478120 q_change=57 q_delta=0.431165 q_grad=0.001085
epoch=25 loss_total=0.787006 loss_rec=0.639916 valid_auc=0.669420 valid_rmse=0.477545 q_change=57 q_delta=0.432078 q_grad=0.001184
epoch=26 loss_total=0.784577 loss_rec=0.638238 valid_auc=0.669799 valid_rmse=0.478050 q_change=57 q_delta=0.432927 q_grad=0.001200
epoch=27 loss_total=0.782537 loss_rec=0.636802 valid_auc=0.673114 valid_rmse=0.477365 q_change=57 q_delta=0.433641 q_grad=0.001212
epoch=28 loss_total=0.783119 loss_rec=0.637984 valid_auc=0.674152 valid_rmse=0.476706 q_change=57 q_delta=0.434384 q_grad=0.001275
epoch=29 loss_total=0.780216 loss_rec=0.635608 valid_auc=0.675982 valid_rmse=0.476573 q_change=57 q_delta=0.434985 q_grad=0.001338
epoch=30 loss_total=0.781346 loss_rec=0.637228 valid_auc=0.676607 valid_rmse=0.477014 q_change=57 q_delta=0.435477 q_grad=0.001341
epoch=31 loss_total=0.777626 loss_rec=0.633857 valid_auc=0.677667 valid_rmse=0.476069 q_change=57 q_delta=0.435986 q_grad=0.001380
epoch=32 loss_total=0.779241 loss_rec=0.635866 valid_auc=0.678817 valid_rmse=0.476905 q_change=57 q_delta=0.436337 q_grad=0.001445
epoch=33 loss_total=0.778027 loss_rec=0.634927 valid_auc=0.677288 valid_rmse=0.475617 q_change=57 q_delta=0.436936 q_grad=0.001441
epoch=34 loss_total=0.777255 loss_rec=0.634509 valid_auc=0.676618 valid_rmse=0.475334 q_change=57 q_delta=0.437198 q_grad=0.001480
epoch=35 loss_total=0.778735 loss_rec=0.636249 valid_auc=0.677958 valid_rmse=0.474787 q_change=57 q_delta=0.437499 q_grad=0.001485
epoch=36 loss_total=0.775417 loss_rec=0.633156 valid_auc=0.678739 valid_rmse=0.475844 q_change=57 q_delta=0.437647 q_grad=0.001534
epoch=37 loss_total=0.770582 loss_rec=0.628506 valid_auc=0.680904 valid_rmse=0.475125 q_change=57 q_delta=0.437856 q_grad=0.001573
epoch=38 loss_total=0.769692 loss_rec=0.627762 valid_auc=0.680848 valid_rmse=0.476398 q_change=57 q_delta=0.437994 q_grad=0.001688
epoch=39 loss_total=0.773165 loss_rec=0.631392 valid_auc=0.680000 valid_rmse=0.474670 q_change=57 q_delta=0.438284 q_grad=0.001663
epoch=40 loss_total=0.769379 loss_rec=0.627759 valid_auc=0.681105 valid_rmse=0.474887 q_change=57 q_delta=0.438326 q_grad=0.001716
epoch=41 loss_total=0.765295 loss_rec=0.623722 valid_auc=0.683114 valid_rmse=0.474963 q_change=57 q_delta=0.438243 q_grad=0.001741
epoch=42 loss_total=0.769564 loss_rec=0.627979 valid_auc=0.679710 valid_rmse=0.475331 q_change=57 q_delta=0.438193 q_grad=0.001800
epoch=43 loss_total=0.765697 loss_rec=0.624009 valid_auc=0.683371 valid_rmse=0.474353 q_change=57 q_delta=0.437879 q_grad=0.001766
epoch=44 loss_total=0.765657 loss_rec=0.623886 valid_auc=0.683248 valid_rmse=0.474685 q_change=56 q_delta=0.437695 q_grad=0.001843
epoch=45 loss_total=0.763088 loss_rec=0.621260 valid_auc=0.684297 valid_rmse=0.476522 q_change=56 q_delta=0.437922 q_grad=0.001889
epoch=46 loss_total=0.763788 loss_rec=0.621914 valid_auc=0.685770 valid_rmse=0.473221 q_change=56 q_delta=0.438563 q_grad=0.001853
epoch=47 loss_total=0.760783 loss_rec=0.618951 valid_auc=0.687121 valid_rmse=0.473633 q_change=56 q_delta=0.438911 q_grad=0.001884
epoch=48 loss_total=0.761632 loss_rec=0.619817 valid_auc=0.686864 valid_rmse=0.472800 q_change=56 q_delta=0.439295 q_grad=0.001922
epoch=49 loss_total=0.759546 loss_rec=0.617733 valid_auc=0.686417 valid_rmse=0.473036 q_change=56 q_delta=0.439515 q_grad=0.001961
epoch=50 loss_total=0.755447 loss_rec=0.613692 valid_auc=0.683828 valid_rmse=0.473966 q_change=56 q_delta=0.439712 q_grad=0.001881
epoch=51 loss_total=0.756036 loss_rec=0.614349 valid_auc=0.687757 valid_rmse=0.474831 q_change=56 q_delta=0.439755 q_grad=0.002024
epoch=52 loss_total=0.756932 loss_rec=0.615267 valid_auc=0.685257 valid_rmse=0.473424 q_change=56 q_delta=0.439969 q_grad=0.002033
epoch=53 loss_total=0.758731 loss_rec=0.617118 valid_auc=0.688627 valid_rmse=0.472551 q_change=56 q_delta=0.440088 q_grad=0.002013
epoch=54 loss_total=0.750932 loss_rec=0.609383 valid_auc=0.686730 valid_rmse=0.473981 q_change=56 q_delta=0.440104 q_grad=0.001985
epoch=55 loss_total=0.751132 loss_rec=0.609592 valid_auc=0.689743 valid_rmse=0.472300 q_change=56 q_delta=0.440138 q_grad=0.002021
epoch=56 loss_total=0.753108 loss_rec=0.611616 valid_auc=0.686462 valid_rmse=0.472770 q_change=56 q_delta=0.440216 q_grad=0.002080
epoch=57 loss_total=0.751975 loss_rec=0.610479 valid_auc=0.689542 valid_rmse=0.474020 q_change=56 q_delta=0.440066 q_grad=0.002119
epoch=58 loss_total=0.748203 loss_rec=0.606678 valid_auc=0.687556 valid_rmse=0.474165 q_change=56 q_delta=0.440103 q_grad=0.002068
epoch=59 loss_total=0.748229 loss_rec=0.606789 valid_auc=0.688203 valid_rmse=0.472416 q_change=56 q_delta=0.440136 q_grad=0.002079
epoch=60 loss_total=0.747405 loss_rec=0.605924 valid_auc=0.690647 valid_rmse=0.472614 q_change=56 q_delta=0.439987 q_grad=0.002110
epoch=61 loss_total=0.746715 loss_rec=0.605162 valid_auc=0.690792 valid_rmse=0.472645 q_change=56 q_delta=0.439841 q_grad=0.002141
epoch=62 loss_total=0.745024 loss_rec=0.603449 valid_auc=0.690759 valid_rmse=0.471924 q_change=55 q_delta=0.439752 q_grad=0.002077
epoch=63 loss_total=0.745957 loss_rec=0.604303 valid_auc=0.690714 valid_rmse=0.472729 q_change=54 q_delta=0.439506 q_grad=0.002089
epoch=64 loss_total=0.748529 loss_rec=0.606881 valid_auc=0.694464 valid_rmse=0.473526 q_change=54 q_delta=0.439678 q_grad=0.002149
epoch=65 loss_total=0.741596 loss_rec=0.599896 valid_auc=0.693136 valid_rmse=0.471326 q_change=54 q_delta=0.440293 q_grad=0.002037
epoch=66 loss_total=0.742098 loss_rec=0.600408 valid_auc=0.694866 valid_rmse=0.471603 q_change=54 q_delta=0.440695 q_grad=0.002160
epoch=67 loss_total=0.744174 loss_rec=0.602458 valid_auc=0.692054 valid_rmse=0.472819 q_change=54 q_delta=0.441094 q_grad=0.002125
epoch=68 loss_total=0.739771 loss_rec=0.598083 valid_auc=0.693728 valid_rmse=0.472706 q_change=54 q_delta=0.441456 q_grad=0.002142
epoch=69 loss_total=0.736137 loss_rec=0.594472 valid_auc=0.696775 valid_rmse=0.477460 q_change=54 q_delta=0.441658 q_grad=0.002212
epoch=70 loss_total=0.736308 loss_rec=0.594674 valid_auc=0.693482 valid_rmse=0.471452 q_change=54 q_delta=0.442088 q_grad=0.002207
epoch=71 loss_total=0.737887 loss_rec=0.596280 valid_auc=0.693415 valid_rmse=0.471589 q_change=54 q_delta=0.442333 q_grad=0.002215
epoch=72 loss_total=0.736048 loss_rec=0.594449 valid_auc=0.692600 valid_rmse=0.472330 q_change=54 q_delta=0.442557 q_grad=0.002249
epoch=73 loss_total=0.732933 loss_rec=0.591405 valid_auc=0.688772 valid_rmse=0.472827 q_change=54 q_delta=0.442790 q_grad=0.002299
epoch=74 loss_total=0.736369 loss_rec=0.594853 valid_auc=0.690926 valid_rmse=0.473249 q_change=54 q_delta=0.442942 q_grad=0.002253
epoch=75 loss_total=0.734473 loss_rec=0.592964 valid_auc=0.690056 valid_rmse=0.479188 q_change=54 q_delta=0.443044 q_grad=0.002259
epoch=76 loss_total=0.734307 loss_rec=0.592810 valid_auc=0.688672 valid_rmse=0.472979 q_change=54 q_delta=0.443290 q_grad=0.002252
epoch=77 loss_total=0.727898 loss_rec=0.586429 valid_auc=0.689275 valid_rmse=0.476615 q_change=54 q_delta=0.443323 q_grad=0.002251
epoch=78 loss_total=0.729289 loss_rec=0.587850 valid_auc=0.688426 valid_rmse=0.474872 q_change=54 q_delta=0.443456 q_grad=0.002430
epoch=79 loss_total=0.728597 loss_rec=0.587195 valid_auc=0.687054 valid_rmse=0.474327 q_change=54 q_delta=0.443600 q_grad=0.002502
epoch=80 loss_total=0.728102 loss_rec=0.586728 valid_auc=0.687277 valid_rmse=0.474054 q_change=54 q_delta=0.443702 q_grad=0.002424
epoch=81 loss_total=0.724568 loss_rec=0.583243 valid_auc=0.688192 valid_rmse=0.476095 q_change=54 q_delta=0.443809 q_grad=0.002485
epoch=82 loss_total=0.724945 loss_rec=0.583656 valid_auc=0.687065 valid_rmse=0.475655 q_change=54 q_delta=0.443886 q_grad=0.002530
epoch=83 loss_total=0.723305 loss_rec=0.582064 valid_auc=0.687511 valid_rmse=0.479238 q_change=54 q_delta=0.443961 q_grad=0.002499
epoch=84 loss_total=0.724123 loss_rec=0.582917 valid_auc=0.687902 valid_rmse=0.475922 q_change=54 q_delta=0.444141 q_grad=0.002574
epoch=85 loss_total=0.725490 loss_rec=0.584309 valid_auc=0.687031 valid_rmse=0.479638 q_change=54 q_delta=0.444092 q_grad=0.002613
epoch=86 loss_total=0.727153 loss_rec=0.585979 valid_auc=0.685904 valid_rmse=0.476802 q_change=54 q_delta=0.444207 q_grad=0.002584
epoch=87 loss_total=0.721045 loss_rec=0.579917 valid_auc=0.684554 valid_rmse=0.477493 q_change=54 q_delta=0.444271 q_grad=0.002533
epoch=88 loss_total=0.715277 loss_rec=0.574176 valid_auc=0.684766 valid_rmse=0.477282 q_change=54 q_delta=0.444356 q_grad=0.002630
epoch=89 loss_total=0.717326 loss_rec=0.576254 valid_auc=0.684587 valid_rmse=0.483016 q_change=54 q_delta=0.444350 q_grad=0.002684
Early stopping at epoch 89; best_epoch=69.
Saved run to C:\Users\YAN_SHU_YU\Desktop\Generative-CD\Q_GNCDM\results\weak_q_lambda_sweep\lq_0p5_ls_0p6_lb_0p7\seed_2026\noise_0.20\weak-q_lq_0p5_ls_0p6_lb_0p7
Final metrics: q_hat_f1=0.101695 response_auc=0.684806 mastery_pearson=0.306177
