run=weak-q_lq_0p6_ls_0p4_lb_0p05 mode=weak-q noise=0.20 train=4200 valid=600 test=1200
epoch=1 loss_total=0.913134 loss_rec=0.725644 valid_auc=0.587946 valid_rmse=0.499738 q_change=57 q_delta=0.075573 q_grad=0.000357
epoch=2 loss_total=0.871234 loss_rec=0.705604 valid_auc=0.596998 valid_rmse=0.499147 q_change=57 q_delta=0.133528 q_grad=0.000258
epoch=3 loss_total=0.851613 loss_rec=0.698821 valid_auc=0.614788 valid_rmse=0.497905 q_change=57 q_delta=0.175220 q_grad=0.000210
epoch=4 loss_total=0.835817 loss_rec=0.690489 valid_auc=0.638973 valid_rmse=0.495962 q_change=57 q_delta=0.204397 q_grad=0.000201
epoch=5 loss_total=0.826522 loss_rec=0.684999 valid_auc=0.659040 valid_rmse=0.490792 q_change=57 q_delta=0.220882 q_grad=0.000252
epoch=6 loss_total=0.806542 loss_rec=0.666224 valid_auc=0.669051 valid_rmse=0.482497 q_change=57 q_delta=0.226054 q_grad=0.000400
epoch=7 loss_total=0.780490 loss_rec=0.640161 valid_auc=0.674888 valid_rmse=0.477183 q_change=57 q_delta=0.228073 q_grad=0.000632
epoch=8 loss_total=0.770415 loss_rec=0.630186 valid_auc=0.676763 valid_rmse=0.476281 q_change=57 q_delta=0.230683 q_grad=0.000883
epoch=9 loss_total=0.762664 loss_rec=0.622848 valid_auc=0.682902 valid_rmse=0.472994 q_change=57 q_delta=0.233570 q_grad=0.001024
epoch=10 loss_total=0.765634 loss_rec=0.626359 valid_auc=0.680078 valid_rmse=0.475032 q_change=57 q_delta=0.236534 q_grad=0.001072
epoch=11 loss_total=0.763571 loss_rec=0.624506 valid_auc=0.680547 valid_rmse=0.473839 q_change=56 q_delta=0.239842 q_grad=0.001175
epoch=12 loss_total=0.755228 loss_rec=0.616481 valid_auc=0.680234 valid_rmse=0.475685 q_change=55 q_delta=0.242435 q_grad=0.001212
epoch=13 loss_total=0.752196 loss_rec=0.613791 valid_auc=0.680212 valid_rmse=0.474363 q_change=55 q_delta=0.246225 q_grad=0.001194
epoch=14 loss_total=0.753331 loss_rec=0.615130 valid_auc=0.678717 valid_rmse=0.476505 q_change=54 q_delta=0.248428 q_grad=0.001261
epoch=15 loss_total=0.750104 loss_rec=0.612009 valid_auc=0.680313 valid_rmse=0.474942 q_change=54 q_delta=0.251399 q_grad=0.001281
epoch=16 loss_total=0.752510 loss_rec=0.614463 valid_auc=0.680480 valid_rmse=0.475276 q_change=54 q_delta=0.254038 q_grad=0.001369
epoch=17 loss_total=0.748764 loss_rec=0.610893 valid_auc=0.679587 valid_rmse=0.475147 q_change=53 q_delta=0.256413 q_grad=0.001296
epoch=18 loss_total=0.744560 loss_rec=0.606700 valid_auc=0.679754 valid_rmse=0.475383 q_change=52 q_delta=0.259027 q_grad=0.001321
epoch=19 loss_total=0.744256 loss_rec=0.606483 valid_auc=0.680547 valid_rmse=0.475872 q_change=52 q_delta=0.261925 q_grad=0.001396
epoch=20 loss_total=0.742700 loss_rec=0.604876 valid_auc=0.682254 valid_rmse=0.474600 q_change=50 q_delta=0.264734 q_grad=0.001460
epoch=21 loss_total=0.738709 loss_rec=0.600789 valid_auc=0.683304 valid_rmse=0.475346 q_change=50 q_delta=0.266909 q_grad=0.001387
epoch=22 loss_total=0.737067 loss_rec=0.599034 valid_auc=0.681618 valid_rmse=0.475620 q_change=50 q_delta=0.269420 q_grad=0.001496
epoch=23 loss_total=0.735535 loss_rec=0.597345 valid_auc=0.680837 valid_rmse=0.475411 q_change=50 q_delta=0.272196 q_grad=0.001459
epoch=24 loss_total=0.731425 loss_rec=0.593069 valid_auc=0.680223 valid_rmse=0.475950 q_change=50 q_delta=0.274865 q_grad=0.001495
epoch=25 loss_total=0.731666 loss_rec=0.593036 valid_auc=0.681440 valid_rmse=0.475965 q_change=49 q_delta=0.277347 q_grad=0.001583
epoch=26 loss_total=0.729604 loss_rec=0.590765 valid_auc=0.683326 valid_rmse=0.475998 q_change=47 q_delta=0.279773 q_grad=0.001568
epoch=27 loss_total=0.726218 loss_rec=0.587054 valid_auc=0.683717 valid_rmse=0.476949 q_change=46 q_delta=0.282099 q_grad=0.001567
epoch=28 loss_total=0.729132 loss_rec=0.589666 valid_auc=0.683371 valid_rmse=0.476462 q_change=43 q_delta=0.284693 q_grad=0.001661
epoch=29 loss_total=0.722560 loss_rec=0.582826 valid_auc=0.686239 valid_rmse=0.475430 q_change=43 q_delta=0.287022 q_grad=0.001664
epoch=30 loss_total=0.720793 loss_rec=0.580659 valid_auc=0.687321 valid_rmse=0.476745 q_change=42 q_delta=0.289117 q_grad=0.001701
epoch=31 loss_total=0.716757 loss_rec=0.576242 valid_auc=0.685513 valid_rmse=0.476575 q_change=42 q_delta=0.291654 q_grad=0.001715
epoch=32 loss_total=0.717012 loss_rec=0.576116 valid_auc=0.689007 valid_rmse=0.475294 q_change=42 q_delta=0.294687 q_grad=0.001761
epoch=33 loss_total=0.712600 loss_rec=0.571259 valid_auc=0.688013 valid_rmse=0.474537 q_change=42 q_delta=0.297614 q_grad=0.001797
epoch=34 loss_total=0.711885 loss_rec=0.570172 valid_auc=0.686886 valid_rmse=0.474782 q_change=41 q_delta=0.299970 q_grad=0.001783
epoch=35 loss_total=0.711406 loss_rec=0.569296 valid_auc=0.689799 valid_rmse=0.473687 q_change=40 q_delta=0.302411 q_grad=0.001815
epoch=36 loss_total=0.703583 loss_rec=0.561023 valid_auc=0.690167 valid_rmse=0.474141 q_change=39 q_delta=0.304302 q_grad=0.001890
epoch=37 loss_total=0.698743 loss_rec=0.555720 valid_auc=0.689565 valid_rmse=0.476460 q_change=37 q_delta=0.306645 q_grad=0.001912
epoch=38 loss_total=0.693318 loss_rec=0.549962 valid_auc=0.689040 valid_rmse=0.477446 q_change=36 q_delta=0.308789 q_grad=0.002009
epoch=39 loss_total=0.692463 loss_rec=0.548717 valid_auc=0.688672 valid_rmse=0.475966 q_change=36 q_delta=0.311320 q_grad=0.002000
epoch=40 loss_total=0.688737 loss_rec=0.544642 valid_auc=0.689163 valid_rmse=0.476777 q_change=36 q_delta=0.313057 q_grad=0.002057
epoch=41 loss_total=0.682177 loss_rec=0.537799 valid_auc=0.689353 valid_rmse=0.479030 q_change=35 q_delta=0.315429 q_grad=0.002058
epoch=42 loss_total=0.684604 loss_rec=0.539943 valid_auc=0.687310 valid_rmse=0.477810 q_change=35 q_delta=0.317546 q_grad=0.002208
epoch=43 loss_total=0.677780 loss_rec=0.532858 valid_auc=0.689888 valid_rmse=0.478646 q_change=33 q_delta=0.319358 q_grad=0.002174
epoch=44 loss_total=0.676334 loss_rec=0.531191 valid_auc=0.689431 valid_rmse=0.477834 q_change=33 q_delta=0.321057 q_grad=0.002191
epoch=45 loss_total=0.671557 loss_rec=0.526237 valid_auc=0.687801 valid_rmse=0.482631 q_change=33 q_delta=0.322421 q_grad=0.002186
epoch=46 loss_total=0.670887 loss_rec=0.525332 valid_auc=0.693304 valid_rmse=0.477307 q_change=33 q_delta=0.324322 q_grad=0.002229
epoch=47 loss_total=0.668999 loss_rec=0.523290 valid_auc=0.690078 valid_rmse=0.480505 q_change=32 q_delta=0.325541 q_grad=0.002197
epoch=48 loss_total=0.667449 loss_rec=0.521612 valid_auc=0.689241 valid_rmse=0.479394 q_change=31 q_delta=0.327187 q_grad=0.002260
epoch=49 loss_total=0.661850 loss_rec=0.515880 valid_auc=0.690647 valid_rmse=0.478225 q_change=31 q_delta=0.328178 q_grad=0.002249
epoch=50 loss_total=0.657449 loss_rec=0.511389 valid_auc=0.690268 valid_rmse=0.481807 q_change=32 q_delta=0.329616 q_grad=0.002236
epoch=51 loss_total=0.658339 loss_rec=0.512207 valid_auc=0.691283 valid_rmse=0.481887 q_change=31 q_delta=0.330539 q_grad=0.002309
epoch=52 loss_total=0.659260 loss_rec=0.513035 valid_auc=0.690078 valid_rmse=0.480763 q_change=29 q_delta=0.331989 q_grad=0.002313
epoch=53 loss_total=0.660731 loss_rec=0.514410 valid_auc=0.689665 valid_rmse=0.480108 q_change=30 q_delta=0.332906 q_grad=0.002313
epoch=54 loss_total=0.653832 loss_rec=0.507393 valid_auc=0.688147 valid_rmse=0.481626 q_change=30 q_delta=0.334104 q_grad=0.002332
epoch=55 loss_total=0.649564 loss_rec=0.503061 valid_auc=0.696205 valid_rmse=0.477944 q_change=30 q_delta=0.335204 q_grad=0.002302
epoch=56 loss_total=0.649270 loss_rec=0.502707 valid_auc=0.692165 valid_rmse=0.481032 q_change=31 q_delta=0.336314 q_grad=0.002297
epoch=57 loss_total=0.649601 loss_rec=0.502914 valid_auc=0.689275 valid_rmse=0.483429 q_change=30 q_delta=0.337461 q_grad=0.002431
epoch=58 loss_total=0.643994 loss_rec=0.497234 valid_auc=0.691217 valid_rmse=0.483039 q_change=31 q_delta=0.338755 q_grad=0.002365
epoch=59 loss_total=0.641206 loss_rec=0.494428 valid_auc=0.694118 valid_rmse=0.479953 q_change=31 q_delta=0.339744 q_grad=0.002324
epoch=60 loss_total=0.644094 loss_rec=0.497248 valid_auc=0.693895 valid_rmse=0.481750 q_change=31 q_delta=0.340705 q_grad=0.002375
epoch=61 loss_total=0.641777 loss_rec=0.494854 valid_auc=0.691975 valid_rmse=0.480852 q_change=31 q_delta=0.341927 q_grad=0.002429
epoch=62 loss_total=0.638242 loss_rec=0.491287 valid_auc=0.694442 valid_rmse=0.480604 q_change=31 q_delta=0.342805 q_grad=0.002337
epoch=63 loss_total=0.637767 loss_rec=0.490725 valid_auc=0.692545 valid_rmse=0.481812 q_change=31 q_delta=0.343709 q_grad=0.002458
epoch=64 loss_total=0.638347 loss_rec=0.491243 valid_auc=0.694275 valid_rmse=0.483624 q_change=30 q_delta=0.344417 q_grad=0.002429
epoch=65 loss_total=0.636350 loss_rec=0.489196 valid_auc=0.692813 valid_rmse=0.481631 q_change=30 q_delta=0.345575 q_grad=0.002324
epoch=66 loss_total=0.635467 loss_rec=0.488258 valid_auc=0.692199 valid_rmse=0.482398 q_change=29 q_delta=0.346498 q_grad=0.002466
epoch=67 loss_total=0.635202 loss_rec=0.487913 valid_auc=0.690815 valid_rmse=0.483642 q_change=29 q_delta=0.347379 q_grad=0.002454
epoch=68 loss_total=0.628417 loss_rec=0.481067 valid_auc=0.693583 valid_rmse=0.484126 q_change=28 q_delta=0.348096 q_grad=0.002455
epoch=69 loss_total=0.625542 loss_rec=0.478129 valid_auc=0.693259 valid_rmse=0.488823 q_change=28 q_delta=0.348915 q_grad=0.002460
epoch=70 loss_total=0.623830 loss_rec=0.476328 valid_auc=0.692400 valid_rmse=0.483392 q_change=28 q_delta=0.350039 q_grad=0.002527
epoch=71 loss_total=0.623544 loss_rec=0.476044 valid_auc=0.696685 valid_rmse=0.481799 q_change=28 q_delta=0.351022 q_grad=0.002472
epoch=72 loss_total=0.624426 loss_rec=0.476853 valid_auc=0.694420 valid_rmse=0.483646 q_change=28 q_delta=0.351699 q_grad=0.002498
epoch=73 loss_total=0.619279 loss_rec=0.471636 valid_auc=0.690636 valid_rmse=0.486244 q_change=28 q_delta=0.352650 q_grad=0.002540
epoch=74 loss_total=0.623518 loss_rec=0.475850 valid_auc=0.692913 valid_rmse=0.484868 q_change=28 q_delta=0.353503 q_grad=0.002510
epoch=75 loss_total=0.621353 loss_rec=0.473620 valid_auc=0.690636 valid_rmse=0.490092 q_change=28 q_delta=0.354107 q_grad=0.002566
epoch=76 loss_total=0.620168 loss_rec=0.472380 valid_auc=0.693828 valid_rmse=0.482841 q_change=28 q_delta=0.354994 q_grad=0.002497
epoch=77 loss_total=0.611529 loss_rec=0.463678 valid_auc=0.695402 valid_rmse=0.484339 q_change=29 q_delta=0.355900 q_grad=0.002472
epoch=78 loss_total=0.611624 loss_rec=0.463722 valid_auc=0.694576 valid_rmse=0.487499 q_change=29 q_delta=0.356703 q_grad=0.002679
epoch=79 loss_total=0.609322 loss_rec=0.461391 valid_auc=0.691507 valid_rmse=0.485842 q_change=29 q_delta=0.357657 q_grad=0.002623
epoch=80 loss_total=0.608427 loss_rec=0.460473 valid_auc=0.695268 valid_rmse=0.485727 q_change=30 q_delta=0.358683 q_grad=0.002597
epoch=81 loss_total=0.607294 loss_rec=0.459282 valid_auc=0.695145 valid_rmse=0.487012 q_change=30 q_delta=0.359418 q_grad=0.002666
epoch=82 loss_total=0.603009 loss_rec=0.454969 valid_auc=0.692667 valid_rmse=0.487780 q_change=31 q_delta=0.360340 q_grad=0.002660
epoch=83 loss_total=0.608711 loss_rec=0.460657 valid_auc=0.694342 valid_rmse=0.488369 q_change=31 q_delta=0.361086 q_grad=0.002636
epoch=84 loss_total=0.608345 loss_rec=0.460293 valid_auc=0.695257 valid_rmse=0.485489 q_change=31 q_delta=0.361871 q_grad=0.002635
epoch=85 loss_total=0.603095 loss_rec=0.454992 valid_auc=0.696038 valid_rmse=0.488650 q_change=31 q_delta=0.362438 q_grad=0.002693
epoch=86 loss_total=0.602963 loss_rec=0.454818 valid_auc=0.694118 valid_rmse=0.486648 q_change=31 q_delta=0.363357 q_grad=0.002762
epoch=87 loss_total=0.599874 loss_rec=0.451678 valid_auc=0.694509 valid_rmse=0.485880 q_change=31 q_delta=0.364126 q_grad=0.002689
epoch=88 loss_total=0.594663 loss_rec=0.446435 valid_auc=0.696563 valid_rmse=0.487112 q_change=31 q_delta=0.364688 q_grad=0.002717
epoch=89 loss_total=0.596543 loss_rec=0.448336 valid_auc=0.694877 valid_rmse=0.491541 q_change=31 q_delta=0.365205 q_grad=0.002647
epoch=90 loss_total=0.602550 loss_rec=0.454302 valid_auc=0.691027 valid_rmse=0.487295 q_change=31 q_delta=0.366146 q_grad=0.002672
epoch=91 loss_total=0.594524 loss_rec=0.446235 valid_auc=0.692946 valid_rmse=0.487689 q_change=31 q_delta=0.366795 q_grad=0.002664
Early stopping at epoch 91; best_epoch=71.
Saved run to C:\Users\YAN_SHU_YU\Desktop\Generative-CD\Q_GNCDM\results\weak_q_lambda_sweep\lq_0p6_ls_0p4_lb_0p05\seed_2026\noise_0.20\weak-q_lq_0p6_ls_0p4_lb_0p05
Final metrics: q_hat_f1=0.635294 response_auc=0.685301 mastery_pearson=0.539806
