run=weak-q_lq_0p9_ls_0p6_lb_0p5 mode=weak-q noise=0.20 train=4200 valid=600 test=1200
epoch=1 loss_total=1.109999 loss_rec=0.725658 valid_auc=0.587701 valid_rmse=0.499752 q_change=57 q_delta=0.077851 q_grad=0.000594
epoch=2 loss_total=1.049301 loss_rec=0.705849 valid_auc=0.594408 valid_rmse=0.499283 q_change=57 q_delta=0.143615 q_grad=0.000487
epoch=3 loss_total=1.012877 loss_rec=0.699736 valid_auc=0.607879 valid_rmse=0.498417 q_change=57 q_delta=0.196438 q_grad=0.000401
epoch=4 loss_total=0.984096 loss_rec=0.693073 valid_auc=0.627388 valid_rmse=0.497495 q_change=57 q_delta=0.238007 q_grad=0.000335
epoch=5 loss_total=0.967264 loss_rec=0.691913 valid_auc=0.648326 valid_rmse=0.495031 q_change=57 q_delta=0.269283 q_grad=0.000302
epoch=6 loss_total=0.948784 loss_rec=0.684301 valid_auc=0.661987 valid_rmse=0.492148 q_change=57 q_delta=0.291322 q_grad=0.000307
epoch=7 loss_total=0.926547 loss_rec=0.669065 valid_auc=0.662946 valid_rmse=0.486060 q_change=57 q_delta=0.305187 q_grad=0.000382
epoch=8 loss_total=0.907277 loss_rec=0.653691 valid_auc=0.664174 valid_rmse=0.481157 q_change=57 q_delta=0.313404 q_grad=0.000576
epoch=9 loss_total=0.894035 loss_rec=0.643269 valid_auc=0.674308 valid_rmse=0.476131 q_change=57 q_delta=0.320531 q_grad=0.000766
epoch=10 loss_total=0.892012 loss_rec=0.643804 valid_auc=0.675011 valid_rmse=0.476332 q_change=57 q_delta=0.325666 q_grad=0.000880
epoch=11 loss_total=0.886441 loss_rec=0.639865 valid_auc=0.679007 valid_rmse=0.474365 q_change=57 q_delta=0.329919 q_grad=0.001035
epoch=12 loss_total=0.874541 loss_rec=0.629345 valid_auc=0.682165 valid_rmse=0.474913 q_change=57 q_delta=0.332563 q_grad=0.001143
epoch=13 loss_total=0.869339 loss_rec=0.625230 valid_auc=0.683426 valid_rmse=0.472762 q_change=57 q_delta=0.335268 q_grad=0.001208
epoch=14 loss_total=0.867828 loss_rec=0.624428 valid_auc=0.683304 valid_rmse=0.474290 q_change=57 q_delta=0.336511 q_grad=0.001340
epoch=15 loss_total=0.862908 loss_rec=0.620055 valid_auc=0.683605 valid_rmse=0.472798 q_change=56 q_delta=0.338253 q_grad=0.001434
epoch=16 loss_total=0.863148 loss_rec=0.620707 valid_auc=0.685580 valid_rmse=0.473070 q_change=56 q_delta=0.339541 q_grad=0.001560
epoch=17 loss_total=0.858921 loss_rec=0.616940 valid_auc=0.684676 valid_rmse=0.473164 q_change=56 q_delta=0.341238 q_grad=0.001510
epoch=18 loss_total=0.852201 loss_rec=0.610513 valid_auc=0.685357 valid_rmse=0.472803 q_change=54 q_delta=0.342847 q_grad=0.001557
epoch=19 loss_total=0.850379 loss_rec=0.609133 valid_auc=0.685458 valid_rmse=0.474125 q_change=54 q_delta=0.344485 q_grad=0.001667
epoch=20 loss_total=0.847219 loss_rec=0.606182 valid_auc=0.687556 valid_rmse=0.472234 q_change=51 q_delta=0.346472 q_grad=0.001752
epoch=21 loss_total=0.841932 loss_rec=0.601145 valid_auc=0.688426 valid_rmse=0.473988 q_change=51 q_delta=0.347994 q_grad=0.001679
epoch=22 loss_total=0.839080 loss_rec=0.598455 valid_auc=0.687801 valid_rmse=0.473526 q_change=51 q_delta=0.350047 q_grad=0.001822
epoch=23 loss_total=0.836150 loss_rec=0.595707 valid_auc=0.685089 valid_rmse=0.473469 q_change=51 q_delta=0.352416 q_grad=0.001790
epoch=24 loss_total=0.830497 loss_rec=0.590259 valid_auc=0.684554 valid_rmse=0.474332 q_change=51 q_delta=0.354350 q_grad=0.001825
epoch=25 loss_total=0.830670 loss_rec=0.590541 valid_auc=0.686161 valid_rmse=0.474364 q_change=50 q_delta=0.356090 q_grad=0.001953
epoch=26 loss_total=0.827255 loss_rec=0.587245 valid_auc=0.687031 valid_rmse=0.474730 q_change=50 q_delta=0.357705 q_grad=0.001942
epoch=27 loss_total=0.822674 loss_rec=0.582707 valid_auc=0.687634 valid_rmse=0.476475 q_change=50 q_delta=0.359438 q_grad=0.001927
epoch=28 loss_total=0.824954 loss_rec=0.585098 valid_auc=0.688092 valid_rmse=0.474852 q_change=49 q_delta=0.361079 q_grad=0.002028
epoch=29 loss_total=0.817254 loss_rec=0.577509 valid_auc=0.690011 valid_rmse=0.474380 q_change=49 q_delta=0.362431 q_grad=0.002044
epoch=30 loss_total=0.815160 loss_rec=0.575442 valid_auc=0.691953 valid_rmse=0.475123 q_change=49 q_delta=0.363632 q_grad=0.002057
epoch=31 loss_total=0.810452 loss_rec=0.570757 valid_auc=0.691417 valid_rmse=0.475126 q_change=49 q_delta=0.364961 q_grad=0.002081
epoch=32 loss_total=0.810432 loss_rec=0.570795 valid_auc=0.693739 valid_rmse=0.474754 q_change=49 q_delta=0.366551 q_grad=0.002144
epoch=33 loss_total=0.805764 loss_rec=0.566104 valid_auc=0.691875 valid_rmse=0.473076 q_change=49 q_delta=0.367850 q_grad=0.002158
epoch=34 loss_total=0.804798 loss_rec=0.565219 valid_auc=0.691217 valid_rmse=0.473405 q_change=49 q_delta=0.368779 q_grad=0.002158
epoch=35 loss_total=0.804020 loss_rec=0.564472 valid_auc=0.695569 valid_rmse=0.471901 q_change=49 q_delta=0.369927 q_grad=0.002165
epoch=36 loss_total=0.795779 loss_rec=0.556173 valid_auc=0.694565 valid_rmse=0.472437 q_change=49 q_delta=0.370519 q_grad=0.002251
epoch=37 loss_total=0.791211 loss_rec=0.551576 valid_auc=0.692288 valid_rmse=0.474947 q_change=48 q_delta=0.371245 q_grad=0.002255
epoch=38 loss_total=0.785460 loss_rec=0.545921 valid_auc=0.692679 valid_rmse=0.475743 q_change=47 q_delta=0.371880 q_grad=0.002381
epoch=39 loss_total=0.784302 loss_rec=0.544772 valid_auc=0.692589 valid_rmse=0.473888 q_change=47 q_delta=0.372950 q_grad=0.002358
epoch=40 loss_total=0.781039 loss_rec=0.541531 valid_auc=0.692187 valid_rmse=0.475075 q_change=47 q_delta=0.373481 q_grad=0.002442
epoch=41 loss_total=0.773798 loss_rec=0.534378 valid_auc=0.691886 valid_rmse=0.477457 q_change=47 q_delta=0.374192 q_grad=0.002445
epoch=42 loss_total=0.776073 loss_rec=0.536699 valid_auc=0.688527 valid_rmse=0.476349 q_change=46 q_delta=0.375060 q_grad=0.002600
epoch=43 loss_total=0.769767 loss_rec=0.530420 valid_auc=0.689989 valid_rmse=0.477379 q_change=46 q_delta=0.375459 q_grad=0.002575
epoch=44 loss_total=0.767084 loss_rec=0.527801 valid_auc=0.690067 valid_rmse=0.477356 q_change=47 q_delta=0.376111 q_grad=0.002621
epoch=45 loss_total=0.761983 loss_rec=0.522795 valid_auc=0.687835 valid_rmse=0.482665 q_change=47 q_delta=0.376419 q_grad=0.002638
epoch=46 loss_total=0.761582 loss_rec=0.522389 valid_auc=0.694118 valid_rmse=0.476447 q_change=47 q_delta=0.377272 q_grad=0.002664
epoch=47 loss_total=0.757925 loss_rec=0.518798 valid_auc=0.689821 valid_rmse=0.480055 q_change=47 q_delta=0.377781 q_grad=0.002669
epoch=48 loss_total=0.755974 loss_rec=0.516938 valid_auc=0.689520 valid_rmse=0.479305 q_change=46 q_delta=0.378448 q_grad=0.002741
epoch=49 loss_total=0.750595 loss_rec=0.511632 valid_auc=0.691406 valid_rmse=0.477656 q_change=46 q_delta=0.378646 q_grad=0.002731
epoch=50 loss_total=0.745758 loss_rec=0.506847 valid_auc=0.690469 valid_rmse=0.481335 q_change=46 q_delta=0.379048 q_grad=0.002749
epoch=51 loss_total=0.746098 loss_rec=0.507319 valid_auc=0.690201 valid_rmse=0.482047 q_change=46 q_delta=0.379380 q_grad=0.002838
epoch=52 loss_total=0.747577 loss_rec=0.508879 valid_auc=0.689788 valid_rmse=0.480390 q_change=46 q_delta=0.379913 q_grad=0.002859
epoch=53 loss_total=0.748417 loss_rec=0.509781 valid_auc=0.689754 valid_rmse=0.479449 q_change=45 q_delta=0.380146 q_grad=0.002877
epoch=54 loss_total=0.741670 loss_rec=0.503051 valid_auc=0.687132 valid_rmse=0.481913 q_change=45 q_delta=0.380372 q_grad=0.002893
epoch=55 loss_total=0.737403 loss_rec=0.498896 valid_auc=0.693895 valid_rmse=0.478156 q_change=45 q_delta=0.380809 q_grad=0.002830
Early stopping at epoch 55; best_epoch=35.
Saved run to C:\Users\YAN_SHU_YU\Desktop\Generative-CD\Q_GNCDM\results\weak_q_lambda_sweep\lq_0p9_ls_0p6_lb_0p5\seed_2026\noise_0.20\weak-q_lq_0p9_ls_0p6_lb_0p5
Final metrics: q_hat_f1=0.250000 response_auc=0.692993 mastery_pearson=0.451832
