run=weak-q_lq_0p9_ls_0p5_lb_0p9 mode=weak-q noise=0.20 train=4200 valid=600 test=1200
epoch=1 loss_total=1.163777 loss_rec=0.725661 valid_auc=0.587779 valid_rmse=0.499753 q_change=57 q_delta=0.078856 q_grad=0.000544
epoch=2 loss_total=1.103268 loss_rec=0.705932 valid_auc=0.594721 valid_rmse=0.499309 q_change=57 q_delta=0.148652 q_grad=0.000493
epoch=3 loss_total=1.062548 loss_rec=0.700023 valid_auc=0.608203 valid_rmse=0.498528 q_change=57 q_delta=0.207027 q_grad=0.000441
epoch=4 loss_total=1.027753 loss_rec=0.693821 valid_auc=0.628080 valid_rmse=0.497847 q_change=57 q_delta=0.254126 q_grad=0.000389
epoch=5 loss_total=1.005216 loss_rec=0.693637 valid_auc=0.648828 valid_rmse=0.495967 q_change=57 q_delta=0.290401 q_grad=0.000347
epoch=6 loss_total=0.983116 loss_rec=0.688561 valid_auc=0.662388 valid_rmse=0.494658 q_change=57 q_delta=0.317302 q_grad=0.000323
epoch=7 loss_total=0.961461 loss_rec=0.679399 valid_auc=0.661646 valid_rmse=0.491442 q_change=57 q_delta=0.336404 q_grad=0.000332
epoch=8 loss_total=0.942677 loss_rec=0.669018 valid_auc=0.658404 valid_rmse=0.486072 q_change=57 q_delta=0.348424 q_grad=0.000418
epoch=9 loss_total=0.925152 loss_rec=0.657078 valid_auc=0.663850 valid_rmse=0.480039 q_change=57 q_delta=0.357501 q_grad=0.000570
epoch=10 loss_total=0.919798 loss_rec=0.656428 valid_auc=0.664933 valid_rmse=0.479903 q_change=57 q_delta=0.364864 q_grad=0.000676
epoch=11 loss_total=0.912839 loss_rec=0.653028 valid_auc=0.667935 valid_rmse=0.478651 q_change=57 q_delta=0.371100 q_grad=0.000791
epoch=12 loss_total=0.900706 loss_rec=0.644039 valid_auc=0.670871 valid_rmse=0.479271 q_change=57 q_delta=0.375887 q_grad=0.000869
epoch=13 loss_total=0.895548 loss_rec=0.641454 valid_auc=0.672188 valid_rmse=0.476365 q_change=57 q_delta=0.380091 q_grad=0.000907
epoch=14 loss_total=0.892541 loss_rec=0.640366 valid_auc=0.672935 valid_rmse=0.477562 q_change=57 q_delta=0.382835 q_grad=0.001025
epoch=15 loss_total=0.888577 loss_rec=0.637981 valid_auc=0.674364 valid_rmse=0.475650 q_change=57 q_delta=0.385630 q_grad=0.001109
epoch=16 loss_total=0.887902 loss_rec=0.638593 valid_auc=0.678638 valid_rmse=0.475207 q_change=57 q_delta=0.387364 q_grad=0.001246
epoch=17 loss_total=0.884776 loss_rec=0.636556 valid_auc=0.680067 valid_rmse=0.475202 q_change=57 q_delta=0.388829 q_grad=0.001238
epoch=18 loss_total=0.877453 loss_rec=0.630004 valid_auc=0.682321 valid_rmse=0.474185 q_change=57 q_delta=0.389956 q_grad=0.001311
epoch=19 loss_total=0.874995 loss_rec=0.628309 valid_auc=0.683493 valid_rmse=0.474411 q_change=57 q_delta=0.390848 q_grad=0.001431
epoch=20 loss_total=0.872315 loss_rec=0.626107 valid_auc=0.686987 valid_rmse=0.472296 q_change=56 q_delta=0.391451 q_grad=0.001555
epoch=21 loss_total=0.867390 loss_rec=0.621590 valid_auc=0.687511 valid_rmse=0.473735 q_change=56 q_delta=0.392108 q_grad=0.001522
epoch=22 loss_total=0.864329 loss_rec=0.618760 valid_auc=0.689944 valid_rmse=0.472043 q_change=56 q_delta=0.392792 q_grad=0.001689
epoch=23 loss_total=0.860166 loss_rec=0.614821 valid_auc=0.687176 valid_rmse=0.471853 q_change=56 q_delta=0.393590 q_grad=0.001709
epoch=24 loss_total=0.854404 loss_rec=0.609303 valid_auc=0.687567 valid_rmse=0.472327 q_change=55 q_delta=0.394200 q_grad=0.001770
epoch=25 loss_total=0.855192 loss_rec=0.610390 valid_auc=0.687578 valid_rmse=0.472502 q_change=55 q_delta=0.394824 q_grad=0.001939
epoch=26 loss_total=0.852061 loss_rec=0.607447 valid_auc=0.688237 valid_rmse=0.473583 q_change=55 q_delta=0.395402 q_grad=0.001934
epoch=27 loss_total=0.847779 loss_rec=0.603354 valid_auc=0.689196 valid_rmse=0.474704 q_change=54 q_delta=0.395769 q_grad=0.001922
epoch=28 loss_total=0.849641 loss_rec=0.605505 valid_auc=0.688304 valid_rmse=0.473510 q_change=54 q_delta=0.396714 q_grad=0.002001
epoch=29 loss_total=0.842932 loss_rec=0.599057 valid_auc=0.691049 valid_rmse=0.473075 q_change=53 q_delta=0.397458 q_grad=0.002044
epoch=30 loss_total=0.842218 loss_rec=0.598527 valid_auc=0.692667 valid_rmse=0.473402 q_change=53 q_delta=0.398120 q_grad=0.002009
epoch=31 loss_total=0.838322 loss_rec=0.594787 valid_auc=0.692411 valid_rmse=0.473238 q_change=53 q_delta=0.398985 q_grad=0.002040
epoch=32 loss_total=0.839074 loss_rec=0.595771 valid_auc=0.695022 valid_rmse=0.473198 q_change=53 q_delta=0.399787 q_grad=0.002089
epoch=33 loss_total=0.836170 loss_rec=0.593025 valid_auc=0.693147 valid_rmse=0.471413 q_change=52 q_delta=0.400686 q_grad=0.002067
epoch=34 loss_total=0.835472 loss_rec=0.592518 valid_auc=0.691049 valid_rmse=0.471974 q_change=52 q_delta=0.401208 q_grad=0.002081
epoch=35 loss_total=0.834683 loss_rec=0.591894 valid_auc=0.695045 valid_rmse=0.470716 q_change=52 q_delta=0.402047 q_grad=0.002056
epoch=36 loss_total=0.828883 loss_rec=0.586147 valid_auc=0.695737 valid_rmse=0.471472 q_change=52 q_delta=0.402528 q_grad=0.002126
epoch=37 loss_total=0.823568 loss_rec=0.580919 valid_auc=0.695190 valid_rmse=0.472419 q_change=52 q_delta=0.403169 q_grad=0.002136
epoch=38 loss_total=0.820904 loss_rec=0.578407 valid_auc=0.695804 valid_rmse=0.473527 q_change=52 q_delta=0.403756 q_grad=0.002256
epoch=39 loss_total=0.821919 loss_rec=0.579522 valid_auc=0.695469 valid_rmse=0.470965 q_change=52 q_delta=0.404544 q_grad=0.002203
epoch=40 loss_total=0.816606 loss_rec=0.574361 valid_auc=0.695212 valid_rmse=0.471902 q_change=52 q_delta=0.404929 q_grad=0.002264
epoch=41 loss_total=0.811506 loss_rec=0.569427 valid_auc=0.696685 valid_rmse=0.473337 q_change=51 q_delta=0.405355 q_grad=0.002284
epoch=42 loss_total=0.813125 loss_rec=0.571163 valid_auc=0.693158 valid_rmse=0.472906 q_change=51 q_delta=0.406148 q_grad=0.002406
epoch=43 loss_total=0.807448 loss_rec=0.565552 valid_auc=0.694107 valid_rmse=0.473532 q_change=51 q_delta=0.406581 q_grad=0.002385
epoch=44 loss_total=0.805979 loss_rec=0.564220 valid_auc=0.692600 valid_rmse=0.474719 q_change=51 q_delta=0.407360 q_grad=0.002473
epoch=45 loss_total=0.800668 loss_rec=0.559067 valid_auc=0.692846 valid_rmse=0.478639 q_change=51 q_delta=0.407713 q_grad=0.002529
epoch=46 loss_total=0.800327 loss_rec=0.558790 valid_auc=0.695737 valid_rmse=0.472601 q_change=51 q_delta=0.408459 q_grad=0.002516
epoch=47 loss_total=0.795700 loss_rec=0.554300 valid_auc=0.693806 valid_rmse=0.475638 q_change=51 q_delta=0.408817 q_grad=0.002532
epoch=48 loss_total=0.792693 loss_rec=0.551398 valid_auc=0.693694 valid_rmse=0.474177 q_change=51 q_delta=0.409283 q_grad=0.002655
epoch=49 loss_total=0.788043 loss_rec=0.546823 valid_auc=0.695257 valid_rmse=0.473791 q_change=51 q_delta=0.409540 q_grad=0.002684
epoch=50 loss_total=0.783606 loss_rec=0.542460 valid_auc=0.692489 valid_rmse=0.475890 q_change=51 q_delta=0.409852 q_grad=0.002676
epoch=51 loss_total=0.781810 loss_rec=0.540795 valid_auc=0.695212 valid_rmse=0.477630 q_change=51 q_delta=0.409985 q_grad=0.002788
epoch=52 loss_total=0.782304 loss_rec=0.541410 valid_auc=0.694074 valid_rmse=0.475439 q_change=50 q_delta=0.410406 q_grad=0.002831
epoch=53 loss_total=0.782418 loss_rec=0.541573 valid_auc=0.695748 valid_rmse=0.474665 q_change=50 q_delta=0.410567 q_grad=0.002878
epoch=54 loss_total=0.773637 loss_rec=0.532883 valid_auc=0.691652 valid_rmse=0.477275 q_change=50 q_delta=0.410661 q_grad=0.002903
epoch=55 loss_total=0.769454 loss_rec=0.528771 valid_auc=0.697556 valid_rmse=0.474235 q_change=50 q_delta=0.410916 q_grad=0.002893
epoch=56 loss_total=0.769357 loss_rec=0.528724 valid_auc=0.692054 valid_rmse=0.476814 q_change=50 q_delta=0.411143 q_grad=0.003010
epoch=57 loss_total=0.766760 loss_rec=0.526187 valid_auc=0.691830 valid_rmse=0.478945 q_change=50 q_delta=0.411398 q_grad=0.003124
epoch=58 loss_total=0.758932 loss_rec=0.518420 valid_auc=0.692589 valid_rmse=0.481953 q_change=50 q_delta=0.411524 q_grad=0.003063
epoch=59 loss_total=0.759690 loss_rec=0.519281 valid_auc=0.693795 valid_rmse=0.477147 q_change=50 q_delta=0.411835 q_grad=0.003093
epoch=60 loss_total=0.758146 loss_rec=0.517792 valid_auc=0.693203 valid_rmse=0.477855 q_change=50 q_delta=0.411949 q_grad=0.003111
epoch=61 loss_total=0.754271 loss_rec=0.513927 valid_auc=0.691295 valid_rmse=0.478404 q_change=50 q_delta=0.412093 q_grad=0.003254
epoch=62 loss_total=0.750469 loss_rec=0.510250 valid_auc=0.692656 valid_rmse=0.478552 q_change=50 q_delta=0.412181 q_grad=0.003202
epoch=63 loss_total=0.750358 loss_rec=0.510166 valid_auc=0.690234 valid_rmse=0.479461 q_change=50 q_delta=0.412245 q_grad=0.003318
epoch=64 loss_total=0.750742 loss_rec=0.510575 valid_auc=0.693080 valid_rmse=0.482914 q_change=50 q_delta=0.412137 q_grad=0.003344
epoch=65 loss_total=0.744571 loss_rec=0.504434 valid_auc=0.691395 valid_rmse=0.479513 q_change=50 q_delta=0.412322 q_grad=0.003196
epoch=66 loss_total=0.746068 loss_rec=0.505985 valid_auc=0.689375 valid_rmse=0.481355 q_change=50 q_delta=0.412323 q_grad=0.003448
epoch=67 loss_total=0.746512 loss_rec=0.506469 valid_auc=0.690078 valid_rmse=0.482009 q_change=50 q_delta=0.412337 q_grad=0.003464
epoch=68 loss_total=0.737633 loss_rec=0.497645 valid_auc=0.689554 valid_rmse=0.486089 q_change=50 q_delta=0.412152 q_grad=0.003377
epoch=69 loss_total=0.735259 loss_rec=0.495263 valid_auc=0.690000 valid_rmse=0.489010 q_change=50 q_delta=0.412204 q_grad=0.003562
epoch=70 loss_total=0.733043 loss_rec=0.493103 valid_auc=0.687857 valid_rmse=0.482622 q_change=50 q_delta=0.412319 q_grad=0.003620
epoch=71 loss_total=0.734433 loss_rec=0.494551 valid_auc=0.690435 valid_rmse=0.482106 q_change=50 q_delta=0.412240 q_grad=0.003547
epoch=72 loss_total=0.732551 loss_rec=0.492649 valid_auc=0.688493 valid_rmse=0.482221 q_change=50 q_delta=0.412303 q_grad=0.003605
epoch=73 loss_total=0.726203 loss_rec=0.486337 valid_auc=0.684844 valid_rmse=0.485369 q_change=50 q_delta=0.412242 q_grad=0.003650
epoch=74 loss_total=0.732708 loss_rec=0.492870 valid_auc=0.685179 valid_rmse=0.484792 q_change=50 q_delta=0.412272 q_grad=0.003606
epoch=75 loss_total=0.729184 loss_rec=0.489350 valid_auc=0.684353 valid_rmse=0.492305 q_change=49 q_delta=0.412023 q_grad=0.003621
Early stopping at epoch 75; best_epoch=55.
Saved run to C:\Users\YAN_SHU_YU\Desktop\Generative-CD\Q_GNCDM\results\weak_q_lambda_sweep\lq_0p9_ls_0p5_lb_0p9\seed_2026\noise_0.20\weak-q_lq_0p9_ls_0p5_lb_0p9
Final metrics: q_hat_f1=0.222222 response_auc=0.683492 mastery_pearson=0.438451
