run=weak-q_lq_0p9_ls_0p6_lb_0p4 mode=weak-q noise=0.20 train=4200 valid=600 test=1200
epoch=1 loss_total=1.085705 loss_rec=0.725656 valid_auc=0.587779 valid_rmse=0.499751 q_change=57 q_delta=0.077515 q_grad=0.000581
epoch=2 loss_total=1.026811 loss_rec=0.705818 valid_auc=0.594509 valid_rmse=0.499269 q_change=57 q_delta=0.142002 q_grad=0.000462
epoch=3 loss_total=0.992909 loss_rec=0.699625 valid_auc=0.608047 valid_rmse=0.498365 q_change=57 q_delta=0.193012 q_grad=0.000372
epoch=4 loss_total=0.966635 loss_rec=0.692774 valid_auc=0.627924 valid_rmse=0.497339 q_change=57 q_delta=0.232644 q_grad=0.000308
epoch=5 loss_total=0.951816 loss_rec=0.691175 valid_auc=0.649118 valid_rmse=0.494604 q_change=57 q_delta=0.261902 q_grad=0.000284
epoch=6 loss_total=0.934246 loss_rec=0.682333 valid_auc=0.662623 valid_rmse=0.490967 q_change=57 q_delta=0.281657 q_grad=0.000306
epoch=7 loss_total=0.911264 loss_rec=0.664528 valid_auc=0.664442 valid_rmse=0.484084 q_change=57 q_delta=0.293134 q_grad=0.000411
epoch=8 loss_total=0.892814 loss_rec=0.648703 valid_auc=0.667355 valid_rmse=0.479918 q_change=57 q_delta=0.299979 q_grad=0.000636
epoch=9 loss_total=0.880889 loss_rec=0.638828 valid_auc=0.678382 valid_rmse=0.474843 q_change=57 q_delta=0.305973 q_grad=0.000828
epoch=10 loss_total=0.879559 loss_rec=0.639386 valid_auc=0.678571 valid_rmse=0.475415 q_change=57 q_delta=0.310137 q_grad=0.000943
epoch=11 loss_total=0.874531 loss_rec=0.635459 valid_auc=0.682042 valid_rmse=0.473412 q_change=57 q_delta=0.313759 q_grad=0.001104
epoch=12 loss_total=0.863072 loss_rec=0.624964 valid_auc=0.683404 valid_rmse=0.474477 q_change=57 q_delta=0.315987 q_grad=0.001207
epoch=13 loss_total=0.858302 loss_rec=0.621008 valid_auc=0.683270 valid_rmse=0.472757 q_change=57 q_delta=0.318745 q_grad=0.001258
epoch=14 loss_total=0.857558 loss_rec=0.620811 valid_auc=0.682567 valid_rmse=0.474561 q_change=57 q_delta=0.320138 q_grad=0.001372
epoch=15 loss_total=0.852921 loss_rec=0.616617 valid_auc=0.683393 valid_rmse=0.473173 q_change=56 q_delta=0.322171 q_grad=0.001445
epoch=16 loss_total=0.853741 loss_rec=0.617771 valid_auc=0.684911 valid_rmse=0.473587 q_change=56 q_delta=0.323946 q_grad=0.001557
epoch=17 loss_total=0.849654 loss_rec=0.614099 valid_auc=0.683192 valid_rmse=0.473614 q_change=54 q_delta=0.325862 q_grad=0.001495
epoch=18 loss_total=0.843473 loss_rec=0.608157 valid_auc=0.684710 valid_rmse=0.473296 q_change=54 q_delta=0.327695 q_grad=0.001534
epoch=19 loss_total=0.842003 loss_rec=0.607060 valid_auc=0.684509 valid_rmse=0.474485 q_change=52 q_delta=0.329786 q_grad=0.001636
epoch=20 loss_total=0.839170 loss_rec=0.604377 valid_auc=0.686205 valid_rmse=0.472738 q_change=51 q_delta=0.331940 q_grad=0.001718
epoch=21 loss_total=0.834039 loss_rec=0.599409 valid_auc=0.687344 valid_rmse=0.474233 q_change=51 q_delta=0.333761 q_grad=0.001643
epoch=22 loss_total=0.831455 loss_rec=0.596912 valid_auc=0.686629 valid_rmse=0.473963 q_change=51 q_delta=0.335978 q_grad=0.001780
epoch=23 loss_total=0.828756 loss_rec=0.594300 valid_auc=0.684319 valid_rmse=0.473877 q_change=50 q_delta=0.338387 q_grad=0.001747
epoch=24 loss_total=0.823286 loss_rec=0.588939 valid_auc=0.683605 valid_rmse=0.474670 q_change=50 q_delta=0.340398 q_grad=0.001786
epoch=25 loss_total=0.823371 loss_rec=0.589013 valid_auc=0.685547 valid_rmse=0.474644 q_change=50 q_delta=0.342428 q_grad=0.001909
epoch=26 loss_total=0.820035 loss_rec=0.585702 valid_auc=0.686685 valid_rmse=0.474888 q_change=50 q_delta=0.344382 q_grad=0.001898
epoch=27 loss_total=0.815542 loss_rec=0.581143 valid_auc=0.687232 valid_rmse=0.476596 q_change=50 q_delta=0.346162 q_grad=0.001887
epoch=28 loss_total=0.817896 loss_rec=0.583500 valid_auc=0.687734 valid_rmse=0.475147 q_change=49 q_delta=0.347901 q_grad=0.001994
epoch=29 loss_total=0.810316 loss_rec=0.575944 valid_auc=0.689922 valid_rmse=0.474583 q_change=49 q_delta=0.349332 q_grad=0.002004
epoch=30 loss_total=0.808021 loss_rec=0.573562 valid_auc=0.691652 valid_rmse=0.475516 q_change=49 q_delta=0.350552 q_grad=0.002031
epoch=31 loss_total=0.803276 loss_rec=0.568738 valid_auc=0.690424 valid_rmse=0.475533 q_change=49 q_delta=0.351949 q_grad=0.002049
epoch=32 loss_total=0.803220 loss_rec=0.568637 valid_auc=0.693616 valid_rmse=0.474836 q_change=49 q_delta=0.353526 q_grad=0.002112
epoch=33 loss_total=0.798181 loss_rec=0.563466 valid_auc=0.691473 valid_rmse=0.473624 q_change=48 q_delta=0.354866 q_grad=0.002133
epoch=34 loss_total=0.797156 loss_rec=0.562420 valid_auc=0.691217 valid_rmse=0.473768 q_change=47 q_delta=0.355814 q_grad=0.002132
epoch=35 loss_total=0.796531 loss_rec=0.561733 valid_auc=0.694743 valid_rmse=0.472410 q_change=47 q_delta=0.357017 q_grad=0.002147
epoch=36 loss_total=0.787975 loss_rec=0.553031 valid_auc=0.694386 valid_rmse=0.472662 q_change=47 q_delta=0.357619 q_grad=0.002233
epoch=37 loss_total=0.783165 loss_rec=0.548088 valid_auc=0.691819 valid_rmse=0.475491 q_change=46 q_delta=0.358398 q_grad=0.002243
epoch=38 loss_total=0.776979 loss_rec=0.541924 valid_auc=0.691942 valid_rmse=0.476332 q_change=46 q_delta=0.359177 q_grad=0.002361
epoch=39 loss_total=0.775911 loss_rec=0.540790 valid_auc=0.691853 valid_rmse=0.474543 q_change=46 q_delta=0.360513 q_grad=0.002345
epoch=40 loss_total=0.772680 loss_rec=0.537510 valid_auc=0.691562 valid_rmse=0.475650 q_change=46 q_delta=0.361288 q_grad=0.002429
epoch=41 loss_total=0.765451 loss_rec=0.530317 valid_auc=0.691429 valid_rmse=0.478189 q_change=46 q_delta=0.362112 q_grad=0.002425
epoch=42 loss_total=0.767996 loss_rec=0.532868 valid_auc=0.688449 valid_rmse=0.477122 q_change=47 q_delta=0.363164 q_grad=0.002582
epoch=43 loss_total=0.761557 loss_rec=0.526414 valid_auc=0.690904 valid_rmse=0.477942 q_change=46 q_delta=0.363714 q_grad=0.002558
epoch=44 loss_total=0.759032 loss_rec=0.523914 valid_auc=0.690246 valid_rmse=0.477398 q_change=45 q_delta=0.364506 q_grad=0.002593
epoch=45 loss_total=0.754181 loss_rec=0.519121 valid_auc=0.687801 valid_rmse=0.483097 q_change=45 q_delta=0.364897 q_grad=0.002597
epoch=46 loss_total=0.753820 loss_rec=0.518723 valid_auc=0.694643 valid_rmse=0.476723 q_change=45 q_delta=0.365858 q_grad=0.002641
epoch=47 loss_total=0.750426 loss_rec=0.515371 valid_auc=0.690513 valid_rmse=0.480339 q_change=45 q_delta=0.366401 q_grad=0.002631
epoch=48 loss_total=0.749103 loss_rec=0.514121 valid_auc=0.690480 valid_rmse=0.479564 q_change=45 q_delta=0.367208 q_grad=0.002704
epoch=49 loss_total=0.743641 loss_rec=0.508721 valid_auc=0.692065 valid_rmse=0.477812 q_change=44 q_delta=0.367562 q_grad=0.002695
epoch=50 loss_total=0.738969 loss_rec=0.504101 valid_auc=0.690446 valid_rmse=0.481723 q_change=44 q_delta=0.368130 q_grad=0.002702
epoch=51 loss_total=0.739805 loss_rec=0.505063 valid_auc=0.690658 valid_rmse=0.482283 q_change=43 q_delta=0.368586 q_grad=0.002792
epoch=52 loss_total=0.741167 loss_rec=0.506496 valid_auc=0.689978 valid_rmse=0.480686 q_change=43 q_delta=0.369167 q_grad=0.002809
epoch=53 loss_total=0.742317 loss_rec=0.507703 valid_auc=0.690301 valid_rmse=0.479728 q_change=43 q_delta=0.369519 q_grad=0.002816
epoch=54 loss_total=0.735701 loss_rec=0.501091 valid_auc=0.688214 valid_rmse=0.481709 q_change=42 q_delta=0.369832 q_grad=0.002840
epoch=55 loss_total=0.731400 loss_rec=0.496894 valid_auc=0.695491 valid_rmse=0.478045 q_change=41 q_delta=0.370245 q_grad=0.002780
epoch=56 loss_total=0.731730 loss_rec=0.497278 valid_auc=0.691094 valid_rmse=0.481073 q_change=41 q_delta=0.370465 q_grad=0.002844
epoch=57 loss_total=0.731339 loss_rec=0.496931 valid_auc=0.688638 valid_rmse=0.483975 q_change=41 q_delta=0.370778 q_grad=0.002945
epoch=58 loss_total=0.724501 loss_rec=0.490150 valid_auc=0.689152 valid_rmse=0.484548 q_change=41 q_delta=0.371194 q_grad=0.002867
epoch=59 loss_total=0.723399 loss_rec=0.489181 valid_auc=0.694152 valid_rmse=0.479913 q_change=40 q_delta=0.371606 q_grad=0.002862
epoch=60 loss_total=0.725290 loss_rec=0.491134 valid_auc=0.692768 valid_rmse=0.481688 q_change=39 q_delta=0.371897 q_grad=0.002889
epoch=61 loss_total=0.723477 loss_rec=0.489330 valid_auc=0.690201 valid_rmse=0.481789 q_change=39 q_delta=0.372287 q_grad=0.002984
epoch=62 loss_total=0.719011 loss_rec=0.484984 valid_auc=0.693393 valid_rmse=0.481420 q_change=39 q_delta=0.372554 q_grad=0.002907
epoch=63 loss_total=0.719581 loss_rec=0.485595 valid_auc=0.691908 valid_rmse=0.482164 q_change=39 q_delta=0.372865 q_grad=0.003020
epoch=64 loss_total=0.718755 loss_rec=0.484826 valid_auc=0.693594 valid_rmse=0.484975 q_change=39 q_delta=0.373010 q_grad=0.002985
epoch=65 loss_total=0.716204 loss_rec=0.482325 valid_auc=0.692121 valid_rmse=0.482593 q_change=39 q_delta=0.373456 q_grad=0.002878
epoch=66 loss_total=0.716484 loss_rec=0.482647 valid_auc=0.690145 valid_rmse=0.483748 q_change=38 q_delta=0.373726 q_grad=0.003066
epoch=67 loss_total=0.716363 loss_rec=0.482576 valid_auc=0.690647 valid_rmse=0.484591 q_change=38 q_delta=0.374037 q_grad=0.003046
epoch=68 loss_total=0.708247 loss_rec=0.474506 valid_auc=0.693371 valid_rmse=0.486014 q_change=38 q_delta=0.374296 q_grad=0.003045
epoch=69 loss_total=0.706858 loss_rec=0.473140 valid_auc=0.691752 valid_rmse=0.490259 q_change=38 q_delta=0.374650 q_grad=0.003100
epoch=70 loss_total=0.703922 loss_rec=0.470244 valid_auc=0.691618 valid_rmse=0.484454 q_change=38 q_delta=0.375232 q_grad=0.003147
epoch=71 loss_total=0.704587 loss_rec=0.471004 valid_auc=0.694464 valid_rmse=0.483597 q_change=38 q_delta=0.375668 q_grad=0.003076
epoch=72 loss_total=0.705091 loss_rec=0.471495 valid_auc=0.691350 valid_rmse=0.484870 q_change=38 q_delta=0.376017 q_grad=0.003126
epoch=73 loss_total=0.698352 loss_rec=0.464787 valid_auc=0.689587 valid_rmse=0.487585 q_change=37 q_delta=0.376461 q_grad=0.003167
epoch=74 loss_total=0.704097 loss_rec=0.470604 valid_auc=0.691451 valid_rmse=0.485974 q_change=36 q_delta=0.377076 q_grad=0.003134
epoch=75 loss_total=0.702328 loss_rec=0.468852 valid_auc=0.688683 valid_rmse=0.491336 q_change=37 q_delta=0.377218 q_grad=0.003174
Early stopping at epoch 75; best_epoch=55.
Saved run to C:\Users\YAN_SHU_YU\Desktop\Generative-CD\Q_GNCDM\results\weak_q_lambda_sweep\lq_0p9_ls_0p6_lb_0p4\seed_2026\noise_0.20\weak-q_lq_0p9_ls_0p6_lb_0p4
Final metrics: q_hat_f1=0.416667 response_auc=0.684798 mastery_pearson=0.527845
