run=weak-q_lq_0p6_ls_0p7_lb_0p8 mode=weak-q noise=0.20 train=4200 valid=600 test=1200
epoch=1 loss_total=1.225493 loss_rec=0.725667 valid_auc=0.587573 valid_rmse=0.499759 q_change=57 q_delta=0.079728 q_grad=0.000758
epoch=2 loss_total=1.146832 loss_rec=0.706023 valid_auc=0.593404 valid_rmse=0.499361 q_change=57 q_delta=0.152164 q_grad=0.000720
epoch=3 loss_total=1.087563 loss_rec=0.700332 valid_auc=0.604643 valid_rmse=0.498700 q_change=57 q_delta=0.213815 q_grad=0.000663
epoch=4 loss_total=1.035897 loss_rec=0.694544 valid_auc=0.620787 valid_rmse=0.498254 q_change=57 q_delta=0.263810 q_grad=0.000592
epoch=5 loss_total=0.999327 loss_rec=0.695081 valid_auc=0.640815 valid_rmse=0.496818 q_change=57 q_delta=0.302693 q_grad=0.000515
epoch=6 loss_total=0.966669 loss_rec=0.691602 valid_auc=0.656350 valid_rmse=0.496532 q_change=57 q_delta=0.332301 q_grad=0.000447
epoch=7 loss_total=0.938854 loss_rec=0.686295 valid_auc=0.657734 valid_rmse=0.495646 q_change=57 q_delta=0.354721 q_grad=0.000394
epoch=8 loss_total=0.918360 loss_rec=0.682805 valid_auc=0.651752 valid_rmse=0.493737 q_change=57 q_delta=0.371159 q_grad=0.000362
epoch=9 loss_total=0.900043 loss_rec=0.676961 valid_auc=0.654487 valid_rmse=0.488436 q_change=57 q_delta=0.383242 q_grad=0.000386
epoch=10 loss_total=0.886748 loss_rec=0.672958 valid_auc=0.656228 valid_rmse=0.485819 q_change=57 q_delta=0.391861 q_grad=0.000438
epoch=11 loss_total=0.873761 loss_rec=0.666652 valid_auc=0.655748 valid_rmse=0.483601 q_change=57 q_delta=0.398864 q_grad=0.000534
epoch=12 loss_total=0.857694 loss_rec=0.656519 valid_auc=0.659632 valid_rmse=0.484117 q_change=57 q_delta=0.404846 q_grad=0.000611
epoch=13 loss_total=0.850548 loss_rec=0.654536 valid_auc=0.661049 valid_rmse=0.480489 q_change=57 q_delta=0.410045 q_grad=0.000628
epoch=14 loss_total=0.845012 loss_rec=0.653076 valid_auc=0.664141 valid_rmse=0.481819 q_change=57 q_delta=0.414083 q_grad=0.000697
epoch=15 loss_total=0.840637 loss_rec=0.652260 valid_auc=0.661607 valid_rmse=0.480243 q_change=57 q_delta=0.417891 q_grad=0.000730
epoch=16 loss_total=0.838012 loss_rec=0.652583 valid_auc=0.662589 valid_rmse=0.480305 q_change=57 q_delta=0.420873 q_grad=0.000800
epoch=17 loss_total=0.835567 loss_rec=0.652811 valid_auc=0.665212 valid_rmse=0.480883 q_change=57 q_delta=0.423508 q_grad=0.000774
epoch=18 loss_total=0.828533 loss_rec=0.648059 valid_auc=0.666585 valid_rmse=0.480360 q_change=57 q_delta=0.425916 q_grad=0.000794
epoch=19 loss_total=0.824964 loss_rec=0.646510 valid_auc=0.665658 valid_rmse=0.480155 q_change=57 q_delta=0.427965 q_grad=0.000841
epoch=20 loss_total=0.823717 loss_rec=0.646977 valid_auc=0.669531 valid_rmse=0.478805 q_change=57 q_delta=0.429903 q_grad=0.000914
epoch=21 loss_total=0.819655 loss_rec=0.644570 valid_auc=0.668382 valid_rmse=0.479666 q_change=57 q_delta=0.431383 q_grad=0.000869
epoch=22 loss_total=0.818900 loss_rec=0.645155 valid_auc=0.668270 valid_rmse=0.478627 q_change=57 q_delta=0.432831 q_grad=0.000940
epoch=23 loss_total=0.814903 loss_rec=0.642414 valid_auc=0.666786 valid_rmse=0.478409 q_change=57 q_delta=0.434220 q_grad=0.000947
epoch=24 loss_total=0.810519 loss_rec=0.639218 valid_auc=0.668147 valid_rmse=0.478867 q_change=57 q_delta=0.435351 q_grad=0.000983
epoch=25 loss_total=0.812761 loss_rec=0.642430 valid_auc=0.667076 valid_rmse=0.478302 q_change=57 q_delta=0.436335 q_grad=0.001066
epoch=26 loss_total=0.810237 loss_rec=0.640810 valid_auc=0.667277 valid_rmse=0.478771 q_change=57 q_delta=0.437252 q_grad=0.001078
epoch=27 loss_total=0.808228 loss_rec=0.639556 valid_auc=0.669129 valid_rmse=0.478155 q_change=57 q_delta=0.438055 q_grad=0.001084
epoch=28 loss_total=0.808704 loss_rec=0.640772 valid_auc=0.670759 valid_rmse=0.477538 q_change=57 q_delta=0.438840 q_grad=0.001134
epoch=29 loss_total=0.805961 loss_rec=0.638684 valid_auc=0.672031 valid_rmse=0.477404 q_change=57 q_delta=0.439512 q_grad=0.001188
epoch=30 loss_total=0.806961 loss_rec=0.640286 valid_auc=0.672924 valid_rmse=0.477812 q_change=57 q_delta=0.440064 q_grad=0.001189
epoch=31 loss_total=0.803216 loss_rec=0.637005 valid_auc=0.673817 valid_rmse=0.476889 q_change=57 q_delta=0.440658 q_grad=0.001221
epoch=32 loss_total=0.804952 loss_rec=0.639245 valid_auc=0.675268 valid_rmse=0.477649 q_change=57 q_delta=0.441075 q_grad=0.001277
epoch=33 loss_total=0.803746 loss_rec=0.638406 valid_auc=0.674085 valid_rmse=0.476390 q_change=57 q_delta=0.441709 q_grad=0.001272
epoch=34 loss_total=0.802838 loss_rec=0.637953 valid_auc=0.673460 valid_rmse=0.476072 q_change=57 q_delta=0.442044 q_grad=0.001305
epoch=35 loss_total=0.804426 loss_rec=0.639897 valid_auc=0.674732 valid_rmse=0.475603 q_change=57 q_delta=0.442405 q_grad=0.001306
epoch=36 loss_total=0.801011 loss_rec=0.636789 valid_auc=0.675770 valid_rmse=0.476727 q_change=57 q_delta=0.442642 q_grad=0.001354
epoch=37 loss_total=0.796491 loss_rec=0.632557 valid_auc=0.677109 valid_rmse=0.475900 q_change=57 q_delta=0.442950 q_grad=0.001388
epoch=38 loss_total=0.795401 loss_rec=0.631704 valid_auc=0.677545 valid_rmse=0.476992 q_change=57 q_delta=0.443181 q_grad=0.001491
epoch=39 loss_total=0.798851 loss_rec=0.635412 valid_auc=0.677277 valid_rmse=0.475334 q_change=57 q_delta=0.443563 q_grad=0.001472
epoch=40 loss_total=0.795281 loss_rec=0.632105 valid_auc=0.677667 valid_rmse=0.475557 q_change=57 q_delta=0.443746 q_grad=0.001524
epoch=41 loss_total=0.791479 loss_rec=0.628487 valid_auc=0.680268 valid_rmse=0.475681 q_change=57 q_delta=0.443874 q_grad=0.001543
epoch=42 loss_total=0.795983 loss_rec=0.633135 valid_auc=0.677612 valid_rmse=0.475997 q_change=57 q_delta=0.444067 q_grad=0.001602
epoch=43 loss_total=0.792614 loss_rec=0.629870 valid_auc=0.678203 valid_rmse=0.475545 q_change=57 q_delta=0.444120 q_grad=0.001575
epoch=44 loss_total=0.792988 loss_rec=0.630352 valid_auc=0.678426 valid_rmse=0.475744 q_change=57 q_delta=0.444245 q_grad=0.001646
epoch=45 loss_total=0.790840 loss_rec=0.628302 valid_auc=0.680379 valid_rmse=0.477052 q_change=57 q_delta=0.444241 q_grad=0.001697
epoch=46 loss_total=0.792321 loss_rec=0.629793 valid_auc=0.680937 valid_rmse=0.474118 q_change=57 q_delta=0.444298 q_grad=0.001683
epoch=47 loss_total=0.789572 loss_rec=0.627058 valid_auc=0.683817 valid_rmse=0.474331 q_change=57 q_delta=0.444161 q_grad=0.001716
epoch=48 loss_total=0.790614 loss_rec=0.628019 valid_auc=0.685781 valid_rmse=0.473295 q_change=57 q_delta=0.444054 q_grad=0.001749
epoch=49 loss_total=0.788289 loss_rec=0.625549 valid_auc=0.685759 valid_rmse=0.473402 q_change=57 q_delta=0.443817 q_grad=0.001792
epoch=50 loss_total=0.783983 loss_rec=0.621137 valid_auc=0.683214 valid_rmse=0.474104 q_change=57 q_delta=0.443557 q_grad=0.001732
epoch=51 loss_total=0.784504 loss_rec=0.621505 valid_auc=0.686183 valid_rmse=0.475345 q_change=56 q_delta=0.443360 q_grad=0.001870
epoch=52 loss_total=0.784804 loss_rec=0.621672 valid_auc=0.684766 valid_rmse=0.473552 q_change=56 q_delta=0.443864 q_grad=0.001884
epoch=53 loss_total=0.785975 loss_rec=0.622764 valid_auc=0.687467 valid_rmse=0.472751 q_change=56 q_delta=0.444204 q_grad=0.001869
epoch=54 loss_total=0.777802 loss_rec=0.614541 valid_auc=0.686853 valid_rmse=0.474170 q_change=56 q_delta=0.444398 q_grad=0.001851
epoch=55 loss_total=0.777889 loss_rec=0.614568 valid_auc=0.689085 valid_rmse=0.472456 q_change=56 q_delta=0.444578 q_grad=0.001895
epoch=56 loss_total=0.779737 loss_rec=0.616423 valid_auc=0.685458 valid_rmse=0.472944 q_change=56 q_delta=0.444769 q_grad=0.001961
epoch=57 loss_total=0.778406 loss_rec=0.615075 valid_auc=0.688025 valid_rmse=0.474558 q_change=56 q_delta=0.444739 q_grad=0.001994
epoch=58 loss_total=0.774571 loss_rec=0.611215 valid_auc=0.686730 valid_rmse=0.474465 q_change=56 q_delta=0.444891 q_grad=0.001956
epoch=59 loss_total=0.774759 loss_rec=0.611509 valid_auc=0.687232 valid_rmse=0.472665 q_change=56 q_delta=0.445033 q_grad=0.001980
epoch=60 loss_total=0.774180 loss_rec=0.610929 valid_auc=0.689877 valid_rmse=0.472737 q_change=56 q_delta=0.445037 q_grad=0.002004
epoch=61 loss_total=0.773816 loss_rec=0.610537 valid_auc=0.689431 valid_rmse=0.473023 q_change=56 q_delta=0.445083 q_grad=0.002037
epoch=62 loss_total=0.772822 loss_rec=0.609606 valid_auc=0.688449 valid_rmse=0.472300 q_change=56 q_delta=0.445185 q_grad=0.001984
epoch=63 loss_total=0.773969 loss_rec=0.610742 valid_auc=0.687679 valid_rmse=0.473002 q_change=56 q_delta=0.445131 q_grad=0.001986
epoch=64 loss_total=0.776643 loss_rec=0.613483 valid_auc=0.691652 valid_rmse=0.474216 q_change=56 q_delta=0.445138 q_grad=0.002053
epoch=65 loss_total=0.770261 loss_rec=0.607077 valid_auc=0.690413 valid_rmse=0.471652 q_change=55 q_delta=0.445214 q_grad=0.001942
epoch=66 loss_total=0.771388 loss_rec=0.608214 valid_auc=0.692746 valid_rmse=0.471990 q_change=55 q_delta=0.445134 q_grad=0.002055
epoch=67 loss_total=0.773553 loss_rec=0.610349 valid_auc=0.689587 valid_rmse=0.473280 q_change=55 q_delta=0.445095 q_grad=0.002014
epoch=68 loss_total=0.769429 loss_rec=0.606190 valid_auc=0.693114 valid_rmse=0.472895 q_change=55 q_delta=0.444988 q_grad=0.002025
epoch=69 loss_total=0.765907 loss_rec=0.602614 valid_auc=0.696183 valid_rmse=0.477442 q_change=55 q_delta=0.444857 q_grad=0.002081
epoch=70 loss_total=0.766085 loss_rec=0.602726 valid_auc=0.693036 valid_rmse=0.471275 q_change=55 q_delta=0.444993 q_grad=0.002068
epoch=71 loss_total=0.767634 loss_rec=0.604233 valid_auc=0.693929 valid_rmse=0.471137 q_change=54 q_delta=0.444948 q_grad=0.002065
epoch=72 loss_total=0.765889 loss_rec=0.602397 valid_auc=0.692790 valid_rmse=0.471894 q_change=54 q_delta=0.444970 q_grad=0.002086
epoch=73 loss_total=0.763172 loss_rec=0.599665 valid_auc=0.690725 valid_rmse=0.471901 q_change=54 q_delta=0.445380 q_grad=0.002125
epoch=74 loss_total=0.766020 loss_rec=0.602455 valid_auc=0.692210 valid_rmse=0.472201 q_change=54 q_delta=0.445711 q_grad=0.002072
epoch=75 loss_total=0.764256 loss_rec=0.600647 valid_auc=0.691886 valid_rmse=0.477274 q_change=54 q_delta=0.445976 q_grad=0.002064
epoch=76 loss_total=0.763721 loss_rec=0.600055 valid_auc=0.690402 valid_rmse=0.471893 q_change=54 q_delta=0.446341 q_grad=0.002061
epoch=77 loss_total=0.757443 loss_rec=0.593751 valid_auc=0.690569 valid_rmse=0.475313 q_change=54 q_delta=0.446528 q_grad=0.002051
epoch=78 loss_total=0.758828 loss_rec=0.595132 valid_auc=0.690525 valid_rmse=0.473292 q_change=54 q_delta=0.446777 q_grad=0.002215
epoch=79 loss_total=0.758245 loss_rec=0.594563 valid_auc=0.689821 valid_rmse=0.472933 q_change=54 q_delta=0.447002 q_grad=0.002288
epoch=80 loss_total=0.757307 loss_rec=0.593626 valid_auc=0.691060 valid_rmse=0.472445 q_change=54 q_delta=0.447218 q_grad=0.002209
epoch=81 loss_total=0.753874 loss_rec=0.590198 valid_auc=0.692254 valid_rmse=0.474123 q_change=54 q_delta=0.447380 q_grad=0.002280
epoch=82 loss_total=0.753857 loss_rec=0.590208 valid_auc=0.690134 valid_rmse=0.473878 q_change=54 q_delta=0.447515 q_grad=0.002314
epoch=83 loss_total=0.752147 loss_rec=0.588526 valid_auc=0.691038 valid_rmse=0.477388 q_change=54 q_delta=0.447656 q_grad=0.002294
epoch=84 loss_total=0.753032 loss_rec=0.589412 valid_auc=0.691507 valid_rmse=0.474195 q_change=54 q_delta=0.447875 q_grad=0.002358
epoch=85 loss_total=0.754254 loss_rec=0.590658 valid_auc=0.690179 valid_rmse=0.477954 q_change=54 q_delta=0.447885 q_grad=0.002390
epoch=86 loss_total=0.755896 loss_rec=0.592293 valid_auc=0.687991 valid_rmse=0.475387 q_change=54 q_delta=0.448024 q_grad=0.002373
epoch=87 loss_total=0.749856 loss_rec=0.586286 valid_auc=0.687455 valid_rmse=0.475803 q_change=54 q_delta=0.448134 q_grad=0.002329
epoch=88 loss_total=0.744318 loss_rec=0.580764 valid_auc=0.686842 valid_rmse=0.475811 q_change=54 q_delta=0.448226 q_grad=0.002406
epoch=89 loss_total=0.746209 loss_rec=0.582669 valid_auc=0.687422 valid_rmse=0.481099 q_change=54 q_delta=0.448265 q_grad=0.002459
Early stopping at epoch 89; best_epoch=69.
Saved run to C:\Users\YAN_SHU_YU\Desktop\Generative-CD\Q_GNCDM\results\weak_q_lambda_sweep\lq_0p6_ls_0p7_lb_0p8\seed_2026\noise_0.20\weak-q_lq_0p6_ls_0p7_lb_0p8
Final metrics: q_hat_f1=0.068966 response_auc=0.684303 mastery_pearson=0.293415
