run=weak-q_lq_0p7_ls_0p9_lb_0p05 mode=weak-q noise=0.20 train=4200 valid=600 test=1200
epoch=1 loss_total=1.130368 loss_rec=0.725660 valid_auc=0.587467 valid_rmse=0.499756 q_change=57 q_delta=0.078040 q_grad=0.000855
epoch=2 loss_total=1.052153 loss_rec=0.705884 valid_auc=0.593326 valid_rmse=0.499313 q_change=57 q_delta=0.144136 q_grad=0.000697
epoch=3 loss_total=1.003255 loss_rec=0.699871 valid_auc=0.604475 valid_rmse=0.498516 q_change=57 q_delta=0.197351 q_grad=0.000565
epoch=4 loss_total=0.965911 loss_rec=0.693419 valid_auc=0.621138 valid_rmse=0.497735 q_change=57 q_delta=0.239367 q_grad=0.000458
epoch=5 loss_total=0.943353 loss_rec=0.692725 valid_auc=0.641802 valid_rmse=0.495581 q_change=57 q_delta=0.271666 q_grad=0.000383
epoch=6 loss_total=0.921568 loss_rec=0.686385 valid_auc=0.657746 valid_rmse=0.493566 q_change=57 q_delta=0.295748 q_grad=0.000347
epoch=7 loss_total=0.898860 loss_rec=0.674273 valid_auc=0.659721 valid_rmse=0.488981 q_change=57 q_delta=0.312700 q_grad=0.000370
epoch=8 loss_total=0.878540 loss_rec=0.660569 valid_auc=0.658906 valid_rmse=0.483540 q_change=57 q_delta=0.323541 q_grad=0.000505
epoch=9 loss_total=0.862583 loss_rec=0.649082 valid_auc=0.669609 valid_rmse=0.477810 q_change=57 q_delta=0.332446 q_grad=0.000684
epoch=10 loss_total=0.858667 loss_rec=0.649059 valid_auc=0.670993 valid_rmse=0.477642 q_change=57 q_delta=0.339468 q_grad=0.000794
epoch=11 loss_total=0.852342 loss_rec=0.645471 valid_auc=0.674342 valid_rmse=0.475958 q_change=57 q_delta=0.345365 q_grad=0.000938
epoch=12 loss_total=0.839953 loss_rec=0.635448 valid_auc=0.678248 valid_rmse=0.476576 q_change=57 q_delta=0.349639 q_grad=0.001038
epoch=13 loss_total=0.834910 loss_rec=0.632297 valid_auc=0.680201 valid_rmse=0.473837 q_change=57 q_delta=0.353582 q_grad=0.001099
epoch=14 loss_total=0.833090 loss_rec=0.631835 valid_auc=0.679844 valid_rmse=0.475265 q_change=57 q_delta=0.356054 q_grad=0.001232
epoch=15 loss_total=0.828499 loss_rec=0.628354 valid_auc=0.680871 valid_rmse=0.473442 q_change=57 q_delta=0.358661 q_grad=0.001334
epoch=16 loss_total=0.828771 loss_rec=0.629502 valid_auc=0.683013 valid_rmse=0.473525 q_change=57 q_delta=0.360424 q_grad=0.001468
epoch=17 loss_total=0.825275 loss_rec=0.626859 valid_auc=0.682266 valid_rmse=0.473847 q_change=57 q_delta=0.362151 q_grad=0.001431
epoch=18 loss_total=0.818848 loss_rec=0.621028 valid_auc=0.683906 valid_rmse=0.473044 q_change=57 q_delta=0.363764 q_grad=0.001486
epoch=19 loss_total=0.817540 loss_rec=0.620450 valid_auc=0.683783 valid_rmse=0.474353 q_change=57 q_delta=0.365327 q_grad=0.001604
epoch=20 loss_total=0.815414 loss_rec=0.618762 valid_auc=0.686696 valid_rmse=0.472380 q_change=57 q_delta=0.366695 q_grad=0.001693
epoch=21 loss_total=0.811094 loss_rec=0.614895 valid_auc=0.686942 valid_rmse=0.474423 q_change=57 q_delta=0.367553 q_grad=0.001619
epoch=22 loss_total=0.809475 loss_rec=0.613594 valid_auc=0.686629 valid_rmse=0.473507 q_change=56 q_delta=0.368463 q_grad=0.001761
epoch=23 loss_total=0.807062 loss_rec=0.611470 valid_auc=0.684721 valid_rmse=0.473179 q_change=56 q_delta=0.369899 q_grad=0.001739
epoch=24 loss_total=0.802575 loss_rec=0.607258 valid_auc=0.683560 valid_rmse=0.473950 q_change=56 q_delta=0.371107 q_grad=0.001767
epoch=25 loss_total=0.804511 loss_rec=0.609415 valid_auc=0.684196 valid_rmse=0.473895 q_change=56 q_delta=0.372097 q_grad=0.001891
epoch=26 loss_total=0.801972 loss_rec=0.607085 valid_auc=0.685882 valid_rmse=0.474538 q_change=56 q_delta=0.373235 q_grad=0.001869
epoch=27 loss_total=0.798674 loss_rec=0.603841 valid_auc=0.687533 valid_rmse=0.475205 q_change=56 q_delta=0.374123 q_grad=0.001847
epoch=28 loss_total=0.801868 loss_rec=0.607265 valid_auc=0.685558 valid_rmse=0.474203 q_change=56 q_delta=0.375383 q_grad=0.001922
epoch=29 loss_total=0.796037 loss_rec=0.601601 valid_auc=0.688929 valid_rmse=0.473445 q_change=56 q_delta=0.376326 q_grad=0.001950
epoch=30 loss_total=0.795566 loss_rec=0.601166 valid_auc=0.690234 valid_rmse=0.473912 q_change=55 q_delta=0.376941 q_grad=0.001921
epoch=31 loss_total=0.791836 loss_rec=0.597315 valid_auc=0.689621 valid_rmse=0.473899 q_change=53 q_delta=0.377734 q_grad=0.001955
epoch=32 loss_total=0.793835 loss_rec=0.599364 valid_auc=0.691138 valid_rmse=0.473824 q_change=53 q_delta=0.378513 q_grad=0.002007
epoch=33 loss_total=0.791795 loss_rec=0.597311 valid_auc=0.689263 valid_rmse=0.471963 q_change=53 q_delta=0.379857 q_grad=0.001995
epoch=34 loss_total=0.790901 loss_rec=0.596432 valid_auc=0.687835 valid_rmse=0.472369 q_change=52 q_delta=0.380866 q_grad=0.001977
epoch=35 loss_total=0.790910 loss_rec=0.596447 valid_auc=0.691708 valid_rmse=0.471248 q_change=52 q_delta=0.381938 q_grad=0.001960
epoch=36 loss_total=0.785459 loss_rec=0.590746 valid_auc=0.693304 valid_rmse=0.472277 q_change=52 q_delta=0.382510 q_grad=0.002036
epoch=37 loss_total=0.780825 loss_rec=0.585963 valid_auc=0.692824 valid_rmse=0.472677 q_change=52 q_delta=0.383499 q_grad=0.002040
epoch=38 loss_total=0.779039 loss_rec=0.584201 valid_auc=0.692355 valid_rmse=0.474555 q_change=52 q_delta=0.384516 q_grad=0.002152
epoch=39 loss_total=0.780116 loss_rec=0.585163 valid_auc=0.691864 valid_rmse=0.471921 q_change=51 q_delta=0.385698 q_grad=0.002089
epoch=40 loss_total=0.775946 loss_rec=0.580902 valid_auc=0.693047 valid_rmse=0.472143 q_change=51 q_delta=0.386406 q_grad=0.002140
epoch=41 loss_total=0.771361 loss_rec=0.576239 valid_auc=0.693371 valid_rmse=0.473351 q_change=49 q_delta=0.387189 q_grad=0.002144
epoch=42 loss_total=0.773749 loss_rec=0.578456 valid_auc=0.689286 valid_rmse=0.473174 q_change=49 q_delta=0.388323 q_grad=0.002260
epoch=43 loss_total=0.768002 loss_rec=0.572501 valid_auc=0.691412 valid_rmse=0.473557 q_change=49 q_delta=0.388855 q_grad=0.002223
epoch=44 loss_total=0.767889 loss_rec=0.572315 valid_auc=0.688895 valid_rmse=0.474404 q_change=49 q_delta=0.390068 q_grad=0.002277
epoch=45 loss_total=0.762516 loss_rec=0.566869 valid_auc=0.689531 valid_rmse=0.478438 q_change=49 q_delta=0.390825 q_grad=0.002336
epoch=46 loss_total=0.762434 loss_rec=0.566613 valid_auc=0.692734 valid_rmse=0.472366 q_change=49 q_delta=0.392056 q_grad=0.002318
epoch=47 loss_total=0.758729 loss_rec=0.562798 valid_auc=0.690413 valid_rmse=0.475083 q_change=49 q_delta=0.392874 q_grad=0.002351
epoch=48 loss_total=0.755223 loss_rec=0.559188 valid_auc=0.690636 valid_rmse=0.474115 q_change=49 q_delta=0.393843 q_grad=0.002442
epoch=49 loss_total=0.751692 loss_rec=0.555580 valid_auc=0.692991 valid_rmse=0.472964 q_change=49 q_delta=0.394530 q_grad=0.002471
epoch=50 loss_total=0.745642 loss_rec=0.549393 valid_auc=0.690000 valid_rmse=0.475563 q_change=50 q_delta=0.395217 q_grad=0.002452
epoch=51 loss_total=0.744394 loss_rec=0.548164 valid_auc=0.691607 valid_rmse=0.476499 q_change=50 q_delta=0.395734 q_grad=0.002560
epoch=52 loss_total=0.745672 loss_rec=0.549388 valid_auc=0.689967 valid_rmse=0.475306 q_change=50 q_delta=0.396491 q_grad=0.002611
epoch=53 loss_total=0.745207 loss_rec=0.548835 valid_auc=0.691038 valid_rmse=0.473835 q_change=50 q_delta=0.397114 q_grad=0.002638
epoch=54 loss_total=0.736335 loss_rec=0.539868 valid_auc=0.685982 valid_rmse=0.477317 q_change=50 q_delta=0.397464 q_grad=0.002641
epoch=55 loss_total=0.732720 loss_rec=0.536263 valid_auc=0.692522 valid_rmse=0.474159 q_change=50 q_delta=0.397903 q_grad=0.002664
epoch=56 loss_total=0.732759 loss_rec=0.536259 valid_auc=0.686987 valid_rmse=0.477071 q_change=50 q_delta=0.398234 q_grad=0.002732
epoch=57 loss_total=0.730215 loss_rec=0.533680 valid_auc=0.686652 valid_rmse=0.479091 q_change=50 q_delta=0.398581 q_grad=0.002851
epoch=58 loss_total=0.724088 loss_rec=0.527555 valid_auc=0.686562 valid_rmse=0.480867 q_change=50 q_delta=0.399002 q_grad=0.002786
epoch=59 loss_total=0.723791 loss_rec=0.527383 valid_auc=0.690223 valid_rmse=0.476028 q_change=50 q_delta=0.399460 q_grad=0.002791
epoch=60 loss_total=0.722195 loss_rec=0.525841 valid_auc=0.688158 valid_rmse=0.477622 q_change=51 q_delta=0.399716 q_grad=0.002792
epoch=61 loss_total=0.719537 loss_rec=0.523107 valid_auc=0.685234 valid_rmse=0.478304 q_change=50 q_delta=0.400106 q_grad=0.002938
Early stopping at epoch 61; best_epoch=41.
Saved run to C:\Users\YAN_SHU_YU\Desktop\Generative-CD\Q_GNCDM\results\weak_q_lambda_sweep\lq_0p7_ls_0p9_lb_0p05\seed_2026\noise_0.20\weak-q_lq_0p7_ls_0p9_lb_0p05
Final metrics: q_hat_f1=0.250000 response_auc=0.690341 mastery_pearson=0.393627
