run=weak-q_lq_0p3_ls_0p6_lb_0p1 mode=weak-q noise=0.20 train=4200 valid=600 test=1200
epoch=1 loss_total=1.011314 loss_rec=0.725660 valid_auc=0.587712 valid_rmse=0.499754 q_change=57 q_delta=0.078429 q_grad=0.000588
epoch=2 loss_total=0.949186 loss_rec=0.705899 valid_auc=0.594375 valid_rmse=0.499303 q_change=57 q_delta=0.146418 q_grad=0.000508
epoch=3 loss_total=0.909272 loss_rec=0.699914 valid_auc=0.607634 valid_rmse=0.498496 q_change=57 q_delta=0.202370 q_grad=0.000437
epoch=4 loss_total=0.876429 loss_rec=0.693542 valid_auc=0.626629 valid_rmse=0.497734 q_change=57 q_delta=0.247181 q_grad=0.000375
epoch=5 loss_total=0.856008 loss_rec=0.693025 valid_auc=0.647511 valid_rmse=0.495657 q_change=57 q_delta=0.281623 q_grad=0.000333
epoch=6 loss_total=0.835420 loss_rec=0.687121 valid_auc=0.661429 valid_rmse=0.493839 q_change=57 q_delta=0.307026 q_grad=0.000316
epoch=7 loss_total=0.813850 loss_rec=0.675923 valid_auc=0.661350 valid_rmse=0.489536 q_change=57 q_delta=0.324623 q_grad=0.000346
epoch=8 loss_total=0.794465 loss_rec=0.663104 valid_auc=0.659900 valid_rmse=0.483912 q_change=57 q_delta=0.335528 q_grad=0.000475
epoch=9 loss_total=0.778493 loss_rec=0.651570 valid_auc=0.667333 valid_rmse=0.478484 q_change=57 q_delta=0.344459 q_grad=0.000649
epoch=10 loss_total=0.775038 loss_rec=0.652047 valid_auc=0.669196 valid_rmse=0.478584 q_change=57 q_delta=0.351634 q_grad=0.000756
epoch=11 loss_total=0.768860 loss_rec=0.648712 valid_auc=0.671328 valid_rmse=0.477199 q_change=57 q_delta=0.357643 q_grad=0.000885
epoch=12 loss_total=0.757219 loss_rec=0.639569 valid_auc=0.674487 valid_rmse=0.477815 q_change=57 q_delta=0.362126 q_grad=0.000976
epoch=13 loss_total=0.752363 loss_rec=0.636708 valid_auc=0.676825 valid_rmse=0.475040 q_change=57 q_delta=0.366156 q_grad=0.001025
epoch=14 loss_total=0.750138 loss_rec=0.635943 valid_auc=0.677400 valid_rmse=0.476355 q_change=57 q_delta=0.368705 q_grad=0.001156
epoch=15 loss_total=0.746246 loss_rec=0.633242 valid_auc=0.677935 valid_rmse=0.474577 q_change=57 q_delta=0.371402 q_grad=0.001253
epoch=16 loss_total=0.746251 loss_rec=0.634200 valid_auc=0.680725 valid_rmse=0.474411 q_change=57 q_delta=0.373095 q_grad=0.001394
epoch=17 loss_total=0.743137 loss_rec=0.631935 valid_auc=0.680301 valid_rmse=0.474476 q_change=57 q_delta=0.374658 q_grad=0.001372
epoch=18 loss_total=0.736375 loss_rec=0.625764 valid_auc=0.681886 valid_rmse=0.473775 q_change=57 q_delta=0.376005 q_grad=0.001438
epoch=19 loss_total=0.734811 loss_rec=0.624867 valid_auc=0.682377 valid_rmse=0.474554 q_change=57 q_delta=0.377258 q_grad=0.001559
epoch=20 loss_total=0.732636 loss_rec=0.623080 valid_auc=0.684788 valid_rmse=0.472675 q_change=57 q_delta=0.378281 q_grad=0.001665
epoch=21 loss_total=0.728344 loss_rec=0.619166 valid_auc=0.685290 valid_rmse=0.474398 q_change=56 q_delta=0.378866 q_grad=0.001605
epoch=22 loss_total=0.726293 loss_rec=0.617346 valid_auc=0.686540 valid_rmse=0.473217 q_change=56 q_delta=0.380037 q_grad=0.001759
epoch=23 loss_total=0.723538 loss_rec=0.614838 valid_auc=0.684743 valid_rmse=0.473051 q_change=56 q_delta=0.381448 q_grad=0.001750
epoch=24 loss_total=0.718697 loss_rec=0.610235 valid_auc=0.683292 valid_rmse=0.473747 q_change=56 q_delta=0.382453 q_grad=0.001780
epoch=25 loss_total=0.720572 loss_rec=0.612392 valid_auc=0.684397 valid_rmse=0.473691 q_change=56 q_delta=0.383293 q_grad=0.001915
epoch=26 loss_total=0.718057 loss_rec=0.610098 valid_auc=0.686016 valid_rmse=0.474427 q_change=56 q_delta=0.384168 q_grad=0.001893
epoch=27 loss_total=0.714740 loss_rec=0.606939 valid_auc=0.687500 valid_rmse=0.474967 q_change=56 q_delta=0.384827 q_grad=0.001871
epoch=28 loss_total=0.717538 loss_rec=0.610022 valid_auc=0.686038 valid_rmse=0.474133 q_change=55 q_delta=0.385865 q_grad=0.001941
epoch=29 loss_total=0.711729 loss_rec=0.604477 valid_auc=0.689174 valid_rmse=0.473257 q_change=55 q_delta=0.386593 q_grad=0.001968
epoch=30 loss_total=0.711441 loss_rec=0.604330 valid_auc=0.691016 valid_rmse=0.473722 q_change=55 q_delta=0.387075 q_grad=0.001929
epoch=31 loss_total=0.707770 loss_rec=0.600734 valid_auc=0.690402 valid_rmse=0.473405 q_change=54 q_delta=0.387757 q_grad=0.001963
epoch=32 loss_total=0.709444 loss_rec=0.602566 valid_auc=0.691964 valid_rmse=0.473380 q_change=54 q_delta=0.388551 q_grad=0.002009
epoch=33 loss_total=0.707579 loss_rec=0.600820 valid_auc=0.690368 valid_rmse=0.471739 q_change=53 q_delta=0.389705 q_grad=0.001993
epoch=34 loss_total=0.706883 loss_rec=0.600277 valid_auc=0.689007 valid_rmse=0.472052 q_change=52 q_delta=0.390537 q_grad=0.001976
epoch=35 loss_total=0.706572 loss_rec=0.600112 valid_auc=0.692545 valid_rmse=0.471071 q_change=52 q_delta=0.391317 q_grad=0.001949
epoch=36 loss_total=0.701759 loss_rec=0.595270 valid_auc=0.692734 valid_rmse=0.472200 q_change=51 q_delta=0.391728 q_grad=0.002023
epoch=37 loss_total=0.696906 loss_rec=0.590450 valid_auc=0.693929 valid_rmse=0.472365 q_change=51 q_delta=0.392895 q_grad=0.002028
epoch=38 loss_total=0.695645 loss_rec=0.589336 valid_auc=0.693460 valid_rmse=0.474155 q_change=51 q_delta=0.394071 q_grad=0.002134
epoch=39 loss_total=0.697189 loss_rec=0.590964 valid_auc=0.692812 valid_rmse=0.471518 q_change=51 q_delta=0.395508 q_grad=0.002061
epoch=40 loss_total=0.692893 loss_rec=0.586799 valid_auc=0.693650 valid_rmse=0.472047 q_change=51 q_delta=0.396392 q_grad=0.002111
epoch=41 loss_total=0.688882 loss_rec=0.582921 valid_auc=0.694632 valid_rmse=0.472744 q_change=51 q_delta=0.397414 q_grad=0.002108
epoch=42 loss_total=0.691210 loss_rec=0.585320 valid_auc=0.690536 valid_rmse=0.472826 q_change=51 q_delta=0.398539 q_grad=0.002222
epoch=43 loss_total=0.686125 loss_rec=0.580273 valid_auc=0.691328 valid_rmse=0.473232 q_change=51 q_delta=0.399261 q_grad=0.002180
epoch=44 loss_total=0.686606 loss_rec=0.580875 valid_auc=0.689721 valid_rmse=0.474154 q_change=51 q_delta=0.400044 q_grad=0.002242
epoch=45 loss_total=0.681923 loss_rec=0.576321 valid_auc=0.691161 valid_rmse=0.477354 q_change=51 q_delta=0.400438 q_grad=0.002287
epoch=46 loss_total=0.682032 loss_rec=0.576450 valid_auc=0.692935 valid_rmse=0.472202 q_change=50 q_delta=0.401418 q_grad=0.002265
epoch=47 loss_total=0.678816 loss_rec=0.573346 valid_auc=0.692165 valid_rmse=0.474242 q_change=50 q_delta=0.401865 q_grad=0.002273
epoch=48 loss_total=0.675777 loss_rec=0.570358 valid_auc=0.691864 valid_rmse=0.473259 q_change=50 q_delta=0.402767 q_grad=0.002371
epoch=49 loss_total=0.672710 loss_rec=0.567343 valid_auc=0.692935 valid_rmse=0.472882 q_change=50 q_delta=0.403479 q_grad=0.002405
epoch=50 loss_total=0.667379 loss_rec=0.562058 valid_auc=0.690536 valid_rmse=0.474732 q_change=50 q_delta=0.404212 q_grad=0.002350
epoch=51 loss_total=0.666617 loss_rec=0.561374 valid_auc=0.692667 valid_rmse=0.476586 q_change=50 q_delta=0.404783 q_grad=0.002479
epoch=52 loss_total=0.667540 loss_rec=0.562378 valid_auc=0.690915 valid_rmse=0.474261 q_change=50 q_delta=0.405617 q_grad=0.002513
epoch=53 loss_total=0.667021 loss_rec=0.561866 valid_auc=0.692612 valid_rmse=0.473524 q_change=50 q_delta=0.406161 q_grad=0.002544
epoch=54 loss_total=0.658312 loss_rec=0.553197 valid_auc=0.688940 valid_rmse=0.476113 q_change=50 q_delta=0.406561 q_grad=0.002550
epoch=55 loss_total=0.655286 loss_rec=0.550222 valid_auc=0.694397 valid_rmse=0.473076 q_change=50 q_delta=0.407102 q_grad=0.002577
epoch=56 loss_total=0.655317 loss_rec=0.550273 valid_auc=0.690056 valid_rmse=0.475124 q_change=50 q_delta=0.407471 q_grad=0.002646
epoch=57 loss_total=0.652182 loss_rec=0.547152 valid_auc=0.690312 valid_rmse=0.476996 q_change=49 q_delta=0.407807 q_grad=0.002763
epoch=58 loss_total=0.646376 loss_rec=0.541393 valid_auc=0.689464 valid_rmse=0.479715 q_change=49 q_delta=0.408187 q_grad=0.002734
epoch=59 loss_total=0.646484 loss_rec=0.541626 valid_auc=0.691138 valid_rmse=0.474663 q_change=50 q_delta=0.408852 q_grad=0.002715
epoch=60 loss_total=0.644735 loss_rec=0.539923 valid_auc=0.692734 valid_rmse=0.475441 q_change=50 q_delta=0.409202 q_grad=0.002736
epoch=61 loss_total=0.641463 loss_rec=0.536639 valid_auc=0.690100 valid_rmse=0.475483 q_change=50 q_delta=0.409644 q_grad=0.002875
Early stopping at epoch 61; best_epoch=41.
Saved run to C:\Users\YAN_SHU_YU\Desktop\Generative-CD\Q_GNCDM\results\weak_q_lambda_sweep\lq_0p3_ls_0p6_lb_0p1\seed_2026\noise_0.20\weak-q_lq_0p3_ls_0p6_lb_0p1
Final metrics: q_hat_f1=0.193548 response_auc=0.688406 mastery_pearson=0.360705
