run=weak-q_lq_0p05_ls_0p8_lb_0p05 mode=weak-q noise=0.20 train=4200 valid=600 test=1200
epoch=1 loss_total=1.085316 loss_rec=0.725665 valid_auc=0.587511 valid_rmse=0.499759 q_change=57 q_delta=0.079316 q_grad=0.000804
epoch=2 loss_total=1.004971 loss_rec=0.705990 valid_auc=0.593315 valid_rmse=0.499352 q_change=57 q_delta=0.150204 q_grad=0.000737
epoch=3 loss_total=0.946707 loss_rec=0.700229 valid_auc=0.604263 valid_rmse=0.498663 q_change=57 q_delta=0.209891 q_grad=0.000659
epoch=4 loss_total=0.897369 loss_rec=0.694303 valid_auc=0.620413 valid_rmse=0.498151 q_change=57 q_delta=0.258197 q_grad=0.000577
epoch=5 loss_total=0.863345 loss_rec=0.694619 valid_auc=0.640357 valid_rmse=0.496589 q_change=57 q_delta=0.295914 q_grad=0.000497
epoch=6 loss_total=0.832772 loss_rec=0.690692 valid_auc=0.656339 valid_rmse=0.496038 q_change=57 q_delta=0.324793 q_grad=0.000431
epoch=7 loss_total=0.806139 loss_rec=0.684407 valid_auc=0.657589 valid_rmse=0.494596 q_change=57 q_delta=0.346677 q_grad=0.000386
epoch=8 loss_total=0.785690 loss_rec=0.679061 valid_auc=0.652444 valid_rmse=0.491642 q_change=57 q_delta=0.362467 q_grad=0.000377
epoch=9 loss_total=0.766325 loss_rec=0.670498 valid_auc=0.657076 valid_rmse=0.485214 q_change=57 q_delta=0.373994 q_grad=0.000441
epoch=10 loss_total=0.754068 loss_rec=0.666407 valid_auc=0.658147 valid_rmse=0.483267 q_change=57 q_delta=0.382645 q_grad=0.000522
epoch=11 loss_total=0.743090 loss_rec=0.661577 valid_auc=0.658783 valid_rmse=0.481989 q_change=57 q_delta=0.390051 q_grad=0.000627
epoch=12 loss_total=0.728297 loss_rec=0.652362 valid_auc=0.662377 valid_rmse=0.482560 q_change=57 q_delta=0.396246 q_grad=0.000693
epoch=13 loss_total=0.721896 loss_rec=0.650682 valid_auc=0.664007 valid_rmse=0.479277 q_change=57 q_delta=0.401589 q_grad=0.000710
epoch=14 loss_total=0.717208 loss_rec=0.649691 valid_auc=0.666875 valid_rmse=0.480631 q_change=57 q_delta=0.405693 q_grad=0.000789
epoch=15 loss_total=0.712940 loss_rec=0.648632 valid_auc=0.665301 valid_rmse=0.479015 q_change=57 q_delta=0.409588 q_grad=0.000833
epoch=16 loss_total=0.710891 loss_rec=0.649241 valid_auc=0.666429 valid_rmse=0.479006 q_change=57 q_delta=0.412612 q_grad=0.000917
epoch=17 loss_total=0.708273 loss_rec=0.649036 valid_auc=0.667980 valid_rmse=0.479562 q_change=57 q_delta=0.415287 q_grad=0.000895
epoch=18 loss_total=0.701297 loss_rec=0.644093 valid_auc=0.669420 valid_rmse=0.478759 q_change=57 q_delta=0.417736 q_grad=0.000926
epoch=19 loss_total=0.697991 loss_rec=0.642619 valid_auc=0.668728 valid_rmse=0.478640 q_change=57 q_delta=0.419823 q_grad=0.000993
epoch=20 loss_total=0.696617 loss_rec=0.642770 valid_auc=0.671864 valid_rmse=0.477230 q_change=57 q_delta=0.421790 q_grad=0.001083
epoch=21 loss_total=0.692540 loss_rec=0.640162 valid_auc=0.671964 valid_rmse=0.478090 q_change=57 q_delta=0.423247 q_grad=0.001041
epoch=22 loss_total=0.691517 loss_rec=0.640301 valid_auc=0.672846 valid_rmse=0.476903 q_change=57 q_delta=0.424669 q_grad=0.001138
epoch=23 loss_total=0.687623 loss_rec=0.637501 valid_auc=0.672433 valid_rmse=0.476531 q_change=57 q_delta=0.426066 q_grad=0.001153
epoch=24 loss_total=0.683059 loss_rec=0.633960 valid_auc=0.673025 valid_rmse=0.476940 q_change=57 q_delta=0.427183 q_grad=0.001204
epoch=25 loss_total=0.685508 loss_rec=0.637250 valid_auc=0.673504 valid_rmse=0.476521 q_change=57 q_delta=0.428112 q_grad=0.001317
epoch=26 loss_total=0.682838 loss_rec=0.635346 valid_auc=0.673482 valid_rmse=0.477228 q_change=57 q_delta=0.428985 q_grad=0.001330
epoch=27 loss_total=0.680519 loss_rec=0.633634 valid_auc=0.676708 valid_rmse=0.476672 q_change=57 q_delta=0.429695 q_grad=0.001343
epoch=28 loss_total=0.681594 loss_rec=0.635317 valid_auc=0.677366 valid_rmse=0.475809 q_change=57 q_delta=0.430486 q_grad=0.001416
epoch=29 loss_total=0.678191 loss_rec=0.632448 valid_auc=0.679364 valid_rmse=0.475718 q_change=57 q_delta=0.431093 q_grad=0.001480
epoch=30 loss_total=0.679195 loss_rec=0.633945 valid_auc=0.680056 valid_rmse=0.475994 q_change=57 q_delta=0.431595 q_grad=0.001475
epoch=31 loss_total=0.675498 loss_rec=0.630573 valid_auc=0.681283 valid_rmse=0.475340 q_change=57 q_delta=0.432074 q_grad=0.001519
epoch=32 loss_total=0.677286 loss_rec=0.632745 valid_auc=0.682143 valid_rmse=0.476318 q_change=57 q_delta=0.432412 q_grad=0.001588
epoch=33 loss_total=0.676060 loss_rec=0.631774 valid_auc=0.680190 valid_rmse=0.474783 q_change=57 q_delta=0.433005 q_grad=0.001576
epoch=34 loss_total=0.675118 loss_rec=0.631179 valid_auc=0.678783 valid_rmse=0.474535 q_change=57 q_delta=0.433279 q_grad=0.001609
epoch=35 loss_total=0.676621 loss_rec=0.632919 valid_auc=0.681217 valid_rmse=0.473908 q_change=57 q_delta=0.433566 q_grad=0.001608
epoch=36 loss_total=0.673428 loss_rec=0.629921 valid_auc=0.682020 valid_rmse=0.474924 q_change=57 q_delta=0.433668 q_grad=0.001653
epoch=37 loss_total=0.668107 loss_rec=0.624736 valid_auc=0.683728 valid_rmse=0.474179 q_change=57 q_delta=0.433818 q_grad=0.001690
epoch=38 loss_total=0.667245 loss_rec=0.623958 valid_auc=0.683326 valid_rmse=0.475854 q_change=57 q_delta=0.433901 q_grad=0.001803
epoch=39 loss_total=0.670866 loss_rec=0.627694 valid_auc=0.684163 valid_rmse=0.473855 q_change=57 q_delta=0.434127 q_grad=0.001764
epoch=40 loss_total=0.666770 loss_rec=0.623664 valid_auc=0.683147 valid_rmse=0.473966 q_change=57 q_delta=0.434080 q_grad=0.001804
epoch=41 loss_total=0.662413 loss_rec=0.619256 valid_auc=0.687288 valid_rmse=0.474083 q_change=57 q_delta=0.433946 q_grad=0.001831
epoch=42 loss_total=0.666845 loss_rec=0.623639 valid_auc=0.683203 valid_rmse=0.474407 q_change=56 q_delta=0.433948 q_grad=0.001877
epoch=43 loss_total=0.662766 loss_rec=0.619462 valid_auc=0.686172 valid_rmse=0.473485 q_change=56 q_delta=0.434313 q_grad=0.001825
epoch=44 loss_total=0.663317 loss_rec=0.620020 valid_auc=0.686172 valid_rmse=0.473910 q_change=56 q_delta=0.434926 q_grad=0.001900
epoch=45 loss_total=0.660851 loss_rec=0.617622 valid_auc=0.686752 valid_rmse=0.476227 q_change=56 q_delta=0.435297 q_grad=0.001930
epoch=46 loss_total=0.661980 loss_rec=0.618781 valid_auc=0.688058 valid_rmse=0.472521 q_change=56 q_delta=0.435845 q_grad=0.001887
epoch=47 loss_total=0.659162 loss_rec=0.616071 valid_auc=0.690000 valid_rmse=0.472799 q_change=56 q_delta=0.436142 q_grad=0.001911
epoch=48 loss_total=0.660064 loss_rec=0.617028 valid_auc=0.689074 valid_rmse=0.472062 q_change=56 q_delta=0.436505 q_grad=0.001946
epoch=49 loss_total=0.658134 loss_rec=0.615115 valid_auc=0.688917 valid_rmse=0.472189 q_change=56 q_delta=0.436739 q_grad=0.001973
epoch=50 loss_total=0.654265 loss_rec=0.611327 valid_auc=0.686239 valid_rmse=0.472951 q_change=56 q_delta=0.436949 q_grad=0.001883
epoch=51 loss_total=0.654804 loss_rec=0.611948 valid_auc=0.690212 valid_rmse=0.473747 q_change=56 q_delta=0.437061 q_grad=0.002023
epoch=52 loss_total=0.655976 loss_rec=0.613160 valid_auc=0.688426 valid_rmse=0.472321 q_change=56 q_delta=0.437312 q_grad=0.002027
epoch=53 loss_total=0.657717 loss_rec=0.614962 valid_auc=0.691384 valid_rmse=0.471455 q_change=56 q_delta=0.437483 q_grad=0.002008
epoch=54 loss_total=0.650323 loss_rec=0.607640 valid_auc=0.689788 valid_rmse=0.472745 q_change=56 q_delta=0.437546 q_grad=0.001976
epoch=55 loss_total=0.650249 loss_rec=0.607553 valid_auc=0.692980 valid_rmse=0.471333 q_change=56 q_delta=0.437620 q_grad=0.002015
epoch=56 loss_total=0.652222 loss_rec=0.609574 valid_auc=0.690446 valid_rmse=0.471529 q_change=56 q_delta=0.437734 q_grad=0.002063
epoch=57 loss_total=0.650745 loss_rec=0.608076 valid_auc=0.693605 valid_rmse=0.473052 q_change=56 q_delta=0.437604 q_grad=0.002104
epoch=58 loss_total=0.647273 loss_rec=0.604528 valid_auc=0.691507 valid_rmse=0.472959 q_change=56 q_delta=0.437661 q_grad=0.002056
epoch=59 loss_total=0.646965 loss_rec=0.604300 valid_auc=0.691540 valid_rmse=0.471443 q_change=56 q_delta=0.437768 q_grad=0.002061
epoch=60 loss_total=0.645890 loss_rec=0.603157 valid_auc=0.693527 valid_rmse=0.472014 q_change=56 q_delta=0.437641 q_grad=0.002090
epoch=61 loss_total=0.645427 loss_rec=0.602589 valid_auc=0.693036 valid_rmse=0.471974 q_change=55 q_delta=0.437597 q_grad=0.002127
epoch=62 loss_total=0.643674 loss_rec=0.600807 valid_auc=0.692768 valid_rmse=0.471137 q_change=55 q_delta=0.437899 q_grad=0.002062
epoch=63 loss_total=0.644319 loss_rec=0.601370 valid_auc=0.691518 valid_rmse=0.472399 q_change=55 q_delta=0.438140 q_grad=0.002083
epoch=64 loss_total=0.647307 loss_rec=0.604372 valid_auc=0.695368 valid_rmse=0.473696 q_change=55 q_delta=0.438468 q_grad=0.002139
epoch=65 loss_total=0.640688 loss_rec=0.597701 valid_auc=0.694364 valid_rmse=0.471146 q_change=54 q_delta=0.438897 q_grad=0.002026
epoch=66 loss_total=0.641131 loss_rec=0.598136 valid_auc=0.695067 valid_rmse=0.471839 q_change=54 q_delta=0.439092 q_grad=0.002160
epoch=67 loss_total=0.643457 loss_rec=0.600438 valid_auc=0.692556 valid_rmse=0.473202 q_change=54 q_delta=0.439371 q_grad=0.002126
epoch=68 loss_total=0.639419 loss_rec=0.596424 valid_auc=0.694609 valid_rmse=0.473291 q_change=54 q_delta=0.439573 q_grad=0.002135
epoch=69 loss_total=0.635894 loss_rec=0.592926 valid_auc=0.697310 valid_rmse=0.478335 q_change=54 q_delta=0.439735 q_grad=0.002213
epoch=70 loss_total=0.635682 loss_rec=0.592713 valid_auc=0.693717 valid_rmse=0.471780 q_change=54 q_delta=0.440148 q_grad=0.002202
epoch=71 loss_total=0.637766 loss_rec=0.594829 valid_auc=0.694364 valid_rmse=0.472024 q_change=54 q_delta=0.440400 q_grad=0.002205
epoch=72 loss_total=0.636120 loss_rec=0.593190 valid_auc=0.693114 valid_rmse=0.472712 q_change=54 q_delta=0.440629 q_grad=0.002218
epoch=73 loss_total=0.633172 loss_rec=0.590345 valid_auc=0.689821 valid_rmse=0.473006 q_change=54 q_delta=0.440894 q_grad=0.002276
epoch=74 loss_total=0.636948 loss_rec=0.594140 valid_auc=0.691864 valid_rmse=0.473567 q_change=54 q_delta=0.441060 q_grad=0.002220
epoch=75 loss_total=0.635036 loss_rec=0.592214 valid_auc=0.690926 valid_rmse=0.479788 q_change=54 q_delta=0.441153 q_grad=0.002222
epoch=76 loss_total=0.635002 loss_rec=0.592169 valid_auc=0.689916 valid_rmse=0.473089 q_change=54 q_delta=0.441421 q_grad=0.002205
epoch=77 loss_total=0.628929 loss_rec=0.586119 valid_auc=0.689531 valid_rmse=0.476838 q_change=54 q_delta=0.441440 q_grad=0.002209
epoch=78 loss_total=0.629687 loss_rec=0.586899 valid_auc=0.689118 valid_rmse=0.474808 q_change=54 q_delta=0.441582 q_grad=0.002373
epoch=79 loss_total=0.629407 loss_rec=0.586693 valid_auc=0.688895 valid_rmse=0.474246 q_change=54 q_delta=0.441755 q_grad=0.002432
epoch=80 loss_total=0.629492 loss_rec=0.586780 valid_auc=0.688248 valid_rmse=0.473996 q_change=54 q_delta=0.441849 q_grad=0.002352
epoch=81 loss_total=0.625689 loss_rec=0.583014 valid_auc=0.689375 valid_rmse=0.476024 q_change=54 q_delta=0.441970 q_grad=0.002403
epoch=82 loss_total=0.625947 loss_rec=0.583315 valid_auc=0.688304 valid_rmse=0.475376 q_change=54 q_delta=0.442060 q_grad=0.002441
epoch=83 loss_total=0.624651 loss_rec=0.582070 valid_auc=0.688315 valid_rmse=0.479289 q_change=54 q_delta=0.442133 q_grad=0.002411
epoch=84 loss_total=0.625530 loss_rec=0.582948 valid_auc=0.689330 valid_rmse=0.475921 q_change=54 q_delta=0.442350 q_grad=0.002502
epoch=85 loss_total=0.627007 loss_rec=0.584463 valid_auc=0.687980 valid_rmse=0.479721 q_change=54 q_delta=0.442293 q_grad=0.002520
epoch=86 loss_total=0.628857 loss_rec=0.586311 valid_auc=0.687109 valid_rmse=0.476791 q_change=54 q_delta=0.442435 q_grad=0.002496
epoch=87 loss_total=0.622968 loss_rec=0.580483 valid_auc=0.685781 valid_rmse=0.477157 q_change=54 q_delta=0.442525 q_grad=0.002429
epoch=88 loss_total=0.617029 loss_rec=0.574563 valid_auc=0.685301 valid_rmse=0.476981 q_change=54 q_delta=0.442629 q_grad=0.002528
epoch=89 loss_total=0.618778 loss_rec=0.576354 valid_auc=0.685703 valid_rmse=0.482505 q_change=54 q_delta=0.442636 q_grad=0.002576
Early stopping at epoch 89; best_epoch=69.
Saved run to C:\Users\YAN_SHU_YU\Desktop\Generative-CD\Q_GNCDM\results\weak_q_lambda_sweep\lq_0p05_ls_0p8_lb_0p05\seed_2026\noise_0.20\weak-q_lq_0p05_ls_0p8_lb_0p05
Final metrics: q_hat_f1=0.101695 response_auc=0.683789 mastery_pearson=0.299767
