run=weak-q_lq_0p05_ls_0p8_lb_0p2 mode=weak-q noise=0.20 train=4200 valid=600 test=1200
epoch=1 loss_total=1.121746 loss_rec=0.725667 valid_auc=0.587489 valid_rmse=0.499760 q_change=57 q_delta=0.079655 q_grad=0.000824
epoch=2 loss_total=1.038471 loss_rec=0.706020 valid_auc=0.593170 valid_rmse=0.499364 q_change=57 q_delta=0.151731 q_grad=0.000776
epoch=3 loss_total=0.975708 loss_rec=0.700325 valid_auc=0.603728 valid_rmse=0.498705 q_change=57 q_delta=0.212908 q_grad=0.000709
epoch=4 loss_total=0.921488 loss_rec=0.694524 valid_auc=0.619676 valid_rmse=0.498257 q_change=57 q_delta=0.262497 q_grad=0.000629
epoch=5 loss_total=0.883037 loss_rec=0.695039 valid_auc=0.639397 valid_rmse=0.496811 q_change=57 q_delta=0.301153 q_grad=0.000546
epoch=6 loss_total=0.848944 loss_rec=0.691519 valid_auc=0.654944 valid_rmse=0.496504 q_change=57 q_delta=0.330705 q_grad=0.000471
epoch=7 loss_total=0.819979 loss_rec=0.686134 valid_auc=0.656618 valid_rmse=0.495582 q_change=57 q_delta=0.353175 q_grad=0.000413
epoch=8 loss_total=0.798516 loss_rec=0.682515 valid_auc=0.651283 valid_rmse=0.493625 q_change=57 q_delta=0.369752 q_grad=0.000378
epoch=9 loss_total=0.779399 loss_rec=0.676549 valid_auc=0.653940 valid_rmse=0.488282 q_change=57 q_delta=0.382028 q_grad=0.000399
epoch=10 loss_total=0.765586 loss_rec=0.672591 valid_auc=0.656049 valid_rmse=0.485714 q_change=57 q_delta=0.390890 q_grad=0.000449
epoch=11 loss_total=0.752255 loss_rec=0.666409 valid_auc=0.655893 valid_rmse=0.483627 q_change=57 q_delta=0.398110 q_grad=0.000544
epoch=12 loss_total=0.735868 loss_rec=0.656354 valid_auc=0.659576 valid_rmse=0.484131 q_change=57 q_delta=0.404269 q_grad=0.000619
epoch=13 loss_total=0.728452 loss_rec=0.654413 valid_auc=0.661183 valid_rmse=0.480472 q_change=57 q_delta=0.409595 q_grad=0.000635
epoch=14 loss_total=0.722696 loss_rec=0.652991 valid_auc=0.664665 valid_rmse=0.481808 q_change=57 q_delta=0.413758 q_grad=0.000703
epoch=15 loss_total=0.718093 loss_rec=0.652167 valid_auc=0.662042 valid_rmse=0.480218 q_change=57 q_delta=0.417656 q_grad=0.000736
epoch=16 loss_total=0.715307 loss_rec=0.652505 valid_auc=0.663002 valid_rmse=0.480279 q_change=57 q_delta=0.420727 q_grad=0.000804
epoch=17 loss_total=0.712742 loss_rec=0.652777 valid_auc=0.665770 valid_rmse=0.480866 q_change=57 q_delta=0.423443 q_grad=0.000778
epoch=18 loss_total=0.705581 loss_rec=0.648039 valid_auc=0.667009 valid_rmse=0.480248 q_change=57 q_delta=0.425919 q_grad=0.000797
epoch=19 loss_total=0.701924 loss_rec=0.646526 valid_auc=0.666138 valid_rmse=0.480116 q_change=57 q_delta=0.428029 q_grad=0.000845
epoch=20 loss_total=0.700584 loss_rec=0.647006 valid_auc=0.670045 valid_rmse=0.478734 q_change=57 q_delta=0.430017 q_grad=0.000916
epoch=21 loss_total=0.696411 loss_rec=0.644586 valid_auc=0.668761 valid_rmse=0.479635 q_change=57 q_delta=0.431546 q_grad=0.000871
epoch=22 loss_total=0.695609 loss_rec=0.645204 valid_auc=0.668683 valid_rmse=0.478571 q_change=57 q_delta=0.433041 q_grad=0.000941
epoch=23 loss_total=0.691525 loss_rec=0.642461 valid_auc=0.667087 valid_rmse=0.478347 q_change=57 q_delta=0.434471 q_grad=0.000948
epoch=24 loss_total=0.687120 loss_rec=0.639310 valid_auc=0.668214 valid_rmse=0.478787 q_change=57 q_delta=0.435641 q_grad=0.000982
epoch=25 loss_total=0.689347 loss_rec=0.642571 valid_auc=0.667344 valid_rmse=0.478265 q_change=57 q_delta=0.436662 q_grad=0.001064
epoch=26 loss_total=0.686738 loss_rec=0.640927 valid_auc=0.667042 valid_rmse=0.478771 q_change=57 q_delta=0.437613 q_grad=0.001075
epoch=27 loss_total=0.684669 loss_rec=0.639668 valid_auc=0.669096 valid_rmse=0.478185 q_change=57 q_delta=0.438451 q_grad=0.001080
epoch=28 loss_total=0.685224 loss_rec=0.641012 valid_auc=0.670647 valid_rmse=0.477517 q_change=57 q_delta=0.439272 q_grad=0.001128
epoch=29 loss_total=0.682408 loss_rec=0.638904 valid_auc=0.672042 valid_rmse=0.477429 q_change=57 q_delta=0.439977 q_grad=0.001181
epoch=30 loss_total=0.683377 loss_rec=0.640517 valid_auc=0.672645 valid_rmse=0.477808 q_change=57 q_delta=0.440557 q_grad=0.001180
epoch=31 loss_total=0.679610 loss_rec=0.637256 valid_auc=0.673583 valid_rmse=0.476964 q_change=57 q_delta=0.441183 q_grad=0.001211
epoch=32 loss_total=0.681389 loss_rec=0.639576 valid_auc=0.674676 valid_rmse=0.477744 q_change=57 q_delta=0.441631 q_grad=0.001264
epoch=33 loss_total=0.680191 loss_rec=0.638781 valid_auc=0.673929 valid_rmse=0.476450 q_change=57 q_delta=0.442286 q_grad=0.001259
epoch=34 loss_total=0.679216 loss_rec=0.638301 valid_auc=0.673326 valid_rmse=0.476142 q_change=57 q_delta=0.442656 q_grad=0.001289
epoch=35 loss_total=0.680817 loss_rec=0.640288 valid_auc=0.674118 valid_rmse=0.475688 q_change=57 q_delta=0.443045 q_grad=0.001289
epoch=36 loss_total=0.677410 loss_rec=0.637223 valid_auc=0.675145 valid_rmse=0.476850 q_change=57 q_delta=0.443315 q_grad=0.001336
epoch=37 loss_total=0.672898 loss_rec=0.633035 valid_auc=0.676462 valid_rmse=0.476003 q_change=57 q_delta=0.443654 q_grad=0.001369
epoch=38 loss_total=0.671772 loss_rec=0.632174 valid_auc=0.677098 valid_rmse=0.477111 q_change=57 q_delta=0.443917 q_grad=0.001469
epoch=39 loss_total=0.675254 loss_rec=0.635947 valid_auc=0.676920 valid_rmse=0.475466 q_change=57 q_delta=0.444325 q_grad=0.001451
epoch=40 loss_total=0.671713 loss_rec=0.632700 valid_auc=0.677254 valid_rmse=0.475704 q_change=57 q_delta=0.444545 q_grad=0.001499
epoch=41 loss_total=0.667946 loss_rec=0.629147 valid_auc=0.679621 valid_rmse=0.475881 q_change=57 q_delta=0.444711 q_grad=0.001518
epoch=42 loss_total=0.672509 loss_rec=0.633891 valid_auc=0.676496 valid_rmse=0.476148 q_change=57 q_delta=0.444948 q_grad=0.001576
epoch=43 loss_total=0.669188 loss_rec=0.630714 valid_auc=0.677076 valid_rmse=0.475771 q_change=57 q_delta=0.445053 q_grad=0.001547
epoch=44 loss_total=0.669552 loss_rec=0.631226 valid_auc=0.677757 valid_rmse=0.475978 q_change=57 q_delta=0.445236 q_grad=0.001617
epoch=45 loss_total=0.667467 loss_rec=0.629288 valid_auc=0.679609 valid_rmse=0.477334 q_change=57 q_delta=0.445299 q_grad=0.001664
epoch=46 loss_total=0.669155 loss_rec=0.631047 valid_auc=0.680335 valid_rmse=0.474419 q_change=57 q_delta=0.445465 q_grad=0.001652
epoch=47 loss_total=0.666541 loss_rec=0.628527 valid_auc=0.681696 valid_rmse=0.474780 q_change=57 q_delta=0.445470 q_grad=0.001683
epoch=48 loss_total=0.667888 loss_rec=0.629906 valid_auc=0.683170 valid_rmse=0.473811 q_change=57 q_delta=0.445547 q_grad=0.001713
epoch=49 loss_total=0.665779 loss_rec=0.627789 valid_auc=0.682991 valid_rmse=0.473953 q_change=57 q_delta=0.445563 q_grad=0.001754
epoch=50 loss_total=0.662188 loss_rec=0.624221 valid_auc=0.681339 valid_rmse=0.474372 q_change=57 q_delta=0.445533 q_grad=0.001698
epoch=51 loss_total=0.663118 loss_rec=0.625126 valid_auc=0.683828 valid_rmse=0.475982 q_change=57 q_delta=0.445399 q_grad=0.001836
epoch=52 loss_total=0.664067 loss_rec=0.626022 valid_auc=0.683270 valid_rmse=0.473950 q_change=57 q_delta=0.445384 q_grad=0.001850
epoch=53 loss_total=0.665671 loss_rec=0.627558 valid_auc=0.684587 valid_rmse=0.473451 q_change=57 q_delta=0.445257 q_grad=0.001835
epoch=54 loss_total=0.657686 loss_rec=0.619426 valid_auc=0.684353 valid_rmse=0.474443 q_change=57 q_delta=0.445010 q_grad=0.001817
epoch=55 loss_total=0.657990 loss_rec=0.619539 valid_auc=0.687422 valid_rmse=0.472816 q_change=57 q_delta=0.444782 q_grad=0.001856
epoch=56 loss_total=0.659332 loss_rec=0.620724 valid_auc=0.685636 valid_rmse=0.473066 q_change=56 q_delta=0.444622 q_grad=0.001916
epoch=57 loss_total=0.658023 loss_rec=0.619248 valid_auc=0.687333 valid_rmse=0.475015 q_change=56 q_delta=0.444626 q_grad=0.001953
epoch=58 loss_total=0.654033 loss_rec=0.615072 valid_auc=0.686250 valid_rmse=0.474504 q_change=56 q_delta=0.445004 q_grad=0.001924
epoch=59 loss_total=0.654023 loss_rec=0.615039 valid_auc=0.686261 valid_rmse=0.472861 q_change=56 q_delta=0.445364 q_grad=0.001945
epoch=60 loss_total=0.653295 loss_rec=0.614219 valid_auc=0.689621 valid_rmse=0.472745 q_change=56 q_delta=0.445529 q_grad=0.001968
epoch=61 loss_total=0.652866 loss_rec=0.613676 valid_auc=0.687902 valid_rmse=0.473194 q_change=56 q_delta=0.445734 q_grad=0.001997
epoch=62 loss_total=0.652066 loss_rec=0.612929 valid_auc=0.687779 valid_rmse=0.472230 q_change=56 q_delta=0.445970 q_grad=0.001949
epoch=63 loss_total=0.652971 loss_rec=0.613814 valid_auc=0.686875 valid_rmse=0.472878 q_change=56 q_delta=0.446062 q_grad=0.001944
epoch=64 loss_total=0.655630 loss_rec=0.616526 valid_auc=0.690547 valid_rmse=0.474409 q_change=56 q_delta=0.446204 q_grad=0.002018
epoch=65 loss_total=0.649423 loss_rec=0.610343 valid_auc=0.690301 valid_rmse=0.471608 q_change=56 q_delta=0.446444 q_grad=0.001902
epoch=66 loss_total=0.650721 loss_rec=0.611703 valid_auc=0.692645 valid_rmse=0.472028 q_change=56 q_delta=0.446536 q_grad=0.002016
epoch=67 loss_total=0.652808 loss_rec=0.613862 valid_auc=0.688728 valid_rmse=0.473380 q_change=56 q_delta=0.446710 q_grad=0.001975
epoch=68 loss_total=0.649160 loss_rec=0.610281 valid_auc=0.691920 valid_rmse=0.472935 q_change=56 q_delta=0.446799 q_grad=0.001990
epoch=69 loss_total=0.646115 loss_rec=0.607283 valid_auc=0.695022 valid_rmse=0.477617 q_change=56 q_delta=0.446802 q_grad=0.002046
epoch=70 loss_total=0.646733 loss_rec=0.607944 valid_auc=0.692031 valid_rmse=0.471460 q_change=56 q_delta=0.447031 q_grad=0.002038
epoch=71 loss_total=0.648514 loss_rec=0.609839 valid_auc=0.692969 valid_rmse=0.471375 q_change=56 q_delta=0.447150 q_grad=0.002030
epoch=72 loss_total=0.647426 loss_rec=0.608752 valid_auc=0.692221 valid_rmse=0.472081 q_change=56 q_delta=0.447169 q_grad=0.002053
epoch=73 loss_total=0.645188 loss_rec=0.606605 valid_auc=0.689933 valid_rmse=0.472070 q_change=56 q_delta=0.447340 q_grad=0.002097
epoch=74 loss_total=0.648533 loss_rec=0.609999 valid_auc=0.691607 valid_rmse=0.472241 q_change=56 q_delta=0.447351 q_grad=0.002056
epoch=75 loss_total=0.647226 loss_rec=0.608705 valid_auc=0.690379 valid_rmse=0.477127 q_change=56 q_delta=0.447312 q_grad=0.002032
epoch=76 loss_total=0.647364 loss_rec=0.608807 valid_auc=0.688705 valid_rmse=0.471995 q_change=56 q_delta=0.447405 q_grad=0.002026
epoch=77 loss_total=0.641558 loss_rec=0.603007 valid_auc=0.689196 valid_rmse=0.475007 q_change=55 q_delta=0.447344 q_grad=0.002010
epoch=78 loss_total=0.643189 loss_rec=0.604664 valid_auc=0.689442 valid_rmse=0.473228 q_change=55 q_delta=0.447409 q_grad=0.002159
epoch=79 loss_total=0.643240 loss_rec=0.604750 valid_auc=0.689241 valid_rmse=0.472831 q_change=55 q_delta=0.447521 q_grad=0.002230
epoch=80 loss_total=0.642604 loss_rec=0.604101 valid_auc=0.689464 valid_rmse=0.472317 q_change=55 q_delta=0.447471 q_grad=0.002136
epoch=81 loss_total=0.639568 loss_rec=0.601001 valid_auc=0.689710 valid_rmse=0.473529 q_change=55 q_delta=0.447335 q_grad=0.002197
epoch=82 loss_total=0.639278 loss_rec=0.600668 valid_auc=0.688996 valid_rmse=0.473482 q_change=55 q_delta=0.447328 q_grad=0.002212
epoch=83 loss_total=0.638509 loss_rec=0.599847 valid_auc=0.690123 valid_rmse=0.477116 q_change=55 q_delta=0.447148 q_grad=0.002179
epoch=84 loss_total=0.639017 loss_rec=0.600184 valid_auc=0.690279 valid_rmse=0.473901 q_change=55 q_delta=0.447081 q_grad=0.002234
epoch=85 loss_total=0.640173 loss_rec=0.601228 valid_auc=0.689230 valid_rmse=0.477598 q_change=55 q_delta=0.446892 q_grad=0.002256
epoch=86 loss_total=0.641276 loss_rec=0.602201 valid_auc=0.688549 valid_rmse=0.475245 q_change=55 q_delta=0.446797 q_grad=0.002231
epoch=87 loss_total=0.636547 loss_rec=0.597299 valid_auc=0.686819 valid_rmse=0.474883 q_change=55 q_delta=0.446679 q_grad=0.002180
epoch=88 loss_total=0.631142 loss_rec=0.591757 valid_auc=0.687054 valid_rmse=0.475050 q_change=55 q_delta=0.446633 q_grad=0.002238
epoch=89 loss_total=0.631946 loss_rec=0.592477 valid_auc=0.687221 valid_rmse=0.480195 q_change=55 q_delta=0.446407 q_grad=0.002244
Early stopping at epoch 89; best_epoch=69.
Saved run to C:\Users\YAN_SHU_YU\Desktop\Generative-CD\Q_GNCDM\results\weak_q_lambda_sweep\lq_0p05_ls_0p8_lb_0p2\seed_2026\noise_0.20\weak-q_lq_0p05_ls_0p8_lb_0p2
Final metrics: q_hat_f1=0.035088 response_auc=0.684063 mastery_pearson=0.278214
