run=weak-q_lq_0p4_ls_0p4_lb_0p1 mode=weak-q noise=0.20 train=4200 valid=600 test=1200
epoch=1 loss_total=0.924794 loss_rec=0.725650 valid_auc=0.587958 valid_rmse=0.499743 q_change=57 q_delta=0.076910 q_grad=0.000378
epoch=2 loss_total=0.879386 loss_rec=0.705733 valid_auc=0.596250 valid_rmse=0.499206 q_change=57 q_delta=0.140096 q_grad=0.000304
epoch=3 loss_total=0.854858 loss_rec=0.699305 valid_auc=0.613337 valid_rmse=0.498145 q_change=57 q_delta=0.189456 q_grad=0.000258
epoch=4 loss_total=0.834710 loss_rec=0.691908 valid_auc=0.637801 valid_rmse=0.496754 q_change=57 q_delta=0.227245 q_grad=0.000234
epoch=5 loss_total=0.823324 loss_rec=0.688959 valid_auc=0.658594 valid_rmse=0.493096 q_change=57 q_delta=0.253342 q_grad=0.000252
epoch=6 loss_total=0.805749 loss_rec=0.676400 valid_auc=0.668426 valid_rmse=0.487205 q_change=57 q_delta=0.268168 q_grad=0.000332
epoch=7 loss_total=0.780511 loss_rec=0.653560 valid_auc=0.669978 valid_rmse=0.480030 q_change=57 q_delta=0.275426 q_grad=0.000506
epoch=8 loss_total=0.766281 loss_rec=0.640522 valid_auc=0.672734 valid_rmse=0.477629 q_change=57 q_delta=0.280592 q_grad=0.000764
epoch=9 loss_total=0.756858 loss_rec=0.632262 valid_auc=0.681987 valid_rmse=0.473523 q_change=57 q_delta=0.284907 q_grad=0.000942
epoch=10 loss_total=0.757513 loss_rec=0.633978 valid_auc=0.681339 valid_rmse=0.474626 q_change=57 q_delta=0.287809 q_grad=0.001037
epoch=11 loss_total=0.753773 loss_rec=0.630749 valid_auc=0.682578 valid_rmse=0.473106 q_change=57 q_delta=0.290679 q_grad=0.001184
epoch=12 loss_total=0.743893 loss_rec=0.621374 valid_auc=0.683002 valid_rmse=0.474433 q_change=56 q_delta=0.292484 q_grad=0.001264
epoch=13 loss_total=0.739686 loss_rec=0.617650 valid_auc=0.682645 valid_rmse=0.473239 q_change=56 q_delta=0.295303 q_grad=0.001284
epoch=14 loss_total=0.739791 loss_rec=0.618094 valid_auc=0.681797 valid_rmse=0.475151 q_change=55 q_delta=0.297107 q_grad=0.001379
epoch=15 loss_total=0.735860 loss_rec=0.614454 valid_auc=0.682400 valid_rmse=0.473859 q_change=54 q_delta=0.299808 q_grad=0.001426
epoch=16 loss_total=0.737197 loss_rec=0.616028 valid_auc=0.683326 valid_rmse=0.474268 q_change=53 q_delta=0.302159 q_grad=0.001527
epoch=17 loss_total=0.733218 loss_rec=0.612370 valid_auc=0.681964 valid_rmse=0.474200 q_change=52 q_delta=0.304691 q_grad=0.001454
epoch=18 loss_total=0.727687 loss_rec=0.607046 valid_auc=0.682935 valid_rmse=0.474175 q_change=52 q_delta=0.307453 q_grad=0.001483
epoch=19 loss_total=0.726659 loss_rec=0.606351 valid_auc=0.682857 valid_rmse=0.475005 q_change=52 q_delta=0.310405 q_grad=0.001578
epoch=20 loss_total=0.724039 loss_rec=0.603882 valid_auc=0.685022 valid_rmse=0.473506 q_change=52 q_delta=0.313479 q_grad=0.001649
epoch=21 loss_total=0.719394 loss_rec=0.599414 valid_auc=0.686194 valid_rmse=0.474594 q_change=52 q_delta=0.315695 q_grad=0.001573
epoch=22 loss_total=0.716902 loss_rec=0.597051 valid_auc=0.684353 valid_rmse=0.474779 q_change=51 q_delta=0.318101 q_grad=0.001701
epoch=23 loss_total=0.714546 loss_rec=0.594839 valid_auc=0.683058 valid_rmse=0.474608 q_change=50 q_delta=0.320688 q_grad=0.001663
epoch=24 loss_total=0.709429 loss_rec=0.589851 valid_auc=0.682187 valid_rmse=0.475481 q_change=50 q_delta=0.322897 q_grad=0.001700
epoch=25 loss_total=0.709446 loss_rec=0.589944 valid_auc=0.683527 valid_rmse=0.475553 q_change=50 q_delta=0.325204 q_grad=0.001808
epoch=26 loss_total=0.706480 loss_rec=0.587074 valid_auc=0.685234 valid_rmse=0.475656 q_change=49 q_delta=0.327486 q_grad=0.001794
epoch=27 loss_total=0.702423 loss_rec=0.583032 valid_auc=0.685089 valid_rmse=0.477171 q_change=49 q_delta=0.329562 q_grad=0.001788
epoch=28 loss_total=0.704762 loss_rec=0.585397 valid_auc=0.685491 valid_rmse=0.476055 q_change=49 q_delta=0.331780 q_grad=0.001887
epoch=29 loss_total=0.697298 loss_rec=0.578004 valid_auc=0.687556 valid_rmse=0.475414 q_change=49 q_delta=0.333733 q_grad=0.001890
epoch=30 loss_total=0.695254 loss_rec=0.575933 valid_auc=0.689051 valid_rmse=0.476493 q_change=49 q_delta=0.335384 q_grad=0.001914
epoch=31 loss_total=0.690346 loss_rec=0.571028 valid_auc=0.687065 valid_rmse=0.476546 q_change=48 q_delta=0.337329 q_grad=0.001931
epoch=32 loss_total=0.690055 loss_rec=0.570721 valid_auc=0.690134 valid_rmse=0.475781 q_change=48 q_delta=0.339334 q_grad=0.001990
epoch=33 loss_total=0.685409 loss_rec=0.566001 valid_auc=0.688761 valid_rmse=0.474611 q_change=48 q_delta=0.341151 q_grad=0.002015
epoch=34 loss_total=0.684652 loss_rec=0.565283 valid_auc=0.687757 valid_rmse=0.474796 q_change=48 q_delta=0.342556 q_grad=0.002005
epoch=35 loss_total=0.683598 loss_rec=0.564189 valid_auc=0.691233 valid_rmse=0.473472 q_change=46 q_delta=0.343978 q_grad=0.002021
epoch=36 loss_total=0.675568 loss_rec=0.556064 valid_auc=0.690346 valid_rmse=0.474222 q_change=46 q_delta=0.344941 q_grad=0.002098
epoch=37 loss_total=0.670836 loss_rec=0.551282 valid_auc=0.688728 valid_rmse=0.476872 q_change=45 q_delta=0.346045 q_grad=0.002104
epoch=38 loss_total=0.665121 loss_rec=0.545559 valid_auc=0.689230 valid_rmse=0.477593 q_change=44 q_delta=0.347378 q_grad=0.002223
epoch=39 loss_total=0.663206 loss_rec=0.543634 valid_auc=0.688371 valid_rmse=0.476010 q_change=44 q_delta=0.348971 q_grad=0.002188
epoch=40 loss_total=0.659551 loss_rec=0.539945 valid_auc=0.689263 valid_rmse=0.477030 q_change=44 q_delta=0.349948 q_grad=0.002266
epoch=41 loss_total=0.652386 loss_rec=0.532801 valid_auc=0.689063 valid_rmse=0.479364 q_change=44 q_delta=0.351189 q_grad=0.002269
epoch=42 loss_total=0.654696 loss_rec=0.535124 valid_auc=0.686339 valid_rmse=0.478330 q_change=43 q_delta=0.352668 q_grad=0.002426
epoch=43 loss_total=0.648284 loss_rec=0.528742 valid_auc=0.688136 valid_rmse=0.479232 q_change=41 q_delta=0.353567 q_grad=0.002384
epoch=44 loss_total=0.646116 loss_rec=0.526569 valid_auc=0.687132 valid_rmse=0.479071 q_change=41 q_delta=0.354646 q_grad=0.002423
epoch=45 loss_total=0.640977 loss_rec=0.521466 valid_auc=0.685480 valid_rmse=0.483582 q_change=40 q_delta=0.355282 q_grad=0.002442
epoch=46 loss_total=0.639520 loss_rec=0.519975 valid_auc=0.691607 valid_rmse=0.478267 q_change=40 q_delta=0.356516 q_grad=0.002459
epoch=47 loss_total=0.637511 loss_rec=0.518028 valid_auc=0.686629 valid_rmse=0.481917 q_change=40 q_delta=0.357226 q_grad=0.002451
epoch=48 loss_total=0.635909 loss_rec=0.516473 valid_auc=0.687098 valid_rmse=0.480634 q_change=40 q_delta=0.358206 q_grad=0.002517
epoch=49 loss_total=0.630436 loss_rec=0.511041 valid_auc=0.689665 valid_rmse=0.479000 q_change=41 q_delta=0.358759 q_grad=0.002481
epoch=50 loss_total=0.625162 loss_rec=0.505822 valid_auc=0.686975 valid_rmse=0.483167 q_change=40 q_delta=0.359517 q_grad=0.002488
epoch=51 loss_total=0.626006 loss_rec=0.506744 valid_auc=0.687746 valid_rmse=0.483363 q_change=41 q_delta=0.360262 q_grad=0.002564
epoch=52 loss_total=0.626845 loss_rec=0.507620 valid_auc=0.687645 valid_rmse=0.481442 q_change=40 q_delta=0.361204 q_grad=0.002579
epoch=53 loss_total=0.628326 loss_rec=0.509144 valid_auc=0.686663 valid_rmse=0.481193 q_change=40 q_delta=0.361784 q_grad=0.002594
epoch=54 loss_total=0.621442 loss_rec=0.502261 valid_auc=0.685045 valid_rmse=0.483351 q_change=39 q_delta=0.362501 q_grad=0.002610
epoch=55 loss_total=0.617184 loss_rec=0.498060 valid_auc=0.691897 valid_rmse=0.479572 q_change=40 q_delta=0.363267 q_grad=0.002554
epoch=56 loss_total=0.616865 loss_rec=0.497784 valid_auc=0.687757 valid_rmse=0.482404 q_change=41 q_delta=0.363779 q_grad=0.002581
epoch=57 loss_total=0.616922 loss_rec=0.497853 valid_auc=0.685067 valid_rmse=0.485168 q_change=41 q_delta=0.364376 q_grad=0.002699
epoch=58 loss_total=0.611405 loss_rec=0.492374 valid_auc=0.686886 valid_rmse=0.485080 q_change=40 q_delta=0.365013 q_grad=0.002639
epoch=59 loss_total=0.609278 loss_rec=0.490358 valid_auc=0.690190 valid_rmse=0.481527 q_change=40 q_delta=0.365739 q_grad=0.002608
epoch=60 loss_total=0.611285 loss_rec=0.492376 valid_auc=0.689955 valid_rmse=0.482890 q_change=40 q_delta=0.366314 q_grad=0.002648
epoch=61 loss_total=0.608730 loss_rec=0.489826 valid_auc=0.687567 valid_rmse=0.482780 q_change=40 q_delta=0.366931 q_grad=0.002700
epoch=62 loss_total=0.605207 loss_rec=0.486384 valid_auc=0.691094 valid_rmse=0.482159 q_change=40 q_delta=0.367687 q_grad=0.002614
epoch=63 loss_total=0.604791 loss_rec=0.485977 valid_auc=0.688560 valid_rmse=0.483930 q_change=40 q_delta=0.368242 q_grad=0.002737
epoch=64 loss_total=0.604861 loss_rec=0.486073 valid_auc=0.688929 valid_rmse=0.485677 q_change=40 q_delta=0.368595 q_grad=0.002708
epoch=65 loss_total=0.603000 loss_rec=0.484230 valid_auc=0.688259 valid_rmse=0.484179 q_change=40 q_delta=0.369502 q_grad=0.002588
epoch=66 loss_total=0.602741 loss_rec=0.483996 valid_auc=0.687321 valid_rmse=0.485284 q_change=39 q_delta=0.370018 q_grad=0.002773
epoch=67 loss_total=0.602846 loss_rec=0.484130 valid_auc=0.686462 valid_rmse=0.485892 q_change=39 q_delta=0.370713 q_grad=0.002770
epoch=68 loss_total=0.595174 loss_rec=0.476490 valid_auc=0.688750 valid_rmse=0.487221 q_change=39 q_delta=0.371211 q_grad=0.002727
epoch=69 loss_total=0.593628 loss_rec=0.474949 valid_auc=0.687768 valid_rmse=0.491951 q_change=39 q_delta=0.371914 q_grad=0.002776
epoch=70 loss_total=0.589681 loss_rec=0.471019 valid_auc=0.686886 valid_rmse=0.486491 q_change=39 q_delta=0.372754 q_grad=0.002836
epoch=71 loss_total=0.590899 loss_rec=0.472297 valid_auc=0.689688 valid_rmse=0.485180 q_change=39 q_delta=0.373409 q_grad=0.002787
epoch=72 loss_total=0.591380 loss_rec=0.472756 valid_auc=0.688583 valid_rmse=0.485932 q_change=40 q_delta=0.373958 q_grad=0.002814
epoch=73 loss_total=0.584464 loss_rec=0.465845 valid_auc=0.685759 valid_rmse=0.489366 q_change=41 q_delta=0.374608 q_grad=0.002809
epoch=74 loss_total=0.590221 loss_rec=0.471636 valid_auc=0.687835 valid_rmse=0.487090 q_change=41 q_delta=0.375389 q_grad=0.002827
epoch=75 loss_total=0.587268 loss_rec=0.468684 valid_auc=0.685391 valid_rmse=0.493234 q_change=41 q_delta=0.375627 q_grad=0.002826
Early stopping at epoch 75; best_epoch=55.
Saved run to C:\Users\YAN_SHU_YU\Desktop\Generative-CD\Q_GNCDM\results\weak_q_lambda_sweep\lq_0p4_ls_0p4_lb_0p1\seed_2026\noise_0.20\weak-q_lq_0p4_ls_0p4_lb_0p1
Final metrics: q_hat_f1=0.438356 response_auc=0.684865 mastery_pearson=0.498543
