run=weak-q_lq_0p2_ls_0p7_lb_0p2 mode=weak-q noise=0.20 train=4200 valid=600 test=1200
epoch=1 loss_total=1.078739 loss_rec=0.725665 valid_auc=0.587600 valid_rmse=0.499757 q_change=57 q_delta=0.079213 q_grad=0.000711
epoch=2 loss_total=1.005504 loss_rec=0.705976 valid_auc=0.593672 valid_rmse=0.499342 q_change=57 q_delta=0.149854 q_grad=0.000649
epoch=3 loss_total=0.953494 loss_rec=0.700180 valid_auc=0.605497 valid_rmse=0.498632 q_change=57 q_delta=0.209258 q_grad=0.000581
epoch=4 loss_total=0.909328 loss_rec=0.694192 valid_auc=0.622383 valid_rmse=0.498083 q_change=57 q_delta=0.257322 q_grad=0.000508
epoch=5 loss_total=0.879405 loss_rec=0.694404 valid_auc=0.642623 valid_rmse=0.496455 q_change=57 q_delta=0.294761 q_grad=0.000441
epoch=6 loss_total=0.851944 loss_rec=0.690249 valid_auc=0.657740 valid_rmse=0.495758 q_change=57 q_delta=0.323271 q_grad=0.000387
epoch=7 loss_total=0.827441 loss_rec=0.683418 valid_auc=0.658438 valid_rmse=0.493978 q_change=57 q_delta=0.344637 q_grad=0.000357
epoch=8 loss_total=0.808136 loss_rec=0.676975 valid_auc=0.653951 valid_rmse=0.490375 q_change=57 q_delta=0.359609 q_grad=0.000372
epoch=9 loss_total=0.789230 loss_rec=0.667022 valid_auc=0.659040 valid_rmse=0.483603 q_change=57 q_delta=0.370417 q_grad=0.000463
epoch=10 loss_total=0.778834 loss_rec=0.663499 valid_auc=0.659989 valid_rmse=0.482251 q_change=57 q_delta=0.378757 q_grad=0.000559
epoch=11 loss_total=0.769352 loss_rec=0.659267 valid_auc=0.660759 valid_rmse=0.481120 q_change=57 q_delta=0.385979 q_grad=0.000666
epoch=12 loss_total=0.755678 loss_rec=0.650376 valid_auc=0.664319 valid_rmse=0.481767 q_change=57 q_delta=0.391925 q_grad=0.000733
epoch=13 loss_total=0.749917 loss_rec=0.648627 valid_auc=0.666055 valid_rmse=0.478607 q_change=57 q_delta=0.397077 q_grad=0.000752
epoch=14 loss_total=0.745902 loss_rec=0.647729 valid_auc=0.668382 valid_rmse=0.479966 q_change=57 q_delta=0.400945 q_grad=0.000839
epoch=15 loss_total=0.741973 loss_rec=0.646493 valid_auc=0.666574 valid_rmse=0.478334 q_change=57 q_delta=0.404682 q_grad=0.000892
epoch=16 loss_total=0.740435 loss_rec=0.647185 valid_auc=0.668069 valid_rmse=0.478238 q_change=57 q_delta=0.407517 q_grad=0.000988
epoch=17 loss_total=0.737855 loss_rec=0.646624 valid_auc=0.670123 valid_rmse=0.478689 q_change=57 q_delta=0.410027 q_grad=0.000969
epoch=18 loss_total=0.731044 loss_rec=0.641488 valid_auc=0.670580 valid_rmse=0.477862 q_change=57 q_delta=0.412327 q_grad=0.001009
epoch=19 loss_total=0.728097 loss_rec=0.640080 valid_auc=0.670580 valid_rmse=0.477738 q_change=57 q_delta=0.414292 q_grad=0.001088
epoch=20 loss_total=0.726732 loss_rec=0.639972 valid_auc=0.674196 valid_rmse=0.476291 q_change=57 q_delta=0.416145 q_grad=0.001188
epoch=21 loss_total=0.722742 loss_rec=0.637192 valid_auc=0.675011 valid_rmse=0.477195 q_change=57 q_delta=0.417458 q_grad=0.001148
epoch=22 loss_total=0.721623 loss_rec=0.637005 valid_auc=0.676652 valid_rmse=0.475933 q_change=57 q_delta=0.418732 q_grad=0.001262
epoch=23 loss_total=0.717955 loss_rec=0.634209 valid_auc=0.675725 valid_rmse=0.475553 q_change=57 q_delta=0.420023 q_grad=0.001282
epoch=24 loss_total=0.713318 loss_rec=0.630393 valid_auc=0.675770 valid_rmse=0.475997 q_change=57 q_delta=0.421027 q_grad=0.001341
epoch=25 loss_total=0.715882 loss_rec=0.633627 valid_auc=0.676429 valid_rmse=0.475683 q_change=57 q_delta=0.421820 q_grad=0.001471
epoch=26 loss_total=0.713243 loss_rec=0.631581 valid_auc=0.677321 valid_rmse=0.476464 q_change=57 q_delta=0.422577 q_grad=0.001484
epoch=27 loss_total=0.710850 loss_rec=0.629632 valid_auc=0.680279 valid_rmse=0.475962 q_change=57 q_delta=0.423130 q_grad=0.001499
epoch=28 loss_total=0.712221 loss_rec=0.631459 valid_auc=0.680246 valid_rmse=0.475110 q_change=57 q_delta=0.423835 q_grad=0.001588
epoch=29 loss_total=0.708538 loss_rec=0.628164 valid_auc=0.681473 valid_rmse=0.474910 q_change=57 q_delta=0.424313 q_grad=0.001652
epoch=30 loss_total=0.709461 loss_rec=0.629441 valid_auc=0.681429 valid_rmse=0.475226 q_change=57 q_delta=0.424673 q_grad=0.001641
epoch=31 loss_total=0.705817 loss_rec=0.625943 valid_auc=0.683348 valid_rmse=0.474636 q_change=57 q_delta=0.424930 q_grad=0.001688
epoch=32 loss_total=0.707506 loss_rec=0.627838 valid_auc=0.685558 valid_rmse=0.475447 q_change=57 q_delta=0.425031 q_grad=0.001760
epoch=33 loss_total=0.706014 loss_rec=0.626403 valid_auc=0.683058 valid_rmse=0.473907 q_change=57 q_delta=0.425369 q_grad=0.001742
epoch=34 loss_total=0.704905 loss_rec=0.625402 valid_auc=0.682667 valid_rmse=0.473687 q_change=57 q_delta=0.425356 q_grad=0.001771
epoch=35 loss_total=0.705963 loss_rec=0.626469 valid_auc=0.685681 valid_rmse=0.472941 q_change=56 q_delta=0.425345 q_grad=0.001761
epoch=36 loss_total=0.702470 loss_rec=0.622951 valid_auc=0.687355 valid_rmse=0.473629 q_change=56 q_delta=0.425846 q_grad=0.001802
epoch=37 loss_total=0.696438 loss_rec=0.616931 valid_auc=0.687779 valid_rmse=0.473151 q_change=56 q_delta=0.426510 q_grad=0.001827
epoch=38 loss_total=0.695889 loss_rec=0.616487 valid_auc=0.685536 valid_rmse=0.475666 q_change=56 q_delta=0.427067 q_grad=0.001942
epoch=39 loss_total=0.699045 loss_rec=0.619791 valid_auc=0.686953 valid_rmse=0.472931 q_change=56 q_delta=0.427714 q_grad=0.001881
epoch=40 loss_total=0.695068 loss_rec=0.615952 valid_auc=0.686931 valid_rmse=0.473119 q_change=56 q_delta=0.428098 q_grad=0.001919
epoch=41 loss_total=0.690763 loss_rec=0.611791 valid_auc=0.689107 valid_rmse=0.473283 q_change=56 q_delta=0.428458 q_grad=0.001935
epoch=42 loss_total=0.695313 loss_rec=0.616471 valid_auc=0.685324 valid_rmse=0.473696 q_change=56 q_delta=0.428865 q_grad=0.001988
epoch=43 loss_total=0.691143 loss_rec=0.612371 valid_auc=0.687946 valid_rmse=0.472851 q_change=56 q_delta=0.428983 q_grad=0.001926
epoch=44 loss_total=0.692215 loss_rec=0.613588 valid_auc=0.687656 valid_rmse=0.473141 q_change=56 q_delta=0.429348 q_grad=0.002001
epoch=45 loss_total=0.689428 loss_rec=0.610914 valid_auc=0.689152 valid_rmse=0.475413 q_change=56 q_delta=0.429421 q_grad=0.002025
epoch=46 loss_total=0.690662 loss_rec=0.612198 valid_auc=0.690569 valid_rmse=0.471566 q_change=56 q_delta=0.429723 q_grad=0.001974
epoch=47 loss_total=0.687937 loss_rec=0.609565 valid_auc=0.692902 valid_rmse=0.471815 q_change=56 q_delta=0.429771 q_grad=0.001995
epoch=48 loss_total=0.688160 loss_rec=0.609803 valid_auc=0.691596 valid_rmse=0.471252 q_change=56 q_delta=0.429902 q_grad=0.002029
epoch=49 loss_total=0.685977 loss_rec=0.607590 valid_auc=0.692054 valid_rmse=0.471246 q_change=56 q_delta=0.429874 q_grad=0.002052
epoch=50 loss_total=0.681995 loss_rec=0.603590 valid_auc=0.690469 valid_rmse=0.471987 q_change=56 q_delta=0.429862 q_grad=0.001953
epoch=51 loss_total=0.682015 loss_rec=0.603615 valid_auc=0.693516 valid_rmse=0.472627 q_change=55 q_delta=0.429756 q_grad=0.002085
epoch=52 loss_total=0.683062 loss_rec=0.604626 valid_auc=0.691529 valid_rmse=0.471479 q_change=55 q_delta=0.430267 q_grad=0.002089
epoch=53 loss_total=0.684572 loss_rec=0.606110 valid_auc=0.693862 valid_rmse=0.470875 q_change=55 q_delta=0.430698 q_grad=0.002075
epoch=54 loss_total=0.676689 loss_rec=0.598260 valid_auc=0.692991 valid_rmse=0.472190 q_change=55 q_delta=0.431080 q_grad=0.002040
epoch=55 loss_total=0.676339 loss_rec=0.597941 valid_auc=0.695926 valid_rmse=0.470773 q_change=55 q_delta=0.431444 q_grad=0.002092
epoch=56 loss_total=0.677622 loss_rec=0.599261 valid_auc=0.694185 valid_rmse=0.471111 q_change=54 q_delta=0.431796 q_grad=0.002127
epoch=57 loss_total=0.675836 loss_rec=0.597506 valid_auc=0.695714 valid_rmse=0.472907 q_change=54 q_delta=0.431989 q_grad=0.002184
epoch=58 loss_total=0.672506 loss_rec=0.594189 valid_auc=0.693516 valid_rmse=0.473161 q_change=54 q_delta=0.432292 q_grad=0.002144
epoch=59 loss_total=0.672122 loss_rec=0.593961 valid_auc=0.692980 valid_rmse=0.471416 q_change=54 q_delta=0.432708 q_grad=0.002139
epoch=60 loss_total=0.671453 loss_rec=0.593366 valid_auc=0.694174 valid_rmse=0.472623 q_change=54 q_delta=0.432957 q_grad=0.002174
epoch=61 loss_total=0.670365 loss_rec=0.592343 valid_auc=0.694208 valid_rmse=0.472278 q_change=54 q_delta=0.433360 q_grad=0.002220
epoch=62 loss_total=0.668264 loss_rec=0.590335 valid_auc=0.693460 valid_rmse=0.471688 q_change=54 q_delta=0.433668 q_grad=0.002171
epoch=63 loss_total=0.669408 loss_rec=0.591509 valid_auc=0.691462 valid_rmse=0.472942 q_change=54 q_delta=0.433836 q_grad=0.002209
epoch=64 loss_total=0.672201 loss_rec=0.594418 valid_auc=0.695681 valid_rmse=0.474127 q_change=54 q_delta=0.434049 q_grad=0.002262
epoch=65 loss_total=0.666166 loss_rec=0.588424 valid_auc=0.692578 valid_rmse=0.472073 q_change=54 q_delta=0.434419 q_grad=0.002160
epoch=66 loss_total=0.666626 loss_rec=0.588977 valid_auc=0.693538 valid_rmse=0.472807 q_change=54 q_delta=0.434601 q_grad=0.002297
epoch=67 loss_total=0.669073 loss_rec=0.591485 valid_auc=0.691607 valid_rmse=0.473965 q_change=54 q_delta=0.434793 q_grad=0.002280
epoch=68 loss_total=0.664918 loss_rec=0.587410 valid_auc=0.692210 valid_rmse=0.474873 q_change=54 q_delta=0.434971 q_grad=0.002284
epoch=69 loss_total=0.661622 loss_rec=0.584191 valid_auc=0.695033 valid_rmse=0.479805 q_change=54 q_delta=0.435030 q_grad=0.002368
epoch=70 loss_total=0.661156 loss_rec=0.583763 valid_auc=0.691094 valid_rmse=0.473031 q_change=54 q_delta=0.435369 q_grad=0.002367
epoch=71 loss_total=0.663515 loss_rec=0.586194 valid_auc=0.691317 valid_rmse=0.473328 q_change=54 q_delta=0.435506 q_grad=0.002373
epoch=72 loss_total=0.662161 loss_rec=0.584888 valid_auc=0.690346 valid_rmse=0.473818 q_change=54 q_delta=0.435674 q_grad=0.002389
epoch=73 loss_total=0.658534 loss_rec=0.581387 valid_auc=0.687667 valid_rmse=0.474212 q_change=54 q_delta=0.435855 q_grad=0.002444
epoch=74 loss_total=0.662720 loss_rec=0.585632 valid_auc=0.689129 valid_rmse=0.474781 q_change=54 q_delta=0.435960 q_grad=0.002383
epoch=75 loss_total=0.660692 loss_rec=0.583606 valid_auc=0.687333 valid_rmse=0.481175 q_change=54 q_delta=0.435945 q_grad=0.002394
Early stopping at epoch 75; best_epoch=55.
Saved run to C:\Users\YAN_SHU_YU\Desktop\Generative-CD\Q_GNCDM\results\weak_q_lambda_sweep\lq_0p2_ls_0p7_lb_0p2\seed_2026\noise_0.20\weak-q_lq_0p2_ls_0p7_lb_0p2
Final metrics: q_hat_f1=0.068966 response_auc=0.685187 mastery_pearson=0.310244
