run=weak-q_lq_0p9_ls_0p8_lb_0p4 mode=weak-q noise=0.20 train=4200 valid=600 test=1200
epoch=1 loss_total=1.172499 loss_rec=0.725660 valid_auc=0.587567 valid_rmse=0.499755 q_change=57 q_delta=0.078183 q_grad=0.000783
epoch=2 loss_total=1.098396 loss_rec=0.705892 valid_auc=0.593672 valid_rmse=0.499313 q_change=57 q_delta=0.144886 q_grad=0.000649
epoch=3 loss_total=1.051511 loss_rec=0.699897 valid_auc=0.605134 valid_rmse=0.498519 q_change=57 q_delta=0.198959 q_grad=0.000535
epoch=4 loss_total=1.014943 loss_rec=0.693487 valid_auc=0.622188 valid_rmse=0.497754 q_change=57 q_delta=0.241849 q_grad=0.000440
epoch=5 loss_total=0.992572 loss_rec=0.692879 valid_auc=0.643092 valid_rmse=0.495647 q_change=57 q_delta=0.274866 q_grad=0.000374
epoch=6 loss_total=0.970830 loss_rec=0.686764 valid_auc=0.658371 valid_rmse=0.493756 q_change=57 q_delta=0.299472 q_grad=0.000341
epoch=7 loss_total=0.948354 loss_rec=0.675166 valid_auc=0.659844 valid_rmse=0.489389 q_change=57 q_delta=0.316806 q_grad=0.000363
epoch=8 loss_total=0.928226 loss_rec=0.661925 valid_auc=0.658449 valid_rmse=0.483896 q_change=57 q_delta=0.327785 q_grad=0.000491
epoch=9 loss_total=0.911944 loss_rec=0.650282 valid_auc=0.668058 valid_rmse=0.478157 q_change=57 q_delta=0.336686 q_grad=0.000667
epoch=10 loss_total=0.907818 loss_rec=0.650196 valid_auc=0.670112 valid_rmse=0.478000 q_change=57 q_delta=0.343715 q_grad=0.000777
epoch=11 loss_total=0.901289 loss_rec=0.646546 valid_auc=0.673013 valid_rmse=0.476470 q_change=57 q_delta=0.349609 q_grad=0.000916
epoch=12 loss_total=0.888775 loss_rec=0.636521 valid_auc=0.677165 valid_rmse=0.476941 q_change=57 q_delta=0.353860 q_grad=0.001015
epoch=13 loss_total=0.883577 loss_rec=0.633307 valid_auc=0.679576 valid_rmse=0.474085 q_change=57 q_delta=0.357690 q_grad=0.001075
epoch=14 loss_total=0.881373 loss_rec=0.632517 valid_auc=0.679844 valid_rmse=0.475469 q_change=57 q_delta=0.360020 q_grad=0.001210
epoch=15 loss_total=0.876680 loss_rec=0.628956 valid_auc=0.680402 valid_rmse=0.473601 q_change=57 q_delta=0.362444 q_grad=0.001316
epoch=16 loss_total=0.876601 loss_rec=0.629757 valid_auc=0.683605 valid_rmse=0.473517 q_change=57 q_delta=0.363966 q_grad=0.001456
epoch=17 loss_total=0.872876 loss_rec=0.626837 valid_auc=0.682667 valid_rmse=0.473618 q_change=57 q_delta=0.365402 q_grad=0.001426
epoch=18 loss_total=0.865987 loss_rec=0.620482 valid_auc=0.684754 valid_rmse=0.472807 q_change=57 q_delta=0.366694 q_grad=0.001488
epoch=19 loss_total=0.864252 loss_rec=0.619396 valid_auc=0.685033 valid_rmse=0.474133 q_change=57 q_delta=0.367938 q_grad=0.001611
epoch=20 loss_total=0.861674 loss_rec=0.617174 valid_auc=0.688002 valid_rmse=0.472026 q_change=56 q_delta=0.369010 q_grad=0.001705
epoch=21 loss_total=0.856912 loss_rec=0.612778 valid_auc=0.688309 valid_rmse=0.474097 q_change=56 q_delta=0.369866 q_grad=0.001638
epoch=22 loss_total=0.854651 loss_rec=0.610742 valid_auc=0.688638 valid_rmse=0.473076 q_change=56 q_delta=0.370931 q_grad=0.001785
epoch=23 loss_total=0.851801 loss_rec=0.608105 valid_auc=0.686049 valid_rmse=0.472837 q_change=56 q_delta=0.372338 q_grad=0.001766
epoch=24 loss_total=0.846746 loss_rec=0.603266 valid_auc=0.684799 valid_rmse=0.473652 q_change=56 q_delta=0.373309 q_grad=0.001795
epoch=25 loss_total=0.848137 loss_rec=0.604816 valid_auc=0.685469 valid_rmse=0.473600 q_change=54 q_delta=0.374073 q_grad=0.001925
epoch=26 loss_total=0.845225 loss_rec=0.602036 valid_auc=0.687388 valid_rmse=0.474239 q_change=53 q_delta=0.374950 q_grad=0.001907
epoch=27 loss_total=0.841320 loss_rec=0.598157 valid_auc=0.688415 valid_rmse=0.475292 q_change=53 q_delta=0.375756 q_grad=0.001884
epoch=28 loss_total=0.844028 loss_rec=0.601051 valid_auc=0.687400 valid_rmse=0.473998 q_change=52 q_delta=0.377220 q_grad=0.001962
epoch=29 loss_total=0.837334 loss_rec=0.594478 valid_auc=0.690067 valid_rmse=0.473360 q_change=52 q_delta=0.378443 q_grad=0.001993
epoch=30 loss_total=0.836364 loss_rec=0.593519 valid_auc=0.691283 valid_rmse=0.473918 q_change=52 q_delta=0.379697 q_grad=0.001970
epoch=31 loss_total=0.832145 loss_rec=0.589224 valid_auc=0.690670 valid_rmse=0.473913 q_change=51 q_delta=0.380996 q_grad=0.002005
epoch=32 loss_total=0.833450 loss_rec=0.590574 valid_auc=0.692690 valid_rmse=0.473812 q_change=51 q_delta=0.382273 q_grad=0.002058
epoch=33 loss_total=0.830532 loss_rec=0.587627 valid_auc=0.691339 valid_rmse=0.471753 q_change=51 q_delta=0.383562 q_grad=0.002055
epoch=34 loss_total=0.829513 loss_rec=0.586639 valid_auc=0.689286 valid_rmse=0.472249 q_change=51 q_delta=0.384488 q_grad=0.002045
epoch=35 loss_total=0.828865 loss_rec=0.586008 valid_auc=0.693237 valid_rmse=0.471004 q_change=50 q_delta=0.385447 q_grad=0.002035
epoch=36 loss_total=0.822256 loss_rec=0.579234 valid_auc=0.694018 valid_rmse=0.471910 q_change=49 q_delta=0.386020 q_grad=0.002114
epoch=37 loss_total=0.817638 loss_rec=0.574515 valid_auc=0.693359 valid_rmse=0.472952 q_change=49 q_delta=0.386997 q_grad=0.002113
epoch=38 loss_total=0.814590 loss_rec=0.571540 valid_auc=0.693728 valid_rmse=0.474339 q_change=49 q_delta=0.388036 q_grad=0.002233
epoch=39 loss_total=0.814745 loss_rec=0.571656 valid_auc=0.692288 valid_rmse=0.471841 q_change=49 q_delta=0.389505 q_grad=0.002179
epoch=40 loss_total=0.810717 loss_rec=0.567608 valid_auc=0.692958 valid_rmse=0.472397 q_change=49 q_delta=0.390435 q_grad=0.002240
epoch=41 loss_total=0.805088 loss_rec=0.562013 valid_auc=0.693917 valid_rmse=0.473940 q_change=49 q_delta=0.391402 q_grad=0.002252
epoch=42 loss_total=0.807186 loss_rec=0.564077 valid_auc=0.690112 valid_rmse=0.473351 q_change=50 q_delta=0.392507 q_grad=0.002373
epoch=43 loss_total=0.801210 loss_rec=0.558038 valid_auc=0.691719 valid_rmse=0.474023 q_change=50 q_delta=0.393119 q_grad=0.002349
epoch=44 loss_total=0.799847 loss_rec=0.556710 valid_auc=0.690246 valid_rmse=0.474855 q_change=50 q_delta=0.394075 q_grad=0.002411
epoch=45 loss_total=0.794068 loss_rec=0.550984 valid_auc=0.691105 valid_rmse=0.479432 q_change=50 q_delta=0.394557 q_grad=0.002477
epoch=46 loss_total=0.793899 loss_rec=0.550769 valid_auc=0.694397 valid_rmse=0.472952 q_change=50 q_delta=0.395444 q_grad=0.002471
epoch=47 loss_total=0.790014 loss_rec=0.546896 valid_auc=0.691094 valid_rmse=0.476212 q_change=50 q_delta=0.395944 q_grad=0.002505
epoch=48 loss_total=0.786610 loss_rec=0.543520 valid_auc=0.690993 valid_rmse=0.475363 q_change=50 q_delta=0.396541 q_grad=0.002593
epoch=49 loss_total=0.782394 loss_rec=0.539339 valid_auc=0.692824 valid_rmse=0.474176 q_change=50 q_delta=0.396865 q_grad=0.002613
epoch=50 loss_total=0.776919 loss_rec=0.533838 valid_auc=0.690223 valid_rmse=0.477195 q_change=50 q_delta=0.397302 q_grad=0.002614
epoch=51 loss_total=0.775693 loss_rec=0.532732 valid_auc=0.690882 valid_rmse=0.478114 q_change=50 q_delta=0.397616 q_grad=0.002705
epoch=52 loss_total=0.777335 loss_rec=0.534432 valid_auc=0.689643 valid_rmse=0.476783 q_change=50 q_delta=0.398196 q_grad=0.002762
epoch=53 loss_total=0.777478 loss_rec=0.534592 valid_auc=0.690513 valid_rmse=0.475523 q_change=50 q_delta=0.398553 q_grad=0.002780
epoch=54 loss_total=0.769187 loss_rec=0.526300 valid_auc=0.685748 valid_rmse=0.478942 q_change=50 q_delta=0.398697 q_grad=0.002782
epoch=55 loss_total=0.765404 loss_rec=0.522606 valid_auc=0.692634 valid_rmse=0.475600 q_change=50 q_delta=0.399037 q_grad=0.002776
epoch=56 loss_total=0.765566 loss_rec=0.522801 valid_auc=0.687377 valid_rmse=0.478439 q_change=50 q_delta=0.399220 q_grad=0.002852
epoch=57 loss_total=0.763729 loss_rec=0.520996 valid_auc=0.686283 valid_rmse=0.480793 q_change=49 q_delta=0.399474 q_grad=0.002958
epoch=58 loss_total=0.757356 loss_rec=0.514692 valid_auc=0.686752 valid_rmse=0.482273 q_change=49 q_delta=0.399697 q_grad=0.002882
epoch=59 loss_total=0.757716 loss_rec=0.515203 valid_auc=0.690257 valid_rmse=0.477340 q_change=49 q_delta=0.400034 q_grad=0.002895
epoch=60 loss_total=0.756590 loss_rec=0.514165 valid_auc=0.688839 valid_rmse=0.479043 q_change=49 q_delta=0.400153 q_grad=0.002882
epoch=61 loss_total=0.754164 loss_rec=0.511714 valid_auc=0.686250 valid_rmse=0.479759 q_change=49 q_delta=0.400399 q_grad=0.003031
epoch=62 loss_total=0.750997 loss_rec=0.508698 valid_auc=0.689364 valid_rmse=0.479079 q_change=49 q_delta=0.400655 q_grad=0.002965
epoch=63 loss_total=0.751627 loss_rec=0.509414 valid_auc=0.686261 valid_rmse=0.480521 q_change=49 q_delta=0.400781 q_grad=0.003068
epoch=64 loss_total=0.750340 loss_rec=0.508190 valid_auc=0.688717 valid_rmse=0.482977 q_change=49 q_delta=0.400711 q_grad=0.003058
epoch=65 loss_total=0.747577 loss_rec=0.505489 valid_auc=0.687143 valid_rmse=0.480668 q_change=49 q_delta=0.401057 q_grad=0.002915
epoch=66 loss_total=0.748494 loss_rec=0.506485 valid_auc=0.685759 valid_rmse=0.481533 q_change=49 q_delta=0.401144 q_grad=0.003136
Early stopping at epoch 66; best_epoch=46.
Saved run to C:\Users\YAN_SHU_YU\Desktop\Generative-CD\Q_GNCDM\results\weak_q_lambda_sweep\lq_0p9_ls_0p8_lb_0p4\seed_2026\noise_0.20\weak-q_lq_0p9_ls_0p8_lb_0p4
Final metrics: q_hat_f1=0.222222 response_auc=0.690535 mastery_pearson=0.433886
