run=weak-q_lq_0p6_ls_0p4_lb_0p6 mode=weak-q noise=0.20 train=4200 valid=600 test=1200
epoch=1 loss_total=1.046763 loss_rec=0.725658 valid_auc=0.587891 valid_rmse=0.499749 q_change=57 q_delta=0.078438 q_grad=0.000428
epoch=2 loss_total=0.995097 loss_rec=0.705881 valid_auc=0.595670 valid_rmse=0.499274 q_change=57 q_delta=0.147267 q_grad=0.000386
epoch=3 loss_total=0.962047 loss_rec=0.699843 valid_auc=0.610949 valid_rmse=0.498413 q_change=57 q_delta=0.204448 q_grad=0.000349
epoch=4 loss_total=0.933469 loss_rec=0.693375 valid_auc=0.633393 valid_rmse=0.497566 q_change=57 q_delta=0.250380 q_grad=0.000313
epoch=5 loss_total=0.915654 loss_rec=0.692655 valid_auc=0.655290 valid_rmse=0.495331 q_change=57 q_delta=0.285142 q_grad=0.000294
epoch=6 loss_total=0.896502 loss_rec=0.686197 valid_auc=0.666283 valid_rmse=0.493081 q_change=57 q_delta=0.309833 q_grad=0.000298
epoch=7 loss_total=0.875048 loss_rec=0.673551 valid_auc=0.664587 valid_rmse=0.487926 q_change=57 q_delta=0.325944 q_grad=0.000352
epoch=8 loss_total=0.856059 loss_rec=0.659947 valid_auc=0.661931 valid_rmse=0.482445 q_change=57 q_delta=0.335549 q_grad=0.000508
epoch=9 loss_total=0.841686 loss_rec=0.649349 valid_auc=0.669587 valid_rmse=0.477789 q_change=57 q_delta=0.343763 q_grad=0.000685
epoch=10 loss_total=0.839575 loss_rec=0.650619 valid_auc=0.670993 valid_rmse=0.477993 q_change=57 q_delta=0.350109 q_grad=0.000785
epoch=11 loss_total=0.833838 loss_rec=0.647271 valid_auc=0.672634 valid_rmse=0.476732 q_change=57 q_delta=0.355392 q_grad=0.000915
epoch=12 loss_total=0.822557 loss_rec=0.638056 valid_auc=0.675525 valid_rmse=0.477284 q_change=57 q_delta=0.359126 q_grad=0.001005
epoch=13 loss_total=0.817669 loss_rec=0.634806 valid_auc=0.678002 valid_rmse=0.474659 q_change=57 q_delta=0.362490 q_grad=0.001060
epoch=14 loss_total=0.815467 loss_rec=0.633775 valid_auc=0.678906 valid_rmse=0.475790 q_change=57 q_delta=0.364268 q_grad=0.001195
epoch=15 loss_total=0.811270 loss_rec=0.630458 valid_auc=0.680033 valid_rmse=0.473837 q_change=57 q_delta=0.366164 q_grad=0.001297
epoch=16 loss_total=0.810921 loss_rec=0.630802 valid_auc=0.683717 valid_rmse=0.473417 q_change=56 q_delta=0.366973 q_grad=0.001446
epoch=17 loss_total=0.807112 loss_rec=0.627554 valid_auc=0.683627 valid_rmse=0.473323 q_change=56 q_delta=0.368264 q_grad=0.001430
epoch=18 loss_total=0.799424 loss_rec=0.620249 valid_auc=0.684855 valid_rmse=0.472834 q_change=56 q_delta=0.369610 q_grad=0.001504
epoch=19 loss_total=0.797137 loss_rec=0.618468 valid_auc=0.685904 valid_rmse=0.473511 q_change=56 q_delta=0.370763 q_grad=0.001634
epoch=20 loss_total=0.793725 loss_rec=0.615349 valid_auc=0.688449 valid_rmse=0.471507 q_change=55 q_delta=0.371797 q_grad=0.001743
epoch=21 loss_total=0.788596 loss_rec=0.610587 valid_auc=0.689665 valid_rmse=0.473370 q_change=55 q_delta=0.372735 q_grad=0.001694
epoch=22 loss_total=0.785204 loss_rec=0.607474 valid_auc=0.689955 valid_rmse=0.472365 q_change=55 q_delta=0.373696 q_grad=0.001857
epoch=23 loss_total=0.781868 loss_rec=0.604461 valid_auc=0.686975 valid_rmse=0.472528 q_change=54 q_delta=0.374907 q_grad=0.001840
epoch=24 loss_total=0.776513 loss_rec=0.599477 valid_auc=0.686172 valid_rmse=0.473476 q_change=54 q_delta=0.376107 q_grad=0.001873
epoch=25 loss_total=0.776938 loss_rec=0.600273 valid_auc=0.686585 valid_rmse=0.473679 q_change=53 q_delta=0.377114 q_grad=0.002006
epoch=26 loss_total=0.774174 loss_rec=0.597798 valid_auc=0.687891 valid_rmse=0.474266 q_change=53 q_delta=0.378224 q_grad=0.001990
epoch=27 loss_total=0.770246 loss_rec=0.594148 valid_auc=0.687958 valid_rmse=0.475560 q_change=52 q_delta=0.379241 q_grad=0.001960
epoch=28 loss_total=0.772273 loss_rec=0.596466 valid_auc=0.687824 valid_rmse=0.474285 q_change=52 q_delta=0.380494 q_grad=0.002042
epoch=29 loss_total=0.765259 loss_rec=0.589731 valid_auc=0.690368 valid_rmse=0.473834 q_change=52 q_delta=0.381726 q_grad=0.002068
epoch=30 loss_total=0.764103 loss_rec=0.588780 valid_auc=0.692221 valid_rmse=0.474340 q_change=52 q_delta=0.382852 q_grad=0.002044
epoch=31 loss_total=0.759916 loss_rec=0.584801 valid_auc=0.692288 valid_rmse=0.473700 q_change=52 q_delta=0.383934 q_grad=0.002076
epoch=32 loss_total=0.760212 loss_rec=0.585316 valid_auc=0.694063 valid_rmse=0.473565 q_change=52 q_delta=0.384947 q_grad=0.002136
epoch=33 loss_total=0.756617 loss_rec=0.581894 valid_auc=0.693538 valid_rmse=0.471836 q_change=52 q_delta=0.386028 q_grad=0.002134
epoch=34 loss_total=0.755962 loss_rec=0.581463 valid_auc=0.691317 valid_rmse=0.472384 q_change=52 q_delta=0.386698 q_grad=0.002145
epoch=35 loss_total=0.755078 loss_rec=0.580750 valid_auc=0.695815 valid_rmse=0.471037 q_change=52 q_delta=0.387434 q_grad=0.002131
epoch=36 loss_total=0.747929 loss_rec=0.573693 valid_auc=0.696205 valid_rmse=0.471951 q_change=52 q_delta=0.387687 q_grad=0.002218
epoch=37 loss_total=0.743003 loss_rec=0.568911 valid_auc=0.694900 valid_rmse=0.473209 q_change=51 q_delta=0.388212 q_grad=0.002236
epoch=38 loss_total=0.739088 loss_rec=0.565182 valid_auc=0.695525 valid_rmse=0.474198 q_change=51 q_delta=0.388714 q_grad=0.002358
epoch=39 loss_total=0.738978 loss_rec=0.565210 valid_auc=0.695022 valid_rmse=0.471967 q_change=51 q_delta=0.389641 q_grad=0.002315
epoch=40 loss_total=0.734158 loss_rec=0.560572 valid_auc=0.694408 valid_rmse=0.473042 q_change=51 q_delta=0.390171 q_grad=0.002384
epoch=41 loss_total=0.728285 loss_rec=0.554884 valid_auc=0.695458 valid_rmse=0.474914 q_change=50 q_delta=0.390733 q_grad=0.002408
epoch=42 loss_total=0.729315 loss_rec=0.556062 valid_auc=0.693304 valid_rmse=0.474059 q_change=50 q_delta=0.391538 q_grad=0.002537
epoch=43 loss_total=0.723009 loss_rec=0.549864 valid_auc=0.693884 valid_rmse=0.474827 q_change=50 q_delta=0.392064 q_grad=0.002519
epoch=44 loss_total=0.720126 loss_rec=0.547131 valid_auc=0.692980 valid_rmse=0.475924 q_change=49 q_delta=0.392922 q_grad=0.002606
epoch=45 loss_total=0.714494 loss_rec=0.541677 valid_auc=0.692478 valid_rmse=0.480060 q_change=49 q_delta=0.393349 q_grad=0.002661
epoch=46 loss_total=0.714181 loss_rec=0.541445 valid_auc=0.695792 valid_rmse=0.474091 q_change=49 q_delta=0.394157 q_grad=0.002646
epoch=47 loss_total=0.709088 loss_rec=0.536506 valid_auc=0.691987 valid_rmse=0.478066 q_change=48 q_delta=0.394645 q_grad=0.002660
epoch=48 loss_total=0.706011 loss_rec=0.533553 valid_auc=0.692958 valid_rmse=0.476636 q_change=48 q_delta=0.395165 q_grad=0.002774
epoch=49 loss_total=0.700154 loss_rec=0.527781 valid_auc=0.694643 valid_rmse=0.476184 q_change=48 q_delta=0.395463 q_grad=0.002775
epoch=50 loss_total=0.695762 loss_rec=0.523476 valid_auc=0.691920 valid_rmse=0.479158 q_change=48 q_delta=0.395864 q_grad=0.002790
epoch=51 loss_total=0.693622 loss_rec=0.521480 valid_auc=0.693605 valid_rmse=0.480248 q_change=48 q_delta=0.396085 q_grad=0.002873
epoch=52 loss_total=0.693873 loss_rec=0.521843 valid_auc=0.692444 valid_rmse=0.478553 q_change=48 q_delta=0.396627 q_grad=0.002912
epoch=53 loss_total=0.694300 loss_rec=0.522339 valid_auc=0.692991 valid_rmse=0.477979 q_change=48 q_delta=0.396898 q_grad=0.002947
epoch=54 loss_total=0.685925 loss_rec=0.514056 valid_auc=0.689509 valid_rmse=0.480711 q_change=48 q_delta=0.397056 q_grad=0.002977
epoch=55 loss_total=0.681095 loss_rec=0.509312 valid_auc=0.694743 valid_rmse=0.477736 q_change=48 q_delta=0.397489 q_grad=0.002936
epoch=56 loss_total=0.680312 loss_rec=0.508597 valid_auc=0.689408 valid_rmse=0.480637 q_change=48 q_delta=0.397723 q_grad=0.003032
Early stopping at epoch 56; best_epoch=36.
Saved run to C:\Users\YAN_SHU_YU\Desktop\Generative-CD\Q_GNCDM\results\weak_q_lambda_sweep\lq_0p6_ls_0p4_lb_0p6\seed_2026\noise_0.20\weak-q_lq_0p6_ls_0p4_lb_0p6
Final metrics: q_hat_f1=0.163934 response_auc=0.690833 mastery_pearson=0.412377
