run=weak-q_lq_0p9_ls_0p5_lb_0p7 mode=weak-q noise=0.20 train=4200 valid=600 test=1200
epoch=1 loss_total=1.115195 loss_rec=0.725658 valid_auc=0.587768 valid_rmse=0.499751 q_change=57 q_delta=0.078131 q_grad=0.000518
epoch=2 loss_total=1.058459 loss_rec=0.705865 valid_auc=0.594911 valid_rmse=0.499280 q_change=57 q_delta=0.145253 q_grad=0.000443
epoch=3 loss_total=1.023335 loss_rec=0.699790 valid_auc=0.609007 valid_rmse=0.498419 q_change=57 q_delta=0.200014 q_grad=0.000380
epoch=4 loss_total=0.994420 loss_rec=0.693223 valid_auc=0.629922 valid_rmse=0.497536 q_change=57 q_delta=0.243561 q_grad=0.000328
epoch=5 loss_total=0.976952 loss_rec=0.692278 valid_auc=0.651004 valid_rmse=0.495186 q_change=57 q_delta=0.276479 q_grad=0.000301
epoch=6 loss_total=0.958037 loss_rec=0.685245 valid_auc=0.663683 valid_rmse=0.492622 q_change=57 q_delta=0.299824 q_grad=0.000305
epoch=7 loss_total=0.936106 loss_rec=0.671294 valid_auc=0.663315 valid_rmse=0.486973 q_change=57 q_delta=0.314813 q_grad=0.000368
epoch=8 loss_total=0.916781 loss_rec=0.656649 valid_auc=0.662746 valid_rmse=0.481744 q_change=57 q_delta=0.323646 q_grad=0.000544
epoch=9 loss_total=0.902862 loss_rec=0.646053 valid_auc=0.671540 valid_rmse=0.476947 q_change=57 q_delta=0.331226 q_grad=0.000728
epoch=10 loss_total=0.900603 loss_rec=0.646777 valid_auc=0.673850 valid_rmse=0.476963 q_change=57 q_delta=0.336782 q_grad=0.000837
epoch=11 loss_total=0.894759 loss_rec=0.642936 valid_auc=0.676964 valid_rmse=0.475210 q_change=57 q_delta=0.341332 q_grad=0.000982
epoch=12 loss_total=0.882771 loss_rec=0.632628 valid_auc=0.680580 valid_rmse=0.475495 q_change=57 q_delta=0.344177 q_grad=0.001088
epoch=13 loss_total=0.877309 loss_rec=0.628459 valid_auc=0.682612 valid_rmse=0.473073 q_change=57 q_delta=0.346766 q_grad=0.001157
epoch=14 loss_total=0.875069 loss_rec=0.627056 valid_auc=0.683772 valid_rmse=0.474158 q_change=57 q_delta=0.347731 q_grad=0.001300
epoch=15 loss_total=0.869709 loss_rec=0.622296 valid_auc=0.684408 valid_rmse=0.472457 q_change=56 q_delta=0.349146 q_grad=0.001410
epoch=16 loss_total=0.869139 loss_rec=0.622204 valid_auc=0.687109 valid_rmse=0.472505 q_change=55 q_delta=0.350359 q_grad=0.001553
epoch=17 loss_total=0.864486 loss_rec=0.618019 valid_auc=0.685725 valid_rmse=0.472605 q_change=54 q_delta=0.351702 q_grad=0.001520
epoch=18 loss_total=0.856825 loss_rec=0.610709 valid_auc=0.687623 valid_rmse=0.472254 q_change=54 q_delta=0.353257 q_grad=0.001579
epoch=19 loss_total=0.854348 loss_rec=0.608737 valid_auc=0.687199 valid_rmse=0.473660 q_change=53 q_delta=0.354929 q_grad=0.001699
epoch=20 loss_total=0.850543 loss_rec=0.605226 valid_auc=0.689319 valid_rmse=0.471682 q_change=52 q_delta=0.356949 q_grad=0.001790
epoch=21 loss_total=0.844764 loss_rec=0.599809 valid_auc=0.690201 valid_rmse=0.473655 q_change=52 q_delta=0.358542 q_grad=0.001723
epoch=22 loss_total=0.841290 loss_rec=0.596618 valid_auc=0.689141 valid_rmse=0.473000 q_change=51 q_delta=0.360552 q_grad=0.001870
epoch=23 loss_total=0.837935 loss_rec=0.593588 valid_auc=0.686395 valid_rmse=0.473101 q_change=51 q_delta=0.362632 q_grad=0.001836
epoch=24 loss_total=0.831860 loss_rec=0.587851 valid_auc=0.686362 valid_rmse=0.474018 q_change=51 q_delta=0.364258 q_grad=0.001870
epoch=25 loss_total=0.831635 loss_rec=0.587898 valid_auc=0.687321 valid_rmse=0.474178 q_change=51 q_delta=0.365658 q_grad=0.002001
epoch=26 loss_total=0.828097 loss_rec=0.584608 valid_auc=0.688650 valid_rmse=0.474585 q_change=50 q_delta=0.366979 q_grad=0.001989
epoch=27 loss_total=0.823122 loss_rec=0.579839 valid_auc=0.689196 valid_rmse=0.476580 q_change=50 q_delta=0.368030 q_grad=0.001969
epoch=28 loss_total=0.824924 loss_rec=0.581858 valid_auc=0.689766 valid_rmse=0.474625 q_change=49 q_delta=0.369376 q_grad=0.002072
epoch=29 loss_total=0.816846 loss_rec=0.573995 valid_auc=0.691775 valid_rmse=0.474273 q_change=49 q_delta=0.370513 q_grad=0.002089
epoch=30 loss_total=0.814658 loss_rec=0.571958 valid_auc=0.693382 valid_rmse=0.474932 q_change=49 q_delta=0.371635 q_grad=0.002097
epoch=31 loss_total=0.809594 loss_rec=0.567062 valid_auc=0.693571 valid_rmse=0.474750 q_change=49 q_delta=0.372876 q_grad=0.002122
epoch=32 loss_total=0.809089 loss_rec=0.566730 valid_auc=0.695368 valid_rmse=0.474805 q_change=49 q_delta=0.374243 q_grad=0.002191
epoch=33 loss_total=0.804034 loss_rec=0.561779 valid_auc=0.693772 valid_rmse=0.472819 q_change=49 q_delta=0.375445 q_grad=0.002201
epoch=34 loss_total=0.803099 loss_rec=0.561036 valid_auc=0.692321 valid_rmse=0.473346 q_change=48 q_delta=0.376276 q_grad=0.002212
epoch=35 loss_total=0.802131 loss_rec=0.560191 valid_auc=0.696507 valid_rmse=0.471786 q_change=48 q_delta=0.377250 q_grad=0.002211
epoch=36 loss_total=0.793589 loss_rec=0.551699 valid_auc=0.696004 valid_rmse=0.472531 q_change=48 q_delta=0.377713 q_grad=0.002299
epoch=37 loss_total=0.788933 loss_rec=0.547134 valid_auc=0.693962 valid_rmse=0.475116 q_change=48 q_delta=0.378375 q_grad=0.002304
epoch=38 loss_total=0.782811 loss_rec=0.541175 valid_auc=0.694777 valid_rmse=0.475691 q_change=49 q_delta=0.378926 q_grad=0.002430
epoch=39 loss_total=0.781430 loss_rec=0.539889 valid_auc=0.694163 valid_rmse=0.474028 q_change=49 q_delta=0.379929 q_grad=0.002403
epoch=40 loss_total=0.778020 loss_rec=0.536592 valid_auc=0.692511 valid_rmse=0.475510 q_change=49 q_delta=0.380414 q_grad=0.002485
epoch=41 loss_total=0.770582 loss_rec=0.529306 valid_auc=0.692958 valid_rmse=0.478072 q_change=47 q_delta=0.380918 q_grad=0.002495
epoch=42 loss_total=0.772795 loss_rec=0.531632 valid_auc=0.690513 valid_rmse=0.476743 q_change=47 q_delta=0.381618 q_grad=0.002637
epoch=43 loss_total=0.766519 loss_rec=0.525441 valid_auc=0.692243 valid_rmse=0.477631 q_change=47 q_delta=0.381937 q_grad=0.002607
epoch=44 loss_total=0.763141 loss_rec=0.522171 valid_auc=0.691205 valid_rmse=0.478018 q_change=47 q_delta=0.382576 q_grad=0.002666
epoch=45 loss_total=0.758193 loss_rec=0.517366 valid_auc=0.690145 valid_rmse=0.482948 q_change=47 q_delta=0.382753 q_grad=0.002685
epoch=46 loss_total=0.757825 loss_rec=0.517039 valid_auc=0.694699 valid_rmse=0.477009 q_change=47 q_delta=0.383333 q_grad=0.002703
epoch=47 loss_total=0.753556 loss_rec=0.512879 valid_auc=0.690078 valid_rmse=0.480937 q_change=46 q_delta=0.383764 q_grad=0.002703
epoch=48 loss_total=0.751656 loss_rec=0.511094 valid_auc=0.691339 valid_rmse=0.479955 q_change=47 q_delta=0.384321 q_grad=0.002783
epoch=49 loss_total=0.745785 loss_rec=0.505301 valid_auc=0.693147 valid_rmse=0.478460 q_change=46 q_delta=0.384473 q_grad=0.002755
epoch=50 loss_total=0.741645 loss_rec=0.501228 valid_auc=0.691004 valid_rmse=0.482233 q_change=45 q_delta=0.384793 q_grad=0.002786
epoch=51 loss_total=0.741094 loss_rec=0.500808 valid_auc=0.690670 valid_rmse=0.483025 q_change=44 q_delta=0.385124 q_grad=0.002857
epoch=52 loss_total=0.742529 loss_rec=0.502333 valid_auc=0.691004 valid_rmse=0.481110 q_change=44 q_delta=0.385645 q_grad=0.002879
epoch=53 loss_total=0.743408 loss_rec=0.503278 valid_auc=0.691406 valid_rmse=0.480199 q_change=44 q_delta=0.385818 q_grad=0.002897
epoch=54 loss_total=0.736487 loss_rec=0.496401 valid_auc=0.687545 valid_rmse=0.483128 q_change=44 q_delta=0.386044 q_grad=0.002923
epoch=55 loss_total=0.731955 loss_rec=0.491977 valid_auc=0.694967 valid_rmse=0.479488 q_change=44 q_delta=0.386480 q_grad=0.002852
Early stopping at epoch 55; best_epoch=35.
Saved run to C:\Users\YAN_SHU_YU\Desktop\Generative-CD\Q_GNCDM\results\weak_q_lambda_sweep\lq_0p9_ls_0p5_lb_0p7\seed_2026\noise_0.20\weak-q_lq_0p9_ls_0p5_lb_0p7
Final metrics: q_hat_f1=0.276923 response_auc=0.692245 mastery_pearson=0.455242
