run=weak-q_lq_0p4_ls_0p7_lb_0p5 mode=weak-q noise=0.20 train=4200 valid=600 test=1200
epoch=1 loss_total=1.152116 loss_rec=0.725666 valid_auc=0.587567 valid_rmse=0.499758 q_change=57 q_delta=0.079478 q_grad=0.000734
epoch=2 loss_total=1.076179 loss_rec=0.706000 valid_auc=0.593661 valid_rmse=0.499352 q_change=57 q_delta=0.151045 q_grad=0.000684
epoch=3 loss_total=1.020571 loss_rec=0.700259 valid_auc=0.605106 valid_rmse=0.498667 q_change=57 q_delta=0.211617 q_grad=0.000621
epoch=4 loss_total=0.972700 loss_rec=0.694377 valid_auc=0.621574 valid_rmse=0.498174 q_change=57 q_delta=0.260704 q_grad=0.000550
epoch=5 loss_total=0.939498 loss_rec=0.694766 valid_auc=0.641696 valid_rmse=0.496651 q_change=57 q_delta=0.298932 q_grad=0.000477
epoch=6 loss_total=0.909488 loss_rec=0.690989 valid_auc=0.657076 valid_rmse=0.496185 q_change=57 q_delta=0.328073 q_grad=0.000416
epoch=7 loss_total=0.883427 loss_rec=0.685029 valid_auc=0.658292 valid_rmse=0.494920 q_change=57 q_delta=0.350075 q_grad=0.000373
epoch=8 loss_total=0.863704 loss_rec=0.680272 valid_auc=0.652746 valid_rmse=0.492254 q_change=57 q_delta=0.365916 q_grad=0.000361
epoch=9 loss_total=0.845092 loss_rec=0.672374 valid_auc=0.656708 valid_rmse=0.486014 q_change=57 q_delta=0.377389 q_grad=0.000417
epoch=10 loss_total=0.832759 loss_rec=0.668052 valid_auc=0.657511 valid_rmse=0.483826 q_change=57 q_delta=0.385808 q_grad=0.000494
epoch=11 loss_total=0.821583 loss_rec=0.662825 valid_auc=0.657946 valid_rmse=0.482317 q_change=57 q_delta=0.392977 q_grad=0.000599
epoch=12 loss_total=0.806781 loss_rec=0.653439 valid_auc=0.661864 valid_rmse=0.482883 q_change=57 q_delta=0.399013 q_grad=0.000667
epoch=13 loss_total=0.800433 loss_rec=0.651716 valid_auc=0.663348 valid_rmse=0.479598 q_change=57 q_delta=0.404235 q_grad=0.000684
epoch=14 loss_total=0.795721 loss_rec=0.650624 valid_auc=0.665993 valid_rmse=0.480964 q_change=57 q_delta=0.408235 q_grad=0.000760
epoch=15 loss_total=0.791612 loss_rec=0.649664 valid_auc=0.664297 valid_rmse=0.479377 q_change=57 q_delta=0.412045 q_grad=0.000800
epoch=16 loss_total=0.789539 loss_rec=0.650206 valid_auc=0.665246 valid_rmse=0.479399 q_change=57 q_delta=0.414998 q_grad=0.000882
epoch=17 loss_total=0.787076 loss_rec=0.650110 valid_auc=0.667087 valid_rmse=0.479963 q_change=57 q_delta=0.417606 q_grad=0.000858
epoch=18 loss_total=0.780212 loss_rec=0.645250 valid_auc=0.668359 valid_rmse=0.479306 q_change=57 q_delta=0.420002 q_grad=0.000886
epoch=19 loss_total=0.776890 loss_rec=0.643727 valid_auc=0.667991 valid_rmse=0.479102 q_change=57 q_delta=0.422039 q_grad=0.000947
epoch=20 loss_total=0.775608 loss_rec=0.643949 valid_auc=0.671116 valid_rmse=0.477725 q_change=57 q_delta=0.423966 q_grad=0.001032
epoch=21 loss_total=0.771616 loss_rec=0.641410 valid_auc=0.670804 valid_rmse=0.478540 q_change=57 q_delta=0.425396 q_grad=0.000990
epoch=22 loss_total=0.770689 loss_rec=0.641635 valid_auc=0.671083 valid_rmse=0.477396 q_change=57 q_delta=0.426793 q_grad=0.001080
epoch=23 loss_total=0.766806 loss_rec=0.638831 valid_auc=0.670759 valid_rmse=0.477050 q_change=57 q_delta=0.428156 q_grad=0.001094
epoch=24 loss_total=0.762274 loss_rec=0.635318 valid_auc=0.671473 valid_rmse=0.477465 q_change=57 q_delta=0.429247 q_grad=0.001143
epoch=25 loss_total=0.764687 loss_rec=0.638560 valid_auc=0.672132 valid_rmse=0.476968 q_change=57 q_delta=0.430162 q_grad=0.001249
epoch=26 loss_total=0.762097 loss_rec=0.636730 valid_auc=0.671797 valid_rmse=0.477564 q_change=57 q_delta=0.431019 q_grad=0.001264
epoch=27 loss_total=0.759903 loss_rec=0.635144 valid_auc=0.675592 valid_rmse=0.476938 q_change=57 q_delta=0.431725 q_grad=0.001277
epoch=28 loss_total=0.760720 loss_rec=0.636567 valid_auc=0.676150 valid_rmse=0.476169 q_change=57 q_delta=0.432486 q_grad=0.001346
epoch=29 loss_total=0.757563 loss_rec=0.633940 valid_auc=0.678270 valid_rmse=0.476053 q_change=57 q_delta=0.433084 q_grad=0.001410
epoch=30 loss_total=0.758616 loss_rec=0.635484 valid_auc=0.678917 valid_rmse=0.476405 q_change=57 q_delta=0.433575 q_grad=0.001409
epoch=31 loss_total=0.754899 loss_rec=0.632101 valid_auc=0.679821 valid_rmse=0.475608 q_change=57 q_delta=0.434059 q_grad=0.001451
epoch=32 loss_total=0.756618 loss_rec=0.634208 valid_auc=0.680848 valid_rmse=0.476534 q_change=57 q_delta=0.434391 q_grad=0.001517
epoch=33 loss_total=0.755383 loss_rec=0.633231 valid_auc=0.679498 valid_rmse=0.475100 q_change=57 q_delta=0.434972 q_grad=0.001509
epoch=34 loss_total=0.754478 loss_rec=0.632668 valid_auc=0.678114 valid_rmse=0.474813 q_change=57 q_delta=0.435224 q_grad=0.001546
epoch=35 loss_total=0.755968 loss_rec=0.634397 valid_auc=0.680513 valid_rmse=0.474200 q_change=57 q_delta=0.435493 q_grad=0.001548
epoch=36 loss_total=0.752676 loss_rec=0.631298 valid_auc=0.681172 valid_rmse=0.475219 q_change=57 q_delta=0.435589 q_grad=0.001595
epoch=37 loss_total=0.747483 loss_rec=0.626243 valid_auc=0.682958 valid_rmse=0.474454 q_change=57 q_delta=0.435722 q_grad=0.001633
epoch=38 loss_total=0.746554 loss_rec=0.625402 valid_auc=0.682868 valid_rmse=0.475947 q_change=57 q_delta=0.435769 q_grad=0.001749
epoch=39 loss_total=0.750037 loss_rec=0.628975 valid_auc=0.682411 valid_rmse=0.474019 q_change=57 q_delta=0.435938 q_grad=0.001718
epoch=40 loss_total=0.745910 loss_rec=0.624898 valid_auc=0.683237 valid_rmse=0.474127 q_change=57 q_delta=0.435816 q_grad=0.001764
epoch=41 loss_total=0.741374 loss_rec=0.620295 valid_auc=0.686590 valid_rmse=0.474191 q_change=57 q_delta=0.435591 q_grad=0.001792
epoch=42 loss_total=0.745602 loss_rec=0.624445 valid_auc=0.682913 valid_rmse=0.474541 q_change=56 q_delta=0.435588 q_grad=0.001843
epoch=43 loss_total=0.741383 loss_rec=0.620125 valid_auc=0.685748 valid_rmse=0.473535 q_change=56 q_delta=0.436059 q_grad=0.001798
epoch=44 loss_total=0.741703 loss_rec=0.620453 valid_auc=0.686217 valid_rmse=0.474071 q_change=56 q_delta=0.436613 q_grad=0.001875
epoch=45 loss_total=0.739185 loss_rec=0.617981 valid_auc=0.686562 valid_rmse=0.476262 q_change=56 q_delta=0.436923 q_grad=0.001910
epoch=46 loss_total=0.740179 loss_rec=0.619008 valid_auc=0.687958 valid_rmse=0.472643 q_change=56 q_delta=0.437384 q_grad=0.001871
epoch=47 loss_total=0.737316 loss_rec=0.616230 valid_auc=0.689766 valid_rmse=0.472952 q_change=56 q_delta=0.437578 q_grad=0.001898
epoch=48 loss_total=0.738144 loss_rec=0.617090 valid_auc=0.689074 valid_rmse=0.472188 q_change=56 q_delta=0.437841 q_grad=0.001933
epoch=49 loss_total=0.736127 loss_rec=0.615057 valid_auc=0.688694 valid_rmse=0.472319 q_change=56 q_delta=0.437942 q_grad=0.001966
epoch=50 loss_total=0.732071 loss_rec=0.611029 valid_auc=0.685748 valid_rmse=0.473108 q_change=56 q_delta=0.438023 q_grad=0.001877
epoch=51 loss_total=0.732446 loss_rec=0.611426 valid_auc=0.689643 valid_rmse=0.473872 q_change=56 q_delta=0.437963 q_grad=0.002016
epoch=52 loss_total=0.733349 loss_rec=0.612280 valid_auc=0.687623 valid_rmse=0.472472 q_change=56 q_delta=0.438027 q_grad=0.002018
epoch=53 loss_total=0.734961 loss_rec=0.613859 valid_auc=0.690960 valid_rmse=0.471621 q_change=56 q_delta=0.438001 q_grad=0.001996
epoch=54 loss_total=0.727011 loss_rec=0.605880 valid_auc=0.690067 valid_rmse=0.472825 q_change=56 q_delta=0.437850 q_grad=0.001962
epoch=55 loss_total=0.726836 loss_rec=0.605620 valid_auc=0.693493 valid_rmse=0.471202 q_change=55 q_delta=0.437761 q_grad=0.002002
epoch=56 loss_total=0.728279 loss_rec=0.607035 valid_auc=0.691953 valid_rmse=0.471434 q_change=55 q_delta=0.437874 q_grad=0.002045
epoch=57 loss_total=0.726598 loss_rec=0.605301 valid_auc=0.694453 valid_rmse=0.472577 q_change=55 q_delta=0.438194 q_grad=0.002078
epoch=58 loss_total=0.722911 loss_rec=0.601558 valid_auc=0.693393 valid_rmse=0.472834 q_change=55 q_delta=0.438596 q_grad=0.002035
epoch=59 loss_total=0.722414 loss_rec=0.601136 valid_auc=0.692528 valid_rmse=0.471146 q_change=55 q_delta=0.438996 q_grad=0.002040
epoch=60 loss_total=0.721560 loss_rec=0.600296 valid_auc=0.694877 valid_rmse=0.471625 q_change=54 q_delta=0.439240 q_grad=0.002073
epoch=61 loss_total=0.720602 loss_rec=0.599340 valid_auc=0.694565 valid_rmse=0.471578 q_change=54 q_delta=0.439556 q_grad=0.002116
epoch=62 loss_total=0.718838 loss_rec=0.597626 valid_auc=0.693996 valid_rmse=0.471008 q_change=54 q_delta=0.439818 q_grad=0.002062
epoch=63 loss_total=0.719981 loss_rec=0.598778 valid_auc=0.692254 valid_rmse=0.472085 q_change=54 q_delta=0.439994 q_grad=0.002087
epoch=64 loss_total=0.722535 loss_rec=0.601413 valid_auc=0.696339 valid_rmse=0.472959 q_change=54 q_delta=0.440269 q_grad=0.002148
epoch=65 loss_total=0.716024 loss_rec=0.594932 valid_auc=0.693940 valid_rmse=0.470991 q_change=54 q_delta=0.440654 q_grad=0.002050
epoch=66 loss_total=0.716485 loss_rec=0.595449 valid_auc=0.695257 valid_rmse=0.471533 q_change=54 q_delta=0.440861 q_grad=0.002184
epoch=67 loss_total=0.718906 loss_rec=0.597886 valid_auc=0.692846 valid_rmse=0.472920 q_change=54 q_delta=0.441087 q_grad=0.002161
epoch=68 loss_total=0.714816 loss_rec=0.593866 valid_auc=0.694632 valid_rmse=0.473261 q_change=54 q_delta=0.441295 q_grad=0.002177
epoch=69 loss_total=0.711316 loss_rec=0.590422 valid_auc=0.697433 valid_rmse=0.478389 q_change=54 q_delta=0.441385 q_grad=0.002259
epoch=70 loss_total=0.711255 loss_rec=0.590401 valid_auc=0.693549 valid_rmse=0.471768 q_change=54 q_delta=0.441713 q_grad=0.002253
epoch=71 loss_total=0.713283 loss_rec=0.592473 valid_auc=0.693638 valid_rmse=0.472131 q_change=54 q_delta=0.441871 q_grad=0.002260
epoch=72 loss_total=0.711783 loss_rec=0.591008 valid_auc=0.692467 valid_rmse=0.472711 q_change=54 q_delta=0.442049 q_grad=0.002281
epoch=73 loss_total=0.708513 loss_rec=0.587843 valid_auc=0.689565 valid_rmse=0.473249 q_change=54 q_delta=0.442229 q_grad=0.002335
epoch=74 loss_total=0.712610 loss_rec=0.591976 valid_auc=0.691172 valid_rmse=0.473721 q_change=54 q_delta=0.442333 q_grad=0.002276
epoch=75 loss_total=0.710485 loss_rec=0.589858 valid_auc=0.689464 valid_rmse=0.480149 q_change=54 q_delta=0.442382 q_grad=0.002278
epoch=76 loss_total=0.710637 loss_rec=0.590022 valid_auc=0.688672 valid_rmse=0.473322 q_change=54 q_delta=0.442604 q_grad=0.002269
epoch=77 loss_total=0.704377 loss_rec=0.583799 valid_auc=0.689118 valid_rmse=0.476969 q_change=54 q_delta=0.442595 q_grad=0.002269
epoch=78 loss_total=0.705429 loss_rec=0.584883 valid_auc=0.688549 valid_rmse=0.475173 q_change=54 q_delta=0.442695 q_grad=0.002436
epoch=79 loss_total=0.704896 loss_rec=0.584406 valid_auc=0.687578 valid_rmse=0.474453 q_change=54 q_delta=0.442829 q_grad=0.002501
epoch=80 loss_total=0.704997 loss_rec=0.584530 valid_auc=0.686853 valid_rmse=0.474193 q_change=54 q_delta=0.442899 q_grad=0.002421
epoch=81 loss_total=0.701241 loss_rec=0.580833 valid_auc=0.688036 valid_rmse=0.476373 q_change=54 q_delta=0.442998 q_grad=0.002471
epoch=82 loss_total=0.701715 loss_rec=0.581348 valid_auc=0.687176 valid_rmse=0.475752 q_change=54 q_delta=0.443060 q_grad=0.002519
epoch=83 loss_total=0.700271 loss_rec=0.579959 valid_auc=0.687143 valid_rmse=0.479585 q_change=54 q_delta=0.443109 q_grad=0.002482
epoch=84 loss_total=0.700955 loss_rec=0.580669 valid_auc=0.687712 valid_rmse=0.476199 q_change=54 q_delta=0.443295 q_grad=0.002567
epoch=85 loss_total=0.702769 loss_rec=0.582512 valid_auc=0.687121 valid_rmse=0.479909 q_change=54 q_delta=0.443221 q_grad=0.002598
epoch=86 loss_total=0.704250 loss_rec=0.584000 valid_auc=0.685904 valid_rmse=0.476851 q_change=54 q_delta=0.443334 q_grad=0.002567
epoch=87 loss_total=0.698174 loss_rec=0.577979 valid_auc=0.684163 valid_rmse=0.477495 q_change=54 q_delta=0.443388 q_grad=0.002508
epoch=88 loss_total=0.692072 loss_rec=0.571902 valid_auc=0.684364 valid_rmse=0.477332 q_change=54 q_delta=0.443471 q_grad=0.002608
epoch=89 loss_total=0.694138 loss_rec=0.574010 valid_auc=0.684252 valid_rmse=0.483141 q_change=54 q_delta=0.443461 q_grad=0.002667
Early stopping at epoch 89; best_epoch=69.
Saved run to C:\Users\YAN_SHU_YU\Desktop\Generative-CD\Q_GNCDM\results\weak_q_lambda_sweep\lq_0p4_ls_0p7_lb_0p5\seed_2026\noise_0.20\weak-q_lq_0p4_ls_0p7_lb_0p5
Final metrics: q_hat_f1=0.101695 response_auc=0.684820 mastery_pearson=0.308811
