run=weak-q_lq_0p4_ls_0p9_lb_0p1 mode=weak-q noise=0.20 train=4200 valid=600 test=1200
epoch=1 loss_total=1.141753 loss_rec=0.725663 valid_auc=0.587455 valid_rmse=0.499758 q_change=57 q_delta=0.078788 q_grad=0.000885
epoch=2 loss_total=1.058166 loss_rec=0.705949 valid_auc=0.593103 valid_rmse=0.499340 q_change=57 q_delta=0.147671 q_grad=0.000771
epoch=3 loss_total=1.000760 loss_rec=0.700095 valid_auc=0.603817 valid_rmse=0.498614 q_change=57 q_delta=0.204710 q_grad=0.000661
epoch=4 loss_total=0.954321 loss_rec=0.693982 valid_auc=0.619844 valid_rmse=0.498010 q_change=57 q_delta=0.250559 q_grad=0.000560
epoch=5 loss_total=0.923657 loss_rec=0.693965 valid_auc=0.640078 valid_rmse=0.496256 q_change=57 q_delta=0.286370 q_grad=0.000474
epoch=6 loss_total=0.895880 loss_rec=0.689303 valid_auc=0.656283 valid_rmse=0.495269 q_change=57 q_delta=0.313824 q_grad=0.000411
epoch=7 loss_total=0.870686 loss_rec=0.681316 valid_auc=0.657667 valid_rmse=0.492872 q_change=57 q_delta=0.334475 q_grad=0.000381
epoch=8 loss_total=0.850022 loss_rec=0.672935 valid_auc=0.653973 valid_rmse=0.488522 q_change=57 q_delta=0.348922 q_grad=0.000413
epoch=9 loss_total=0.830461 loss_rec=0.661881 valid_auc=0.660246 valid_rmse=0.481886 q_change=57 q_delta=0.359702 q_grad=0.000530
epoch=10 loss_total=0.821376 loss_rec=0.659556 valid_auc=0.662087 valid_rmse=0.481004 q_change=57 q_delta=0.368336 q_grad=0.000629
epoch=11 loss_total=0.812505 loss_rec=0.655870 valid_auc=0.663616 valid_rmse=0.479934 q_change=57 q_delta=0.375761 q_grad=0.000741
epoch=12 loss_total=0.798809 loss_rec=0.646810 valid_auc=0.667813 valid_rmse=0.480533 q_change=57 q_delta=0.381742 q_grad=0.000813
epoch=13 loss_total=0.792894 loss_rec=0.644721 valid_auc=0.670179 valid_rmse=0.477276 q_change=57 q_delta=0.386919 q_grad=0.000842
epoch=14 loss_total=0.789144 loss_rec=0.643910 valid_auc=0.670519 valid_rmse=0.478647 q_change=57 q_delta=0.390755 q_grad=0.000944
epoch=15 loss_total=0.784786 loss_rec=0.642065 valid_auc=0.670268 valid_rmse=0.476809 q_change=57 q_delta=0.394447 q_grad=0.001017
epoch=16 loss_total=0.783562 loss_rec=0.642899 valid_auc=0.673850 valid_rmse=0.476653 q_change=57 q_delta=0.397213 q_grad=0.001131
epoch=17 loss_total=0.780505 loss_rec=0.641709 valid_auc=0.675246 valid_rmse=0.476976 q_change=57 q_delta=0.399660 q_grad=0.001116
epoch=18 loss_total=0.773476 loss_rec=0.636172 valid_auc=0.677533 valid_rmse=0.475770 q_change=57 q_delta=0.401885 q_grad=0.001173
epoch=19 loss_total=0.770850 loss_rec=0.634966 valid_auc=0.677835 valid_rmse=0.476189 q_change=57 q_delta=0.403774 q_grad=0.001276
epoch=20 loss_total=0.769163 loss_rec=0.634381 valid_auc=0.681071 valid_rmse=0.474430 q_change=57 q_delta=0.405523 q_grad=0.001386
epoch=21 loss_total=0.764885 loss_rec=0.631161 valid_auc=0.681150 valid_rmse=0.475847 q_change=57 q_delta=0.406688 q_grad=0.001346
epoch=22 loss_total=0.763498 loss_rec=0.630552 valid_auc=0.681908 valid_rmse=0.474380 q_change=57 q_delta=0.407798 q_grad=0.001482
epoch=23 loss_total=0.760001 loss_rec=0.627780 valid_auc=0.681641 valid_rmse=0.473987 q_change=57 q_delta=0.409002 q_grad=0.001501
epoch=24 loss_total=0.755321 loss_rec=0.623765 valid_auc=0.680402 valid_rmse=0.474425 q_change=57 q_delta=0.409875 q_grad=0.001557
epoch=25 loss_total=0.757803 loss_rec=0.626790 valid_auc=0.681350 valid_rmse=0.474279 q_change=57 q_delta=0.410484 q_grad=0.001705
epoch=26 loss_total=0.754995 loss_rec=0.624423 valid_auc=0.681652 valid_rmse=0.475343 q_change=57 q_delta=0.411110 q_grad=0.001706
epoch=27 loss_total=0.752031 loss_rec=0.621730 valid_auc=0.685324 valid_rmse=0.475226 q_change=57 q_delta=0.411431 q_grad=0.001709
epoch=28 loss_total=0.754247 loss_rec=0.624240 valid_auc=0.683806 valid_rmse=0.474224 q_change=57 q_delta=0.412026 q_grad=0.001800
epoch=29 loss_total=0.749442 loss_rec=0.619648 valid_auc=0.686473 valid_rmse=0.473665 q_change=57 q_delta=0.412352 q_grad=0.001849
epoch=30 loss_total=0.749757 loss_rec=0.620146 valid_auc=0.686998 valid_rmse=0.473658 q_change=56 q_delta=0.412697 q_grad=0.001816
epoch=31 loss_total=0.745947 loss_rec=0.616320 valid_auc=0.688103 valid_rmse=0.473726 q_change=56 q_delta=0.413508 q_grad=0.001857
epoch=32 loss_total=0.747961 loss_rec=0.618496 valid_auc=0.689743 valid_rmse=0.474218 q_change=56 q_delta=0.414156 q_grad=0.001913
epoch=33 loss_total=0.746437 loss_rec=0.617078 valid_auc=0.686964 valid_rmse=0.472513 q_change=56 q_delta=0.415035 q_grad=0.001881
epoch=34 loss_total=0.745339 loss_rec=0.616178 valid_auc=0.687266 valid_rmse=0.472395 q_change=56 q_delta=0.415596 q_grad=0.001883
epoch=35 loss_total=0.746196 loss_rec=0.617202 valid_auc=0.690469 valid_rmse=0.471561 q_change=56 q_delta=0.416115 q_grad=0.001858
epoch=36 loss_total=0.742731 loss_rec=0.613736 valid_auc=0.693549 valid_rmse=0.472206 q_change=56 q_delta=0.416270 q_grad=0.001907
epoch=37 loss_total=0.737098 loss_rec=0.608167 valid_auc=0.693225 valid_rmse=0.471948 q_change=56 q_delta=0.416687 q_grad=0.001909
epoch=38 loss_total=0.736577 loss_rec=0.607833 valid_auc=0.691953 valid_rmse=0.474263 q_change=56 q_delta=0.417056 q_grad=0.002015
epoch=39 loss_total=0.739235 loss_rec=0.610585 valid_auc=0.692801 valid_rmse=0.471277 q_change=56 q_delta=0.417517 q_grad=0.001943
epoch=40 loss_total=0.734990 loss_rec=0.606420 valid_auc=0.693348 valid_rmse=0.471289 q_change=56 q_delta=0.417757 q_grad=0.001976
epoch=41 loss_total=0.731116 loss_rec=0.602641 valid_auc=0.694866 valid_rmse=0.471699 q_change=55 q_delta=0.418043 q_grad=0.001971
epoch=42 loss_total=0.735155 loss_rec=0.606709 valid_auc=0.691674 valid_rmse=0.471762 q_change=55 q_delta=0.418472 q_grad=0.002048
epoch=43 loss_total=0.730440 loss_rec=0.601947 valid_auc=0.692857 valid_rmse=0.471730 q_change=55 q_delta=0.418937 q_grad=0.001984
epoch=44 loss_total=0.731866 loss_rec=0.603504 valid_auc=0.692935 valid_rmse=0.472043 q_change=55 q_delta=0.419635 q_grad=0.002042
epoch=45 loss_total=0.728111 loss_rec=0.599874 valid_auc=0.693817 valid_rmse=0.474812 q_change=55 q_delta=0.420119 q_grad=0.002069
epoch=46 loss_total=0.729273 loss_rec=0.601067 valid_auc=0.695022 valid_rmse=0.470445 q_change=55 q_delta=0.420812 q_grad=0.002018
epoch=47 loss_total=0.726711 loss_rec=0.598662 valid_auc=0.696429 valid_rmse=0.471343 q_change=55 q_delta=0.421363 q_grad=0.002040
epoch=48 loss_total=0.725955 loss_rec=0.597981 valid_auc=0.694732 valid_rmse=0.470841 q_change=54 q_delta=0.421824 q_grad=0.002089
epoch=49 loss_total=0.723819 loss_rec=0.595914 valid_auc=0.695346 valid_rmse=0.471042 q_change=54 q_delta=0.422244 q_grad=0.002119
epoch=50 loss_total=0.719850 loss_rec=0.592026 valid_auc=0.692679 valid_rmse=0.471911 q_change=54 q_delta=0.422641 q_grad=0.002026
epoch=51 loss_total=0.720385 loss_rec=0.592688 valid_auc=0.695089 valid_rmse=0.473380 q_change=54 q_delta=0.422944 q_grad=0.002158
epoch=52 loss_total=0.721982 loss_rec=0.594381 valid_auc=0.693225 valid_rmse=0.471742 q_change=54 q_delta=0.423410 q_grad=0.002159
epoch=53 loss_total=0.723273 loss_rec=0.595727 valid_auc=0.694955 valid_rmse=0.471450 q_change=54 q_delta=0.423738 q_grad=0.002165
epoch=54 loss_total=0.715239 loss_rec=0.587771 valid_auc=0.692757 valid_rmse=0.472892 q_change=54 q_delta=0.423975 q_grad=0.002135
epoch=55 loss_total=0.714445 loss_rec=0.587087 valid_auc=0.696741 valid_rmse=0.471308 q_change=54 q_delta=0.424258 q_grad=0.002187
epoch=56 loss_total=0.715883 loss_rec=0.588563 valid_auc=0.694174 valid_rmse=0.471712 q_change=54 q_delta=0.424486 q_grad=0.002211
epoch=57 loss_total=0.713669 loss_rec=0.586369 valid_auc=0.695067 valid_rmse=0.474356 q_change=54 q_delta=0.424548 q_grad=0.002300
epoch=58 loss_total=0.710159 loss_rec=0.582813 valid_auc=0.692277 valid_rmse=0.474984 q_change=54 q_delta=0.424666 q_grad=0.002270
epoch=59 loss_total=0.710071 loss_rec=0.582832 valid_auc=0.691775 valid_rmse=0.472411 q_change=54 q_delta=0.424922 q_grad=0.002257
epoch=60 loss_total=0.708782 loss_rec=0.581493 valid_auc=0.692891 valid_rmse=0.474104 q_change=54 q_delta=0.424866 q_grad=0.002303
epoch=61 loss_total=0.707188 loss_rec=0.579755 valid_auc=0.691786 valid_rmse=0.473606 q_change=54 q_delta=0.424881 q_grad=0.002367
epoch=62 loss_total=0.703533 loss_rec=0.576001 valid_auc=0.692020 valid_rmse=0.473154 q_change=54 q_delta=0.424865 q_grad=0.002335
epoch=63 loss_total=0.703493 loss_rec=0.575744 valid_auc=0.688906 valid_rmse=0.474288 q_change=53 q_delta=0.424653 q_grad=0.002378
epoch=64 loss_total=0.705279 loss_rec=0.577375 valid_auc=0.693594 valid_rmse=0.476633 q_change=53 q_delta=0.424515 q_grad=0.002433
epoch=65 loss_total=0.698402 loss_rec=0.570270 valid_auc=0.691004 valid_rmse=0.473574 q_change=52 q_delta=0.424996 q_grad=0.002319
epoch=66 loss_total=0.697872 loss_rec=0.569524 valid_auc=0.689955 valid_rmse=0.474917 q_change=52 q_delta=0.425626 q_grad=0.002501
epoch=67 loss_total=0.698684 loss_rec=0.570116 valid_auc=0.687813 valid_rmse=0.476295 q_change=52 q_delta=0.426228 q_grad=0.002503
epoch=68 loss_total=0.692688 loss_rec=0.563938 valid_auc=0.690290 valid_rmse=0.477929 q_change=52 q_delta=0.426821 q_grad=0.002510
epoch=69 loss_total=0.688117 loss_rec=0.559248 valid_auc=0.693002 valid_rmse=0.482450 q_change=51 q_delta=0.427268 q_grad=0.002613
epoch=70 loss_total=0.685684 loss_rec=0.556672 valid_auc=0.689163 valid_rmse=0.475431 q_change=51 q_delta=0.427919 q_grad=0.002651
epoch=71 loss_total=0.686984 loss_rec=0.557939 valid_auc=0.689944 valid_rmse=0.475122 q_change=51 q_delta=0.428357 q_grad=0.002679
epoch=72 loss_total=0.684266 loss_rec=0.555130 valid_auc=0.688571 valid_rmse=0.475633 q_change=51 q_delta=0.428717 q_grad=0.002686
epoch=73 loss_total=0.679589 loss_rec=0.550448 valid_auc=0.686362 valid_rmse=0.476572 q_change=51 q_delta=0.429053 q_grad=0.002775
epoch=74 loss_total=0.683536 loss_rec=0.554356 valid_auc=0.686830 valid_rmse=0.477157 q_change=51 q_delta=0.429294 q_grad=0.002711
epoch=75 loss_total=0.680372 loss_rec=0.551124 valid_auc=0.682589 valid_rmse=0.485175 q_change=51 q_delta=0.429393 q_grad=0.002720
Early stopping at epoch 75; best_epoch=55.
Saved run to C:\Users\YAN_SHU_YU\Desktop\Generative-CD\Q_GNCDM\results\weak_q_lambda_sweep\lq_0p4_ls_0p9_lb_0p1\seed_2026\noise_0.20\weak-q_lq_0p4_ls_0p9_lb_0p1
Final metrics: q_hat_f1=0.101695 response_auc=0.687172 mastery_pearson=0.336328
