run=weak-q_lq_0p2_ls_0p8_lb_0p3 mode=weak-q noise=0.20 train=4200 valid=600 test=1200
epoch=1 loss_total=1.146420 loss_rec=0.725667 valid_auc=0.587478 valid_rmse=0.499760 q_change=57 q_delta=0.079547 q_grad=0.000825
epoch=2 loss_total=1.063559 loss_rec=0.706011 valid_auc=0.593181 valid_rmse=0.499361 q_change=57 q_delta=0.151244 q_grad=0.000770
epoch=3 loss_total=1.001845 loss_rec=0.700296 valid_auc=0.603761 valid_rmse=0.498693 q_change=57 q_delta=0.211947 q_grad=0.000698
epoch=4 loss_total=0.948909 loss_rec=0.694459 valid_auc=0.619844 valid_rmse=0.498226 q_change=57 q_delta=0.261133 q_grad=0.000617
epoch=5 loss_total=0.911676 loss_rec=0.694917 valid_auc=0.639632 valid_rmse=0.496747 q_change=57 q_delta=0.299507 q_grad=0.000533
epoch=6 loss_total=0.878566 loss_rec=0.691283 valid_auc=0.655279 valid_rmse=0.496373 q_change=57 q_delta=0.328875 q_grad=0.000461
epoch=7 loss_total=0.850260 loss_rec=0.685654 valid_auc=0.656752 valid_rmse=0.495312 q_change=57 q_delta=0.351203 q_grad=0.000406
epoch=8 loss_total=0.829098 loss_rec=0.681576 valid_auc=0.651551 valid_rmse=0.493087 q_change=57 q_delta=0.367597 q_grad=0.000377
epoch=9 loss_total=0.809893 loss_rec=0.674864 valid_auc=0.654754 valid_rmse=0.487381 q_change=57 q_delta=0.379682 q_grad=0.000410
epoch=10 loss_total=0.796367 loss_rec=0.670700 valid_auc=0.656306 valid_rmse=0.484916 q_change=57 q_delta=0.388474 q_grad=0.000470
epoch=11 loss_total=0.783723 loss_rec=0.664917 valid_auc=0.656674 valid_rmse=0.483140 q_change=57 q_delta=0.395770 q_grad=0.000569
epoch=12 loss_total=0.767805 loss_rec=0.655144 valid_auc=0.660134 valid_rmse=0.483633 q_change=57 q_delta=0.401970 q_grad=0.000641
epoch=13 loss_total=0.760694 loss_rec=0.653315 valid_auc=0.661964 valid_rmse=0.480125 q_change=57 q_delta=0.407319 q_grad=0.000656
epoch=14 loss_total=0.755253 loss_rec=0.652038 valid_auc=0.665045 valid_rmse=0.481474 q_change=57 q_delta=0.411481 q_grad=0.000727
epoch=15 loss_total=0.750742 loss_rec=0.651155 valid_auc=0.663058 valid_rmse=0.479877 q_change=57 q_delta=0.415392 q_grad=0.000763
epoch=16 loss_total=0.748175 loss_rec=0.651593 valid_auc=0.664129 valid_rmse=0.479930 q_change=57 q_delta=0.418465 q_grad=0.000836
epoch=17 loss_total=0.745594 loss_rec=0.651739 valid_auc=0.666239 valid_rmse=0.480524 q_change=57 q_delta=0.421181 q_grad=0.000810
epoch=18 loss_total=0.738487 loss_rec=0.646955 valid_auc=0.667746 valid_rmse=0.479856 q_change=57 q_delta=0.423664 q_grad=0.000833
epoch=19 loss_total=0.734928 loss_rec=0.645461 valid_auc=0.667176 valid_rmse=0.479720 q_change=57 q_delta=0.425778 q_grad=0.000886
epoch=20 loss_total=0.733580 loss_rec=0.645858 valid_auc=0.670748 valid_rmse=0.478342 q_change=57 q_delta=0.427772 q_grad=0.000962
epoch=21 loss_total=0.729442 loss_rec=0.643401 valid_auc=0.669944 valid_rmse=0.479207 q_change=57 q_delta=0.429291 q_grad=0.000917
epoch=22 loss_total=0.728573 loss_rec=0.643888 valid_auc=0.669330 valid_rmse=0.478124 q_change=57 q_delta=0.430776 q_grad=0.000994
epoch=23 loss_total=0.724531 loss_rec=0.641123 valid_auc=0.668382 valid_rmse=0.477840 q_change=57 q_delta=0.432205 q_grad=0.001003
epoch=24 loss_total=0.720065 loss_rec=0.637854 valid_auc=0.669196 valid_rmse=0.478264 q_change=57 q_delta=0.433368 q_grad=0.001043
epoch=25 loss_total=0.722356 loss_rec=0.641128 valid_auc=0.668348 valid_rmse=0.477753 q_change=57 q_delta=0.434370 q_grad=0.001133
epoch=26 loss_total=0.719727 loss_rec=0.639411 valid_auc=0.668873 valid_rmse=0.478312 q_change=57 q_delta=0.435306 q_grad=0.001146
epoch=27 loss_total=0.717580 loss_rec=0.638019 valid_auc=0.671931 valid_rmse=0.477716 q_change=57 q_delta=0.436114 q_grad=0.001154
epoch=28 loss_total=0.718257 loss_rec=0.639438 valid_auc=0.673036 valid_rmse=0.476980 q_change=57 q_delta=0.436929 q_grad=0.001209
epoch=29 loss_total=0.715286 loss_rec=0.637125 valid_auc=0.674319 valid_rmse=0.476900 q_change=57 q_delta=0.437610 q_grad=0.001266
epoch=30 loss_total=0.716293 loss_rec=0.638737 valid_auc=0.675603 valid_rmse=0.477243 q_change=57 q_delta=0.438175 q_grad=0.001266
epoch=31 loss_total=0.712511 loss_rec=0.635412 valid_auc=0.676674 valid_rmse=0.476443 q_change=57 q_delta=0.438764 q_grad=0.001301
epoch=32 loss_total=0.714288 loss_rec=0.637688 valid_auc=0.677411 valid_rmse=0.477303 q_change=57 q_delta=0.439185 q_grad=0.001359
epoch=33 loss_total=0.713084 loss_rec=0.636847 valid_auc=0.676451 valid_rmse=0.475925 q_change=57 q_delta=0.439831 q_grad=0.001353
epoch=34 loss_total=0.712103 loss_rec=0.636321 valid_auc=0.675179 valid_rmse=0.475614 q_change=57 q_delta=0.440176 q_grad=0.001385
epoch=35 loss_total=0.713686 loss_rec=0.638251 valid_auc=0.676964 valid_rmse=0.475095 q_change=57 q_delta=0.440543 q_grad=0.001386
epoch=36 loss_total=0.710334 loss_rec=0.635203 valid_auc=0.677411 valid_rmse=0.476210 q_change=57 q_delta=0.440776 q_grad=0.001433
epoch=37 loss_total=0.705595 loss_rec=0.630743 valid_auc=0.679431 valid_rmse=0.475413 q_change=57 q_delta=0.441078 q_grad=0.001468
epoch=38 loss_total=0.704554 loss_rec=0.629926 valid_auc=0.679286 valid_rmse=0.476624 q_change=57 q_delta=0.441307 q_grad=0.001574
epoch=39 loss_total=0.708095 loss_rec=0.633723 valid_auc=0.679152 valid_rmse=0.474946 q_change=57 q_delta=0.441691 q_grad=0.001553
epoch=40 loss_total=0.704425 loss_rec=0.630308 valid_auc=0.679565 valid_rmse=0.475137 q_change=57 q_delta=0.441874 q_grad=0.001600
epoch=41 loss_total=0.700529 loss_rec=0.626576 valid_auc=0.681730 valid_rmse=0.475403 q_change=57 q_delta=0.441978 q_grad=0.001622
epoch=42 loss_total=0.705116 loss_rec=0.631294 valid_auc=0.678973 valid_rmse=0.475598 q_change=57 q_delta=0.442171 q_grad=0.001679
epoch=43 loss_total=0.701669 loss_rec=0.627921 valid_auc=0.679386 valid_rmse=0.475117 q_change=57 q_delta=0.442181 q_grad=0.001646
epoch=44 loss_total=0.701969 loss_rec=0.628299 valid_auc=0.680011 valid_rmse=0.475295 q_change=57 q_delta=0.442299 q_grad=0.001717
epoch=45 loss_total=0.699903 loss_rec=0.626308 valid_auc=0.681998 valid_rmse=0.476891 q_change=57 q_delta=0.442263 q_grad=0.001764
epoch=46 loss_total=0.701218 loss_rec=0.627587 valid_auc=0.684063 valid_rmse=0.473657 q_change=57 q_delta=0.442279 q_grad=0.001742
epoch=47 loss_total=0.698321 loss_rec=0.624650 valid_auc=0.686819 valid_rmse=0.473822 q_change=57 q_delta=0.442087 q_grad=0.001771
epoch=48 loss_total=0.699328 loss_rec=0.625525 valid_auc=0.686842 valid_rmse=0.472857 q_change=57 q_delta=0.441963 q_grad=0.001802
epoch=49 loss_total=0.697086 loss_rec=0.623102 valid_auc=0.686708 valid_rmse=0.473016 q_change=57 q_delta=0.441742 q_grad=0.001837
epoch=50 loss_total=0.692735 loss_rec=0.618657 valid_auc=0.684297 valid_rmse=0.473799 q_change=56 q_delta=0.441779 q_grad=0.001766
epoch=51 loss_total=0.693278 loss_rec=0.619075 valid_auc=0.687634 valid_rmse=0.474970 q_change=56 q_delta=0.442115 q_grad=0.001904
epoch=52 loss_total=0.693937 loss_rec=0.619642 valid_auc=0.685156 valid_rmse=0.473213 q_change=56 q_delta=0.442563 q_grad=0.001913
epoch=53 loss_total=0.695391 loss_rec=0.621048 valid_auc=0.688549 valid_rmse=0.472402 q_change=56 q_delta=0.442873 q_grad=0.001897
epoch=54 loss_total=0.687537 loss_rec=0.613181 valid_auc=0.687400 valid_rmse=0.473764 q_change=56 q_delta=0.443064 q_grad=0.001873
epoch=55 loss_total=0.687589 loss_rec=0.613195 valid_auc=0.689721 valid_rmse=0.472202 q_change=56 q_delta=0.443249 q_grad=0.001913
epoch=56 loss_total=0.689617 loss_rec=0.615257 valid_auc=0.686931 valid_rmse=0.472546 q_change=56 q_delta=0.443468 q_grad=0.001974
epoch=57 loss_total=0.688412 loss_rec=0.614066 valid_auc=0.689375 valid_rmse=0.474177 q_change=56 q_delta=0.443477 q_grad=0.002007
epoch=58 loss_total=0.684776 loss_rec=0.610426 valid_auc=0.688181 valid_rmse=0.474018 q_change=56 q_delta=0.443670 q_grad=0.001966
epoch=59 loss_total=0.684898 loss_rec=0.610684 valid_auc=0.688426 valid_rmse=0.472269 q_change=56 q_delta=0.443869 q_grad=0.001983
epoch=60 loss_total=0.684290 loss_rec=0.610090 valid_auc=0.691150 valid_rmse=0.472386 q_change=56 q_delta=0.443905 q_grad=0.002009
epoch=61 loss_total=0.684119 loss_rec=0.609904 valid_auc=0.690625 valid_rmse=0.472598 q_change=56 q_delta=0.444002 q_grad=0.002040
epoch=62 loss_total=0.683156 loss_rec=0.609029 valid_auc=0.690223 valid_rmse=0.471697 q_change=56 q_delta=0.444150 q_grad=0.001986
epoch=63 loss_total=0.684203 loss_rec=0.610075 valid_auc=0.689185 valid_rmse=0.472486 q_change=56 q_delta=0.444137 q_grad=0.001991
epoch=64 loss_total=0.687127 loss_rec=0.613076 valid_auc=0.693309 valid_rmse=0.473829 q_change=56 q_delta=0.444202 q_grad=0.002059
epoch=65 loss_total=0.680864 loss_rec=0.606806 valid_auc=0.692701 valid_rmse=0.471207 q_change=56 q_delta=0.444326 q_grad=0.001944
epoch=66 loss_total=0.681936 loss_rec=0.607894 valid_auc=0.694565 valid_rmse=0.471589 q_change=56 q_delta=0.444301 q_grad=0.002062
epoch=67 loss_total=0.684103 loss_rec=0.610055 valid_auc=0.690781 valid_rmse=0.472946 q_change=55 q_delta=0.444324 q_grad=0.002021
epoch=68 loss_total=0.680225 loss_rec=0.606145 valid_auc=0.693471 valid_rmse=0.472636 q_change=55 q_delta=0.444240 q_grad=0.002033
epoch=69 loss_total=0.676921 loss_rec=0.602789 valid_auc=0.696138 valid_rmse=0.477345 q_change=55 q_delta=0.444060 q_grad=0.002097
epoch=70 loss_total=0.676890 loss_rec=0.602667 valid_auc=0.693158 valid_rmse=0.471149 q_change=55 q_delta=0.444121 q_grad=0.002085
epoch=71 loss_total=0.678665 loss_rec=0.604400 valid_auc=0.693973 valid_rmse=0.471120 q_change=55 q_delta=0.444027 q_grad=0.002080
epoch=72 loss_total=0.676808 loss_rec=0.602416 valid_auc=0.692768 valid_rmse=0.471907 q_change=55 q_delta=0.443926 q_grad=0.002095
epoch=73 loss_total=0.674249 loss_rec=0.599811 valid_auc=0.690335 valid_rmse=0.471913 q_change=54 q_delta=0.443942 q_grad=0.002143
epoch=74 loss_total=0.677331 loss_rec=0.602803 valid_auc=0.691529 valid_rmse=0.472484 q_change=54 q_delta=0.444157 q_grad=0.002087
epoch=75 loss_total=0.675652 loss_rec=0.601030 valid_auc=0.692221 valid_rmse=0.477970 q_change=54 q_delta=0.444449 q_grad=0.002073
epoch=76 loss_total=0.675152 loss_rec=0.600426 valid_auc=0.689810 valid_rmse=0.472057 q_change=54 q_delta=0.444854 q_grad=0.002062
epoch=77 loss_total=0.668953 loss_rec=0.594161 valid_auc=0.690815 valid_rmse=0.475606 q_change=54 q_delta=0.445065 q_grad=0.002054
epoch=78 loss_total=0.670178 loss_rec=0.595347 valid_auc=0.690893 valid_rmse=0.473484 q_change=54 q_delta=0.445346 q_grad=0.002210
epoch=79 loss_total=0.669838 loss_rec=0.595019 valid_auc=0.690123 valid_rmse=0.473161 q_change=54 q_delta=0.445611 q_grad=0.002274
epoch=80 loss_total=0.669035 loss_rec=0.594188 valid_auc=0.690558 valid_rmse=0.472718 q_change=54 q_delta=0.445855 q_grad=0.002190
epoch=81 loss_total=0.665514 loss_rec=0.590640 valid_auc=0.692065 valid_rmse=0.474333 q_change=54 q_delta=0.446050 q_grad=0.002258
epoch=82 loss_total=0.665375 loss_rec=0.590518 valid_auc=0.690569 valid_rmse=0.473983 q_change=54 q_delta=0.446211 q_grad=0.002283
epoch=83 loss_total=0.663944 loss_rec=0.589105 valid_auc=0.691239 valid_rmse=0.477669 q_change=54 q_delta=0.446374 q_grad=0.002263
epoch=84 loss_total=0.664835 loss_rec=0.589959 valid_auc=0.691518 valid_rmse=0.474376 q_change=54 q_delta=0.446631 q_grad=0.002334
epoch=85 loss_total=0.666077 loss_rec=0.591231 valid_auc=0.690748 valid_rmse=0.478197 q_change=54 q_delta=0.446647 q_grad=0.002355
epoch=86 loss_total=0.667744 loss_rec=0.592873 valid_auc=0.688873 valid_rmse=0.475566 q_change=54 q_delta=0.446813 q_grad=0.002339
epoch=87 loss_total=0.661953 loss_rec=0.587117 valid_auc=0.688248 valid_rmse=0.475733 q_change=54 q_delta=0.446955 q_grad=0.002288
epoch=88 loss_total=0.656364 loss_rec=0.581533 valid_auc=0.687020 valid_rmse=0.475718 q_change=54 q_delta=0.447068 q_grad=0.002368
epoch=89 loss_total=0.657989 loss_rec=0.583177 valid_auc=0.687533 valid_rmse=0.480803 q_change=54 q_delta=0.447124 q_grad=0.002413
Early stopping at epoch 89; best_epoch=69.
Saved run to C:\Users\YAN_SHU_YU\Desktop\Generative-CD\Q_GNCDM\results\weak_q_lambda_sweep\lq_0p2_ls_0p8_lb_0p3\seed_2026\noise_0.20\weak-q_lq_0p2_ls_0p8_lb_0p3
Final metrics: q_hat_f1=0.068966 response_auc=0.683917 mastery_pearson=0.288253
