run=weak-q_lq_0p3_ls_0p3_lb_0p9 mode=weak-q noise=0.20 train=4200 valid=600 test=1200
epoch=1 loss_total=1.075489 loss_rec=0.725666 valid_auc=0.588047 valid_rmse=0.499753 q_change=57 q_delta=0.080794 q_grad=0.000390
epoch=2 loss_total=1.020692 loss_rec=0.706085 valid_auc=0.595982 valid_rmse=0.499351 q_change=57 q_delta=0.158869 q_grad=0.000436
epoch=3 loss_total=0.976253 loss_rec=0.700540 valid_auc=0.610413 valid_rmse=0.498715 q_change=57 q_delta=0.227169 q_grad=0.000454
epoch=4 loss_total=0.933110 loss_rec=0.695028 valid_auc=0.630089 valid_rmse=0.498388 q_change=57 q_delta=0.281977 q_grad=0.000436
epoch=5 loss_total=0.901915 loss_rec=0.695960 valid_auc=0.649994 valid_rmse=0.497175 q_change=57 q_delta=0.323008 q_grad=0.000395
epoch=6 loss_total=0.873504 loss_rec=0.693160 valid_auc=0.662645 valid_rmse=0.497283 q_change=57 q_delta=0.352888 q_grad=0.000349
epoch=7 loss_total=0.849828 loss_rec=0.689166 valid_auc=0.663493 valid_rmse=0.497104 q_change=57 q_delta=0.374713 q_grad=0.000307
epoch=8 loss_total=0.833774 loss_rec=0.687922 valid_auc=0.656362 valid_rmse=0.496455 q_change=57 q_delta=0.390420 q_grad=0.000275
epoch=9 loss_total=0.820803 loss_rec=0.685863 valid_auc=0.657422 valid_rmse=0.493567 q_change=57 q_delta=0.401885 q_grad=0.000270
epoch=10 loss_total=0.811495 loss_rec=0.684661 valid_auc=0.659743 valid_rmse=0.491867 q_change=57 q_delta=0.409677 q_grad=0.000278
epoch=11 loss_total=0.799510 loss_rec=0.678131 valid_auc=0.658917 valid_rmse=0.487605 q_change=57 q_delta=0.415155 q_grad=0.000328
epoch=12 loss_total=0.782553 loss_rec=0.665386 valid_auc=0.659788 valid_rmse=0.486213 q_change=57 q_delta=0.419376 q_grad=0.000415
epoch=13 loss_total=0.774689 loss_rec=0.661226 valid_auc=0.660759 valid_rmse=0.482414 q_change=57 q_delta=0.423443 q_grad=0.000462
epoch=14 loss_total=0.768911 loss_rec=0.658553 valid_auc=0.660379 valid_rmse=0.483810 q_change=57 q_delta=0.426650 q_grad=0.000529
epoch=15 loss_total=0.765343 loss_rec=0.657701 valid_auc=0.659632 valid_rmse=0.481604 q_change=57 q_delta=0.429718 q_grad=0.000569
epoch=16 loss_total=0.762487 loss_rec=0.657085 valid_auc=0.660748 valid_rmse=0.481408 q_change=57 q_delta=0.432057 q_grad=0.000641
epoch=17 loss_total=0.760885 loss_rec=0.657504 valid_auc=0.661685 valid_rmse=0.482112 q_change=57 q_delta=0.434149 q_grad=0.000619
epoch=18 loss_total=0.754301 loss_rec=0.652658 valid_auc=0.662455 valid_rmse=0.482093 q_change=57 q_delta=0.436052 q_grad=0.000633
epoch=19 loss_total=0.751068 loss_rec=0.650945 valid_auc=0.661138 valid_rmse=0.481545 q_change=57 q_delta=0.437675 q_grad=0.000666
epoch=20 loss_total=0.750411 loss_rec=0.651577 valid_auc=0.663711 valid_rmse=0.480456 q_change=57 q_delta=0.439250 q_grad=0.000723
epoch=21 loss_total=0.746803 loss_rec=0.649242 valid_auc=0.662723 valid_rmse=0.481189 q_change=57 q_delta=0.440434 q_grad=0.000680
epoch=22 loss_total=0.746673 loss_rec=0.650144 valid_auc=0.661004 valid_rmse=0.480414 q_change=57 q_delta=0.441633 q_grad=0.000729
epoch=23 loss_total=0.743196 loss_rec=0.647649 valid_auc=0.660770 valid_rmse=0.480489 q_change=57 q_delta=0.442756 q_grad=0.000732
epoch=24 loss_total=0.739501 loss_rec=0.644885 valid_auc=0.662746 valid_rmse=0.481225 q_change=57 q_delta=0.443680 q_grad=0.000752
epoch=25 loss_total=0.741353 loss_rec=0.647488 valid_auc=0.662042 valid_rmse=0.480464 q_change=57 q_delta=0.444515 q_grad=0.000805
epoch=26 loss_total=0.739588 loss_rec=0.646459 valid_auc=0.661708 valid_rmse=0.480583 q_change=57 q_delta=0.445306 q_grad=0.000818
epoch=27 loss_total=0.738254 loss_rec=0.645741 valid_auc=0.662478 valid_rmse=0.480157 q_change=57 q_delta=0.446024 q_grad=0.000812
epoch=28 loss_total=0.738307 loss_rec=0.646397 valid_auc=0.663873 valid_rmse=0.480235 q_change=57 q_delta=0.446670 q_grad=0.000840
epoch=29 loss_total=0.736521 loss_rec=0.645172 valid_auc=0.663984 valid_rmse=0.479863 q_change=57 q_delta=0.447294 q_grad=0.000873
epoch=30 loss_total=0.737430 loss_rec=0.646579 valid_auc=0.665446 valid_rmse=0.480661 q_change=57 q_delta=0.447756 q_grad=0.000875
epoch=31 loss_total=0.734268 loss_rec=0.643840 valid_auc=0.664107 valid_rmse=0.479616 q_change=57 q_delta=0.448354 q_grad=0.000891
epoch=32 loss_total=0.735923 loss_rec=0.645936 valid_auc=0.665547 valid_rmse=0.479725 q_change=57 q_delta=0.448758 q_grad=0.000926
epoch=33 loss_total=0.734773 loss_rec=0.645110 valid_auc=0.664866 valid_rmse=0.478935 q_change=57 q_delta=0.449317 q_grad=0.000922
epoch=34 loss_total=0.734388 loss_rec=0.645133 valid_auc=0.664754 valid_rmse=0.479101 q_change=57 q_delta=0.449619 q_grad=0.000946
epoch=35 loss_total=0.735946 loss_rec=0.647008 valid_auc=0.665469 valid_rmse=0.478915 q_change=57 q_delta=0.449964 q_grad=0.000940
epoch=36 loss_total=0.732516 loss_rec=0.643868 valid_auc=0.665592 valid_rmse=0.479979 q_change=57 q_delta=0.450215 q_grad=0.000983
epoch=37 loss_total=0.729479 loss_rec=0.641114 valid_auc=0.666842 valid_rmse=0.479069 q_change=57 q_delta=0.450543 q_grad=0.001007
epoch=38 loss_total=0.728120 loss_rec=0.639989 valid_auc=0.665636 valid_rmse=0.479898 q_change=57 q_delta=0.450801 q_grad=0.001085
epoch=39 loss_total=0.731071 loss_rec=0.643198 valid_auc=0.666350 valid_rmse=0.478242 q_change=57 q_delta=0.451205 q_grad=0.001067
epoch=40 loss_total=0.728474 loss_rec=0.640861 valid_auc=0.667455 valid_rmse=0.478709 q_change=57 q_delta=0.451402 q_grad=0.001115
epoch=41 loss_total=0.724895 loss_rec=0.637500 valid_auc=0.668772 valid_rmse=0.478153 q_change=57 q_delta=0.451644 q_grad=0.001120
epoch=42 loss_total=0.729220 loss_rec=0.642005 valid_auc=0.666138 valid_rmse=0.478882 q_change=57 q_delta=0.451854 q_grad=0.001179
epoch=43 loss_total=0.726046 loss_rec=0.638996 valid_auc=0.665580 valid_rmse=0.478415 q_change=57 q_delta=0.452058 q_grad=0.001162
epoch=44 loss_total=0.726779 loss_rec=0.639905 valid_auc=0.666217 valid_rmse=0.478694 q_change=57 q_delta=0.452244 q_grad=0.001225
epoch=45 loss_total=0.724283 loss_rec=0.637568 valid_auc=0.667489 valid_rmse=0.479238 q_change=57 q_delta=0.452359 q_grad=0.001265
epoch=46 loss_total=0.726757 loss_rec=0.640156 valid_auc=0.669063 valid_rmse=0.477379 q_change=57 q_delta=0.452570 q_grad=0.001278
epoch=47 loss_total=0.724436 loss_rec=0.637991 valid_auc=0.668728 valid_rmse=0.477811 q_change=57 q_delta=0.452671 q_grad=0.001317
epoch=48 loss_total=0.726041 loss_rec=0.639710 valid_auc=0.670357 valid_rmse=0.476925 q_change=57 q_delta=0.452834 q_grad=0.001344
epoch=49 loss_total=0.724023 loss_rec=0.637763 valid_auc=0.670703 valid_rmse=0.477051 q_change=57 q_delta=0.452933 q_grad=0.001390
epoch=50 loss_total=0.721036 loss_rec=0.634882 valid_auc=0.668984 valid_rmse=0.477155 q_change=57 q_delta=0.453017 q_grad=0.001351
epoch=51 loss_total=0.721761 loss_rec=0.635672 valid_auc=0.668538 valid_rmse=0.478432 q_change=57 q_delta=0.453032 q_grad=0.001508
epoch=52 loss_total=0.722883 loss_rec=0.636855 valid_auc=0.669531 valid_rmse=0.477337 q_change=57 q_delta=0.453157 q_grad=0.001552
epoch=53 loss_total=0.723926 loss_rec=0.637994 valid_auc=0.670435 valid_rmse=0.477140 q_change=57 q_delta=0.453250 q_grad=0.001550
epoch=54 loss_total=0.716952 loss_rec=0.631056 valid_auc=0.670513 valid_rmse=0.478061 q_change=57 q_delta=0.453240 q_grad=0.001583
epoch=55 loss_total=0.717503 loss_rec=0.631641 valid_auc=0.673839 valid_rmse=0.476467 q_change=57 q_delta=0.453328 q_grad=0.001623
epoch=56 loss_total=0.718640 loss_rec=0.632828 valid_auc=0.673181 valid_rmse=0.476375 q_change=57 q_delta=0.453392 q_grad=0.001734
epoch=57 loss_total=0.718376 loss_rec=0.632611 valid_auc=0.672712 valid_rmse=0.478577 q_change=57 q_delta=0.453355 q_grad=0.001778
epoch=58 loss_total=0.715049 loss_rec=0.629294 valid_auc=0.673527 valid_rmse=0.477907 q_change=57 q_delta=0.453409 q_grad=0.001774
epoch=59 loss_total=0.715749 loss_rec=0.630047 valid_auc=0.674699 valid_rmse=0.476627 q_change=57 q_delta=0.453477 q_grad=0.001852
epoch=60 loss_total=0.715680 loss_rec=0.630016 valid_auc=0.676373 valid_rmse=0.476267 q_change=57 q_delta=0.453486 q_grad=0.001904
epoch=61 loss_total=0.715747 loss_rec=0.630067 valid_auc=0.674643 valid_rmse=0.476686 q_change=57 q_delta=0.453512 q_grad=0.001949
epoch=62 loss_total=0.714725 loss_rec=0.629088 valid_auc=0.675335 valid_rmse=0.476174 q_change=57 q_delta=0.453559 q_grad=0.001919
epoch=63 loss_total=0.716416 loss_rec=0.630802 valid_auc=0.674833 valid_rmse=0.476698 q_change=57 q_delta=0.453542 q_grad=0.001937
epoch=64 loss_total=0.718356 loss_rec=0.632760 valid_auc=0.676027 valid_rmse=0.477268 q_change=57 q_delta=0.453527 q_grad=0.002029
epoch=65 loss_total=0.712388 loss_rec=0.626805 valid_auc=0.674788 valid_rmse=0.476221 q_change=57 q_delta=0.453654 q_grad=0.001948
epoch=66 loss_total=0.714432 loss_rec=0.628878 valid_auc=0.676719 valid_rmse=0.475971 q_change=57 q_delta=0.453628 q_grad=0.002060
epoch=67 loss_total=0.716186 loss_rec=0.630654 valid_auc=0.674632 valid_rmse=0.477070 q_change=57 q_delta=0.453632 q_grad=0.002028
epoch=68 loss_total=0.712555 loss_rec=0.627041 valid_auc=0.675592 valid_rmse=0.477237 q_change=57 q_delta=0.453632 q_grad=0.002057
epoch=69 loss_total=0.709812 loss_rec=0.624316 valid_auc=0.678192 valid_rmse=0.481945 q_change=57 q_delta=0.453537 q_grad=0.002132
epoch=70 loss_total=0.711319 loss_rec=0.625798 valid_auc=0.674967 valid_rmse=0.476430 q_change=57 q_delta=0.453674 q_grad=0.002145
epoch=71 loss_total=0.711280 loss_rec=0.625787 valid_auc=0.676049 valid_rmse=0.476195 q_change=57 q_delta=0.453664 q_grad=0.002170
epoch=72 loss_total=0.712752 loss_rec=0.627247 valid_auc=0.675078 valid_rmse=0.476938 q_change=57 q_delta=0.453645 q_grad=0.002227
epoch=73 loss_total=0.709314 loss_rec=0.623839 valid_auc=0.672377 valid_rmse=0.477431 q_change=57 q_delta=0.453666 q_grad=0.002253
epoch=74 loss_total=0.712086 loss_rec=0.626606 valid_auc=0.673850 valid_rmse=0.477451 q_change=57 q_delta=0.453640 q_grad=0.002229
epoch=75 loss_total=0.711372 loss_rec=0.625911 valid_auc=0.672455 valid_rmse=0.480958 q_change=57 q_delta=0.453601 q_grad=0.002253
epoch=76 loss_total=0.712442 loss_rec=0.626960 valid_auc=0.672768 valid_rmse=0.477100 q_change=57 q_delta=0.453709 q_grad=0.002224
epoch=77 loss_total=0.706132 loss_rec=0.620693 valid_auc=0.673638 valid_rmse=0.479725 q_change=57 q_delta=0.453640 q_grad=0.002223
epoch=78 loss_total=0.709459 loss_rec=0.624023 valid_auc=0.673270 valid_rmse=0.477966 q_change=57 q_delta=0.453675 q_grad=0.002394
epoch=79 loss_total=0.707618 loss_rec=0.622189 valid_auc=0.673426 valid_rmse=0.477619 q_change=57 q_delta=0.453703 q_grad=0.002430
epoch=80 loss_total=0.707898 loss_rec=0.622495 valid_auc=0.674163 valid_rmse=0.477168 q_change=57 q_delta=0.453738 q_grad=0.002345
epoch=81 loss_total=0.706010 loss_rec=0.620606 valid_auc=0.674275 valid_rmse=0.477608 q_change=57 q_delta=0.453710 q_grad=0.002401
epoch=82 loss_total=0.706818 loss_rec=0.621429 valid_auc=0.673092 valid_rmse=0.478280 q_change=57 q_delta=0.453721 q_grad=0.002440
epoch=83 loss_total=0.705262 loss_rec=0.619892 valid_auc=0.674258 valid_rmse=0.480073 q_change=57 q_delta=0.453698 q_grad=0.002399
epoch=84 loss_total=0.706940 loss_rec=0.621594 valid_auc=0.674375 valid_rmse=0.477140 q_change=57 q_delta=0.453788 q_grad=0.002430
epoch=85 loss_total=0.705211 loss_rec=0.619890 valid_auc=0.674855 valid_rmse=0.479041 q_change=57 q_delta=0.453763 q_grad=0.002496
epoch=86 loss_total=0.709817 loss_rec=0.624527 valid_auc=0.674029 valid_rmse=0.477574 q_change=57 q_delta=0.453819 q_grad=0.002497
epoch=87 loss_total=0.705144 loss_rec=0.619869 valid_auc=0.674330 valid_rmse=0.477291 q_change=57 q_delta=0.453829 q_grad=0.002415
epoch=88 loss_total=0.701081 loss_rec=0.615799 valid_auc=0.673203 valid_rmse=0.478128 q_change=57 q_delta=0.453834 q_grad=0.002464
epoch=89 loss_total=0.701573 loss_rec=0.616321 valid_auc=0.675011 valid_rmse=0.482109 q_change=57 q_delta=0.453781 q_grad=0.002466
Early stopping at epoch 89; best_epoch=69.
Saved run to C:\Users\YAN_SHU_YU\Desktop\Generative-CD\Q_GNCDM\results\weak_q_lambda_sweep\lq_0p3_ls_0p3_lb_0p9\seed_2026\noise_0.20\weak-q_lq_0p3_ls_0p3_lb_0p9
Final metrics: q_hat_f1=0.000000 response_auc=0.690049 mastery_pearson=0.259780
