run=weak-q_lq_0p5_ls_0p4_lb_0p7 mode=weak-q noise=0.20 train=4200 valid=600 test=1200
epoch=1 loss_total=1.070796 loss_rec=0.725662 valid_auc=0.587857 valid_rmse=0.499752 q_change=57 q_delta=0.079304 q_grad=0.000449
epoch=2 loss_total=1.015637 loss_rec=0.705960 valid_auc=0.595201 valid_rmse=0.499310 q_change=57 q_delta=0.151243 q_grad=0.000432
epoch=3 loss_total=0.976965 loss_rec=0.700120 valid_auc=0.609866 valid_rmse=0.498547 q_change=57 q_delta=0.212450 q_grad=0.000408
epoch=4 loss_total=0.942262 loss_rec=0.694070 valid_auc=0.630725 valid_rmse=0.497937 q_change=57 q_delta=0.262082 q_grad=0.000372
epoch=5 loss_total=0.919092 loss_rec=0.694178 valid_auc=0.651741 valid_rmse=0.496222 q_change=57 q_delta=0.300130 q_grad=0.000338
epoch=6 loss_total=0.896525 loss_rec=0.689759 valid_auc=0.664442 valid_rmse=0.495310 q_change=57 q_delta=0.328219 q_grad=0.000313
epoch=7 loss_total=0.875323 loss_rec=0.682153 valid_auc=0.662522 valid_rmse=0.492957 q_change=57 q_delta=0.348319 q_grad=0.000312
epoch=8 loss_total=0.857858 loss_rec=0.674135 valid_auc=0.658214 valid_rmse=0.488301 q_change=57 q_delta=0.361238 q_grad=0.000367
epoch=9 loss_total=0.840154 loss_rec=0.662698 valid_auc=0.661931 valid_rmse=0.481672 q_change=57 q_delta=0.370483 q_grad=0.000494
epoch=10 loss_total=0.833225 loss_rec=0.660811 valid_auc=0.663170 valid_rmse=0.481187 q_change=57 q_delta=0.377939 q_grad=0.000597
epoch=11 loss_total=0.825776 loss_rec=0.657255 valid_auc=0.663504 valid_rmse=0.480185 q_change=57 q_delta=0.384378 q_grad=0.000705
epoch=12 loss_total=0.813826 loss_rec=0.648817 valid_auc=0.666384 valid_rmse=0.481107 q_change=57 q_delta=0.389532 q_grad=0.000770
epoch=13 loss_total=0.808927 loss_rec=0.646855 valid_auc=0.667533 valid_rmse=0.478213 q_change=57 q_delta=0.394111 q_grad=0.000791
epoch=14 loss_total=0.805758 loss_rec=0.645953 valid_auc=0.668047 valid_rmse=0.479660 q_change=57 q_delta=0.397331 q_grad=0.000887
epoch=15 loss_total=0.802612 loss_rec=0.644737 valid_auc=0.666908 valid_rmse=0.478053 q_change=57 q_delta=0.400639 q_grad=0.000944
epoch=16 loss_total=0.801750 loss_rec=0.645516 valid_auc=0.668728 valid_rmse=0.477812 q_change=57 q_delta=0.403008 q_grad=0.001052
epoch=17 loss_total=0.799467 loss_rec=0.644668 valid_auc=0.670195 valid_rmse=0.478148 q_change=57 q_delta=0.405090 q_grad=0.001035
epoch=18 loss_total=0.792898 loss_rec=0.639275 valid_auc=0.671228 valid_rmse=0.477616 q_change=57 q_delta=0.406992 q_grad=0.001083
epoch=19 loss_total=0.790378 loss_rec=0.637868 valid_auc=0.671931 valid_rmse=0.477221 q_change=57 q_delta=0.408661 q_grad=0.001172
epoch=20 loss_total=0.789025 loss_rec=0.637412 valid_auc=0.675458 valid_rmse=0.475830 q_change=57 q_delta=0.410232 q_grad=0.001283
epoch=21 loss_total=0.785406 loss_rec=0.634638 valid_auc=0.675949 valid_rmse=0.476657 q_change=57 q_delta=0.411252 q_grad=0.001248
epoch=22 loss_total=0.784191 loss_rec=0.634064 valid_auc=0.677757 valid_rmse=0.475390 q_change=57 q_delta=0.412230 q_grad=0.001377
epoch=23 loss_total=0.780841 loss_rec=0.631285 valid_auc=0.676674 valid_rmse=0.475126 q_change=57 q_delta=0.413258 q_grad=0.001403
epoch=24 loss_total=0.776027 loss_rec=0.627029 valid_auc=0.676641 valid_rmse=0.475690 q_change=57 q_delta=0.413984 q_grad=0.001473
epoch=25 loss_total=0.778610 loss_rec=0.630046 valid_auc=0.677779 valid_rmse=0.475382 q_change=57 q_delta=0.414485 q_grad=0.001622
epoch=26 loss_total=0.776192 loss_rec=0.627978 valid_auc=0.678895 valid_rmse=0.475917 q_change=57 q_delta=0.414899 q_grad=0.001632
epoch=27 loss_total=0.773757 loss_rec=0.625735 valid_auc=0.682645 valid_rmse=0.475224 q_change=57 q_delta=0.414980 q_grad=0.001649
epoch=28 loss_total=0.774375 loss_rec=0.626530 valid_auc=0.682277 valid_rmse=0.474691 q_change=57 q_delta=0.415162 q_grad=0.001753
epoch=29 loss_total=0.770265 loss_rec=0.622550 valid_auc=0.683973 valid_rmse=0.474253 q_change=56 q_delta=0.415213 q_grad=0.001821
epoch=30 loss_total=0.770489 loss_rec=0.622910 valid_auc=0.684989 valid_rmse=0.474603 q_change=56 q_delta=0.415987 q_grad=0.001811
epoch=31 loss_total=0.766514 loss_rec=0.619033 valid_auc=0.686016 valid_rmse=0.474021 q_change=56 q_delta=0.416777 q_grad=0.001860
epoch=32 loss_total=0.767478 loss_rec=0.620221 valid_auc=0.687266 valid_rmse=0.474755 q_change=56 q_delta=0.417329 q_grad=0.001929
epoch=33 loss_total=0.765857 loss_rec=0.618765 valid_auc=0.684085 valid_rmse=0.473705 q_change=56 q_delta=0.418090 q_grad=0.001913
epoch=34 loss_total=0.765135 loss_rec=0.618258 valid_auc=0.682210 valid_rmse=0.473770 q_change=56 q_delta=0.418415 q_grad=0.001950
epoch=35 loss_total=0.766205 loss_rec=0.619502 valid_auc=0.685123 valid_rmse=0.473030 q_change=56 q_delta=0.418777 q_grad=0.001942
epoch=36 loss_total=0.762929 loss_rec=0.616372 valid_auc=0.687321 valid_rmse=0.473578 q_change=56 q_delta=0.418840 q_grad=0.001986
epoch=37 loss_total=0.757055 loss_rec=0.610578 valid_auc=0.687545 valid_rmse=0.473450 q_change=56 q_delta=0.419020 q_grad=0.002014
epoch=38 loss_total=0.756832 loss_rec=0.610533 valid_auc=0.685658 valid_rmse=0.475855 q_change=56 q_delta=0.419220 q_grad=0.002138
epoch=39 loss_total=0.759635 loss_rec=0.613443 valid_auc=0.687388 valid_rmse=0.473002 q_change=56 q_delta=0.419525 q_grad=0.002070
epoch=40 loss_total=0.755670 loss_rec=0.609599 valid_auc=0.686496 valid_rmse=0.473541 q_change=56 q_delta=0.419525 q_grad=0.002120
epoch=41 loss_total=0.751432 loss_rec=0.605472 valid_auc=0.688750 valid_rmse=0.473525 q_change=56 q_delta=0.419574 q_grad=0.002125
epoch=42 loss_total=0.755291 loss_rec=0.609403 valid_auc=0.685580 valid_rmse=0.474013 q_change=56 q_delta=0.419640 q_grad=0.002191
epoch=43 loss_total=0.750980 loss_rec=0.605095 valid_auc=0.687299 valid_rmse=0.473432 q_change=56 q_delta=0.419481 q_grad=0.002128
epoch=44 loss_total=0.751323 loss_rec=0.605544 valid_auc=0.687600 valid_rmse=0.473581 q_change=56 q_delta=0.419516 q_grad=0.002202
epoch=45 loss_total=0.748469 loss_rec=0.602759 valid_auc=0.689163 valid_rmse=0.475815 q_change=55 q_delta=0.419349 q_grad=0.002228
epoch=46 loss_total=0.749202 loss_rec=0.603520 valid_auc=0.690848 valid_rmse=0.472125 q_change=55 q_delta=0.419711 q_grad=0.002162
epoch=47 loss_total=0.746185 loss_rec=0.600583 valid_auc=0.692042 valid_rmse=0.472587 q_change=55 q_delta=0.420009 q_grad=0.002193
epoch=48 loss_total=0.745926 loss_rec=0.600363 valid_auc=0.691205 valid_rmse=0.472138 q_change=55 q_delta=0.420322 q_grad=0.002251
epoch=49 loss_total=0.743200 loss_rec=0.597705 valid_auc=0.692589 valid_rmse=0.471706 q_change=55 q_delta=0.420507 q_grad=0.002272
epoch=50 loss_total=0.739094 loss_rec=0.593630 valid_auc=0.690826 valid_rmse=0.472848 q_change=55 q_delta=0.420754 q_grad=0.002181
epoch=51 loss_total=0.738924 loss_rec=0.593569 valid_auc=0.693951 valid_rmse=0.473226 q_change=55 q_delta=0.420826 q_grad=0.002305
epoch=52 loss_total=0.739644 loss_rec=0.594376 valid_auc=0.692411 valid_rmse=0.472029 q_change=55 q_delta=0.421145 q_grad=0.002329
epoch=53 loss_total=0.741409 loss_rec=0.596202 valid_auc=0.694509 valid_rmse=0.471126 q_change=55 q_delta=0.421288 q_grad=0.002331
epoch=54 loss_total=0.733068 loss_rec=0.587965 valid_auc=0.691808 valid_rmse=0.472940 q_change=55 q_delta=0.421482 q_grad=0.002298
epoch=55 loss_total=0.732099 loss_rec=0.587134 valid_auc=0.697377 valid_rmse=0.470547 q_change=54 q_delta=0.421613 q_grad=0.002343
epoch=56 loss_total=0.732927 loss_rec=0.588031 valid_auc=0.693817 valid_rmse=0.471412 q_change=54 q_delta=0.421770 q_grad=0.002396
epoch=57 loss_total=0.731152 loss_rec=0.586347 valid_auc=0.695647 valid_rmse=0.472632 q_change=54 q_delta=0.421779 q_grad=0.002498
epoch=58 loss_total=0.727249 loss_rec=0.582519 valid_auc=0.694475 valid_rmse=0.473669 q_change=54 q_delta=0.422150 q_grad=0.002451
epoch=59 loss_total=0.727395 loss_rec=0.582783 valid_auc=0.694408 valid_rmse=0.471596 q_change=54 q_delta=0.422448 q_grad=0.002455
epoch=60 loss_total=0.726224 loss_rec=0.581680 valid_auc=0.694743 valid_rmse=0.472779 q_change=54 q_delta=0.422569 q_grad=0.002536
epoch=61 loss_total=0.724172 loss_rec=0.579658 valid_auc=0.694219 valid_rmse=0.472472 q_change=54 q_delta=0.422797 q_grad=0.002589
epoch=62 loss_total=0.721280 loss_rec=0.576877 valid_auc=0.692400 valid_rmse=0.472615 q_change=54 q_delta=0.423097 q_grad=0.002582
epoch=63 loss_total=0.722201 loss_rec=0.577835 valid_auc=0.691529 valid_rmse=0.473370 q_change=53 q_delta=0.423199 q_grad=0.002636
epoch=64 loss_total=0.723734 loss_rec=0.579424 valid_auc=0.695480 valid_rmse=0.474907 q_change=53 q_delta=0.423265 q_grad=0.002731
epoch=65 loss_total=0.717557 loss_rec=0.573295 valid_auc=0.692489 valid_rmse=0.473244 q_change=53 q_delta=0.423545 q_grad=0.002629
epoch=66 loss_total=0.717915 loss_rec=0.573704 valid_auc=0.692478 valid_rmse=0.473811 q_change=53 q_delta=0.423590 q_grad=0.002813
epoch=67 loss_total=0.720246 loss_rec=0.576104 valid_auc=0.691607 valid_rmse=0.474778 q_change=53 q_delta=0.423754 q_grad=0.002822
epoch=68 loss_total=0.714762 loss_rec=0.570673 valid_auc=0.691730 valid_rmse=0.476255 q_change=53 q_delta=0.423803 q_grad=0.002829
epoch=69 loss_total=0.711579 loss_rec=0.567529 valid_auc=0.695112 valid_rmse=0.480701 q_change=53 q_delta=0.423790 q_grad=0.002949
epoch=70 loss_total=0.710439 loss_rec=0.566428 valid_auc=0.690379 valid_rmse=0.474512 q_change=53 q_delta=0.424119 q_grad=0.002963
epoch=71 loss_total=0.711761 loss_rec=0.567839 valid_auc=0.691406 valid_rmse=0.474319 q_change=53 q_delta=0.424169 q_grad=0.002977
epoch=72 loss_total=0.710481 loss_rec=0.566560 valid_auc=0.691350 valid_rmse=0.474741 q_change=53 q_delta=0.424263 q_grad=0.003018
epoch=73 loss_total=0.705399 loss_rec=0.561541 valid_auc=0.688750 valid_rmse=0.475985 q_change=53 q_delta=0.424337 q_grad=0.003082
epoch=74 loss_total=0.709745 loss_rec=0.565903 valid_auc=0.690000 valid_rmse=0.476116 q_change=53 q_delta=0.424356 q_grad=0.003073
epoch=75 loss_total=0.707450 loss_rec=0.563621 valid_auc=0.687701 valid_rmse=0.482617 q_change=53 q_delta=0.424195 q_grad=0.003086
Early stopping at epoch 75; best_epoch=55.
Saved run to C:\Users\YAN_SHU_YU\Desktop\Generative-CD\Q_GNCDM\results\weak_q_lambda_sweep\lq_0p5_ls_0p4_lb_0p7\seed_2026\noise_0.20\weak-q_lq_0p5_ls_0p4_lb_0p7
Final metrics: q_hat_f1=0.101695 response_auc=0.688073 mastery_pearson=0.354284
