run=weak-q_lq_0p2_ls_0p6_lb_0p2 mode=weak-q noise=0.20 train=4200 valid=600 test=1200
epoch=1 loss_total=1.035349 loss_rec=0.725663 valid_auc=0.587645 valid_rmse=0.499756 q_change=57 q_delta=0.079055 q_grad=0.000609
epoch=2 loss_total=0.969798 loss_rec=0.705955 valid_auc=0.594191 valid_rmse=0.499327 q_change=57 q_delta=0.149318 q_grad=0.000555
epoch=3 loss_total=0.924512 loss_rec=0.700106 valid_auc=0.606920 valid_rmse=0.498585 q_change=57 q_delta=0.208280 q_grad=0.000497
epoch=4 loss_total=0.885879 loss_rec=0.694021 valid_auc=0.625123 valid_rmse=0.497977 q_change=57 q_delta=0.255952 q_grad=0.000436
epoch=5 loss_total=0.860312 loss_rec=0.694062 valid_auc=0.645642 valid_rmse=0.496241 q_change=57 q_delta=0.292927 q_grad=0.000383
epoch=6 loss_total=0.836079 loss_rec=0.689518 valid_auc=0.659911 valid_rmse=0.495288 q_change=57 q_delta=0.320798 q_grad=0.000345
epoch=7 loss_total=0.813544 loss_rec=0.681711 valid_auc=0.659978 valid_rmse=0.492898 q_change=57 q_delta=0.341242 q_grad=0.000335
epoch=8 loss_total=0.794914 loss_rec=0.673428 valid_auc=0.656317 valid_rmse=0.488336 q_change=57 q_delta=0.354887 q_grad=0.000384
epoch=9 loss_total=0.776522 loss_rec=0.662008 valid_auc=0.661674 valid_rmse=0.481642 q_change=57 q_delta=0.364839 q_grad=0.000510
epoch=10 loss_total=0.768855 loss_rec=0.659942 valid_auc=0.662589 valid_rmse=0.481123 q_change=57 q_delta=0.372859 q_grad=0.000615
epoch=11 loss_total=0.760917 loss_rec=0.656312 valid_auc=0.663382 valid_rmse=0.479972 q_change=57 q_delta=0.379760 q_grad=0.000725
epoch=12 loss_total=0.748392 loss_rec=0.647684 valid_auc=0.668058 valid_rmse=0.480670 q_change=57 q_delta=0.385310 q_grad=0.000795
epoch=13 loss_total=0.743163 loss_rec=0.645684 valid_auc=0.669063 valid_rmse=0.477663 q_change=57 q_delta=0.390167 q_grad=0.000819
epoch=14 loss_total=0.739838 loss_rec=0.644841 valid_auc=0.669542 valid_rmse=0.479056 q_change=57 q_delta=0.393675 q_grad=0.000919
epoch=15 loss_total=0.736221 loss_rec=0.643346 valid_auc=0.669107 valid_rmse=0.477348 q_change=57 q_delta=0.397162 q_grad=0.000985
epoch=16 loss_total=0.735256 loss_rec=0.644137 valid_auc=0.671496 valid_rmse=0.477169 q_change=57 q_delta=0.399701 q_grad=0.001096
epoch=17 loss_total=0.732661 loss_rec=0.643120 valid_auc=0.673036 valid_rmse=0.477475 q_change=57 q_delta=0.401958 q_grad=0.001079
epoch=18 loss_total=0.725937 loss_rec=0.637671 valid_auc=0.674319 valid_rmse=0.476643 q_change=57 q_delta=0.404013 q_grad=0.001132
epoch=19 loss_total=0.723445 loss_rec=0.636394 valid_auc=0.675502 valid_rmse=0.476593 q_change=57 q_delta=0.405794 q_grad=0.001228
epoch=20 loss_total=0.721990 loss_rec=0.635894 valid_auc=0.678839 valid_rmse=0.475088 q_change=57 q_delta=0.407455 q_grad=0.001339
epoch=21 loss_total=0.718101 loss_rec=0.632924 valid_auc=0.679163 valid_rmse=0.476157 q_change=57 q_delta=0.408550 q_grad=0.001301
epoch=22 loss_total=0.716827 loss_rec=0.632323 valid_auc=0.680123 valid_rmse=0.474875 q_change=57 q_delta=0.409598 q_grad=0.001434
epoch=23 loss_total=0.713519 loss_rec=0.629641 valid_auc=0.679018 valid_rmse=0.474554 q_change=57 q_delta=0.410722 q_grad=0.001456
epoch=24 loss_total=0.708806 loss_rec=0.625514 valid_auc=0.677879 valid_rmse=0.475078 q_change=57 q_delta=0.411529 q_grad=0.001518
epoch=25 loss_total=0.711408 loss_rec=0.628586 valid_auc=0.678951 valid_rmse=0.474893 q_change=57 q_delta=0.412089 q_grad=0.001667
epoch=26 loss_total=0.708793 loss_rec=0.626346 valid_auc=0.679643 valid_rmse=0.475722 q_change=57 q_delta=0.412613 q_grad=0.001672
epoch=27 loss_total=0.706133 loss_rec=0.623898 valid_auc=0.683482 valid_rmse=0.475309 q_change=57 q_delta=0.412819 q_grad=0.001682
epoch=28 loss_total=0.707745 loss_rec=0.625719 valid_auc=0.682143 valid_rmse=0.474566 q_change=57 q_delta=0.413229 q_grad=0.001782
epoch=29 loss_total=0.703320 loss_rec=0.621439 valid_auc=0.684810 valid_rmse=0.474055 q_change=56 q_delta=0.413378 q_grad=0.001838
epoch=30 loss_total=0.703573 loss_rec=0.621822 valid_auc=0.685167 valid_rmse=0.474212 q_change=56 q_delta=0.413974 q_grad=0.001812
epoch=31 loss_total=0.699811 loss_rec=0.618073 valid_auc=0.686429 valid_rmse=0.474047 q_change=56 q_delta=0.414818 q_grad=0.001858
epoch=32 loss_total=0.701324 loss_rec=0.619756 valid_auc=0.688170 valid_rmse=0.474550 q_change=56 q_delta=0.415462 q_grad=0.001918
epoch=33 loss_total=0.699787 loss_rec=0.618347 valid_auc=0.684989 valid_rmse=0.473178 q_change=56 q_delta=0.416335 q_grad=0.001892
epoch=34 loss_total=0.698913 loss_rec=0.617690 valid_auc=0.684129 valid_rmse=0.473113 q_change=56 q_delta=0.416839 q_grad=0.001907
epoch=35 loss_total=0.699943 loss_rec=0.618906 valid_auc=0.687299 valid_rmse=0.472370 q_change=56 q_delta=0.417327 q_grad=0.001889
epoch=36 loss_total=0.696692 loss_rec=0.615763 valid_auc=0.689219 valid_rmse=0.473002 q_change=56 q_delta=0.417480 q_grad=0.001932
epoch=37 loss_total=0.691038 loss_rec=0.610211 valid_auc=0.689453 valid_rmse=0.472745 q_change=56 q_delta=0.417832 q_grad=0.001944
epoch=38 loss_total=0.690739 loss_rec=0.610114 valid_auc=0.687545 valid_rmse=0.475054 q_change=56 q_delta=0.418166 q_grad=0.002052
epoch=39 loss_total=0.693595 loss_rec=0.613097 valid_auc=0.689219 valid_rmse=0.472143 q_change=56 q_delta=0.418570 q_grad=0.001978
epoch=40 loss_total=0.689570 loss_rec=0.609193 valid_auc=0.689877 valid_rmse=0.472301 q_change=56 q_delta=0.418714 q_grad=0.002013
epoch=41 loss_total=0.685567 loss_rec=0.605310 valid_auc=0.692757 valid_rmse=0.472318 q_change=56 q_delta=0.418904 q_grad=0.002010
epoch=42 loss_total=0.689533 loss_rec=0.609335 valid_auc=0.689308 valid_rmse=0.472573 q_change=56 q_delta=0.419097 q_grad=0.002077
epoch=43 loss_total=0.685039 loss_rec=0.604821 valid_auc=0.691060 valid_rmse=0.472107 q_change=56 q_delta=0.419008 q_grad=0.002010
epoch=44 loss_total=0.686044 loss_rec=0.605934 valid_auc=0.690882 valid_rmse=0.472240 q_change=55 q_delta=0.419247 q_grad=0.002077
epoch=45 loss_total=0.682592 loss_rec=0.602557 valid_auc=0.692020 valid_rmse=0.474579 q_change=55 q_delta=0.419386 q_grad=0.002100
epoch=46 loss_total=0.683564 loss_rec=0.603541 valid_auc=0.693136 valid_rmse=0.470709 q_change=55 q_delta=0.420033 q_grad=0.002042
epoch=47 loss_total=0.680885 loss_rec=0.600971 valid_auc=0.695145 valid_rmse=0.471331 q_change=55 q_delta=0.420556 q_grad=0.002066
epoch=48 loss_total=0.680205 loss_rec=0.600339 valid_auc=0.693817 valid_rmse=0.470961 q_change=55 q_delta=0.420988 q_grad=0.002112
epoch=49 loss_total=0.677817 loss_rec=0.598007 valid_auc=0.694029 valid_rmse=0.471004 q_change=54 q_delta=0.421374 q_grad=0.002139
epoch=50 loss_total=0.673870 loss_rec=0.594119 valid_auc=0.691786 valid_rmse=0.471992 q_change=54 q_delta=0.421771 q_grad=0.002044
epoch=51 loss_total=0.674165 loss_rec=0.594532 valid_auc=0.694520 valid_rmse=0.473075 q_change=54 q_delta=0.422059 q_grad=0.002171
epoch=52 loss_total=0.675523 loss_rec=0.595999 valid_auc=0.692444 valid_rmse=0.471758 q_change=54 q_delta=0.422532 q_grad=0.002178
epoch=53 loss_total=0.677021 loss_rec=0.597572 valid_auc=0.694074 valid_rmse=0.471433 q_change=54 q_delta=0.422864 q_grad=0.002181
epoch=54 loss_total=0.669029 loss_rec=0.589700 valid_auc=0.692355 valid_rmse=0.472941 q_change=54 q_delta=0.423151 q_grad=0.002148
epoch=55 loss_total=0.668319 loss_rec=0.589129 valid_auc=0.695848 valid_rmse=0.471408 q_change=54 q_delta=0.423578 q_grad=0.002200
epoch=56 loss_total=0.669643 loss_rec=0.590557 valid_auc=0.692991 valid_rmse=0.471823 q_change=54 q_delta=0.423987 q_grad=0.002227
epoch=57 loss_total=0.667847 loss_rec=0.588865 valid_auc=0.694643 valid_rmse=0.473987 q_change=54 q_delta=0.424205 q_grad=0.002316
epoch=58 loss_total=0.664632 loss_rec=0.585721 valid_auc=0.692210 valid_rmse=0.474443 q_change=54 q_delta=0.424426 q_grad=0.002275
epoch=59 loss_total=0.664683 loss_rec=0.585962 valid_auc=0.691540 valid_rmse=0.472391 q_change=54 q_delta=0.424899 q_grad=0.002259
epoch=60 loss_total=0.663927 loss_rec=0.585300 valid_auc=0.692969 valid_rmse=0.473811 q_change=54 q_delta=0.425044 q_grad=0.002310
epoch=61 loss_total=0.662730 loss_rec=0.584185 valid_auc=0.692746 valid_rmse=0.473248 q_change=54 q_delta=0.425375 q_grad=0.002361
epoch=62 loss_total=0.660166 loss_rec=0.581748 valid_auc=0.691507 valid_rmse=0.472964 q_change=53 q_delta=0.425620 q_grad=0.002324
epoch=63 loss_total=0.661153 loss_rec=0.582794 valid_auc=0.690246 valid_rmse=0.474065 q_change=53 q_delta=0.425737 q_grad=0.002369
epoch=64 loss_total=0.663737 loss_rec=0.585487 valid_auc=0.693549 valid_rmse=0.475310 q_change=53 q_delta=0.425852 q_grad=0.002426
epoch=65 loss_total=0.658274 loss_rec=0.580083 valid_auc=0.691886 valid_rmse=0.473167 q_change=53 q_delta=0.426190 q_grad=0.002318
epoch=66 loss_total=0.658783 loss_rec=0.580683 valid_auc=0.691518 valid_rmse=0.473847 q_change=53 q_delta=0.426309 q_grad=0.002470
epoch=67 loss_total=0.661085 loss_rec=0.583080 valid_auc=0.690033 valid_rmse=0.474875 q_change=53 q_delta=0.426519 q_grad=0.002460
epoch=68 loss_total=0.656666 loss_rec=0.578718 valid_auc=0.690156 valid_rmse=0.476252 q_change=53 q_delta=0.426653 q_grad=0.002460
epoch=69 loss_total=0.653657 loss_rec=0.575778 valid_auc=0.693717 valid_rmse=0.480726 q_change=53 q_delta=0.426694 q_grad=0.002555
epoch=70 loss_total=0.652335 loss_rec=0.574485 valid_auc=0.689342 valid_rmse=0.474395 q_change=53 q_delta=0.427057 q_grad=0.002565
epoch=71 loss_total=0.654505 loss_rec=0.576746 valid_auc=0.690513 valid_rmse=0.474261 q_change=53 q_delta=0.427228 q_grad=0.002577
epoch=72 loss_total=0.653537 loss_rec=0.575797 valid_auc=0.689565 valid_rmse=0.474801 q_change=53 q_delta=0.427312 q_grad=0.002597
epoch=73 loss_total=0.649386 loss_rec=0.571749 valid_auc=0.686897 valid_rmse=0.475473 q_change=53 q_delta=0.427475 q_grad=0.002650
epoch=74 loss_total=0.653680 loss_rec=0.576083 valid_auc=0.689007 valid_rmse=0.475883 q_change=53 q_delta=0.427602 q_grad=0.002609
epoch=75 loss_total=0.651899 loss_rec=0.574298 valid_auc=0.686384 valid_rmse=0.482015 q_change=53 q_delta=0.427521 q_grad=0.002624
Early stopping at epoch 75; best_epoch=55.
Saved run to C:\Users\YAN_SHU_YU\Desktop\Generative-CD\Q_GNCDM\results\weak_q_lambda_sweep\lq_0p2_ls_0p6_lb_0p2\seed_2026\noise_0.20\weak-q_lq_0p2_ls_0p6_lb_0p2
Final metrics: q_hat_f1=0.101695 response_auc=0.686927 mastery_pearson=0.327789
