run=weak-q_lq_0p5_ls_0p1_lb_0p7 mode=weak-q noise=0.20 train=4200 valid=600 test=1200
epoch=1 loss_total=0.940811 loss_rec=0.725522 valid_auc=0.593025 valid_rmse=0.499617 q_change=17 q_delta=0.066250 q_grad=0.000152
epoch=2 loss_total=0.909083 loss_rec=0.704841 valid_auc=0.611295 valid_rmse=0.498599 q_change=35 q_delta=0.121964 q_grad=0.000172
epoch=3 loss_total=0.890487 loss_rec=0.696589 valid_auc=0.641920 valid_rmse=0.496250 q_change=33 q_delta=0.168608 q_grad=0.000198
epoch=4 loss_total=0.868857 loss_rec=0.684054 valid_auc=0.667958 valid_rmse=0.491315 q_change=31 q_delta=0.206296 q_grad=0.000244
epoch=5 loss_total=0.845907 loss_rec=0.667765 valid_auc=0.671462 valid_rmse=0.481895 q_change=29 q_delta=0.230624 q_grad=0.000376
epoch=6 loss_total=0.814753 loss_rec=0.640867 valid_auc=0.677411 valid_rmse=0.475632 q_change=25 q_delta=0.244619 q_grad=0.000604
epoch=7 loss_total=0.791055 loss_rec=0.620140 valid_auc=0.689040 valid_rmse=0.472577 q_change=22 q_delta=0.255146 q_grad=0.000751
epoch=8 loss_total=0.777254 loss_rec=0.609057 valid_auc=0.691127 valid_rmse=0.472017 q_change=19 q_delta=0.266703 q_grad=0.000912
epoch=9 loss_total=0.763344 loss_rec=0.597653 valid_auc=0.695112 valid_rmse=0.470603 q_change=15 q_delta=0.277268 q_grad=0.001008
epoch=10 loss_total=0.759453 loss_rec=0.596377 valid_auc=0.694219 valid_rmse=0.472942 q_change=15 q_delta=0.287719 q_grad=0.001049
epoch=11 loss_total=0.750167 loss_rec=0.589337 valid_auc=0.694185 valid_rmse=0.471729 q_change=15 q_delta=0.297509 q_grad=0.001123
epoch=12 loss_total=0.733266 loss_rec=0.574531 valid_auc=0.695848 valid_rmse=0.473600 q_change=16 q_delta=0.306474 q_grad=0.001152
epoch=13 loss_total=0.725004 loss_rec=0.568327 valid_auc=0.697232 valid_rmse=0.472754 q_change=15 q_delta=0.315064 q_grad=0.001159
epoch=14 loss_total=0.719872 loss_rec=0.565053 valid_auc=0.696741 valid_rmse=0.474279 q_change=15 q_delta=0.322090 q_grad=0.001179
epoch=15 loss_total=0.708616 loss_rec=0.555379 valid_auc=0.700000 valid_rmse=0.474441 q_change=16 q_delta=0.328431 q_grad=0.001190
epoch=16 loss_total=0.704987 loss_rec=0.553233 valid_auc=0.700882 valid_rmse=0.474648 q_change=15 q_delta=0.334209 q_grad=0.001268
epoch=17 loss_total=0.695457 loss_rec=0.545060 valid_auc=0.697623 valid_rmse=0.476096 q_change=16 q_delta=0.339444 q_grad=0.001218
epoch=18 loss_total=0.685152 loss_rec=0.535962 valid_auc=0.700346 valid_rmse=0.475629 q_change=15 q_delta=0.343897 q_grad=0.001243
epoch=19 loss_total=0.680154 loss_rec=0.532065 valid_auc=0.703092 valid_rmse=0.475949 q_change=14 q_delta=0.347655 q_grad=0.001244
epoch=20 loss_total=0.672493 loss_rec=0.525372 valid_auc=0.703359 valid_rmse=0.475782 q_change=14 q_delta=0.351399 q_grad=0.001308
epoch=21 loss_total=0.663359 loss_rec=0.517192 valid_auc=0.704386 valid_rmse=0.476962 q_change=14 q_delta=0.354876 q_grad=0.001250
epoch=22 loss_total=0.658882 loss_rec=0.513575 valid_auc=0.705056 valid_rmse=0.476356 q_change=14 q_delta=0.357862 q_grad=0.001295
epoch=23 loss_total=0.652692 loss_rec=0.508132 valid_auc=0.700279 valid_rmse=0.479104 q_change=14 q_delta=0.360707 q_grad=0.001257
epoch=24 loss_total=0.642221 loss_rec=0.498429 valid_auc=0.702054 valid_rmse=0.479541 q_change=14 q_delta=0.363393 q_grad=0.001278
epoch=25 loss_total=0.639151 loss_rec=0.496060 valid_auc=0.704319 valid_rmse=0.479433 q_change=14 q_delta=0.365947 q_grad=0.001330
epoch=26 loss_total=0.636120 loss_rec=0.493651 valid_auc=0.702600 valid_rmse=0.479517 q_change=14 q_delta=0.368535 q_grad=0.001260
epoch=27 loss_total=0.630427 loss_rec=0.488541 valid_auc=0.700770 valid_rmse=0.483320 q_change=15 q_delta=0.370801 q_grad=0.001263
epoch=28 loss_total=0.631609 loss_rec=0.490278 valid_auc=0.701763 valid_rmse=0.481608 q_change=15 q_delta=0.372945 q_grad=0.001307
epoch=29 loss_total=0.627131 loss_rec=0.486345 valid_auc=0.702712 valid_rmse=0.480915 q_change=15 q_delta=0.374719 q_grad=0.001261
epoch=30 loss_total=0.622551 loss_rec=0.482266 valid_auc=0.703650 valid_rmse=0.482027 q_change=15 q_delta=0.376671 q_grad=0.001287
epoch=31 loss_total=0.616776 loss_rec=0.476902 valid_auc=0.703694 valid_rmse=0.481703 q_change=15 q_delta=0.378167 q_grad=0.001252
epoch=32 loss_total=0.616298 loss_rec=0.476908 valid_auc=0.706629 valid_rmse=0.481720 q_change=15 q_delta=0.379849 q_grad=0.001266
epoch=33 loss_total=0.612300 loss_rec=0.473282 valid_auc=0.702545 valid_rmse=0.481884 q_change=15 q_delta=0.381305 q_grad=0.001230
epoch=34 loss_total=0.613219 loss_rec=0.474589 valid_auc=0.703170 valid_rmse=0.480641 q_change=16 q_delta=0.382494 q_grad=0.001223
epoch=35 loss_total=0.614494 loss_rec=0.476257 valid_auc=0.706719 valid_rmse=0.478497 q_change=15 q_delta=0.383851 q_grad=0.001229
epoch=36 loss_total=0.607247 loss_rec=0.469342 valid_auc=0.703438 valid_rmse=0.479853 q_change=14 q_delta=0.384775 q_grad=0.001232
epoch=37 loss_total=0.605015 loss_rec=0.467411 valid_auc=0.704308 valid_rmse=0.480917 q_change=14 q_delta=0.385903 q_grad=0.001200
epoch=38 loss_total=0.596161 loss_rec=0.458891 valid_auc=0.704933 valid_rmse=0.481656 q_change=15 q_delta=0.386973 q_grad=0.001213
epoch=39 loss_total=0.599207 loss_rec=0.462234 valid_auc=0.705737 valid_rmse=0.480072 q_change=15 q_delta=0.387920 q_grad=0.001198
epoch=40 loss_total=0.597584 loss_rec=0.460890 valid_auc=0.704487 valid_rmse=0.480806 q_change=17 q_delta=0.388900 q_grad=0.001199
epoch=41 loss_total=0.592549 loss_rec=0.456153 valid_auc=0.704866 valid_rmse=0.483250 q_change=17 q_delta=0.389901 q_grad=0.001183
epoch=42 loss_total=0.596000 loss_rec=0.459844 valid_auc=0.703962 valid_rmse=0.481688 q_change=17 q_delta=0.390935 q_grad=0.001235
epoch=43 loss_total=0.591200 loss_rec=0.455310 valid_auc=0.704788 valid_rmse=0.482473 q_change=18 q_delta=0.391953 q_grad=0.001227
epoch=44 loss_total=0.585227 loss_rec=0.449592 valid_auc=0.704688 valid_rmse=0.480972 q_change=18 q_delta=0.392975 q_grad=0.001207
epoch=45 loss_total=0.585170 loss_rec=0.449773 valid_auc=0.703717 valid_rmse=0.484404 q_change=18 q_delta=0.393878 q_grad=0.001178
epoch=46 loss_total=0.583567 loss_rec=0.448400 valid_auc=0.706272 valid_rmse=0.481294 q_change=18 q_delta=0.394854 q_grad=0.001215
epoch=47 loss_total=0.580502 loss_rec=0.445587 valid_auc=0.704475 valid_rmse=0.483194 q_change=18 q_delta=0.395698 q_grad=0.001173
epoch=48 loss_total=0.583962 loss_rec=0.449235 valid_auc=0.705748 valid_rmse=0.481279 q_change=18 q_delta=0.396371 q_grad=0.001213
epoch=49 loss_total=0.577004 loss_rec=0.442483 valid_auc=0.703549 valid_rmse=0.481696 q_change=18 q_delta=0.397200 q_grad=0.001152
epoch=50 loss_total=0.575966 loss_rec=0.441646 valid_auc=0.703616 valid_rmse=0.484886 q_change=18 q_delta=0.397962 q_grad=0.001164
epoch=51 loss_total=0.577377 loss_rec=0.443268 valid_auc=0.705279 valid_rmse=0.483351 q_change=18 q_delta=0.398362 q_grad=0.001203
epoch=52 loss_total=0.575758 loss_rec=0.441820 valid_auc=0.703080 valid_rmse=0.483552 q_change=18 q_delta=0.399161 q_grad=0.001171
epoch=53 loss_total=0.579482 loss_rec=0.445718 valid_auc=0.703058 valid_rmse=0.482738 q_change=18 q_delta=0.399792 q_grad=0.001176
epoch=54 loss_total=0.575778 loss_rec=0.442206 valid_auc=0.700926 valid_rmse=0.484112 q_change=18 q_delta=0.400604 q_grad=0.001208
epoch=55 loss_total=0.571064 loss_rec=0.437665 valid_auc=0.706406 valid_rmse=0.480797 q_change=18 q_delta=0.401144 q_grad=0.001132
Early stopping at epoch 55; best_epoch=35.
Saved run to C:\Users\YAN_SHU_YU\Desktop\Generative-CD\Q_GNCDM\results\weak_q_lambda_sweep\lq_0p5_ls_0p1_lb_0p7\seed_2026\noise_0.20\weak-q_lq_0p5_ls_0p1_lb_0p7
Final metrics: q_hat_f1=0.795918 response_auc=0.688895 mastery_pearson=0.573935
