run=weak-q_lq_0p1_ls_0p7_lb_0p3 mode=weak-q noise=0.20 train=4200 valid=600 test=1200
epoch=1 loss_total=1.102768 loss_rec=0.725667 valid_auc=0.587578 valid_rmse=0.499759 q_change=57 q_delta=0.079720 q_grad=0.000732
epoch=2 loss_total=1.026000 loss_rec=0.706021 valid_auc=0.593571 valid_rmse=0.499360 q_change=57 q_delta=0.152146 q_grad=0.000697
epoch=3 loss_total=0.968281 loss_rec=0.700325 valid_auc=0.604967 valid_rmse=0.498695 q_change=57 q_delta=0.213787 q_grad=0.000643
epoch=4 loss_total=0.917824 loss_rec=0.694527 valid_auc=0.621228 valid_rmse=0.498245 q_change=57 q_delta=0.263777 q_grad=0.000575
epoch=5 loss_total=0.882178 loss_rec=0.695050 valid_auc=0.640937 valid_rmse=0.496801 q_change=57 q_delta=0.302641 q_grad=0.000501
epoch=6 loss_total=0.850217 loss_rec=0.691543 valid_auc=0.656406 valid_rmse=0.496497 q_change=57 q_delta=0.332216 q_grad=0.000436
epoch=7 loss_total=0.822909 loss_rec=0.686173 valid_auc=0.657712 valid_rmse=0.495572 q_change=57 q_delta=0.354578 q_grad=0.000385
epoch=8 loss_total=0.802744 loss_rec=0.682543 valid_auc=0.651964 valid_rmse=0.493567 q_change=57 q_delta=0.370914 q_grad=0.000357
epoch=9 loss_total=0.784523 loss_rec=0.676397 valid_auc=0.655112 valid_rmse=0.488101 q_change=57 q_delta=0.382873 q_grad=0.000386
epoch=10 loss_total=0.771386 loss_rec=0.672242 valid_auc=0.656696 valid_rmse=0.485491 q_change=57 q_delta=0.391410 q_grad=0.000443
epoch=11 loss_total=0.758689 loss_rec=0.666024 valid_auc=0.656473 valid_rmse=0.483389 q_change=57 q_delta=0.398413 q_grad=0.000541
epoch=12 loss_total=0.742934 loss_rec=0.656072 valid_auc=0.660112 valid_rmse=0.483922 q_change=57 q_delta=0.404405 q_grad=0.000617
epoch=13 loss_total=0.735997 loss_rec=0.654164 valid_auc=0.661551 valid_rmse=0.480358 q_change=57 q_delta=0.409603 q_grad=0.000633
epoch=14 loss_total=0.730664 loss_rec=0.652800 valid_auc=0.664654 valid_rmse=0.481733 q_change=57 q_delta=0.413633 q_grad=0.000703
epoch=15 loss_total=0.726426 loss_rec=0.652021 valid_auc=0.661908 valid_rmse=0.480155 q_change=57 q_delta=0.417436 q_grad=0.000736
epoch=16 loss_total=0.723903 loss_rec=0.652361 valid_auc=0.662734 valid_rmse=0.480212 q_change=57 q_delta=0.420409 q_grad=0.000806
epoch=17 loss_total=0.721519 loss_rec=0.652572 valid_auc=0.665804 valid_rmse=0.480777 q_change=57 q_delta=0.423037 q_grad=0.000781
epoch=18 loss_total=0.714555 loss_rec=0.647825 valid_auc=0.666931 valid_rmse=0.480257 q_change=57 q_delta=0.425439 q_grad=0.000801
epoch=19 loss_total=0.711068 loss_rec=0.646306 valid_auc=0.665871 valid_rmse=0.480058 q_change=57 q_delta=0.427491 q_grad=0.000849
epoch=20 loss_total=0.709846 loss_rec=0.646750 valid_auc=0.670011 valid_rmse=0.478698 q_change=57 q_delta=0.429432 q_grad=0.000923
epoch=21 loss_total=0.705831 loss_rec=0.644346 valid_auc=0.668616 valid_rmse=0.479565 q_change=57 q_delta=0.430908 q_grad=0.000878
epoch=22 loss_total=0.705088 loss_rec=0.644902 valid_auc=0.668404 valid_rmse=0.478524 q_change=57 q_delta=0.432359 q_grad=0.000950
epoch=23 loss_total=0.701147 loss_rec=0.642190 valid_auc=0.666998 valid_rmse=0.478316 q_change=57 q_delta=0.433750 q_grad=0.000958
epoch=24 loss_total=0.696792 loss_rec=0.638987 valid_auc=0.668225 valid_rmse=0.478779 q_change=57 q_delta=0.434883 q_grad=0.000994
epoch=25 loss_total=0.699036 loss_rec=0.642176 valid_auc=0.667132 valid_rmse=0.478231 q_change=57 q_delta=0.435870 q_grad=0.001079
epoch=26 loss_total=0.696537 loss_rec=0.640560 valid_auc=0.667098 valid_rmse=0.478704 q_change=57 q_delta=0.436789 q_grad=0.001091
epoch=27 loss_total=0.694541 loss_rec=0.639300 valid_auc=0.669375 valid_rmse=0.478086 q_change=57 q_delta=0.437593 q_grad=0.001098
epoch=28 loss_total=0.695061 loss_rec=0.640537 valid_auc=0.670871 valid_rmse=0.477462 q_change=57 q_delta=0.438388 q_grad=0.001149
epoch=29 loss_total=0.692305 loss_rec=0.638426 valid_auc=0.672109 valid_rmse=0.477342 q_change=57 q_delta=0.439066 q_grad=0.001204
epoch=30 loss_total=0.693330 loss_rec=0.640038 valid_auc=0.672891 valid_rmse=0.477767 q_change=57 q_delta=0.439619 q_grad=0.001205
epoch=31 loss_total=0.689620 loss_rec=0.636784 valid_auc=0.673996 valid_rmse=0.476863 q_change=57 q_delta=0.440219 q_grad=0.001238
epoch=32 loss_total=0.691322 loss_rec=0.638976 valid_auc=0.675022 valid_rmse=0.477616 q_change=57 q_delta=0.440644 q_grad=0.001294
epoch=33 loss_total=0.690145 loss_rec=0.638160 valid_auc=0.674129 valid_rmse=0.476376 q_change=57 q_delta=0.441289 q_grad=0.001291
epoch=34 loss_total=0.689282 loss_rec=0.637748 valid_auc=0.673337 valid_rmse=0.476086 q_change=57 q_delta=0.441631 q_grad=0.001323
epoch=35 loss_total=0.690839 loss_rec=0.639650 valid_auc=0.674710 valid_rmse=0.475626 q_change=57 q_delta=0.442003 q_grad=0.001324
epoch=36 loss_total=0.687457 loss_rec=0.636577 valid_auc=0.675402 valid_rmse=0.476769 q_change=57 q_delta=0.442249 q_grad=0.001373
epoch=37 loss_total=0.682968 loss_rec=0.632377 valid_auc=0.676864 valid_rmse=0.475964 q_change=57 q_delta=0.442567 q_grad=0.001408
epoch=38 loss_total=0.681904 loss_rec=0.631545 valid_auc=0.677634 valid_rmse=0.477079 q_change=57 q_delta=0.442811 q_grad=0.001512
epoch=39 loss_total=0.685356 loss_rec=0.635257 valid_auc=0.677388 valid_rmse=0.475427 q_change=57 q_delta=0.443208 q_grad=0.001494
epoch=40 loss_total=0.681833 loss_rec=0.631998 valid_auc=0.677734 valid_rmse=0.475694 q_change=57 q_delta=0.443408 q_grad=0.001545
epoch=41 loss_total=0.678058 loss_rec=0.628411 valid_auc=0.680257 valid_rmse=0.475842 q_change=57 q_delta=0.443558 q_grad=0.001565
epoch=42 loss_total=0.682552 loss_rec=0.633062 valid_auc=0.676964 valid_rmse=0.476189 q_change=57 q_delta=0.443780 q_grad=0.001625
epoch=43 loss_total=0.679268 loss_rec=0.629902 valid_auc=0.677556 valid_rmse=0.475803 q_change=57 q_delta=0.443876 q_grad=0.001596
epoch=44 loss_total=0.679647 loss_rec=0.630413 valid_auc=0.677545 valid_rmse=0.475999 q_change=57 q_delta=0.444043 q_grad=0.001667
epoch=45 loss_total=0.677627 loss_rec=0.628519 valid_auc=0.679275 valid_rmse=0.477320 q_change=57 q_delta=0.444092 q_grad=0.001718
epoch=46 loss_total=0.679251 loss_rec=0.630200 valid_auc=0.680167 valid_rmse=0.474508 q_change=57 q_delta=0.444244 q_grad=0.001703
epoch=47 loss_total=0.676716 loss_rec=0.627743 valid_auc=0.681819 valid_rmse=0.474889 q_change=57 q_delta=0.444229 q_grad=0.001735
epoch=48 loss_total=0.677993 loss_rec=0.629032 valid_auc=0.682734 valid_rmse=0.473937 q_change=57 q_delta=0.444287 q_grad=0.001767
epoch=49 loss_total=0.675843 loss_rec=0.626855 valid_auc=0.682288 valid_rmse=0.474069 q_change=57 q_delta=0.444266 q_grad=0.001808
epoch=50 loss_total=0.672254 loss_rec=0.623255 valid_auc=0.680792 valid_rmse=0.474537 q_change=57 q_delta=0.444186 q_grad=0.001752
epoch=51 loss_total=0.673093 loss_rec=0.624031 valid_auc=0.683237 valid_rmse=0.476044 q_change=57 q_delta=0.443969 q_grad=0.001890
epoch=52 loss_total=0.673881 loss_rec=0.624708 valid_auc=0.682835 valid_rmse=0.474046 q_change=57 q_delta=0.443855 q_grad=0.001903
epoch=53 loss_total=0.675317 loss_rec=0.626014 valid_auc=0.684319 valid_rmse=0.473433 q_change=57 q_delta=0.443617 q_grad=0.001889
epoch=54 loss_total=0.667114 loss_rec=0.617629 valid_auc=0.683951 valid_rmse=0.474617 q_change=56 q_delta=0.443297 q_grad=0.001869
epoch=55 loss_total=0.667197 loss_rec=0.617535 valid_auc=0.687277 valid_rmse=0.472948 q_change=56 q_delta=0.443582 q_grad=0.001908
epoch=56 loss_total=0.668558 loss_rec=0.618796 valid_auc=0.684509 valid_rmse=0.473379 q_change=56 q_delta=0.443989 q_grad=0.001970
epoch=57 loss_total=0.667297 loss_rec=0.617446 valid_auc=0.686808 valid_rmse=0.475060 q_change=56 q_delta=0.444136 q_grad=0.002012
epoch=58 loss_total=0.663307 loss_rec=0.613367 valid_auc=0.685859 valid_rmse=0.474757 q_change=56 q_delta=0.444427 q_grad=0.001979
epoch=59 loss_total=0.663445 loss_rec=0.613560 valid_auc=0.685893 valid_rmse=0.473111 q_change=56 q_delta=0.444690 q_grad=0.002003
epoch=60 loss_total=0.662821 loss_rec=0.612907 valid_auc=0.688940 valid_rmse=0.473048 q_change=56 q_delta=0.444784 q_grad=0.002029
epoch=61 loss_total=0.662402 loss_rec=0.612434 valid_auc=0.687310 valid_rmse=0.473457 q_change=56 q_delta=0.444928 q_grad=0.002058
epoch=62 loss_total=0.661612 loss_rec=0.611722 valid_auc=0.686350 valid_rmse=0.472605 q_change=56 q_delta=0.445120 q_grad=0.002005
epoch=63 loss_total=0.662631 loss_rec=0.612748 valid_auc=0.686016 valid_rmse=0.473205 q_change=56 q_delta=0.445157 q_grad=0.002003
epoch=64 loss_total=0.665436 loss_rec=0.615625 valid_auc=0.689152 valid_rmse=0.474601 q_change=56 q_delta=0.445258 q_grad=0.002076
epoch=65 loss_total=0.659087 loss_rec=0.609309 valid_auc=0.688973 valid_rmse=0.471946 q_change=56 q_delta=0.445466 q_grad=0.001956
epoch=66 loss_total=0.660463 loss_rec=0.610757 valid_auc=0.691217 valid_rmse=0.472333 q_change=56 q_delta=0.445523 q_grad=0.002074
epoch=67 loss_total=0.662682 loss_rec=0.613044 valid_auc=0.687366 valid_rmse=0.473690 q_change=56 q_delta=0.445665 q_grad=0.002029
epoch=68 loss_total=0.658921 loss_rec=0.609349 valid_auc=0.690882 valid_rmse=0.473216 q_change=56 q_delta=0.445726 q_grad=0.002044
epoch=69 loss_total=0.655861 loss_rec=0.606335 valid_auc=0.693962 valid_rmse=0.477820 q_change=56 q_delta=0.445700 q_grad=0.002101
epoch=70 loss_total=0.656667 loss_rec=0.607186 valid_auc=0.690859 valid_rmse=0.471770 q_change=56 q_delta=0.445924 q_grad=0.002092
epoch=71 loss_total=0.658363 loss_rec=0.608987 valid_auc=0.691875 valid_rmse=0.471680 q_change=56 q_delta=0.446016 q_grad=0.002082
epoch=72 loss_total=0.657358 loss_rec=0.607987 valid_auc=0.691272 valid_rmse=0.472386 q_change=56 q_delta=0.446019 q_grad=0.002107
epoch=73 loss_total=0.655135 loss_rec=0.605847 valid_auc=0.688884 valid_rmse=0.472452 q_change=55 q_delta=0.446171 q_grad=0.002149
epoch=74 loss_total=0.658320 loss_rec=0.609085 valid_auc=0.691205 valid_rmse=0.472475 q_change=55 q_delta=0.446169 q_grad=0.002109
epoch=75 loss_total=0.657069 loss_rec=0.607854 valid_auc=0.690625 valid_rmse=0.477079 q_change=55 q_delta=0.446120 q_grad=0.002084
epoch=76 loss_total=0.657226 loss_rec=0.607988 valid_auc=0.688717 valid_rmse=0.472258 q_change=55 q_delta=0.446218 q_grad=0.002075
epoch=77 loss_total=0.651509 loss_rec=0.602281 valid_auc=0.688873 valid_rmse=0.475209 q_change=55 q_delta=0.446223 q_grad=0.002060
epoch=78 loss_total=0.653129 loss_rec=0.603929 valid_auc=0.688549 valid_rmse=0.473402 q_change=55 q_delta=0.446281 q_grad=0.002212
epoch=79 loss_total=0.653258 loss_rec=0.604092 valid_auc=0.687868 valid_rmse=0.472981 q_change=55 q_delta=0.446402 q_grad=0.002284
epoch=80 loss_total=0.652426 loss_rec=0.603262 valid_auc=0.688449 valid_rmse=0.472501 q_change=55 q_delta=0.446503 q_grad=0.002189
epoch=81 loss_total=0.649562 loss_rec=0.600353 valid_auc=0.689665 valid_rmse=0.473573 q_change=55 q_delta=0.446492 q_grad=0.002254
epoch=82 loss_total=0.649387 loss_rec=0.600153 valid_auc=0.688203 valid_rmse=0.473609 q_change=55 q_delta=0.446503 q_grad=0.002272
epoch=83 loss_total=0.648461 loss_rec=0.599198 valid_auc=0.689554 valid_rmse=0.476888 q_change=55 q_delta=0.446434 q_grad=0.002240
epoch=84 loss_total=0.649054 loss_rec=0.599659 valid_auc=0.690759 valid_rmse=0.473715 q_change=55 q_delta=0.446472 q_grad=0.002291
epoch=85 loss_total=0.649933 loss_rec=0.600442 valid_auc=0.689219 valid_rmse=0.477166 q_change=55 q_delta=0.446313 q_grad=0.002324
epoch=86 loss_total=0.651366 loss_rec=0.601791 valid_auc=0.688382 valid_rmse=0.474899 q_change=55 q_delta=0.446252 q_grad=0.002299
epoch=87 loss_total=0.646425 loss_rec=0.596714 valid_auc=0.687746 valid_rmse=0.474530 q_change=55 q_delta=0.446148 q_grad=0.002247
epoch=88 loss_total=0.640958 loss_rec=0.591119 valid_auc=0.687533 valid_rmse=0.474899 q_change=55 q_delta=0.446073 q_grad=0.002306
epoch=89 loss_total=0.642057 loss_rec=0.592117 valid_auc=0.688103 valid_rmse=0.479608 q_change=55 q_delta=0.445858 q_grad=0.002322
Early stopping at epoch 89; best_epoch=69.
Saved run to C:\Users\YAN_SHU_YU\Desktop\Generative-CD\Q_GNCDM\results\weak_q_lambda_sweep\lq_0p1_ls_0p7_lb_0p3\seed_2026\noise_0.20\weak-q_lq_0p1_ls_0p7_lb_0p3
Final metrics: q_hat_f1=0.035088 response_auc=0.684562 mastery_pearson=0.280351
