run=weak-q_lq_0p6_ls_0p5_lb_0p5 mode=weak-q noise=0.20 train=4200 valid=600 test=1200
epoch=1 loss_total=1.065852 loss_rec=0.725659 valid_auc=0.587768 valid_rmse=0.499752 q_change=57 q_delta=0.078479 q_grad=0.000516
epoch=2 loss_total=1.008380 loss_rec=0.705896 valid_auc=0.594665 valid_rmse=0.499294 q_change=57 q_delta=0.146917 q_grad=0.000454
epoch=3 loss_total=0.971437 loss_rec=0.699899 valid_auc=0.608828 valid_rmse=0.498470 q_change=57 q_delta=0.203503 q_grad=0.000398
epoch=4 loss_total=0.940385 loss_rec=0.693509 valid_auc=0.629191 valid_rmse=0.497685 q_change=57 q_delta=0.248903 q_grad=0.000348
epoch=5 loss_total=0.921033 loss_rec=0.692952 valid_auc=0.650223 valid_rmse=0.495573 q_change=57 q_delta=0.283619 q_grad=0.000315
epoch=6 loss_total=0.901072 loss_rec=0.686934 valid_auc=0.663594 valid_rmse=0.493655 q_change=57 q_delta=0.308894 q_grad=0.000306
epoch=7 loss_total=0.879728 loss_rec=0.675411 valid_auc=0.662623 valid_rmse=0.489132 q_change=57 q_delta=0.326044 q_grad=0.000344
epoch=8 loss_total=0.860547 loss_rec=0.662373 valid_auc=0.660725 valid_rmse=0.483482 q_change=57 q_delta=0.336423 q_grad=0.000481
epoch=9 loss_total=0.845022 loss_rec=0.651025 valid_auc=0.667533 valid_rmse=0.478338 q_change=57 q_delta=0.344994 q_grad=0.000657
epoch=10 loss_total=0.841989 loss_rec=0.651712 valid_auc=0.669676 valid_rmse=0.478399 q_change=57 q_delta=0.351779 q_grad=0.000762
epoch=11 loss_total=0.835944 loss_rec=0.648340 valid_auc=0.671786 valid_rmse=0.477029 q_change=57 q_delta=0.357446 q_grad=0.000891
epoch=12 loss_total=0.824348 loss_rec=0.639073 valid_auc=0.674866 valid_rmse=0.477600 q_change=57 q_delta=0.361567 q_grad=0.000981
epoch=13 loss_total=0.819409 loss_rec=0.635990 valid_auc=0.677065 valid_rmse=0.474864 q_change=57 q_delta=0.365257 q_grad=0.001034
epoch=14 loss_total=0.817099 loss_rec=0.635015 valid_auc=0.678348 valid_rmse=0.476042 q_change=57 q_delta=0.367412 q_grad=0.001167
epoch=15 loss_total=0.813007 loss_rec=0.631973 valid_auc=0.679141 valid_rmse=0.474184 q_change=57 q_delta=0.369689 q_grad=0.001268
epoch=16 loss_total=0.812802 loss_rec=0.632586 valid_auc=0.682511 valid_rmse=0.473857 q_change=57 q_delta=0.370877 q_grad=0.001414
epoch=17 loss_total=0.809293 loss_rec=0.629752 valid_auc=0.682768 valid_rmse=0.473786 q_change=57 q_delta=0.371931 q_grad=0.001396
epoch=18 loss_total=0.802000 loss_rec=0.622881 valid_auc=0.683895 valid_rmse=0.473139 q_change=56 q_delta=0.372815 q_grad=0.001468
epoch=19 loss_total=0.799941 loss_rec=0.621341 valid_auc=0.684688 valid_rmse=0.473884 q_change=56 q_delta=0.374264 q_grad=0.001595
epoch=20 loss_total=0.796950 loss_rec=0.618625 valid_auc=0.687109 valid_rmse=0.471856 q_change=56 q_delta=0.375475 q_grad=0.001704
epoch=21 loss_total=0.792043 loss_rec=0.614040 valid_auc=0.688449 valid_rmse=0.473655 q_change=55 q_delta=0.376132 q_grad=0.001651
epoch=22 loss_total=0.789031 loss_rec=0.611238 valid_auc=0.689844 valid_rmse=0.472480 q_change=55 q_delta=0.376909 q_grad=0.001812
epoch=23 loss_total=0.785742 loss_rec=0.608196 valid_auc=0.686373 valid_rmse=0.472481 q_change=55 q_delta=0.378301 q_grad=0.001801
epoch=24 loss_total=0.780416 loss_rec=0.603161 valid_auc=0.685670 valid_rmse=0.473363 q_change=55 q_delta=0.379332 q_grad=0.001834
epoch=25 loss_total=0.781297 loss_rec=0.604343 valid_auc=0.685658 valid_rmse=0.473444 q_change=53 q_delta=0.380029 q_grad=0.001968
epoch=26 loss_total=0.778493 loss_rec=0.601760 valid_auc=0.687187 valid_rmse=0.474120 q_change=53 q_delta=0.380806 q_grad=0.001952
epoch=27 loss_total=0.774515 loss_rec=0.597984 valid_auc=0.687801 valid_rmse=0.475204 q_change=52 q_delta=0.382066 q_grad=0.001925
epoch=28 loss_total=0.776792 loss_rec=0.600527 valid_auc=0.688248 valid_rmse=0.473982 q_change=52 q_delta=0.383518 q_grad=0.001998
epoch=29 loss_total=0.769861 loss_rec=0.593838 valid_auc=0.690234 valid_rmse=0.473472 q_change=52 q_delta=0.384982 q_grad=0.002027
epoch=30 loss_total=0.768923 loss_rec=0.593070 valid_auc=0.692277 valid_rmse=0.473976 q_change=52 q_delta=0.386340 q_grad=0.002000
epoch=31 loss_total=0.764804 loss_rec=0.589104 valid_auc=0.691920 valid_rmse=0.473563 q_change=52 q_delta=0.387599 q_grad=0.002036
epoch=32 loss_total=0.765638 loss_rec=0.590134 valid_auc=0.693817 valid_rmse=0.473437 q_change=52 q_delta=0.388803 q_grad=0.002087
epoch=33 loss_total=0.762617 loss_rec=0.587264 valid_auc=0.693025 valid_rmse=0.471628 q_change=52 q_delta=0.390061 q_grad=0.002083
epoch=34 loss_total=0.761943 loss_rec=0.586798 valid_auc=0.690413 valid_rmse=0.472156 q_change=52 q_delta=0.390929 q_grad=0.002083
epoch=35 loss_total=0.761087 loss_rec=0.586110 valid_auc=0.694721 valid_rmse=0.470926 q_change=52 q_delta=0.391801 q_grad=0.002069
epoch=36 loss_total=0.754593 loss_rec=0.579682 valid_auc=0.695692 valid_rmse=0.471912 q_change=52 q_delta=0.392259 q_grad=0.002151
epoch=37 loss_total=0.749917 loss_rec=0.575121 valid_auc=0.694196 valid_rmse=0.472916 q_change=51 q_delta=0.392957 q_grad=0.002161
epoch=38 loss_total=0.746953 loss_rec=0.572338 valid_auc=0.694364 valid_rmse=0.474080 q_change=51 q_delta=0.393602 q_grad=0.002279
epoch=39 loss_total=0.747411 loss_rec=0.572928 valid_auc=0.694090 valid_rmse=0.471725 q_change=51 q_delta=0.394744 q_grad=0.002225
epoch=40 loss_total=0.742906 loss_rec=0.568587 valid_auc=0.693962 valid_rmse=0.472560 q_change=51 q_delta=0.395441 q_grad=0.002287
epoch=41 loss_total=0.737718 loss_rec=0.563572 valid_auc=0.695379 valid_rmse=0.474053 q_change=51 q_delta=0.396173 q_grad=0.002302
epoch=42 loss_total=0.739248 loss_rec=0.565222 valid_auc=0.692388 valid_rmse=0.473380 q_change=51 q_delta=0.397096 q_grad=0.002423
epoch=43 loss_total=0.733388 loss_rec=0.559451 valid_auc=0.693516 valid_rmse=0.474105 q_change=50 q_delta=0.397500 q_grad=0.002400
epoch=44 loss_total=0.731810 loss_rec=0.558008 valid_auc=0.691674 valid_rmse=0.475200 q_change=50 q_delta=0.398278 q_grad=0.002482
epoch=45 loss_total=0.726212 loss_rec=0.552563 valid_auc=0.691864 valid_rmse=0.479240 q_change=50 q_delta=0.398702 q_grad=0.002541
epoch=46 loss_total=0.726046 loss_rec=0.552459 valid_auc=0.694855 valid_rmse=0.473039 q_change=50 q_delta=0.399659 q_grad=0.002526
epoch=47 loss_total=0.721879 loss_rec=0.548420 valid_auc=0.692042 valid_rmse=0.476354 q_change=50 q_delta=0.400262 q_grad=0.002545
epoch=48 loss_total=0.718646 loss_rec=0.545284 valid_auc=0.692958 valid_rmse=0.474875 q_change=50 q_delta=0.400892 q_grad=0.002656
epoch=49 loss_total=0.714161 loss_rec=0.540878 valid_auc=0.693839 valid_rmse=0.474428 q_change=50 q_delta=0.401312 q_grad=0.002678
epoch=50 loss_total=0.709388 loss_rec=0.536183 valid_auc=0.691127 valid_rmse=0.476830 q_change=50 q_delta=0.401814 q_grad=0.002674
epoch=51 loss_total=0.707689 loss_rec=0.534613 valid_auc=0.694018 valid_rmse=0.478089 q_change=50 q_delta=0.402119 q_grad=0.002769
epoch=52 loss_total=0.708491 loss_rec=0.535518 valid_auc=0.692478 valid_rmse=0.476211 q_change=50 q_delta=0.402731 q_grad=0.002818
epoch=53 loss_total=0.708710 loss_rec=0.535791 valid_auc=0.694029 valid_rmse=0.475495 q_change=50 q_delta=0.403067 q_grad=0.002857
epoch=54 loss_total=0.700344 loss_rec=0.527502 valid_auc=0.690234 valid_rmse=0.478198 q_change=50 q_delta=0.403240 q_grad=0.002870
epoch=55 loss_total=0.696114 loss_rec=0.523337 valid_auc=0.695737 valid_rmse=0.475190 q_change=50 q_delta=0.403556 q_grad=0.002857
epoch=56 loss_total=0.695846 loss_rec=0.523123 valid_auc=0.690480 valid_rmse=0.477793 q_change=50 q_delta=0.403772 q_grad=0.002951
epoch=57 loss_total=0.693777 loss_rec=0.521094 valid_auc=0.689877 valid_rmse=0.480151 q_change=50 q_delta=0.404011 q_grad=0.003055
epoch=58 loss_total=0.686666 loss_rec=0.514051 valid_auc=0.690402 valid_rmse=0.482420 q_change=50 q_delta=0.404155 q_grad=0.002990
epoch=59 loss_total=0.687241 loss_rec=0.514733 valid_auc=0.692388 valid_rmse=0.477675 q_change=50 q_delta=0.404487 q_grad=0.002996
epoch=60 loss_total=0.685607 loss_rec=0.513145 valid_auc=0.691964 valid_rmse=0.478843 q_change=50 q_delta=0.404595 q_grad=0.003000
epoch=61 loss_total=0.682245 loss_rec=0.509781 valid_auc=0.689141 valid_rmse=0.479272 q_change=50 q_delta=0.404772 q_grad=0.003149
epoch=62 loss_total=0.679077 loss_rec=0.506744 valid_auc=0.691875 valid_rmse=0.479147 q_change=50 q_delta=0.404900 q_grad=0.003073
epoch=63 loss_total=0.678917 loss_rec=0.506613 valid_auc=0.688917 valid_rmse=0.480528 q_change=50 q_delta=0.404973 q_grad=0.003194
epoch=64 loss_total=0.678347 loss_rec=0.506065 valid_auc=0.690502 valid_rmse=0.483525 q_change=50 q_delta=0.404858 q_grad=0.003190
epoch=65 loss_total=0.673794 loss_rec=0.501535 valid_auc=0.689364 valid_rmse=0.480678 q_change=50 q_delta=0.405120 q_grad=0.003041
epoch=66 loss_total=0.675181 loss_rec=0.502976 valid_auc=0.687522 valid_rmse=0.482291 q_change=50 q_delta=0.405095 q_grad=0.003264
epoch=67 loss_total=0.675399 loss_rec=0.503225 valid_auc=0.687578 valid_rmse=0.482975 q_change=50 q_delta=0.405136 q_grad=0.003282
epoch=68 loss_total=0.667241 loss_rec=0.495118 valid_auc=0.687511 valid_rmse=0.486600 q_change=50 q_delta=0.404976 q_grad=0.003185
epoch=69 loss_total=0.665200 loss_rec=0.493081 valid_auc=0.688951 valid_rmse=0.489292 q_change=50 q_delta=0.405059 q_grad=0.003341
epoch=70 loss_total=0.662676 loss_rec=0.490611 valid_auc=0.686027 valid_rmse=0.483263 q_change=50 q_delta=0.405274 q_grad=0.003394
epoch=71 loss_total=0.663901 loss_rec=0.491898 valid_auc=0.689821 valid_rmse=0.482576 q_change=50 q_delta=0.405205 q_grad=0.003309
epoch=72 loss_total=0.662659 loss_rec=0.490639 valid_auc=0.686607 valid_rmse=0.483013 q_change=50 q_delta=0.405275 q_grad=0.003353
epoch=73 loss_total=0.656297 loss_rec=0.484312 valid_auc=0.684609 valid_rmse=0.485291 q_change=50 q_delta=0.405282 q_grad=0.003390
epoch=74 loss_total=0.662629 loss_rec=0.490681 valid_auc=0.685268 valid_rmse=0.484711 q_change=49 q_delta=0.405318 q_grad=0.003342
epoch=75 loss_total=0.659796 loss_rec=0.487843 valid_auc=0.684074 valid_rmse=0.491651 q_change=49 q_delta=0.405071 q_grad=0.003358
Early stopping at epoch 75; best_epoch=55.
Saved run to C:\Users\YAN_SHU_YU\Desktop\Generative-CD\Q_GNCDM\results\weak_q_lambda_sweep\lq_0p6_ls_0p5_lb_0p5\seed_2026\noise_0.20\weak-q_lq_0p6_ls_0p5_lb_0p5
Final metrics: q_hat_f1=0.222222 response_auc=0.683489 mastery_pearson=0.444305
