run=weak-q_lq_0p9_ls_0p6_lb_0p8 mode=weak-q noise=0.20 train=4200 valid=600 test=1200
epoch=1 loss_total=1.182874 loss_rec=0.725662 valid_auc=0.587645 valid_rmse=0.499755 q_change=57 q_delta=0.078796 q_grad=0.000633
epoch=2 loss_total=1.116589 loss_rec=0.705935 valid_auc=0.594196 valid_rmse=0.499319 q_change=57 q_delta=0.148071 q_grad=0.000561
epoch=3 loss_total=1.072023 loss_rec=0.700037 valid_auc=0.607009 valid_rmse=0.498555 q_change=57 q_delta=0.205707 q_grad=0.000492
epoch=4 loss_total=1.034790 loss_rec=0.693847 valid_auc=0.625368 valid_rmse=0.497892 q_change=57 q_delta=0.252121 q_grad=0.000426
epoch=5 loss_total=1.010692 loss_rec=0.693686 valid_auc=0.646016 valid_rmse=0.496037 q_change=57 q_delta=0.288045 q_grad=0.000373
epoch=6 loss_total=0.987561 loss_rec=0.688677 valid_auc=0.660145 valid_rmse=0.494796 q_change=57 q_delta=0.314991 q_grad=0.000339
epoch=7 loss_total=0.965299 loss_rec=0.679740 valid_auc=0.660435 valid_rmse=0.491764 q_change=57 q_delta=0.334467 q_grad=0.000340
epoch=8 loss_total=0.946174 loss_rec=0.669695 valid_auc=0.657288 valid_rmse=0.486596 q_change=57 q_delta=0.347061 q_grad=0.000416
epoch=9 loss_total=0.928210 loss_rec=0.657793 valid_auc=0.663058 valid_rmse=0.480330 q_change=57 q_delta=0.356504 q_grad=0.000564
epoch=10 loss_total=0.922099 loss_rec=0.656724 valid_auc=0.664297 valid_rmse=0.480120 q_change=57 q_delta=0.364164 q_grad=0.000671
epoch=11 loss_total=0.914777 loss_rec=0.653228 valid_auc=0.667254 valid_rmse=0.478798 q_change=57 q_delta=0.370671 q_grad=0.000787
epoch=12 loss_total=0.902291 loss_rec=0.644134 valid_auc=0.671016 valid_rmse=0.479353 q_change=57 q_delta=0.375710 q_grad=0.000865
epoch=13 loss_total=0.897000 loss_rec=0.641617 valid_auc=0.672165 valid_rmse=0.476361 q_change=57 q_delta=0.380109 q_grad=0.000903
epoch=14 loss_total=0.893890 loss_rec=0.640579 valid_auc=0.673036 valid_rmse=0.477571 q_change=57 q_delta=0.383061 q_grad=0.001020
epoch=15 loss_total=0.889773 loss_rec=0.638179 valid_auc=0.674353 valid_rmse=0.475660 q_change=57 q_delta=0.386013 q_grad=0.001106
epoch=16 loss_total=0.889032 loss_rec=0.638829 valid_auc=0.678371 valid_rmse=0.475276 q_change=57 q_delta=0.387944 q_grad=0.001241
epoch=17 loss_total=0.885853 loss_rec=0.636855 valid_auc=0.679955 valid_rmse=0.475301 q_change=57 q_delta=0.389605 q_grad=0.001231
epoch=18 loss_total=0.878627 loss_rec=0.630507 valid_auc=0.681741 valid_rmse=0.474234 q_change=57 q_delta=0.390979 q_grad=0.001302
epoch=19 loss_total=0.876265 loss_rec=0.629015 valid_auc=0.682489 valid_rmse=0.474648 q_change=57 q_delta=0.392100 q_grad=0.001421
epoch=20 loss_total=0.873867 loss_rec=0.627176 valid_auc=0.686060 valid_rmse=0.472575 q_change=57 q_delta=0.392940 q_grad=0.001541
epoch=21 loss_total=0.869137 loss_rec=0.622924 valid_auc=0.686551 valid_rmse=0.474155 q_change=56 q_delta=0.393155 q_grad=0.001504
epoch=22 loss_total=0.866457 loss_rec=0.620492 valid_auc=0.688795 valid_rmse=0.472463 q_change=56 q_delta=0.393741 q_grad=0.001665
epoch=23 loss_total=0.862551 loss_rec=0.616797 valid_auc=0.686607 valid_rmse=0.472228 q_change=56 q_delta=0.394787 q_grad=0.001684
epoch=24 loss_total=0.856948 loss_rec=0.611402 valid_auc=0.686987 valid_rmse=0.472605 q_change=56 q_delta=0.395399 q_grad=0.001738
epoch=25 loss_total=0.858062 loss_rec=0.612750 valid_auc=0.686763 valid_rmse=0.472654 q_change=55 q_delta=0.395764 q_grad=0.001903
epoch=26 loss_total=0.854876 loss_rec=0.609703 valid_auc=0.687941 valid_rmse=0.473740 q_change=55 q_delta=0.396139 q_grad=0.001896
epoch=27 loss_total=0.850648 loss_rec=0.605589 valid_auc=0.689386 valid_rmse=0.474713 q_change=54 q_delta=0.396645 q_grad=0.001887
epoch=28 loss_total=0.852646 loss_rec=0.607837 valid_auc=0.688225 valid_rmse=0.473530 q_change=54 q_delta=0.397599 q_grad=0.001963
epoch=29 loss_total=0.845956 loss_rec=0.601359 valid_auc=0.691127 valid_rmse=0.472919 q_change=54 q_delta=0.398471 q_grad=0.002005
epoch=30 loss_total=0.845233 loss_rec=0.600754 valid_auc=0.692455 valid_rmse=0.473248 q_change=54 q_delta=0.399227 q_grad=0.001969
epoch=31 loss_total=0.841147 loss_rec=0.596748 valid_auc=0.691808 valid_rmse=0.473183 q_change=54 q_delta=0.399907 q_grad=0.002003
epoch=32 loss_total=0.842147 loss_rec=0.597931 valid_auc=0.694420 valid_rmse=0.473168 q_change=52 q_delta=0.400535 q_grad=0.002049
epoch=33 loss_total=0.839402 loss_rec=0.595300 valid_auc=0.692478 valid_rmse=0.471277 q_change=52 q_delta=0.401487 q_grad=0.002027
epoch=34 loss_total=0.838509 loss_rec=0.594562 valid_auc=0.690558 valid_rmse=0.471737 q_change=52 q_delta=0.402418 q_grad=0.002036
epoch=35 loss_total=0.837631 loss_rec=0.593834 valid_auc=0.694833 valid_rmse=0.470567 q_change=52 q_delta=0.403346 q_grad=0.002010
epoch=36 loss_total=0.831969 loss_rec=0.588179 valid_auc=0.695201 valid_rmse=0.471477 q_change=52 q_delta=0.403940 q_grad=0.002082
epoch=37 loss_total=0.826714 loss_rec=0.582981 valid_auc=0.694408 valid_rmse=0.472317 q_change=52 q_delta=0.404697 q_grad=0.002085
epoch=38 loss_total=0.824410 loss_rec=0.580828 valid_auc=0.695625 valid_rmse=0.473596 q_change=52 q_delta=0.405367 q_grad=0.002204
epoch=39 loss_total=0.825499 loss_rec=0.582011 valid_auc=0.695145 valid_rmse=0.470972 q_change=52 q_delta=0.406231 q_grad=0.002143
epoch=40 loss_total=0.820425 loss_rec=0.577079 valid_auc=0.694900 valid_rmse=0.471795 q_change=51 q_delta=0.406711 q_grad=0.002200
epoch=41 loss_total=0.815466 loss_rec=0.572276 valid_auc=0.696741 valid_rmse=0.473039 q_change=51 q_delta=0.407448 q_grad=0.002213
epoch=42 loss_total=0.817455 loss_rec=0.574363 valid_auc=0.692656 valid_rmse=0.472683 q_change=51 q_delta=0.408431 q_grad=0.002326
epoch=43 loss_total=0.811919 loss_rec=0.568879 valid_auc=0.693348 valid_rmse=0.473298 q_change=51 q_delta=0.408962 q_grad=0.002298
epoch=44 loss_total=0.811037 loss_rec=0.568127 valid_auc=0.691685 valid_rmse=0.474518 q_change=51 q_delta=0.409794 q_grad=0.002379
epoch=45 loss_total=0.805818 loss_rec=0.563056 valid_auc=0.692400 valid_rmse=0.478464 q_change=51 q_delta=0.410216 q_grad=0.002437
epoch=46 loss_total=0.805652 loss_rec=0.562946 valid_auc=0.694520 valid_rmse=0.472321 q_change=51 q_delta=0.411034 q_grad=0.002417
epoch=47 loss_total=0.801479 loss_rec=0.558894 valid_auc=0.692991 valid_rmse=0.475126 q_change=51 q_delta=0.411441 q_grad=0.002432
epoch=48 loss_total=0.798403 loss_rec=0.555915 valid_auc=0.692723 valid_rmse=0.473779 q_change=51 q_delta=0.411949 q_grad=0.002543
epoch=49 loss_total=0.794557 loss_rec=0.552155 valid_auc=0.694074 valid_rmse=0.473391 q_change=51 q_delta=0.412266 q_grad=0.002578
epoch=50 loss_total=0.789722 loss_rec=0.547388 valid_auc=0.691819 valid_rmse=0.475338 q_change=51 q_delta=0.412630 q_grad=0.002558
epoch=51 loss_total=0.788280 loss_rec=0.546077 valid_auc=0.694621 valid_rmse=0.477133 q_change=51 q_delta=0.412825 q_grad=0.002676
epoch=52 loss_total=0.789277 loss_rec=0.547199 valid_auc=0.693002 valid_rmse=0.474946 q_change=50 q_delta=0.413289 q_grad=0.002721
epoch=53 loss_total=0.789340 loss_rec=0.547304 valid_auc=0.694866 valid_rmse=0.474068 q_change=50 q_delta=0.413507 q_grad=0.002764
epoch=54 loss_total=0.780827 loss_rec=0.538874 valid_auc=0.690625 valid_rmse=0.476688 q_change=50 q_delta=0.413663 q_grad=0.002775
epoch=55 loss_total=0.777167 loss_rec=0.535290 valid_auc=0.696607 valid_rmse=0.473566 q_change=50 q_delta=0.414015 q_grad=0.002781
epoch=56 loss_total=0.777235 loss_rec=0.535403 valid_auc=0.691585 valid_rmse=0.475945 q_change=50 q_delta=0.414289 q_grad=0.002885
epoch=57 loss_total=0.774532 loss_rec=0.532741 valid_auc=0.691585 valid_rmse=0.477875 q_change=50 q_delta=0.414598 q_grad=0.002997
epoch=58 loss_total=0.767553 loss_rec=0.525831 valid_auc=0.690926 valid_rmse=0.480922 q_change=50 q_delta=0.414791 q_grad=0.002943
epoch=59 loss_total=0.768414 loss_rec=0.526804 valid_auc=0.693315 valid_rmse=0.475852 q_change=50 q_delta=0.415134 q_grad=0.002964
epoch=60 loss_total=0.766808 loss_rec=0.525255 valid_auc=0.693315 valid_rmse=0.476605 q_change=50 q_delta=0.415262 q_grad=0.002980
epoch=61 loss_total=0.763392 loss_rec=0.521831 valid_auc=0.690547 valid_rmse=0.477003 q_change=50 q_delta=0.415443 q_grad=0.003138
Early stopping at epoch 61; best_epoch=41.
Saved run to C:\Users\YAN_SHU_YU\Desktop\Generative-CD\Q_GNCDM\results\weak_q_lambda_sweep\lq_0p9_ls_0p6_lb_0p8\seed_2026\noise_0.20\weak-q_lq_0p9_ls_0p6_lb_0p8
Final metrics: q_hat_f1=0.193548 response_auc=0.687672 mastery_pearson=0.385963
