run=weak-q_lq_0p2_ls_0p9_lb_0p1 mode=weak-q noise=0.20 train=4200 valid=600 test=1200
epoch=1 loss_total=1.141241 loss_rec=0.725665 valid_auc=0.587433 valid_rmse=0.499759 q_change=57 q_delta=0.079197 q_grad=0.000900
epoch=2 loss_total=1.054592 loss_rec=0.705985 valid_auc=0.593025 valid_rmse=0.499354 q_change=57 q_delta=0.149567 q_grad=0.000813
epoch=3 loss_total=0.992089 loss_rec=0.700213 valid_auc=0.603510 valid_rmse=0.498665 q_change=57 q_delta=0.208559 q_grad=0.000717
epoch=4 loss_total=0.940027 loss_rec=0.694263 valid_auc=0.619442 valid_rmse=0.498145 q_change=57 q_delta=0.256227 q_grad=0.000621
epoch=5 loss_total=0.904221 loss_rec=0.694536 valid_auc=0.639208 valid_rmse=0.496560 q_change=57 q_delta=0.293525 q_grad=0.000531
epoch=6 loss_total=0.872380 loss_rec=0.690520 valid_auc=0.655067 valid_rmse=0.495963 q_change=57 q_delta=0.322205 q_grad=0.000457
epoch=7 loss_total=0.844719 loss_rec=0.684050 valid_auc=0.656808 valid_rmse=0.494433 q_change=57 q_delta=0.344051 q_grad=0.000406
epoch=8 loss_total=0.823343 loss_rec=0.678412 valid_auc=0.651897 valid_rmse=0.491378 q_change=57 q_delta=0.359935 q_grad=0.000394
epoch=9 loss_total=0.803296 loss_rec=0.669676 valid_auc=0.656574 valid_rmse=0.484956 q_change=57 q_delta=0.371650 q_grad=0.000458
epoch=10 loss_total=0.790778 loss_rec=0.665767 valid_auc=0.657567 valid_rmse=0.483090 q_change=57 q_delta=0.380543 q_grad=0.000539
epoch=11 loss_total=0.779611 loss_rec=0.661116 valid_auc=0.658717 valid_rmse=0.481899 q_change=57 q_delta=0.388145 q_grad=0.000643
epoch=12 loss_total=0.764488 loss_rec=0.651864 valid_auc=0.662444 valid_rmse=0.482458 q_change=57 q_delta=0.394482 q_grad=0.000708
epoch=13 loss_total=0.757831 loss_rec=0.650163 valid_auc=0.664464 valid_rmse=0.479117 q_change=57 q_delta=0.399937 q_grad=0.000726
epoch=14 loss_total=0.752975 loss_rec=0.649187 valid_auc=0.667221 valid_rmse=0.480452 q_change=57 q_delta=0.404144 q_grad=0.000805
epoch=15 loss_total=0.748429 loss_rec=0.648008 valid_auc=0.665882 valid_rmse=0.478788 q_change=57 q_delta=0.408118 q_grad=0.000853
epoch=16 loss_total=0.746288 loss_rec=0.648653 valid_auc=0.667433 valid_rmse=0.478761 q_change=57 q_delta=0.411217 q_grad=0.000938
epoch=17 loss_total=0.743490 loss_rec=0.648387 valid_auc=0.668951 valid_rmse=0.479320 q_change=57 q_delta=0.413958 q_grad=0.000916
epoch=18 loss_total=0.736376 loss_rec=0.643397 valid_auc=0.669900 valid_rmse=0.478370 q_change=57 q_delta=0.416463 q_grad=0.000950
epoch=19 loss_total=0.733009 loss_rec=0.641947 valid_auc=0.669632 valid_rmse=0.478364 q_change=57 q_delta=0.418591 q_grad=0.001020
epoch=20 loss_total=0.731536 loss_rec=0.642064 valid_auc=0.672935 valid_rmse=0.476903 q_change=57 q_delta=0.420592 q_grad=0.001112
epoch=21 loss_total=0.727308 loss_rec=0.639365 valid_auc=0.673348 valid_rmse=0.477819 q_change=57 q_delta=0.422075 q_grad=0.001070
epoch=22 loss_total=0.726211 loss_rec=0.639477 valid_auc=0.674531 valid_rmse=0.476570 q_change=57 q_delta=0.423515 q_grad=0.001171
epoch=23 loss_total=0.722229 loss_rec=0.636629 valid_auc=0.673739 valid_rmse=0.476176 q_change=57 q_delta=0.424937 q_grad=0.001186
epoch=24 loss_total=0.717604 loss_rec=0.633064 valid_auc=0.674085 valid_rmse=0.476559 q_change=57 q_delta=0.426072 q_grad=0.001238
epoch=25 loss_total=0.720062 loss_rec=0.636393 valid_auc=0.674788 valid_rmse=0.476175 q_change=57 q_delta=0.427005 q_grad=0.001355
epoch=26 loss_total=0.717275 loss_rec=0.634393 valid_auc=0.675223 valid_rmse=0.476982 q_change=57 q_delta=0.427886 q_grad=0.001367
epoch=27 loss_total=0.714810 loss_rec=0.632553 valid_auc=0.678315 valid_rmse=0.476490 q_change=57 q_delta=0.428593 q_grad=0.001379
epoch=28 loss_total=0.716072 loss_rec=0.634444 valid_auc=0.678583 valid_rmse=0.475533 q_change=57 q_delta=0.429395 q_grad=0.001455
epoch=29 loss_total=0.712460 loss_rec=0.631373 valid_auc=0.680446 valid_rmse=0.475433 q_change=57 q_delta=0.429997 q_grad=0.001519
epoch=30 loss_total=0.713394 loss_rec=0.632811 valid_auc=0.680670 valid_rmse=0.475617 q_change=57 q_delta=0.430499 q_grad=0.001511
epoch=31 loss_total=0.709648 loss_rec=0.629379 valid_auc=0.682578 valid_rmse=0.475105 q_change=57 q_delta=0.430954 q_grad=0.001554
epoch=32 loss_total=0.711529 loss_rec=0.631644 valid_auc=0.682768 valid_rmse=0.476074 q_change=57 q_delta=0.431272 q_grad=0.001623
epoch=33 loss_total=0.710241 loss_rec=0.630596 valid_auc=0.680759 valid_rmse=0.474414 q_change=57 q_delta=0.431833 q_grad=0.001608
epoch=34 loss_total=0.709167 loss_rec=0.629853 valid_auc=0.679408 valid_rmse=0.474156 q_change=57 q_delta=0.432086 q_grad=0.001637
epoch=35 loss_total=0.710645 loss_rec=0.631542 valid_auc=0.682645 valid_rmse=0.473490 q_change=57 q_delta=0.432320 q_grad=0.001634
epoch=36 loss_total=0.707379 loss_rec=0.628414 valid_auc=0.684107 valid_rmse=0.474385 q_change=57 q_delta=0.432346 q_grad=0.001676
epoch=37 loss_total=0.701747 loss_rec=0.622848 valid_auc=0.685770 valid_rmse=0.473625 q_change=57 q_delta=0.432401 q_grad=0.001709
epoch=38 loss_total=0.700795 loss_rec=0.621908 valid_auc=0.685022 valid_rmse=0.475590 q_change=57 q_delta=0.432421 q_grad=0.001820
epoch=39 loss_total=0.704275 loss_rec=0.625451 valid_auc=0.685681 valid_rmse=0.473280 q_change=57 q_delta=0.432589 q_grad=0.001775
epoch=40 loss_total=0.700023 loss_rec=0.621215 valid_auc=0.686306 valid_rmse=0.473346 q_change=56 q_delta=0.432543 q_grad=0.001810
epoch=41 loss_total=0.695519 loss_rec=0.616688 valid_auc=0.689286 valid_rmse=0.473560 q_change=56 q_delta=0.433065 q_grad=0.001835
epoch=42 loss_total=0.700126 loss_rec=0.621310 valid_auc=0.684989 valid_rmse=0.473878 q_change=56 q_delta=0.433693 q_grad=0.001881
epoch=43 loss_total=0.695956 loss_rec=0.617126 valid_auc=0.687522 valid_rmse=0.473009 q_change=56 q_delta=0.434022 q_grad=0.001824
epoch=44 loss_total=0.696807 loss_rec=0.618064 valid_auc=0.687645 valid_rmse=0.473420 q_change=56 q_delta=0.434545 q_grad=0.001900
epoch=45 loss_total=0.694160 loss_rec=0.615528 valid_auc=0.688594 valid_rmse=0.475829 q_change=56 q_delta=0.434800 q_grad=0.001927
epoch=46 loss_total=0.695419 loss_rec=0.616834 valid_auc=0.689185 valid_rmse=0.471870 q_change=56 q_delta=0.435247 q_grad=0.001885
epoch=47 loss_total=0.692583 loss_rec=0.614113 valid_auc=0.691384 valid_rmse=0.472110 q_change=56 q_delta=0.435455 q_grad=0.001907
epoch=48 loss_total=0.693278 loss_rec=0.614853 valid_auc=0.690759 valid_rmse=0.471448 q_change=56 q_delta=0.435730 q_grad=0.001938
epoch=49 loss_total=0.691299 loss_rec=0.612855 valid_auc=0.690859 valid_rmse=0.471553 q_change=56 q_delta=0.435865 q_grad=0.001966
epoch=50 loss_total=0.687359 loss_rec=0.608951 valid_auc=0.688694 valid_rmse=0.472244 q_change=56 q_delta=0.435975 q_grad=0.001873
epoch=51 loss_total=0.687681 loss_rec=0.609298 valid_auc=0.692712 valid_rmse=0.473058 q_change=56 q_delta=0.435990 q_grad=0.002008
epoch=52 loss_total=0.688858 loss_rec=0.610431 valid_auc=0.690078 valid_rmse=0.471656 q_change=56 q_delta=0.436117 q_grad=0.002011
epoch=53 loss_total=0.690385 loss_rec=0.611923 valid_auc=0.693203 valid_rmse=0.470891 q_change=56 q_delta=0.436179 q_grad=0.001991
epoch=54 loss_total=0.682699 loss_rec=0.604218 valid_auc=0.692199 valid_rmse=0.472134 q_change=56 q_delta=0.436125 q_grad=0.001958
epoch=55 loss_total=0.682408 loss_rec=0.603837 valid_auc=0.695871 valid_rmse=0.470769 q_change=55 q_delta=0.436145 q_grad=0.002003
epoch=56 loss_total=0.684006 loss_rec=0.605420 valid_auc=0.693449 valid_rmse=0.470976 q_change=55 q_delta=0.436383 q_grad=0.002042
epoch=57 loss_total=0.682215 loss_rec=0.603573 valid_auc=0.695625 valid_rmse=0.472718 q_change=55 q_delta=0.436704 q_grad=0.002081
epoch=58 loss_total=0.678802 loss_rec=0.600086 valid_auc=0.693482 valid_rmse=0.472793 q_change=55 q_delta=0.437116 q_grad=0.002040
epoch=59 loss_total=0.678425 loss_rec=0.599805 valid_auc=0.693382 valid_rmse=0.471112 q_change=55 q_delta=0.437569 q_grad=0.002042
epoch=60 loss_total=0.677518 loss_rec=0.598908 valid_auc=0.695246 valid_rmse=0.472016 q_change=55 q_delta=0.437833 q_grad=0.002069
epoch=61 loss_total=0.676771 loss_rec=0.598138 valid_auc=0.694944 valid_rmse=0.471774 q_change=55 q_delta=0.438202 q_grad=0.002114
epoch=62 loss_total=0.674943 loss_rec=0.596348 valid_auc=0.694386 valid_rmse=0.471057 q_change=55 q_delta=0.438506 q_grad=0.002058
epoch=63 loss_total=0.675947 loss_rec=0.597343 valid_auc=0.693058 valid_rmse=0.472296 q_change=54 q_delta=0.438645 q_grad=0.002086
epoch=64 loss_total=0.678854 loss_rec=0.600338 valid_auc=0.696987 valid_rmse=0.473546 q_change=54 q_delta=0.438883 q_grad=0.002139
epoch=65 loss_total=0.672601 loss_rec=0.594097 valid_auc=0.694955 valid_rmse=0.471171 q_change=54 q_delta=0.439219 q_grad=0.002036
epoch=66 loss_total=0.673079 loss_rec=0.594629 valid_auc=0.695926 valid_rmse=0.471836 q_change=54 q_delta=0.439353 q_grad=0.002169
epoch=67 loss_total=0.675600 loss_rec=0.597168 valid_auc=0.693225 valid_rmse=0.473143 q_change=54 q_delta=0.439550 q_grad=0.002143
epoch=68 loss_total=0.671524 loss_rec=0.593163 valid_auc=0.694743 valid_rmse=0.473606 q_change=54 q_delta=0.439698 q_grad=0.002150
epoch=69 loss_total=0.668169 loss_rec=0.589878 valid_auc=0.697768 valid_rmse=0.478566 q_change=54 q_delta=0.439783 q_grad=0.002227
epoch=70 loss_total=0.667896 loss_rec=0.589625 valid_auc=0.694007 valid_rmse=0.471791 q_change=54 q_delta=0.440102 q_grad=0.002221
epoch=71 loss_total=0.670228 loss_rec=0.592011 valid_auc=0.694330 valid_rmse=0.472062 q_change=54 q_delta=0.440285 q_grad=0.002227
epoch=72 loss_total=0.668739 loss_rec=0.590562 valid_auc=0.693426 valid_rmse=0.472595 q_change=54 q_delta=0.440478 q_grad=0.002237
epoch=73 loss_total=0.665530 loss_rec=0.587484 valid_auc=0.690882 valid_rmse=0.472921 q_change=54 q_delta=0.440687 q_grad=0.002292
epoch=74 loss_total=0.669651 loss_rec=0.591654 valid_auc=0.692545 valid_rmse=0.473488 q_change=54 q_delta=0.440818 q_grad=0.002231
epoch=75 loss_total=0.667688 loss_rec=0.589689 valid_auc=0.690681 valid_rmse=0.480011 q_change=54 q_delta=0.440868 q_grad=0.002235
epoch=76 loss_total=0.667827 loss_rec=0.589828 valid_auc=0.689554 valid_rmse=0.472933 q_change=54 q_delta=0.441112 q_grad=0.002222
epoch=77 loss_total=0.661601 loss_rec=0.583646 valid_auc=0.690201 valid_rmse=0.476586 q_change=54 q_delta=0.441095 q_grad=0.002226
epoch=78 loss_total=0.662304 loss_rec=0.584391 valid_auc=0.689833 valid_rmse=0.474733 q_change=54 q_delta=0.441211 q_grad=0.002388
epoch=79 loss_total=0.661799 loss_rec=0.583974 valid_auc=0.688973 valid_rmse=0.473922 q_change=54 q_delta=0.441358 q_grad=0.002446
epoch=80 loss_total=0.662381 loss_rec=0.584575 valid_auc=0.688761 valid_rmse=0.473625 q_change=54 q_delta=0.441424 q_grad=0.002366
epoch=81 loss_total=0.658288 loss_rec=0.580543 valid_auc=0.689643 valid_rmse=0.475823 q_change=54 q_delta=0.441531 q_grad=0.002413
epoch=82 loss_total=0.658528 loss_rec=0.580839 valid_auc=0.688973 valid_rmse=0.474993 q_change=54 q_delta=0.441600 q_grad=0.002459
epoch=83 loss_total=0.657489 loss_rec=0.579864 valid_auc=0.688493 valid_rmse=0.479071 q_change=54 q_delta=0.441648 q_grad=0.002422
epoch=84 loss_total=0.658253 loss_rec=0.580639 valid_auc=0.688996 valid_rmse=0.475637 q_change=54 q_delta=0.441851 q_grad=0.002517
epoch=85 loss_total=0.659930 loss_rec=0.582361 valid_auc=0.689252 valid_rmse=0.479278 q_change=54 q_delta=0.441769 q_grad=0.002537
epoch=86 loss_total=0.661360 loss_rec=0.583799 valid_auc=0.688248 valid_rmse=0.476236 q_change=54 q_delta=0.441894 q_grad=0.002512
epoch=87 loss_total=0.655337 loss_rec=0.577842 valid_auc=0.686161 valid_rmse=0.476878 q_change=54 q_delta=0.441962 q_grad=0.002446
epoch=88 loss_total=0.649155 loss_rec=0.571680 valid_auc=0.685636 valid_rmse=0.476587 q_change=54 q_delta=0.442052 q_grad=0.002547
epoch=89 loss_total=0.651152 loss_rec=0.573729 valid_auc=0.685926 valid_rmse=0.482231 q_change=54 q_delta=0.442058 q_grad=0.002601
Early stopping at epoch 89; best_epoch=69.
Saved run to C:\Users\YAN_SHU_YU\Desktop\Generative-CD\Q_GNCDM\results\weak_q_lambda_sweep\lq_0p2_ls_0p9_lb_0p1\seed_2026\noise_0.20\weak-q_lq_0p2_ls_0p9_lb_0p1
Final metrics: q_hat_f1=0.101695 response_auc=0.685030 mastery_pearson=0.307850
