run=weak-q_lq_0p7_ls_0p9_lb_0p5 mode=weak-q noise=0.20 train=4200 valid=600 test=1200
epoch=1 loss_total=1.239678 loss_rec=0.725665 valid_auc=0.587427 valid_rmse=0.499759 q_change=57 q_delta=0.079014 q_grad=0.000913
epoch=2 loss_total=1.153057 loss_rec=0.705970 valid_auc=0.592958 valid_rmse=0.499348 q_change=57 q_delta=0.148702 q_grad=0.000810
epoch=3 loss_total=1.091896 loss_rec=0.700163 valid_auc=0.603661 valid_rmse=0.498644 q_change=57 q_delta=0.206793 q_grad=0.000705
epoch=4 loss_total=1.041726 loss_rec=0.694146 valid_auc=0.619621 valid_rmse=0.498090 q_change=57 q_delta=0.253626 q_grad=0.000604
epoch=5 loss_total=1.007803 loss_rec=0.694298 valid_auc=0.639369 valid_rmse=0.496436 q_change=57 q_delta=0.290263 q_grad=0.000513
epoch=6 loss_total=0.977499 loss_rec=0.690022 valid_auc=0.655179 valid_rmse=0.495685 q_change=57 q_delta=0.318432 q_grad=0.000442
epoch=7 loss_total=0.950785 loss_rec=0.682957 valid_auc=0.657031 valid_rmse=0.493821 q_change=57 q_delta=0.339827 q_grad=0.000398
epoch=8 loss_total=0.929665 loss_rec=0.676233 valid_auc=0.652344 valid_rmse=0.490230 q_change=57 q_delta=0.355180 q_grad=0.000401
epoch=9 loss_total=0.909650 loss_rec=0.666409 valid_auc=0.657634 valid_rmse=0.483605 q_change=57 q_delta=0.366508 q_grad=0.000488
epoch=10 loss_total=0.898414 loss_rec=0.663038 valid_auc=0.659286 valid_rmse=0.482178 q_change=57 q_delta=0.375310 q_grad=0.000578
epoch=11 loss_total=0.888249 loss_rec=0.658887 valid_auc=0.660179 valid_rmse=0.481116 q_change=57 q_delta=0.382882 q_grad=0.000685
epoch=12 loss_total=0.873675 loss_rec=0.649714 valid_auc=0.664035 valid_rmse=0.481699 q_change=57 q_delta=0.389098 q_grad=0.000751
epoch=13 loss_total=0.867306 loss_rec=0.647869 valid_auc=0.666518 valid_rmse=0.478367 q_change=57 q_delta=0.394454 q_grad=0.000773
epoch=14 loss_total=0.862870 loss_rec=0.646943 valid_auc=0.668728 valid_rmse=0.479674 q_change=57 q_delta=0.398519 q_grad=0.000862
epoch=15 loss_total=0.858333 loss_rec=0.645436 valid_auc=0.667958 valid_rmse=0.477934 q_change=57 q_delta=0.402385 q_grad=0.000920
epoch=16 loss_total=0.856571 loss_rec=0.646175 valid_auc=0.669788 valid_rmse=0.477826 q_change=57 q_delta=0.405357 q_grad=0.001020
epoch=17 loss_total=0.853603 loss_rec=0.645474 valid_auc=0.671306 valid_rmse=0.478277 q_change=57 q_delta=0.407975 q_grad=0.001001
epoch=18 loss_total=0.846487 loss_rec=0.640219 valid_auc=0.672600 valid_rmse=0.477134 q_change=57 q_delta=0.410362 q_grad=0.001046
epoch=19 loss_total=0.843360 loss_rec=0.638801 valid_auc=0.672768 valid_rmse=0.477264 q_change=57 q_delta=0.412373 q_grad=0.001132
epoch=20 loss_total=0.841738 loss_rec=0.638562 valid_auc=0.676964 valid_rmse=0.475665 q_change=57 q_delta=0.414251 q_grad=0.001233
epoch=21 loss_total=0.837452 loss_rec=0.635598 valid_auc=0.677723 valid_rmse=0.476736 q_change=57 q_delta=0.415575 q_grad=0.001195
epoch=22 loss_total=0.836159 loss_rec=0.635317 valid_auc=0.678951 valid_rmse=0.475325 q_change=57 q_delta=0.416840 q_grad=0.001315
epoch=23 loss_total=0.832295 loss_rec=0.632388 valid_auc=0.678136 valid_rmse=0.474862 q_change=57 q_delta=0.418134 q_grad=0.001335
epoch=24 loss_total=0.827535 loss_rec=0.628506 valid_auc=0.678069 valid_rmse=0.475209 q_change=57 q_delta=0.419118 q_grad=0.001392
epoch=25 loss_total=0.830063 loss_rec=0.631742 valid_auc=0.679074 valid_rmse=0.474899 q_change=57 q_delta=0.419857 q_grad=0.001529
epoch=26 loss_total=0.827137 loss_rec=0.629424 valid_auc=0.679978 valid_rmse=0.475858 q_change=57 q_delta=0.420570 q_grad=0.001538
epoch=27 loss_total=0.824353 loss_rec=0.627078 valid_auc=0.682958 valid_rmse=0.475484 q_change=57 q_delta=0.421025 q_grad=0.001551
epoch=28 loss_total=0.826002 loss_rec=0.629173 valid_auc=0.682790 valid_rmse=0.474460 q_change=57 q_delta=0.421639 q_grad=0.001640
epoch=29 loss_total=0.821713 loss_rec=0.625214 valid_auc=0.684955 valid_rmse=0.474076 q_change=57 q_delta=0.421971 q_grad=0.001702
epoch=30 loss_total=0.822194 loss_rec=0.625968 valid_auc=0.684855 valid_rmse=0.474105 q_change=57 q_delta=0.422164 q_grad=0.001684
epoch=31 loss_total=0.818146 loss_rec=0.621912 valid_auc=0.687500 valid_rmse=0.473844 q_change=57 q_delta=0.422220 q_grad=0.001730
epoch=32 loss_total=0.819830 loss_rec=0.623708 valid_auc=0.689710 valid_rmse=0.474552 q_change=56 q_delta=0.422220 q_grad=0.001797
epoch=33 loss_total=0.818052 loss_rec=0.621937 valid_auc=0.686205 valid_rmse=0.472816 q_change=56 q_delta=0.422982 q_grad=0.001770
epoch=34 loss_total=0.816588 loss_rec=0.620581 valid_auc=0.685982 valid_rmse=0.472627 q_change=56 q_delta=0.423560 q_grad=0.001791
epoch=35 loss_total=0.817544 loss_rec=0.621618 valid_auc=0.689821 valid_rmse=0.471812 q_change=56 q_delta=0.424084 q_grad=0.001775
epoch=36 loss_total=0.814023 loss_rec=0.618057 valid_auc=0.691708 valid_rmse=0.472378 q_change=56 q_delta=0.424270 q_grad=0.001823
epoch=37 loss_total=0.807966 loss_rec=0.612007 valid_auc=0.691105 valid_rmse=0.472129 q_change=56 q_delta=0.424619 q_grad=0.001831
epoch=38 loss_total=0.807231 loss_rec=0.611395 valid_auc=0.689944 valid_rmse=0.474501 q_change=56 q_delta=0.424897 q_grad=0.001940
epoch=39 loss_total=0.809994 loss_rec=0.614205 valid_auc=0.692221 valid_rmse=0.471513 q_change=56 q_delta=0.425249 q_grad=0.001875
epoch=40 loss_total=0.805478 loss_rec=0.609711 valid_auc=0.692790 valid_rmse=0.471511 q_change=56 q_delta=0.425359 q_grad=0.001906
epoch=41 loss_total=0.801017 loss_rec=0.605279 valid_auc=0.694676 valid_rmse=0.471841 q_change=55 q_delta=0.425509 q_grad=0.001910
epoch=42 loss_total=0.805333 loss_rec=0.609590 valid_auc=0.691295 valid_rmse=0.471810 q_change=55 q_delta=0.426098 q_grad=0.001974
epoch=43 loss_total=0.800591 loss_rec=0.604765 valid_auc=0.692768 valid_rmse=0.471488 q_change=55 q_delta=0.426488 q_grad=0.001913
epoch=44 loss_total=0.801472 loss_rec=0.605736 valid_auc=0.693203 valid_rmse=0.471786 q_change=55 q_delta=0.427077 q_grad=0.001976
epoch=45 loss_total=0.797882 loss_rec=0.602250 valid_auc=0.694554 valid_rmse=0.474508 q_change=55 q_delta=0.427471 q_grad=0.002001
epoch=46 loss_total=0.798904 loss_rec=0.603291 valid_auc=0.695848 valid_rmse=0.470106 q_change=55 q_delta=0.428039 q_grad=0.001955
epoch=47 loss_total=0.796230 loss_rec=0.600766 valid_auc=0.697455 valid_rmse=0.470795 q_change=55 q_delta=0.428480 q_grad=0.001979
epoch=48 loss_total=0.795859 loss_rec=0.600459 valid_auc=0.696094 valid_rmse=0.470326 q_change=55 q_delta=0.428835 q_grad=0.002025
epoch=49 loss_total=0.793598 loss_rec=0.598253 valid_auc=0.696908 valid_rmse=0.470442 q_change=55 q_delta=0.429149 q_grad=0.002055
epoch=50 loss_total=0.789493 loss_rec=0.594227 valid_auc=0.694554 valid_rmse=0.471272 q_change=55 q_delta=0.429470 q_grad=0.001964
epoch=51 loss_total=0.789937 loss_rec=0.594800 valid_auc=0.697254 valid_rmse=0.472641 q_change=55 q_delta=0.429699 q_grad=0.002097
epoch=52 loss_total=0.791416 loss_rec=0.596384 valid_auc=0.694163 valid_rmse=0.471150 q_change=54 q_delta=0.430073 q_grad=0.002100
epoch=53 loss_total=0.792849 loss_rec=0.597878 valid_auc=0.696507 valid_rmse=0.470731 q_change=54 q_delta=0.430338 q_grad=0.002107
epoch=54 loss_total=0.784862 loss_rec=0.589993 valid_auc=0.694699 valid_rmse=0.472150 q_change=54 q_delta=0.430533 q_grad=0.002071
epoch=55 loss_total=0.784231 loss_rec=0.589486 valid_auc=0.698002 valid_rmse=0.470580 q_change=54 q_delta=0.430744 q_grad=0.002126
epoch=56 loss_total=0.785632 loss_rec=0.590940 valid_auc=0.695714 valid_rmse=0.471061 q_change=54 q_delta=0.430928 q_grad=0.002158
epoch=57 loss_total=0.783480 loss_rec=0.588833 valid_auc=0.696172 valid_rmse=0.473506 q_change=54 q_delta=0.430956 q_grad=0.002233
epoch=58 loss_total=0.780010 loss_rec=0.585357 valid_auc=0.694286 valid_rmse=0.474208 q_change=54 q_delta=0.431075 q_grad=0.002199
epoch=59 loss_total=0.780036 loss_rec=0.585519 valid_auc=0.693348 valid_rmse=0.471741 q_change=54 q_delta=0.431308 q_grad=0.002193
epoch=60 loss_total=0.779040 loss_rec=0.584526 valid_auc=0.694632 valid_rmse=0.473280 q_change=54 q_delta=0.431271 q_grad=0.002230
epoch=61 loss_total=0.777367 loss_rec=0.582774 valid_auc=0.693504 valid_rmse=0.472930 q_change=54 q_delta=0.431277 q_grad=0.002291
epoch=62 loss_total=0.774146 loss_rec=0.579498 valid_auc=0.692612 valid_rmse=0.472585 q_change=54 q_delta=0.431227 q_grad=0.002261
epoch=63 loss_total=0.774309 loss_rec=0.579491 valid_auc=0.690089 valid_rmse=0.473659 q_change=54 q_delta=0.430977 q_grad=0.002296
epoch=64 loss_total=0.776317 loss_rec=0.581368 valid_auc=0.693984 valid_rmse=0.475918 q_change=54 q_delta=0.430754 q_grad=0.002350
epoch=65 loss_total=0.769503 loss_rec=0.574341 valid_auc=0.690993 valid_rmse=0.473225 q_change=53 q_delta=0.430662 q_grad=0.002246
epoch=66 loss_total=0.768951 loss_rec=0.573563 valid_auc=0.689498 valid_rmse=0.474663 q_change=52 q_delta=0.430642 q_grad=0.002405
epoch=67 loss_total=0.769703 loss_rec=0.574059 valid_auc=0.687254 valid_rmse=0.476147 q_change=52 q_delta=0.430972 q_grad=0.002407
epoch=68 loss_total=0.763697 loss_rec=0.567820 valid_auc=0.689844 valid_rmse=0.477716 q_change=52 q_delta=0.431617 q_grad=0.002417
epoch=69 loss_total=0.758944 loss_rec=0.562897 valid_auc=0.692310 valid_rmse=0.482578 q_change=52 q_delta=0.432129 q_grad=0.002514
epoch=70 loss_total=0.756449 loss_rec=0.560215 valid_auc=0.687924 valid_rmse=0.475544 q_change=52 q_delta=0.432800 q_grad=0.002548
epoch=71 loss_total=0.757429 loss_rec=0.561115 valid_auc=0.688717 valid_rmse=0.475293 q_change=52 q_delta=0.433255 q_grad=0.002580
epoch=72 loss_total=0.755077 loss_rec=0.558641 valid_auc=0.688605 valid_rmse=0.475765 q_change=52 q_delta=0.433658 q_grad=0.002590
epoch=73 loss_total=0.749983 loss_rec=0.553528 valid_auc=0.686328 valid_rmse=0.476609 q_change=53 q_delta=0.434014 q_grad=0.002671
epoch=74 loss_total=0.753886 loss_rec=0.557379 valid_auc=0.686228 valid_rmse=0.477530 q_change=53 q_delta=0.434259 q_grad=0.002610
epoch=75 loss_total=0.751097 loss_rec=0.554522 valid_auc=0.682065 valid_rmse=0.485891 q_change=53 q_delta=0.434389 q_grad=0.002619
Early stopping at epoch 75; best_epoch=55.
Saved run to C:\Users\YAN_SHU_YU\Desktop\Generative-CD\Q_GNCDM\results\weak_q_lambda_sweep\lq_0p7_ls_0p9_lb_0p5\seed_2026\noise_0.20\weak-q_lq_0p7_ls_0p9_lb_0p5
Final metrics: q_hat_f1=0.101695 response_auc=0.686794 mastery_pearson=0.333175
