run=weak-q_lq_0p4_ls_0p2_lb_0p9 mode=weak-q noise=0.20 train=4200 valid=600 test=1200
epoch=1 loss_total=1.032463 loss_rec=0.725643 valid_auc=0.589219 valid_rmse=0.499733 q_change=56 q_delta=0.078959 q_grad=0.000281
epoch=2 loss_total=0.987362 loss_rec=0.705937 valid_auc=0.599710 valid_rmse=0.499251 q_change=57 q_delta=0.155476 q_grad=0.000321
epoch=3 loss_total=0.953062 loss_rec=0.700142 valid_auc=0.618644 valid_rmse=0.498448 q_change=57 q_delta=0.222593 q_grad=0.000343
epoch=4 loss_total=0.919118 loss_rec=0.694205 valid_auc=0.644855 valid_rmse=0.497846 q_change=57 q_delta=0.276584 q_grad=0.000336
epoch=5 loss_total=0.895435 loss_rec=0.694491 valid_auc=0.664860 valid_rmse=0.496207 q_change=57 q_delta=0.316481 q_grad=0.000317
epoch=6 loss_total=0.872427 loss_rec=0.690377 valid_auc=0.671987 valid_rmse=0.495429 q_change=57 q_delta=0.344608 q_grad=0.000298
epoch=7 loss_total=0.851253 loss_rec=0.683297 valid_auc=0.667489 valid_rmse=0.493304 q_change=57 q_delta=0.363962 q_grad=0.000295
epoch=8 loss_total=0.834547 loss_rec=0.676396 valid_auc=0.661401 valid_rmse=0.488856 q_change=57 q_delta=0.376049 q_grad=0.000340
epoch=9 loss_total=0.817270 loss_rec=0.665704 valid_auc=0.664185 valid_rmse=0.482334 q_change=56 q_delta=0.384473 q_grad=0.000445
epoch=10 loss_total=0.810307 loss_rec=0.663878 valid_auc=0.663147 valid_rmse=0.481711 q_change=56 q_delta=0.391080 q_grad=0.000530
epoch=11 loss_total=0.802604 loss_rec=0.660065 valid_auc=0.663192 valid_rmse=0.480760 q_change=55 q_delta=0.396739 q_grad=0.000621
epoch=12 loss_total=0.791058 loss_rec=0.651985 valid_auc=0.663549 valid_rmse=0.481833 q_change=55 q_delta=0.401297 q_grad=0.000671
epoch=13 loss_total=0.786165 loss_rec=0.649984 valid_auc=0.664342 valid_rmse=0.479137 q_change=55 q_delta=0.405484 q_grad=0.000674
epoch=14 loss_total=0.782762 loss_rec=0.648870 valid_auc=0.664364 valid_rmse=0.480644 q_change=55 q_delta=0.408460 q_grad=0.000749
epoch=15 loss_total=0.780244 loss_rec=0.648281 valid_auc=0.662857 valid_rmse=0.479311 q_change=55 q_delta=0.411469 q_grad=0.000783
epoch=16 loss_total=0.778959 loss_rec=0.648708 valid_auc=0.663940 valid_rmse=0.479213 q_change=55 q_delta=0.413779 q_grad=0.000868
epoch=17 loss_total=0.777183 loss_rec=0.648390 valid_auc=0.666395 valid_rmse=0.479539 q_change=56 q_delta=0.415826 q_grad=0.000844
epoch=18 loss_total=0.770629 loss_rec=0.643037 valid_auc=0.667734 valid_rmse=0.479716 q_change=56 q_delta=0.417591 q_grad=0.000874
epoch=19 loss_total=0.767926 loss_rec=0.641449 valid_auc=0.667054 valid_rmse=0.479051 q_change=56 q_delta=0.419152 q_grad=0.000938
epoch=20 loss_total=0.766470 loss_rec=0.640925 valid_auc=0.670592 valid_rmse=0.477828 q_change=56 q_delta=0.420725 q_grad=0.001027
epoch=21 loss_total=0.763211 loss_rec=0.638526 valid_auc=0.670647 valid_rmse=0.478466 q_change=56 q_delta=0.421700 q_grad=0.000996
epoch=22 loss_total=0.762154 loss_rec=0.638135 valid_auc=0.669353 valid_rmse=0.477592 q_change=56 q_delta=0.422732 q_grad=0.001093
epoch=23 loss_total=0.758553 loss_rec=0.635160 valid_auc=0.668181 valid_rmse=0.477521 q_change=56 q_delta=0.423716 q_grad=0.001115
epoch=24 loss_total=0.753532 loss_rec=0.630706 valid_auc=0.669520 valid_rmse=0.478015 q_change=56 q_delta=0.424392 q_grad=0.001188
epoch=25 loss_total=0.755329 loss_rec=0.632920 valid_auc=0.669397 valid_rmse=0.477504 q_change=56 q_delta=0.424914 q_grad=0.001302
epoch=26 loss_total=0.753363 loss_rec=0.631388 valid_auc=0.670100 valid_rmse=0.477706 q_change=56 q_delta=0.425472 q_grad=0.001332
Early stopping at epoch 26; best_epoch=6.
Saved run to C:\Users\YAN_SHU_YU\Desktop\Generative-CD\Q_GNCDM\results\weak_q_lambda_sweep\lq_0p4_ls_0p2_lb_0p9\seed_2026\noise_0.20\weak-q_lq_0p4_ls_0p2_lb_0p9
Final metrics: q_hat_f1=0.000000 response_auc=0.690160 mastery_pearson=0.322740
