run=weak-q_lq_0p8_ls_0p6_lb_0p6 mode=weak-q noise=0.20 train=4200 valid=600 test=1200
epoch=1 loss_total=1.134039 loss_rec=0.725661 valid_auc=0.587667 valid_rmse=0.499754 q_change=57 q_delta=0.078483 q_grad=0.000614
epoch=2 loss_total=1.070021 loss_rec=0.705906 valid_auc=0.594275 valid_rmse=0.499307 q_change=57 q_delta=0.146619 q_grad=0.000532
epoch=3 loss_total=1.028568 loss_rec=0.699938 valid_auc=0.607310 valid_rmse=0.498510 q_change=57 q_delta=0.202731 q_grad=0.000457
epoch=4 loss_total=0.994535 loss_rec=0.693601 valid_auc=0.626071 valid_rmse=0.497767 q_change=57 q_delta=0.247672 q_grad=0.000391
epoch=5 loss_total=0.973222 loss_rec=0.693147 valid_auc=0.646975 valid_rmse=0.495733 q_change=57 q_delta=0.282260 q_grad=0.000344
epoch=6 loss_total=0.952044 loss_rec=0.687413 valid_auc=0.661004 valid_rmse=0.494032 q_change=57 q_delta=0.307867 q_grad=0.000322
epoch=7 loss_total=0.930289 loss_rec=0.676659 valid_auc=0.660848 valid_rmse=0.489988 q_change=57 q_delta=0.325778 q_grad=0.000345
epoch=8 loss_total=0.910838 loss_rec=0.664287 valid_auc=0.659196 valid_rmse=0.484386 q_change=57 q_delta=0.336894 q_grad=0.000464
epoch=9 loss_total=0.894321 loss_rec=0.652513 valid_auc=0.666217 valid_rmse=0.478789 q_change=57 q_delta=0.345767 q_grad=0.000634
epoch=10 loss_total=0.890239 loss_rec=0.652574 valid_auc=0.668359 valid_rmse=0.478759 q_change=57 q_delta=0.352862 q_grad=0.000742
epoch=11 loss_total=0.883711 loss_rec=0.649067 valid_auc=0.671451 valid_rmse=0.477271 q_change=57 q_delta=0.358800 q_grad=0.000870
epoch=12 loss_total=0.871605 loss_rec=0.639594 valid_auc=0.674833 valid_rmse=0.477783 q_change=57 q_delta=0.363169 q_grad=0.000961
epoch=13 loss_total=0.866462 loss_rec=0.636556 valid_auc=0.677009 valid_rmse=0.474920 q_change=57 q_delta=0.367024 q_grad=0.001013
epoch=14 loss_total=0.863878 loss_rec=0.635490 valid_auc=0.678504 valid_rmse=0.476079 q_change=57 q_delta=0.369354 q_grad=0.001147
epoch=15 loss_total=0.859517 loss_rec=0.632335 valid_auc=0.679297 valid_rmse=0.474156 q_change=57 q_delta=0.371743 q_grad=0.001249
epoch=16 loss_total=0.859150 loss_rec=0.632907 valid_auc=0.682656 valid_rmse=0.473836 q_change=57 q_delta=0.373079 q_grad=0.001395
epoch=17 loss_total=0.855536 loss_rec=0.630082 valid_auc=0.682768 valid_rmse=0.473794 q_change=57 q_delta=0.374235 q_grad=0.001379
epoch=18 loss_total=0.848203 loss_rec=0.623249 valid_auc=0.684263 valid_rmse=0.473002 q_change=57 q_delta=0.375146 q_grad=0.001452
epoch=19 loss_total=0.846029 loss_rec=0.621652 valid_auc=0.685045 valid_rmse=0.473904 q_change=56 q_delta=0.376092 q_grad=0.001579
epoch=20 loss_total=0.843053 loss_rec=0.618973 valid_auc=0.687595 valid_rmse=0.471803 q_change=56 q_delta=0.377346 q_grad=0.001689
epoch=21 loss_total=0.837988 loss_rec=0.614224 valid_auc=0.688873 valid_rmse=0.473703 q_change=56 q_delta=0.378043 q_grad=0.001636
epoch=22 loss_total=0.834969 loss_rec=0.611391 valid_auc=0.690257 valid_rmse=0.472432 q_change=55 q_delta=0.378748 q_grad=0.001797
epoch=23 loss_total=0.831561 loss_rec=0.608196 valid_auc=0.686652 valid_rmse=0.472402 q_change=55 q_delta=0.379931 q_grad=0.001789
epoch=24 loss_total=0.826063 loss_rec=0.602950 valid_auc=0.685536 valid_rmse=0.473262 q_change=55 q_delta=0.380964 q_grad=0.001823
epoch=25 loss_total=0.826998 loss_rec=0.604133 valid_auc=0.685792 valid_rmse=0.473309 q_change=53 q_delta=0.381649 q_grad=0.001960
epoch=26 loss_total=0.824000 loss_rec=0.601314 valid_auc=0.687377 valid_rmse=0.474051 q_change=52 q_delta=0.382677 q_grad=0.001944
epoch=27 loss_total=0.819777 loss_rec=0.597239 valid_auc=0.688438 valid_rmse=0.475234 q_change=52 q_delta=0.383952 q_grad=0.001919
epoch=28 loss_total=0.822043 loss_rec=0.599752 valid_auc=0.688571 valid_rmse=0.473833 q_change=52 q_delta=0.385569 q_grad=0.001992
epoch=29 loss_total=0.814891 loss_rec=0.592808 valid_auc=0.690647 valid_rmse=0.473351 q_change=52 q_delta=0.387003 q_grad=0.002025
epoch=30 loss_total=0.813890 loss_rec=0.591940 valid_auc=0.692801 valid_rmse=0.473866 q_change=52 q_delta=0.388329 q_grad=0.001999
epoch=31 loss_total=0.809602 loss_rec=0.587764 valid_auc=0.692098 valid_rmse=0.473581 q_change=52 q_delta=0.389509 q_grad=0.002037
epoch=32 loss_total=0.810494 loss_rec=0.588826 valid_auc=0.693996 valid_rmse=0.473526 q_change=52 q_delta=0.390646 q_grad=0.002089
epoch=33 loss_total=0.807377 loss_rec=0.585822 valid_auc=0.692846 valid_rmse=0.471512 q_change=52 q_delta=0.391815 q_grad=0.002087
epoch=34 loss_total=0.806543 loss_rec=0.585164 valid_auc=0.690179 valid_rmse=0.472088 q_change=51 q_delta=0.392616 q_grad=0.002088
epoch=35 loss_total=0.805546 loss_rec=0.584310 valid_auc=0.694453 valid_rmse=0.470821 q_change=51 q_delta=0.393430 q_grad=0.002076
epoch=36 loss_total=0.798847 loss_rec=0.577634 valid_auc=0.695926 valid_rmse=0.471791 q_change=51 q_delta=0.394049 q_grad=0.002158
epoch=37 loss_total=0.794242 loss_rec=0.573097 valid_auc=0.693437 valid_rmse=0.472936 q_change=51 q_delta=0.394997 q_grad=0.002163
epoch=38 loss_total=0.791062 loss_rec=0.570093 valid_auc=0.694364 valid_rmse=0.474055 q_change=51 q_delta=0.395840 q_grad=0.002284
epoch=39 loss_total=0.791323 loss_rec=0.570450 valid_auc=0.693705 valid_rmse=0.471657 q_change=51 q_delta=0.396938 q_grad=0.002231
epoch=40 loss_total=0.787019 loss_rec=0.566282 valid_auc=0.693750 valid_rmse=0.472429 q_change=51 q_delta=0.397559 q_grad=0.002295
epoch=41 loss_total=0.781554 loss_rec=0.560973 valid_auc=0.694955 valid_rmse=0.474082 q_change=50 q_delta=0.398218 q_grad=0.002311
epoch=42 loss_total=0.783358 loss_rec=0.562875 valid_auc=0.692400 valid_rmse=0.473310 q_change=50 q_delta=0.399083 q_grad=0.002432
epoch=43 loss_total=0.777440 loss_rec=0.557023 valid_auc=0.693761 valid_rmse=0.474013 q_change=50 q_delta=0.399544 q_grad=0.002410
epoch=44 loss_total=0.775876 loss_rec=0.555583 valid_auc=0.691797 valid_rmse=0.475080 q_change=50 q_delta=0.400444 q_grad=0.002490
epoch=45 loss_total=0.770271 loss_rec=0.550121 valid_auc=0.691842 valid_rmse=0.479438 q_change=50 q_delta=0.400925 q_grad=0.002556
epoch=46 loss_total=0.770226 loss_rec=0.550123 valid_auc=0.695212 valid_rmse=0.472905 q_change=50 q_delta=0.401773 q_grad=0.002543
epoch=47 loss_total=0.766126 loss_rec=0.546128 valid_auc=0.692254 valid_rmse=0.476347 q_change=50 q_delta=0.402282 q_grad=0.002568
epoch=48 loss_total=0.762882 loss_rec=0.542973 valid_auc=0.692567 valid_rmse=0.474950 q_change=50 q_delta=0.402818 q_grad=0.002673
epoch=49 loss_total=0.758542 loss_rec=0.538710 valid_auc=0.694107 valid_rmse=0.474243 q_change=50 q_delta=0.403156 q_grad=0.002696
epoch=50 loss_total=0.753775 loss_rec=0.533997 valid_auc=0.691674 valid_rmse=0.476806 q_change=50 q_delta=0.403578 q_grad=0.002698
epoch=51 loss_total=0.752221 loss_rec=0.532570 valid_auc=0.693449 valid_rmse=0.478035 q_change=50 q_delta=0.403823 q_grad=0.002792
epoch=52 loss_total=0.753409 loss_rec=0.533857 valid_auc=0.692801 valid_rmse=0.476169 q_change=50 q_delta=0.404362 q_grad=0.002846
epoch=53 loss_total=0.753755 loss_rec=0.534246 valid_auc=0.693605 valid_rmse=0.475384 q_change=50 q_delta=0.404648 q_grad=0.002883
epoch=54 loss_total=0.745434 loss_rec=0.525983 valid_auc=0.689252 valid_rmse=0.478414 q_change=50 q_delta=0.404753 q_grad=0.002889
epoch=55 loss_total=0.741457 loss_rec=0.522077 valid_auc=0.695402 valid_rmse=0.475217 q_change=50 q_delta=0.405028 q_grad=0.002878
epoch=56 loss_total=0.741386 loss_rec=0.522045 valid_auc=0.689799 valid_rmse=0.477965 q_change=50 q_delta=0.405189 q_grad=0.002974
Early stopping at epoch 56; best_epoch=36.
Saved run to C:\Users\YAN_SHU_YU\Desktop\Generative-CD\Q_GNCDM\results\weak_q_lambda_sweep\lq_0p8_ls_0p6_lb_0p6\seed_2026\noise_0.20\weak-q_lq_0p8_ls_0p6_lb_0p6
Final metrics: q_hat_f1=0.193548 response_auc=0.691212 mastery_pearson=0.394777
