run=weak-q_lq_0p8_ls_0p9_lb_0p5 mode=weak-q noise=0.20 train=4200 valid=600 test=1200
epoch=1 loss_total=1.239934 loss_rec=0.725664 valid_auc=0.587422 valid_rmse=0.499758 q_change=57 q_delta=0.078812 q_grad=0.000905
epoch=2 loss_total=1.154836 loss_rec=0.705952 valid_auc=0.592958 valid_rmse=0.499341 q_change=57 q_delta=0.147761 q_grad=0.000789
epoch=3 loss_total=1.096199 loss_rec=0.700105 valid_auc=0.603884 valid_rmse=0.498619 q_change=57 q_delta=0.204872 q_grad=0.000677
epoch=4 loss_total=1.048803 loss_rec=0.694005 valid_auc=0.619788 valid_rmse=0.498023 q_change=57 q_delta=0.250777 q_grad=0.000574
epoch=5 loss_total=1.017412 loss_rec=0.694008 valid_auc=0.639699 valid_rmse=0.496282 q_change=57 q_delta=0.286641 q_grad=0.000485
epoch=6 loss_total=0.989101 loss_rec=0.689396 valid_auc=0.655647 valid_rmse=0.495328 q_change=57 q_delta=0.314155 q_grad=0.000419
epoch=7 loss_total=0.963568 loss_rec=0.681536 valid_auc=0.657333 valid_rmse=0.493013 q_change=57 q_delta=0.334899 q_grad=0.000386
epoch=8 loss_total=0.942754 loss_rec=0.673396 valid_auc=0.653348 valid_rmse=0.488784 q_change=57 q_delta=0.349479 q_grad=0.000412
epoch=9 loss_total=0.923066 loss_rec=0.662517 valid_auc=0.659554 valid_rmse=0.482140 q_change=57 q_delta=0.360317 q_grad=0.000525
epoch=10 loss_total=0.913590 loss_rec=0.659999 valid_auc=0.661496 valid_rmse=0.481178 q_change=57 q_delta=0.368948 q_grad=0.000623
epoch=11 loss_total=0.904488 loss_rec=0.656232 valid_auc=0.662835 valid_rmse=0.480104 q_change=57 q_delta=0.376370 q_grad=0.000734
epoch=12 loss_total=0.890547 loss_rec=0.647055 valid_auc=0.667199 valid_rmse=0.480686 q_change=57 q_delta=0.382348 q_grad=0.000805
epoch=13 loss_total=0.884506 loss_rec=0.644958 valid_auc=0.669821 valid_rmse=0.477375 q_change=57 q_delta=0.387510 q_grad=0.000834
epoch=14 loss_total=0.880600 loss_rec=0.644076 valid_auc=0.670781 valid_rmse=0.478696 q_change=57 q_delta=0.391331 q_grad=0.000936
epoch=15 loss_total=0.876108 loss_rec=0.642170 valid_auc=0.670792 valid_rmse=0.476835 q_change=57 q_delta=0.394993 q_grad=0.001008
epoch=16 loss_total=0.874791 loss_rec=0.642969 valid_auc=0.673627 valid_rmse=0.476644 q_change=57 q_delta=0.397733 q_grad=0.001122
epoch=17 loss_total=0.871643 loss_rec=0.641734 valid_auc=0.675301 valid_rmse=0.476954 q_change=57 q_delta=0.400140 q_grad=0.001108
epoch=18 loss_total=0.864503 loss_rec=0.636115 valid_auc=0.677612 valid_rmse=0.475672 q_change=57 q_delta=0.402314 q_grad=0.001165
epoch=19 loss_total=0.861763 loss_rec=0.634814 valid_auc=0.678214 valid_rmse=0.476091 q_change=57 q_delta=0.404140 q_grad=0.001268
epoch=20 loss_total=0.859967 loss_rec=0.634130 valid_auc=0.681529 valid_rmse=0.474260 q_change=57 q_delta=0.405815 q_grad=0.001379
epoch=21 loss_total=0.855581 loss_rec=0.630801 valid_auc=0.681574 valid_rmse=0.475688 q_change=57 q_delta=0.406897 q_grad=0.001341
epoch=22 loss_total=0.854060 loss_rec=0.630044 valid_auc=0.682991 valid_rmse=0.474107 q_change=57 q_delta=0.407892 q_grad=0.001478
epoch=23 loss_total=0.850400 loss_rec=0.627071 valid_auc=0.682645 valid_rmse=0.473679 q_change=57 q_delta=0.408976 q_grad=0.001499
epoch=24 loss_total=0.845547 loss_rec=0.622840 valid_auc=0.681395 valid_rmse=0.474033 q_change=57 q_delta=0.409704 q_grad=0.001555
epoch=25 loss_total=0.847859 loss_rec=0.625633 valid_auc=0.682054 valid_rmse=0.473805 q_change=57 q_delta=0.410142 q_grad=0.001707
epoch=26 loss_total=0.844824 loss_rec=0.622950 valid_auc=0.683359 valid_rmse=0.474822 q_change=57 q_delta=0.410591 q_grad=0.001708
epoch=27 loss_total=0.841487 loss_rec=0.619788 valid_auc=0.686808 valid_rmse=0.474848 q_change=57 q_delta=0.410730 q_grad=0.001712
epoch=28 loss_total=0.843491 loss_rec=0.622021 valid_auc=0.685558 valid_rmse=0.473828 q_change=56 q_delta=0.411217 q_grad=0.001802
epoch=29 loss_total=0.838336 loss_rec=0.617034 valid_auc=0.688225 valid_rmse=0.473171 q_change=56 q_delta=0.411986 q_grad=0.001854
epoch=30 loss_total=0.838361 loss_rec=0.617183 valid_auc=0.688940 valid_rmse=0.473142 q_change=56 q_delta=0.412551 q_grad=0.001822
epoch=31 loss_total=0.834362 loss_rec=0.613144 valid_auc=0.690971 valid_rmse=0.473276 q_change=56 q_delta=0.413114 q_grad=0.001862
epoch=32 loss_total=0.836210 loss_rec=0.615113 valid_auc=0.692746 valid_rmse=0.473723 q_change=56 q_delta=0.413504 q_grad=0.001918
epoch=33 loss_total=0.834361 loss_rec=0.613307 valid_auc=0.690145 valid_rmse=0.471883 q_change=56 q_delta=0.414140 q_grad=0.001887
epoch=34 loss_total=0.833083 loss_rec=0.612140 valid_auc=0.690201 valid_rmse=0.471773 q_change=56 q_delta=0.414474 q_grad=0.001890
epoch=35 loss_total=0.833346 loss_rec=0.612499 valid_auc=0.693359 valid_rmse=0.470885 q_change=55 q_delta=0.414768 q_grad=0.001864
epoch=36 loss_total=0.829469 loss_rec=0.608512 valid_auc=0.694699 valid_rmse=0.471645 q_change=55 q_delta=0.414889 q_grad=0.001919
epoch=37 loss_total=0.823781 loss_rec=0.602801 valid_auc=0.694007 valid_rmse=0.471632 q_change=55 q_delta=0.415484 q_grad=0.001914
epoch=38 loss_total=0.822866 loss_rec=0.602019 valid_auc=0.694185 valid_rmse=0.473706 q_change=55 q_delta=0.416070 q_grad=0.002019
epoch=39 loss_total=0.825256 loss_rec=0.604471 valid_auc=0.695156 valid_rmse=0.470638 q_change=55 q_delta=0.416763 q_grad=0.001949
epoch=40 loss_total=0.820585 loss_rec=0.599889 valid_auc=0.695156 valid_rmse=0.470863 q_change=55 q_delta=0.417287 q_grad=0.001983
epoch=41 loss_total=0.816622 loss_rec=0.596037 valid_auc=0.696875 valid_rmse=0.471440 q_change=55 q_delta=0.417715 q_grad=0.001979
epoch=42 loss_total=0.820351 loss_rec=0.599783 valid_auc=0.693125 valid_rmse=0.471389 q_change=55 q_delta=0.418202 q_grad=0.002072
epoch=43 loss_total=0.815616 loss_rec=0.595003 valid_auc=0.693984 valid_rmse=0.471623 q_change=55 q_delta=0.418405 q_grad=0.002018
epoch=44 loss_total=0.816533 loss_rec=0.596040 valid_auc=0.693192 valid_rmse=0.472180 q_change=55 q_delta=0.418844 q_grad=0.002071
epoch=45 loss_total=0.812569 loss_rec=0.592189 valid_auc=0.693984 valid_rmse=0.475327 q_change=55 q_delta=0.419046 q_grad=0.002110
epoch=46 loss_total=0.813252 loss_rec=0.592844 valid_auc=0.695257 valid_rmse=0.470375 q_change=55 q_delta=0.419434 q_grad=0.002072
epoch=47 loss_total=0.810102 loss_rec=0.589773 valid_auc=0.695458 valid_rmse=0.471811 q_change=55 q_delta=0.419667 q_grad=0.002091
epoch=48 loss_total=0.808467 loss_rec=0.588099 valid_auc=0.694464 valid_rmse=0.471210 q_change=53 q_delta=0.419850 q_grad=0.002164
epoch=49 loss_total=0.805657 loss_rec=0.585233 valid_auc=0.694699 valid_rmse=0.471295 q_change=53 q_delta=0.419999 q_grad=0.002194
epoch=50 loss_total=0.800780 loss_rec=0.580250 valid_auc=0.691964 valid_rmse=0.472616 q_change=53 q_delta=0.420446 q_grad=0.002113
epoch=51 loss_total=0.800223 loss_rec=0.579653 valid_auc=0.694196 valid_rmse=0.474778 q_change=54 q_delta=0.420756 q_grad=0.002248
epoch=52 loss_total=0.801103 loss_rec=0.580468 valid_auc=0.691496 valid_rmse=0.472826 q_change=53 q_delta=0.421292 q_grad=0.002257
epoch=53 loss_total=0.800977 loss_rec=0.580218 valid_auc=0.693940 valid_rmse=0.472295 q_change=52 q_delta=0.421735 q_grad=0.002276
epoch=54 loss_total=0.792116 loss_rec=0.571248 valid_auc=0.690949 valid_rmse=0.474519 q_change=53 q_delta=0.422397 q_grad=0.002257
epoch=55 loss_total=0.790158 loss_rec=0.569271 valid_auc=0.696105 valid_rmse=0.472133 q_change=51 q_delta=0.422987 q_grad=0.002298
epoch=56 loss_total=0.790500 loss_rec=0.569504 valid_auc=0.691596 valid_rmse=0.473457 q_change=51 q_delta=0.423557 q_grad=0.002357
epoch=57 loss_total=0.786986 loss_rec=0.565915 valid_auc=0.692121 valid_rmse=0.475889 q_change=51 q_delta=0.423971 q_grad=0.002461
epoch=58 loss_total=0.781590 loss_rec=0.560447 valid_auc=0.690357 valid_rmse=0.478226 q_change=52 q_delta=0.424456 q_grad=0.002439
epoch=59 loss_total=0.781601 loss_rec=0.560561 valid_auc=0.691127 valid_rmse=0.473778 q_change=52 q_delta=0.425068 q_grad=0.002440
epoch=60 loss_total=0.779910 loss_rec=0.558888 valid_auc=0.692009 valid_rmse=0.475001 q_change=52 q_delta=0.425442 q_grad=0.002461
epoch=61 loss_total=0.776848 loss_rec=0.555776 valid_auc=0.691105 valid_rmse=0.474491 q_change=52 q_delta=0.425872 q_grad=0.002574
Early stopping at epoch 61; best_epoch=41.
Saved run to C:\Users\YAN_SHU_YU\Desktop\Generative-CD\Q_GNCDM\results\weak_q_lambda_sweep\lq_0p8_ls_0p9_lb_0p5\seed_2026\noise_0.20\weak-q_lq_0p8_ls_0p9_lb_0p5
Final metrics: q_hat_f1=0.068966 response_auc=0.687186 mastery_pearson=0.342010
