run=weak-q_lq_0p6_ls_0p4_lb_0p8 mode=weak-q noise=0.20 train=4200 valid=600 test=1200
epoch=1 loss_total=1.095341 loss_rec=0.725662 valid_auc=0.587868 valid_rmse=0.499752 q_change=57 q_delta=0.079301 q_grad=0.000454
epoch=2 loss_total=1.039804 loss_rec=0.705961 valid_auc=0.595223 valid_rmse=0.499310 q_change=57 q_delta=0.151238 q_grad=0.000437
epoch=3 loss_total=1.000822 loss_rec=0.700122 valid_auc=0.609710 valid_rmse=0.498548 q_change=57 q_delta=0.212443 q_grad=0.000412
epoch=4 loss_total=0.965878 loss_rec=0.694075 valid_auc=0.630737 valid_rmse=0.497939 q_change=57 q_delta=0.262072 q_grad=0.000375
epoch=5 loss_total=0.942524 loss_rec=0.694187 valid_auc=0.651808 valid_rmse=0.496227 q_change=57 q_delta=0.300124 q_grad=0.000341
epoch=6 loss_total=0.919821 loss_rec=0.689779 valid_auc=0.664113 valid_rmse=0.495321 q_change=57 q_delta=0.328224 q_grad=0.000315
epoch=7 loss_total=0.898530 loss_rec=0.682201 valid_auc=0.662578 valid_rmse=0.492988 q_change=57 q_delta=0.348348 q_grad=0.000313
epoch=8 loss_total=0.881030 loss_rec=0.674246 valid_auc=0.658426 valid_rmse=0.488359 q_change=57 q_delta=0.361297 q_grad=0.000367
epoch=9 loss_total=0.863298 loss_rec=0.662853 valid_auc=0.661942 valid_rmse=0.481715 q_change=57 q_delta=0.370543 q_grad=0.000492
epoch=10 loss_total=0.856259 loss_rec=0.660897 valid_auc=0.663158 valid_rmse=0.481197 q_change=57 q_delta=0.377978 q_grad=0.000596
epoch=11 loss_total=0.848750 loss_rec=0.657312 valid_auc=0.663259 valid_rmse=0.480189 q_change=57 q_delta=0.384401 q_grad=0.000703
epoch=12 loss_total=0.836734 loss_rec=0.648831 valid_auc=0.666362 valid_rmse=0.481110 q_change=57 q_delta=0.389541 q_grad=0.000769
epoch=13 loss_total=0.831802 loss_rec=0.646861 valid_auc=0.667422 valid_rmse=0.478213 q_change=57 q_delta=0.394107 q_grad=0.000790
epoch=14 loss_total=0.828592 loss_rec=0.645933 valid_auc=0.668103 valid_rmse=0.479651 q_change=57 q_delta=0.397312 q_grad=0.000886
epoch=15 loss_total=0.825411 loss_rec=0.644693 valid_auc=0.666763 valid_rmse=0.478044 q_change=57 q_delta=0.400606 q_grad=0.000943
epoch=16 loss_total=0.824530 loss_rec=0.645464 valid_auc=0.668728 valid_rmse=0.477787 q_change=57 q_delta=0.402960 q_grad=0.001051
epoch=17 loss_total=0.822226 loss_rec=0.644602 valid_auc=0.670234 valid_rmse=0.478112 q_change=57 q_delta=0.405024 q_grad=0.001035
epoch=18 loss_total=0.815616 loss_rec=0.639171 valid_auc=0.671350 valid_rmse=0.477556 q_change=57 q_delta=0.406908 q_grad=0.001084
epoch=19 loss_total=0.813068 loss_rec=0.637738 valid_auc=0.672121 valid_rmse=0.477158 q_change=57 q_delta=0.408556 q_grad=0.001173
epoch=20 loss_total=0.811681 loss_rec=0.637249 valid_auc=0.675748 valid_rmse=0.475752 q_change=57 q_delta=0.410102 q_grad=0.001284
epoch=21 loss_total=0.808034 loss_rec=0.634444 valid_auc=0.676339 valid_rmse=0.476568 q_change=57 q_delta=0.411095 q_grad=0.001251
epoch=22 loss_total=0.806780 loss_rec=0.633826 valid_auc=0.678170 valid_rmse=0.475275 q_change=57 q_delta=0.412035 q_grad=0.001380
epoch=23 loss_total=0.803381 loss_rec=0.630987 valid_auc=0.676998 valid_rmse=0.474995 q_change=57 q_delta=0.413023 q_grad=0.001408
epoch=24 loss_total=0.798499 loss_rec=0.626653 valid_auc=0.677076 valid_rmse=0.475534 q_change=57 q_delta=0.413695 q_grad=0.001478
epoch=25 loss_total=0.801041 loss_rec=0.629608 valid_auc=0.678092 valid_rmse=0.475196 q_change=57 q_delta=0.414117 q_grad=0.001629
epoch=26 loss_total=0.798509 loss_rec=0.627394 valid_auc=0.679866 valid_rmse=0.475673 q_change=57 q_delta=0.414424 q_grad=0.001640
epoch=27 loss_total=0.795871 loss_rec=0.624910 valid_auc=0.683449 valid_rmse=0.474962 q_change=57 q_delta=0.414359 q_grad=0.001657
epoch=28 loss_total=0.796244 loss_rec=0.625439 valid_auc=0.682701 valid_rmse=0.474448 q_change=56 q_delta=0.414455 q_grad=0.001764
epoch=29 loss_total=0.791936 loss_rec=0.621286 valid_auc=0.684665 valid_rmse=0.474055 q_change=56 q_delta=0.415302 q_grad=0.001832
epoch=30 loss_total=0.792131 loss_rec=0.621651 valid_auc=0.685848 valid_rmse=0.474363 q_change=56 q_delta=0.415957 q_grad=0.001823
epoch=31 loss_total=0.788240 loss_rec=0.617895 valid_auc=0.686462 valid_rmse=0.473869 q_change=56 q_delta=0.416614 q_grad=0.001870
epoch=32 loss_total=0.789246 loss_rec=0.619140 valid_auc=0.688192 valid_rmse=0.474577 q_change=56 q_delta=0.417058 q_grad=0.001941
epoch=33 loss_total=0.787623 loss_rec=0.617677 valid_auc=0.684699 valid_rmse=0.473492 q_change=56 q_delta=0.417723 q_grad=0.001925
epoch=34 loss_total=0.786864 loss_rec=0.617115 valid_auc=0.683203 valid_rmse=0.473506 q_change=56 q_delta=0.417951 q_grad=0.001964
epoch=35 loss_total=0.787840 loss_rec=0.618244 valid_auc=0.686261 valid_rmse=0.472723 q_change=56 q_delta=0.418215 q_grad=0.001958
epoch=36 loss_total=0.784489 loss_rec=0.615009 valid_auc=0.688828 valid_rmse=0.473194 q_change=56 q_delta=0.418164 q_grad=0.002004
epoch=37 loss_total=0.778527 loss_rec=0.609086 valid_auc=0.689152 valid_rmse=0.473158 q_change=56 q_delta=0.418227 q_grad=0.002033
epoch=38 loss_total=0.778129 loss_rec=0.608843 valid_auc=0.687757 valid_rmse=0.475473 q_change=56 q_delta=0.418326 q_grad=0.002156
epoch=39 loss_total=0.780783 loss_rec=0.611569 valid_auc=0.689163 valid_rmse=0.472567 q_change=56 q_delta=0.418521 q_grad=0.002088
epoch=40 loss_total=0.776579 loss_rec=0.607463 valid_auc=0.688002 valid_rmse=0.473190 q_change=56 q_delta=0.418415 q_grad=0.002137
epoch=41 loss_total=0.772231 loss_rec=0.603208 valid_auc=0.690112 valid_rmse=0.473167 q_change=56 q_delta=0.418364 q_grad=0.002138
epoch=42 loss_total=0.775808 loss_rec=0.606840 valid_auc=0.687824 valid_rmse=0.473569 q_change=56 q_delta=0.418345 q_grad=0.002208
epoch=43 loss_total=0.771395 loss_rec=0.602419 valid_auc=0.688393 valid_rmse=0.473225 q_change=55 q_delta=0.418116 q_grad=0.002147
epoch=44 loss_total=0.771462 loss_rec=0.602598 valid_auc=0.688371 valid_rmse=0.473341 q_change=55 q_delta=0.418351 q_grad=0.002215
epoch=45 loss_total=0.768537 loss_rec=0.599758 valid_auc=0.689754 valid_rmse=0.475607 q_change=55 q_delta=0.418573 q_grad=0.002242
epoch=46 loss_total=0.769053 loss_rec=0.600316 valid_auc=0.690926 valid_rmse=0.471830 q_change=55 q_delta=0.418935 q_grad=0.002181
epoch=47 loss_total=0.766056 loss_rec=0.597419 valid_auc=0.692545 valid_rmse=0.472421 q_change=55 q_delta=0.419189 q_grad=0.002209
epoch=48 loss_total=0.765596 loss_rec=0.597030 valid_auc=0.691730 valid_rmse=0.472012 q_change=55 q_delta=0.419471 q_grad=0.002271
epoch=49 loss_total=0.762746 loss_rec=0.594269 valid_auc=0.693147 valid_rmse=0.471480 q_change=55 q_delta=0.419612 q_grad=0.002297
epoch=50 loss_total=0.758665 loss_rec=0.590242 valid_auc=0.691473 valid_rmse=0.472683 q_change=55 q_delta=0.419825 q_grad=0.002212
epoch=51 loss_total=0.758508 loss_rec=0.590216 valid_auc=0.694978 valid_rmse=0.473310 q_change=55 q_delta=0.419869 q_grad=0.002337
epoch=52 loss_total=0.759268 loss_rec=0.591087 valid_auc=0.693493 valid_rmse=0.471879 q_change=53 q_delta=0.420174 q_grad=0.002363
epoch=53 loss_total=0.760995 loss_rec=0.592889 valid_auc=0.696004 valid_rmse=0.471026 q_change=53 q_delta=0.420290 q_grad=0.002370
epoch=54 loss_total=0.752601 loss_rec=0.584606 valid_auc=0.692310 valid_rmse=0.473049 q_change=53 q_delta=0.420531 q_grad=0.002345
epoch=55 loss_total=0.751362 loss_rec=0.583505 valid_auc=0.698147 valid_rmse=0.470467 q_change=53 q_delta=0.420853 q_grad=0.002387
epoch=56 loss_total=0.752139 loss_rec=0.584355 valid_auc=0.695246 valid_rmse=0.471412 q_change=53 q_delta=0.421183 q_grad=0.002445
epoch=57 loss_total=0.750278 loss_rec=0.582589 valid_auc=0.696429 valid_rmse=0.472863 q_change=53 q_delta=0.421493 q_grad=0.002556
epoch=58 loss_total=0.746057 loss_rec=0.578438 valid_auc=0.695368 valid_rmse=0.474057 q_change=53 q_delta=0.421824 q_grad=0.002513
epoch=59 loss_total=0.746436 loss_rec=0.578919 valid_auc=0.694877 valid_rmse=0.471751 q_change=53 q_delta=0.422139 q_grad=0.002523
epoch=60 loss_total=0.745055 loss_rec=0.577598 valid_auc=0.695134 valid_rmse=0.472904 q_change=53 q_delta=0.422255 q_grad=0.002613
epoch=61 loss_total=0.742940 loss_rec=0.575497 valid_auc=0.694609 valid_rmse=0.472673 q_change=53 q_delta=0.422456 q_grad=0.002676
epoch=62 loss_total=0.739790 loss_rec=0.572456 valid_auc=0.693058 valid_rmse=0.472825 q_change=53 q_delta=0.422696 q_grad=0.002674
epoch=63 loss_total=0.740433 loss_rec=0.573131 valid_auc=0.691853 valid_rmse=0.473553 q_change=53 q_delta=0.422820 q_grad=0.002735
epoch=64 loss_total=0.741931 loss_rec=0.574675 valid_auc=0.696596 valid_rmse=0.475449 q_change=53 q_delta=0.422914 q_grad=0.002835
epoch=65 loss_total=0.735781 loss_rec=0.568571 valid_auc=0.693382 valid_rmse=0.473313 q_change=53 q_delta=0.423158 q_grad=0.002727
epoch=66 loss_total=0.736190 loss_rec=0.569024 valid_auc=0.693304 valid_rmse=0.473997 q_change=53 q_delta=0.423212 q_grad=0.002920
epoch=67 loss_total=0.738389 loss_rec=0.571284 valid_auc=0.692254 valid_rmse=0.474902 q_change=53 q_delta=0.423359 q_grad=0.002931
epoch=68 loss_total=0.732395 loss_rec=0.565331 valid_auc=0.692600 valid_rmse=0.476567 q_change=53 q_delta=0.423364 q_grad=0.002935
epoch=69 loss_total=0.729395 loss_rec=0.562357 valid_auc=0.695681 valid_rmse=0.480960 q_change=53 q_delta=0.423378 q_grad=0.003059
epoch=70 loss_total=0.728096 loss_rec=0.561086 valid_auc=0.691239 valid_rmse=0.474558 q_change=53 q_delta=0.423625 q_grad=0.003077
epoch=71 loss_total=0.728971 loss_rec=0.562034 valid_auc=0.692734 valid_rmse=0.474382 q_change=53 q_delta=0.423636 q_grad=0.003088
epoch=72 loss_total=0.727529 loss_rec=0.560575 valid_auc=0.692433 valid_rmse=0.474553 q_change=53 q_delta=0.423698 q_grad=0.003134
epoch=73 loss_total=0.722053 loss_rec=0.555141 valid_auc=0.689665 valid_rmse=0.475995 q_change=53 q_delta=0.423666 q_grad=0.003199
epoch=74 loss_total=0.726312 loss_rec=0.559391 valid_auc=0.691172 valid_rmse=0.476185 q_change=53 q_delta=0.423610 q_grad=0.003200
epoch=75 loss_total=0.723741 loss_rec=0.556806 valid_auc=0.688661 valid_rmse=0.483135 q_change=53 q_delta=0.423343 q_grad=0.003221
Early stopping at epoch 75; best_epoch=55.
Saved run to C:\Users\YAN_SHU_YU\Desktop\Generative-CD\Q_GNCDM\results\weak_q_lambda_sweep\lq_0p6_ls_0p4_lb_0p8\seed_2026\noise_0.20\weak-q_lq_0p6_ls_0p4_lb_0p8
Final metrics: q_hat_f1=0.133333 response_auc=0.688020 mastery_pearson=0.364502
