run=weak-q_lq_0p5_ls_0p2_lb_0p1 mode=weak-q noise=0.20 train=4200 valid=600 test=1200
epoch=1 loss_total=0.838284 loss_rec=0.725607 valid_auc=0.590145 valid_rmse=0.499700 q_change=57 q_delta=0.070887 q_grad=0.000173
epoch=2 loss_total=0.808740 loss_rec=0.705088 valid_auc=0.604732 valid_rmse=0.498826 q_change=57 q_delta=0.116296 q_grad=0.000137
epoch=3 loss_total=0.796708 loss_rec=0.696947 valid_auc=0.628064 valid_rmse=0.496752 q_change=57 q_delta=0.142093 q_grad=0.000150
epoch=4 loss_total=0.783243 loss_rec=0.685000 valid_auc=0.653828 valid_rmse=0.492482 q_change=55 q_delta=0.155075 q_grad=0.000201
epoch=5 loss_total=0.768849 loss_rec=0.670388 valid_auc=0.666239 valid_rmse=0.483400 q_change=52 q_delta=0.155061 q_grad=0.000345
epoch=6 loss_total=0.742490 loss_rec=0.642944 valid_auc=0.672734 valid_rmse=0.476842 q_change=50 q_delta=0.153843 q_grad=0.000605
epoch=7 loss_total=0.724895 loss_rec=0.625135 valid_auc=0.677589 valid_rmse=0.475875 q_change=51 q_delta=0.156332 q_grad=0.000797
epoch=8 loss_total=0.720729 loss_rec=0.621091 valid_auc=0.675993 valid_rmse=0.476547 q_change=50 q_delta=0.159591 q_grad=0.000946
epoch=9 loss_total=0.715742 loss_rec=0.616352 valid_auc=0.680558 valid_rmse=0.474648 q_change=47 q_delta=0.163479 q_grad=0.001005
epoch=10 loss_total=0.720331 loss_rec=0.621222 valid_auc=0.678549 valid_rmse=0.476281 q_change=44 q_delta=0.167529 q_grad=0.000998
epoch=11 loss_total=0.719376 loss_rec=0.620324 valid_auc=0.678214 valid_rmse=0.475252 q_change=44 q_delta=0.171293 q_grad=0.001063
epoch=12 loss_total=0.712388 loss_rec=0.613483 valid_auc=0.677344 valid_rmse=0.476857 q_change=43 q_delta=0.174797 q_grad=0.001079
epoch=13 loss_total=0.709693 loss_rec=0.610940 valid_auc=0.677567 valid_rmse=0.475465 q_change=40 q_delta=0.179403 q_grad=0.001045
epoch=14 loss_total=0.711288 loss_rec=0.612562 valid_auc=0.676942 valid_rmse=0.477597 q_change=40 q_delta=0.182241 q_grad=0.001099
epoch=15 loss_total=0.708578 loss_rec=0.609796 valid_auc=0.678437 valid_rmse=0.476001 q_change=39 q_delta=0.186057 q_grad=0.001105
epoch=16 loss_total=0.711272 loss_rec=0.612414 valid_auc=0.677868 valid_rmse=0.476166 q_change=37 q_delta=0.189411 q_grad=0.001182
epoch=17 loss_total=0.707209 loss_rec=0.608387 valid_auc=0.677868 valid_rmse=0.476023 q_change=36 q_delta=0.192088 q_grad=0.001117
epoch=18 loss_total=0.703802 loss_rec=0.604911 valid_auc=0.677801 valid_rmse=0.476583 q_change=36 q_delta=0.195647 q_grad=0.001140
epoch=19 loss_total=0.703602 loss_rec=0.604654 valid_auc=0.677891 valid_rmse=0.476851 q_change=36 q_delta=0.199438 q_grad=0.001192
epoch=20 loss_total=0.702409 loss_rec=0.603338 valid_auc=0.680011 valid_rmse=0.475653 q_change=37 q_delta=0.203196 q_grad=0.001240
epoch=21 loss_total=0.698456 loss_rec=0.599205 valid_auc=0.680703 valid_rmse=0.476142 q_change=35 q_delta=0.206926 q_grad=0.001181
epoch=22 loss_total=0.697163 loss_rec=0.597745 valid_auc=0.679353 valid_rmse=0.476495 q_change=34 q_delta=0.210865 q_grad=0.001268
epoch=23 loss_total=0.696405 loss_rec=0.596774 valid_auc=0.679208 valid_rmse=0.476284 q_change=31 q_delta=0.214853 q_grad=0.001235
epoch=24 loss_total=0.691978 loss_rec=0.592120 valid_auc=0.679408 valid_rmse=0.476769 q_change=31 q_delta=0.218863 q_grad=0.001267
epoch=25 loss_total=0.691764 loss_rec=0.591612 valid_auc=0.679833 valid_rmse=0.476843 q_change=32 q_delta=0.223068 q_grad=0.001335
epoch=26 loss_total=0.689848 loss_rec=0.589428 valid_auc=0.680882 valid_rmse=0.476999 q_change=32 q_delta=0.226867 q_grad=0.001314
epoch=27 loss_total=0.687150 loss_rec=0.586408 valid_auc=0.681663 valid_rmse=0.477710 q_change=31 q_delta=0.230727 q_grad=0.001325
epoch=28 loss_total=0.689859 loss_rec=0.588770 valid_auc=0.681194 valid_rmse=0.477464 q_change=30 q_delta=0.235403 q_grad=0.001401
epoch=29 loss_total=0.683359 loss_rec=0.581944 valid_auc=0.684275 valid_rmse=0.476285 q_change=30 q_delta=0.239496 q_grad=0.001399
epoch=30 loss_total=0.681239 loss_rec=0.579405 valid_auc=0.685859 valid_rmse=0.477705 q_change=30 q_delta=0.243487 q_grad=0.001436
epoch=31 loss_total=0.677373 loss_rec=0.575153 valid_auc=0.684375 valid_rmse=0.477409 q_change=31 q_delta=0.247319 q_grad=0.001445
epoch=32 loss_total=0.677329 loss_rec=0.574681 valid_auc=0.687746 valid_rmse=0.475988 q_change=31 q_delta=0.251945 q_grad=0.001478
epoch=33 loss_total=0.672888 loss_rec=0.569778 valid_auc=0.686596 valid_rmse=0.475255 q_change=29 q_delta=0.256531 q_grad=0.001523
epoch=34 loss_total=0.672576 loss_rec=0.569051 valid_auc=0.685748 valid_rmse=0.475640 q_change=29 q_delta=0.260432 q_grad=0.001502
epoch=35 loss_total=0.671982 loss_rec=0.568037 valid_auc=0.687478 valid_rmse=0.474816 q_change=29 q_delta=0.264236 q_grad=0.001537
epoch=36 loss_total=0.664710 loss_rec=0.560266 valid_auc=0.689576 valid_rmse=0.475591 q_change=28 q_delta=0.267736 q_grad=0.001590
epoch=37 loss_total=0.660396 loss_rec=0.555482 valid_auc=0.688281 valid_rmse=0.477504 q_change=28 q_delta=0.271706 q_grad=0.001602
epoch=38 loss_total=0.654686 loss_rec=0.549349 valid_auc=0.687712 valid_rmse=0.478390 q_change=28 q_delta=0.275570 q_grad=0.001669
epoch=39 loss_total=0.654139 loss_rec=0.548375 valid_auc=0.687444 valid_rmse=0.477171 q_change=26 q_delta=0.279317 q_grad=0.001665
epoch=40 loss_total=0.650342 loss_rec=0.544160 valid_auc=0.688170 valid_rmse=0.478161 q_change=25 q_delta=0.282777 q_grad=0.001689
epoch=41 loss_total=0.644287 loss_rec=0.537724 valid_auc=0.687958 valid_rmse=0.480257 q_change=25 q_delta=0.286232 q_grad=0.001685
epoch=42 loss_total=0.646945 loss_rec=0.539992 valid_auc=0.687132 valid_rmse=0.478959 q_change=26 q_delta=0.289791 q_grad=0.001811
epoch=43 loss_total=0.640204 loss_rec=0.532921 valid_auc=0.688783 valid_rmse=0.479743 q_change=24 q_delta=0.293042 q_grad=0.001762
epoch=44 loss_total=0.638837 loss_rec=0.531223 valid_auc=0.688873 valid_rmse=0.479082 q_change=25 q_delta=0.296029 q_grad=0.001770
epoch=45 loss_total=0.634448 loss_rec=0.526537 valid_auc=0.687924 valid_rmse=0.483352 q_change=23 q_delta=0.298642 q_grad=0.001771
epoch=46 loss_total=0.633481 loss_rec=0.525256 valid_auc=0.691775 valid_rmse=0.478618 q_change=23 q_delta=0.301698 q_grad=0.001790
epoch=47 loss_total=0.632111 loss_rec=0.523612 valid_auc=0.690045 valid_rmse=0.481425 q_change=23 q_delta=0.304096 q_grad=0.001761
epoch=48 loss_total=0.629934 loss_rec=0.521170 valid_auc=0.689275 valid_rmse=0.480327 q_change=23 q_delta=0.306734 q_grad=0.001814
epoch=49 loss_total=0.624579 loss_rec=0.515569 valid_auc=0.690915 valid_rmse=0.479160 q_change=23 q_delta=0.308974 q_grad=0.001795
epoch=50 loss_total=0.620510 loss_rec=0.511293 valid_auc=0.690112 valid_rmse=0.482552 q_change=24 q_delta=0.311383 q_grad=0.001782
epoch=51 loss_total=0.620924 loss_rec=0.511495 valid_auc=0.691138 valid_rmse=0.482688 q_change=24 q_delta=0.313470 q_grad=0.001832
epoch=52 loss_total=0.621662 loss_rec=0.512031 valid_auc=0.689676 valid_rmse=0.481802 q_change=23 q_delta=0.315804 q_grad=0.001826
epoch=53 loss_total=0.622830 loss_rec=0.512993 valid_auc=0.689621 valid_rmse=0.481524 q_change=25 q_delta=0.317751 q_grad=0.001827
epoch=54 loss_total=0.616455 loss_rec=0.506413 valid_auc=0.688237 valid_rmse=0.482793 q_change=25 q_delta=0.319602 q_grad=0.001838
epoch=55 loss_total=0.612181 loss_rec=0.501968 valid_auc=0.695234 valid_rmse=0.479151 q_change=25 q_delta=0.321386 q_grad=0.001820
epoch=56 loss_total=0.611431 loss_rec=0.501063 valid_auc=0.691864 valid_rmse=0.482349 q_change=25 q_delta=0.323364 q_grad=0.001779
epoch=57 loss_total=0.612099 loss_rec=0.501517 valid_auc=0.690179 valid_rmse=0.483829 q_change=24 q_delta=0.325300 q_grad=0.001908
epoch=58 loss_total=0.606898 loss_rec=0.496153 valid_auc=0.690871 valid_rmse=0.483170 q_change=24 q_delta=0.327092 q_grad=0.001852
epoch=59 loss_total=0.603304 loss_rec=0.492423 valid_auc=0.693538 valid_rmse=0.481240 q_change=24 q_delta=0.328864 q_grad=0.001798
epoch=60 loss_total=0.606926 loss_rec=0.495890 valid_auc=0.694174 valid_rmse=0.482999 q_change=24 q_delta=0.330436 q_grad=0.001856
epoch=61 loss_total=0.603869 loss_rec=0.492683 valid_auc=0.692422 valid_rmse=0.481436 q_change=25 q_delta=0.332006 q_grad=0.001877
epoch=62 loss_total=0.600973 loss_rec=0.489650 valid_auc=0.694922 valid_rmse=0.481347 q_change=24 q_delta=0.333582 q_grad=0.001795
epoch=63 loss_total=0.600145 loss_rec=0.488664 valid_auc=0.693717 valid_rmse=0.482825 q_change=24 q_delta=0.335073 q_grad=0.001899
epoch=64 loss_total=0.601579 loss_rec=0.489960 valid_auc=0.694799 valid_rmse=0.483973 q_change=24 q_delta=0.336485 q_grad=0.001878
epoch=65 loss_total=0.599426 loss_rec=0.487671 valid_auc=0.693884 valid_rmse=0.482118 q_change=25 q_delta=0.338120 q_grad=0.001787
epoch=66 loss_total=0.598215 loss_rec=0.486358 valid_auc=0.693717 valid_rmse=0.482627 q_change=25 q_delta=0.339439 q_grad=0.001892
epoch=67 loss_total=0.597698 loss_rec=0.485701 valid_auc=0.693103 valid_rmse=0.483912 q_change=25 q_delta=0.340755 q_grad=0.001878
epoch=68 loss_total=0.591521 loss_rec=0.479393 valid_auc=0.694911 valid_rmse=0.484120 q_change=24 q_delta=0.341956 q_grad=0.001868
epoch=69 loss_total=0.588867 loss_rec=0.476617 valid_auc=0.694386 valid_rmse=0.488855 q_change=24 q_delta=0.343174 q_grad=0.001870
epoch=70 loss_total=0.587139 loss_rec=0.474751 valid_auc=0.693583 valid_rmse=0.483622 q_change=24 q_delta=0.344646 q_grad=0.001906
epoch=71 loss_total=0.586686 loss_rec=0.474218 valid_auc=0.697757 valid_rmse=0.481936 q_change=24 q_delta=0.345580 q_grad=0.001869
epoch=72 loss_total=0.587513 loss_rec=0.474943 valid_auc=0.695871 valid_rmse=0.483738 q_change=24 q_delta=0.346685 q_grad=0.001887
epoch=73 loss_total=0.583661 loss_rec=0.470968 valid_auc=0.692701 valid_rmse=0.485973 q_change=24 q_delta=0.347984 q_grad=0.001923
epoch=74 loss_total=0.586703 loss_rec=0.473931 valid_auc=0.694487 valid_rmse=0.485023 q_change=24 q_delta=0.348797 q_grad=0.001881
epoch=75 loss_total=0.584911 loss_rec=0.472037 valid_auc=0.691708 valid_rmse=0.490276 q_change=24 q_delta=0.349553 q_grad=0.001938
epoch=76 loss_total=0.583510 loss_rec=0.470556 valid_auc=0.693661 valid_rmse=0.483382 q_change=24 q_delta=0.350803 q_grad=0.001881
epoch=77 loss_total=0.575616 loss_rec=0.462570 valid_auc=0.696083 valid_rmse=0.485123 q_change=25 q_delta=0.351654 q_grad=0.001858
epoch=78 loss_total=0.576437 loss_rec=0.463306 valid_auc=0.696083 valid_rmse=0.487455 q_change=26 q_delta=0.352494 q_grad=0.002007
epoch=79 loss_total=0.574355 loss_rec=0.461155 valid_auc=0.693281 valid_rmse=0.485407 q_change=25 q_delta=0.353439 q_grad=0.001955
epoch=80 loss_total=0.572723 loss_rec=0.459456 valid_auc=0.696150 valid_rmse=0.485870 q_change=25 q_delta=0.354234 q_grad=0.001942
epoch=81 loss_total=0.573000 loss_rec=0.459658 valid_auc=0.695201 valid_rmse=0.487169 q_change=26 q_delta=0.354982 q_grad=0.001993
epoch=82 loss_total=0.568557 loss_rec=0.455157 valid_auc=0.693538 valid_rmse=0.487278 q_change=26 q_delta=0.355868 q_grad=0.001978
epoch=83 loss_total=0.574710 loss_rec=0.461268 valid_auc=0.694967 valid_rmse=0.487504 q_change=25 q_delta=0.356659 q_grad=0.001961
epoch=84 loss_total=0.574091 loss_rec=0.460597 valid_auc=0.696038 valid_rmse=0.485090 q_change=26 q_delta=0.357564 q_grad=0.001954
epoch=85 loss_total=0.568232 loss_rec=0.454674 valid_auc=0.696819 valid_rmse=0.487895 q_change=26 q_delta=0.358269 q_grad=0.002006
epoch=86 loss_total=0.568678 loss_rec=0.455046 valid_auc=0.695190 valid_rmse=0.486720 q_change=26 q_delta=0.359285 q_grad=0.002055
epoch=87 loss_total=0.565465 loss_rec=0.451791 valid_auc=0.695279 valid_rmse=0.486008 q_change=26 q_delta=0.360137 q_grad=0.002006
epoch=88 loss_total=0.560626 loss_rec=0.446890 valid_auc=0.697243 valid_rmse=0.486257 q_change=26 q_delta=0.360816 q_grad=0.002021
epoch=89 loss_total=0.562174 loss_rec=0.448411 valid_auc=0.696161 valid_rmse=0.490347 q_change=27 q_delta=0.361472 q_grad=0.001966
epoch=90 loss_total=0.568131 loss_rec=0.454316 valid_auc=0.692042 valid_rmse=0.486944 q_change=26 q_delta=0.362379 q_grad=0.001985
epoch=91 loss_total=0.560538 loss_rec=0.446673 valid_auc=0.693962 valid_rmse=0.487789 q_change=28 q_delta=0.362835 q_grad=0.001980
Early stopping at epoch 91; best_epoch=71.
Saved run to C:\Users\YAN_SHU_YU\Desktop\Generative-CD\Q_GNCDM\results\weak_q_lambda_sweep\lq_0p5_ls_0p2_lb_0p1\seed_2026\noise_0.20\weak-q_lq_0p5_ls_0p2_lb_0p1
Final metrics: q_hat_f1=0.703297 response_auc=0.684289 mastery_pearson=0.544176
