run=weak-q_lq_0p05_ls_0p5_lb_0p1 mode=weak-q noise=0.20 train=4200 valid=600 test=1200
epoch=1 loss_total=0.967291 loss_rec=0.725662 valid_auc=0.587746 valid_rmse=0.499753 q_change=57 q_delta=0.078977 q_grad=0.000507
epoch=2 loss_total=0.909040 loss_rec=0.705938 valid_auc=0.594676 valid_rmse=0.499311 q_change=57 q_delta=0.149284 q_grad=0.000466
epoch=3 loss_total=0.869495 loss_rec=0.700045 valid_auc=0.608594 valid_rmse=0.498537 q_change=57 q_delta=0.208363 q_grad=0.000424
epoch=4 loss_total=0.835183 loss_rec=0.693880 valid_auc=0.628304 valid_rmse=0.497876 q_change=57 q_delta=0.256139 q_grad=0.000377
epoch=5 loss_total=0.812810 loss_rec=0.693776 valid_auc=0.649397 valid_rmse=0.496040 q_change=57 q_delta=0.292947 q_grad=0.000340
epoch=6 loss_total=0.790824 loss_rec=0.688874 valid_auc=0.662589 valid_rmse=0.494837 q_change=57 q_delta=0.320273 q_grad=0.000316
epoch=7 loss_total=0.769458 loss_rec=0.680117 valid_auc=0.661613 valid_rmse=0.491831 q_change=57 q_delta=0.339745 q_grad=0.000324
epoch=8 loss_total=0.751062 loss_rec=0.670259 valid_auc=0.658616 valid_rmse=0.486588 q_change=57 q_delta=0.352137 q_grad=0.000404
epoch=9 loss_total=0.733463 loss_rec=0.658337 valid_auc=0.663359 valid_rmse=0.480420 q_change=57 q_delta=0.361491 q_grad=0.000552
epoch=10 loss_total=0.728010 loss_rec=0.657668 valid_auc=0.664520 valid_rmse=0.480319 q_change=57 q_delta=0.369191 q_grad=0.000657
epoch=11 loss_total=0.721092 loss_rec=0.654397 valid_auc=0.666373 valid_rmse=0.479176 q_change=57 q_delta=0.375738 q_grad=0.000768
epoch=12 loss_total=0.709352 loss_rec=0.645931 valid_auc=0.669196 valid_rmse=0.479984 q_change=57 q_delta=0.380903 q_grad=0.000840
epoch=13 loss_total=0.704488 loss_rec=0.643751 valid_auc=0.670134 valid_rmse=0.477140 q_change=57 q_delta=0.385487 q_grad=0.000868
epoch=14 loss_total=0.701644 loss_rec=0.642969 valid_auc=0.670346 valid_rmse=0.478530 q_change=57 q_delta=0.388686 q_grad=0.000976
epoch=15 loss_total=0.698272 loss_rec=0.641341 valid_auc=0.670357 valid_rmse=0.476815 q_change=57 q_delta=0.391960 q_grad=0.001047
epoch=16 loss_total=0.697688 loss_rec=0.642207 valid_auc=0.673538 valid_rmse=0.476591 q_change=57 q_delta=0.394257 q_grad=0.001167
epoch=17 loss_total=0.695148 loss_rec=0.640959 valid_auc=0.674833 valid_rmse=0.476837 q_change=57 q_delta=0.396326 q_grad=0.001152
epoch=18 loss_total=0.688505 loss_rec=0.635349 valid_auc=0.676897 valid_rmse=0.476147 q_change=57 q_delta=0.398195 q_grad=0.001210
epoch=19 loss_total=0.686394 loss_rec=0.634254 valid_auc=0.676975 valid_rmse=0.476141 q_change=57 q_delta=0.399862 q_grad=0.001314
epoch=20 loss_total=0.684939 loss_rec=0.633578 valid_auc=0.680033 valid_rmse=0.474666 q_change=57 q_delta=0.401403 q_grad=0.001428
epoch=21 loss_total=0.681174 loss_rec=0.630563 valid_auc=0.680078 valid_rmse=0.475813 q_change=57 q_delta=0.402368 q_grad=0.001389
epoch=22 loss_total=0.679833 loss_rec=0.629749 valid_auc=0.680346 valid_rmse=0.474596 q_change=57 q_delta=0.403278 q_grad=0.001529
epoch=23 loss_total=0.676814 loss_rec=0.627221 valid_auc=0.679531 valid_rmse=0.474360 q_change=57 q_delta=0.404284 q_grad=0.001549
epoch=24 loss_total=0.672069 loss_rec=0.622922 valid_auc=0.678192 valid_rmse=0.474954 q_change=57 q_delta=0.404950 q_grad=0.001609
epoch=25 loss_total=0.674622 loss_rec=0.625822 valid_auc=0.679252 valid_rmse=0.474846 q_change=57 q_delta=0.405339 q_grad=0.001764
epoch=26 loss_total=0.672021 loss_rec=0.623470 valid_auc=0.680681 valid_rmse=0.475572 q_change=57 q_delta=0.405688 q_grad=0.001761
epoch=27 loss_total=0.669197 loss_rec=0.620749 valid_auc=0.684252 valid_rmse=0.475286 q_change=56 q_delta=0.405743 q_grad=0.001765
epoch=28 loss_total=0.670826 loss_rec=0.622537 valid_auc=0.682031 valid_rmse=0.474775 q_change=56 q_delta=0.406817 q_grad=0.001867
epoch=29 loss_total=0.666316 loss_rec=0.618225 valid_auc=0.684074 valid_rmse=0.474195 q_change=56 q_delta=0.407782 q_grad=0.001913
epoch=30 loss_total=0.666578 loss_rec=0.618682 valid_auc=0.685312 valid_rmse=0.474387 q_change=56 q_delta=0.408491 q_grad=0.001880
epoch=31 loss_total=0.663187 loss_rec=0.615429 valid_auc=0.685636 valid_rmse=0.474293 q_change=56 q_delta=0.409218 q_grad=0.001924
epoch=32 loss_total=0.664777 loss_rec=0.617252 valid_auc=0.687400 valid_rmse=0.474621 q_change=56 q_delta=0.409795 q_grad=0.001978
epoch=33 loss_total=0.663389 loss_rec=0.616050 valid_auc=0.684554 valid_rmse=0.473427 q_change=56 q_delta=0.410646 q_grad=0.001953
epoch=34 loss_total=0.662836 loss_rec=0.615746 valid_auc=0.683404 valid_rmse=0.473385 q_change=56 q_delta=0.411116 q_grad=0.001961
epoch=35 loss_total=0.663870 loss_rec=0.616991 valid_auc=0.686641 valid_rmse=0.472670 q_change=56 q_delta=0.411595 q_grad=0.001939
epoch=36 loss_total=0.660685 loss_rec=0.613942 valid_auc=0.688393 valid_rmse=0.473291 q_change=56 q_delta=0.411726 q_grad=0.001979
epoch=37 loss_total=0.655262 loss_rec=0.608643 valid_auc=0.688728 valid_rmse=0.473022 q_change=56 q_delta=0.412088 q_grad=0.001991
epoch=38 loss_total=0.655061 loss_rec=0.608654 valid_auc=0.687522 valid_rmse=0.475215 q_change=56 q_delta=0.412444 q_grad=0.002098
epoch=39 loss_total=0.657913 loss_rec=0.611647 valid_auc=0.688583 valid_rmse=0.472395 q_change=56 q_delta=0.412883 q_grad=0.002020
epoch=40 loss_total=0.653989 loss_rec=0.607866 valid_auc=0.689275 valid_rmse=0.472543 q_change=56 q_delta=0.413053 q_grad=0.002056
epoch=41 loss_total=0.650269 loss_rec=0.604289 valid_auc=0.691652 valid_rmse=0.472511 q_change=56 q_delta=0.413291 q_grad=0.002048
epoch=42 loss_total=0.654026 loss_rec=0.608127 valid_auc=0.687879 valid_rmse=0.472862 q_change=56 q_delta=0.413512 q_grad=0.002120
epoch=43 loss_total=0.649602 loss_rec=0.603715 valid_auc=0.690167 valid_rmse=0.472381 q_change=56 q_delta=0.413468 q_grad=0.002052
epoch=44 loss_total=0.650752 loss_rec=0.604997 valid_auc=0.690268 valid_rmse=0.472494 q_change=56 q_delta=0.413738 q_grad=0.002118
epoch=45 loss_total=0.647316 loss_rec=0.601650 valid_auc=0.691239 valid_rmse=0.474719 q_change=55 q_delta=0.413691 q_grad=0.002141
epoch=46 loss_total=0.648382 loss_rec=0.602745 valid_auc=0.692879 valid_rmse=0.471049 q_change=55 q_delta=0.414179 q_grad=0.002081
epoch=47 loss_total=0.645707 loss_rec=0.600186 valid_auc=0.694487 valid_rmse=0.471724 q_change=55 q_delta=0.414703 q_grad=0.002104
epoch=48 loss_total=0.644820 loss_rec=0.599347 valid_auc=0.692299 valid_rmse=0.471378 q_change=55 q_delta=0.415144 q_grad=0.002153
epoch=49 loss_total=0.642371 loss_rec=0.596961 valid_auc=0.693281 valid_rmse=0.471385 q_change=54 q_delta=0.415547 q_grad=0.002178
epoch=50 loss_total=0.638509 loss_rec=0.593153 valid_auc=0.690703 valid_rmse=0.472490 q_change=54 q_delta=0.415958 q_grad=0.002082
epoch=51 loss_total=0.638753 loss_rec=0.593511 valid_auc=0.692935 valid_rmse=0.473515 q_change=54 q_delta=0.416258 q_grad=0.002205
epoch=52 loss_total=0.640010 loss_rec=0.594875 valid_auc=0.691663 valid_rmse=0.472241 q_change=54 q_delta=0.416766 q_grad=0.002213
epoch=53 loss_total=0.641463 loss_rec=0.596401 valid_auc=0.693036 valid_rmse=0.471935 q_change=54 q_delta=0.417145 q_grad=0.002216
epoch=54 loss_total=0.633384 loss_rec=0.588435 valid_auc=0.690871 valid_rmse=0.473527 q_change=54 q_delta=0.417468 q_grad=0.002186
epoch=55 loss_total=0.632577 loss_rec=0.587760 valid_auc=0.694777 valid_rmse=0.471979 q_change=54 q_delta=0.417947 q_grad=0.002232
epoch=56 loss_total=0.633754 loss_rec=0.589043 valid_auc=0.691964 valid_rmse=0.472411 q_change=54 q_delta=0.418390 q_grad=0.002256
epoch=57 loss_total=0.632010 loss_rec=0.587407 valid_auc=0.693549 valid_rmse=0.474529 q_change=54 q_delta=0.418630 q_grad=0.002354
epoch=58 loss_total=0.628800 loss_rec=0.584265 valid_auc=0.691395 valid_rmse=0.474924 q_change=53 q_delta=0.418874 q_grad=0.002312
epoch=59 loss_total=0.628646 loss_rec=0.584286 valid_auc=0.690592 valid_rmse=0.472994 q_change=53 q_delta=0.419359 q_grad=0.002289
epoch=60 loss_total=0.627784 loss_rec=0.583501 valid_auc=0.691507 valid_rmse=0.474486 q_change=53 q_delta=0.419500 q_grad=0.002349
epoch=61 loss_total=0.626543 loss_rec=0.582339 valid_auc=0.691484 valid_rmse=0.473855 q_change=53 q_delta=0.419858 q_grad=0.002394
epoch=62 loss_total=0.623882 loss_rec=0.579806 valid_auc=0.690647 valid_rmse=0.473671 q_change=53 q_delta=0.420159 q_grad=0.002358
epoch=63 loss_total=0.624732 loss_rec=0.580713 valid_auc=0.688984 valid_rmse=0.474812 q_change=53 q_delta=0.420462 q_grad=0.002405
epoch=64 loss_total=0.627379 loss_rec=0.583466 valid_auc=0.692946 valid_rmse=0.476054 q_change=53 q_delta=0.420705 q_grad=0.002461
epoch=65 loss_total=0.621817 loss_rec=0.577965 valid_auc=0.690982 valid_rmse=0.473876 q_change=53 q_delta=0.421140 q_grad=0.002350
epoch=66 loss_total=0.622265 loss_rec=0.578504 valid_auc=0.690748 valid_rmse=0.474561 q_change=53 q_delta=0.421314 q_grad=0.002505
epoch=67 loss_total=0.624751 loss_rec=0.581092 valid_auc=0.688594 valid_rmse=0.475430 q_change=53 q_delta=0.421573 q_grad=0.002497
epoch=68 loss_total=0.620346 loss_rec=0.576747 valid_auc=0.689531 valid_rmse=0.477007 q_change=53 q_delta=0.421718 q_grad=0.002487
epoch=69 loss_total=0.617024 loss_rec=0.573492 valid_auc=0.691975 valid_rmse=0.481392 q_change=53 q_delta=0.421768 q_grad=0.002582
epoch=70 loss_total=0.615695 loss_rec=0.572203 valid_auc=0.688538 valid_rmse=0.475235 q_change=53 q_delta=0.422198 q_grad=0.002596
epoch=71 loss_total=0.617943 loss_rec=0.574568 valid_auc=0.689955 valid_rmse=0.475036 q_change=53 q_delta=0.422417 q_grad=0.002593
epoch=72 loss_total=0.617090 loss_rec=0.573750 valid_auc=0.688560 valid_rmse=0.475658 q_change=53 q_delta=0.422529 q_grad=0.002618
epoch=73 loss_total=0.613101 loss_rec=0.569866 valid_auc=0.686395 valid_rmse=0.476288 q_change=53 q_delta=0.422743 q_grad=0.002667
epoch=74 loss_total=0.617187 loss_rec=0.574008 valid_auc=0.688002 valid_rmse=0.476655 q_change=53 q_delta=0.422908 q_grad=0.002631
epoch=75 loss_total=0.615298 loss_rec=0.572146 valid_auc=0.686077 valid_rmse=0.482068 q_change=53 q_delta=0.422877 q_grad=0.002648
Early stopping at epoch 75; best_epoch=55.
Saved run to C:\Users\YAN_SHU_YU\Desktop\Generative-CD\Q_GNCDM\results\weak_q_lambda_sweep\lq_0p05_ls_0p5_lb_0p1\seed_2026\noise_0.20\weak-q_lq_0p05_ls_0p5_lb_0p1
Final metrics: q_hat_f1=0.101695 response_auc=0.687100 mastery_pearson=0.327928
