run=weak-q_lq_0p05_ls_0p5_lb_0p4 mode=weak-q noise=0.20 train=4200 valid=600 test=1200
epoch=1 loss_total=1.040148 loss_rec=0.725667 valid_auc=0.587701 valid_rmse=0.499757 q_change=57 q_delta=0.080033 q_grad=0.000546
epoch=2 loss_total=0.975972 loss_rec=0.706033 valid_auc=0.594286 valid_rmse=0.499353 q_change=57 q_delta=0.153990 q_grad=0.000545
epoch=3 loss_total=0.927195 loss_rec=0.700361 valid_auc=0.607333 valid_rmse=0.498684 q_change=57 q_delta=0.217562 q_grad=0.000523
epoch=4 loss_total=0.882832 loss_rec=0.694620 valid_auc=0.624994 valid_rmse=0.498252 q_change=57 q_delta=0.269121 q_grad=0.000480
epoch=5 loss_total=0.851467 loss_rec=0.695234 valid_auc=0.645190 valid_rmse=0.496854 q_change=57 q_delta=0.308794 q_grad=0.000427
epoch=6 loss_total=0.822757 loss_rec=0.691891 valid_auc=0.659208 valid_rmse=0.496637 q_change=57 q_delta=0.338533 q_grad=0.000376
epoch=7 loss_total=0.798140 loss_rec=0.686833 valid_auc=0.659766 valid_rmse=0.495863 q_change=57 q_delta=0.360680 q_grad=0.000337
epoch=8 loss_total=0.780353 loss_rec=0.683698 valid_auc=0.653806 valid_rmse=0.494062 q_change=57 q_delta=0.376556 q_grad=0.000318
epoch=9 loss_total=0.764130 loss_rec=0.678040 valid_auc=0.657121 valid_rmse=0.488806 q_change=57 q_delta=0.387937 q_grad=0.000348
epoch=10 loss_total=0.752164 loss_rec=0.673803 valid_auc=0.658538 valid_rmse=0.486003 q_change=57 q_delta=0.395772 q_grad=0.000405
epoch=11 loss_total=0.740005 loss_rec=0.667080 valid_auc=0.656931 valid_rmse=0.483454 q_change=57 q_delta=0.402149 q_grad=0.000505
epoch=12 loss_total=0.724979 loss_rec=0.656963 valid_auc=0.660446 valid_rmse=0.484075 q_change=57 q_delta=0.407665 q_grad=0.000586
epoch=13 loss_total=0.718672 loss_rec=0.654964 valid_auc=0.661663 valid_rmse=0.480585 q_change=57 q_delta=0.412523 q_grad=0.000604
epoch=14 loss_total=0.713841 loss_rec=0.653536 valid_auc=0.664353 valid_rmse=0.482035 q_change=57 q_delta=0.416235 q_grad=0.000675
epoch=15 loss_total=0.710278 loss_rec=0.652939 valid_auc=0.661462 valid_rmse=0.480483 q_change=57 q_delta=0.419789 q_grad=0.000710
epoch=16 loss_total=0.708059 loss_rec=0.653170 valid_auc=0.661562 valid_rmse=0.480503 q_change=57 q_delta=0.422522 q_grad=0.000779
epoch=17 loss_total=0.706101 loss_rec=0.653422 valid_auc=0.664107 valid_rmse=0.481009 q_change=57 q_delta=0.424939 q_grad=0.000750
epoch=18 loss_total=0.699523 loss_rec=0.648741 valid_auc=0.665603 valid_rmse=0.480711 q_change=57 q_delta=0.427158 q_grad=0.000770
epoch=19 loss_total=0.696279 loss_rec=0.647183 valid_auc=0.664152 valid_rmse=0.480474 q_change=57 q_delta=0.429060 q_grad=0.000814
epoch=20 loss_total=0.695285 loss_rec=0.647618 valid_auc=0.668359 valid_rmse=0.479085 q_change=57 q_delta=0.430880 q_grad=0.000886
epoch=21 loss_total=0.691559 loss_rec=0.645279 valid_auc=0.666842 valid_rmse=0.479929 q_change=57 q_delta=0.432241 q_grad=0.000843
epoch=22 loss_total=0.691043 loss_rec=0.645879 valid_auc=0.666920 valid_rmse=0.478962 q_change=57 q_delta=0.433600 q_grad=0.000912
epoch=23 loss_total=0.687364 loss_rec=0.643260 valid_auc=0.665156 valid_rmse=0.478925 q_change=57 q_delta=0.434892 q_grad=0.000918
epoch=24 loss_total=0.683176 loss_rec=0.640070 valid_auc=0.667333 valid_rmse=0.479452 q_change=57 q_delta=0.435941 q_grad=0.000954
epoch=25 loss_total=0.685374 loss_rec=0.643080 valid_auc=0.665904 valid_rmse=0.478822 q_change=57 q_delta=0.436874 q_grad=0.001036
epoch=26 loss_total=0.683178 loss_rec=0.641656 valid_auc=0.665826 valid_rmse=0.479227 q_change=57 q_delta=0.437737 q_grad=0.001049
epoch=27 loss_total=0.681424 loss_rec=0.640540 valid_auc=0.667433 valid_rmse=0.478559 q_change=57 q_delta=0.438496 q_grad=0.001054
epoch=28 loss_total=0.681701 loss_rec=0.641436 valid_auc=0.668460 valid_rmse=0.478114 q_change=57 q_delta=0.439233 q_grad=0.001104
epoch=29 loss_total=0.679267 loss_rec=0.639571 valid_auc=0.669799 valid_rmse=0.477935 q_change=57 q_delta=0.439879 q_grad=0.001157
epoch=30 loss_total=0.680374 loss_rec=0.641188 valid_auc=0.670056 valid_rmse=0.478500 q_change=57 q_delta=0.440386 q_grad=0.001163
epoch=31 loss_total=0.676828 loss_rec=0.638045 valid_auc=0.670636 valid_rmse=0.477441 q_change=57 q_delta=0.440971 q_grad=0.001195
epoch=32 loss_total=0.678317 loss_rec=0.639966 valid_auc=0.672321 valid_rmse=0.477973 q_change=57 q_delta=0.441376 q_grad=0.001251
epoch=33 loss_total=0.677207 loss_rec=0.639174 valid_auc=0.670592 valid_rmse=0.477012 q_change=57 q_delta=0.442006 q_grad=0.001252
epoch=34 loss_total=0.676626 loss_rec=0.638991 valid_auc=0.670223 valid_rmse=0.476810 q_change=57 q_delta=0.442310 q_grad=0.001286
epoch=35 loss_total=0.678096 loss_rec=0.640766 valid_auc=0.671060 valid_rmse=0.476397 q_change=57 q_delta=0.442667 q_grad=0.001290
epoch=36 loss_total=0.674682 loss_rec=0.637631 valid_auc=0.672422 valid_rmse=0.477522 q_change=57 q_delta=0.442900 q_grad=0.001340
epoch=37 loss_total=0.670585 loss_rec=0.633797 valid_auc=0.673828 valid_rmse=0.476728 q_change=57 q_delta=0.443211 q_grad=0.001380
epoch=38 loss_total=0.669526 loss_rec=0.632945 valid_auc=0.674598 valid_rmse=0.477774 q_change=57 q_delta=0.443447 q_grad=0.001485
epoch=39 loss_total=0.672777 loss_rec=0.636429 valid_auc=0.673538 valid_rmse=0.476106 q_change=57 q_delta=0.443845 q_grad=0.001468
epoch=40 loss_total=0.669503 loss_rec=0.633392 valid_auc=0.673951 valid_rmse=0.476462 q_change=57 q_delta=0.444031 q_grad=0.001528
epoch=41 loss_total=0.665809 loss_rec=0.629881 valid_auc=0.676629 valid_rmse=0.476411 q_change=57 q_delta=0.444208 q_grad=0.001543
epoch=42 loss_total=0.670073 loss_rec=0.634294 valid_auc=0.673326 valid_rmse=0.477032 q_change=57 q_delta=0.444420 q_grad=0.001611
epoch=43 loss_total=0.666916 loss_rec=0.631270 valid_auc=0.673795 valid_rmse=0.476689 q_change=57 q_delta=0.444572 q_grad=0.001587
epoch=44 loss_total=0.667406 loss_rec=0.631913 valid_auc=0.674085 valid_rmse=0.476871 q_change=57 q_delta=0.444746 q_grad=0.001658
epoch=45 loss_total=0.665370 loss_rec=0.630005 valid_auc=0.676384 valid_rmse=0.477808 q_change=57 q_delta=0.444825 q_grad=0.001716
epoch=46 loss_total=0.667189 loss_rec=0.631912 valid_auc=0.677388 valid_rmse=0.475495 q_change=57 q_delta=0.445034 q_grad=0.001706
epoch=47 loss_total=0.664901 loss_rec=0.629747 valid_auc=0.678259 valid_rmse=0.476079 q_change=57 q_delta=0.445084 q_grad=0.001740
epoch=48 loss_total=0.666147 loss_rec=0.631061 valid_auc=0.679129 valid_rmse=0.475189 q_change=57 q_delta=0.445225 q_grad=0.001776
epoch=49 loss_total=0.663842 loss_rec=0.628802 valid_auc=0.678270 valid_rmse=0.475383 q_change=57 q_delta=0.445296 q_grad=0.001820
epoch=50 loss_total=0.660824 loss_rec=0.625848 valid_auc=0.677768 valid_rmse=0.475729 q_change=57 q_delta=0.445362 q_grad=0.001778
epoch=51 loss_total=0.661870 loss_rec=0.626967 valid_auc=0.677511 valid_rmse=0.477518 q_change=57 q_delta=0.445337 q_grad=0.001926
epoch=52 loss_total=0.662930 loss_rec=0.628062 valid_auc=0.676719 valid_rmse=0.475961 q_change=57 q_delta=0.445444 q_grad=0.001950
epoch=53 loss_total=0.664777 loss_rec=0.629962 valid_auc=0.677243 valid_rmse=0.475688 q_change=57 q_delta=0.445510 q_grad=0.001934
epoch=54 loss_total=0.656894 loss_rec=0.622112 valid_auc=0.677377 valid_rmse=0.476835 q_change=57 q_delta=0.445457 q_grad=0.001931
epoch=55 loss_total=0.658077 loss_rec=0.623302 valid_auc=0.679721 valid_rmse=0.475235 q_change=57 q_delta=0.445516 q_grad=0.001970
epoch=56 loss_total=0.659250 loss_rec=0.624495 valid_auc=0.677600 valid_rmse=0.475257 q_change=57 q_delta=0.445514 q_grad=0.002048
epoch=57 loss_total=0.658986 loss_rec=0.624204 valid_auc=0.677723 valid_rmse=0.477601 q_change=57 q_delta=0.445378 q_grad=0.002099
epoch=58 loss_total=0.655091 loss_rec=0.620245 valid_auc=0.678482 valid_rmse=0.476798 q_change=57 q_delta=0.445307 q_grad=0.002072
epoch=59 loss_total=0.656086 loss_rec=0.621201 valid_auc=0.678873 valid_rmse=0.475348 q_change=57 q_delta=0.445202 q_grad=0.002102
epoch=60 loss_total=0.655145 loss_rec=0.620147 valid_auc=0.681127 valid_rmse=0.475157 q_change=57 q_delta=0.444889 q_grad=0.002136
epoch=61 loss_total=0.654654 loss_rec=0.619430 valid_auc=0.680324 valid_rmse=0.475774 q_change=57 q_delta=0.444530 q_grad=0.002162
epoch=62 loss_total=0.653773 loss_rec=0.618421 valid_auc=0.680223 valid_rmse=0.474629 q_change=56 q_delta=0.444333 q_grad=0.002103
epoch=63 loss_total=0.654294 loss_rec=0.618802 valid_auc=0.681429 valid_rmse=0.475041 q_change=56 q_delta=0.444719 q_grad=0.002088
epoch=64 loss_total=0.656433 loss_rec=0.620902 valid_auc=0.683304 valid_rmse=0.476716 q_change=56 q_delta=0.445064 q_grad=0.002185
epoch=65 loss_total=0.649646 loss_rec=0.614055 valid_auc=0.683025 valid_rmse=0.474032 q_change=56 q_delta=0.445472 q_grad=0.002067
epoch=66 loss_total=0.650832 loss_rec=0.615260 valid_auc=0.685525 valid_rmse=0.474117 q_change=56 q_delta=0.445637 q_grad=0.002194
epoch=67 loss_total=0.652526 loss_rec=0.616961 valid_auc=0.682846 valid_rmse=0.475456 q_change=56 q_delta=0.445854 q_grad=0.002156
epoch=68 loss_total=0.648657 loss_rec=0.613138 valid_auc=0.685424 valid_rmse=0.474823 q_change=56 q_delta=0.445999 q_grad=0.002188
epoch=69 loss_total=0.644973 loss_rec=0.609481 valid_auc=0.688717 valid_rmse=0.479564 q_change=56 q_delta=0.446006 q_grad=0.002245
epoch=70 loss_total=0.646731 loss_rec=0.611260 valid_auc=0.685011 valid_rmse=0.473800 q_change=56 q_delta=0.446292 q_grad=0.002250
epoch=71 loss_total=0.647389 loss_rec=0.612006 valid_auc=0.685937 valid_rmse=0.473672 q_change=56 q_delta=0.446368 q_grad=0.002226
epoch=72 loss_total=0.646743 loss_rec=0.611360 valid_auc=0.685413 valid_rmse=0.474531 q_change=56 q_delta=0.446401 q_grad=0.002258
epoch=73 loss_total=0.644641 loss_rec=0.609328 valid_auc=0.682522 valid_rmse=0.474710 q_change=56 q_delta=0.446559 q_grad=0.002303
epoch=74 loss_total=0.647302 loss_rec=0.612019 valid_auc=0.685201 valid_rmse=0.474441 q_change=56 q_delta=0.446582 q_grad=0.002260
epoch=75 loss_total=0.646456 loss_rec=0.611220 valid_auc=0.684955 valid_rmse=0.478546 q_change=56 q_delta=0.446543 q_grad=0.002234
epoch=76 loss_total=0.646650 loss_rec=0.611399 valid_auc=0.682333 valid_rmse=0.474454 q_change=56 q_delta=0.446705 q_grad=0.002203
epoch=77 loss_total=0.640647 loss_rec=0.605439 valid_auc=0.683655 valid_rmse=0.477602 q_change=56 q_delta=0.446640 q_grad=0.002199
epoch=78 loss_total=0.643047 loss_rec=0.607915 valid_auc=0.684185 valid_rmse=0.475352 q_change=56 q_delta=0.446763 q_grad=0.002353
epoch=79 loss_total=0.642635 loss_rec=0.607558 valid_auc=0.683828 valid_rmse=0.474951 q_change=56 q_delta=0.446880 q_grad=0.002412
epoch=80 loss_total=0.642125 loss_rec=0.607102 valid_auc=0.684342 valid_rmse=0.474337 q_change=56 q_delta=0.446932 q_grad=0.002302
epoch=81 loss_total=0.639765 loss_rec=0.604748 valid_auc=0.685625 valid_rmse=0.475071 q_change=56 q_delta=0.446875 q_grad=0.002368
epoch=82 loss_total=0.640306 loss_rec=0.605357 valid_auc=0.683717 valid_rmse=0.475465 q_change=56 q_delta=0.446989 q_grad=0.002379
epoch=83 loss_total=0.638951 loss_rec=0.604059 valid_auc=0.685491 valid_rmse=0.477382 q_change=56 q_delta=0.446950 q_grad=0.002344
epoch=84 loss_total=0.640455 loss_rec=0.605603 valid_auc=0.686551 valid_rmse=0.474606 q_change=56 q_delta=0.447034 q_grad=0.002377
epoch=85 loss_total=0.639745 loss_rec=0.604933 valid_auc=0.685435 valid_rmse=0.477397 q_change=56 q_delta=0.447059 q_grad=0.002423
epoch=86 loss_total=0.643116 loss_rec=0.608378 valid_auc=0.686417 valid_rmse=0.474918 q_change=56 q_delta=0.447154 q_grad=0.002406
epoch=87 loss_total=0.638422 loss_rec=0.603697 valid_auc=0.686462 valid_rmse=0.474600 q_change=56 q_delta=0.447180 q_grad=0.002351
epoch=88 loss_total=0.634037 loss_rec=0.599341 valid_auc=0.684141 valid_rmse=0.475693 q_change=56 q_delta=0.447231 q_grad=0.002403
epoch=89 loss_total=0.635340 loss_rec=0.600731 valid_auc=0.684676 valid_rmse=0.480220 q_change=56 q_delta=0.447212 q_grad=0.002397
Early stopping at epoch 89; best_epoch=69.
Saved run to C:\Users\YAN_SHU_YU\Desktop\Generative-CD\Q_GNCDM\results\weak_q_lambda_sweep\lq_0p05_ls_0p5_lb_0p4\seed_2026\noise_0.20\weak-q_lq_0p05_ls_0p5_lb_0p4
Final metrics: q_hat_f1=0.035088 response_auc=0.684915 mastery_pearson=0.278530
