run=weak-q_lq_0p8_ls_0p5_lb_0p3 mode=weak-q noise=0.20 train=4200 valid=600 test=1200
epoch=1 loss_total=1.017766 loss_rec=0.725652 valid_auc=0.587785 valid_rmse=0.499747 q_change=57 q_delta=0.076914 q_grad=0.000474
epoch=2 loss_total=0.966808 loss_rec=0.705750 valid_auc=0.595223 valid_rmse=0.499230 q_change=57 q_delta=0.139422 q_grad=0.000366
epoch=3 loss_total=0.939535 loss_rec=0.699375 valid_auc=0.610100 valid_rmse=0.498220 q_change=57 q_delta=0.187639 q_grad=0.000293
epoch=4 loss_total=0.918291 loss_rec=0.692085 valid_auc=0.632388 valid_rmse=0.496925 q_change=57 q_delta=0.224176 q_grad=0.000250
epoch=5 loss_total=0.906703 loss_rec=0.689396 valid_auc=0.653951 valid_rmse=0.493489 q_change=57 q_delta=0.249619 q_grad=0.000255
epoch=6 loss_total=0.889567 loss_rec=0.677479 valid_auc=0.665725 valid_rmse=0.488034 q_change=57 q_delta=0.264442 q_grad=0.000322
epoch=7 loss_total=0.864588 loss_rec=0.654941 valid_auc=0.668471 valid_rmse=0.480644 q_change=57 q_delta=0.271434 q_grad=0.000488
epoch=8 loss_total=0.849019 loss_rec=0.640449 valid_auc=0.672400 valid_rmse=0.477894 q_change=57 q_delta=0.276050 q_grad=0.000747
epoch=9 loss_total=0.838834 loss_rec=0.631358 valid_auc=0.683359 valid_rmse=0.473171 q_change=57 q_delta=0.280071 q_grad=0.000931
epoch=10 loss_total=0.839061 loss_rec=0.632656 valid_auc=0.681886 valid_rmse=0.474571 q_change=57 q_delta=0.283034 q_grad=0.001032
epoch=11 loss_total=0.835117 loss_rec=0.629239 valid_auc=0.682366 valid_rmse=0.472912 q_change=57 q_delta=0.286057 q_grad=0.001179
epoch=12 loss_total=0.824848 loss_rec=0.619516 valid_auc=0.682935 valid_rmse=0.474552 q_change=57 q_delta=0.288125 q_grad=0.001256
epoch=13 loss_total=0.820769 loss_rec=0.615979 valid_auc=0.682277 valid_rmse=0.473205 q_change=56 q_delta=0.291211 q_grad=0.001275
epoch=14 loss_total=0.820832 loss_rec=0.616417 valid_auc=0.681161 valid_rmse=0.475253 q_change=55 q_delta=0.293062 q_grad=0.001365
epoch=15 loss_total=0.816589 loss_rec=0.612462 valid_auc=0.682210 valid_rmse=0.473839 q_change=54 q_delta=0.295822 q_grad=0.001410
epoch=16 loss_total=0.818052 loss_rec=0.614121 valid_auc=0.683259 valid_rmse=0.474264 q_change=53 q_delta=0.298179 q_grad=0.001511
epoch=17 loss_total=0.813875 loss_rec=0.610237 valid_auc=0.682344 valid_rmse=0.474170 q_change=52 q_delta=0.300681 q_grad=0.001442
epoch=18 loss_total=0.808260 loss_rec=0.604746 valid_auc=0.683605 valid_rmse=0.473989 q_change=52 q_delta=0.303148 q_grad=0.001476
epoch=19 loss_total=0.807159 loss_rec=0.603884 valid_auc=0.684129 valid_rmse=0.474866 q_change=50 q_delta=0.305882 q_grad=0.001570
epoch=20 loss_total=0.804502 loss_rec=0.601274 valid_auc=0.685915 valid_rmse=0.473311 q_change=50 q_delta=0.308755 q_grad=0.001648
epoch=21 loss_total=0.799407 loss_rec=0.596220 valid_auc=0.686562 valid_rmse=0.474540 q_change=50 q_delta=0.310784 q_grad=0.001576
epoch=22 loss_total=0.796981 loss_rec=0.593788 valid_auc=0.685759 valid_rmse=0.474473 q_change=50 q_delta=0.313435 q_grad=0.001706
epoch=23 loss_total=0.794353 loss_rec=0.591136 valid_auc=0.683661 valid_rmse=0.474437 q_change=50 q_delta=0.316124 q_grad=0.001669
epoch=24 loss_total=0.788914 loss_rec=0.585693 valid_auc=0.684029 valid_rmse=0.475094 q_change=50 q_delta=0.318534 q_grad=0.001713
epoch=25 loss_total=0.788579 loss_rec=0.585235 valid_auc=0.685614 valid_rmse=0.475089 q_change=50 q_delta=0.320636 q_grad=0.001826
epoch=26 loss_total=0.785381 loss_rec=0.581961 valid_auc=0.687556 valid_rmse=0.475144 q_change=50 q_delta=0.322716 q_grad=0.001815
epoch=27 loss_total=0.780767 loss_rec=0.577190 valid_auc=0.687489 valid_rmse=0.476851 q_change=48 q_delta=0.324579 q_grad=0.001812
epoch=28 loss_total=0.782978 loss_rec=0.579275 valid_auc=0.687031 valid_rmse=0.475629 q_change=47 q_delta=0.326504 q_grad=0.001925
epoch=29 loss_total=0.775272 loss_rec=0.571501 valid_auc=0.689810 valid_rmse=0.474988 q_change=47 q_delta=0.328064 q_grad=0.001927
epoch=30 loss_total=0.772555 loss_rec=0.568583 valid_auc=0.690893 valid_rmse=0.476125 q_change=46 q_delta=0.329403 q_grad=0.001975
epoch=31 loss_total=0.767505 loss_rec=0.563374 valid_auc=0.689821 valid_rmse=0.476169 q_change=46 q_delta=0.331153 q_grad=0.001987
epoch=32 loss_total=0.767027 loss_rec=0.562744 valid_auc=0.693772 valid_rmse=0.475186 q_change=44 q_delta=0.333035 q_grad=0.002047
epoch=33 loss_total=0.761166 loss_rec=0.556659 valid_auc=0.691239 valid_rmse=0.474489 q_change=44 q_delta=0.334667 q_grad=0.002079
epoch=34 loss_total=0.760136 loss_rec=0.555518 valid_auc=0.690257 valid_rmse=0.474477 q_change=44 q_delta=0.335973 q_grad=0.002081
epoch=35 loss_total=0.759495 loss_rec=0.554729 valid_auc=0.694107 valid_rmse=0.473144 q_change=43 q_delta=0.337330 q_grad=0.002101
epoch=36 loss_total=0.750576 loss_rec=0.545606 valid_auc=0.693906 valid_rmse=0.473605 q_change=41 q_delta=0.338378 q_grad=0.002185
epoch=37 loss_total=0.745696 loss_rec=0.540527 valid_auc=0.690971 valid_rmse=0.476604 q_change=41 q_delta=0.339596 q_grad=0.002200
epoch=38 loss_total=0.739329 loss_rec=0.534118 valid_auc=0.691752 valid_rmse=0.477277 q_change=39 q_delta=0.340846 q_grad=0.002299
epoch=39 loss_total=0.738856 loss_rec=0.533542 valid_auc=0.691830 valid_rmse=0.475855 q_change=39 q_delta=0.342450 q_grad=0.002284
epoch=40 loss_total=0.735806 loss_rec=0.530410 valid_auc=0.691708 valid_rmse=0.476911 q_change=38 q_delta=0.343590 q_grad=0.002353
epoch=41 loss_total=0.728650 loss_rec=0.523239 valid_auc=0.692366 valid_rmse=0.479455 q_change=38 q_delta=0.344872 q_grad=0.002339
epoch=42 loss_total=0.731811 loss_rec=0.526369 valid_auc=0.689699 valid_rmse=0.478109 q_change=40 q_delta=0.346248 q_grad=0.002498
epoch=43 loss_total=0.725193 loss_rec=0.519717 valid_auc=0.691261 valid_rmse=0.478987 q_change=40 q_delta=0.347066 q_grad=0.002463
epoch=44 loss_total=0.722833 loss_rec=0.517340 valid_auc=0.691373 valid_rmse=0.478033 q_change=40 q_delta=0.348242 q_grad=0.002485
epoch=45 loss_total=0.718704 loss_rec=0.513235 valid_auc=0.688694 valid_rmse=0.483493 q_change=38 q_delta=0.348945 q_grad=0.002477
epoch=46 loss_total=0.718320 loss_rec=0.512795 valid_auc=0.695402 valid_rmse=0.477488 q_change=37 q_delta=0.350297 q_grad=0.002522
epoch=47 loss_total=0.715637 loss_rec=0.510134 valid_auc=0.691864 valid_rmse=0.480952 q_change=37 q_delta=0.351190 q_grad=0.002486
epoch=48 loss_total=0.714948 loss_rec=0.509482 valid_auc=0.691317 valid_rmse=0.479780 q_change=36 q_delta=0.352178 q_grad=0.002558
epoch=49 loss_total=0.709241 loss_rec=0.503801 valid_auc=0.692734 valid_rmse=0.478360 q_change=36 q_delta=0.352711 q_grad=0.002538
epoch=50 loss_total=0.704839 loss_rec=0.499431 valid_auc=0.691295 valid_rmse=0.482401 q_change=36 q_delta=0.353505 q_grad=0.002535
epoch=51 loss_total=0.705697 loss_rec=0.500364 valid_auc=0.691763 valid_rmse=0.482745 q_change=35 q_delta=0.354138 q_grad=0.002622
epoch=52 loss_total=0.706847 loss_rec=0.501547 valid_auc=0.691339 valid_rmse=0.480899 q_change=34 q_delta=0.355046 q_grad=0.002631
epoch=53 loss_total=0.708281 loss_rec=0.503008 valid_auc=0.691551 valid_rmse=0.480263 q_change=34 q_delta=0.355642 q_grad=0.002629
epoch=54 loss_total=0.701682 loss_rec=0.496388 valid_auc=0.689230 valid_rmse=0.481961 q_change=33 q_delta=0.356398 q_grad=0.002661
epoch=55 loss_total=0.697115 loss_rec=0.491876 valid_auc=0.696295 valid_rmse=0.478262 q_change=32 q_delta=0.357251 q_grad=0.002602
epoch=56 loss_total=0.696815 loss_rec=0.491602 valid_auc=0.693125 valid_rmse=0.481306 q_change=32 q_delta=0.357696 q_grad=0.002645
epoch=57 loss_total=0.696844 loss_rec=0.491629 valid_auc=0.689766 valid_rmse=0.484247 q_change=32 q_delta=0.358354 q_grad=0.002760
epoch=58 loss_total=0.690266 loss_rec=0.485070 valid_auc=0.690324 valid_rmse=0.484560 q_change=32 q_delta=0.359181 q_grad=0.002684
epoch=59 loss_total=0.688110 loss_rec=0.482998 valid_auc=0.694933 valid_rmse=0.480662 q_change=32 q_delta=0.359891 q_grad=0.002662
epoch=60 loss_total=0.690643 loss_rec=0.485552 valid_auc=0.694297 valid_rmse=0.482228 q_change=33 q_delta=0.360638 q_grad=0.002701
epoch=61 loss_total=0.688775 loss_rec=0.483682 valid_auc=0.692031 valid_rmse=0.481891 q_change=33 q_delta=0.361499 q_grad=0.002774
epoch=62 loss_total=0.683947 loss_rec=0.478920 valid_auc=0.695592 valid_rmse=0.481661 q_change=33 q_delta=0.362193 q_grad=0.002685
epoch=63 loss_total=0.684283 loss_rec=0.479263 valid_auc=0.694118 valid_rmse=0.482505 q_change=33 q_delta=0.362924 q_grad=0.002799
epoch=64 loss_total=0.683952 loss_rec=0.478958 valid_auc=0.694978 valid_rmse=0.485284 q_change=33 q_delta=0.363541 q_grad=0.002762
epoch=65 loss_total=0.681379 loss_rec=0.476415 valid_auc=0.693237 valid_rmse=0.483035 q_change=34 q_delta=0.364410 q_grad=0.002666
epoch=66 loss_total=0.681121 loss_rec=0.476177 valid_auc=0.692065 valid_rmse=0.483913 q_change=34 q_delta=0.365140 q_grad=0.002823
epoch=67 loss_total=0.681066 loss_rec=0.476134 valid_auc=0.692533 valid_rmse=0.484629 q_change=34 q_delta=0.365748 q_grad=0.002807
epoch=68 loss_total=0.673136 loss_rec=0.468223 valid_auc=0.695123 valid_rmse=0.485882 q_change=34 q_delta=0.366281 q_grad=0.002811
epoch=69 loss_total=0.671350 loss_rec=0.466448 valid_auc=0.692734 valid_rmse=0.490598 q_change=34 q_delta=0.367061 q_grad=0.002823
epoch=70 loss_total=0.668651 loss_rec=0.463748 valid_auc=0.693739 valid_rmse=0.484311 q_change=34 q_delta=0.367824 q_grad=0.002893
epoch=71 loss_total=0.668664 loss_rec=0.463845 valid_auc=0.696172 valid_rmse=0.483579 q_change=34 q_delta=0.368459 q_grad=0.002809
epoch=72 loss_total=0.669676 loss_rec=0.464833 valid_auc=0.694018 valid_rmse=0.485236 q_change=35 q_delta=0.368954 q_grad=0.002867
epoch=73 loss_total=0.663372 loss_rec=0.458539 valid_auc=0.691283 valid_rmse=0.487689 q_change=33 q_delta=0.369468 q_grad=0.002902
epoch=74 loss_total=0.668896 loss_rec=0.464117 valid_auc=0.693248 valid_rmse=0.485990 q_change=34 q_delta=0.370240 q_grad=0.002858
epoch=75 loss_total=0.666962 loss_rec=0.462194 valid_auc=0.691317 valid_rmse=0.490882 q_change=34 q_delta=0.370562 q_grad=0.002910
Early stopping at epoch 75; best_epoch=55.
Saved run to C:\Users\YAN_SHU_YU\Desktop\Generative-CD\Q_GNCDM\results\weak_q_lambda_sweep\lq_0p8_ls_0p5_lb_0p3\seed_2026\noise_0.20\weak-q_lq_0p8_ls_0p5_lb_0p3
Final metrics: q_hat_f1=0.592593 response_auc=0.685437 mastery_pearson=0.539271
