run=weak-q_lq_0p8_ls_0p8_lb_0p4 mode=weak-q noise=0.20 train=4200 valid=600 test=1200
epoch=1 loss_total=1.172245 loss_rec=0.725661 valid_auc=0.587556 valid_rmse=0.499756 q_change=57 q_delta=0.078419 q_grad=0.000791
epoch=2 loss_total=1.096670 loss_rec=0.705913 valid_auc=0.593482 valid_rmse=0.499321 q_change=57 q_delta=0.146009 q_grad=0.000670
epoch=3 loss_total=1.047422 loss_rec=0.699969 valid_auc=0.605033 valid_rmse=0.498551 q_change=57 q_delta=0.201310 q_grad=0.000561
epoch=4 loss_total=1.008333 loss_rec=0.693671 valid_auc=0.621808 valid_rmse=0.497845 q_change=57 q_delta=0.245451 q_grad=0.000469
epoch=5 loss_total=0.983735 loss_rec=0.693294 valid_auc=0.642667 valid_rmse=0.495875 q_change=57 q_delta=0.279647 q_grad=0.000398
epoch=6 loss_total=0.960427 loss_rec=0.687767 valid_auc=0.658069 valid_rmse=0.494347 q_change=57 q_delta=0.305437 q_grad=0.000356
epoch=7 loss_total=0.937534 loss_rec=0.677627 valid_auc=0.659353 valid_rmse=0.490733 q_change=57 q_delta=0.324109 q_grad=0.000360
epoch=8 loss_total=0.917436 loss_rec=0.666002 valid_auc=0.656741 valid_rmse=0.485370 q_change=57 q_delta=0.336296 q_grad=0.000455
epoch=9 loss_total=0.899868 loss_rec=0.654127 valid_auc=0.665112 valid_rmse=0.479331 q_change=57 q_delta=0.345823 q_grad=0.000616
epoch=10 loss_total=0.894472 loss_rec=0.653560 valid_auc=0.667232 valid_rmse=0.479031 q_change=57 q_delta=0.353517 q_grad=0.000724
epoch=11 loss_total=0.887339 loss_rec=0.650000 valid_auc=0.670123 valid_rmse=0.477673 q_change=57 q_delta=0.360017 q_grad=0.000851
epoch=12 loss_total=0.874637 loss_rec=0.640429 valid_auc=0.673783 valid_rmse=0.478215 q_change=57 q_delta=0.364933 q_grad=0.000941
epoch=13 loss_total=0.869335 loss_rec=0.637646 valid_auc=0.676049 valid_rmse=0.475151 q_change=57 q_delta=0.369254 q_grad=0.000990
epoch=14 loss_total=0.866596 loss_rec=0.636756 valid_auc=0.677467 valid_rmse=0.476428 q_change=57 q_delta=0.372106 q_grad=0.001119
epoch=15 loss_total=0.862122 loss_rec=0.633802 valid_auc=0.678214 valid_rmse=0.474498 q_change=57 q_delta=0.374956 q_grad=0.001219
epoch=16 loss_total=0.861732 loss_rec=0.634618 valid_auc=0.681328 valid_rmse=0.474277 q_change=57 q_delta=0.376845 q_grad=0.001359
epoch=17 loss_total=0.858276 loss_rec=0.632241 valid_auc=0.681094 valid_rmse=0.474394 q_change=57 q_delta=0.378522 q_grad=0.001340
epoch=18 loss_total=0.851244 loss_rec=0.625976 valid_auc=0.683069 valid_rmse=0.473397 q_change=57 q_delta=0.379988 q_grad=0.001411
epoch=19 loss_total=0.849268 loss_rec=0.624820 valid_auc=0.683482 valid_rmse=0.474449 q_change=57 q_delta=0.381276 q_grad=0.001533
epoch=20 loss_total=0.846936 loss_rec=0.622990 valid_auc=0.685703 valid_rmse=0.472366 q_change=57 q_delta=0.382343 q_grad=0.001641
epoch=21 loss_total=0.842284 loss_rec=0.618811 valid_auc=0.686730 valid_rmse=0.474313 q_change=57 q_delta=0.382865 q_grad=0.001586
epoch=22 loss_total=0.840076 loss_rec=0.616877 valid_auc=0.688482 valid_rmse=0.472881 q_change=56 q_delta=0.383399 q_grad=0.001741
epoch=23 loss_total=0.836928 loss_rec=0.613974 valid_auc=0.685871 valid_rmse=0.472703 q_change=56 q_delta=0.384745 q_grad=0.001737
epoch=24 loss_total=0.831858 loss_rec=0.609134 valid_auc=0.684743 valid_rmse=0.473408 q_change=56 q_delta=0.385673 q_grad=0.001771
epoch=25 loss_total=0.833581 loss_rec=0.611072 valid_auc=0.685982 valid_rmse=0.473266 q_change=56 q_delta=0.386390 q_grad=0.001911
epoch=26 loss_total=0.830708 loss_rec=0.608357 valid_auc=0.687221 valid_rmse=0.474121 q_change=56 q_delta=0.387194 q_grad=0.001891
epoch=27 loss_total=0.826971 loss_rec=0.604686 valid_auc=0.688817 valid_rmse=0.474938 q_change=56 q_delta=0.387757 q_grad=0.001872
epoch=28 loss_total=0.829614 loss_rec=0.607557 valid_auc=0.686920 valid_rmse=0.473781 q_change=55 q_delta=0.388707 q_grad=0.001943
epoch=29 loss_total=0.823292 loss_rec=0.601410 valid_auc=0.690759 valid_rmse=0.473029 q_change=54 q_delta=0.389364 q_grad=0.001977
epoch=30 loss_total=0.822713 loss_rec=0.600876 valid_auc=0.692187 valid_rmse=0.473507 q_change=53 q_delta=0.390100 q_grad=0.001941
epoch=31 loss_total=0.818595 loss_rec=0.596713 valid_auc=0.691161 valid_rmse=0.473389 q_change=53 q_delta=0.390925 q_grad=0.001978
epoch=32 loss_total=0.820185 loss_rec=0.598395 valid_auc=0.693025 valid_rmse=0.473350 q_change=53 q_delta=0.391987 q_grad=0.002028
epoch=33 loss_total=0.817874 loss_rec=0.596122 valid_auc=0.691607 valid_rmse=0.471380 q_change=53 q_delta=0.393208 q_grad=0.002015
epoch=34 loss_total=0.816851 loss_rec=0.595178 valid_auc=0.689643 valid_rmse=0.471855 q_change=52 q_delta=0.394150 q_grad=0.002006
epoch=35 loss_total=0.816252 loss_rec=0.594666 valid_auc=0.693560 valid_rmse=0.470799 q_change=51 q_delta=0.395071 q_grad=0.001985
epoch=36 loss_total=0.810623 loss_rec=0.588912 valid_auc=0.694621 valid_rmse=0.471714 q_change=51 q_delta=0.395663 q_grad=0.002062
epoch=37 loss_total=0.805798 loss_rec=0.584043 valid_auc=0.694219 valid_rmse=0.472367 q_change=51 q_delta=0.396594 q_grad=0.002064
epoch=38 loss_total=0.803791 loss_rec=0.582154 valid_auc=0.694096 valid_rmse=0.473971 q_change=51 q_delta=0.397417 q_grad=0.002179
epoch=39 loss_total=0.804745 loss_rec=0.583117 valid_auc=0.693482 valid_rmse=0.471366 q_change=50 q_delta=0.398454 q_grad=0.002113
epoch=40 loss_total=0.800235 loss_rec=0.578654 valid_auc=0.694520 valid_rmse=0.471584 q_change=50 q_delta=0.399072 q_grad=0.002167
epoch=41 loss_total=0.795369 loss_rec=0.573856 valid_auc=0.695123 valid_rmse=0.472967 q_change=50 q_delta=0.399949 q_grad=0.002173
epoch=42 loss_total=0.797688 loss_rec=0.576159 valid_auc=0.691071 valid_rmse=0.472650 q_change=51 q_delta=0.401026 q_grad=0.002284
epoch=43 loss_total=0.791993 loss_rec=0.570399 valid_auc=0.693058 valid_rmse=0.473109 q_change=50 q_delta=0.401600 q_grad=0.002247
epoch=44 loss_total=0.791599 loss_rec=0.570053 valid_auc=0.690692 valid_rmse=0.474196 q_change=50 q_delta=0.402523 q_grad=0.002310
epoch=45 loss_total=0.786192 loss_rec=0.564709 valid_auc=0.691071 valid_rmse=0.478316 q_change=50 q_delta=0.402981 q_grad=0.002372
epoch=46 loss_total=0.786130 loss_rec=0.564610 valid_auc=0.693527 valid_rmse=0.471959 q_change=50 q_delta=0.403988 q_grad=0.002347
epoch=47 loss_total=0.782346 loss_rec=0.560852 valid_auc=0.691975 valid_rmse=0.474656 q_change=50 q_delta=0.404717 q_grad=0.002370
epoch=48 loss_total=0.779018 loss_rec=0.557547 valid_auc=0.692232 valid_rmse=0.473549 q_change=50 q_delta=0.405468 q_grad=0.002467
epoch=49 loss_total=0.775673 loss_rec=0.554240 valid_auc=0.693862 valid_rmse=0.472817 q_change=50 q_delta=0.406053 q_grad=0.002498
epoch=50 loss_total=0.770082 loss_rec=0.548632 valid_auc=0.691507 valid_rmse=0.475028 q_change=50 q_delta=0.406685 q_grad=0.002475
epoch=51 loss_total=0.768859 loss_rec=0.547503 valid_auc=0.693583 valid_rmse=0.476395 q_change=50 q_delta=0.407146 q_grad=0.002587
epoch=52 loss_total=0.770284 loss_rec=0.548996 valid_auc=0.691116 valid_rmse=0.474796 q_change=50 q_delta=0.407862 q_grad=0.002638
epoch=53 loss_total=0.770166 loss_rec=0.548866 valid_auc=0.692801 valid_rmse=0.473526 q_change=50 q_delta=0.408333 q_grad=0.002671
epoch=54 loss_total=0.761590 loss_rec=0.540309 valid_auc=0.688884 valid_rmse=0.476605 q_change=50 q_delta=0.408564 q_grad=0.002666
epoch=55 loss_total=0.758308 loss_rec=0.537089 valid_auc=0.695056 valid_rmse=0.473398 q_change=50 q_delta=0.408975 q_grad=0.002686
epoch=56 loss_total=0.758274 loss_rec=0.537061 valid_auc=0.689743 valid_rmse=0.476052 q_change=50 q_delta=0.409253 q_grad=0.002769
epoch=57 loss_total=0.755798 loss_rec=0.534579 valid_auc=0.689330 valid_rmse=0.477952 q_change=50 q_delta=0.409586 q_grad=0.002880
epoch=58 loss_total=0.749599 loss_rec=0.528436 valid_auc=0.689141 valid_rmse=0.480412 q_change=50 q_delta=0.409849 q_grad=0.002819
epoch=59 loss_total=0.750106 loss_rec=0.529068 valid_auc=0.691641 valid_rmse=0.475519 q_change=50 q_delta=0.410232 q_grad=0.002826
epoch=60 loss_total=0.748345 loss_rec=0.527370 valid_auc=0.690703 valid_rmse=0.476690 q_change=50 q_delta=0.410369 q_grad=0.002829
epoch=61 loss_total=0.745443 loss_rec=0.524424 valid_auc=0.688393 valid_rmse=0.477313 q_change=50 q_delta=0.410610 q_grad=0.002983
Early stopping at epoch 61; best_epoch=41.
Saved run to C:\Users\YAN_SHU_YU\Desktop\Generative-CD\Q_GNCDM\results\weak_q_lambda_sweep\lq_0p8_ls_0p8_lb_0p4\seed_2026\noise_0.20\weak-q_lq_0p8_ls_0p8_lb_0p4
Final metrics: q_hat_f1=0.222222 response_auc=0.689229 mastery_pearson=0.385805
