run=weak-q_lq_0p4_ls_0p7_lb_0p4 mode=weak-q noise=0.20 train=4200 valid=600 test=1200
epoch=1 loss_total=1.127829 loss_rec=0.725665 valid_auc=0.587589 valid_rmse=0.499758 q_change=57 q_delta=0.079224 q_grad=0.000721
epoch=2 loss_total=1.053837 loss_rec=0.705978 valid_auc=0.593717 valid_rmse=0.499343 q_change=57 q_delta=0.149889 q_grad=0.000658
epoch=3 loss_total=1.001207 loss_rec=0.700185 valid_auc=0.605446 valid_rmse=0.498635 q_change=57 q_delta=0.209318 q_grad=0.000589
epoch=4 loss_total=0.956558 loss_rec=0.694204 valid_auc=0.622054 valid_rmse=0.498090 q_change=57 q_delta=0.257401 q_grad=0.000515
epoch=5 loss_total=0.926268 loss_rec=0.694427 valid_auc=0.642589 valid_rmse=0.496468 q_change=57 q_delta=0.294863 q_grad=0.000446
epoch=6 loss_total=0.898538 loss_rec=0.690298 valid_auc=0.657656 valid_rmse=0.495788 q_change=57 q_delta=0.323405 q_grad=0.000391
epoch=7 loss_total=0.873863 loss_rec=0.683530 valid_auc=0.658493 valid_rmse=0.494049 q_change=57 q_delta=0.344824 q_grad=0.000359
epoch=8 loss_total=0.854490 loss_rec=0.677221 valid_auc=0.653828 valid_rmse=0.490526 q_change=57 q_delta=0.359878 q_grad=0.000371
epoch=9 loss_total=0.835582 loss_rec=0.667428 valid_auc=0.658828 valid_rmse=0.483781 q_change=57 q_delta=0.370741 q_grad=0.000460
epoch=10 loss_total=0.824987 loss_rec=0.663808 valid_auc=0.659676 valid_rmse=0.482353 q_change=57 q_delta=0.379084 q_grad=0.000555
epoch=11 loss_total=0.815368 loss_rec=0.659508 valid_auc=0.660357 valid_rmse=0.481202 q_change=57 q_delta=0.386305 q_grad=0.000662
epoch=12 loss_total=0.801565 loss_rec=0.650547 valid_auc=0.664174 valid_rmse=0.481840 q_change=57 q_delta=0.392255 q_grad=0.000728
epoch=13 loss_total=0.795743 loss_rec=0.648796 valid_auc=0.665826 valid_rmse=0.478670 q_change=57 q_delta=0.397408 q_grad=0.000748
epoch=14 loss_total=0.791659 loss_rec=0.647872 valid_auc=0.668248 valid_rmse=0.480015 q_change=57 q_delta=0.401281 q_grad=0.000834
epoch=15 loss_total=0.787675 loss_rec=0.646620 valid_auc=0.666367 valid_rmse=0.478385 q_change=57 q_delta=0.405016 q_grad=0.000887
epoch=16 loss_total=0.786097 loss_rec=0.647308 valid_auc=0.668058 valid_rmse=0.478283 q_change=57 q_delta=0.407854 q_grad=0.000982
epoch=17 loss_total=0.783496 loss_rec=0.646754 valid_auc=0.670022 valid_rmse=0.478740 q_change=57 q_delta=0.410363 q_grad=0.000963
epoch=18 loss_total=0.776652 loss_rec=0.641608 valid_auc=0.670525 valid_rmse=0.477892 q_change=57 q_delta=0.412661 q_grad=0.001004
epoch=19 loss_total=0.773663 loss_rec=0.640175 valid_auc=0.670402 valid_rmse=0.477767 q_change=57 q_delta=0.414618 q_grad=0.001082
epoch=20 loss_total=0.772289 loss_rec=0.640074 valid_auc=0.674163 valid_rmse=0.476310 q_change=57 q_delta=0.416462 q_grad=0.001181
epoch=21 loss_total=0.768276 loss_rec=0.637286 valid_auc=0.675100 valid_rmse=0.477203 q_change=57 q_delta=0.417768 q_grad=0.001142
epoch=22 loss_total=0.767147 loss_rec=0.637099 valid_auc=0.676685 valid_rmse=0.475914 q_change=57 q_delta=0.419030 q_grad=0.001256
epoch=23 loss_total=0.763433 loss_rec=0.634260 valid_auc=0.675804 valid_rmse=0.475525 q_change=57 q_delta=0.420308 q_grad=0.001275
epoch=24 loss_total=0.758770 loss_rec=0.630426 valid_auc=0.675904 valid_rmse=0.475950 q_change=57 q_delta=0.421297 q_grad=0.001334
epoch=25 loss_total=0.761324 loss_rec=0.633650 valid_auc=0.676685 valid_rmse=0.475608 q_change=57 q_delta=0.422071 q_grad=0.001465
epoch=26 loss_total=0.758649 loss_rec=0.631566 valid_auc=0.677679 valid_rmse=0.476383 q_change=57 q_delta=0.422807 q_grad=0.001478
epoch=27 loss_total=0.756213 loss_rec=0.629569 valid_auc=0.680848 valid_rmse=0.475861 q_change=57 q_delta=0.423333 q_grad=0.001494
epoch=28 loss_total=0.757538 loss_rec=0.631343 valid_auc=0.680536 valid_rmse=0.475005 q_change=57 q_delta=0.424002 q_grad=0.001582
epoch=29 loss_total=0.753812 loss_rec=0.627987 valid_auc=0.681775 valid_rmse=0.474767 q_change=57 q_delta=0.424435 q_grad=0.001647
epoch=30 loss_total=0.754666 loss_rec=0.629172 valid_auc=0.681964 valid_rmse=0.475049 q_change=57 q_delta=0.424736 q_grad=0.001637
epoch=31 loss_total=0.750902 loss_rec=0.625512 valid_auc=0.684342 valid_rmse=0.474429 q_change=57 q_delta=0.424905 q_grad=0.001684
epoch=32 loss_total=0.752482 loss_rec=0.627253 valid_auc=0.686429 valid_rmse=0.475214 q_change=57 q_delta=0.424909 q_grad=0.001757
epoch=33 loss_total=0.750825 loss_rec=0.625608 valid_auc=0.683739 valid_rmse=0.473648 q_change=57 q_delta=0.425163 q_grad=0.001738
epoch=34 loss_total=0.749502 loss_rec=0.624360 valid_auc=0.683516 valid_rmse=0.473428 q_change=56 q_delta=0.425113 q_grad=0.001769
epoch=35 loss_total=0.750489 loss_rec=0.625373 valid_auc=0.686373 valid_rmse=0.472669 q_change=56 q_delta=0.425851 q_grad=0.001759
epoch=36 loss_total=0.746973 loss_rec=0.621861 valid_auc=0.688382 valid_rmse=0.473315 q_change=56 q_delta=0.426288 q_grad=0.001803
epoch=37 loss_total=0.740908 loss_rec=0.615840 valid_auc=0.688527 valid_rmse=0.472935 q_change=56 q_delta=0.426829 q_grad=0.001824
epoch=38 loss_total=0.740388 loss_rec=0.615464 valid_auc=0.686529 valid_rmse=0.475429 q_change=56 q_delta=0.427277 q_grad=0.001940
epoch=39 loss_total=0.743441 loss_rec=0.618652 valid_auc=0.687980 valid_rmse=0.472607 q_change=56 q_delta=0.427802 q_grad=0.001879
epoch=40 loss_total=0.739398 loss_rec=0.614729 valid_auc=0.688125 valid_rmse=0.472778 q_change=56 q_delta=0.428054 q_grad=0.001919
epoch=41 loss_total=0.734979 loss_rec=0.610423 valid_auc=0.690424 valid_rmse=0.472955 q_change=56 q_delta=0.428294 q_grad=0.001932
epoch=42 loss_total=0.739460 loss_rec=0.614983 valid_auc=0.686484 valid_rmse=0.473255 q_change=56 q_delta=0.428565 q_grad=0.001987
epoch=43 loss_total=0.735063 loss_rec=0.610582 valid_auc=0.688538 valid_rmse=0.472476 q_change=56 q_delta=0.428516 q_grad=0.001925
epoch=44 loss_total=0.735909 loss_rec=0.611508 valid_auc=0.688538 valid_rmse=0.472713 q_change=56 q_delta=0.428731 q_grad=0.001997
epoch=45 loss_total=0.732760 loss_rec=0.608396 valid_auc=0.690882 valid_rmse=0.475042 q_change=56 q_delta=0.428655 q_grad=0.002021
epoch=46 loss_total=0.733652 loss_rec=0.609259 valid_auc=0.692344 valid_rmse=0.471065 q_change=55 q_delta=0.428820 q_grad=0.001966
epoch=47 loss_total=0.730773 loss_rec=0.606424 valid_auc=0.694688 valid_rmse=0.471353 q_change=55 q_delta=0.428986 q_grad=0.001988
epoch=48 loss_total=0.730721 loss_rec=0.606360 valid_auc=0.693616 valid_rmse=0.470836 q_change=55 q_delta=0.429423 q_grad=0.002026
epoch=49 loss_total=0.728320 loss_rec=0.603936 valid_auc=0.694319 valid_rmse=0.470799 q_change=55 q_delta=0.429813 q_grad=0.002049
epoch=50 loss_total=0.724115 loss_rec=0.599744 valid_auc=0.692042 valid_rmse=0.471581 q_change=55 q_delta=0.430229 q_grad=0.001952
epoch=51 loss_total=0.724239 loss_rec=0.599929 valid_auc=0.694754 valid_rmse=0.472339 q_change=55 q_delta=0.430511 q_grad=0.002085
epoch=52 loss_total=0.725361 loss_rec=0.601097 valid_auc=0.693058 valid_rmse=0.471172 q_change=55 q_delta=0.430932 q_grad=0.002091
epoch=53 loss_total=0.726988 loss_rec=0.602757 valid_auc=0.694989 valid_rmse=0.470629 q_change=55 q_delta=0.431243 q_grad=0.002087
epoch=54 loss_total=0.719061 loss_rec=0.594923 valid_auc=0.694029 valid_rmse=0.472011 q_change=54 q_delta=0.431503 q_grad=0.002051
epoch=55 loss_total=0.718675 loss_rec=0.594639 valid_auc=0.697176 valid_rmse=0.470487 q_change=54 q_delta=0.431754 q_grad=0.002108
epoch=56 loss_total=0.719976 loss_rec=0.596011 valid_auc=0.695491 valid_rmse=0.470943 q_change=54 q_delta=0.432014 q_grad=0.002144
epoch=57 loss_total=0.718165 loss_rec=0.594272 valid_auc=0.696484 valid_rmse=0.472846 q_change=54 q_delta=0.432180 q_grad=0.002208
epoch=58 loss_total=0.714851 loss_rec=0.591007 valid_auc=0.694632 valid_rmse=0.473311 q_change=54 q_delta=0.432400 q_grad=0.002169
epoch=59 loss_total=0.714706 loss_rec=0.591042 valid_auc=0.693806 valid_rmse=0.471351 q_change=54 q_delta=0.432871 q_grad=0.002163
epoch=60 loss_total=0.714180 loss_rec=0.590613 valid_auc=0.695000 valid_rmse=0.472625 q_change=54 q_delta=0.433049 q_grad=0.002201
epoch=61 loss_total=0.712898 loss_rec=0.589413 valid_auc=0.694766 valid_rmse=0.472246 q_change=54 q_delta=0.433368 q_grad=0.002250
epoch=62 loss_total=0.710734 loss_rec=0.587361 valid_auc=0.693817 valid_rmse=0.471806 q_change=54 q_delta=0.433608 q_grad=0.002208
epoch=63 loss_total=0.711907 loss_rec=0.588580 valid_auc=0.691886 valid_rmse=0.472933 q_change=54 q_delta=0.433721 q_grad=0.002247
epoch=64 loss_total=0.714568 loss_rec=0.591358 valid_auc=0.695932 valid_rmse=0.474163 q_change=54 q_delta=0.433855 q_grad=0.002302
epoch=65 loss_total=0.708831 loss_rec=0.585673 valid_auc=0.693025 valid_rmse=0.472191 q_change=54 q_delta=0.434175 q_grad=0.002201
epoch=66 loss_total=0.709344 loss_rec=0.586286 valid_auc=0.693828 valid_rmse=0.472881 q_change=54 q_delta=0.434306 q_grad=0.002338
epoch=67 loss_total=0.711679 loss_rec=0.588694 valid_auc=0.690781 valid_rmse=0.474045 q_change=54 q_delta=0.434440 q_grad=0.002324
epoch=68 loss_total=0.707445 loss_rec=0.584536 valid_auc=0.692154 valid_rmse=0.475119 q_change=54 q_delta=0.434564 q_grad=0.002331
epoch=69 loss_total=0.704351 loss_rec=0.581520 valid_auc=0.694676 valid_rmse=0.479908 q_change=54 q_delta=0.434574 q_grad=0.002416
epoch=70 loss_total=0.703547 loss_rec=0.580750 valid_auc=0.691283 valid_rmse=0.473243 q_change=54 q_delta=0.434850 q_grad=0.002420
epoch=71 loss_total=0.705835 loss_rec=0.583111 valid_auc=0.691752 valid_rmse=0.473385 q_change=54 q_delta=0.434931 q_grad=0.002433
epoch=72 loss_total=0.704571 loss_rec=0.581878 valid_auc=0.690257 valid_rmse=0.473890 q_change=54 q_delta=0.435040 q_grad=0.002448
epoch=73 loss_total=0.700536 loss_rec=0.577955 valid_auc=0.688371 valid_rmse=0.474385 q_change=54 q_delta=0.435147 q_grad=0.002502
epoch=74 loss_total=0.704902 loss_rec=0.582364 valid_auc=0.689743 valid_rmse=0.474934 q_change=54 q_delta=0.435197 q_grad=0.002449
epoch=75 loss_total=0.703025 loss_rec=0.580476 valid_auc=0.687065 valid_rmse=0.481529 q_change=54 q_delta=0.435103 q_grad=0.002457
Early stopping at epoch 75; best_epoch=55.
Saved run to C:\Users\YAN_SHU_YU\Desktop\Generative-CD\Q_GNCDM\results\weak_q_lambda_sweep\lq_0p4_ls_0p7_lb_0p4\seed_2026\noise_0.20\weak-q_lq_0p4_ls_0p7_lb_0p4
Final metrics: q_hat_f1=0.101695 response_auc=0.685696 mastery_pearson=0.318684
