run=weak-q_lq_0p3_ls_0p5_lb_0p1 mode=weak-q noise=0.20 train=4200 valid=600 test=1200
epoch=1 loss_total=0.967926 loss_rec=0.725657 valid_auc=0.587734 valid_rmse=0.499750 q_change=57 q_delta=0.078045 q_grad=0.000487
epoch=2 loss_total=0.913457 loss_rec=0.705854 valid_auc=0.594844 valid_rmse=0.499274 q_change=57 q_delta=0.144936 q_grad=0.000415
epoch=3 loss_total=0.880177 loss_rec=0.699750 valid_auc=0.609442 valid_rmse=0.498398 q_change=57 q_delta=0.199444 q_grad=0.000357
epoch=4 loss_total=0.852683 loss_rec=0.693125 valid_auc=0.630502 valid_rmse=0.497480 q_change=57 q_delta=0.242786 q_grad=0.000309
epoch=5 loss_total=0.836260 loss_rec=0.692064 valid_auc=0.652288 valid_rmse=0.495047 q_change=57 q_delta=0.275455 q_grad=0.000289
epoch=6 loss_total=0.817955 loss_rec=0.684697 valid_auc=0.664598 valid_rmse=0.492255 q_change=57 q_delta=0.298428 q_grad=0.000300
epoch=7 loss_total=0.796037 loss_rec=0.669978 valid_auc=0.664062 valid_rmse=0.486259 q_change=57 q_delta=0.312943 q_grad=0.000375
epoch=8 loss_total=0.777145 loss_rec=0.655195 valid_auc=0.664040 valid_rmse=0.481304 q_change=57 q_delta=0.321744 q_grad=0.000563
epoch=9 loss_total=0.764202 loss_rec=0.645263 valid_auc=0.672589 valid_rmse=0.476728 q_change=57 q_delta=0.329543 q_grad=0.000750
epoch=10 loss_total=0.762784 loss_rec=0.646582 valid_auc=0.674219 valid_rmse=0.476966 q_change=57 q_delta=0.335392 q_grad=0.000854
epoch=11 loss_total=0.757580 loss_rec=0.643190 valid_auc=0.675636 valid_rmse=0.475483 q_change=57 q_delta=0.340260 q_grad=0.000998
epoch=12 loss_total=0.746523 loss_rec=0.633707 valid_auc=0.679319 valid_rmse=0.475953 q_change=57 q_delta=0.343571 q_grad=0.001098
epoch=13 loss_total=0.741816 loss_rec=0.630229 valid_auc=0.680737 valid_rmse=0.473665 q_change=57 q_delta=0.346753 q_grad=0.001157
epoch=14 loss_total=0.740422 loss_rec=0.629679 valid_auc=0.680067 valid_rmse=0.475083 q_change=57 q_delta=0.348389 q_grad=0.001291
epoch=15 loss_total=0.736434 loss_rec=0.626341 valid_auc=0.680569 valid_rmse=0.473519 q_change=57 q_delta=0.350389 q_grad=0.001388
epoch=16 loss_total=0.736861 loss_rec=0.627261 valid_auc=0.683203 valid_rmse=0.473538 q_change=57 q_delta=0.351435 q_grad=0.001521
epoch=17 loss_total=0.733374 loss_rec=0.624247 valid_auc=0.682500 valid_rmse=0.473602 q_change=56 q_delta=0.352644 q_grad=0.001480
epoch=18 loss_total=0.726890 loss_rec=0.618069 valid_auc=0.684018 valid_rmse=0.473279 q_change=56 q_delta=0.354373 q_grad=0.001531
epoch=19 loss_total=0.725594 loss_rec=0.617236 valid_auc=0.684275 valid_rmse=0.474257 q_change=56 q_delta=0.356040 q_grad=0.001647
epoch=20 loss_total=0.723039 loss_rec=0.614923 valid_auc=0.685993 valid_rmse=0.472505 q_change=56 q_delta=0.357520 q_grad=0.001730
epoch=21 loss_total=0.718785 loss_rec=0.610983 valid_auc=0.687087 valid_rmse=0.474092 q_change=55 q_delta=0.358526 q_grad=0.001652
epoch=22 loss_total=0.716368 loss_rec=0.608794 valid_auc=0.687467 valid_rmse=0.473458 q_change=55 q_delta=0.359644 q_grad=0.001795
epoch=23 loss_total=0.713878 loss_rec=0.606564 valid_auc=0.684732 valid_rmse=0.473257 q_change=55 q_delta=0.361316 q_grad=0.001764
epoch=24 loss_total=0.709069 loss_rec=0.602016 valid_auc=0.683493 valid_rmse=0.474195 q_change=54 q_delta=0.362651 q_grad=0.001788
epoch=25 loss_total=0.710228 loss_rec=0.603440 valid_auc=0.683761 valid_rmse=0.474131 q_change=52 q_delta=0.363717 q_grad=0.001906
epoch=26 loss_total=0.707675 loss_rec=0.601102 valid_auc=0.686362 valid_rmse=0.474564 q_change=52 q_delta=0.365061 q_grad=0.001888
epoch=27 loss_total=0.704231 loss_rec=0.597828 valid_auc=0.686853 valid_rmse=0.475381 q_change=51 q_delta=0.366846 q_grad=0.001865
epoch=28 loss_total=0.706925 loss_rec=0.600759 valid_auc=0.686518 valid_rmse=0.474476 q_change=51 q_delta=0.368589 q_grad=0.001939
epoch=29 loss_total=0.700420 loss_rec=0.594479 valid_auc=0.688493 valid_rmse=0.473767 q_change=51 q_delta=0.370381 q_grad=0.001963
epoch=30 loss_total=0.699548 loss_rec=0.593747 valid_auc=0.690848 valid_rmse=0.474511 q_change=51 q_delta=0.371954 q_grad=0.001941
epoch=31 loss_total=0.695500 loss_rec=0.589810 valid_auc=0.689911 valid_rmse=0.474132 q_change=51 q_delta=0.373603 q_grad=0.001976
epoch=32 loss_total=0.696763 loss_rec=0.591230 valid_auc=0.691350 valid_rmse=0.473864 q_change=51 q_delta=0.375173 q_grad=0.002028
epoch=33 loss_total=0.694210 loss_rec=0.588790 valid_auc=0.690960 valid_rmse=0.472138 q_change=51 q_delta=0.376712 q_grad=0.002028
epoch=34 loss_total=0.693544 loss_rec=0.588304 valid_auc=0.688571 valid_rmse=0.472612 q_change=51 q_delta=0.377843 q_grad=0.002011
epoch=35 loss_total=0.692942 loss_rec=0.587829 valid_auc=0.691942 valid_rmse=0.471578 q_change=51 q_delta=0.379006 q_grad=0.002002
epoch=36 loss_total=0.686712 loss_rec=0.581631 valid_auc=0.693538 valid_rmse=0.472621 q_change=51 q_delta=0.379731 q_grad=0.002081
epoch=37 loss_total=0.682365 loss_rec=0.577352 valid_auc=0.692935 valid_rmse=0.473281 q_change=51 q_delta=0.380629 q_grad=0.002089
epoch=38 loss_total=0.679765 loss_rec=0.574887 valid_auc=0.692578 valid_rmse=0.474677 q_change=51 q_delta=0.381486 q_grad=0.002199
epoch=39 loss_total=0.680061 loss_rec=0.575279 valid_auc=0.691272 valid_rmse=0.472392 q_change=49 q_delta=0.382610 q_grad=0.002140
epoch=40 loss_total=0.676050 loss_rec=0.571363 valid_auc=0.692042 valid_rmse=0.472894 q_change=49 q_delta=0.383256 q_grad=0.002199
epoch=41 loss_total=0.670956 loss_rec=0.566380 valid_auc=0.693326 valid_rmse=0.474224 q_change=49 q_delta=0.384416 q_grad=0.002208
epoch=42 loss_total=0.672616 loss_rec=0.568103 valid_auc=0.689576 valid_rmse=0.473815 q_change=49 q_delta=0.385679 q_grad=0.002332
epoch=43 loss_total=0.666758 loss_rec=0.562296 valid_auc=0.691250 valid_rmse=0.474452 q_change=49 q_delta=0.386558 q_grad=0.002304
epoch=44 loss_total=0.665595 loss_rec=0.561223 valid_auc=0.689085 valid_rmse=0.475503 q_change=49 q_delta=0.387640 q_grad=0.002368
epoch=45 loss_total=0.660063 loss_rec=0.555795 valid_auc=0.689810 valid_rmse=0.479520 q_change=49 q_delta=0.388178 q_grad=0.002424
epoch=46 loss_total=0.659619 loss_rec=0.555366 valid_auc=0.692567 valid_rmse=0.473586 q_change=49 q_delta=0.389295 q_grad=0.002411
epoch=47 loss_total=0.655940 loss_rec=0.551772 valid_auc=0.689833 valid_rmse=0.476664 q_change=49 q_delta=0.389872 q_grad=0.002435
epoch=48 loss_total=0.652361 loss_rec=0.548248 valid_auc=0.690926 valid_rmse=0.475386 q_change=49 q_delta=0.390630 q_grad=0.002536
epoch=49 loss_total=0.648066 loss_rec=0.544006 valid_auc=0.691696 valid_rmse=0.474618 q_change=49 q_delta=0.391114 q_grad=0.002555
epoch=50 loss_total=0.642487 loss_rec=0.538473 valid_auc=0.689598 valid_rmse=0.477370 q_change=49 q_delta=0.391638 q_grad=0.002544
epoch=51 loss_total=0.641058 loss_rec=0.537146 valid_auc=0.690324 valid_rmse=0.478461 q_change=49 q_delta=0.392078 q_grad=0.002632
epoch=52 loss_total=0.642142 loss_rec=0.538287 valid_auc=0.690246 valid_rmse=0.476663 q_change=49 q_delta=0.392815 q_grad=0.002689
epoch=53 loss_total=0.641792 loss_rec=0.537971 valid_auc=0.690625 valid_rmse=0.475869 q_change=49 q_delta=0.393278 q_grad=0.002713
epoch=54 loss_total=0.633360 loss_rec=0.529572 valid_auc=0.685893 valid_rmse=0.479036 q_change=49 q_delta=0.393535 q_grad=0.002717
epoch=55 loss_total=0.629069 loss_rec=0.525324 valid_auc=0.692433 valid_rmse=0.475919 q_change=49 q_delta=0.393972 q_grad=0.002706
epoch=56 loss_total=0.628794 loss_rec=0.525085 valid_auc=0.687243 valid_rmse=0.478494 q_change=50 q_delta=0.394253 q_grad=0.002782
Early stopping at epoch 56; best_epoch=36.
Saved run to C:\Users\YAN_SHU_YU\Desktop\Generative-CD\Q_GNCDM\results\weak_q_lambda_sweep\lq_0p3_ls_0p5_lb_0p1\seed_2026\noise_0.20\weak-q_lq_0p3_ls_0p5_lb_0p1
Final metrics: q_hat_f1=0.193548 response_auc=0.691842 mastery_pearson=0.382593
