run=weak-q_lq_0p7_ls_0p6_lb_0p8 mode=weak-q noise=0.20 train=4200 valid=600 test=1200
epoch=1 loss_total=1.182361 loss_rec=0.725665 valid_auc=0.587612 valid_rmse=0.499757 q_change=57 q_delta=0.079377 q_grad=0.000649
epoch=2 loss_total=1.112976 loss_rec=0.705986 valid_auc=0.594124 valid_rmse=0.499341 q_change=57 q_delta=0.150752 q_grad=0.000604
epoch=3 loss_total=1.063176 loss_rec=0.700210 valid_auc=0.606261 valid_rmse=0.498633 q_change=57 q_delta=0.211121 q_grad=0.000549
epoch=4 loss_total=1.020135 loss_rec=0.694266 valid_auc=0.623929 valid_rmse=0.498101 q_change=57 q_delta=0.260039 q_grad=0.000487
epoch=5 loss_total=0.990776 loss_rec=0.694553 valid_auc=0.644498 valid_rmse=0.496514 q_change=57 q_delta=0.298030 q_grad=0.000426
epoch=6 loss_total=0.963692 loss_rec=0.690560 valid_auc=0.658873 valid_rmse=0.495907 q_change=57 q_delta=0.326811 q_grad=0.000376
epoch=7 loss_total=0.939637 loss_rec=0.684085 valid_auc=0.659319 valid_rmse=0.494320 q_change=57 q_delta=0.348295 q_grad=0.000346
epoch=8 loss_total=0.920989 loss_rec=0.678285 valid_auc=0.654364 valid_rmse=0.491004 q_change=57 q_delta=0.363297 q_grad=0.000357
epoch=9 loss_total=0.902654 loss_rec=0.668889 valid_auc=0.658973 valid_rmse=0.484288 q_change=57 q_delta=0.373974 q_grad=0.000440
epoch=10 loss_total=0.891967 loss_rec=0.664963 valid_auc=0.659085 valid_rmse=0.482664 q_change=57 q_delta=0.382028 q_grad=0.000533
epoch=11 loss_total=0.882317 loss_rec=0.660437 valid_auc=0.660033 valid_rmse=0.481402 q_change=57 q_delta=0.389014 q_grad=0.000640
epoch=12 loss_total=0.868605 loss_rec=0.651411 valid_auc=0.663694 valid_rmse=0.482074 q_change=57 q_delta=0.394791 q_grad=0.000706
epoch=13 loss_total=0.862904 loss_rec=0.649680 valid_auc=0.664699 valid_rmse=0.478967 q_change=57 q_delta=0.399816 q_grad=0.000725
epoch=14 loss_total=0.858839 loss_rec=0.648694 valid_auc=0.667612 valid_rmse=0.480325 q_change=57 q_delta=0.403569 q_grad=0.000809
epoch=15 loss_total=0.855016 loss_rec=0.647535 valid_auc=0.665379 valid_rmse=0.478739 q_change=57 q_delta=0.407214 q_grad=0.000857
epoch=16 loss_total=0.853431 loss_rec=0.648170 valid_auc=0.667065 valid_rmse=0.478634 q_change=57 q_delta=0.409969 q_grad=0.000950
epoch=17 loss_total=0.850978 loss_rec=0.647710 valid_auc=0.668750 valid_rmse=0.479104 q_change=57 q_delta=0.412396 q_grad=0.000931
epoch=18 loss_total=0.844203 loss_rec=0.642597 valid_auc=0.669286 valid_rmse=0.478396 q_change=57 q_delta=0.414624 q_grad=0.000968
epoch=19 loss_total=0.841182 loss_rec=0.641093 valid_auc=0.669420 valid_rmse=0.478128 q_change=57 q_delta=0.416521 q_grad=0.001041
epoch=20 loss_total=0.839881 loss_rec=0.641040 valid_auc=0.672355 valid_rmse=0.476727 q_change=57 q_delta=0.418314 q_grad=0.001139
epoch=21 loss_total=0.835990 loss_rec=0.638347 valid_auc=0.673594 valid_rmse=0.477518 q_change=57 q_delta=0.419581 q_grad=0.001100
epoch=22 loss_total=0.834913 loss_rec=0.638200 valid_auc=0.675123 valid_rmse=0.476262 q_change=57 q_delta=0.420801 q_grad=0.001210
epoch=23 loss_total=0.831196 loss_rec=0.635332 valid_auc=0.674375 valid_rmse=0.475864 q_change=57 q_delta=0.422029 q_grad=0.001230
epoch=24 loss_total=0.826521 loss_rec=0.631475 valid_auc=0.675268 valid_rmse=0.476277 q_change=57 q_delta=0.422973 q_grad=0.001289
epoch=25 loss_total=0.829034 loss_rec=0.634639 valid_auc=0.675893 valid_rmse=0.475831 q_change=57 q_delta=0.423714 q_grad=0.001416
epoch=26 loss_total=0.826433 loss_rec=0.632614 valid_auc=0.676250 valid_rmse=0.476488 q_change=57 q_delta=0.424405 q_grad=0.001432
epoch=27 loss_total=0.824074 loss_rec=0.630679 valid_auc=0.679777 valid_rmse=0.475837 q_change=57 q_delta=0.424892 q_grad=0.001449
epoch=28 loss_total=0.825050 loss_rec=0.632089 valid_auc=0.680402 valid_rmse=0.475073 q_change=57 q_delta=0.425498 q_grad=0.001536
epoch=29 loss_total=0.821503 loss_rec=0.628890 valid_auc=0.682165 valid_rmse=0.474805 q_change=57 q_delta=0.425872 q_grad=0.001605
epoch=30 loss_total=0.822398 loss_rec=0.630091 valid_auc=0.682310 valid_rmse=0.475146 q_change=57 q_delta=0.426101 q_grad=0.001601
epoch=31 loss_total=0.818517 loss_rec=0.626300 valid_auc=0.684777 valid_rmse=0.474284 q_change=57 q_delta=0.426190 q_grad=0.001649
epoch=32 loss_total=0.819859 loss_rec=0.627782 valid_auc=0.686317 valid_rmse=0.475100 q_change=57 q_delta=0.426080 q_grad=0.001724
epoch=33 loss_total=0.818030 loss_rec=0.625943 valid_auc=0.683661 valid_rmse=0.473605 q_change=56 q_delta=0.426214 q_grad=0.001711
epoch=34 loss_total=0.816548 loss_rec=0.624522 valid_auc=0.683538 valid_rmse=0.473373 q_change=56 q_delta=0.426484 q_grad=0.001751
epoch=35 loss_total=0.817392 loss_rec=0.625406 valid_auc=0.686775 valid_rmse=0.472601 q_change=56 q_delta=0.427149 q_grad=0.001746
epoch=36 loss_total=0.813751 loss_rec=0.621797 valid_auc=0.688906 valid_rmse=0.473164 q_change=56 q_delta=0.427486 q_grad=0.001794
epoch=37 loss_total=0.807553 loss_rec=0.615643 valid_auc=0.689018 valid_rmse=0.472891 q_change=56 q_delta=0.427884 q_grad=0.001817
epoch=38 loss_total=0.806987 loss_rec=0.615218 valid_auc=0.687333 valid_rmse=0.475322 q_change=56 q_delta=0.428193 q_grad=0.001940
epoch=39 loss_total=0.809794 loss_rec=0.618120 valid_auc=0.688493 valid_rmse=0.472432 q_change=56 q_delta=0.428564 q_grad=0.001883
epoch=40 loss_total=0.805618 loss_rec=0.614031 valid_auc=0.688382 valid_rmse=0.472694 q_change=56 q_delta=0.428631 q_grad=0.001929
epoch=41 loss_total=0.800903 loss_rec=0.609383 valid_auc=0.690580 valid_rmse=0.472874 q_change=56 q_delta=0.428689 q_grad=0.001943
epoch=42 loss_total=0.805191 loss_rec=0.613699 valid_auc=0.687210 valid_rmse=0.473145 q_change=56 q_delta=0.428773 q_grad=0.002001
epoch=43 loss_total=0.800565 loss_rec=0.609019 valid_auc=0.688873 valid_rmse=0.472422 q_change=56 q_delta=0.428558 q_grad=0.001944
epoch=44 loss_total=0.800944 loss_rec=0.609447 valid_auc=0.689342 valid_rmse=0.472688 q_change=55 q_delta=0.428603 q_grad=0.002016
epoch=45 loss_total=0.797747 loss_rec=0.606288 valid_auc=0.690513 valid_rmse=0.475088 q_change=55 q_delta=0.428950 q_grad=0.002041
epoch=46 loss_total=0.798368 loss_rec=0.606898 valid_auc=0.692891 valid_rmse=0.471041 q_change=55 q_delta=0.429464 q_grad=0.001985
epoch=47 loss_total=0.795464 loss_rec=0.604072 valid_auc=0.694542 valid_rmse=0.471433 q_change=55 q_delta=0.429846 q_grad=0.002012
epoch=48 loss_total=0.795404 loss_rec=0.604038 valid_auc=0.693415 valid_rmse=0.470885 q_change=55 q_delta=0.430162 q_grad=0.002056
epoch=49 loss_total=0.792902 loss_rec=0.601575 valid_auc=0.694286 valid_rmse=0.470746 q_change=55 q_delta=0.430394 q_grad=0.002080
epoch=50 loss_total=0.788674 loss_rec=0.597390 valid_auc=0.692589 valid_rmse=0.471572 q_change=55 q_delta=0.430661 q_grad=0.001987
epoch=51 loss_total=0.788811 loss_rec=0.597629 valid_auc=0.695636 valid_rmse=0.472345 q_change=55 q_delta=0.430796 q_grad=0.002117
epoch=52 loss_total=0.789826 loss_rec=0.598727 valid_auc=0.693828 valid_rmse=0.471089 q_change=55 q_delta=0.431095 q_grad=0.002124
epoch=53 loss_total=0.791547 loss_rec=0.600501 valid_auc=0.696194 valid_rmse=0.470420 q_change=54 q_delta=0.431285 q_grad=0.002125
epoch=54 loss_total=0.783537 loss_rec=0.592597 valid_auc=0.694453 valid_rmse=0.471956 q_change=54 q_delta=0.431459 q_grad=0.002086
epoch=55 loss_total=0.782956 loss_rec=0.592142 valid_auc=0.698627 valid_rmse=0.470084 q_change=54 q_delta=0.431598 q_grad=0.002141
epoch=56 loss_total=0.784181 loss_rec=0.593439 valid_auc=0.695413 valid_rmse=0.470715 q_change=54 q_delta=0.431767 q_grad=0.002185
epoch=57 loss_total=0.782333 loss_rec=0.591670 valid_auc=0.696674 valid_rmse=0.472421 q_change=54 q_delta=0.431865 q_grad=0.002254
epoch=58 loss_total=0.778780 loss_rec=0.588178 valid_auc=0.694911 valid_rmse=0.473264 q_change=54 q_delta=0.431979 q_grad=0.002214
epoch=59 loss_total=0.778863 loss_rec=0.588418 valid_auc=0.694498 valid_rmse=0.471227 q_change=54 q_delta=0.432351 q_grad=0.002217
epoch=60 loss_total=0.778322 loss_rec=0.587972 valid_auc=0.694911 valid_rmse=0.472461 q_change=54 q_delta=0.432449 q_grad=0.002263
epoch=61 loss_total=0.776674 loss_rec=0.586393 valid_auc=0.695011 valid_rmse=0.472187 q_change=54 q_delta=0.432672 q_grad=0.002318
epoch=62 loss_total=0.774431 loss_rec=0.584263 valid_auc=0.693393 valid_rmse=0.472039 q_change=54 q_delta=0.432841 q_grad=0.002285
epoch=63 loss_total=0.775468 loss_rec=0.585354 valid_auc=0.692199 valid_rmse=0.472969 q_change=54 q_delta=0.432890 q_grad=0.002324
epoch=64 loss_total=0.777820 loss_rec=0.587796 valid_auc=0.696071 valid_rmse=0.474236 q_change=54 q_delta=0.432915 q_grad=0.002390
epoch=65 loss_total=0.772119 loss_rec=0.582148 valid_auc=0.693382 valid_rmse=0.472536 q_change=53 q_delta=0.433166 q_grad=0.002292
epoch=66 loss_total=0.772697 loss_rec=0.582807 valid_auc=0.693415 valid_rmse=0.473128 q_change=53 q_delta=0.433216 q_grad=0.002435
epoch=67 loss_total=0.774856 loss_rec=0.585036 valid_auc=0.691496 valid_rmse=0.474297 q_change=53 q_delta=0.433276 q_grad=0.002425
epoch=68 loss_total=0.770296 loss_rec=0.580528 valid_auc=0.691719 valid_rmse=0.475549 q_change=53 q_delta=0.433312 q_grad=0.002434
epoch=69 loss_total=0.767217 loss_rec=0.577494 valid_auc=0.695480 valid_rmse=0.480361 q_change=53 q_delta=0.433219 q_grad=0.002530
epoch=70 loss_total=0.766098 loss_rec=0.576389 valid_auc=0.690792 valid_rmse=0.473884 q_change=53 q_delta=0.433379 q_grad=0.002537
epoch=71 loss_total=0.767940 loss_rec=0.578283 valid_auc=0.691127 valid_rmse=0.473911 q_change=53 q_delta=0.433415 q_grad=0.002559
epoch=72 loss_total=0.766779 loss_rec=0.577098 valid_auc=0.689978 valid_rmse=0.474472 q_change=53 q_delta=0.433387 q_grad=0.002579
epoch=73 loss_total=0.762090 loss_rec=0.572456 valid_auc=0.687679 valid_rmse=0.475331 q_change=53 q_delta=0.433392 q_grad=0.002638
epoch=74 loss_total=0.766354 loss_rec=0.576688 valid_auc=0.688917 valid_rmse=0.475934 q_change=53 q_delta=0.433355 q_grad=0.002600
epoch=75 loss_total=0.764286 loss_rec=0.574542 valid_auc=0.685725 valid_rmse=0.482737 q_change=53 q_delta=0.433122 q_grad=0.002609
Early stopping at epoch 75; best_epoch=55.
Saved run to C:\Users\YAN_SHU_YU\Desktop\Generative-CD\Q_GNCDM\results\weak_q_lambda_sweep\lq_0p7_ls_0p6_lb_0p8\seed_2026\noise_0.20\weak-q_lq_0p7_ls_0p6_lb_0p8
Final metrics: q_hat_f1=0.101695 response_auc=0.686510 mastery_pearson=0.330373
