run=weak-q_lq_0p6_ls_0p3_lb_0p6 mode=weak-q noise=0.20 train=4200 valid=600 test=1200
epoch=1 loss_total=1.003400 loss_rec=0.725650 valid_auc=0.588320 valid_rmse=0.499741 q_change=57 q_delta=0.077604 q_grad=0.000327
epoch=2 loss_total=0.959462 loss_rec=0.705787 valid_auc=0.597790 valid_rmse=0.499210 q_change=57 q_delta=0.144582 q_grad=0.000295
epoch=3 loss_total=0.933140 loss_rec=0.699511 valid_auc=0.615926 valid_rmse=0.498196 q_change=57 q_delta=0.199384 q_grad=0.000273
epoch=4 loss_total=0.909916 loss_rec=0.692510 valid_auc=0.641518 valid_rmse=0.497003 q_change=57 q_delta=0.242815 q_grad=0.000256
epoch=5 loss_total=0.895772 loss_rec=0.690566 valid_auc=0.662187 valid_rmse=0.493944 q_change=57 q_delta=0.274193 q_grad=0.000264
epoch=6 loss_total=0.877520 loss_rec=0.680822 valid_auc=0.669944 valid_rmse=0.489541 q_change=57 q_delta=0.294157 q_grad=0.000314
epoch=7 loss_total=0.853293 loss_rec=0.661847 valid_auc=0.667500 valid_rmse=0.482402 q_change=57 q_delta=0.305457 q_grad=0.000438
epoch=8 loss_total=0.836672 loss_rec=0.648264 valid_auc=0.669174 valid_rmse=0.479134 q_change=57 q_delta=0.312836 q_grad=0.000663
epoch=9 loss_total=0.825945 loss_rec=0.639967 valid_auc=0.676853 valid_rmse=0.475263 q_change=56 q_delta=0.319184 q_grad=0.000836
epoch=10 loss_total=0.825463 loss_rec=0.641576 valid_auc=0.677533 valid_rmse=0.475631 q_change=56 q_delta=0.323290 q_grad=0.000933
epoch=11 loss_total=0.820178 loss_rec=0.637577 valid_auc=0.680625 valid_rmse=0.473942 q_change=56 q_delta=0.326533 q_grad=0.001085
epoch=12 loss_total=0.808803 loss_rec=0.627255 valid_auc=0.683304 valid_rmse=0.474215 q_change=55 q_delta=0.328184 q_grad=0.001193
epoch=13 loss_total=0.803003 loss_rec=0.622297 valid_auc=0.684342 valid_rmse=0.472487 q_change=55 q_delta=0.330553 q_grad=0.001255
epoch=14 loss_total=0.800959 loss_rec=0.620864 valid_auc=0.685480 valid_rmse=0.473743 q_change=53 q_delta=0.331634 q_grad=0.001391
epoch=15 loss_total=0.795247 loss_rec=0.615705 valid_auc=0.685458 valid_rmse=0.472528 q_change=53 q_delta=0.333665 q_grad=0.001484
epoch=16 loss_total=0.794695 loss_rec=0.615695 valid_auc=0.687187 valid_rmse=0.472673 q_change=52 q_delta=0.335246 q_grad=0.001622
epoch=17 loss_total=0.789635 loss_rec=0.611160 valid_auc=0.685882 valid_rmse=0.472838 q_change=51 q_delta=0.336960 q_grad=0.001576
epoch=18 loss_total=0.781602 loss_rec=0.603598 valid_auc=0.687176 valid_rmse=0.472811 q_change=49 q_delta=0.339171 q_grad=0.001624
epoch=19 loss_total=0.779139 loss_rec=0.601737 valid_auc=0.687567 valid_rmse=0.473932 q_change=48 q_delta=0.341299 q_grad=0.001736
epoch=20 loss_total=0.774882 loss_rec=0.597903 valid_auc=0.689074 valid_rmse=0.472343 q_change=47 q_delta=0.343505 q_grad=0.001817
epoch=21 loss_total=0.769029 loss_rec=0.592520 valid_auc=0.690257 valid_rmse=0.473897 q_change=47 q_delta=0.345099 q_grad=0.001751
epoch=22 loss_total=0.765139 loss_rec=0.589040 valid_auc=0.689475 valid_rmse=0.473580 q_change=47 q_delta=0.346831 q_grad=0.001897
epoch=23 loss_total=0.761535 loss_rec=0.585891 valid_auc=0.687422 valid_rmse=0.473855 q_change=46 q_delta=0.349045 q_grad=0.001842
epoch=24 loss_total=0.754852 loss_rec=0.579615 valid_auc=0.686864 valid_rmse=0.474914 q_change=46 q_delta=0.350797 q_grad=0.001882
epoch=25 loss_total=0.753652 loss_rec=0.578805 valid_auc=0.688371 valid_rmse=0.475201 q_change=46 q_delta=0.352843 q_grad=0.002003
epoch=26 loss_total=0.750016 loss_rec=0.575528 valid_auc=0.689799 valid_rmse=0.475429 q_change=46 q_delta=0.354638 q_grad=0.001991
epoch=27 loss_total=0.744634 loss_rec=0.570474 valid_auc=0.689509 valid_rmse=0.477764 q_change=46 q_delta=0.356127 q_grad=0.001977
epoch=28 loss_total=0.745256 loss_rec=0.571365 valid_auc=0.690525 valid_rmse=0.475674 q_change=46 q_delta=0.357647 q_grad=0.002103
epoch=29 loss_total=0.736581 loss_rec=0.562976 valid_auc=0.693393 valid_rmse=0.475445 q_change=46 q_delta=0.358934 q_grad=0.002110
epoch=30 loss_total=0.733412 loss_rec=0.560040 valid_auc=0.693817 valid_rmse=0.476236 q_change=45 q_delta=0.360083 q_grad=0.002145
epoch=31 loss_total=0.726880 loss_rec=0.553775 valid_auc=0.695011 valid_rmse=0.476014 q_change=43 q_delta=0.361096 q_grad=0.002155
epoch=32 loss_total=0.724774 loss_rec=0.551933 valid_auc=0.697355 valid_rmse=0.476455 q_change=42 q_delta=0.362421 q_grad=0.002265
epoch=33 loss_total=0.717995 loss_rec=0.545352 valid_auc=0.694732 valid_rmse=0.475114 q_change=42 q_delta=0.363489 q_grad=0.002275
epoch=34 loss_total=0.716435 loss_rec=0.544056 valid_auc=0.692455 valid_rmse=0.475713 q_change=42 q_delta=0.364317 q_grad=0.002311
epoch=35 loss_total=0.715437 loss_rec=0.543269 valid_auc=0.697489 valid_rmse=0.474325 q_change=42 q_delta=0.365470 q_grad=0.002300
epoch=36 loss_total=0.706332 loss_rec=0.534318 valid_auc=0.696652 valid_rmse=0.474919 q_change=42 q_delta=0.366066 q_grad=0.002390
epoch=37 loss_total=0.700206 loss_rec=0.528393 valid_auc=0.694141 valid_rmse=0.478207 q_change=40 q_delta=0.366873 q_grad=0.002401
epoch=38 loss_total=0.692379 loss_rec=0.520787 valid_auc=0.694665 valid_rmse=0.478793 q_change=40 q_delta=0.367809 q_grad=0.002516
epoch=39 loss_total=0.690589 loss_rec=0.519169 valid_auc=0.694431 valid_rmse=0.477905 q_change=39 q_delta=0.369021 q_grad=0.002483
epoch=40 loss_total=0.687031 loss_rec=0.515821 valid_auc=0.693203 valid_rmse=0.479342 q_change=39 q_delta=0.369991 q_grad=0.002558
epoch=41 loss_total=0.678455 loss_rec=0.507467 valid_auc=0.692522 valid_rmse=0.482860 q_change=38 q_delta=0.370798 q_grad=0.002568
epoch=42 loss_total=0.681416 loss_rec=0.510619 valid_auc=0.690770 valid_rmse=0.481525 q_change=38 q_delta=0.371756 q_grad=0.002698
epoch=43 loss_total=0.674930 loss_rec=0.504302 valid_auc=0.692991 valid_rmse=0.481480 q_change=36 q_delta=0.372561 q_grad=0.002645
epoch=44 loss_total=0.669916 loss_rec=0.499463 valid_auc=0.691808 valid_rmse=0.481792 q_change=36 q_delta=0.373384 q_grad=0.002710
epoch=45 loss_total=0.665484 loss_rec=0.495231 valid_auc=0.690446 valid_rmse=0.486628 q_change=36 q_delta=0.374059 q_grad=0.002689
epoch=46 loss_total=0.665851 loss_rec=0.495723 valid_auc=0.694911 valid_rmse=0.481608 q_change=36 q_delta=0.374926 q_grad=0.002727
epoch=47 loss_total=0.659965 loss_rec=0.490025 valid_auc=0.690737 valid_rmse=0.485432 q_change=36 q_delta=0.375708 q_grad=0.002655
epoch=48 loss_total=0.660169 loss_rec=0.490402 valid_auc=0.690446 valid_rmse=0.484498 q_change=35 q_delta=0.376611 q_grad=0.002761
epoch=49 loss_total=0.653113 loss_rec=0.483479 valid_auc=0.692243 valid_rmse=0.482574 q_change=35 q_delta=0.377133 q_grad=0.002696
epoch=50 loss_total=0.649651 loss_rec=0.480134 valid_auc=0.691161 valid_rmse=0.487081 q_change=34 q_delta=0.377997 q_grad=0.002728
epoch=51 loss_total=0.648514 loss_rec=0.479184 valid_auc=0.689420 valid_rmse=0.487489 q_change=35 q_delta=0.378652 q_grad=0.002754
epoch=52 loss_total=0.649676 loss_rec=0.480482 valid_auc=0.690904 valid_rmse=0.485782 q_change=34 q_delta=0.379443 q_grad=0.002737
epoch=53 loss_total=0.651144 loss_rec=0.482058 valid_auc=0.691362 valid_rmse=0.484766 q_change=34 q_delta=0.379964 q_grad=0.002758
epoch=54 loss_total=0.644655 loss_rec=0.475681 valid_auc=0.685156 valid_rmse=0.488053 q_change=34 q_delta=0.380624 q_grad=0.002794
epoch=55 loss_total=0.639784 loss_rec=0.470959 valid_auc=0.692489 valid_rmse=0.484132 q_change=34 q_delta=0.381378 q_grad=0.002694
Early stopping at epoch 55; best_epoch=35.
Saved run to C:\Users\YAN_SHU_YU\Desktop\Generative-CD\Q_GNCDM\results\weak_q_lambda_sweep\lq_0p6_ls_0p3_lb_0p6\seed_2026\noise_0.20\weak-q_lq_0p6_ls_0p3_lb_0p6
Final metrics: q_hat_f1=0.422535 response_auc=0.691147 mastery_pearson=0.492792
