run=weak-q_lq_0p8_ls_0p1_lb_0p8 mode=weak-q noise=0.20 train=4200 valid=600 test=1200
epoch=1 loss_total=0.965688 loss_rec=0.725484 valid_auc=0.592813 valid_rmse=0.499595 q_change=2 q_delta=0.061283 q_grad=0.000147
epoch=2 loss_total=0.935526 loss_rec=0.704454 valid_auc=0.610257 valid_rmse=0.498462 q_change=8 q_delta=0.108599 q_grad=0.000153
epoch=3 loss_total=0.919649 loss_rec=0.695426 valid_auc=0.636708 valid_rmse=0.495779 q_change=11 q_delta=0.147068 q_grad=0.000176
epoch=4 loss_total=0.899874 loss_rec=0.680690 valid_auc=0.660513 valid_rmse=0.489841 q_change=11 q_delta=0.177737 q_grad=0.000236
epoch=5 loss_total=0.875990 loss_rec=0.659681 valid_auc=0.668471 valid_rmse=0.480263 q_change=13 q_delta=0.199483 q_grad=0.000404
epoch=6 loss_total=0.845025 loss_rec=0.630373 valid_auc=0.678058 valid_rmse=0.474812 q_change=12 q_delta=0.215636 q_grad=0.000658
epoch=7 loss_total=0.824553 loss_rec=0.611514 valid_auc=0.686306 valid_rmse=0.473514 q_change=11 q_delta=0.228787 q_grad=0.000787
epoch=8 loss_total=0.814637 loss_rec=0.603286 valid_auc=0.686931 valid_rmse=0.474052 q_change=11 q_delta=0.242012 q_grad=0.000907
epoch=9 loss_total=0.804223 loss_rec=0.594446 valid_auc=0.689900 valid_rmse=0.472908 q_change=10 q_delta=0.253347 q_grad=0.000962
epoch=10 loss_total=0.803424 loss_rec=0.595292 valid_auc=0.689565 valid_rmse=0.474784 q_change=9 q_delta=0.264479 q_grad=0.000970
epoch=11 loss_total=0.797140 loss_rec=0.590334 valid_auc=0.689408 valid_rmse=0.473373 q_change=10 q_delta=0.274089 q_grad=0.001032
epoch=12 loss_total=0.782948 loss_rec=0.577386 valid_auc=0.689297 valid_rmse=0.475221 q_change=10 q_delta=0.282667 q_grad=0.001055
epoch=13 loss_total=0.776240 loss_rec=0.571949 valid_auc=0.690893 valid_rmse=0.474446 q_change=10 q_delta=0.291633 q_grad=0.001065
epoch=14 loss_total=0.772162 loss_rec=0.569013 valid_auc=0.691797 valid_rmse=0.475551 q_change=10 q_delta=0.299005 q_grad=0.001087
epoch=15 loss_total=0.762679 loss_rec=0.560499 valid_auc=0.693817 valid_rmse=0.475921 q_change=10 q_delta=0.306196 q_grad=0.001101
epoch=16 loss_total=0.760375 loss_rec=0.559121 valid_auc=0.694442 valid_rmse=0.476068 q_change=10 q_delta=0.312793 q_grad=0.001195
epoch=17 loss_total=0.751392 loss_rec=0.551019 valid_auc=0.691451 valid_rmse=0.477091 q_change=11 q_delta=0.319001 q_grad=0.001143
epoch=18 loss_total=0.741557 loss_rec=0.541969 valid_auc=0.692980 valid_rmse=0.477026 q_change=12 q_delta=0.324278 q_grad=0.001173
epoch=19 loss_total=0.737237 loss_rec=0.538383 valid_auc=0.695859 valid_rmse=0.477711 q_change=11 q_delta=0.328925 q_grad=0.001191
epoch=20 loss_total=0.730316 loss_rec=0.532113 valid_auc=0.696239 valid_rmse=0.477360 q_change=11 q_delta=0.333585 q_grad=0.001266
epoch=21 loss_total=0.721553 loss_rec=0.523990 valid_auc=0.698549 valid_rmse=0.478253 q_change=11 q_delta=0.337716 q_grad=0.001206
epoch=22 loss_total=0.716827 loss_rec=0.519859 valid_auc=0.698549 valid_rmse=0.477925 q_change=12 q_delta=0.341574 q_grad=0.001265
epoch=23 loss_total=0.710992 loss_rec=0.514532 valid_auc=0.693650 valid_rmse=0.480609 q_change=14 q_delta=0.345310 q_grad=0.001240
epoch=24 loss_total=0.701603 loss_rec=0.505678 valid_auc=0.696172 valid_rmse=0.480865 q_change=14 q_delta=0.348998 q_grad=0.001247
epoch=25 loss_total=0.698997 loss_rec=0.503533 valid_auc=0.698337 valid_rmse=0.480989 q_change=14 q_delta=0.352354 q_grad=0.001303
epoch=26 loss_total=0.695267 loss_rec=0.500216 valid_auc=0.696719 valid_rmse=0.481173 q_change=13 q_delta=0.355353 q_grad=0.001239
epoch=27 loss_total=0.690655 loss_rec=0.495979 valid_auc=0.695312 valid_rmse=0.484245 q_change=13 q_delta=0.358069 q_grad=0.001246
epoch=28 loss_total=0.692517 loss_rec=0.498212 valid_auc=0.696016 valid_rmse=0.483001 q_change=13 q_delta=0.360776 q_grad=0.001285
epoch=29 loss_total=0.687581 loss_rec=0.493640 valid_auc=0.698348 valid_rmse=0.482054 q_change=13 q_delta=0.363077 q_grad=0.001240
epoch=30 loss_total=0.683223 loss_rec=0.489594 valid_auc=0.698962 valid_rmse=0.483256 q_change=13 q_delta=0.365168 q_grad=0.001273
epoch=31 loss_total=0.677366 loss_rec=0.484012 valid_auc=0.698538 valid_rmse=0.482967 q_change=13 q_delta=0.367241 q_grad=0.001243
epoch=32 loss_total=0.677299 loss_rec=0.484245 valid_auc=0.702154 valid_rmse=0.482379 q_change=13 q_delta=0.369333 q_grad=0.001254
epoch=33 loss_total=0.673598 loss_rec=0.480780 valid_auc=0.697768 valid_rmse=0.482847 q_change=13 q_delta=0.371177 q_grad=0.001228
epoch=34 loss_total=0.675058 loss_rec=0.482503 valid_auc=0.698717 valid_rmse=0.481511 q_change=13 q_delta=0.372637 q_grad=0.001217
epoch=35 loss_total=0.675959 loss_rec=0.483645 valid_auc=0.701719 valid_rmse=0.479414 q_change=13 q_delta=0.374223 q_grad=0.001227
epoch=36 loss_total=0.668608 loss_rec=0.476493 valid_auc=0.699587 valid_rmse=0.480733 q_change=13 q_delta=0.375412 q_grad=0.001231
epoch=37 loss_total=0.666566 loss_rec=0.474631 valid_auc=0.699955 valid_rmse=0.481988 q_change=13 q_delta=0.376614 q_grad=0.001203
epoch=38 loss_total=0.659012 loss_rec=0.467295 valid_auc=0.700547 valid_rmse=0.482468 q_change=13 q_delta=0.377809 q_grad=0.001221
epoch=39 loss_total=0.661221 loss_rec=0.469684 valid_auc=0.702042 valid_rmse=0.480827 q_change=13 q_delta=0.378817 q_grad=0.001209
epoch=40 loss_total=0.659669 loss_rec=0.468299 valid_auc=0.701016 valid_rmse=0.481626 q_change=13 q_delta=0.379701 q_grad=0.001205
epoch=41 loss_total=0.655260 loss_rec=0.464072 valid_auc=0.700748 valid_rmse=0.483925 q_change=13 q_delta=0.380690 q_grad=0.001190
epoch=42 loss_total=0.657892 loss_rec=0.466853 valid_auc=0.700424 valid_rmse=0.482421 q_change=13 q_delta=0.381520 q_grad=0.001256
epoch=43 loss_total=0.653501 loss_rec=0.462625 valid_auc=0.701830 valid_rmse=0.483174 q_change=13 q_delta=0.382459 q_grad=0.001243
epoch=44 loss_total=0.648041 loss_rec=0.457312 valid_auc=0.701172 valid_rmse=0.481591 q_change=14 q_delta=0.383376 q_grad=0.001219
epoch=45 loss_total=0.647162 loss_rec=0.456580 valid_auc=0.700335 valid_rmse=0.485118 q_change=14 q_delta=0.384281 q_grad=0.001202
epoch=46 loss_total=0.645927 loss_rec=0.455475 valid_auc=0.704141 valid_rmse=0.481907 q_change=15 q_delta=0.385461 q_grad=0.001235
epoch=47 loss_total=0.643350 loss_rec=0.453056 valid_auc=0.701350 valid_rmse=0.483906 q_change=16 q_delta=0.386363 q_grad=0.001198
epoch=48 loss_total=0.645839 loss_rec=0.455658 valid_auc=0.703359 valid_rmse=0.482084 q_change=16 q_delta=0.387091 q_grad=0.001231
epoch=49 loss_total=0.639652 loss_rec=0.449587 valid_auc=0.701596 valid_rmse=0.481790 q_change=16 q_delta=0.387967 q_grad=0.001185
epoch=50 loss_total=0.638117 loss_rec=0.448166 valid_auc=0.701417 valid_rmse=0.485211 q_change=17 q_delta=0.388824 q_grad=0.001190
epoch=51 loss_total=0.638676 loss_rec=0.448854 valid_auc=0.703315 valid_rmse=0.483968 q_change=17 q_delta=0.389268 q_grad=0.001238
epoch=52 loss_total=0.638161 loss_rec=0.448441 valid_auc=0.700301 valid_rmse=0.484167 q_change=16 q_delta=0.390053 q_grad=0.001223
epoch=53 loss_total=0.641696 loss_rec=0.452077 valid_auc=0.700714 valid_rmse=0.483489 q_change=16 q_delta=0.390540 q_grad=0.001206
epoch=54 loss_total=0.637201 loss_rec=0.447696 valid_auc=0.698393 valid_rmse=0.485078 q_change=16 q_delta=0.391157 q_grad=0.001242
epoch=55 loss_total=0.632499 loss_rec=0.443087 valid_auc=0.704174 valid_rmse=0.481352 q_change=16 q_delta=0.391615 q_grad=0.001171
epoch=56 loss_total=0.629326 loss_rec=0.440003 valid_auc=0.701395 valid_rmse=0.484342 q_change=16 q_delta=0.392105 q_grad=0.001152
epoch=57 loss_total=0.632025 loss_rec=0.442786 valid_auc=0.699710 valid_rmse=0.485262 q_change=16 q_delta=0.392769 q_grad=0.001267
epoch=58 loss_total=0.626413 loss_rec=0.437266 valid_auc=0.700614 valid_rmse=0.485206 q_change=16 q_delta=0.393344 q_grad=0.001204
epoch=59 loss_total=0.624412 loss_rec=0.435333 valid_auc=0.702478 valid_rmse=0.483136 q_change=17 q_delta=0.393815 q_grad=0.001177
epoch=60 loss_total=0.628982 loss_rec=0.439990 valid_auc=0.700848 valid_rmse=0.485289 q_change=17 q_delta=0.394317 q_grad=0.001200
epoch=61 loss_total=0.626815 loss_rec=0.437886 valid_auc=0.698739 valid_rmse=0.484476 q_change=18 q_delta=0.394730 q_grad=0.001222
epoch=62 loss_total=0.621913 loss_rec=0.433073 valid_auc=0.702400 valid_rmse=0.484078 q_change=18 q_delta=0.395320 q_grad=0.001152
epoch=63 loss_total=0.623516 loss_rec=0.434746 valid_auc=0.700089 valid_rmse=0.485438 q_change=18 q_delta=0.395749 q_grad=0.001204
epoch=64 loss_total=0.625605 loss_rec=0.436895 valid_auc=0.702232 valid_rmse=0.486262 q_change=18 q_delta=0.396121 q_grad=0.001211
epoch=65 loss_total=0.623133 loss_rec=0.434506 valid_auc=0.699297 valid_rmse=0.485804 q_change=18 q_delta=0.396716 q_grad=0.001142
epoch=66 loss_total=0.621346 loss_rec=0.432785 valid_auc=0.698694 valid_rmse=0.486695 q_change=18 q_delta=0.397052 q_grad=0.001218
epoch=67 loss_total=0.622884 loss_rec=0.434386 valid_auc=0.699609 valid_rmse=0.486044 q_change=18 q_delta=0.397431 q_grad=0.001196
epoch=68 loss_total=0.618149 loss_rec=0.429701 valid_auc=0.701205 valid_rmse=0.485772 q_change=18 q_delta=0.397694 q_grad=0.001191
epoch=69 loss_total=0.618289 loss_rec=0.429892 valid_auc=0.699732 valid_rmse=0.491022 q_change=18 q_delta=0.398087 q_grad=0.001178
epoch=70 loss_total=0.613401 loss_rec=0.425059 valid_auc=0.700100 valid_rmse=0.485550 q_change=18 q_delta=0.398485 q_grad=0.001198
epoch=71 loss_total=0.613836 loss_rec=0.425582 valid_auc=0.701618 valid_rmse=0.485160 q_change=17 q_delta=0.398937 q_grad=0.001154
epoch=72 loss_total=0.616053 loss_rec=0.427848 valid_auc=0.700971 valid_rmse=0.486396 q_change=18 q_delta=0.399496 q_grad=0.001214
epoch=73 loss_total=0.609195 loss_rec=0.421068 valid_auc=0.698683 valid_rmse=0.487861 q_change=18 q_delta=0.400165 q_grad=0.001222
epoch=74 loss_total=0.615791 loss_rec=0.427717 valid_auc=0.698292 valid_rmse=0.487763 q_change=19 q_delta=0.400558 q_grad=0.001168
epoch=75 loss_total=0.612317 loss_rec=0.424309 valid_auc=0.696786 valid_rmse=0.492384 q_change=20 q_delta=0.400918 q_grad=0.001208
Early stopping at epoch 75; best_epoch=55.
Saved run to C:\Users\YAN_SHU_YU\Desktop\Generative-CD\Q_GNCDM\results\weak_q_lambda_sweep\lq_0p8_ls_0p1_lb_0p8\seed_2026\noise_0.20\weak-q_lq_0p8_ls_0p1_lb_0p8
Final metrics: q_hat_f1=0.804124 response_auc=0.684470 mastery_pearson=0.584080
