run=weak-q_lq_0p9_ls_0p7_lb_0p9 mode=weak-q noise=0.20 train=4200 valid=600 test=1200
epoch=1 loss_total=1.250554 loss_rec=0.725665 valid_auc=0.587556 valid_rmse=0.499758 q_change=57 q_delta=0.079241 q_grad=0.000747
epoch=2 loss_total=1.174670 loss_rec=0.705981 valid_auc=0.593683 valid_rmse=0.499344 q_change=57 q_delta=0.149949 q_grad=0.000682
epoch=3 loss_total=1.120493 loss_rec=0.700195 valid_auc=0.605195 valid_rmse=0.498640 q_change=57 q_delta=0.209419 q_grad=0.000609
epoch=4 loss_total=1.074638 loss_rec=0.694227 valid_auc=0.621920 valid_rmse=0.498102 q_change=57 q_delta=0.257528 q_grad=0.000532
epoch=5 loss_total=1.043428 loss_rec=0.694469 valid_auc=0.642288 valid_rmse=0.496493 q_change=57 q_delta=0.295021 q_grad=0.000460
epoch=6 loss_total=1.015014 loss_rec=0.690384 valid_auc=0.657310 valid_rmse=0.495842 q_change=57 q_delta=0.323609 q_grad=0.000402
epoch=7 loss_total=0.989872 loss_rec=0.683728 valid_auc=0.658315 valid_rmse=0.494175 q_change=57 q_delta=0.345112 q_grad=0.000367
epoch=8 loss_total=0.970255 loss_rec=0.677659 valid_auc=0.653348 valid_rmse=0.490797 q_change=57 q_delta=0.360305 q_grad=0.000373
epoch=9 loss_total=0.951274 loss_rec=0.668182 valid_auc=0.657857 valid_rmse=0.484120 q_change=57 q_delta=0.371258 q_grad=0.000456
epoch=10 loss_total=0.940261 loss_rec=0.664403 valid_auc=0.658929 valid_rmse=0.482554 q_change=57 q_delta=0.379591 q_grad=0.000548
epoch=11 loss_total=0.930331 loss_rec=0.659969 valid_auc=0.660100 valid_rmse=0.481347 q_change=57 q_delta=0.386787 q_grad=0.000655
epoch=12 loss_total=0.916211 loss_rec=0.650838 valid_auc=0.663538 valid_rmse=0.481967 q_change=57 q_delta=0.392720 q_grad=0.000721
epoch=13 loss_total=0.910226 loss_rec=0.649067 valid_auc=0.665190 valid_rmse=0.478777 q_change=57 q_delta=0.397857 q_grad=0.000741
epoch=14 loss_total=0.905968 loss_rec=0.648073 valid_auc=0.667902 valid_rmse=0.480090 q_change=57 q_delta=0.401715 q_grad=0.000826
epoch=15 loss_total=0.901832 loss_rec=0.646762 valid_auc=0.666395 valid_rmse=0.478459 q_change=57 q_delta=0.405430 q_grad=0.000878
epoch=16 loss_total=0.900159 loss_rec=0.647433 valid_auc=0.667924 valid_rmse=0.478331 q_change=57 q_delta=0.408251 q_grad=0.000973
epoch=17 loss_total=0.897480 loss_rec=0.646866 valid_auc=0.669810 valid_rmse=0.478788 q_change=57 q_delta=0.410735 q_grad=0.000955
epoch=18 loss_total=0.890526 loss_rec=0.641656 valid_auc=0.670603 valid_rmse=0.477874 q_change=57 q_delta=0.413003 q_grad=0.000996
epoch=19 loss_total=0.887429 loss_rec=0.640154 valid_auc=0.670748 valid_rmse=0.477743 q_change=57 q_delta=0.414917 q_grad=0.001074
epoch=20 loss_total=0.886004 loss_rec=0.640032 valid_auc=0.674174 valid_rmse=0.476247 q_change=57 q_delta=0.416715 q_grad=0.001174
epoch=21 loss_total=0.881914 loss_rec=0.637186 valid_auc=0.675569 valid_rmse=0.477118 q_change=57 q_delta=0.417975 q_grad=0.001136
epoch=22 loss_total=0.880719 loss_rec=0.636950 valid_auc=0.677288 valid_rmse=0.475719 q_change=57 q_delta=0.419169 q_grad=0.001250
epoch=23 loss_total=0.876873 loss_rec=0.633972 valid_auc=0.676451 valid_rmse=0.475296 q_change=57 q_delta=0.420382 q_grad=0.001271
epoch=24 loss_total=0.872103 loss_rec=0.630033 valid_auc=0.676808 valid_rmse=0.475653 q_change=57 q_delta=0.421293 q_grad=0.001330
epoch=25 loss_total=0.874602 loss_rec=0.633188 valid_auc=0.678125 valid_rmse=0.475214 q_change=57 q_delta=0.421970 q_grad=0.001464
epoch=26 loss_total=0.871786 loss_rec=0.630931 valid_auc=0.679040 valid_rmse=0.475969 q_change=57 q_delta=0.422601 q_grad=0.001477
epoch=27 loss_total=0.869134 loss_rec=0.628676 valid_auc=0.682757 valid_rmse=0.475398 q_change=57 q_delta=0.422976 q_grad=0.001495
epoch=28 loss_total=0.870299 loss_rec=0.630236 valid_auc=0.682098 valid_rmse=0.474530 q_change=57 q_delta=0.423472 q_grad=0.001584
epoch=29 loss_total=0.866260 loss_rec=0.626475 valid_auc=0.684827 valid_rmse=0.474110 q_change=57 q_delta=0.423676 q_grad=0.001653
epoch=30 loss_total=0.866701 loss_rec=0.627129 valid_auc=0.685022 valid_rmse=0.474238 q_change=57 q_delta=0.423704 q_grad=0.001643
epoch=31 loss_total=0.862438 loss_rec=0.622828 valid_auc=0.687522 valid_rmse=0.473656 q_change=57 q_delta=0.423593 q_grad=0.001692
epoch=32 loss_total=0.863655 loss_rec=0.624126 valid_auc=0.690123 valid_rmse=0.474394 q_change=56 q_delta=0.423780 q_grad=0.001764
epoch=33 loss_total=0.861679 loss_rec=0.622139 valid_auc=0.686283 valid_rmse=0.472822 q_change=56 q_delta=0.424608 q_grad=0.001744
epoch=34 loss_total=0.860078 loss_rec=0.620627 valid_auc=0.686183 valid_rmse=0.472604 q_change=56 q_delta=0.425039 q_grad=0.001778
epoch=35 loss_total=0.860852 loss_rec=0.621469 valid_auc=0.689754 valid_rmse=0.471768 q_change=56 q_delta=0.425390 q_grad=0.001770
epoch=36 loss_total=0.857164 loss_rec=0.617755 valid_auc=0.691953 valid_rmse=0.472274 q_change=56 q_delta=0.425390 q_grad=0.001820
epoch=37 loss_total=0.850853 loss_rec=0.611408 valid_auc=0.691317 valid_rmse=0.472144 q_change=56 q_delta=0.425511 q_grad=0.001832
epoch=38 loss_total=0.849895 loss_rec=0.610537 valid_auc=0.690268 valid_rmse=0.474418 q_change=56 q_delta=0.425585 q_grad=0.001946
epoch=39 loss_total=0.852412 loss_rec=0.613063 valid_auc=0.692020 valid_rmse=0.471372 q_change=55 q_delta=0.425754 q_grad=0.001885
epoch=40 loss_total=0.847608 loss_rec=0.608287 valid_auc=0.692121 valid_rmse=0.471644 q_change=55 q_delta=0.426134 q_grad=0.001919
epoch=41 loss_total=0.842895 loss_rec=0.603628 valid_auc=0.693705 valid_rmse=0.471852 q_change=55 q_delta=0.426588 q_grad=0.001923
epoch=42 loss_total=0.846981 loss_rec=0.607729 valid_auc=0.690971 valid_rmse=0.471865 q_change=55 q_delta=0.427056 q_grad=0.001989
epoch=43 loss_total=0.842283 loss_rec=0.602994 valid_auc=0.692444 valid_rmse=0.471608 q_change=55 q_delta=0.427287 q_grad=0.001932
epoch=44 loss_total=0.842737 loss_rec=0.603569 valid_auc=0.693058 valid_rmse=0.471873 q_change=55 q_delta=0.427722 q_grad=0.001995
epoch=45 loss_total=0.839473 loss_rec=0.600438 valid_auc=0.694598 valid_rmse=0.474420 q_change=55 q_delta=0.427965 q_grad=0.002020
epoch=46 loss_total=0.840178 loss_rec=0.601196 valid_auc=0.696596 valid_rmse=0.470021 q_change=55 q_delta=0.428371 q_grad=0.001974
epoch=47 loss_total=0.837550 loss_rec=0.598722 valid_auc=0.697835 valid_rmse=0.470710 q_change=55 q_delta=0.428672 q_grad=0.002002
epoch=48 loss_total=0.837147 loss_rec=0.598411 valid_auc=0.696250 valid_rmse=0.470247 q_change=55 q_delta=0.428928 q_grad=0.002050
epoch=49 loss_total=0.834712 loss_rec=0.596066 valid_auc=0.697254 valid_rmse=0.470172 q_change=55 q_delta=0.429112 q_grad=0.002084
epoch=50 loss_total=0.830608 loss_rec=0.592043 valid_auc=0.694877 valid_rmse=0.471127 q_change=55 q_delta=0.429329 q_grad=0.001995
epoch=51 loss_total=0.830943 loss_rec=0.592520 valid_auc=0.697042 valid_rmse=0.472510 q_change=55 q_delta=0.429447 q_grad=0.002126
epoch=52 loss_total=0.832275 loss_rec=0.593978 valid_auc=0.695000 valid_rmse=0.470995 q_change=54 q_delta=0.429737 q_grad=0.002131
epoch=53 loss_total=0.833784 loss_rec=0.595549 valid_auc=0.696484 valid_rmse=0.470464 q_change=54 q_delta=0.429897 q_grad=0.002144
epoch=54 loss_total=0.825646 loss_rec=0.587517 valid_auc=0.694900 valid_rmse=0.472197 q_change=54 q_delta=0.430027 q_grad=0.002110
epoch=55 loss_total=0.824757 loss_rec=0.586759 valid_auc=0.698940 valid_rmse=0.470324 q_change=54 q_delta=0.430142 q_grad=0.002163
epoch=56 loss_total=0.826054 loss_rec=0.588112 valid_auc=0.695580 valid_rmse=0.471038 q_change=54 q_delta=0.430251 q_grad=0.002205
epoch=57 loss_total=0.823929 loss_rec=0.586047 valid_auc=0.695949 valid_rmse=0.473330 q_change=54 q_delta=0.430216 q_grad=0.002286
epoch=58 loss_total=0.820184 loss_rec=0.582317 valid_auc=0.694420 valid_rmse=0.474379 q_change=54 q_delta=0.430265 q_grad=0.002250
epoch=59 loss_total=0.820516 loss_rec=0.582762 valid_auc=0.694096 valid_rmse=0.471900 q_change=54 q_delta=0.430428 q_grad=0.002252
epoch=60 loss_total=0.819418 loss_rec=0.581680 valid_auc=0.694007 valid_rmse=0.473376 q_change=53 q_delta=0.430348 q_grad=0.002296
epoch=61 loss_total=0.817363 loss_rec=0.579568 valid_auc=0.693371 valid_rmse=0.473154 q_change=53 q_delta=0.430289 q_grad=0.002364
epoch=62 loss_total=0.813999 loss_rec=0.576190 valid_auc=0.691975 valid_rmse=0.473103 q_change=53 q_delta=0.430197 q_grad=0.002339
epoch=63 loss_total=0.813988 loss_rec=0.576075 valid_auc=0.689944 valid_rmse=0.473993 q_change=53 q_delta=0.429912 q_grad=0.002378
epoch=64 loss_total=0.815800 loss_rec=0.577798 valid_auc=0.693348 valid_rmse=0.476219 q_change=52 q_delta=0.429681 q_grad=0.002439
epoch=65 loss_total=0.808978 loss_rec=0.570852 valid_auc=0.690625 valid_rmse=0.473805 q_change=52 q_delta=0.429905 q_grad=0.002340
epoch=66 loss_total=0.808686 loss_rec=0.570434 valid_auc=0.689487 valid_rmse=0.475090 q_change=52 q_delta=0.430102 q_grad=0.002503
epoch=67 loss_total=0.809322 loss_rec=0.570936 valid_auc=0.687679 valid_rmse=0.476391 q_change=51 q_delta=0.430337 q_grad=0.002510
epoch=68 loss_total=0.803077 loss_rec=0.564553 valid_auc=0.689397 valid_rmse=0.478240 q_change=53 q_delta=0.430473 q_grad=0.002524
epoch=69 loss_total=0.798495 loss_rec=0.559860 valid_auc=0.691842 valid_rmse=0.483160 q_change=51 q_delta=0.430505 q_grad=0.002631
epoch=70 loss_total=0.795851 loss_rec=0.557099 valid_auc=0.686574 valid_rmse=0.476352 q_change=51 q_delta=0.431243 q_grad=0.002665
epoch=71 loss_total=0.796303 loss_rec=0.557530 valid_auc=0.688103 valid_rmse=0.475991 q_change=51 q_delta=0.431759 q_grad=0.002697
epoch=72 loss_total=0.793887 loss_rec=0.555012 valid_auc=0.687478 valid_rmse=0.476345 q_change=51 q_delta=0.432150 q_grad=0.002709
epoch=73 loss_total=0.788279 loss_rec=0.549408 valid_auc=0.684788 valid_rmse=0.477560 q_change=51 q_delta=0.432551 q_grad=0.002790
epoch=74 loss_total=0.792168 loss_rec=0.553263 valid_auc=0.684900 valid_rmse=0.478368 q_change=51 q_delta=0.432867 q_grad=0.002745
epoch=75 loss_total=0.789552 loss_rec=0.550624 valid_auc=0.680480 valid_rmse=0.486482 q_change=52 q_delta=0.433059 q_grad=0.002753
Early stopping at epoch 75; best_epoch=55.
Saved run to C:\Users\YAN_SHU_YU\Desktop\Generative-CD\Q_GNCDM\results\weak_q_lambda_sweep\lq_0p9_ls_0p7_lb_0p9\seed_2026\noise_0.20\weak-q_lq_0p9_ls_0p7_lb_0p9
Final metrics: q_hat_f1=0.101695 response_auc=0.686594 mastery_pearson=0.342329
