run=weak-q_lq_0p4_ls_0p6_lb_0p3 mode=weak-q noise=0.20 train=4200 valid=600 test=1200
epoch=1 loss_total=1.060149 loss_rec=0.725662 valid_auc=0.587656 valid_rmse=0.499755 q_change=57 q_delta=0.078761 q_grad=0.000607
epoch=2 loss_total=0.995755 loss_rec=0.705930 valid_auc=0.594275 valid_rmse=0.499317 q_change=57 q_delta=0.147950 q_grad=0.000538
epoch=3 loss_total=0.952735 loss_rec=0.700019 valid_auc=0.607310 valid_rmse=0.498546 q_change=57 q_delta=0.205498 q_grad=0.000472
epoch=4 loss_total=0.916703 loss_rec=0.693808 valid_auc=0.625564 valid_rmse=0.497870 q_change=57 q_delta=0.251851 q_grad=0.000410
epoch=5 loss_total=0.893516 loss_rec=0.693609 valid_auc=0.646239 valid_rmse=0.495989 q_change=57 q_delta=0.287707 q_grad=0.000360
epoch=6 loss_total=0.871033 loss_rec=0.688502 valid_auc=0.660658 valid_rmse=0.494682 q_change=57 q_delta=0.314550 q_grad=0.000330
epoch=7 loss_total=0.849117 loss_rec=0.679305 valid_auc=0.660781 valid_rmse=0.491485 q_change=57 q_delta=0.333846 q_grad=0.000337
epoch=8 loss_total=0.830094 loss_rec=0.668853 valid_auc=0.657712 valid_rmse=0.486184 q_change=57 q_delta=0.346253 q_grad=0.000421
epoch=9 loss_total=0.812436 loss_rec=0.656909 valid_auc=0.664085 valid_rmse=0.480050 q_change=57 q_delta=0.355722 q_grad=0.000574
epoch=10 loss_total=0.806943 loss_rec=0.656245 valid_auc=0.665089 valid_rmse=0.479937 q_change=57 q_delta=0.363470 q_grad=0.000681
epoch=11 loss_total=0.799921 loss_rec=0.652874 valid_auc=0.667991 valid_rmse=0.478638 q_change=57 q_delta=0.370041 q_grad=0.000798
epoch=12 loss_total=0.787812 loss_rec=0.644014 valid_auc=0.670926 valid_rmse=0.479331 q_change=57 q_delta=0.375155 q_grad=0.000877
epoch=13 loss_total=0.782765 loss_rec=0.641615 valid_auc=0.672087 valid_rmse=0.476405 q_change=57 q_delta=0.379667 q_grad=0.000912
epoch=14 loss_total=0.779911 loss_rec=0.640755 valid_auc=0.672768 valid_rmse=0.477711 q_change=57 q_delta=0.382754 q_grad=0.001029
epoch=15 loss_total=0.776106 loss_rec=0.638621 valid_auc=0.673538 valid_rmse=0.475893 q_change=57 q_delta=0.385884 q_grad=0.001113
epoch=16 loss_total=0.775588 loss_rec=0.639466 valid_auc=0.677266 valid_rmse=0.475630 q_change=57 q_delta=0.388022 q_grad=0.001244
epoch=17 loss_total=0.772700 loss_rec=0.637790 valid_auc=0.678025 valid_rmse=0.475754 q_change=57 q_delta=0.389938 q_grad=0.001230
epoch=18 loss_total=0.765849 loss_rec=0.631864 valid_auc=0.679900 valid_rmse=0.474859 q_change=57 q_delta=0.391631 q_grad=0.001296
epoch=19 loss_total=0.763834 loss_rec=0.630783 valid_auc=0.680458 valid_rmse=0.475246 q_change=57 q_delta=0.393110 q_grad=0.001410
epoch=20 loss_total=0.762009 loss_rec=0.629614 valid_auc=0.683170 valid_rmse=0.473469 q_change=57 q_delta=0.394384 q_grad=0.001525
epoch=21 loss_total=0.757884 loss_rec=0.626095 valid_auc=0.683438 valid_rmse=0.474950 q_change=57 q_delta=0.395044 q_grad=0.001483
epoch=22 loss_total=0.756062 loss_rec=0.624636 valid_auc=0.685458 valid_rmse=0.473495 q_change=57 q_delta=0.395567 q_grad=0.001634
epoch=23 loss_total=0.752819 loss_rec=0.621700 valid_auc=0.683092 valid_rmse=0.473244 q_change=56 q_delta=0.396293 q_grad=0.001649
epoch=24 loss_total=0.747767 loss_rec=0.616922 valid_auc=0.682701 valid_rmse=0.473670 q_change=56 q_delta=0.397141 q_grad=0.001697
epoch=25 loss_total=0.749750 loss_rec=0.619156 valid_auc=0.683482 valid_rmse=0.473651 q_change=56 q_delta=0.398032 q_grad=0.001856
epoch=26 loss_total=0.746865 loss_rec=0.616464 valid_auc=0.685268 valid_rmse=0.474515 q_change=56 q_delta=0.398884 q_grad=0.001845
epoch=27 loss_total=0.743499 loss_rec=0.613223 valid_auc=0.687355 valid_rmse=0.474903 q_change=56 q_delta=0.399455 q_grad=0.001840
epoch=28 loss_total=0.745831 loss_rec=0.615824 valid_auc=0.685279 valid_rmse=0.474125 q_change=56 q_delta=0.400419 q_grad=0.001926
epoch=29 loss_total=0.740438 loss_rec=0.610688 valid_auc=0.688426 valid_rmse=0.473296 q_change=56 q_delta=0.400999 q_grad=0.001967
epoch=30 loss_total=0.740385 loss_rec=0.610781 valid_auc=0.690033 valid_rmse=0.473500 q_change=56 q_delta=0.401332 q_grad=0.001928
epoch=31 loss_total=0.736742 loss_rec=0.607223 valid_auc=0.690257 valid_rmse=0.473391 q_change=56 q_delta=0.401745 q_grad=0.001963
epoch=32 loss_total=0.738339 loss_rec=0.608989 valid_auc=0.691998 valid_rmse=0.473527 q_change=56 q_delta=0.402054 q_grad=0.002010
epoch=33 loss_total=0.736554 loss_rec=0.607319 valid_auc=0.689799 valid_rmse=0.471904 q_change=55 q_delta=0.402674 q_grad=0.001982
epoch=34 loss_total=0.735695 loss_rec=0.606619 valid_auc=0.689085 valid_rmse=0.471977 q_change=54 q_delta=0.403097 q_grad=0.001977
epoch=35 loss_total=0.735608 loss_rec=0.606695 valid_auc=0.692377 valid_rmse=0.471037 q_change=54 q_delta=0.403787 q_grad=0.001945
epoch=36 loss_total=0.731549 loss_rec=0.602637 valid_auc=0.693772 valid_rmse=0.471776 q_change=54 q_delta=0.404091 q_grad=0.002003
epoch=37 loss_total=0.726178 loss_rec=0.597316 valid_auc=0.693895 valid_rmse=0.471911 q_change=54 q_delta=0.404752 q_grad=0.002002
epoch=38 loss_total=0.725322 loss_rec=0.596628 valid_auc=0.693504 valid_rmse=0.473685 q_change=54 q_delta=0.405345 q_grad=0.002106
epoch=39 loss_total=0.727559 loss_rec=0.598992 valid_auc=0.694442 valid_rmse=0.470739 q_change=54 q_delta=0.406222 q_grad=0.002034
epoch=40 loss_total=0.723012 loss_rec=0.594603 valid_auc=0.694464 valid_rmse=0.471288 q_change=54 q_delta=0.406805 q_grad=0.002077
epoch=41 loss_total=0.719391 loss_rec=0.591151 valid_auc=0.695770 valid_rmse=0.471717 q_change=53 q_delta=0.407307 q_grad=0.002065
epoch=42 loss_total=0.722347 loss_rec=0.594196 valid_auc=0.692143 valid_rmse=0.471886 q_change=53 q_delta=0.407905 q_grad=0.002172
epoch=43 loss_total=0.717767 loss_rec=0.589663 valid_auc=0.692556 valid_rmse=0.472352 q_change=53 q_delta=0.408401 q_grad=0.002129
epoch=44 loss_total=0.718729 loss_rec=0.590782 valid_auc=0.691897 valid_rmse=0.472856 q_change=53 q_delta=0.408921 q_grad=0.002179
epoch=45 loss_total=0.714721 loss_rec=0.586917 valid_auc=0.693315 valid_rmse=0.475628 q_change=53 q_delta=0.409259 q_grad=0.002212
epoch=46 loss_total=0.715250 loss_rec=0.587475 valid_auc=0.694375 valid_rmse=0.471200 q_change=53 q_delta=0.409944 q_grad=0.002185
epoch=47 loss_total=0.712264 loss_rec=0.584613 valid_auc=0.693929 valid_rmse=0.472865 q_change=52 q_delta=0.410232 q_grad=0.002201
epoch=48 loss_total=0.710226 loss_rec=0.582594 valid_auc=0.692824 valid_rmse=0.472326 q_change=52 q_delta=0.410567 q_grad=0.002285
epoch=49 loss_total=0.707186 loss_rec=0.579579 valid_auc=0.693783 valid_rmse=0.472162 q_change=52 q_delta=0.411156 q_grad=0.002321
epoch=50 loss_total=0.702537 loss_rec=0.574925 valid_auc=0.691373 valid_rmse=0.473639 q_change=52 q_delta=0.411818 q_grad=0.002245
epoch=51 loss_total=0.702002 loss_rec=0.574421 valid_auc=0.692924 valid_rmse=0.475807 q_change=52 q_delta=0.412260 q_grad=0.002385
epoch=52 loss_total=0.702724 loss_rec=0.575180 valid_auc=0.691629 valid_rmse=0.473580 q_change=52 q_delta=0.412939 q_grad=0.002398
epoch=53 loss_total=0.702505 loss_rec=0.574937 valid_auc=0.692667 valid_rmse=0.473128 q_change=51 q_delta=0.413311 q_grad=0.002421
epoch=54 loss_total=0.693459 loss_rec=0.565883 valid_auc=0.688962 valid_rmse=0.475693 q_change=51 q_delta=0.413955 q_grad=0.002422
epoch=55 loss_total=0.690842 loss_rec=0.563302 valid_auc=0.694654 valid_rmse=0.472929 q_change=51 q_delta=0.414724 q_grad=0.002452
epoch=56 loss_total=0.690940 loss_rec=0.563389 valid_auc=0.690804 valid_rmse=0.474403 q_change=51 q_delta=0.415353 q_grad=0.002518
epoch=57 loss_total=0.687653 loss_rec=0.560112 valid_auc=0.690033 valid_rmse=0.476750 q_change=51 q_delta=0.415888 q_grad=0.002642
epoch=58 loss_total=0.681709 loss_rec=0.554177 valid_auc=0.689096 valid_rmse=0.479292 q_change=51 q_delta=0.416479 q_grad=0.002625
epoch=59 loss_total=0.681880 loss_rec=0.554461 valid_auc=0.690402 valid_rmse=0.474723 q_change=51 q_delta=0.417133 q_grad=0.002619
epoch=60 loss_total=0.680052 loss_rec=0.552670 valid_auc=0.691574 valid_rmse=0.475717 q_change=51 q_delta=0.417457 q_grad=0.002650
epoch=61 loss_total=0.676908 loss_rec=0.549520 valid_auc=0.690201 valid_rmse=0.475452 q_change=51 q_delta=0.417887 q_grad=0.002773
Early stopping at epoch 61; best_epoch=41.
Saved run to C:\Users\YAN_SHU_YU\Desktop\Generative-CD\Q_GNCDM\results\weak_q_lambda_sweep\lq_0p4_ls_0p6_lb_0p3\seed_2026\noise_0.20\weak-q_lq_0p4_ls_0p6_lb_0p3
Final metrics: q_hat_f1=0.133333 response_auc=0.687689 mastery_pearson=0.350085
