run=weak-q_lq_0p4_ls_0p6_lb_0p05 mode=weak-q noise=0.20 train=4200 valid=600 test=1200
epoch=1 loss_total=0.999421 loss_rec=0.725658 valid_auc=0.587701 valid_rmse=0.499752 q_change=57 q_delta=0.077941 q_grad=0.000574
epoch=2 loss_total=0.939693 loss_rec=0.705855 valid_auc=0.594436 valid_rmse=0.499284 q_change=57 q_delta=0.144111 q_grad=0.000476
epoch=3 loss_total=0.903494 loss_rec=0.699758 valid_auc=0.608080 valid_rmse=0.498424 q_change=57 q_delta=0.197557 q_grad=0.000396
epoch=4 loss_total=0.874567 loss_rec=0.693137 valid_auc=0.627729 valid_rmse=0.497524 q_change=57 q_delta=0.239823 q_grad=0.000334
epoch=5 loss_total=0.857504 loss_rec=0.692083 valid_auc=0.649007 valid_rmse=0.495115 q_change=57 q_delta=0.271785 q_grad=0.000302
epoch=6 loss_total=0.838941 loss_rec=0.684749 valid_auc=0.662578 valid_rmse=0.492391 q_change=57 q_delta=0.294524 q_grad=0.000305
epoch=7 loss_total=0.816982 loss_rec=0.670134 valid_auc=0.663203 valid_rmse=0.486506 q_change=57 q_delta=0.309111 q_grad=0.000375
epoch=8 loss_total=0.797790 loss_rec=0.655103 valid_auc=0.663984 valid_rmse=0.481463 q_change=57 q_delta=0.317945 q_grad=0.000562
epoch=9 loss_total=0.784504 loss_rec=0.644813 valid_auc=0.673114 valid_rmse=0.476539 q_change=57 q_delta=0.325691 q_grad=0.000751
epoch=10 loss_total=0.782737 loss_rec=0.645771 valid_auc=0.674364 valid_rmse=0.476804 q_change=57 q_delta=0.331500 q_grad=0.000860
epoch=11 loss_total=0.777430 loss_rec=0.642250 valid_auc=0.676596 valid_rmse=0.475185 q_change=57 q_delta=0.336337 q_grad=0.001009
epoch=12 loss_total=0.766098 loss_rec=0.632466 valid_auc=0.680156 valid_rmse=0.475686 q_change=57 q_delta=0.339614 q_grad=0.001113
epoch=13 loss_total=0.761356 loss_rec=0.628940 valid_auc=0.681797 valid_rmse=0.473385 q_change=57 q_delta=0.342820 q_grad=0.001173
epoch=14 loss_total=0.760093 loss_rec=0.628514 valid_auc=0.681161 valid_rmse=0.474942 q_change=57 q_delta=0.344538 q_grad=0.001305
epoch=15 loss_total=0.756002 loss_rec=0.625086 valid_auc=0.680993 valid_rmse=0.473395 q_change=57 q_delta=0.346641 q_grad=0.001399
epoch=16 loss_total=0.756592 loss_rec=0.626178 valid_auc=0.683304 valid_rmse=0.473508 q_change=57 q_delta=0.347868 q_grad=0.001527
epoch=17 loss_total=0.753111 loss_rec=0.623214 valid_auc=0.683002 valid_rmse=0.473634 q_change=57 q_delta=0.349267 q_grad=0.001479
epoch=18 loss_total=0.746920 loss_rec=0.617352 valid_auc=0.684420 valid_rmse=0.473253 q_change=56 q_delta=0.350682 q_grad=0.001525
epoch=19 loss_total=0.745738 loss_rec=0.616656 valid_auc=0.684397 valid_rmse=0.474378 q_change=56 q_delta=0.352472 q_grad=0.001638
epoch=20 loss_total=0.743389 loss_rec=0.614557 valid_auc=0.686183 valid_rmse=0.472585 q_change=56 q_delta=0.354102 q_grad=0.001717
epoch=21 loss_total=0.739180 loss_rec=0.610646 valid_auc=0.687054 valid_rmse=0.474214 q_change=56 q_delta=0.355240 q_grad=0.001637
epoch=22 loss_total=0.737039 loss_rec=0.608715 valid_auc=0.686808 valid_rmse=0.473677 q_change=56 q_delta=0.356508 q_grad=0.001777
epoch=23 loss_total=0.734739 loss_rec=0.606639 valid_auc=0.684609 valid_rmse=0.473435 q_change=55 q_delta=0.358121 q_grad=0.001746
epoch=24 loss_total=0.730113 loss_rec=0.602229 valid_auc=0.683382 valid_rmse=0.474328 q_change=53 q_delta=0.359291 q_grad=0.001772
epoch=25 loss_total=0.731420 loss_rec=0.603733 valid_auc=0.684085 valid_rmse=0.474248 q_change=53 q_delta=0.360430 q_grad=0.001889
epoch=26 loss_total=0.728834 loss_rec=0.601315 valid_auc=0.686027 valid_rmse=0.474649 q_change=52 q_delta=0.361862 q_grad=0.001871
epoch=27 loss_total=0.725451 loss_rec=0.598026 valid_auc=0.686551 valid_rmse=0.475463 q_change=51 q_delta=0.363494 q_grad=0.001851
epoch=28 loss_total=0.728308 loss_rec=0.601078 valid_auc=0.685804 valid_rmse=0.474566 q_change=51 q_delta=0.365208 q_grad=0.001928
epoch=29 loss_total=0.721890 loss_rec=0.594828 valid_auc=0.688326 valid_rmse=0.473816 q_change=51 q_delta=0.367009 q_grad=0.001951
epoch=30 loss_total=0.720990 loss_rec=0.593994 valid_auc=0.690112 valid_rmse=0.474608 q_change=51 q_delta=0.368587 q_grad=0.001932
epoch=31 loss_total=0.717001 loss_rec=0.590019 valid_auc=0.689118 valid_rmse=0.474329 q_change=51 q_delta=0.370239 q_grad=0.001967
epoch=32 loss_total=0.718382 loss_rec=0.591480 valid_auc=0.690781 valid_rmse=0.473997 q_change=51 q_delta=0.371822 q_grad=0.002019
epoch=33 loss_total=0.715845 loss_rec=0.588969 valid_auc=0.690491 valid_rmse=0.472264 q_change=51 q_delta=0.373355 q_grad=0.002020
epoch=34 loss_total=0.715026 loss_rec=0.588240 valid_auc=0.687790 valid_rmse=0.472729 q_change=51 q_delta=0.374488 q_grad=0.002000
epoch=35 loss_total=0.714488 loss_rec=0.587749 valid_auc=0.691629 valid_rmse=0.471666 q_change=51 q_delta=0.375670 q_grad=0.001994
epoch=36 loss_total=0.708212 loss_rec=0.581398 valid_auc=0.693471 valid_rmse=0.472536 q_change=50 q_delta=0.376417 q_grad=0.002072
epoch=37 loss_total=0.703836 loss_rec=0.576984 valid_auc=0.692723 valid_rmse=0.473370 q_change=50 q_delta=0.377349 q_grad=0.002076
epoch=38 loss_total=0.701124 loss_rec=0.574345 valid_auc=0.692422 valid_rmse=0.474812 q_change=49 q_delta=0.378476 q_grad=0.002190
epoch=39 loss_total=0.701229 loss_rec=0.574452 valid_auc=0.691004 valid_rmse=0.472542 q_change=49 q_delta=0.379968 q_grad=0.002133
epoch=40 loss_total=0.697341 loss_rec=0.570567 valid_auc=0.691808 valid_rmse=0.472826 q_change=49 q_delta=0.380910 q_grad=0.002192
epoch=41 loss_total=0.692048 loss_rec=0.565312 valid_auc=0.692388 valid_rmse=0.474295 q_change=49 q_delta=0.382080 q_grad=0.002202
epoch=42 loss_total=0.693859 loss_rec=0.567108 valid_auc=0.688449 valid_rmse=0.473868 q_change=49 q_delta=0.383313 q_grad=0.002327
epoch=43 loss_total=0.687883 loss_rec=0.561110 valid_auc=0.691228 valid_rmse=0.474452 q_change=49 q_delta=0.384132 q_grad=0.002299
epoch=44 loss_total=0.686754 loss_rec=0.560015 valid_auc=0.688292 valid_rmse=0.475435 q_change=49 q_delta=0.385189 q_grad=0.002356
epoch=45 loss_total=0.681068 loss_rec=0.554376 valid_auc=0.688795 valid_rmse=0.479600 q_change=49 q_delta=0.385674 q_grad=0.002416
epoch=46 loss_total=0.680537 loss_rec=0.553797 valid_auc=0.692254 valid_rmse=0.473619 q_change=49 q_delta=0.386750 q_grad=0.002406
epoch=47 loss_total=0.676880 loss_rec=0.550153 valid_auc=0.689576 valid_rmse=0.476687 q_change=49 q_delta=0.387272 q_grad=0.002436
epoch=48 loss_total=0.673216 loss_rec=0.546495 valid_auc=0.690435 valid_rmse=0.475668 q_change=49 q_delta=0.388050 q_grad=0.002528
epoch=49 loss_total=0.668961 loss_rec=0.542258 valid_auc=0.691440 valid_rmse=0.474672 q_change=48 q_delta=0.388520 q_grad=0.002543
epoch=50 loss_total=0.663204 loss_rec=0.536492 valid_auc=0.688806 valid_rmse=0.477555 q_change=48 q_delta=0.389077 q_grad=0.002540
epoch=51 loss_total=0.662000 loss_rec=0.535364 valid_auc=0.689777 valid_rmse=0.478513 q_change=48 q_delta=0.389613 q_grad=0.002624
epoch=52 loss_total=0.663387 loss_rec=0.536774 valid_auc=0.689185 valid_rmse=0.476968 q_change=48 q_delta=0.390461 q_grad=0.002682
epoch=53 loss_total=0.662969 loss_rec=0.536362 valid_auc=0.689397 valid_rmse=0.476044 q_change=48 q_delta=0.391030 q_grad=0.002695
epoch=54 loss_total=0.654579 loss_rec=0.527960 valid_auc=0.685279 valid_rmse=0.479338 q_change=49 q_delta=0.391506 q_grad=0.002701
epoch=55 loss_total=0.650630 loss_rec=0.524053 valid_auc=0.691574 valid_rmse=0.476064 q_change=49 q_delta=0.392083 q_grad=0.002691
epoch=56 loss_total=0.650368 loss_rec=0.523809 valid_auc=0.687221 valid_rmse=0.478646 q_change=48 q_delta=0.392426 q_grad=0.002759
Early stopping at epoch 56; best_epoch=36.
Saved run to C:\Users\YAN_SHU_YU\Desktop\Generative-CD\Q_GNCDM\results\weak_q_lambda_sweep\lq_0p4_ls_0p6_lb_0p05\seed_2026\noise_0.20\weak-q_lq_0p4_ls_0p6_lb_0p05
Final metrics: q_hat_f1=0.222222 response_auc=0.692189 mastery_pearson=0.388181
