run=weak-q_lq_0p5_ls_0p3_lb_0p4 mode=weak-q noise=0.20 train=4200 valid=600 test=1200
epoch=1 loss_total=0.954561 loss_rec=0.725647 valid_auc=0.588354 valid_rmse=0.499738 q_change=57 q_delta=0.076973 q_grad=0.000308
epoch=2 loss_total=0.912836 loss_rec=0.705723 valid_auc=0.598131 valid_rmse=0.499179 q_change=57 q_delta=0.141574 q_grad=0.000267
epoch=3 loss_total=0.889475 loss_rec=0.699273 valid_auc=0.617165 valid_rmse=0.498074 q_change=57 q_delta=0.193081 q_grad=0.000243
epoch=4 loss_total=0.869130 loss_rec=0.691841 valid_auc=0.642857 valid_rmse=0.496621 q_change=57 q_delta=0.233068 q_grad=0.000232
epoch=5 loss_total=0.856987 loss_rec=0.688816 valid_auc=0.662946 valid_rmse=0.492866 q_change=57 q_delta=0.260670 q_grad=0.000256
epoch=6 loss_total=0.838586 loss_rec=0.676185 valid_auc=0.670346 valid_rmse=0.486869 q_change=57 q_delta=0.276408 q_grad=0.000339
epoch=7 loss_total=0.813041 loss_rec=0.653722 valid_auc=0.669319 valid_rmse=0.479912 q_change=57 q_delta=0.284556 q_grad=0.000509
epoch=8 loss_total=0.799169 loss_rec=0.641599 valid_auc=0.673482 valid_rmse=0.477604 q_change=57 q_delta=0.290420 q_grad=0.000757
epoch=9 loss_total=0.789577 loss_rec=0.633517 valid_auc=0.681775 valid_rmse=0.473696 q_change=57 q_delta=0.295028 q_grad=0.000929
epoch=10 loss_total=0.789742 loss_rec=0.634976 valid_auc=0.682210 valid_rmse=0.474400 q_change=57 q_delta=0.297715 q_grad=0.001025
epoch=11 loss_total=0.785116 loss_rec=0.631027 valid_auc=0.683739 valid_rmse=0.472702 q_change=56 q_delta=0.300181 q_grad=0.001178
epoch=12 loss_total=0.774307 loss_rec=0.620836 valid_auc=0.684955 valid_rmse=0.473707 q_change=55 q_delta=0.302027 q_grad=0.001274
epoch=13 loss_total=0.768917 loss_rec=0.616029 valid_auc=0.685145 valid_rmse=0.472635 q_change=53 q_delta=0.304701 q_grad=0.001308
epoch=14 loss_total=0.767915 loss_rec=0.615488 valid_auc=0.684699 valid_rmse=0.474278 q_change=51 q_delta=0.306695 q_grad=0.001417
epoch=15 loss_total=0.762684 loss_rec=0.610705 valid_auc=0.685033 valid_rmse=0.473212 q_change=51 q_delta=0.309960 q_grad=0.001478
epoch=16 loss_total=0.762913 loss_rec=0.611361 valid_auc=0.685737 valid_rmse=0.473616 q_change=51 q_delta=0.312982 q_grad=0.001594
epoch=17 loss_total=0.757960 loss_rec=0.606872 valid_auc=0.684063 valid_rmse=0.473621 q_change=51 q_delta=0.315794 q_grad=0.001528
epoch=18 loss_total=0.750891 loss_rec=0.600185 valid_auc=0.685703 valid_rmse=0.473616 q_change=51 q_delta=0.318378 q_grad=0.001563
epoch=19 loss_total=0.748885 loss_rec=0.598680 valid_auc=0.686205 valid_rmse=0.474565 q_change=48 q_delta=0.320854 q_grad=0.001662
epoch=20 loss_total=0.744986 loss_rec=0.595113 valid_auc=0.688203 valid_rmse=0.473061 q_change=48 q_delta=0.323331 q_grad=0.001741
epoch=21 loss_total=0.739165 loss_rec=0.589654 valid_auc=0.689107 valid_rmse=0.474206 q_change=48 q_delta=0.325427 q_grad=0.001671
epoch=22 loss_total=0.735599 loss_rec=0.586409 valid_auc=0.688426 valid_rmse=0.474348 q_change=47 q_delta=0.327912 q_grad=0.001808
epoch=23 loss_total=0.732079 loss_rec=0.583235 valid_auc=0.685982 valid_rmse=0.474513 q_change=47 q_delta=0.330345 q_grad=0.001756
epoch=24 loss_total=0.725414 loss_rec=0.576875 valid_auc=0.686038 valid_rmse=0.475473 q_change=47 q_delta=0.332517 q_grad=0.001800
epoch=25 loss_total=0.724074 loss_rec=0.575817 valid_auc=0.687444 valid_rmse=0.475671 q_change=46 q_delta=0.334533 q_grad=0.001918
epoch=26 loss_total=0.720271 loss_rec=0.572289 valid_auc=0.689096 valid_rmse=0.475815 q_change=46 q_delta=0.336418 q_grad=0.001905
epoch=27 loss_total=0.714664 loss_rec=0.566917 valid_auc=0.688214 valid_rmse=0.478324 q_change=45 q_delta=0.338032 q_grad=0.001902
epoch=28 loss_total=0.715689 loss_rec=0.568143 valid_auc=0.689085 valid_rmse=0.476539 q_change=44 q_delta=0.339994 q_grad=0.002028
epoch=29 loss_total=0.707009 loss_rec=0.559695 valid_auc=0.691183 valid_rmse=0.476351 q_change=43 q_delta=0.341534 q_grad=0.002022
epoch=30 loss_total=0.703718 loss_rec=0.556559 valid_auc=0.692065 valid_rmse=0.477313 q_change=40 q_delta=0.342928 q_grad=0.002072
epoch=31 loss_total=0.697284 loss_rec=0.550324 valid_auc=0.691217 valid_rmse=0.477647 q_change=41 q_delta=0.344406 q_grad=0.002072
epoch=32 loss_total=0.695237 loss_rec=0.548472 valid_auc=0.694464 valid_rmse=0.477491 q_change=39 q_delta=0.346105 q_grad=0.002159
epoch=33 loss_total=0.688312 loss_rec=0.541663 valid_auc=0.691094 valid_rmse=0.476708 q_change=39 q_delta=0.347784 q_grad=0.002178
epoch=34 loss_total=0.687434 loss_rec=0.540994 valid_auc=0.691105 valid_rmse=0.476784 q_change=36 q_delta=0.349102 q_grad=0.002192
epoch=35 loss_total=0.686473 loss_rec=0.540176 valid_auc=0.694944 valid_rmse=0.475411 q_change=36 q_delta=0.350645 q_grad=0.002188
epoch=36 loss_total=0.677659 loss_rec=0.531446 valid_auc=0.693103 valid_rmse=0.476297 q_change=36 q_delta=0.351921 q_grad=0.002263
epoch=37 loss_total=0.672236 loss_rec=0.526148 valid_auc=0.691004 valid_rmse=0.479707 q_change=35 q_delta=0.353383 q_grad=0.002265
epoch=38 loss_total=0.664786 loss_rec=0.518866 valid_auc=0.692210 valid_rmse=0.479889 q_change=36 q_delta=0.354745 q_grad=0.002361
epoch=39 loss_total=0.663721 loss_rec=0.517927 valid_auc=0.691875 valid_rmse=0.478929 q_change=35 q_delta=0.356183 q_grad=0.002321
epoch=40 loss_total=0.660540 loss_rec=0.514884 valid_auc=0.690949 valid_rmse=0.480200 q_change=34 q_delta=0.357335 q_grad=0.002382
epoch=41 loss_total=0.652618 loss_rec=0.507130 valid_auc=0.690324 valid_rmse=0.483522 q_change=34 q_delta=0.358637 q_grad=0.002369
epoch=42 loss_total=0.656580 loss_rec=0.511237 valid_auc=0.688337 valid_rmse=0.481822 q_change=34 q_delta=0.359819 q_grad=0.002518
epoch=43 loss_total=0.650391 loss_rec=0.505190 valid_auc=0.691183 valid_rmse=0.482102 q_change=34 q_delta=0.360826 q_grad=0.002449
epoch=44 loss_total=0.646444 loss_rec=0.501360 valid_auc=0.690190 valid_rmse=0.481903 q_change=34 q_delta=0.361909 q_grad=0.002483
epoch=45 loss_total=0.642936 loss_rec=0.498002 valid_auc=0.688348 valid_rmse=0.486371 q_change=34 q_delta=0.362774 q_grad=0.002480
epoch=46 loss_total=0.642042 loss_rec=0.497192 valid_auc=0.693438 valid_rmse=0.481364 q_change=34 q_delta=0.363942 q_grad=0.002507
epoch=47 loss_total=0.638338 loss_rec=0.493645 valid_auc=0.690859 valid_rmse=0.484557 q_change=34 q_delta=0.364869 q_grad=0.002444
epoch=48 loss_total=0.638270 loss_rec=0.493717 valid_auc=0.690257 valid_rmse=0.483348 q_change=34 q_delta=0.366201 q_grad=0.002533
epoch=49 loss_total=0.632229 loss_rec=0.487787 valid_auc=0.691629 valid_rmse=0.481747 q_change=35 q_delta=0.366896 q_grad=0.002458
epoch=50 loss_total=0.627080 loss_rec=0.482734 valid_auc=0.690033 valid_rmse=0.486370 q_change=35 q_delta=0.367925 q_grad=0.002487
epoch=51 loss_total=0.627666 loss_rec=0.483472 valid_auc=0.689766 valid_rmse=0.486503 q_change=35 q_delta=0.368780 q_grad=0.002547
epoch=52 loss_total=0.628424 loss_rec=0.484334 valid_auc=0.690078 valid_rmse=0.484644 q_change=34 q_delta=0.369697 q_grad=0.002524
epoch=53 loss_total=0.629707 loss_rec=0.485715 valid_auc=0.690502 valid_rmse=0.483715 q_change=34 q_delta=0.370329 q_grad=0.002541
epoch=54 loss_total=0.623745 loss_rec=0.479828 valid_auc=0.686763 valid_rmse=0.486102 q_change=34 q_delta=0.371107 q_grad=0.002569
epoch=55 loss_total=0.618905 loss_rec=0.475112 valid_auc=0.693839 valid_rmse=0.482467 q_change=34 q_delta=0.371960 q_grad=0.002488
Early stopping at epoch 55; best_epoch=35.
Saved run to C:\Users\YAN_SHU_YU\Desktop\Generative-CD\Q_GNCDM\results\weak_q_lambda_sweep\lq_0p5_ls_0p3_lb_0p4\seed_2026\noise_0.20\weak-q_lq_0p5_ls_0p3_lb_0p4
Final metrics: q_hat_f1=0.519481 response_auc=0.691845 mastery_pearson=0.499683
