run=weak-q_lq_0p6_ls_0p3_lb_0p05 mode=weak-q noise=0.20 train=4200 valid=600 test=1200
epoch=1 loss_total=0.869742 loss_rec=0.725630 valid_auc=0.588839 valid_rmse=0.499725 q_change=57 q_delta=0.073592 q_grad=0.000257
epoch=2 loss_total=0.835086 loss_rec=0.705384 valid_auc=0.600089 valid_rmse=0.499017 q_change=57 q_delta=0.125157 q_grad=0.000181
epoch=3 loss_total=0.820704 loss_rec=0.697991 valid_auc=0.619643 valid_rmse=0.497417 q_change=57 q_delta=0.157989 q_grad=0.000164
epoch=4 loss_total=0.807490 loss_rec=0.688036 valid_auc=0.645357 valid_rmse=0.494446 q_change=57 q_delta=0.177570 q_grad=0.000189
epoch=5 loss_total=0.796790 loss_rec=0.678161 valid_auc=0.662411 valid_rmse=0.487013 q_change=57 q_delta=0.183257 q_grad=0.000290
epoch=6 loss_total=0.772236 loss_rec=0.652867 valid_auc=0.670547 valid_rmse=0.478492 q_change=56 q_delta=0.181648 q_grad=0.000511
epoch=7 loss_total=0.749807 loss_rec=0.629968 valid_auc=0.676373 valid_rmse=0.476138 q_change=56 q_delta=0.183016 q_grad=0.000743
epoch=8 loss_total=0.743824 loss_rec=0.624042 valid_auc=0.676183 valid_rmse=0.476523 q_change=56 q_delta=0.185841 q_grad=0.000937
epoch=9 loss_total=0.738064 loss_rec=0.618578 valid_auc=0.681194 valid_rmse=0.474074 q_change=55 q_delta=0.189118 q_grad=0.001025
epoch=10 loss_total=0.742316 loss_rec=0.623198 valid_auc=0.678951 valid_rmse=0.475953 q_change=55 q_delta=0.192556 q_grad=0.001031
epoch=11 loss_total=0.741121 loss_rec=0.622111 valid_auc=0.678694 valid_rmse=0.474835 q_change=54 q_delta=0.196125 q_grad=0.001108
epoch=12 loss_total=0.733765 loss_rec=0.614962 valid_auc=0.677500 valid_rmse=0.476569 q_change=54 q_delta=0.199083 q_grad=0.001131
epoch=13 loss_total=0.731119 loss_rec=0.612530 valid_auc=0.677846 valid_rmse=0.475194 q_change=53 q_delta=0.203220 q_grad=0.001099
epoch=14 loss_total=0.732694 loss_rec=0.614185 valid_auc=0.676942 valid_rmse=0.477393 q_change=53 q_delta=0.205498 q_grad=0.001158
epoch=15 loss_total=0.729932 loss_rec=0.611408 valid_auc=0.678627 valid_rmse=0.475806 q_change=53 q_delta=0.208585 q_grad=0.001166
epoch=16 loss_total=0.732744 loss_rec=0.614179 valid_auc=0.678371 valid_rmse=0.476022 q_change=50 q_delta=0.211318 q_grad=0.001249
epoch=17 loss_total=0.729069 loss_rec=0.610607 valid_auc=0.677813 valid_rmse=0.475870 q_change=50 q_delta=0.213607 q_grad=0.001178
epoch=18 loss_total=0.725544 loss_rec=0.607036 valid_auc=0.677913 valid_rmse=0.476381 q_change=50 q_delta=0.216353 q_grad=0.001199
epoch=19 loss_total=0.725577 loss_rec=0.607054 valid_auc=0.677991 valid_rmse=0.476669 q_change=50 q_delta=0.219217 q_grad=0.001259
epoch=20 loss_total=0.724591 loss_rec=0.605979 valid_auc=0.679710 valid_rmse=0.475491 q_change=50 q_delta=0.221973 q_grad=0.001314
epoch=21 loss_total=0.721013 loss_rec=0.602240 valid_auc=0.680837 valid_rmse=0.476049 q_change=49 q_delta=0.224241 q_grad=0.001243
epoch=22 loss_total=0.719773 loss_rec=0.600853 valid_auc=0.679219 valid_rmse=0.476404 q_change=45 q_delta=0.226853 q_grad=0.001337
epoch=23 loss_total=0.718875 loss_rec=0.599755 valid_auc=0.678404 valid_rmse=0.476299 q_change=43 q_delta=0.229518 q_grad=0.001300
epoch=24 loss_total=0.715424 loss_rec=0.596096 valid_auc=0.678248 valid_rmse=0.476708 q_change=43 q_delta=0.232323 q_grad=0.001333
epoch=25 loss_total=0.715776 loss_rec=0.596137 valid_auc=0.678862 valid_rmse=0.476771 q_change=42 q_delta=0.234895 q_grad=0.001401
epoch=26 loss_total=0.714427 loss_rec=0.594538 valid_auc=0.680033 valid_rmse=0.476784 q_change=42 q_delta=0.237568 q_grad=0.001381
epoch=27 loss_total=0.711689 loss_rec=0.591450 valid_auc=0.680525 valid_rmse=0.477373 q_change=42 q_delta=0.240370 q_grad=0.001382
epoch=28 loss_total=0.715072 loss_rec=0.594486 valid_auc=0.680067 valid_rmse=0.477209 q_change=42 q_delta=0.243861 q_grad=0.001459
epoch=29 loss_total=0.709293 loss_rec=0.588365 valid_auc=0.682924 valid_rmse=0.475999 q_change=42 q_delta=0.246880 q_grad=0.001456
epoch=30 loss_total=0.708049 loss_rec=0.586662 valid_auc=0.684118 valid_rmse=0.477381 q_change=39 q_delta=0.249853 q_grad=0.001485
epoch=31 loss_total=0.704904 loss_rec=0.583073 valid_auc=0.683705 valid_rmse=0.476882 q_change=38 q_delta=0.252761 q_grad=0.001494
epoch=32 loss_total=0.705717 loss_rec=0.583415 valid_auc=0.686652 valid_rmse=0.475559 q_change=37 q_delta=0.256509 q_grad=0.001526
epoch=33 loss_total=0.702220 loss_rec=0.579390 valid_auc=0.686060 valid_rmse=0.474833 q_change=35 q_delta=0.260056 q_grad=0.001565
epoch=34 loss_total=0.702068 loss_rec=0.578740 valid_auc=0.684286 valid_rmse=0.475225 q_change=35 q_delta=0.262929 q_grad=0.001539
epoch=35 loss_total=0.702036 loss_rec=0.578204 valid_auc=0.686808 valid_rmse=0.474312 q_change=35 q_delta=0.265975 q_grad=0.001569
epoch=36 loss_total=0.695430 loss_rec=0.571004 valid_auc=0.688002 valid_rmse=0.474921 q_change=35 q_delta=0.268757 q_grad=0.001631
epoch=37 loss_total=0.691117 loss_rec=0.566082 valid_auc=0.687656 valid_rmse=0.476329 q_change=34 q_delta=0.272147 q_grad=0.001650
epoch=38 loss_total=0.686448 loss_rec=0.560888 valid_auc=0.687054 valid_rmse=0.477322 q_change=33 q_delta=0.275472 q_grad=0.001731
epoch=39 loss_total=0.686150 loss_rec=0.559998 valid_auc=0.686953 valid_rmse=0.475807 q_change=32 q_delta=0.278948 q_grad=0.001730
epoch=40 loss_total=0.682170 loss_rec=0.555450 valid_auc=0.687935 valid_rmse=0.476539 q_change=32 q_delta=0.281740 q_grad=0.001771
epoch=41 loss_total=0.676387 loss_rec=0.549146 valid_auc=0.687522 valid_rmse=0.478300 q_change=31 q_delta=0.284920 q_grad=0.001780
epoch=42 loss_total=0.678369 loss_rec=0.550591 valid_auc=0.685670 valid_rmse=0.477541 q_change=31 q_delta=0.288195 q_grad=0.001916
epoch=43 loss_total=0.671400 loss_rec=0.543121 valid_auc=0.688482 valid_rmse=0.478204 q_change=31 q_delta=0.291148 q_grad=0.001881
epoch=44 loss_total=0.670307 loss_rec=0.541575 valid_auc=0.688225 valid_rmse=0.477558 q_change=29 q_delta=0.293810 q_grad=0.001902
epoch=45 loss_total=0.665175 loss_rec=0.536035 valid_auc=0.687690 valid_rmse=0.481903 q_change=28 q_delta=0.295967 q_grad=0.001904
epoch=46 loss_total=0.664653 loss_rec=0.535070 valid_auc=0.691462 valid_rmse=0.477198 q_change=28 q_delta=0.298805 q_grad=0.001938
epoch=47 loss_total=0.662790 loss_rec=0.532827 valid_auc=0.689743 valid_rmse=0.480062 q_change=28 q_delta=0.300765 q_grad=0.001915
epoch=48 loss_total=0.660429 loss_rec=0.530125 valid_auc=0.688192 valid_rmse=0.479010 q_change=28 q_delta=0.303419 q_grad=0.001976
epoch=49 loss_total=0.654910 loss_rec=0.524273 valid_auc=0.691127 valid_rmse=0.477775 q_change=28 q_delta=0.305481 q_grad=0.001964
epoch=50 loss_total=0.650863 loss_rec=0.519963 valid_auc=0.690000 valid_rmse=0.481159 q_change=27 q_delta=0.307868 q_grad=0.001950
epoch=51 loss_total=0.651159 loss_rec=0.520001 valid_auc=0.691618 valid_rmse=0.481279 q_change=26 q_delta=0.309657 q_grad=0.002012
epoch=52 loss_total=0.651947 loss_rec=0.520534 valid_auc=0.688772 valid_rmse=0.480637 q_change=26 q_delta=0.312046 q_grad=0.002016
epoch=53 loss_total=0.653081 loss_rec=0.521420 valid_auc=0.689688 valid_rmse=0.479953 q_change=26 q_delta=0.313716 q_grad=0.002015
epoch=54 loss_total=0.646154 loss_rec=0.514245 valid_auc=0.688504 valid_rmse=0.481518 q_change=26 q_delta=0.315373 q_grad=0.002028
epoch=55 loss_total=0.642109 loss_rec=0.510001 valid_auc=0.695580 valid_rmse=0.477778 q_change=26 q_delta=0.317077 q_grad=0.002016
epoch=56 loss_total=0.641713 loss_rec=0.509428 valid_auc=0.691395 valid_rmse=0.480977 q_change=28 q_delta=0.318591 q_grad=0.001981
epoch=57 loss_total=0.642223 loss_rec=0.509692 valid_auc=0.690067 valid_rmse=0.482663 q_change=28 q_delta=0.320161 q_grad=0.002114
epoch=58 loss_total=0.636944 loss_rec=0.504230 valid_auc=0.691853 valid_rmse=0.482005 q_change=28 q_delta=0.321755 q_grad=0.002059
epoch=59 loss_total=0.633831 loss_rec=0.500973 valid_auc=0.693940 valid_rmse=0.479556 q_change=26 q_delta=0.323202 q_grad=0.002011
epoch=60 loss_total=0.636873 loss_rec=0.503843 valid_auc=0.693772 valid_rmse=0.481557 q_change=26 q_delta=0.324549 q_grad=0.002062
epoch=61 loss_total=0.634305 loss_rec=0.501110 valid_auc=0.692522 valid_rmse=0.480477 q_change=26 q_delta=0.325853 q_grad=0.002106
epoch=62 loss_total=0.631308 loss_rec=0.497967 valid_auc=0.694609 valid_rmse=0.480076 q_change=25 q_delta=0.327103 q_grad=0.002014
epoch=63 loss_total=0.630411 loss_rec=0.496891 valid_auc=0.693359 valid_rmse=0.481486 q_change=25 q_delta=0.328369 q_grad=0.002125
epoch=64 loss_total=0.631686 loss_rec=0.498016 valid_auc=0.694643 valid_rmse=0.482748 q_change=25 q_delta=0.329733 q_grad=0.002106
epoch=65 loss_total=0.629702 loss_rec=0.495891 valid_auc=0.693426 valid_rmse=0.480944 q_change=25 q_delta=0.331298 q_grad=0.002007
epoch=66 loss_total=0.628618 loss_rec=0.494678 valid_auc=0.693125 valid_rmse=0.481347 q_change=25 q_delta=0.332550 q_grad=0.002128
epoch=67 loss_total=0.628129 loss_rec=0.494029 valid_auc=0.692031 valid_rmse=0.482867 q_change=25 q_delta=0.333852 q_grad=0.002111
epoch=68 loss_total=0.621950 loss_rec=0.487700 valid_auc=0.693940 valid_rmse=0.482958 q_change=25 q_delta=0.335052 q_grad=0.002112
epoch=69 loss_total=0.619067 loss_rec=0.484682 valid_auc=0.693783 valid_rmse=0.487463 q_change=25 q_delta=0.336150 q_grad=0.002115
epoch=70 loss_total=0.617747 loss_rec=0.483197 valid_auc=0.692913 valid_rmse=0.482204 q_change=25 q_delta=0.337764 q_grad=0.002158
epoch=71 loss_total=0.617327 loss_rec=0.482688 valid_auc=0.697746 valid_rmse=0.480545 q_change=25 q_delta=0.338860 q_grad=0.002123
epoch=72 loss_total=0.618189 loss_rec=0.483425 valid_auc=0.695067 valid_rmse=0.482387 q_change=25 q_delta=0.339848 q_grad=0.002138
epoch=73 loss_total=0.614196 loss_rec=0.479286 valid_auc=0.691897 valid_rmse=0.484824 q_change=25 q_delta=0.341208 q_grad=0.002182
epoch=74 loss_total=0.617289 loss_rec=0.482284 valid_auc=0.693627 valid_rmse=0.483841 q_change=26 q_delta=0.342117 q_grad=0.002146
epoch=75 loss_total=0.615389 loss_rec=0.480249 valid_auc=0.690882 valid_rmse=0.489002 q_change=26 q_delta=0.343064 q_grad=0.002205
epoch=76 loss_total=0.614206 loss_rec=0.478959 valid_auc=0.693426 valid_rmse=0.482337 q_change=26 q_delta=0.344329 q_grad=0.002141
epoch=77 loss_total=0.606063 loss_rec=0.470689 valid_auc=0.695592 valid_rmse=0.483854 q_change=26 q_delta=0.345217 q_grad=0.002127
epoch=78 loss_total=0.606278 loss_rec=0.470800 valid_auc=0.695446 valid_rmse=0.486570 q_change=26 q_delta=0.346045 q_grad=0.002300
epoch=79 loss_total=0.604336 loss_rec=0.468766 valid_auc=0.692567 valid_rmse=0.484790 q_change=26 q_delta=0.347026 q_grad=0.002247
epoch=80 loss_total=0.603061 loss_rec=0.467408 valid_auc=0.696250 valid_rmse=0.484713 q_change=26 q_delta=0.347977 q_grad=0.002227
epoch=81 loss_total=0.602540 loss_rec=0.466774 valid_auc=0.695402 valid_rmse=0.486243 q_change=27 q_delta=0.348837 q_grad=0.002284
epoch=82 loss_total=0.598400 loss_rec=0.462551 valid_auc=0.693605 valid_rmse=0.486434 q_change=27 q_delta=0.349818 q_grad=0.002278
epoch=83 loss_total=0.604010 loss_rec=0.468099 valid_auc=0.695156 valid_rmse=0.487214 q_change=27 q_delta=0.350706 q_grad=0.002258
epoch=84 loss_total=0.603634 loss_rec=0.467659 valid_auc=0.696172 valid_rmse=0.484007 q_change=27 q_delta=0.351642 q_grad=0.002258
epoch=85 loss_total=0.597989 loss_rec=0.461917 valid_auc=0.696172 valid_rmse=0.487533 q_change=27 q_delta=0.352355 q_grad=0.002314
epoch=86 loss_total=0.597945 loss_rec=0.461771 valid_auc=0.694721 valid_rmse=0.485715 q_change=27 q_delta=0.353522 q_grad=0.002381
epoch=87 loss_total=0.594872 loss_rec=0.458618 valid_auc=0.695625 valid_rmse=0.484899 q_change=28 q_delta=0.354389 q_grad=0.002322
epoch=88 loss_total=0.589328 loss_rec=0.452988 valid_auc=0.696819 valid_rmse=0.486059 q_change=28 q_delta=0.355159 q_grad=0.002343
epoch=89 loss_total=0.590966 loss_rec=0.454600 valid_auc=0.695212 valid_rmse=0.490300 q_change=28 q_delta=0.355795 q_grad=0.002286
epoch=90 loss_total=0.597254 loss_rec=0.460804 valid_auc=0.692187 valid_rmse=0.486036 q_change=28 q_delta=0.356802 q_grad=0.002309
epoch=91 loss_total=0.589346 loss_rec=0.452812 valid_auc=0.693415 valid_rmse=0.486931 q_change=28 q_delta=0.357466 q_grad=0.002302
Early stopping at epoch 91; best_epoch=71.
Saved run to C:\Users\YAN_SHU_YU\Desktop\Generative-CD\Q_GNCDM\results\weak_q_lambda_sweep\lq_0p6_ls_0p3_lb_0p05\seed_2026\noise_0.20\weak-q_lq_0p6_ls_0p3_lb_0p05
Final metrics: q_hat_f1=0.688889 response_auc=0.685437 mastery_pearson=0.542746
