run=weak-q_lq_0p6_ls_0p9_lb_0p3 mode=weak-q noise=0.20 train=4200 valid=600 test=1200
epoch=1 loss_total=1.190843 loss_rec=0.725664 valid_auc=0.587427 valid_rmse=0.499758 q_change=57 q_delta=0.078800 q_grad=0.000895
epoch=2 loss_total=1.106501 loss_rec=0.705951 valid_auc=0.593013 valid_rmse=0.499340 q_change=57 q_delta=0.147719 q_grad=0.000780
epoch=3 loss_total=1.048479 loss_rec=0.700100 valid_auc=0.603828 valid_rmse=0.498617 q_change=57 q_delta=0.204796 q_grad=0.000669
epoch=4 loss_total=1.001563 loss_rec=0.693994 valid_auc=0.619777 valid_rmse=0.498017 q_change=57 q_delta=0.250677 q_grad=0.000567
epoch=5 loss_total=0.970536 loss_rec=0.693988 valid_auc=0.640056 valid_rmse=0.496270 q_change=57 q_delta=0.286517 q_grad=0.000479
epoch=6 loss_total=0.942494 loss_rec=0.689353 valid_auc=0.656016 valid_rmse=0.495301 q_change=57 q_delta=0.314005 q_grad=0.000415
epoch=7 loss_total=0.917134 loss_rec=0.681435 valid_auc=0.657645 valid_rmse=0.492948 q_change=57 q_delta=0.334708 q_grad=0.000383
epoch=8 loss_total=0.896402 loss_rec=0.673183 valid_auc=0.653560 valid_rmse=0.488662 q_change=57 q_delta=0.349228 q_grad=0.000412
epoch=9 loss_total=0.876781 loss_rec=0.662220 valid_auc=0.659637 valid_rmse=0.482020 q_change=57 q_delta=0.360041 q_grad=0.000527
epoch=10 loss_total=0.867495 loss_rec=0.659792 valid_auc=0.661819 valid_rmse=0.481096 q_change=57 q_delta=0.368677 q_grad=0.000626
epoch=11 loss_total=0.858508 loss_rec=0.656065 valid_auc=0.663326 valid_rmse=0.480025 q_change=57 q_delta=0.376103 q_grad=0.000737
epoch=12 loss_total=0.844691 loss_rec=0.646948 valid_auc=0.667400 valid_rmse=0.480616 q_change=57 q_delta=0.382086 q_grad=0.000809
epoch=13 loss_total=0.838714 loss_rec=0.644858 valid_auc=0.670156 valid_rmse=0.477331 q_change=57 q_delta=0.387260 q_grad=0.000838
epoch=14 loss_total=0.834887 loss_rec=0.644012 valid_auc=0.670658 valid_rmse=0.478677 q_change=57 q_delta=0.391092 q_grad=0.000940
epoch=15 loss_total=0.830465 loss_rec=0.642140 valid_auc=0.670536 valid_rmse=0.476830 q_change=57 q_delta=0.394773 q_grad=0.001012
epoch=16 loss_total=0.829196 loss_rec=0.642959 valid_auc=0.673728 valid_rmse=0.476658 q_change=57 q_delta=0.397530 q_grad=0.001126
epoch=17 loss_total=0.826099 loss_rec=0.641753 valid_auc=0.675402 valid_rmse=0.476977 q_change=57 q_delta=0.399962 q_grad=0.001111
epoch=18 loss_total=0.819019 loss_rec=0.636182 valid_auc=0.677400 valid_rmse=0.475735 q_change=57 q_delta=0.402166 q_grad=0.001168
epoch=19 loss_total=0.816338 loss_rec=0.634931 valid_auc=0.678002 valid_rmse=0.476153 q_change=57 q_delta=0.404028 q_grad=0.001271
epoch=20 loss_total=0.814603 loss_rec=0.634306 valid_auc=0.681239 valid_rmse=0.474362 q_change=57 q_delta=0.405746 q_grad=0.001381
epoch=21 loss_total=0.810279 loss_rec=0.631042 valid_auc=0.681373 valid_rmse=0.475782 q_change=57 q_delta=0.406877 q_grad=0.001342
epoch=22 loss_total=0.808834 loss_rec=0.630371 valid_auc=0.682187 valid_rmse=0.474265 q_change=57 q_delta=0.407938 q_grad=0.001479
epoch=23 loss_total=0.805263 loss_rec=0.627509 valid_auc=0.682232 valid_rmse=0.473855 q_change=57 q_delta=0.409091 q_grad=0.001499
epoch=24 loss_total=0.800508 loss_rec=0.623403 valid_auc=0.680714 valid_rmse=0.474254 q_change=57 q_delta=0.409901 q_grad=0.001555
epoch=25 loss_total=0.802922 loss_rec=0.626333 valid_auc=0.681496 valid_rmse=0.474070 q_change=57 q_delta=0.410436 q_grad=0.001704
epoch=26 loss_total=0.800013 loss_rec=0.623825 valid_auc=0.682299 valid_rmse=0.475114 q_change=57 q_delta=0.410981 q_grad=0.001705
epoch=27 loss_total=0.796886 loss_rec=0.620924 valid_auc=0.685859 valid_rmse=0.475045 q_change=57 q_delta=0.411216 q_grad=0.001709
epoch=28 loss_total=0.798992 loss_rec=0.623290 valid_auc=0.684632 valid_rmse=0.474052 q_change=57 q_delta=0.411753 q_grad=0.001800
epoch=29 loss_total=0.794029 loss_rec=0.618514 valid_auc=0.687221 valid_rmse=0.473420 q_change=56 q_delta=0.412128 q_grad=0.001850
epoch=30 loss_total=0.794200 loss_rec=0.618841 valid_auc=0.687589 valid_rmse=0.473392 q_change=56 q_delta=0.412821 q_grad=0.001818
epoch=31 loss_total=0.790311 loss_rec=0.614930 valid_auc=0.689431 valid_rmse=0.473499 q_change=56 q_delta=0.413521 q_grad=0.001858
epoch=32 loss_total=0.792266 loss_rec=0.617037 valid_auc=0.691071 valid_rmse=0.473959 q_change=56 q_delta=0.414050 q_grad=0.001914
epoch=33 loss_total=0.790596 loss_rec=0.615449 valid_auc=0.688203 valid_rmse=0.472215 q_change=56 q_delta=0.414809 q_grad=0.001882
epoch=34 loss_total=0.789405 loss_rec=0.614416 valid_auc=0.689018 valid_rmse=0.472070 q_change=56 q_delta=0.415251 q_grad=0.001885
epoch=35 loss_total=0.789992 loss_rec=0.615134 valid_auc=0.692076 valid_rmse=0.471193 q_change=56 q_delta=0.415642 q_grad=0.001860
epoch=36 loss_total=0.786340 loss_rec=0.611415 valid_auc=0.694163 valid_rmse=0.471903 q_change=56 q_delta=0.415670 q_grad=0.001912
epoch=37 loss_total=0.780631 loss_rec=0.605710 valid_auc=0.693571 valid_rmse=0.471761 q_change=56 q_delta=0.415982 q_grad=0.001909
epoch=38 loss_total=0.779894 loss_rec=0.605120 valid_auc=0.692902 valid_rmse=0.473955 q_change=55 q_delta=0.416261 q_grad=0.002015
epoch=39 loss_total=0.782406 loss_rec=0.607687 valid_auc=0.693549 valid_rmse=0.470900 q_change=55 q_delta=0.416887 q_grad=0.001944
epoch=40 loss_total=0.777906 loss_rec=0.603261 valid_auc=0.694353 valid_rmse=0.471041 q_change=55 q_delta=0.417521 q_grad=0.001976
epoch=41 loss_total=0.774021 loss_rec=0.599476 valid_auc=0.696150 valid_rmse=0.471491 q_change=55 q_delta=0.418090 q_grad=0.001971
epoch=42 loss_total=0.777939 loss_rec=0.603423 valid_auc=0.692757 valid_rmse=0.471495 q_change=55 q_delta=0.418696 q_grad=0.002055
epoch=43 loss_total=0.773239 loss_rec=0.598691 valid_auc=0.693839 valid_rmse=0.471616 q_change=55 q_delta=0.419049 q_grad=0.001997
epoch=44 loss_total=0.774494 loss_rec=0.600097 valid_auc=0.693382 valid_rmse=0.471994 q_change=55 q_delta=0.419639 q_grad=0.002051
epoch=45 loss_total=0.770725 loss_rec=0.596479 valid_auc=0.694096 valid_rmse=0.474886 q_change=55 q_delta=0.420004 q_grad=0.002082
epoch=46 loss_total=0.771748 loss_rec=0.597541 valid_auc=0.695636 valid_rmse=0.470292 q_change=55 q_delta=0.420568 q_grad=0.002037
epoch=47 loss_total=0.769073 loss_rec=0.595023 valid_auc=0.696328 valid_rmse=0.471380 q_change=55 q_delta=0.420983 q_grad=0.002060
epoch=48 loss_total=0.768068 loss_rec=0.594072 valid_auc=0.695123 valid_rmse=0.470873 q_change=54 q_delta=0.421326 q_grad=0.002119
epoch=49 loss_total=0.765739 loss_rec=0.591789 valid_auc=0.695368 valid_rmse=0.471004 q_change=54 q_delta=0.421585 q_grad=0.002151
epoch=50 loss_total=0.761532 loss_rec=0.587595 valid_auc=0.692946 valid_rmse=0.472035 q_change=54 q_delta=0.421802 q_grad=0.002063
epoch=51 loss_total=0.761717 loss_rec=0.587837 valid_auc=0.694319 valid_rmse=0.473833 q_change=54 q_delta=0.421906 q_grad=0.002197
epoch=52 loss_total=0.763000 loss_rec=0.589123 valid_auc=0.692511 valid_rmse=0.472092 q_change=54 q_delta=0.422166 q_grad=0.002201
epoch=53 loss_total=0.763676 loss_rec=0.589725 valid_auc=0.694475 valid_rmse=0.471697 q_change=54 q_delta=0.422260 q_grad=0.002215
epoch=54 loss_total=0.755035 loss_rec=0.580995 valid_auc=0.691730 valid_rmse=0.473577 q_change=53 q_delta=0.422263 q_grad=0.002188
epoch=55 loss_total=0.753562 loss_rec=0.579486 valid_auc=0.695954 valid_rmse=0.471686 q_change=53 q_delta=0.422305 q_grad=0.002235
epoch=56 loss_total=0.754175 loss_rec=0.579937 valid_auc=0.692087 valid_rmse=0.472587 q_change=53 q_delta=0.422666 q_grad=0.002275
epoch=57 loss_total=0.750951 loss_rec=0.576562 valid_auc=0.692411 valid_rmse=0.475400 q_change=53 q_delta=0.422845 q_grad=0.002373
epoch=58 loss_total=0.746043 loss_rec=0.571431 valid_auc=0.690547 valid_rmse=0.476907 q_change=52 q_delta=0.423193 q_grad=0.002349
epoch=59 loss_total=0.745473 loss_rec=0.570848 valid_auc=0.690491 valid_rmse=0.473416 q_change=52 q_delta=0.423971 q_grad=0.002342
epoch=60 loss_total=0.743577 loss_rec=0.568827 valid_auc=0.691518 valid_rmse=0.475090 q_change=52 q_delta=0.424590 q_grad=0.002373
epoch=61 loss_total=0.740705 loss_rec=0.565782 valid_auc=0.691205 valid_rmse=0.474586 q_change=51 q_delta=0.425274 q_grad=0.002462
epoch=62 loss_total=0.736293 loss_rec=0.561321 valid_auc=0.690089 valid_rmse=0.474492 q_change=51 q_delta=0.425873 q_grad=0.002435
epoch=63 loss_total=0.736256 loss_rec=0.561179 valid_auc=0.687679 valid_rmse=0.475125 q_change=51 q_delta=0.426295 q_grad=0.002497
epoch=64 loss_total=0.737777 loss_rec=0.562698 valid_auc=0.693560 valid_rmse=0.477859 q_change=52 q_delta=0.426571 q_grad=0.002553
epoch=65 loss_total=0.731152 loss_rec=0.556019 valid_auc=0.690246 valid_rmse=0.474406 q_change=52 q_delta=0.427162 q_grad=0.002449
epoch=66 loss_total=0.731594 loss_rec=0.556476 valid_auc=0.689342 valid_rmse=0.475425 q_change=52 q_delta=0.427486 q_grad=0.002651
epoch=67 loss_total=0.732502 loss_rec=0.557349 valid_auc=0.688449 valid_rmse=0.476631 q_change=52 q_delta=0.427749 q_grad=0.002656
Early stopping at epoch 67; best_epoch=47.
Saved run to C:\Users\YAN_SHU_YU\Desktop\Generative-CD\Q_GNCDM\results\weak_q_lambda_sweep\lq_0p6_ls_0p9_lb_0p3\seed_2026\noise_0.20\weak-q_lq_0p6_ls_0p9_lb_0p3
Final metrics: q_hat_f1=0.068966 response_auc=0.688570 mastery_pearson=0.338876
