run=weak-q_lq_0p9_ls_0p1_lb_0p8 mode=weak-q noise=0.20 train=4200 valid=600 test=1200
epoch=1 loss_total=0.965872 loss_rec=0.725476 valid_auc=0.592902 valid_rmse=0.499591 q_change=2 q_delta=0.059838 q_grad=0.000142
epoch=2 loss_total=0.936661 loss_rec=0.704344 valid_auc=0.609788 valid_rmse=0.498430 q_change=4 q_delta=0.103489 q_grad=0.000142
epoch=3 loss_total=0.922170 loss_rec=0.695105 valid_auc=0.634777 valid_rmse=0.495663 q_change=9 q_delta=0.137599 q_grad=0.000167
epoch=4 loss_total=0.903537 loss_rec=0.679817 valid_auc=0.657980 valid_rmse=0.489480 q_change=11 q_delta=0.163470 q_grad=0.000233
epoch=5 loss_total=0.880346 loss_rec=0.658011 valid_auc=0.667054 valid_rmse=0.480127 q_change=12 q_delta=0.181648 q_grad=0.000412
epoch=6 loss_total=0.851231 loss_rec=0.629477 valid_auc=0.676451 valid_rmse=0.475302 q_change=11 q_delta=0.195782 q_grad=0.000673
epoch=7 loss_total=0.833464 loss_rec=0.612625 valid_auc=0.683750 valid_rmse=0.474477 q_change=10 q_delta=0.207506 q_grad=0.000796
epoch=8 loss_total=0.825851 loss_rec=0.606035 valid_auc=0.683404 valid_rmse=0.475162 q_change=10 q_delta=0.219624 q_grad=0.000906
epoch=9 loss_total=0.817349 loss_rec=0.598501 valid_auc=0.686641 valid_rmse=0.473847 q_change=10 q_delta=0.230214 q_grad=0.000951
epoch=10 loss_total=0.818300 loss_rec=0.600508 valid_auc=0.686629 valid_rmse=0.475577 q_change=8 q_delta=0.240843 q_grad=0.000952
epoch=11 loss_total=0.813680 loss_rec=0.596686 valid_auc=0.687054 valid_rmse=0.474023 q_change=8 q_delta=0.250192 q_grad=0.001013
epoch=12 loss_total=0.801374 loss_rec=0.585149 valid_auc=0.686629 valid_rmse=0.475776 q_change=9 q_delta=0.258680 q_grad=0.001035
epoch=13 loss_total=0.795653 loss_rec=0.580246 valid_auc=0.686696 valid_rmse=0.474936 q_change=9 q_delta=0.267963 q_grad=0.001038
epoch=14 loss_total=0.792849 loss_rec=0.578164 valid_auc=0.687545 valid_rmse=0.476157 q_change=10 q_delta=0.275670 q_grad=0.001068
epoch=15 loss_total=0.784560 loss_rec=0.570479 valid_auc=0.689554 valid_rmse=0.476073 q_change=10 q_delta=0.283322 q_grad=0.001085
epoch=16 loss_total=0.783309 loss_rec=0.569816 valid_auc=0.690926 valid_rmse=0.476133 q_change=10 q_delta=0.290472 q_grad=0.001185
epoch=17 loss_total=0.774888 loss_rec=0.561975 valid_auc=0.688862 valid_rmse=0.476804 q_change=11 q_delta=0.297297 q_grad=0.001129
epoch=18 loss_total=0.765584 loss_rec=0.553182 valid_auc=0.689754 valid_rmse=0.476850 q_change=11 q_delta=0.303345 q_grad=0.001167
epoch=19 loss_total=0.761560 loss_rec=0.549653 valid_auc=0.691975 valid_rmse=0.477611 q_change=11 q_delta=0.308770 q_grad=0.001197
epoch=20 loss_total=0.755309 loss_rec=0.543833 valid_auc=0.693326 valid_rmse=0.476949 q_change=10 q_delta=0.314160 q_grad=0.001278
epoch=21 loss_total=0.746558 loss_rec=0.535503 valid_auc=0.695815 valid_rmse=0.477721 q_change=11 q_delta=0.318956 q_grad=0.001224
epoch=22 loss_total=0.741615 loss_rec=0.530962 valid_auc=0.695703 valid_rmse=0.477601 q_change=10 q_delta=0.323649 q_grad=0.001295
epoch=23 loss_total=0.735972 loss_rec=0.525654 valid_auc=0.691741 valid_rmse=0.479873 q_change=10 q_delta=0.328132 q_grad=0.001271
epoch=24 loss_total=0.726714 loss_rec=0.516751 valid_auc=0.694085 valid_rmse=0.480312 q_change=10 q_delta=0.332427 q_grad=0.001285
epoch=25 loss_total=0.723846 loss_rec=0.514175 valid_auc=0.695737 valid_rmse=0.480601 q_change=12 q_delta=0.336371 q_grad=0.001350
epoch=26 loss_total=0.719589 loss_rec=0.510184 valid_auc=0.693638 valid_rmse=0.480905 q_change=11 q_delta=0.340063 q_grad=0.001289
epoch=27 loss_total=0.714989 loss_rec=0.505818 valid_auc=0.693114 valid_rmse=0.483926 q_change=12 q_delta=0.343498 q_grad=0.001298
epoch=28 loss_total=0.716818 loss_rec=0.507887 valid_auc=0.693437 valid_rmse=0.482804 q_change=13 q_delta=0.346863 q_grad=0.001348
epoch=29 loss_total=0.711105 loss_rec=0.502414 valid_auc=0.695424 valid_rmse=0.481870 q_change=13 q_delta=0.349642 q_grad=0.001300
epoch=30 loss_total=0.706938 loss_rec=0.498443 valid_auc=0.696283 valid_rmse=0.483149 q_change=12 q_delta=0.352129 q_grad=0.001340
epoch=31 loss_total=0.700947 loss_rec=0.492630 valid_auc=0.696272 valid_rmse=0.482921 q_change=12 q_delta=0.354644 q_grad=0.001311
epoch=32 loss_total=0.700911 loss_rec=0.492778 valid_auc=0.700435 valid_rmse=0.482212 q_change=13 q_delta=0.357122 q_grad=0.001323
epoch=33 loss_total=0.696897 loss_rec=0.488911 valid_auc=0.695871 valid_rmse=0.482582 q_change=13 q_delta=0.359330 q_grad=0.001302
epoch=34 loss_total=0.698234 loss_rec=0.490426 valid_auc=0.697076 valid_rmse=0.481399 q_change=13 q_delta=0.361135 q_grad=0.001286
epoch=35 loss_total=0.699055 loss_rec=0.491401 valid_auc=0.700446 valid_rmse=0.479326 q_change=13 q_delta=0.363019 q_grad=0.001297
epoch=36 loss_total=0.691386 loss_rec=0.483844 valid_auc=0.698527 valid_rmse=0.480651 q_change=13 q_delta=0.364546 q_grad=0.001303
epoch=37 loss_total=0.689384 loss_rec=0.481953 valid_auc=0.697958 valid_rmse=0.482118 q_change=13 q_delta=0.365990 q_grad=0.001276
epoch=38 loss_total=0.682138 loss_rec=0.474856 valid_auc=0.699241 valid_rmse=0.482408 q_change=13 q_delta=0.367436 q_grad=0.001298
epoch=39 loss_total=0.683780 loss_rec=0.476607 valid_auc=0.700290 valid_rmse=0.480985 q_change=13 q_delta=0.368702 q_grad=0.001285
epoch=40 loss_total=0.682123 loss_rec=0.475049 valid_auc=0.699040 valid_rmse=0.481796 q_change=13 q_delta=0.369719 q_grad=0.001281
epoch=41 loss_total=0.677760 loss_rec=0.470803 valid_auc=0.699632 valid_rmse=0.484071 q_change=13 q_delta=0.370938 q_grad=0.001265
epoch=42 loss_total=0.680276 loss_rec=0.473413 valid_auc=0.698594 valid_rmse=0.482449 q_change=13 q_delta=0.372184 q_grad=0.001340
epoch=43 loss_total=0.675886 loss_rec=0.469123 valid_auc=0.700458 valid_rmse=0.483178 q_change=13 q_delta=0.373389 q_grad=0.001321
epoch=44 loss_total=0.670627 loss_rec=0.463951 valid_auc=0.700112 valid_rmse=0.481781 q_change=14 q_delta=0.374504 q_grad=0.001295
epoch=45 loss_total=0.669449 loss_rec=0.462867 valid_auc=0.698761 valid_rmse=0.485470 q_change=14 q_delta=0.375628 q_grad=0.001285
epoch=46 loss_total=0.668462 loss_rec=0.461955 valid_auc=0.702221 valid_rmse=0.481969 q_change=14 q_delta=0.376976 q_grad=0.001315
epoch=47 loss_total=0.666062 loss_rec=0.459651 valid_auc=0.700234 valid_rmse=0.483998 q_change=14 q_delta=0.378092 q_grad=0.001276
epoch=48 loss_total=0.667858 loss_rec=0.461520 valid_auc=0.701562 valid_rmse=0.482216 q_change=15 q_delta=0.379061 q_grad=0.001311
epoch=49 loss_total=0.661949 loss_rec=0.455678 valid_auc=0.700246 valid_rmse=0.481730 q_change=15 q_delta=0.380084 q_grad=0.001266
epoch=50 loss_total=0.660102 loss_rec=0.453895 valid_auc=0.700474 valid_rmse=0.485415 q_change=15 q_delta=0.381273 q_grad=0.001269
epoch=51 loss_total=0.660395 loss_rec=0.454270 valid_auc=0.701763 valid_rmse=0.484257 q_change=15 q_delta=0.381924 q_grad=0.001321
epoch=52 loss_total=0.660387 loss_rec=0.454324 valid_auc=0.699643 valid_rmse=0.484079 q_change=15 q_delta=0.382904 q_grad=0.001310
epoch=53 loss_total=0.663480 loss_rec=0.457480 valid_auc=0.699386 valid_rmse=0.483397 q_change=15 q_delta=0.383521 q_grad=0.001286
epoch=54 loss_total=0.658744 loss_rec=0.452812 valid_auc=0.697154 valid_rmse=0.485009 q_change=15 q_delta=0.384327 q_grad=0.001325
epoch=55 loss_total=0.653878 loss_rec=0.447998 valid_auc=0.703158 valid_rmse=0.481330 q_change=15 q_delta=0.384944 q_grad=0.001257
epoch=56 loss_total=0.650937 loss_rec=0.445112 valid_auc=0.701138 valid_rmse=0.484145 q_change=16 q_delta=0.385587 q_grad=0.001233
epoch=57 loss_total=0.653376 loss_rec=0.447598 valid_auc=0.699074 valid_rmse=0.485121 q_change=16 q_delta=0.386466 q_grad=0.001355
epoch=58 loss_total=0.647659 loss_rec=0.441935 valid_auc=0.700268 valid_rmse=0.485136 q_change=15 q_delta=0.387230 q_grad=0.001286
epoch=59 loss_total=0.645492 loss_rec=0.439806 valid_auc=0.701496 valid_rmse=0.483171 q_change=16 q_delta=0.387888 q_grad=0.001259
epoch=60 loss_total=0.650340 loss_rec=0.444705 valid_auc=0.700714 valid_rmse=0.484953 q_change=16 q_delta=0.388504 q_grad=0.001285
epoch=61 loss_total=0.647981 loss_rec=0.442382 valid_auc=0.699107 valid_rmse=0.483972 q_change=17 q_delta=0.389031 q_grad=0.001309
epoch=62 loss_total=0.643099 loss_rec=0.437548 valid_auc=0.702121 valid_rmse=0.483879 q_change=16 q_delta=0.389731 q_grad=0.001235
epoch=63 loss_total=0.644401 loss_rec=0.438890 valid_auc=0.700056 valid_rmse=0.485237 q_change=16 q_delta=0.390268 q_grad=0.001290
epoch=64 loss_total=0.646434 loss_rec=0.440956 valid_auc=0.701897 valid_rmse=0.485901 q_change=16 q_delta=0.390724 q_grad=0.001298
epoch=65 loss_total=0.643982 loss_rec=0.438555 valid_auc=0.699587 valid_rmse=0.485521 q_change=17 q_delta=0.391428 q_grad=0.001224
epoch=66 loss_total=0.642028 loss_rec=0.436643 valid_auc=0.698594 valid_rmse=0.486372 q_change=17 q_delta=0.391789 q_grad=0.001303
epoch=67 loss_total=0.643636 loss_rec=0.438287 valid_auc=0.698962 valid_rmse=0.485965 q_change=17 q_delta=0.392196 q_grad=0.001280
epoch=68 loss_total=0.638710 loss_rec=0.433386 valid_auc=0.701038 valid_rmse=0.485622 q_change=17 q_delta=0.392502 q_grad=0.001275
epoch=69 loss_total=0.638617 loss_rec=0.433323 valid_auc=0.699855 valid_rmse=0.490824 q_change=17 q_delta=0.392971 q_grad=0.001264
epoch=70 loss_total=0.634029 loss_rec=0.428760 valid_auc=0.700145 valid_rmse=0.485302 q_change=17 q_delta=0.393593 q_grad=0.001286
epoch=71 loss_total=0.634266 loss_rec=0.429053 valid_auc=0.701819 valid_rmse=0.484952 q_change=17 q_delta=0.394050 q_grad=0.001238
epoch=72 loss_total=0.636504 loss_rec=0.431320 valid_auc=0.700815 valid_rmse=0.486235 q_change=17 q_delta=0.394437 q_grad=0.001301
epoch=73 loss_total=0.629982 loss_rec=0.424841 valid_auc=0.698940 valid_rmse=0.487781 q_change=18 q_delta=0.395040 q_grad=0.001311
epoch=74 loss_total=0.636182 loss_rec=0.431072 valid_auc=0.698292 valid_rmse=0.487604 q_change=18 q_delta=0.395351 q_grad=0.001254
epoch=75 loss_total=0.632879 loss_rec=0.427802 valid_auc=0.696752 valid_rmse=0.491818 q_change=18 q_delta=0.395764 q_grad=0.001299
Early stopping at epoch 75; best_epoch=55.
Saved run to C:\Users\YAN_SHU_YU\Desktop\Generative-CD\Q_GNCDM\results\weak_q_lambda_sweep\lq_0p9_ls_0p1_lb_0p8\seed_2026\noise_0.20\weak-q_lq_0p9_ls_0p1_lb_0p8
Final metrics: q_hat_f1=0.816327 response_auc=0.685176 mastery_pearson=0.583672
