run=weak-q_lq_0p05_ls_0p9_lb_0p05 mode=weak-q noise=0.20 train=4200 valid=600 test=1200
epoch=1 loss_total=1.128711 loss_rec=0.725666 valid_auc=0.587455 valid_rmse=0.499760 q_change=57 q_delta=0.079397 q_grad=0.000906
epoch=2 loss_total=1.040694 loss_rec=0.706002 valid_auc=0.592969 valid_rmse=0.499360 q_change=57 q_delta=0.150480 q_grad=0.000832
epoch=3 loss_total=0.975717 loss_rec=0.700268 valid_auc=0.603426 valid_rmse=0.498688 q_change=57 q_delta=0.210386 q_grad=0.000744
epoch=4 loss_total=0.920846 loss_rec=0.694392 valid_auc=0.619208 valid_rmse=0.498206 q_change=57 q_delta=0.258870 q_grad=0.000651
epoch=5 loss_total=0.882437 loss_rec=0.694787 valid_auc=0.638750 valid_rmse=0.496692 q_change=57 q_delta=0.296786 q_grad=0.000559
epoch=6 loss_total=0.848505 loss_rec=0.691026 valid_auc=0.654275 valid_rmse=0.496247 q_change=57 q_delta=0.325924 q_grad=0.000481
epoch=7 loss_total=0.819462 loss_rec=0.685128 valid_auc=0.656451 valid_rmse=0.495043 q_change=57 q_delta=0.348165 q_grad=0.000422
epoch=8 loss_total=0.797500 loss_rec=0.680572 valid_auc=0.651339 valid_rmse=0.492580 q_change=57 q_delta=0.364544 q_grad=0.000393
epoch=9 loss_total=0.777467 loss_rec=0.673265 valid_auc=0.654777 valid_rmse=0.486648 q_change=57 q_delta=0.376685 q_grad=0.000432
epoch=10 loss_total=0.763746 loss_rec=0.669146 valid_auc=0.656395 valid_rmse=0.484348 q_change=57 q_delta=0.385676 q_grad=0.000497
epoch=11 loss_total=0.751235 loss_rec=0.663774 valid_auc=0.657199 valid_rmse=0.482822 q_change=57 q_delta=0.393212 q_grad=0.000596
epoch=12 loss_total=0.735245 loss_rec=0.654173 valid_auc=0.660804 valid_rmse=0.483321 q_change=57 q_delta=0.399578 q_grad=0.000664
epoch=13 loss_total=0.728042 loss_rec=0.652421 valid_auc=0.662779 valid_rmse=0.479861 q_change=57 q_delta=0.405054 q_grad=0.000679
epoch=14 loss_total=0.722572 loss_rec=0.651249 valid_auc=0.665647 valid_rmse=0.481209 q_change=57 q_delta=0.409324 q_grad=0.000752
epoch=15 loss_total=0.717865 loss_rec=0.650280 valid_auc=0.663917 valid_rmse=0.479580 q_change=57 q_delta=0.413326 q_grad=0.000790
epoch=16 loss_total=0.715283 loss_rec=0.650793 valid_auc=0.665022 valid_rmse=0.479620 q_change=57 q_delta=0.416479 q_grad=0.000866
epoch=17 loss_total=0.712546 loss_rec=0.650867 valid_auc=0.667243 valid_rmse=0.480226 q_change=57 q_delta=0.419267 q_grad=0.000841
epoch=18 loss_total=0.705341 loss_rec=0.646052 valid_auc=0.668415 valid_rmse=0.479417 q_change=57 q_delta=0.421816 q_grad=0.000866
epoch=19 loss_total=0.701751 loss_rec=0.644591 valid_auc=0.668025 valid_rmse=0.479362 q_change=57 q_delta=0.423983 q_grad=0.000923
epoch=20 loss_total=0.700301 loss_rec=0.644934 valid_auc=0.671730 valid_rmse=0.477955 q_change=57 q_delta=0.426022 q_grad=0.001002
epoch=21 loss_total=0.696058 loss_rec=0.642415 valid_auc=0.671127 valid_rmse=0.478832 q_change=57 q_delta=0.427575 q_grad=0.000958
epoch=22 loss_total=0.695092 loss_rec=0.642835 valid_auc=0.670324 valid_rmse=0.477706 q_change=57 q_delta=0.429088 q_grad=0.001040
epoch=23 loss_total=0.690986 loss_rec=0.640037 valid_auc=0.669911 valid_rmse=0.477376 q_change=57 q_delta=0.430550 q_grad=0.001051
epoch=24 loss_total=0.686439 loss_rec=0.636710 valid_auc=0.670558 valid_rmse=0.477773 q_change=57 q_delta=0.431740 q_grad=0.001093
epoch=25 loss_total=0.688757 loss_rec=0.640035 valid_auc=0.670201 valid_rmse=0.477301 q_change=57 q_delta=0.432755 q_grad=0.001190
epoch=26 loss_total=0.686032 loss_rec=0.638237 valid_auc=0.670368 valid_rmse=0.477956 q_change=57 q_delta=0.433704 q_grad=0.001202
epoch=27 loss_total=0.683746 loss_rec=0.636717 valid_auc=0.673929 valid_rmse=0.477391 q_change=57 q_delta=0.434515 q_grad=0.001211
epoch=28 loss_total=0.684611 loss_rec=0.638333 valid_auc=0.674967 valid_rmse=0.476548 q_change=57 q_delta=0.435352 q_grad=0.001271
epoch=29 loss_total=0.681425 loss_rec=0.635813 valid_auc=0.676663 valid_rmse=0.476509 q_change=57 q_delta=0.436036 q_grad=0.001329
epoch=30 loss_total=0.682416 loss_rec=0.637416 valid_auc=0.677500 valid_rmse=0.476772 q_change=57 q_delta=0.436611 q_grad=0.001327
epoch=31 loss_total=0.678592 loss_rec=0.634044 valid_auc=0.678549 valid_rmse=0.476088 q_change=57 q_delta=0.437189 q_grad=0.001364
epoch=32 loss_total=0.680431 loss_rec=0.636381 valid_auc=0.678873 valid_rmse=0.477012 q_change=57 q_delta=0.437609 q_grad=0.001423
epoch=33 loss_total=0.679197 loss_rec=0.635508 valid_auc=0.677835 valid_rmse=0.475511 q_change=57 q_delta=0.438255 q_grad=0.001415
epoch=34 loss_total=0.678110 loss_rec=0.634875 valid_auc=0.676708 valid_rmse=0.475208 q_change=57 q_delta=0.438604 q_grad=0.001446
epoch=35 loss_total=0.679703 loss_rec=0.636811 valid_auc=0.678661 valid_rmse=0.474639 q_change=57 q_delta=0.438969 q_grad=0.001447
epoch=36 loss_total=0.676356 loss_rec=0.633761 valid_auc=0.679118 valid_rmse=0.475738 q_change=57 q_delta=0.439187 q_grad=0.001493
epoch=37 loss_total=0.671392 loss_rec=0.629062 valid_auc=0.681473 valid_rmse=0.474940 q_change=57 q_delta=0.439474 q_grad=0.001528
epoch=38 loss_total=0.670372 loss_rec=0.628253 valid_auc=0.681172 valid_rmse=0.476279 q_change=57 q_delta=0.439693 q_grad=0.001636
epoch=39 loss_total=0.674031 loss_rec=0.632162 valid_auc=0.680614 valid_rmse=0.474536 q_change=57 q_delta=0.440068 q_grad=0.001611
epoch=40 loss_total=0.670217 loss_rec=0.628590 valid_auc=0.680781 valid_rmse=0.474673 q_change=57 q_delta=0.440234 q_grad=0.001654
epoch=41 loss_total=0.666231 loss_rec=0.624740 valid_auc=0.682723 valid_rmse=0.474994 q_change=57 q_delta=0.440307 q_grad=0.001680
epoch=42 loss_total=0.670921 loss_rec=0.629542 valid_auc=0.679598 valid_rmse=0.475111 q_change=57 q_delta=0.440481 q_grad=0.001733
epoch=43 loss_total=0.667339 loss_rec=0.625987 valid_auc=0.681886 valid_rmse=0.474546 q_change=57 q_delta=0.440423 q_grad=0.001694
epoch=44 loss_total=0.667691 loss_rec=0.626373 valid_auc=0.683650 valid_rmse=0.474719 q_change=57 q_delta=0.440527 q_grad=0.001765
epoch=45 loss_total=0.665517 loss_rec=0.624243 valid_auc=0.685067 valid_rmse=0.476627 q_change=57 q_delta=0.440445 q_grad=0.001806
epoch=46 loss_total=0.666727 loss_rec=0.625367 valid_auc=0.686194 valid_rmse=0.473042 q_change=57 q_delta=0.440439 q_grad=0.001777
epoch=47 loss_total=0.663726 loss_rec=0.622303 valid_auc=0.688717 valid_rmse=0.473234 q_change=57 q_delta=0.440245 q_grad=0.001802
epoch=48 loss_total=0.664740 loss_rec=0.623191 valid_auc=0.688683 valid_rmse=0.472402 q_change=56 q_delta=0.440185 q_grad=0.001831
epoch=49 loss_total=0.662640 loss_rec=0.620932 valid_auc=0.688426 valid_rmse=0.472601 q_change=56 q_delta=0.440421 q_grad=0.001861
epoch=50 loss_total=0.658362 loss_rec=0.616619 valid_auc=0.685212 valid_rmse=0.473394 q_change=56 q_delta=0.440806 q_grad=0.001782
epoch=51 loss_total=0.658983 loss_rec=0.617174 valid_auc=0.689196 valid_rmse=0.474487 q_change=56 q_delta=0.441092 q_grad=0.001921
epoch=52 loss_total=0.659869 loss_rec=0.618018 valid_auc=0.686652 valid_rmse=0.472786 q_change=56 q_delta=0.441494 q_grad=0.001927
epoch=53 loss_total=0.661463 loss_rec=0.619600 valid_auc=0.689810 valid_rmse=0.471952 q_change=56 q_delta=0.441784 q_grad=0.001910
epoch=54 loss_total=0.653846 loss_rec=0.612010 valid_auc=0.688705 valid_rmse=0.473257 q_change=56 q_delta=0.441971 q_grad=0.001883
epoch=55 loss_total=0.653842 loss_rec=0.611986 valid_auc=0.690804 valid_rmse=0.471815 q_change=56 q_delta=0.442157 q_grad=0.001922
epoch=56 loss_total=0.655969 loss_rec=0.614168 valid_auc=0.688538 valid_rmse=0.472040 q_change=56 q_delta=0.442386 q_grad=0.001980
epoch=57 loss_total=0.654711 loss_rec=0.612941 valid_auc=0.691161 valid_rmse=0.473752 q_change=56 q_delta=0.442402 q_grad=0.002014
epoch=58 loss_total=0.651220 loss_rec=0.609448 valid_auc=0.689944 valid_rmse=0.473504 q_change=56 q_delta=0.442602 q_grad=0.001972
epoch=59 loss_total=0.651240 loss_rec=0.609616 valid_auc=0.690067 valid_rmse=0.471806 q_change=56 q_delta=0.442821 q_grad=0.001986
epoch=60 loss_total=0.650514 loss_rec=0.608895 valid_auc=0.693426 valid_rmse=0.472042 q_change=56 q_delta=0.442842 q_grad=0.002013
epoch=61 loss_total=0.650433 loss_rec=0.608773 valid_auc=0.692433 valid_rmse=0.472186 q_change=56 q_delta=0.442924 q_grad=0.002045
epoch=62 loss_total=0.649315 loss_rec=0.607720 valid_auc=0.691987 valid_rmse=0.471222 q_change=56 q_delta=0.443044 q_grad=0.001989
epoch=63 loss_total=0.650158 loss_rec=0.608512 valid_auc=0.690781 valid_rmse=0.472192 q_change=56 q_delta=0.442988 q_grad=0.001998
epoch=64 loss_total=0.653132 loss_rec=0.611520 valid_auc=0.694353 valid_rmse=0.473778 q_change=56 q_delta=0.443010 q_grad=0.002062
epoch=65 loss_total=0.646735 loss_rec=0.605044 valid_auc=0.693516 valid_rmse=0.470933 q_change=56 q_delta=0.443077 q_grad=0.001945
epoch=66 loss_total=0.647506 loss_rec=0.605765 valid_auc=0.694732 valid_rmse=0.471500 q_change=56 q_delta=0.443002 q_grad=0.002066
epoch=67 loss_total=0.649570 loss_rec=0.607760 valid_auc=0.691429 valid_rmse=0.472943 q_change=56 q_delta=0.442975 q_grad=0.002025
epoch=68 loss_total=0.645673 loss_rec=0.603779 valid_auc=0.694308 valid_rmse=0.472685 q_change=56 q_delta=0.442867 q_grad=0.002035
epoch=69 loss_total=0.642211 loss_rec=0.600247 valid_auc=0.696931 valid_rmse=0.477516 q_change=55 q_delta=0.442695 q_grad=0.002101
epoch=70 loss_total=0.641949 loss_rec=0.599885 valid_auc=0.694018 valid_rmse=0.471195 q_change=54 q_delta=0.442822 q_grad=0.002087
epoch=71 loss_total=0.643959 loss_rec=0.601854 valid_auc=0.694844 valid_rmse=0.471196 q_change=54 q_delta=0.443147 q_grad=0.002083
epoch=72 loss_total=0.642016 loss_rec=0.599810 valid_auc=0.693281 valid_rmse=0.472066 q_change=54 q_delta=0.443360 q_grad=0.002091
epoch=73 loss_total=0.639501 loss_rec=0.597310 valid_auc=0.690904 valid_rmse=0.472053 q_change=54 q_delta=0.443696 q_grad=0.002144
epoch=74 loss_total=0.642908 loss_rec=0.600646 valid_auc=0.692344 valid_rmse=0.472739 q_change=54 q_delta=0.443878 q_grad=0.002088
epoch=75 loss_total=0.641262 loss_rec=0.598927 valid_auc=0.692567 valid_rmse=0.478459 q_change=54 q_delta=0.443997 q_grad=0.002079
epoch=76 loss_total=0.640857 loss_rec=0.598445 valid_auc=0.690167 valid_rmse=0.472206 q_change=54 q_delta=0.444322 q_grad=0.002065
epoch=77 loss_total=0.634832 loss_rec=0.592389 valid_auc=0.691105 valid_rmse=0.475819 q_change=54 q_delta=0.444452 q_grad=0.002061
epoch=78 loss_total=0.635901 loss_rec=0.593444 valid_auc=0.691205 valid_rmse=0.473625 q_change=54 q_delta=0.444661 q_grad=0.002214
epoch=79 loss_total=0.635626 loss_rec=0.593217 valid_auc=0.690949 valid_rmse=0.473277 q_change=54 q_delta=0.444876 q_grad=0.002276
epoch=80 loss_total=0.635269 loss_rec=0.592840 valid_auc=0.690547 valid_rmse=0.472886 q_change=54 q_delta=0.445060 q_grad=0.002192
epoch=81 loss_total=0.631561 loss_rec=0.589115 valid_auc=0.692266 valid_rmse=0.474571 q_change=54 q_delta=0.445221 q_grad=0.002255
epoch=82 loss_total=0.631519 loss_rec=0.589101 valid_auc=0.690815 valid_rmse=0.474135 q_change=54 q_delta=0.445351 q_grad=0.002280
epoch=83 loss_total=0.630290 loss_rec=0.587901 valid_auc=0.691384 valid_rmse=0.478015 q_change=54 q_delta=0.445483 q_grad=0.002259
epoch=84 loss_total=0.631191 loss_rec=0.588762 valid_auc=0.691897 valid_rmse=0.474604 q_change=54 q_delta=0.445724 q_grad=0.002337
epoch=85 loss_total=0.632568 loss_rec=0.590183 valid_auc=0.690703 valid_rmse=0.478490 q_change=54 q_delta=0.445710 q_grad=0.002350
epoch=86 loss_total=0.634317 loss_rec=0.591910 valid_auc=0.689096 valid_rmse=0.475725 q_change=54 q_delta=0.445870 q_grad=0.002333
epoch=87 loss_total=0.628605 loss_rec=0.586239 valid_auc=0.688460 valid_rmse=0.475855 q_change=54 q_delta=0.446003 q_grad=0.002276
epoch=88 loss_total=0.622944 loss_rec=0.580583 valid_auc=0.687254 valid_rmse=0.475717 q_change=54 q_delta=0.446119 q_grad=0.002361
epoch=89 loss_total=0.624549 loss_rec=0.582219 valid_auc=0.687913 valid_rmse=0.480832 q_change=54 q_delta=0.446163 q_grad=0.002400
Early stopping at epoch 89; best_epoch=69.
Saved run to C:\Users\YAN_SHU_YU\Desktop\Generative-CD\Q_GNCDM\results\weak_q_lambda_sweep\lq_0p05_ls_0p9_lb_0p05\seed_2026\noise_0.20\weak-q_lq_0p05_ls_0p9_lb_0p05
Final metrics: q_hat_f1=0.068966 response_auc=0.682452 mastery_pearson=0.289589
