run=weak-q_lq_0p9_ls_0p8_lb_0p8 mode=weak-q noise=0.20 train=4200 valid=600 test=1200
epoch=1 loss_total=1.269660 loss_rec=0.725665 valid_auc=0.587511 valid_rmse=0.499758 q_change=57 q_delta=0.079123 q_grad=0.000835
epoch=2 loss_total=1.188032 loss_rec=0.705975 valid_auc=0.593158 valid_rmse=0.499347 q_change=57 q_delta=0.149284 q_grad=0.000751
epoch=3 loss_total=1.130065 loss_rec=0.700180 valid_auc=0.604062 valid_rmse=0.498644 q_change=57 q_delta=0.208014 q_grad=0.000661
epoch=4 loss_total=1.081831 loss_rec=0.694187 valid_auc=0.620324 valid_rmse=0.498098 q_change=57 q_delta=0.255441 q_grad=0.000571
epoch=5 loss_total=1.049097 loss_rec=0.694385 valid_auc=0.640530 valid_rmse=0.496468 q_change=57 q_delta=0.292487 q_grad=0.000489
epoch=6 loss_total=1.019608 loss_rec=0.690207 valid_auc=0.656127 valid_rmse=0.495769 q_change=57 q_delta=0.320870 q_grad=0.000424
epoch=7 loss_total=0.993582 loss_rec=0.683356 valid_auc=0.657455 valid_rmse=0.494010 q_change=57 q_delta=0.342339 q_grad=0.000384
epoch=8 loss_total=0.973144 loss_rec=0.676980 valid_auc=0.652924 valid_rmse=0.490541 q_change=57 q_delta=0.357644 q_grad=0.000388
epoch=9 loss_total=0.953599 loss_rec=0.667357 valid_auc=0.657589 valid_rmse=0.483894 q_change=57 q_delta=0.368813 q_grad=0.000472
epoch=10 loss_total=0.942404 loss_rec=0.663766 valid_auc=0.658962 valid_rmse=0.482389 q_change=57 q_delta=0.377396 q_grad=0.000563
epoch=11 loss_total=0.932304 loss_rec=0.659460 valid_auc=0.660100 valid_rmse=0.481269 q_change=57 q_delta=0.384789 q_grad=0.000670
epoch=12 loss_total=0.917897 loss_rec=0.650281 valid_auc=0.663783 valid_rmse=0.481852 q_change=57 q_delta=0.390870 q_grad=0.000735
epoch=13 loss_total=0.911689 loss_rec=0.648472 valid_auc=0.665737 valid_rmse=0.478584 q_change=57 q_delta=0.396117 q_grad=0.000757
epoch=14 loss_total=0.907305 loss_rec=0.647497 valid_auc=0.668181 valid_rmse=0.479876 q_change=57 q_delta=0.400079 q_grad=0.000844
epoch=15 loss_total=0.902933 loss_rec=0.646073 valid_auc=0.667154 valid_rmse=0.478189 q_change=57 q_delta=0.403867 q_grad=0.000899
epoch=16 loss_total=0.901196 loss_rec=0.646773 valid_auc=0.668962 valid_rmse=0.478063 q_change=57 q_delta=0.406761 q_grad=0.000996
epoch=17 loss_total=0.898344 loss_rec=0.646124 valid_auc=0.670714 valid_rmse=0.478513 q_change=57 q_delta=0.409306 q_grad=0.000978
epoch=18 loss_total=0.891284 loss_rec=0.640875 valid_auc=0.671518 valid_rmse=0.477461 q_change=57 q_delta=0.411626 q_grad=0.001021
epoch=19 loss_total=0.888147 loss_rec=0.639396 valid_auc=0.672009 valid_rmse=0.477458 q_change=57 q_delta=0.413578 q_grad=0.001104
epoch=20 loss_total=0.886592 loss_rec=0.639187 valid_auc=0.675658 valid_rmse=0.475897 q_change=57 q_delta=0.415402 q_grad=0.001205
epoch=21 loss_total=0.882373 loss_rec=0.636253 valid_auc=0.676886 valid_rmse=0.476860 q_change=57 q_delta=0.416677 q_grad=0.001167
epoch=22 loss_total=0.881093 loss_rec=0.635955 valid_auc=0.678438 valid_rmse=0.475446 q_change=57 q_delta=0.417884 q_grad=0.001284
epoch=23 loss_total=0.877211 loss_rec=0.632969 valid_auc=0.677344 valid_rmse=0.474983 q_change=57 q_delta=0.419115 q_grad=0.001306
epoch=24 loss_total=0.872406 loss_rec=0.629012 valid_auc=0.677600 valid_rmse=0.475320 q_change=57 q_delta=0.420036 q_grad=0.001364
epoch=25 loss_total=0.874919 loss_rec=0.632196 valid_auc=0.678884 valid_rmse=0.474938 q_change=57 q_delta=0.420710 q_grad=0.001500
epoch=26 loss_total=0.871986 loss_rec=0.629831 valid_auc=0.679911 valid_rmse=0.475790 q_change=57 q_delta=0.421344 q_grad=0.001512
epoch=27 loss_total=0.869196 loss_rec=0.627436 valid_auc=0.683661 valid_rmse=0.475312 q_change=57 q_delta=0.421704 q_grad=0.001527
epoch=28 loss_total=0.870563 loss_rec=0.629199 valid_auc=0.683371 valid_rmse=0.474350 q_change=57 q_delta=0.422203 q_grad=0.001617
epoch=29 loss_total=0.866279 loss_rec=0.625183 valid_auc=0.685737 valid_rmse=0.473907 q_change=57 q_delta=0.422402 q_grad=0.001684
epoch=30 loss_total=0.866593 loss_rec=0.625699 valid_auc=0.685290 valid_rmse=0.473932 q_change=57 q_delta=0.422443 q_grad=0.001669
epoch=31 loss_total=0.862348 loss_rec=0.621395 valid_auc=0.688348 valid_rmse=0.473587 q_change=56 q_delta=0.422372 q_grad=0.001717
epoch=32 loss_total=0.863760 loss_rec=0.622889 valid_auc=0.690558 valid_rmse=0.474294 q_change=56 q_delta=0.422756 q_grad=0.001785
epoch=33 loss_total=0.861825 loss_rec=0.620941 valid_auc=0.686685 valid_rmse=0.472609 q_change=56 q_delta=0.423535 q_grad=0.001762
epoch=34 loss_total=0.860239 loss_rec=0.619438 valid_auc=0.686975 valid_rmse=0.472392 q_change=56 q_delta=0.423948 q_grad=0.001788
epoch=35 loss_total=0.860956 loss_rec=0.620213 valid_auc=0.690692 valid_rmse=0.471554 q_change=56 q_delta=0.424278 q_grad=0.001776
epoch=36 loss_total=0.857243 loss_rec=0.616428 valid_auc=0.692444 valid_rmse=0.472081 q_change=56 q_delta=0.424260 q_grad=0.001826
epoch=37 loss_total=0.851001 loss_rec=0.610133 valid_auc=0.691741 valid_rmse=0.471981 q_change=56 q_delta=0.424415 q_grad=0.001832
epoch=38 loss_total=0.850014 loss_rec=0.609229 valid_auc=0.690893 valid_rmse=0.474235 q_change=55 q_delta=0.424534 q_grad=0.001942
epoch=39 loss_total=0.852563 loss_rec=0.611791 valid_auc=0.693158 valid_rmse=0.471184 q_change=55 q_delta=0.425057 q_grad=0.001878
epoch=40 loss_total=0.847757 loss_rec=0.607018 valid_auc=0.693192 valid_rmse=0.471351 q_change=55 q_delta=0.425599 q_grad=0.001909
epoch=41 loss_total=0.843243 loss_rec=0.602571 valid_auc=0.695067 valid_rmse=0.471656 q_change=55 q_delta=0.426067 q_grad=0.001911
epoch=42 loss_total=0.847421 loss_rec=0.606770 valid_auc=0.692154 valid_rmse=0.471577 q_change=55 q_delta=0.426557 q_grad=0.001981
epoch=43 loss_total=0.842739 loss_rec=0.602052 valid_auc=0.693337 valid_rmse=0.471393 q_change=55 q_delta=0.426802 q_grad=0.001925
epoch=44 loss_total=0.843385 loss_rec=0.602831 valid_auc=0.693817 valid_rmse=0.471695 q_change=55 q_delta=0.427266 q_grad=0.001985
epoch=45 loss_total=0.839960 loss_rec=0.599553 valid_auc=0.695391 valid_rmse=0.474354 q_change=55 q_delta=0.427528 q_grad=0.002012
epoch=46 loss_total=0.840798 loss_rec=0.600445 valid_auc=0.697210 valid_rmse=0.469859 q_change=55 q_delta=0.427967 q_grad=0.001969
epoch=47 loss_total=0.838147 loss_rec=0.597963 valid_auc=0.698147 valid_rmse=0.470672 q_change=55 q_delta=0.428294 q_grad=0.001996
epoch=48 loss_total=0.837632 loss_rec=0.597535 valid_auc=0.696440 valid_rmse=0.470189 q_change=55 q_delta=0.428560 q_grad=0.002046
epoch=49 loss_total=0.835244 loss_rec=0.595230 valid_auc=0.697790 valid_rmse=0.470200 q_change=54 q_delta=0.428760 q_grad=0.002080
epoch=50 loss_total=0.831131 loss_rec=0.591189 valid_auc=0.695156 valid_rmse=0.471154 q_change=54 q_delta=0.428975 q_grad=0.001991
epoch=51 loss_total=0.831479 loss_rec=0.591668 valid_auc=0.697065 valid_rmse=0.472735 q_change=54 q_delta=0.429091 q_grad=0.002124
epoch=52 loss_total=0.832836 loss_rec=0.593129 valid_auc=0.694442 valid_rmse=0.471152 q_change=54 q_delta=0.429357 q_grad=0.002128
epoch=53 loss_total=0.834141 loss_rec=0.594466 valid_auc=0.696172 valid_rmse=0.470676 q_change=54 q_delta=0.429490 q_grad=0.002141
epoch=54 loss_total=0.825896 loss_rec=0.586283 valid_auc=0.694051 valid_rmse=0.472374 q_change=54 q_delta=0.429554 q_grad=0.002107
epoch=55 loss_total=0.824919 loss_rec=0.585391 valid_auc=0.698616 valid_rmse=0.470594 q_change=54 q_delta=0.429614 q_grad=0.002160
epoch=56 loss_total=0.826015 loss_rec=0.586470 valid_auc=0.695402 valid_rmse=0.471310 q_change=54 q_delta=0.429618 q_grad=0.002199
epoch=57 loss_total=0.823435 loss_rec=0.583858 valid_auc=0.695156 valid_rmse=0.473924 q_change=54 q_delta=0.429450 q_grad=0.002282
epoch=58 loss_total=0.819265 loss_rec=0.579578 valid_auc=0.693292 valid_rmse=0.475108 q_change=54 q_delta=0.429334 q_grad=0.002251
epoch=59 loss_total=0.818953 loss_rec=0.579265 valid_auc=0.692176 valid_rmse=0.472479 q_change=54 q_delta=0.429323 q_grad=0.002251
epoch=60 loss_total=0.817222 loss_rec=0.577399 valid_auc=0.692388 valid_rmse=0.474287 q_change=54 q_delta=0.429054 q_grad=0.002287
epoch=61 loss_total=0.814232 loss_rec=0.574186 valid_auc=0.691417 valid_rmse=0.474123 q_change=53 q_delta=0.428870 q_grad=0.002363
epoch=62 loss_total=0.809926 loss_rec=0.569747 valid_auc=0.690525 valid_rmse=0.473951 q_change=52 q_delta=0.429250 q_grad=0.002336
epoch=63 loss_total=0.809294 loss_rec=0.568918 valid_auc=0.687712 valid_rmse=0.474834 q_change=51 q_delta=0.429805 q_grad=0.002381
epoch=64 loss_total=0.810801 loss_rec=0.570319 valid_auc=0.692667 valid_rmse=0.477476 q_change=51 q_delta=0.430267 q_grad=0.002440
epoch=65 loss_total=0.803566 loss_rec=0.562956 valid_auc=0.689621 valid_rmse=0.474505 q_change=51 q_delta=0.430995 q_grad=0.002342
epoch=66 loss_total=0.803360 loss_rec=0.562687 valid_auc=0.688225 valid_rmse=0.475785 q_change=51 q_delta=0.431471 q_grad=0.002520
epoch=67 loss_total=0.804081 loss_rec=0.563331 valid_auc=0.686875 valid_rmse=0.477089 q_change=52 q_delta=0.431873 q_grad=0.002531
epoch=68 loss_total=0.798025 loss_rec=0.557253 valid_auc=0.689665 valid_rmse=0.479176 q_change=52 q_delta=0.432238 q_grad=0.002541
epoch=69 loss_total=0.793894 loss_rec=0.553118 valid_auc=0.692031 valid_rmse=0.483478 q_change=52 q_delta=0.432507 q_grad=0.002650
epoch=70 loss_total=0.791675 loss_rec=0.550886 valid_auc=0.687578 valid_rmse=0.476232 q_change=52 q_delta=0.432951 q_grad=0.002686
epoch=71 loss_total=0.792980 loss_rec=0.552254 valid_auc=0.688214 valid_rmse=0.475758 q_change=52 q_delta=0.433279 q_grad=0.002722
epoch=72 loss_total=0.790534 loss_rec=0.549790 valid_auc=0.687366 valid_rmse=0.476214 q_change=52 q_delta=0.433478 q_grad=0.002723
epoch=73 loss_total=0.785824 loss_rec=0.545147 valid_auc=0.685826 valid_rmse=0.477183 q_change=52 q_delta=0.433710 q_grad=0.002809
epoch=74 loss_total=0.790504 loss_rec=0.549842 valid_auc=0.685658 valid_rmse=0.477866 q_change=52 q_delta=0.433905 q_grad=0.002749
epoch=75 loss_total=0.787564 loss_rec=0.546900 valid_auc=0.682210 valid_rmse=0.485834 q_change=52 q_delta=0.433975 q_grad=0.002749
Early stopping at epoch 75; best_epoch=55.
Saved run to C:\Users\YAN_SHU_YU\Desktop\Generative-CD\Q_GNCDM\results\weak_q_lambda_sweep\lq_0p9_ls_0p8_lb_0p8\seed_2026\noise_0.20\weak-q_lq_0p9_ls_0p8_lb_0p8
Final metrics: q_hat_f1=0.101695 response_auc=0.686888 mastery_pearson=0.342905
