run=weak-q_lq_0p2_ls_0p4_lb_0p05 mode=weak-q noise=0.20 train=4200 valid=600 test=1200
epoch=1 loss_total=0.912148 loss_rec=0.725653 valid_auc=0.587952 valid_rmse=0.499746 q_change=57 q_delta=0.077634 q_grad=0.000387
epoch=2 loss_total=0.864796 loss_rec=0.705801 valid_auc=0.596016 valid_rmse=0.499237 q_change=57 q_delta=0.143604 q_grad=0.000331
epoch=3 loss_total=0.837093 loss_rec=0.699555 valid_auc=0.612455 valid_rmse=0.498268 q_change=57 q_delta=0.196929 q_grad=0.000290
epoch=4 loss_total=0.813705 loss_rec=0.692614 valid_auc=0.636468 valid_rmse=0.497145 q_change=57 q_delta=0.238993 q_grad=0.000261
epoch=5 loss_total=0.799994 loss_rec=0.690818 valid_auc=0.657556 valid_rmse=0.494213 q_change=57 q_delta=0.269728 q_grad=0.000263
epoch=6 loss_total=0.782487 loss_rec=0.681420 valid_auc=0.667667 valid_rmse=0.490089 q_change=57 q_delta=0.289736 q_grad=0.000307
epoch=7 loss_total=0.759001 loss_rec=0.662796 valid_auc=0.666551 valid_rmse=0.482956 q_change=57 q_delta=0.301125 q_grad=0.000429
epoch=8 loss_total=0.742057 loss_rec=0.648480 valid_auc=0.668337 valid_rmse=0.479431 q_change=57 q_delta=0.308577 q_grad=0.000658
epoch=9 loss_total=0.731469 loss_rec=0.640058 valid_auc=0.675982 valid_rmse=0.475379 q_change=57 q_delta=0.315212 q_grad=0.000841
epoch=10 loss_total=0.731379 loss_rec=0.641897 valid_auc=0.676920 valid_rmse=0.475822 q_change=57 q_delta=0.319871 q_grad=0.000938
epoch=11 loss_total=0.726894 loss_rec=0.638580 valid_auc=0.679464 valid_rmse=0.474344 q_change=57 q_delta=0.323829 q_grad=0.001089
epoch=12 loss_total=0.716503 loss_rec=0.629205 valid_auc=0.681306 valid_rmse=0.474992 q_change=57 q_delta=0.326257 q_grad=0.001188
epoch=13 loss_total=0.711947 loss_rec=0.625439 valid_auc=0.682232 valid_rmse=0.473211 q_change=57 q_delta=0.328919 q_grad=0.001238
epoch=14 loss_total=0.711233 loss_rec=0.625249 valid_auc=0.681763 valid_rmse=0.474793 q_change=57 q_delta=0.330071 q_grad=0.001362
epoch=15 loss_total=0.707312 loss_rec=0.621740 valid_auc=0.681440 valid_rmse=0.473434 q_change=56 q_delta=0.332004 q_grad=0.001442
epoch=16 loss_total=0.708046 loss_rec=0.622816 valid_auc=0.683661 valid_rmse=0.473629 q_change=56 q_delta=0.333619 q_grad=0.001562
epoch=17 loss_total=0.704392 loss_rec=0.619540 valid_auc=0.682902 valid_rmse=0.473686 q_change=56 q_delta=0.335326 q_grad=0.001503
epoch=18 loss_total=0.698278 loss_rec=0.613713 valid_auc=0.683817 valid_rmse=0.473632 q_change=55 q_delta=0.337060 q_grad=0.001539
epoch=19 loss_total=0.697195 loss_rec=0.613074 valid_auc=0.683873 valid_rmse=0.474481 q_change=55 q_delta=0.338813 q_grad=0.001647
epoch=20 loss_total=0.694569 loss_rec=0.610692 valid_auc=0.685603 valid_rmse=0.472881 q_change=54 q_delta=0.340546 q_grad=0.001717
epoch=21 loss_total=0.690365 loss_rec=0.606806 valid_auc=0.686741 valid_rmse=0.474203 q_change=52 q_delta=0.341936 q_grad=0.001636
epoch=22 loss_total=0.687895 loss_rec=0.604589 valid_auc=0.685949 valid_rmse=0.473971 q_change=52 q_delta=0.343666 q_grad=0.001770
epoch=23 loss_total=0.685596 loss_rec=0.602581 valid_auc=0.684152 valid_rmse=0.473777 q_change=52 q_delta=0.346426 q_grad=0.001733
epoch=24 loss_total=0.680790 loss_rec=0.598052 valid_auc=0.682879 valid_rmse=0.474740 q_change=52 q_delta=0.348695 q_grad=0.001760
epoch=25 loss_total=0.681572 loss_rec=0.599107 valid_auc=0.683170 valid_rmse=0.474784 q_change=52 q_delta=0.350798 q_grad=0.001869
epoch=26 loss_total=0.679026 loss_rec=0.596810 valid_auc=0.685446 valid_rmse=0.475052 q_change=51 q_delta=0.352712 q_grad=0.001854
epoch=27 loss_total=0.675631 loss_rec=0.593617 valid_auc=0.685290 valid_rmse=0.475999 q_change=51 q_delta=0.354472 q_grad=0.001837
epoch=28 loss_total=0.678200 loss_rec=0.596416 valid_auc=0.685301 valid_rmse=0.475112 q_change=51 q_delta=0.356383 q_grad=0.001917
epoch=29 loss_total=0.671510 loss_rec=0.589961 valid_auc=0.687366 valid_rmse=0.474454 q_change=51 q_delta=0.358110 q_grad=0.001934
epoch=30 loss_total=0.670377 loss_rec=0.588989 valid_auc=0.689029 valid_rmse=0.475334 q_change=51 q_delta=0.359556 q_grad=0.001924
epoch=31 loss_total=0.666101 loss_rec=0.584864 valid_auc=0.688661 valid_rmse=0.474969 q_change=51 q_delta=0.361132 q_grad=0.001955
epoch=32 loss_total=0.666942 loss_rec=0.585859 valid_auc=0.690201 valid_rmse=0.474569 q_change=51 q_delta=0.362626 q_grad=0.002011
epoch=33 loss_total=0.664014 loss_rec=0.583026 valid_auc=0.689431 valid_rmse=0.472979 q_change=50 q_delta=0.364093 q_grad=0.002017
epoch=34 loss_total=0.663292 loss_rec=0.582481 valid_auc=0.687388 valid_rmse=0.473437 q_change=50 q_delta=0.365266 q_grad=0.001999
epoch=35 loss_total=0.662541 loss_rec=0.581821 valid_auc=0.691373 valid_rmse=0.472391 q_change=50 q_delta=0.366662 q_grad=0.002000
epoch=36 loss_total=0.655689 loss_rec=0.575005 valid_auc=0.692020 valid_rmse=0.473337 q_change=50 q_delta=0.367682 q_grad=0.002075
epoch=37 loss_total=0.651393 loss_rec=0.570788 valid_auc=0.691016 valid_rmse=0.474512 q_change=50 q_delta=0.368790 q_grad=0.002082
epoch=38 loss_total=0.647901 loss_rec=0.567382 valid_auc=0.690725 valid_rmse=0.475722 q_change=50 q_delta=0.369782 q_grad=0.002196
epoch=39 loss_total=0.647191 loss_rec=0.566768 valid_auc=0.688694 valid_rmse=0.473769 q_change=49 q_delta=0.371198 q_grad=0.002144
epoch=40 loss_total=0.643384 loss_rec=0.563029 valid_auc=0.689542 valid_rmse=0.474380 q_change=49 q_delta=0.371948 q_grad=0.002212
epoch=41 loss_total=0.637466 loss_rec=0.557200 valid_auc=0.690402 valid_rmse=0.475987 q_change=49 q_delta=0.372761 q_grad=0.002224
epoch=42 loss_total=0.638927 loss_rec=0.558740 valid_auc=0.686585 valid_rmse=0.475539 q_change=48 q_delta=0.373810 q_grad=0.002355
epoch=43 loss_total=0.632652 loss_rec=0.552536 valid_auc=0.688471 valid_rmse=0.476435 q_change=48 q_delta=0.374516 q_grad=0.002326
epoch=44 loss_total=0.630693 loss_rec=0.550640 valid_auc=0.685781 valid_rmse=0.477411 q_change=48 q_delta=0.375460 q_grad=0.002384
epoch=45 loss_total=0.624751 loss_rec=0.544789 valid_auc=0.686004 valid_rmse=0.481565 q_change=48 q_delta=0.375965 q_grad=0.002438
epoch=46 loss_total=0.623669 loss_rec=0.543710 valid_auc=0.689688 valid_rmse=0.476121 q_change=48 q_delta=0.377212 q_grad=0.002426
epoch=47 loss_total=0.620174 loss_rec=0.540298 valid_auc=0.686094 valid_rmse=0.479438 q_change=48 q_delta=0.377904 q_grad=0.002450
epoch=48 loss_total=0.616430 loss_rec=0.536610 valid_auc=0.686730 valid_rmse=0.478277 q_change=47 q_delta=0.378740 q_grad=0.002543
epoch=49 loss_total=0.611363 loss_rec=0.531598 valid_auc=0.688421 valid_rmse=0.477277 q_change=47 q_delta=0.379248 q_grad=0.002531
epoch=50 loss_total=0.605561 loss_rec=0.525857 valid_auc=0.685804 valid_rmse=0.480815 q_change=47 q_delta=0.379768 q_grad=0.002529
epoch=51 loss_total=0.604255 loss_rec=0.524648 valid_auc=0.686194 valid_rmse=0.481651 q_change=47 q_delta=0.380280 q_grad=0.002607
epoch=52 loss_total=0.605166 loss_rec=0.525601 valid_auc=0.686462 valid_rmse=0.479720 q_change=47 q_delta=0.380946 q_grad=0.002673
epoch=53 loss_total=0.604609 loss_rec=0.525090 valid_auc=0.685759 valid_rmse=0.479674 q_change=46 q_delta=0.381479 q_grad=0.002679
epoch=54 loss_total=0.596418 loss_rec=0.516930 valid_auc=0.682757 valid_rmse=0.482742 q_change=46 q_delta=0.381927 q_grad=0.002699
epoch=55 loss_total=0.592091 loss_rec=0.512665 valid_auc=0.688203 valid_rmse=0.479432 q_change=46 q_delta=0.382419 q_grad=0.002659
epoch=56 loss_total=0.591522 loss_rec=0.512152 valid_auc=0.684085 valid_rmse=0.481948 q_change=46 q_delta=0.382796 q_grad=0.002721
Early stopping at epoch 56; best_epoch=36.
Saved run to C:\Users\YAN_SHU_YU\Desktop\Generative-CD\Q_GNCDM\results\weak_q_lambda_sweep\lq_0p2_ls_0p4_lb_0p05\seed_2026\noise_0.20\weak-q_lq_0p2_ls_0p4_lb_0p05
Final metrics: q_hat_f1=0.222222 response_auc=0.692581 mastery_pearson=0.397012
