run=weak-q_lq_0p2_ls_0p3_lb_0p4 mode=weak-q noise=0.20 train=4200 valid=600 test=1200
epoch=1 loss_total=0.953804 loss_rec=0.725656 valid_auc=0.588092 valid_rmse=0.499745 q_change=57 q_delta=0.078776 q_grad=0.000332
epoch=2 loss_total=0.907559 loss_rec=0.705895 valid_auc=0.597009 valid_rmse=0.499262 q_change=57 q_delta=0.149974 q_grad=0.000326
epoch=3 loss_total=0.876666 loss_rec=0.699899 valid_auc=0.614386 valid_rmse=0.498396 q_change=57 q_delta=0.210359 q_grad=0.000316
epoch=4 loss_total=0.848289 loss_rec=0.693546 valid_auc=0.638705 valid_rmse=0.497592 q_change=57 q_delta=0.259183 q_grad=0.000297
epoch=5 loss_total=0.829947 loss_rec=0.693073 valid_auc=0.659241 valid_rmse=0.495486 q_change=57 q_delta=0.295887 q_grad=0.000287
epoch=6 loss_total=0.810423 loss_rec=0.687199 valid_auc=0.668867 valid_rmse=0.493565 q_change=57 q_delta=0.321758 q_grad=0.000290
epoch=7 loss_total=0.789395 loss_rec=0.675892 valid_auc=0.664654 valid_rmse=0.488998 q_change=57 q_delta=0.338760 q_grad=0.000335
epoch=8 loss_total=0.770906 loss_rec=0.663576 valid_auc=0.661685 valid_rmse=0.483382 q_change=57 q_delta=0.348981 q_grad=0.000469
epoch=9 loss_total=0.755957 loss_rec=0.652911 valid_auc=0.667634 valid_rmse=0.478735 q_change=57 q_delta=0.357591 q_grad=0.000634
epoch=10 loss_total=0.753767 loss_rec=0.654532 valid_auc=0.668002 valid_rmse=0.479180 q_change=57 q_delta=0.364541 q_grad=0.000724
epoch=11 loss_total=0.747976 loss_rec=0.651548 valid_auc=0.667935 valid_rmse=0.478330 q_change=57 q_delta=0.370358 q_grad=0.000836
epoch=12 loss_total=0.737295 loss_rec=0.643339 valid_auc=0.669821 valid_rmse=0.479230 q_change=57 q_delta=0.374795 q_grad=0.000907
epoch=13 loss_total=0.732893 loss_rec=0.640965 valid_auc=0.671027 valid_rmse=0.476689 q_change=57 q_delta=0.378891 q_grad=0.000937
epoch=14 loss_total=0.730571 loss_rec=0.640214 valid_auc=0.670547 valid_rmse=0.478128 q_change=57 q_delta=0.381609 q_grad=0.001053
epoch=15 loss_total=0.727553 loss_rec=0.638502 valid_auc=0.671228 valid_rmse=0.476513 q_change=57 q_delta=0.384535 q_grad=0.001127
epoch=16 loss_total=0.727431 loss_rec=0.639503 valid_auc=0.674007 valid_rmse=0.476226 q_change=57 q_delta=0.386515 q_grad=0.001259
epoch=17 loss_total=0.724967 loss_rec=0.638001 valid_auc=0.675045 valid_rmse=0.476384 q_change=57 q_delta=0.388167 q_grad=0.001245
epoch=18 loss_total=0.718269 loss_rec=0.632051 valid_auc=0.677121 valid_rmse=0.475975 q_change=57 q_delta=0.389692 q_grad=0.001309
epoch=19 loss_total=0.716552 loss_rec=0.631103 valid_auc=0.677344 valid_rmse=0.475864 q_change=57 q_delta=0.391051 q_grad=0.001419
epoch=20 loss_total=0.714987 loss_rec=0.630113 valid_auc=0.680033 valid_rmse=0.474433 q_change=57 q_delta=0.392272 q_grad=0.001535
epoch=21 loss_total=0.711401 loss_rec=0.627043 valid_auc=0.679900 valid_rmse=0.475452 q_change=57 q_delta=0.392887 q_grad=0.001497
epoch=22 loss_total=0.709650 loss_rec=0.625628 valid_auc=0.681730 valid_rmse=0.474147 q_change=57 q_delta=0.393349 q_grad=0.001642
epoch=23 loss_total=0.706592 loss_rec=0.622871 valid_auc=0.680290 valid_rmse=0.474133 q_change=56 q_delta=0.393942 q_grad=0.001658
epoch=24 loss_total=0.701171 loss_rec=0.617770 valid_auc=0.680290 valid_rmse=0.474749 q_change=56 q_delta=0.395004 q_grad=0.001716
epoch=25 loss_total=0.703396 loss_rec=0.620328 valid_auc=0.680033 valid_rmse=0.474998 q_change=56 q_delta=0.396061 q_grad=0.001877
epoch=26 loss_total=0.700601 loss_rec=0.617813 valid_auc=0.682054 valid_rmse=0.475281 q_change=56 q_delta=0.396933 q_grad=0.001864
epoch=27 loss_total=0.697877 loss_rec=0.615324 valid_auc=0.683025 valid_rmse=0.475605 q_change=56 q_delta=0.397563 q_grad=0.001859
epoch=28 loss_total=0.699316 loss_rec=0.617063 valid_auc=0.681708 valid_rmse=0.475366 q_change=56 q_delta=0.398533 q_grad=0.001968
epoch=29 loss_total=0.695200 loss_rec=0.613273 valid_auc=0.683292 valid_rmse=0.474662 q_change=56 q_delta=0.399200 q_grad=0.002008
epoch=30 loss_total=0.695562 loss_rec=0.613863 valid_auc=0.684743 valid_rmse=0.474992 q_change=56 q_delta=0.399624 q_grad=0.001977
epoch=31 loss_total=0.692453 loss_rec=0.610966 valid_auc=0.685201 valid_rmse=0.474573 q_change=56 q_delta=0.400084 q_grad=0.002016
epoch=32 loss_total=0.693697 loss_rec=0.612449 valid_auc=0.687277 valid_rmse=0.474688 q_change=56 q_delta=0.400481 q_grad=0.002072
epoch=33 loss_total=0.692052 loss_rec=0.610993 valid_auc=0.683839 valid_rmse=0.474047 q_change=56 q_delta=0.401148 q_grad=0.002055
epoch=34 loss_total=0.691829 loss_rec=0.610957 valid_auc=0.683460 valid_rmse=0.473926 q_change=56 q_delta=0.401357 q_grad=0.002067
epoch=35 loss_total=0.692561 loss_rec=0.611864 valid_auc=0.686462 valid_rmse=0.473147 q_change=56 q_delta=0.401697 q_grad=0.002050
epoch=36 loss_total=0.689139 loss_rec=0.608576 valid_auc=0.688092 valid_rmse=0.473698 q_change=56 q_delta=0.401728 q_grad=0.002088
epoch=37 loss_total=0.683600 loss_rec=0.603125 valid_auc=0.688158 valid_rmse=0.473672 q_change=56 q_delta=0.401877 q_grad=0.002112
epoch=38 loss_total=0.683108 loss_rec=0.602809 valid_auc=0.687221 valid_rmse=0.475685 q_change=56 q_delta=0.402012 q_grad=0.002217
epoch=39 loss_total=0.685696 loss_rec=0.605519 valid_auc=0.687589 valid_rmse=0.473062 q_change=56 q_delta=0.402346 q_grad=0.002138
epoch=40 loss_total=0.681406 loss_rec=0.601382 valid_auc=0.687824 valid_rmse=0.473582 q_change=55 q_delta=0.402413 q_grad=0.002176
epoch=41 loss_total=0.677518 loss_rec=0.597627 valid_auc=0.689308 valid_rmse=0.473388 q_change=55 q_delta=0.402678 q_grad=0.002160
epoch=42 loss_total=0.680576 loss_rec=0.600793 valid_auc=0.687801 valid_rmse=0.473803 q_change=55 q_delta=0.403050 q_grad=0.002244
epoch=43 loss_total=0.676127 loss_rec=0.596381 valid_auc=0.688683 valid_rmse=0.473478 q_change=55 q_delta=0.403366 q_grad=0.002180
epoch=44 loss_total=0.676022 loss_rec=0.596444 valid_auc=0.690033 valid_rmse=0.473301 q_change=55 q_delta=0.403689 q_grad=0.002252
epoch=45 loss_total=0.672652 loss_rec=0.593202 valid_auc=0.691239 valid_rmse=0.475344 q_change=55 q_delta=0.403866 q_grad=0.002284
epoch=46 loss_total=0.673630 loss_rec=0.594261 valid_auc=0.692879 valid_rmse=0.471814 q_change=55 q_delta=0.404310 q_grad=0.002234
epoch=47 loss_total=0.670509 loss_rec=0.591291 valid_auc=0.694286 valid_rmse=0.472348 q_change=55 q_delta=0.404615 q_grad=0.002269
epoch=48 loss_total=0.669605 loss_rec=0.590485 valid_auc=0.693382 valid_rmse=0.472062 q_change=55 q_delta=0.404900 q_grad=0.002350
epoch=49 loss_total=0.666433 loss_rec=0.587436 valid_auc=0.695067 valid_rmse=0.471334 q_change=55 q_delta=0.405084 q_grad=0.002377
epoch=50 loss_total=0.662696 loss_rec=0.583779 valid_auc=0.692779 valid_rmse=0.472888 q_change=54 q_delta=0.405319 q_grad=0.002302
epoch=51 loss_total=0.662506 loss_rec=0.583739 valid_auc=0.695737 valid_rmse=0.473412 q_change=54 q_delta=0.405406 q_grad=0.002419
epoch=52 loss_total=0.662857 loss_rec=0.584212 valid_auc=0.694330 valid_rmse=0.472272 q_change=53 q_delta=0.405742 q_grad=0.002469
epoch=53 loss_total=0.664337 loss_rec=0.585777 valid_auc=0.695904 valid_rmse=0.471376 q_change=53 q_delta=0.406011 q_grad=0.002480
epoch=54 loss_total=0.655891 loss_rec=0.577429 valid_auc=0.692645 valid_rmse=0.473702 q_change=53 q_delta=0.406309 q_grad=0.002466
epoch=55 loss_total=0.654296 loss_rec=0.575958 valid_auc=0.698906 valid_rmse=0.470885 q_change=53 q_delta=0.406595 q_grad=0.002507
epoch=56 loss_total=0.654588 loss_rec=0.576315 valid_auc=0.694085 valid_rmse=0.472337 q_change=53 q_delta=0.406795 q_grad=0.002567
epoch=57 loss_total=0.652405 loss_rec=0.574203 valid_auc=0.695558 valid_rmse=0.473670 q_change=53 q_delta=0.406924 q_grad=0.002707
epoch=58 loss_total=0.647974 loss_rec=0.569823 valid_auc=0.694129 valid_rmse=0.475294 q_change=53 q_delta=0.407145 q_grad=0.002671
epoch=59 loss_total=0.647611 loss_rec=0.569535 valid_auc=0.693527 valid_rmse=0.472704 q_change=52 q_delta=0.407358 q_grad=0.002676
epoch=60 loss_total=0.646176 loss_rec=0.568152 valid_auc=0.694330 valid_rmse=0.474003 q_change=52 q_delta=0.407437 q_grad=0.002790
epoch=61 loss_total=0.643609 loss_rec=0.565617 valid_auc=0.693225 valid_rmse=0.473573 q_change=52 q_delta=0.407549 q_grad=0.002838
epoch=62 loss_total=0.639587 loss_rec=0.561705 valid_auc=0.693092 valid_rmse=0.474030 q_change=52 q_delta=0.407858 q_grad=0.002845
epoch=63 loss_total=0.640222 loss_rec=0.562381 valid_auc=0.690603 valid_rmse=0.475010 q_change=52 q_delta=0.407922 q_grad=0.002926
epoch=64 loss_total=0.640843 loss_rec=0.563051 valid_auc=0.694877 valid_rmse=0.476986 q_change=52 q_delta=0.407855 q_grad=0.003010
epoch=65 loss_total=0.634844 loss_rec=0.557100 valid_auc=0.691607 valid_rmse=0.474744 q_change=52 q_delta=0.408095 q_grad=0.002901
epoch=66 loss_total=0.634642 loss_rec=0.556941 valid_auc=0.692433 valid_rmse=0.475231 q_change=53 q_delta=0.408005 q_grad=0.003102
epoch=67 loss_total=0.636482 loss_rec=0.558836 valid_auc=0.691116 valid_rmse=0.476024 q_change=52 q_delta=0.408141 q_grad=0.003124
epoch=68 loss_total=0.630309 loss_rec=0.552702 valid_auc=0.690937 valid_rmse=0.478237 q_change=52 q_delta=0.408155 q_grad=0.003113
epoch=69 loss_total=0.626542 loss_rec=0.548954 valid_auc=0.694520 valid_rmse=0.481731 q_change=52 q_delta=0.408026 q_grad=0.003227
epoch=70 loss_total=0.624041 loss_rec=0.546473 valid_auc=0.690580 valid_rmse=0.476101 q_change=52 q_delta=0.408239 q_grad=0.003253
epoch=71 loss_total=0.624526 loss_rec=0.547028 valid_auc=0.690804 valid_rmse=0.475785 q_change=52 q_delta=0.408218 q_grad=0.003247
epoch=72 loss_total=0.623170 loss_rec=0.545650 valid_auc=0.690949 valid_rmse=0.476171 q_change=52 q_delta=0.408212 q_grad=0.003322
epoch=73 loss_total=0.616067 loss_rec=0.538584 valid_auc=0.687344 valid_rmse=0.478160 q_change=52 q_delta=0.408142 q_grad=0.003363
epoch=74 loss_total=0.620193 loss_rec=0.542706 valid_auc=0.690335 valid_rmse=0.477682 q_change=52 q_delta=0.408073 q_grad=0.003374
epoch=75 loss_total=0.616317 loss_rec=0.538818 valid_auc=0.688315 valid_rmse=0.483871 q_change=52 q_delta=0.407829 q_grad=0.003400
Early stopping at epoch 75; best_epoch=55.
Saved run to C:\Users\YAN_SHU_YU\Desktop\Generative-CD\Q_GNCDM\results\weak_q_lambda_sweep\lq_0p2_ls_0p3_lb_0p4\seed_2026\noise_0.20\weak-q_lq_0p2_ls_0p3_lb_0p4
Final metrics: q_hat_f1=0.133333 response_auc=0.688912 mastery_pearson=0.384610
