run=weak-q_lq_0p7_ls_0p7_lb_0p9 mode=weak-q noise=0.20 train=4200 valid=600 test=1200
epoch=1 loss_total=1.250038 loss_rec=0.725667 valid_auc=0.587578 valid_rmse=0.499759 q_change=57 q_delta=0.079729 q_grad=0.000763
epoch=2 loss_total=1.170998 loss_rec=0.706023 valid_auc=0.593449 valid_rmse=0.499362 q_change=57 q_delta=0.152166 q_grad=0.000724
epoch=3 loss_total=1.111421 loss_rec=0.700334 valid_auc=0.604654 valid_rmse=0.498700 q_change=57 q_delta=0.213818 q_grad=0.000667
epoch=4 loss_total=1.059513 loss_rec=0.694547 valid_auc=0.620765 valid_rmse=0.498256 q_change=57 q_delta=0.263814 q_grad=0.000595
epoch=5 loss_total=1.022757 loss_rec=0.695085 valid_auc=0.640776 valid_rmse=0.496821 q_change=57 q_delta=0.302698 q_grad=0.000518
epoch=6 loss_total=0.989960 loss_rec=0.691611 valid_auc=0.656306 valid_rmse=0.496537 q_change=57 q_delta=0.332311 q_grad=0.000449
epoch=7 loss_total=0.962042 loss_rec=0.686314 valid_auc=0.657589 valid_rmse=0.495658 q_change=57 q_delta=0.354739 q_grad=0.000395
epoch=8 loss_total=0.941478 loss_rec=0.682845 valid_auc=0.651562 valid_rmse=0.493763 q_change=57 q_delta=0.371193 q_grad=0.000363
epoch=9 loss_total=0.923132 loss_rec=0.677049 valid_auc=0.654554 valid_rmse=0.488489 q_change=57 q_delta=0.383295 q_grad=0.000386
epoch=10 loss_total=0.909803 loss_rec=0.673074 valid_auc=0.656071 valid_rmse=0.485873 q_change=57 q_delta=0.391926 q_grad=0.000437
epoch=11 loss_total=0.896765 loss_rec=0.666758 valid_auc=0.655804 valid_rmse=0.483636 q_change=57 q_delta=0.398929 q_grad=0.000533
epoch=12 loss_total=0.880640 loss_rec=0.656594 valid_auc=0.659498 valid_rmse=0.484149 q_change=57 q_delta=0.404908 q_grad=0.000610
epoch=13 loss_total=0.873453 loss_rec=0.654597 valid_auc=0.661004 valid_rmse=0.480510 q_change=57 q_delta=0.410106 q_grad=0.000627
epoch=14 loss_total=0.867879 loss_rec=0.653120 valid_auc=0.664007 valid_rmse=0.481832 q_change=57 q_delta=0.414144 q_grad=0.000696
epoch=15 loss_total=0.863476 loss_rec=0.652296 valid_auc=0.661574 valid_rmse=0.480256 q_change=57 q_delta=0.417952 q_grad=0.000729
epoch=16 loss_total=0.860831 loss_rec=0.652616 valid_auc=0.662533 valid_rmse=0.480319 q_change=57 q_delta=0.420935 q_grad=0.000799
epoch=17 loss_total=0.858372 loss_rec=0.652846 valid_auc=0.665000 valid_rmse=0.480900 q_change=57 q_delta=0.423571 q_grad=0.000774
epoch=18 loss_total=0.851323 loss_rec=0.648091 valid_auc=0.666562 valid_rmse=0.480376 q_change=57 q_delta=0.425980 q_grad=0.000793
epoch=19 loss_total=0.847737 loss_rec=0.646536 valid_auc=0.665391 valid_rmse=0.480170 q_change=57 q_delta=0.428027 q_grad=0.000840
epoch=20 loss_total=0.846485 loss_rec=0.647008 valid_auc=0.669509 valid_rmse=0.478821 q_change=57 q_delta=0.429964 q_grad=0.000912
epoch=21 loss_total=0.842412 loss_rec=0.644599 valid_auc=0.668292 valid_rmse=0.479680 q_change=57 q_delta=0.431444 q_grad=0.000868
epoch=22 loss_total=0.841654 loss_rec=0.645188 valid_auc=0.668225 valid_rmse=0.478642 q_change=57 q_delta=0.432890 q_grad=0.000938
epoch=23 loss_total=0.837645 loss_rec=0.642439 valid_auc=0.666741 valid_rmse=0.478421 q_change=57 q_delta=0.434279 q_grad=0.000946
epoch=24 loss_total=0.833254 loss_rec=0.639243 valid_auc=0.668114 valid_rmse=0.478877 q_change=57 q_delta=0.435408 q_grad=0.000982
epoch=25 loss_total=0.835495 loss_rec=0.642458 valid_auc=0.667176 valid_rmse=0.478308 q_change=57 q_delta=0.436391 q_grad=0.001064
epoch=26 loss_total=0.832964 loss_rec=0.640837 valid_auc=0.667188 valid_rmse=0.478777 q_change=57 q_delta=0.437307 q_grad=0.001076
epoch=27 loss_total=0.830951 loss_rec=0.639582 valid_auc=0.669208 valid_rmse=0.478160 q_change=57 q_delta=0.438108 q_grad=0.001082
epoch=28 loss_total=0.831419 loss_rec=0.640793 valid_auc=0.670703 valid_rmse=0.477543 q_change=57 q_delta=0.438891 q_grad=0.001132
epoch=29 loss_total=0.828674 loss_rec=0.638705 valid_auc=0.672020 valid_rmse=0.477406 q_change=57 q_delta=0.439560 q_grad=0.001186
epoch=30 loss_total=0.829671 loss_rec=0.640304 valid_auc=0.672958 valid_rmse=0.477810 q_change=57 q_delta=0.440110 q_grad=0.001187
epoch=31 loss_total=0.825917 loss_rec=0.637016 valid_auc=0.673929 valid_rmse=0.476881 q_change=57 q_delta=0.440701 q_grad=0.001219
epoch=32 loss_total=0.827656 loss_rec=0.639262 valid_auc=0.675379 valid_rmse=0.477643 q_change=57 q_delta=0.441116 q_grad=0.001274
epoch=33 loss_total=0.826444 loss_rec=0.638416 valid_auc=0.674118 valid_rmse=0.476379 q_change=57 q_delta=0.441746 q_grad=0.001270
epoch=34 loss_total=0.825526 loss_rec=0.637953 valid_auc=0.673493 valid_rmse=0.476054 q_change=57 q_delta=0.442078 q_grad=0.001303
epoch=35 loss_total=0.827118 loss_rec=0.639902 valid_auc=0.674911 valid_rmse=0.475581 q_change=57 q_delta=0.442435 q_grad=0.001304
epoch=36 loss_total=0.823696 loss_rec=0.636786 valid_auc=0.675882 valid_rmse=0.476699 q_change=57 q_delta=0.442669 q_grad=0.001352
epoch=37 loss_total=0.819163 loss_rec=0.632538 valid_auc=0.677366 valid_rmse=0.475867 q_change=57 q_delta=0.442972 q_grad=0.001386
epoch=38 loss_total=0.818067 loss_rec=0.631681 valid_auc=0.677701 valid_rmse=0.476955 q_change=57 q_delta=0.443197 q_grad=0.001489
epoch=39 loss_total=0.821515 loss_rec=0.635384 valid_auc=0.677489 valid_rmse=0.475294 q_change=57 q_delta=0.443575 q_grad=0.001470
epoch=40 loss_total=0.817930 loss_rec=0.632061 valid_auc=0.677690 valid_rmse=0.475506 q_change=57 q_delta=0.443751 q_grad=0.001521
epoch=41 loss_total=0.814114 loss_rec=0.628427 valid_auc=0.680279 valid_rmse=0.475624 q_change=57 q_delta=0.443870 q_grad=0.001541
epoch=42 loss_total=0.818618 loss_rec=0.633068 valid_auc=0.677924 valid_rmse=0.475932 q_change=57 q_delta=0.444053 q_grad=0.001600
epoch=43 loss_total=0.815222 loss_rec=0.629769 valid_auc=0.678449 valid_rmse=0.475455 q_change=57 q_delta=0.444091 q_grad=0.001572
epoch=44 loss_total=0.815587 loss_rec=0.630233 valid_auc=0.678962 valid_rmse=0.475656 q_change=57 q_delta=0.444200 q_grad=0.001644
epoch=45 loss_total=0.813402 loss_rec=0.628134 valid_auc=0.680904 valid_rmse=0.476965 q_change=57 q_delta=0.444175 q_grad=0.001696
epoch=46 loss_total=0.814823 loss_rec=0.629549 valid_auc=0.681574 valid_rmse=0.473989 q_change=57 q_delta=0.444199 q_grad=0.001681
epoch=47 loss_total=0.811995 loss_rec=0.626714 valid_auc=0.684587 valid_rmse=0.474151 q_change=57 q_delta=0.444018 q_grad=0.001714
epoch=48 loss_total=0.812948 loss_rec=0.627563 valid_auc=0.686663 valid_rmse=0.473113 q_change=57 q_delta=0.443864 q_grad=0.001747
epoch=49 loss_total=0.810573 loss_rec=0.625020 valid_auc=0.686027 valid_rmse=0.473248 q_change=57 q_delta=0.443584 q_grad=0.001790
epoch=50 loss_total=0.806119 loss_rec=0.620459 valid_auc=0.683783 valid_rmse=0.474022 q_change=56 q_delta=0.443322 q_grad=0.001729
epoch=51 loss_total=0.806625 loss_rec=0.620829 valid_auc=0.686886 valid_rmse=0.475222 q_change=56 q_delta=0.443551 q_grad=0.001868
epoch=52 loss_total=0.806930 loss_rec=0.621024 valid_auc=0.684933 valid_rmse=0.473473 q_change=56 q_delta=0.444007 q_grad=0.001881
epoch=53 loss_total=0.808127 loss_rec=0.622165 valid_auc=0.687991 valid_rmse=0.472640 q_change=56 q_delta=0.444296 q_grad=0.001867
epoch=54 loss_total=0.799994 loss_rec=0.614002 valid_auc=0.686819 valid_rmse=0.474072 q_change=56 q_delta=0.444446 q_grad=0.001848
epoch=55 loss_total=0.800102 loss_rec=0.614062 valid_auc=0.689386 valid_rmse=0.472351 q_change=56 q_delta=0.444589 q_grad=0.001892
epoch=56 loss_total=0.802005 loss_rec=0.615981 valid_auc=0.685949 valid_rmse=0.472847 q_change=56 q_delta=0.444755 q_grad=0.001959
epoch=57 loss_total=0.800659 loss_rec=0.614621 valid_auc=0.688560 valid_rmse=0.474469 q_change=56 q_delta=0.444704 q_grad=0.001991
epoch=58 loss_total=0.796844 loss_rec=0.610785 valid_auc=0.686585 valid_rmse=0.474397 q_change=56 q_delta=0.444836 q_grad=0.001952
epoch=59 loss_total=0.797009 loss_rec=0.611056 valid_auc=0.687467 valid_rmse=0.472573 q_change=56 q_delta=0.444961 q_grad=0.001975
epoch=60 loss_total=0.796419 loss_rec=0.610462 valid_auc=0.690290 valid_rmse=0.472663 q_change=56 q_delta=0.444944 q_grad=0.001999
epoch=61 loss_total=0.796020 loss_rec=0.610030 valid_auc=0.689888 valid_rmse=0.472908 q_change=56 q_delta=0.444962 q_grad=0.002033
epoch=62 loss_total=0.794935 loss_rec=0.608992 valid_auc=0.688828 valid_rmse=0.472205 q_change=56 q_delta=0.445030 q_grad=0.001979
epoch=63 loss_total=0.796058 loss_rec=0.610086 valid_auc=0.687935 valid_rmse=0.472926 q_change=56 q_delta=0.444939 q_grad=0.001982
epoch=64 loss_total=0.798654 loss_rec=0.612730 valid_auc=0.692098 valid_rmse=0.474091 q_change=55 q_delta=0.444899 q_grad=0.002047
epoch=65 loss_total=0.792160 loss_rec=0.606181 valid_auc=0.691283 valid_rmse=0.471526 q_change=55 q_delta=0.444922 q_grad=0.001937
epoch=66 loss_total=0.793122 loss_rec=0.607127 valid_auc=0.693315 valid_rmse=0.471853 q_change=55 q_delta=0.444783 q_grad=0.002049
epoch=67 loss_total=0.795176 loss_rec=0.609118 valid_auc=0.690580 valid_rmse=0.473120 q_change=55 q_delta=0.444719 q_grad=0.002008
epoch=68 loss_total=0.790897 loss_rec=0.604787 valid_auc=0.693895 valid_rmse=0.472774 q_change=55 q_delta=0.444676 q_grad=0.002019
epoch=69 loss_total=0.787262 loss_rec=0.601095 valid_auc=0.696629 valid_rmse=0.477340 q_change=54 q_delta=0.444531 q_grad=0.002074
epoch=70 loss_total=0.787354 loss_rec=0.601132 valid_auc=0.693460 valid_rmse=0.471173 q_change=54 q_delta=0.444766 q_grad=0.002061
epoch=71 loss_total=0.788924 loss_rec=0.602669 valid_auc=0.693929 valid_rmse=0.471041 q_change=54 q_delta=0.445157 q_grad=0.002062
epoch=72 loss_total=0.787137 loss_rec=0.600815 valid_auc=0.693371 valid_rmse=0.471806 q_change=54 q_delta=0.445498 q_grad=0.002085
epoch=73 loss_total=0.784332 loss_rec=0.598025 valid_auc=0.691150 valid_rmse=0.471860 q_change=54 q_delta=0.445857 q_grad=0.002125
epoch=74 loss_total=0.787302 loss_rec=0.600956 valid_auc=0.692679 valid_rmse=0.472208 q_change=54 q_delta=0.446133 q_grad=0.002075
epoch=75 loss_total=0.785556 loss_rec=0.599186 valid_auc=0.692188 valid_rmse=0.477444 q_change=54 q_delta=0.446344 q_grad=0.002071
epoch=76 loss_total=0.785062 loss_rec=0.598657 valid_auc=0.690502 valid_rmse=0.471880 q_change=54 q_delta=0.446653 q_grad=0.002069
epoch=77 loss_total=0.778769 loss_rec=0.592358 valid_auc=0.691083 valid_rmse=0.475335 q_change=54 q_delta=0.446788 q_grad=0.002060
epoch=78 loss_total=0.780231 loss_rec=0.593830 valid_auc=0.690904 valid_rmse=0.473369 q_change=54 q_delta=0.446988 q_grad=0.002226
epoch=79 loss_total=0.779570 loss_rec=0.593190 valid_auc=0.690246 valid_rmse=0.472928 q_change=54 q_delta=0.447176 q_grad=0.002300
epoch=80 loss_total=0.778794 loss_rec=0.592423 valid_auc=0.691116 valid_rmse=0.472493 q_change=54 q_delta=0.447349 q_grad=0.002222
epoch=81 loss_total=0.775276 loss_rec=0.588921 valid_auc=0.692059 valid_rmse=0.474295 q_change=54 q_delta=0.447486 q_grad=0.002290
epoch=82 loss_total=0.775371 loss_rec=0.589046 valid_auc=0.690324 valid_rmse=0.473987 q_change=54 q_delta=0.447595 q_grad=0.002327
epoch=83 loss_total=0.773697 loss_rec=0.587405 valid_auc=0.690904 valid_rmse=0.477614 q_change=54 q_delta=0.447710 q_grad=0.002304
epoch=84 loss_total=0.774561 loss_rec=0.588277 valid_auc=0.691507 valid_rmse=0.474376 q_change=54 q_delta=0.447909 q_grad=0.002369
epoch=85 loss_total=0.775903 loss_rec=0.589643 valid_auc=0.690145 valid_rmse=0.478150 q_change=54 q_delta=0.447898 q_grad=0.002401
epoch=86 loss_total=0.777510 loss_rec=0.591245 valid_auc=0.688147 valid_rmse=0.475523 q_change=54 q_delta=0.448021 q_grad=0.002382
epoch=87 loss_total=0.771418 loss_rec=0.585189 valid_auc=0.687522 valid_rmse=0.475990 q_change=54 q_delta=0.448114 q_grad=0.002338
epoch=88 loss_total=0.765820 loss_rec=0.579609 valid_auc=0.686975 valid_rmse=0.475932 q_change=54 q_delta=0.448193 q_grad=0.002417
epoch=89 loss_total=0.767809 loss_rec=0.581612 valid_auc=0.687266 valid_rmse=0.481315 q_change=54 q_delta=0.448218 q_grad=0.002470
Early stopping at epoch 89; best_epoch=69.
Saved run to C:\Users\YAN_SHU_YU\Desktop\Generative-CD\Q_GNCDM\results\weak_q_lambda_sweep\lq_0p7_ls_0p7_lb_0p9\seed_2026\noise_0.20\weak-q_lq_0p7_ls_0p7_lb_0p9
Final metrics: q_hat_f1=0.101695 response_auc=0.684114 mastery_pearson=0.296407
