run=weak-q_lq_0p05_ls_0p3_lb_0p3 mode=weak-q noise=0.20 train=4200 valid=600 test=1200
epoch=1 loss_total=0.929131 loss_rec=0.725657 valid_auc=0.588092 valid_rmse=0.499746 q_change=57 q_delta=0.079050 q_grad=0.000330
epoch=2 loss_total=0.882471 loss_rec=0.705919 valid_auc=0.596819 valid_rmse=0.499273 q_change=57 q_delta=0.151215 q_grad=0.000332
epoch=3 loss_total=0.850496 loss_rec=0.699982 valid_auc=0.614051 valid_rmse=0.498439 q_change=57 q_delta=0.212802 q_grad=0.000326
epoch=4 loss_total=0.820804 loss_rec=0.693756 valid_auc=0.637958 valid_rmse=0.497709 q_change=57 q_delta=0.262671 q_grad=0.000308
epoch=5 loss_total=0.801299 loss_rec=0.693536 valid_auc=0.658125 valid_rmse=0.495767 q_change=57 q_delta=0.300273 q_grad=0.000294
epoch=6 loss_total=0.781129 loss_rec=0.688286 valid_auc=0.668002 valid_rmse=0.494267 q_change=57 q_delta=0.327084 q_grad=0.000289
epoch=7 loss_total=0.760500 loss_rec=0.678504 valid_auc=0.664196 valid_rmse=0.490540 q_change=57 q_delta=0.345165 q_grad=0.000318
epoch=8 loss_total=0.742438 loss_rec=0.667535 valid_auc=0.660290 valid_rmse=0.484905 q_change=57 q_delta=0.356094 q_grad=0.000425
epoch=9 loss_total=0.726254 loss_rec=0.656140 valid_auc=0.665709 valid_rmse=0.479644 q_change=57 q_delta=0.364821 q_grad=0.000582
epoch=10 loss_total=0.722993 loss_rec=0.657061 valid_auc=0.666116 valid_rmse=0.479942 q_change=57 q_delta=0.372021 q_grad=0.000675
epoch=11 loss_total=0.716810 loss_rec=0.654032 valid_auc=0.666306 valid_rmse=0.479126 q_change=57 q_delta=0.378074 q_grad=0.000781
epoch=12 loss_total=0.705986 loss_rec=0.646002 valid_auc=0.668069 valid_rmse=0.480150 q_change=57 q_delta=0.382803 q_grad=0.000847
epoch=13 loss_total=0.701588 loss_rec=0.643909 valid_auc=0.668594 valid_rmse=0.477546 q_change=57 q_delta=0.387141 q_grad=0.000867
epoch=14 loss_total=0.699062 loss_rec=0.643188 valid_auc=0.668783 valid_rmse=0.479005 q_change=57 q_delta=0.390130 q_grad=0.000972
epoch=15 loss_total=0.696240 loss_rec=0.641883 valid_auc=0.668259 valid_rmse=0.477455 q_change=57 q_delta=0.393248 q_grad=0.001034
epoch=16 loss_total=0.695840 loss_rec=0.642792 valid_auc=0.670379 valid_rmse=0.477223 q_change=57 q_delta=0.395465 q_grad=0.001154
epoch=17 loss_total=0.693575 loss_rec=0.641654 valid_auc=0.671373 valid_rmse=0.477461 q_change=57 q_delta=0.397297 q_grad=0.001138
epoch=18 loss_total=0.687070 loss_rec=0.636070 valid_auc=0.672980 valid_rmse=0.477155 q_change=57 q_delta=0.399049 q_grad=0.001194
epoch=19 loss_total=0.685070 loss_rec=0.634974 valid_auc=0.673717 valid_rmse=0.476796 q_change=57 q_delta=0.400590 q_grad=0.001293
epoch=20 loss_total=0.683720 loss_rec=0.634344 valid_auc=0.676395 valid_rmse=0.475525 q_change=57 q_delta=0.402038 q_grad=0.001408
epoch=21 loss_total=0.680350 loss_rec=0.631658 valid_auc=0.676551 valid_rmse=0.476418 q_change=57 q_delta=0.403001 q_grad=0.001372
epoch=22 loss_total=0.679040 loss_rec=0.630861 valid_auc=0.677779 valid_rmse=0.475357 q_change=57 q_delta=0.403950 q_grad=0.001507
epoch=23 loss_total=0.676177 loss_rec=0.628478 valid_auc=0.676652 valid_rmse=0.475246 q_change=57 q_delta=0.404992 q_grad=0.001528
epoch=24 loss_total=0.671425 loss_rec=0.624196 valid_auc=0.676239 valid_rmse=0.476020 q_change=57 q_delta=0.405765 q_grad=0.001596
epoch=25 loss_total=0.674164 loss_rec=0.627335 valid_auc=0.676563 valid_rmse=0.475960 q_change=57 q_delta=0.406367 q_grad=0.001745
epoch=26 loss_total=0.672106 loss_rec=0.625624 valid_auc=0.677433 valid_rmse=0.476485 q_change=57 q_delta=0.406931 q_grad=0.001743
epoch=27 loss_total=0.670103 loss_rec=0.623849 valid_auc=0.679855 valid_rmse=0.476043 q_change=57 q_delta=0.407267 q_grad=0.001748
epoch=28 loss_total=0.671295 loss_rec=0.625288 valid_auc=0.679007 valid_rmse=0.475781 q_change=57 q_delta=0.407865 q_grad=0.001855
epoch=29 loss_total=0.667894 loss_rec=0.622125 valid_auc=0.679967 valid_rmse=0.475415 q_change=57 q_delta=0.408204 q_grad=0.001902
epoch=30 loss_total=0.668972 loss_rec=0.623405 valid_auc=0.679687 valid_rmse=0.476266 q_change=57 q_delta=0.408363 q_grad=0.001882
epoch=31 loss_total=0.665685 loss_rec=0.620190 valid_auc=0.681306 valid_rmse=0.475264 q_change=57 q_delta=0.408454 q_grad=0.001920
epoch=32 loss_total=0.666790 loss_rec=0.621426 valid_auc=0.682366 valid_rmse=0.475695 q_change=57 q_delta=0.408414 q_grad=0.001982
epoch=33 loss_total=0.665013 loss_rec=0.619727 valid_auc=0.679900 valid_rmse=0.474980 q_change=56 q_delta=0.409114 q_grad=0.001968
epoch=34 loss_total=0.664628 loss_rec=0.619491 valid_auc=0.678147 valid_rmse=0.474971 q_change=56 q_delta=0.409814 q_grad=0.001988
epoch=35 loss_total=0.665443 loss_rec=0.620446 valid_auc=0.681373 valid_rmse=0.474304 q_change=56 q_delta=0.410570 q_grad=0.001969
epoch=36 loss_total=0.662085 loss_rec=0.617278 valid_auc=0.683025 valid_rmse=0.474977 q_change=56 q_delta=0.410962 q_grad=0.001998
epoch=37 loss_total=0.656488 loss_rec=0.611828 valid_auc=0.684018 valid_rmse=0.474730 q_change=56 q_delta=0.411480 q_grad=0.002035
epoch=38 loss_total=0.656285 loss_rec=0.611839 valid_auc=0.681551 valid_rmse=0.477050 q_change=56 q_delta=0.411974 q_grad=0.002152
epoch=39 loss_total=0.659464 loss_rec=0.615215 valid_auc=0.682400 valid_rmse=0.474577 q_change=56 q_delta=0.412621 q_grad=0.002079
epoch=40 loss_total=0.655810 loss_rec=0.611779 valid_auc=0.682489 valid_rmse=0.475189 q_change=56 q_delta=0.412957 q_grad=0.002125
epoch=41 loss_total=0.652084 loss_rec=0.608250 valid_auc=0.684074 valid_rmse=0.475022 q_change=56 q_delta=0.413354 q_grad=0.002127
epoch=42 loss_total=0.655891 loss_rec=0.612240 valid_auc=0.680201 valid_rmse=0.475902 q_change=56 q_delta=0.413772 q_grad=0.002187
epoch=43 loss_total=0.652169 loss_rec=0.608659 valid_auc=0.683125 valid_rmse=0.475034 q_change=56 q_delta=0.414053 q_grad=0.002120
epoch=44 loss_total=0.653108 loss_rec=0.609813 valid_auc=0.682467 valid_rmse=0.475349 q_change=56 q_delta=0.414446 q_grad=0.002200
epoch=45 loss_total=0.650846 loss_rec=0.607711 valid_auc=0.683259 valid_rmse=0.477298 q_change=56 q_delta=0.414597 q_grad=0.002219
epoch=46 loss_total=0.652345 loss_rec=0.609340 valid_auc=0.683996 valid_rmse=0.474419 q_change=56 q_delta=0.415062 q_grad=0.002154
epoch=47 loss_total=0.649753 loss_rec=0.606922 valid_auc=0.686429 valid_rmse=0.474768 q_change=56 q_delta=0.415189 q_grad=0.002182
epoch=48 loss_total=0.650464 loss_rec=0.607726 valid_auc=0.685179 valid_rmse=0.474182 q_change=56 q_delta=0.415524 q_grad=0.002246
epoch=49 loss_total=0.648274 loss_rec=0.605643 valid_auc=0.685335 valid_rmse=0.474186 q_change=56 q_delta=0.415635 q_grad=0.002257
epoch=50 loss_total=0.644964 loss_rec=0.602419 valid_auc=0.682612 valid_rmse=0.475177 q_change=56 q_delta=0.415783 q_grad=0.002151
epoch=51 loss_total=0.645082 loss_rec=0.602667 valid_auc=0.685636 valid_rmse=0.475332 q_change=56 q_delta=0.415742 q_grad=0.002280
epoch=52 loss_total=0.646020 loss_rec=0.603665 valid_auc=0.684933 valid_rmse=0.474427 q_change=56 q_delta=0.415920 q_grad=0.002312
epoch=53 loss_total=0.647892 loss_rec=0.605611 valid_auc=0.688092 valid_rmse=0.473535 q_change=55 q_delta=0.415961 q_grad=0.002289
epoch=54 loss_total=0.639769 loss_rec=0.597578 valid_auc=0.686998 valid_rmse=0.474689 q_change=55 q_delta=0.415982 q_grad=0.002263
epoch=55 loss_total=0.639908 loss_rec=0.597815 valid_auc=0.690658 valid_rmse=0.473056 q_change=55 q_delta=0.416405 q_grad=0.002293
epoch=56 loss_total=0.640606 loss_rec=0.598575 valid_auc=0.687768 valid_rmse=0.473447 q_change=55 q_delta=0.416795 q_grad=0.002348
epoch=57 loss_total=0.639365 loss_rec=0.597415 valid_auc=0.691574 valid_rmse=0.473710 q_change=55 q_delta=0.417026 q_grad=0.002440
epoch=58 loss_total=0.635624 loss_rec=0.593735 valid_auc=0.690000 valid_rmse=0.474172 q_change=55 q_delta=0.417374 q_grad=0.002398
epoch=59 loss_total=0.635186 loss_rec=0.593430 valid_auc=0.690670 valid_rmse=0.472703 q_change=55 q_delta=0.417773 q_grad=0.002397
epoch=60 loss_total=0.633915 loss_rec=0.592238 valid_auc=0.692054 valid_rmse=0.473227 q_change=55 q_delta=0.417989 q_grad=0.002475
epoch=61 loss_total=0.632882 loss_rec=0.591281 valid_auc=0.692054 valid_rmse=0.472978 q_change=55 q_delta=0.418279 q_grad=0.002505
epoch=62 loss_total=0.629852 loss_rec=0.588378 valid_auc=0.691362 valid_rmse=0.472653 q_change=55 q_delta=0.418601 q_grad=0.002466
epoch=63 loss_total=0.631901 loss_rec=0.590488 valid_auc=0.690614 valid_rmse=0.473349 q_change=54 q_delta=0.418671 q_grad=0.002519
epoch=64 loss_total=0.633920 loss_rec=0.592617 valid_auc=0.695067 valid_rmse=0.474352 q_change=54 q_delta=0.418787 q_grad=0.002607
epoch=65 loss_total=0.626975 loss_rec=0.585750 valid_auc=0.692790 valid_rmse=0.472672 q_change=54 q_delta=0.419249 q_grad=0.002486
epoch=66 loss_total=0.627133 loss_rec=0.586015 valid_auc=0.693739 valid_rmse=0.472826 q_change=54 q_delta=0.419516 q_grad=0.002663
epoch=67 loss_total=0.629196 loss_rec=0.588139 valid_auc=0.690859 valid_rmse=0.474118 q_change=54 q_delta=0.419834 q_grad=0.002658
epoch=68 loss_total=0.624494 loss_rec=0.583507 valid_auc=0.693605 valid_rmse=0.474234 q_change=54 q_delta=0.420146 q_grad=0.002688
epoch=69 loss_total=0.620331 loss_rec=0.579407 valid_auc=0.695223 valid_rmse=0.478759 q_change=54 q_delta=0.420251 q_grad=0.002794
epoch=70 loss_total=0.620378 loss_rec=0.579523 valid_auc=0.691384 valid_rmse=0.473189 q_change=54 q_delta=0.420748 q_grad=0.002805
epoch=71 loss_total=0.621537 loss_rec=0.580765 valid_auc=0.690402 valid_rmse=0.473855 q_change=54 q_delta=0.420949 q_grad=0.002795
epoch=72 loss_total=0.619761 loss_rec=0.579030 valid_auc=0.690167 valid_rmse=0.474325 q_change=54 q_delta=0.421179 q_grad=0.002876
epoch=73 loss_total=0.615248 loss_rec=0.574594 valid_auc=0.686205 valid_rmse=0.475610 q_change=54 q_delta=0.421363 q_grad=0.002938
epoch=74 loss_total=0.618738 loss_rec=0.578119 valid_auc=0.690212 valid_rmse=0.474993 q_change=54 q_delta=0.421509 q_grad=0.002912
epoch=75 loss_total=0.616029 loss_rec=0.575442 valid_auc=0.687902 valid_rmse=0.480605 q_change=54 q_delta=0.421503 q_grad=0.002944
epoch=76 loss_total=0.615704 loss_rec=0.575134 valid_auc=0.686730 valid_rmse=0.474723 q_change=54 q_delta=0.421830 q_grad=0.002912
epoch=77 loss_total=0.609279 loss_rec=0.568721 valid_auc=0.687835 valid_rmse=0.477836 q_change=54 q_delta=0.421739 q_grad=0.002927
epoch=78 loss_total=0.609565 loss_rec=0.569027 valid_auc=0.686574 valid_rmse=0.477157 q_change=54 q_delta=0.421846 q_grad=0.003160
epoch=79 loss_total=0.608891 loss_rec=0.568387 valid_auc=0.684944 valid_rmse=0.475919 q_change=54 q_delta=0.421964 q_grad=0.003243
epoch=80 loss_total=0.607057 loss_rec=0.566544 valid_auc=0.685781 valid_rmse=0.475985 q_change=54 q_delta=0.422012 q_grad=0.003161
epoch=81 loss_total=0.603276 loss_rec=0.562789 valid_auc=0.687143 valid_rmse=0.478508 q_change=54 q_delta=0.421968 q_grad=0.003254
epoch=82 loss_total=0.602039 loss_rec=0.561509 valid_auc=0.684788 valid_rmse=0.478372 q_change=54 q_delta=0.421880 q_grad=0.003324
epoch=83 loss_total=0.599662 loss_rec=0.559098 valid_auc=0.683292 valid_rmse=0.482080 q_change=54 q_delta=0.421823 q_grad=0.003337
epoch=84 loss_total=0.599700 loss_rec=0.559152 valid_auc=0.683839 valid_rmse=0.479681 q_change=54 q_delta=0.421932 q_grad=0.003422
epoch=85 loss_total=0.599192 loss_rec=0.558626 valid_auc=0.680993 valid_rmse=0.484533 q_change=54 q_delta=0.421799 q_grad=0.003543
epoch=86 loss_total=0.599123 loss_rec=0.558584 valid_auc=0.679420 valid_rmse=0.480876 q_change=54 q_delta=0.421975 q_grad=0.003554
epoch=87 loss_total=0.592931 loss_rec=0.552426 valid_auc=0.677054 valid_rmse=0.482563 q_change=54 q_delta=0.421981 q_grad=0.003462
epoch=88 loss_total=0.585417 loss_rec=0.544916 valid_auc=0.676395 valid_rmse=0.482805 q_change=54 q_delta=0.422067 q_grad=0.003589
epoch=89 loss_total=0.585122 loss_rec=0.544668 valid_auc=0.676228 valid_rmse=0.488789 q_change=54 q_delta=0.421982 q_grad=0.003689
Early stopping at epoch 89; best_epoch=69.
Saved run to C:\Users\YAN_SHU_YU\Desktop\Generative-CD\Q_GNCDM\results\weak_q_lambda_sweep\lq_0p05_ls_0p3_lb_0p3\seed_2026\noise_0.20\weak-q_lq_0p05_ls_0p3_lb_0p3
Final metrics: q_hat_f1=0.101695 response_auc=0.687467 mastery_pearson=0.358370
