run=weak-q_lq_0p5_ls_0p4_lb_0p9 mode=weak-q noise=0.20 train=4200 valid=600 test=1200
epoch=1 loss_total=1.119367 loss_rec=0.725666 valid_auc=0.587835 valid_rmse=0.499755 q_change=57 q_delta=0.080106 q_grad=0.000475
epoch=2 loss_total=1.060200 loss_rec=0.706033 valid_auc=0.595022 valid_rmse=0.499342 q_change=57 q_delta=0.154824 q_grad=0.000485
epoch=3 loss_total=1.015173 loss_rec=0.700363 valid_auc=0.608828 valid_rmse=0.498663 q_change=57 q_delta=0.219367 q_grad=0.000474
epoch=4 loss_total=0.973504 loss_rec=0.694634 valid_auc=0.628025 valid_rmse=0.498228 q_change=57 q_delta=0.271670 q_grad=0.000441
epoch=5 loss_total=0.944134 loss_rec=0.695269 valid_auc=0.648304 valid_rmse=0.496838 q_change=57 q_delta=0.311635 q_grad=0.000396
epoch=6 loss_total=0.916982 loss_rec=0.691956 valid_auc=0.662076 valid_rmse=0.496632 q_change=57 q_delta=0.341306 q_grad=0.000352
epoch=7 loss_total=0.893624 loss_rec=0.686937 valid_auc=0.661696 valid_rmse=0.495868 q_change=57 q_delta=0.363197 q_grad=0.000318
epoch=8 loss_total=0.876878 loss_rec=0.683845 valid_auc=0.655513 valid_rmse=0.494038 q_change=57 q_delta=0.378678 q_grad=0.000304
epoch=9 loss_total=0.861393 loss_rec=0.678097 valid_auc=0.658571 valid_rmse=0.488717 q_change=57 q_delta=0.389609 q_grad=0.000339
epoch=10 loss_total=0.849949 loss_rec=0.673719 valid_auc=0.658984 valid_rmse=0.485831 q_change=57 q_delta=0.397022 q_grad=0.000400
epoch=11 loss_total=0.838304 loss_rec=0.667018 valid_auc=0.657846 valid_rmse=0.483261 q_change=57 q_delta=0.403112 q_grad=0.000501
epoch=12 loss_total=0.823732 loss_rec=0.656947 valid_auc=0.661239 valid_rmse=0.483997 q_change=57 q_delta=0.408382 q_grad=0.000582
epoch=13 loss_total=0.817786 loss_rec=0.654969 valid_auc=0.661629 valid_rmse=0.480605 q_change=57 q_delta=0.413067 q_grad=0.000601
epoch=14 loss_total=0.813152 loss_rec=0.653456 valid_auc=0.664375 valid_rmse=0.482019 q_change=57 q_delta=0.416588 q_grad=0.000675
epoch=15 loss_total=0.809909 loss_rec=0.652935 valid_auc=0.660926 valid_rmse=0.480525 q_change=57 q_delta=0.420020 q_grad=0.000712
epoch=16 loss_total=0.807898 loss_rec=0.653184 valid_auc=0.661027 valid_rmse=0.480528 q_change=57 q_delta=0.422624 q_grad=0.000782
epoch=17 loss_total=0.806075 loss_rec=0.653385 valid_auc=0.664297 valid_rmse=0.480906 q_change=57 q_delta=0.424923 q_grad=0.000754
epoch=18 loss_total=0.799603 loss_rec=0.648648 valid_auc=0.665614 valid_rmse=0.480735 q_change=57 q_delta=0.427036 q_grad=0.000776
epoch=19 loss_total=0.796525 loss_rec=0.647119 valid_auc=0.663627 valid_rmse=0.480471 q_change=57 q_delta=0.428857 q_grad=0.000819
epoch=20 loss_total=0.795556 loss_rec=0.647461 valid_auc=0.668248 valid_rmse=0.479090 q_change=57 q_delta=0.430608 q_grad=0.000895
epoch=21 loss_total=0.791997 loss_rec=0.645173 valid_auc=0.667031 valid_rmse=0.479894 q_change=57 q_delta=0.431898 q_grad=0.000852
epoch=22 loss_total=0.791514 loss_rec=0.645716 valid_auc=0.666551 valid_rmse=0.478991 q_change=57 q_delta=0.433192 q_grad=0.000924
epoch=23 loss_total=0.787962 loss_rec=0.643126 valid_auc=0.665435 valid_rmse=0.478939 q_change=57 q_delta=0.434424 q_grad=0.000933
epoch=24 loss_total=0.783787 loss_rec=0.639868 valid_auc=0.667556 valid_rmse=0.479544 q_change=57 q_delta=0.435414 q_grad=0.000972
epoch=25 loss_total=0.785956 loss_rec=0.642777 valid_auc=0.666507 valid_rmse=0.478875 q_change=57 q_delta=0.436300 q_grad=0.001056
epoch=26 loss_total=0.783951 loss_rec=0.641477 valid_auc=0.666540 valid_rmse=0.479169 q_change=57 q_delta=0.437116 q_grad=0.001071
epoch=27 loss_total=0.782322 loss_rec=0.640423 valid_auc=0.667612 valid_rmse=0.478536 q_change=57 q_delta=0.437831 q_grad=0.001077
epoch=28 loss_total=0.782392 loss_rec=0.641054 valid_auc=0.668516 valid_rmse=0.478223 q_change=57 q_delta=0.438519 q_grad=0.001129
epoch=29 loss_total=0.780072 loss_rec=0.639245 valid_auc=0.669107 valid_rmse=0.477986 q_change=57 q_delta=0.439123 q_grad=0.001184
epoch=30 loss_total=0.781280 loss_rec=0.640914 valid_auc=0.669587 valid_rmse=0.478663 q_change=57 q_delta=0.439591 q_grad=0.001194
epoch=31 loss_total=0.777785 loss_rec=0.637780 valid_auc=0.670335 valid_rmse=0.477475 q_change=57 q_delta=0.440144 q_grad=0.001227
epoch=32 loss_total=0.779121 loss_rec=0.639509 valid_auc=0.671406 valid_rmse=0.477978 q_change=57 q_delta=0.440516 q_grad=0.001288
epoch=33 loss_total=0.778032 loss_rec=0.638703 valid_auc=0.670167 valid_rmse=0.477060 q_change=57 q_delta=0.441130 q_grad=0.001290
epoch=34 loss_total=0.777588 loss_rec=0.638616 valid_auc=0.670201 valid_rmse=0.476874 q_change=57 q_delta=0.441387 q_grad=0.001329
epoch=35 loss_total=0.778985 loss_rec=0.640286 valid_auc=0.670949 valid_rmse=0.476496 q_change=57 q_delta=0.441719 q_grad=0.001336
epoch=36 loss_total=0.775571 loss_rec=0.637121 valid_auc=0.672054 valid_rmse=0.477538 q_change=57 q_delta=0.441919 q_grad=0.001388
epoch=37 loss_total=0.771559 loss_rec=0.633340 valid_auc=0.673080 valid_rmse=0.476869 q_change=57 q_delta=0.442201 q_grad=0.001430
epoch=38 loss_total=0.770585 loss_rec=0.632550 valid_auc=0.673633 valid_rmse=0.477867 q_change=57 q_delta=0.442414 q_grad=0.001544
epoch=39 loss_total=0.773708 loss_rec=0.635882 valid_auc=0.672958 valid_rmse=0.476222 q_change=57 q_delta=0.442802 q_grad=0.001524
epoch=40 loss_total=0.770540 loss_rec=0.632930 valid_auc=0.673538 valid_rmse=0.476595 q_change=57 q_delta=0.442960 q_grad=0.001592
epoch=41 loss_total=0.766834 loss_rec=0.629392 valid_auc=0.676083 valid_rmse=0.476519 q_change=57 q_delta=0.443123 q_grad=0.001606
epoch=42 loss_total=0.771003 loss_rec=0.633692 valid_auc=0.672589 valid_rmse=0.477272 q_change=57 q_delta=0.443313 q_grad=0.001677
epoch=43 loss_total=0.767910 loss_rec=0.630717 valid_auc=0.672801 valid_rmse=0.476951 q_change=57 q_delta=0.443462 q_grad=0.001655
epoch=44 loss_total=0.768462 loss_rec=0.631418 valid_auc=0.673415 valid_rmse=0.477123 q_change=57 q_delta=0.443622 q_grad=0.001727
epoch=45 loss_total=0.766436 loss_rec=0.629505 valid_auc=0.675078 valid_rmse=0.477916 q_change=57 q_delta=0.443693 q_grad=0.001791
epoch=46 loss_total=0.768308 loss_rec=0.631461 valid_auc=0.676161 valid_rmse=0.475765 q_change=57 q_delta=0.443891 q_grad=0.001778
epoch=47 loss_total=0.766118 loss_rec=0.629389 valid_auc=0.677522 valid_rmse=0.476414 q_change=57 q_delta=0.443928 q_grad=0.001811
epoch=48 loss_total=0.767274 loss_rec=0.630606 valid_auc=0.677701 valid_rmse=0.475529 q_change=57 q_delta=0.444065 q_grad=0.001852
epoch=49 loss_total=0.764853 loss_rec=0.628226 valid_auc=0.677444 valid_rmse=0.475729 q_change=57 q_delta=0.444121 q_grad=0.001894
epoch=50 loss_total=0.761977 loss_rec=0.625400 valid_auc=0.676786 valid_rmse=0.476193 q_change=57 q_delta=0.444174 q_grad=0.001855
epoch=51 loss_total=0.763107 loss_rec=0.626597 valid_auc=0.676551 valid_rmse=0.477830 q_change=57 q_delta=0.444125 q_grad=0.002008
epoch=52 loss_total=0.764057 loss_rec=0.627571 valid_auc=0.675279 valid_rmse=0.476416 q_change=57 q_delta=0.444213 q_grad=0.002036
epoch=53 loss_total=0.765825 loss_rec=0.629372 valid_auc=0.676786 valid_rmse=0.476085 q_change=57 q_delta=0.444249 q_grad=0.002019
epoch=54 loss_total=0.757835 loss_rec=0.621401 valid_auc=0.676016 valid_rmse=0.477353 q_change=57 q_delta=0.444157 q_grad=0.002021
epoch=55 loss_total=0.759083 loss_rec=0.622652 valid_auc=0.678504 valid_rmse=0.475658 q_change=57 q_delta=0.444189 q_grad=0.002060
epoch=56 loss_total=0.760136 loss_rec=0.623697 valid_auc=0.676183 valid_rmse=0.475827 q_change=57 q_delta=0.444112 q_grad=0.002146
epoch=57 loss_total=0.759804 loss_rec=0.623307 valid_auc=0.677310 valid_rmse=0.478027 q_change=57 q_delta=0.443879 q_grad=0.002204
epoch=58 loss_total=0.755727 loss_rec=0.619127 valid_auc=0.677879 valid_rmse=0.477165 q_change=57 q_delta=0.443639 q_grad=0.002178
epoch=59 loss_total=0.756401 loss_rec=0.619704 valid_auc=0.677980 valid_rmse=0.476023 q_change=57 q_delta=0.443307 q_grad=0.002213
epoch=60 loss_total=0.755119 loss_rec=0.618314 valid_auc=0.680112 valid_rmse=0.475778 q_change=56 q_delta=0.443074 q_grad=0.002252
epoch=61 loss_total=0.754246 loss_rec=0.617332 valid_auc=0.678705 valid_rmse=0.476509 q_change=56 q_delta=0.443615 q_grad=0.002278
epoch=62 loss_total=0.753306 loss_rec=0.616435 valid_auc=0.677935 valid_rmse=0.475800 q_change=56 q_delta=0.444097 q_grad=0.002222
epoch=63 loss_total=0.754062 loss_rec=0.617225 valid_auc=0.678527 valid_rmse=0.476114 q_change=56 q_delta=0.444350 q_grad=0.002213
epoch=64 loss_total=0.756325 loss_rec=0.619573 valid_auc=0.681083 valid_rmse=0.477440 q_change=56 q_delta=0.444547 q_grad=0.002311
epoch=65 loss_total=0.749579 loss_rec=0.612877 valid_auc=0.680379 valid_rmse=0.475085 q_change=56 q_delta=0.444883 q_grad=0.002188
epoch=66 loss_total=0.751366 loss_rec=0.614753 valid_auc=0.681696 valid_rmse=0.475270 q_change=56 q_delta=0.444988 q_grad=0.002317
epoch=67 loss_total=0.752939 loss_rec=0.616379 valid_auc=0.678996 valid_rmse=0.476623 q_change=56 q_delta=0.445130 q_grad=0.002266
epoch=68 loss_total=0.749054 loss_rec=0.612564 valid_auc=0.681897 valid_rmse=0.475973 q_change=56 q_delta=0.445244 q_grad=0.002301
epoch=69 loss_total=0.745225 loss_rec=0.608788 valid_auc=0.684453 valid_rmse=0.480951 q_change=56 q_delta=0.445209 q_grad=0.002365
epoch=70 loss_total=0.747384 loss_rec=0.610980 valid_auc=0.681451 valid_rmse=0.475026 q_change=56 q_delta=0.445477 q_grad=0.002380
epoch=71 loss_total=0.747650 loss_rec=0.611334 valid_auc=0.681339 valid_rmse=0.474995 q_change=56 q_delta=0.445524 q_grad=0.002363
epoch=72 loss_total=0.747522 loss_rec=0.611213 valid_auc=0.681574 valid_rmse=0.475746 q_change=56 q_delta=0.445541 q_grad=0.002405
epoch=73 loss_total=0.744826 loss_rec=0.608575 valid_auc=0.679442 valid_rmse=0.475942 q_change=56 q_delta=0.445636 q_grad=0.002461
epoch=74 loss_total=0.747536 loss_rec=0.611297 valid_auc=0.682723 valid_rmse=0.475608 q_change=56 q_delta=0.445650 q_grad=0.002439
epoch=75 loss_total=0.746742 loss_rec=0.610572 valid_auc=0.681663 valid_rmse=0.479894 q_change=56 q_delta=0.445622 q_grad=0.002420
epoch=76 loss_total=0.747089 loss_rec=0.610917 valid_auc=0.680089 valid_rmse=0.475562 q_change=56 q_delta=0.445797 q_grad=0.002389
epoch=77 loss_total=0.740649 loss_rec=0.604542 valid_auc=0.681328 valid_rmse=0.478671 q_change=56 q_delta=0.445737 q_grad=0.002391
epoch=78 loss_total=0.743259 loss_rec=0.607211 valid_auc=0.681473 valid_rmse=0.476730 q_change=56 q_delta=0.445831 q_grad=0.002574
epoch=79 loss_total=0.742621 loss_rec=0.606619 valid_auc=0.681183 valid_rmse=0.476202 q_change=56 q_delta=0.445919 q_grad=0.002622
epoch=80 loss_total=0.741994 loss_rec=0.606027 valid_auc=0.680804 valid_rmse=0.475557 q_change=56 q_delta=0.445969 q_grad=0.002519
epoch=81 loss_total=0.739725 loss_rec=0.603781 valid_auc=0.683315 valid_rmse=0.476395 q_change=56 q_delta=0.445919 q_grad=0.002589
epoch=82 loss_total=0.740131 loss_rec=0.604241 valid_auc=0.681652 valid_rmse=0.477000 q_change=56 q_delta=0.445990 q_grad=0.002616
epoch=83 loss_total=0.738866 loss_rec=0.603012 valid_auc=0.683013 valid_rmse=0.478931 q_change=56 q_delta=0.445941 q_grad=0.002579
epoch=84 loss_total=0.740411 loss_rec=0.604588 valid_auc=0.684297 valid_rmse=0.475832 q_change=56 q_delta=0.446008 q_grad=0.002611
epoch=85 loss_total=0.739121 loss_rec=0.603340 valid_auc=0.682578 valid_rmse=0.478283 q_change=56 q_delta=0.446029 q_grad=0.002673
epoch=86 loss_total=0.742832 loss_rec=0.607098 valid_auc=0.683181 valid_rmse=0.475989 q_change=56 q_delta=0.446086 q_grad=0.002659
epoch=87 loss_total=0.737670 loss_rec=0.601950 valid_auc=0.683248 valid_rmse=0.475940 q_change=56 q_delta=0.446085 q_grad=0.002601
epoch=88 loss_total=0.733426 loss_rec=0.597725 valid_auc=0.682288 valid_rmse=0.476761 q_change=56 q_delta=0.446132 q_grad=0.002669
epoch=89 loss_total=0.734123 loss_rec=0.598486 valid_auc=0.682422 valid_rmse=0.481994 q_change=56 q_delta=0.446071 q_grad=0.002659
Early stopping at epoch 89; best_epoch=69.
Saved run to C:\Users\YAN_SHU_YU\Desktop\Generative-CD\Q_GNCDM\results\weak_q_lambda_sweep\lq_0p5_ls_0p4_lb_0p9\seed_2026\noise_0.20\weak-q_lq_0p5_ls_0p4_lb_0p9
Final metrics: q_hat_f1=0.035088 response_auc=0.685576 mastery_pearson=0.290785
