run=weak-q_lq_0p4_ls_0p2_lb_0p1 mode=weak-q noise=0.20 train=4200 valid=600 test=1200
epoch=1 loss_total=0.838058 loss_rec=0.725613 valid_auc=0.589978 valid_rmse=0.499705 q_change=57 q_delta=0.072057 q_grad=0.000180
epoch=2 loss_total=0.807473 loss_rec=0.705204 valid_auc=0.604554 valid_rmse=0.498881 q_change=57 q_delta=0.121898 q_grad=0.000148
epoch=3 loss_total=0.794336 loss_rec=0.697363 valid_auc=0.628873 valid_rmse=0.496956 q_change=57 q_delta=0.153457 q_grad=0.000157
epoch=4 loss_total=0.780514 loss_rec=0.686218 valid_auc=0.655592 valid_rmse=0.493140 q_change=57 q_delta=0.172037 q_grad=0.000200
epoch=5 loss_total=0.767191 loss_rec=0.673507 valid_auc=0.667807 valid_rmse=0.484474 q_change=52 q_delta=0.176305 q_grad=0.000327
epoch=6 loss_total=0.741200 loss_rec=0.646873 valid_auc=0.672612 valid_rmse=0.477099 q_change=53 q_delta=0.175945 q_grad=0.000575
epoch=7 loss_total=0.721749 loss_rec=0.627239 valid_auc=0.678136 valid_rmse=0.475646 q_change=53 q_delta=0.178134 q_grad=0.000783
epoch=8 loss_total=0.716867 loss_rec=0.622507 valid_auc=0.677243 valid_rmse=0.475977 q_change=52 q_delta=0.180602 q_grad=0.000952
epoch=9 loss_total=0.711196 loss_rec=0.617103 valid_auc=0.681819 valid_rmse=0.473979 q_change=49 q_delta=0.184353 q_grad=0.001028
epoch=10 loss_total=0.715356 loss_rec=0.621611 valid_auc=0.680134 valid_rmse=0.475727 q_change=49 q_delta=0.188436 q_grad=0.001027
epoch=11 loss_total=0.713967 loss_rec=0.620318 valid_auc=0.679621 valid_rmse=0.474733 q_change=48 q_delta=0.192512 q_grad=0.001100
epoch=12 loss_total=0.706503 loss_rec=0.613038 valid_auc=0.678906 valid_rmse=0.476335 q_change=47 q_delta=0.196445 q_grad=0.001120
epoch=13 loss_total=0.703418 loss_rec=0.610155 valid_auc=0.678717 valid_rmse=0.475058 q_change=45 q_delta=0.201503 q_grad=0.001091
epoch=14 loss_total=0.704611 loss_rec=0.611438 valid_auc=0.678337 valid_rmse=0.477108 q_change=44 q_delta=0.204841 q_grad=0.001150
epoch=15 loss_total=0.701418 loss_rec=0.608252 valid_auc=0.679911 valid_rmse=0.475611 q_change=43 q_delta=0.209051 q_grad=0.001159
epoch=16 loss_total=0.703651 loss_rec=0.610470 valid_auc=0.679364 valid_rmse=0.475817 q_change=40 q_delta=0.212921 q_grad=0.001244
epoch=17 loss_total=0.699318 loss_rec=0.606197 valid_auc=0.679654 valid_rmse=0.475663 q_change=38 q_delta=0.216087 q_grad=0.001176
epoch=18 loss_total=0.695045 loss_rec=0.601898 valid_auc=0.679509 valid_rmse=0.476163 q_change=39 q_delta=0.220160 q_grad=0.001202
epoch=19 loss_total=0.694471 loss_rec=0.601337 valid_auc=0.680078 valid_rmse=0.476481 q_change=36 q_delta=0.224544 q_grad=0.001265
epoch=20 loss_total=0.692551 loss_rec=0.599336 valid_auc=0.681819 valid_rmse=0.475234 q_change=36 q_delta=0.228869 q_grad=0.001324
epoch=21 loss_total=0.687986 loss_rec=0.594664 valid_auc=0.683516 valid_rmse=0.475738 q_change=35 q_delta=0.232963 q_grad=0.001262
epoch=22 loss_total=0.685723 loss_rec=0.592293 valid_auc=0.682121 valid_rmse=0.476208 q_change=35 q_delta=0.237534 q_grad=0.001362
epoch=23 loss_total=0.683659 loss_rec=0.590094 valid_auc=0.681306 valid_rmse=0.476179 q_change=34 q_delta=0.242103 q_grad=0.001329
epoch=24 loss_total=0.678717 loss_rec=0.585003 valid_auc=0.681205 valid_rmse=0.476617 q_change=34 q_delta=0.246871 q_grad=0.001370
epoch=25 loss_total=0.677798 loss_rec=0.583894 valid_auc=0.682857 valid_rmse=0.476769 q_change=34 q_delta=0.251588 q_grad=0.001449
epoch=26 loss_total=0.675033 loss_rec=0.580960 valid_auc=0.683973 valid_rmse=0.476859 q_change=34 q_delta=0.255913 q_grad=0.001430
epoch=27 loss_total=0.670885 loss_rec=0.576592 valid_auc=0.683270 valid_rmse=0.478373 q_change=33 q_delta=0.260249 q_grad=0.001446
epoch=28 loss_total=0.672659 loss_rec=0.578125 valid_auc=0.682891 valid_rmse=0.477782 q_change=33 q_delta=0.265047 q_grad=0.001545
epoch=29 loss_total=0.664772 loss_rec=0.570050 valid_auc=0.685547 valid_rmse=0.476960 q_change=32 q_delta=0.269251 q_grad=0.001538
epoch=30 loss_total=0.662209 loss_rec=0.567221 valid_auc=0.686406 valid_rmse=0.478361 q_change=32 q_delta=0.273260 q_grad=0.001595
epoch=31 loss_total=0.656689 loss_rec=0.561483 valid_auc=0.684263 valid_rmse=0.478886 q_change=32 q_delta=0.277092 q_grad=0.001605
epoch=32 loss_total=0.655654 loss_rec=0.560207 valid_auc=0.688605 valid_rmse=0.477419 q_change=31 q_delta=0.281538 q_grad=0.001647
epoch=33 loss_total=0.649797 loss_rec=0.554084 valid_auc=0.686886 valid_rmse=0.476903 q_change=30 q_delta=0.285717 q_grad=0.001688
epoch=34 loss_total=0.649320 loss_rec=0.553424 valid_auc=0.685770 valid_rmse=0.477283 q_change=28 q_delta=0.289118 q_grad=0.001673
epoch=35 loss_total=0.648312 loss_rec=0.552206 valid_auc=0.688560 valid_rmse=0.476339 q_change=28 q_delta=0.292406 q_grad=0.001706
epoch=36 loss_total=0.640768 loss_rec=0.544394 valid_auc=0.688549 valid_rmse=0.477352 q_change=29 q_delta=0.295375 q_grad=0.001757
epoch=37 loss_total=0.636460 loss_rec=0.539876 valid_auc=0.687132 valid_rmse=0.480020 q_change=29 q_delta=0.298517 q_grad=0.001752
epoch=38 loss_total=0.630252 loss_rec=0.533489 valid_auc=0.687679 valid_rmse=0.480788 q_change=28 q_delta=0.301547 q_grad=0.001818
epoch=39 loss_total=0.629860 loss_rec=0.532938 valid_auc=0.687210 valid_rmse=0.479664 q_change=28 q_delta=0.304342 q_grad=0.001793
epoch=40 loss_total=0.626164 loss_rec=0.529066 valid_auc=0.687589 valid_rmse=0.480749 q_change=28 q_delta=0.306944 q_grad=0.001814
epoch=41 loss_total=0.620288 loss_rec=0.523050 valid_auc=0.686518 valid_rmse=0.483276 q_change=27 q_delta=0.309481 q_grad=0.001793
epoch=42 loss_total=0.623639 loss_rec=0.526257 valid_auc=0.686183 valid_rmse=0.481222 q_change=28 q_delta=0.312337 q_grad=0.001923
epoch=43 loss_total=0.617224 loss_rec=0.519749 valid_auc=0.688951 valid_rmse=0.482058 q_change=26 q_delta=0.314661 q_grad=0.001868
epoch=44 loss_total=0.615705 loss_rec=0.518107 valid_auc=0.687679 valid_rmse=0.481493 q_change=26 q_delta=0.316759 q_grad=0.001867
epoch=45 loss_total=0.612212 loss_rec=0.514510 valid_auc=0.686842 valid_rmse=0.485522 q_change=26 q_delta=0.318640 q_grad=0.001873
epoch=46 loss_total=0.610654 loss_rec=0.512820 valid_auc=0.690714 valid_rmse=0.480658 q_change=26 q_delta=0.320977 q_grad=0.001885
epoch=47 loss_total=0.609512 loss_rec=0.511599 valid_auc=0.688906 valid_rmse=0.483663 q_change=24 q_delta=0.322631 q_grad=0.001844
epoch=48 loss_total=0.608045 loss_rec=0.510030 valid_auc=0.687600 valid_rmse=0.482383 q_change=24 q_delta=0.324754 q_grad=0.001903
epoch=49 loss_total=0.602552 loss_rec=0.504460 valid_auc=0.690067 valid_rmse=0.481128 q_change=25 q_delta=0.326317 q_grad=0.001874
epoch=50 loss_total=0.597826 loss_rec=0.499659 valid_auc=0.688951 valid_rmse=0.484840 q_change=24 q_delta=0.328014 q_grad=0.001868
epoch=51 loss_total=0.598934 loss_rec=0.500704 valid_auc=0.689397 valid_rmse=0.484991 q_change=25 q_delta=0.329622 q_grad=0.001917
epoch=52 loss_total=0.599574 loss_rec=0.501271 valid_auc=0.689074 valid_rmse=0.483469 q_change=25 q_delta=0.331547 q_grad=0.001907
epoch=53 loss_total=0.600908 loss_rec=0.502522 valid_auc=0.689152 valid_rmse=0.483381 q_change=24 q_delta=0.332949 q_grad=0.001916
epoch=54 loss_total=0.594887 loss_rec=0.496414 valid_auc=0.686652 valid_rmse=0.484627 q_change=24 q_delta=0.334493 q_grad=0.001928
epoch=55 loss_total=0.590200 loss_rec=0.491673 valid_auc=0.693906 valid_rmse=0.480942 q_change=23 q_delta=0.335974 q_grad=0.001896
epoch=56 loss_total=0.589168 loss_rec=0.490582 valid_auc=0.690737 valid_rmse=0.484183 q_change=24 q_delta=0.337562 q_grad=0.001868
epoch=57 loss_total=0.590009 loss_rec=0.491325 valid_auc=0.688304 valid_rmse=0.485783 q_change=24 q_delta=0.339062 q_grad=0.001996
epoch=58 loss_total=0.584757 loss_rec=0.486008 valid_auc=0.688850 valid_rmse=0.485486 q_change=24 q_delta=0.340334 q_grad=0.001933
epoch=59 loss_total=0.580859 loss_rec=0.482079 valid_auc=0.692143 valid_rmse=0.483285 q_change=24 q_delta=0.341919 q_grad=0.001879
epoch=60 loss_total=0.584435 loss_rec=0.485589 valid_auc=0.692143 valid_rmse=0.484725 q_change=25 q_delta=0.343367 q_grad=0.001947
epoch=61 loss_total=0.581491 loss_rec=0.482580 valid_auc=0.691049 valid_rmse=0.483280 q_change=25 q_delta=0.344729 q_grad=0.001958
epoch=62 loss_total=0.578053 loss_rec=0.479099 valid_auc=0.693806 valid_rmse=0.483140 q_change=25 q_delta=0.346087 q_grad=0.001879
epoch=63 loss_total=0.577511 loss_rec=0.478491 valid_auc=0.691920 valid_rmse=0.485019 q_change=25 q_delta=0.347436 q_grad=0.001980
epoch=64 loss_total=0.578661 loss_rec=0.479580 valid_auc=0.693181 valid_rmse=0.486077 q_change=25 q_delta=0.348743 q_grad=0.001963
epoch=65 loss_total=0.576072 loss_rec=0.476943 valid_auc=0.691183 valid_rmse=0.484378 q_change=25 q_delta=0.350229 q_grad=0.001867
epoch=66 loss_total=0.575191 loss_rec=0.476032 valid_auc=0.691362 valid_rmse=0.485286 q_change=25 q_delta=0.351428 q_grad=0.001982
epoch=67 loss_total=0.574713 loss_rec=0.475494 valid_auc=0.691150 valid_rmse=0.485970 q_change=25 q_delta=0.352693 q_grad=0.001967
epoch=68 loss_total=0.568464 loss_rec=0.469194 valid_auc=0.692344 valid_rmse=0.486412 q_change=25 q_delta=0.353785 q_grad=0.001950
epoch=69 loss_total=0.566077 loss_rec=0.466755 valid_auc=0.692690 valid_rmse=0.491161 q_change=25 q_delta=0.354868 q_grad=0.001954
epoch=70 loss_total=0.563433 loss_rec=0.464051 valid_auc=0.691518 valid_rmse=0.485864 q_change=25 q_delta=0.356274 q_grad=0.001997
epoch=71 loss_total=0.563353 loss_rec=0.463974 valid_auc=0.696328 valid_rmse=0.483916 q_change=25 q_delta=0.357200 q_grad=0.001948
epoch=72 loss_total=0.564104 loss_rec=0.464681 valid_auc=0.694029 valid_rmse=0.485703 q_change=25 q_delta=0.358216 q_grad=0.001976
epoch=73 loss_total=0.559588 loss_rec=0.460113 valid_auc=0.690335 valid_rmse=0.488122 q_change=25 q_delta=0.359391 q_grad=0.002002
epoch=74 loss_total=0.563659 loss_rec=0.464166 valid_auc=0.692377 valid_rmse=0.486956 q_change=25 q_delta=0.360276 q_grad=0.001965
epoch=75 loss_total=0.561931 loss_rec=0.462408 valid_auc=0.689855 valid_rmse=0.492552 q_change=25 q_delta=0.361144 q_grad=0.002011
epoch=76 loss_total=0.559911 loss_rec=0.460364 valid_auc=0.693170 valid_rmse=0.484608 q_change=25 q_delta=0.362243 q_grad=0.001961
epoch=77 loss_total=0.552149 loss_rec=0.452574 valid_auc=0.694074 valid_rmse=0.487134 q_change=25 q_delta=0.363165 q_grad=0.001922
epoch=78 loss_total=0.553386 loss_rec=0.453774 valid_auc=0.694040 valid_rmse=0.489265 q_change=25 q_delta=0.363928 q_grad=0.002084
epoch=79 loss_total=0.550741 loss_rec=0.451120 valid_auc=0.691484 valid_rmse=0.487154 q_change=25 q_delta=0.364862 q_grad=0.002030
epoch=80 loss_total=0.549548 loss_rec=0.449908 valid_auc=0.694676 valid_rmse=0.487497 q_change=25 q_delta=0.365617 q_grad=0.002010
epoch=81 loss_total=0.549977 loss_rec=0.450319 valid_auc=0.694129 valid_rmse=0.488936 q_change=25 q_delta=0.366460 q_grad=0.002068
epoch=82 loss_total=0.545071 loss_rec=0.445400 valid_auc=0.691998 valid_rmse=0.488887 q_change=25 q_delta=0.367344 q_grad=0.002053
epoch=83 loss_total=0.551959 loss_rec=0.452288 valid_auc=0.693594 valid_rmse=0.488836 q_change=25 q_delta=0.368193 q_grad=0.002034
epoch=84 loss_total=0.550578 loss_rec=0.450900 valid_auc=0.692891 valid_rmse=0.487330 q_change=26 q_delta=0.369015 q_grad=0.002018
epoch=85 loss_total=0.545148 loss_rec=0.445452 valid_auc=0.694933 valid_rmse=0.489313 q_change=26 q_delta=0.369729 q_grad=0.002080
epoch=86 loss_total=0.546163 loss_rec=0.446444 valid_auc=0.692533 valid_rmse=0.488527 q_change=26 q_delta=0.370677 q_grad=0.002123
epoch=87 loss_total=0.542514 loss_rec=0.442791 valid_auc=0.693304 valid_rmse=0.487515 q_change=27 q_delta=0.371459 q_grad=0.002060
epoch=88 loss_total=0.538428 loss_rec=0.438683 valid_auc=0.695011 valid_rmse=0.487364 q_change=27 q_delta=0.372072 q_grad=0.002085
epoch=89 loss_total=0.539816 loss_rec=0.440073 valid_auc=0.694542 valid_rmse=0.491372 q_change=27 q_delta=0.372748 q_grad=0.002018
epoch=90 loss_total=0.545219 loss_rec=0.445469 valid_auc=0.688080 valid_rmse=0.488818 q_change=27 q_delta=0.373634 q_grad=0.002038
epoch=91 loss_total=0.537410 loss_rec=0.437646 valid_auc=0.690670 valid_rmse=0.489451 q_change=27 q_delta=0.374185 q_grad=0.002032
Early stopping at epoch 91; best_epoch=71.
Saved run to C:\Users\YAN_SHU_YU\Desktop\Generative-CD\Q_GNCDM\results\weak_q_lambda_sweep\lq_0p4_ls_0p2_lb_0p1\seed_2026\noise_0.20\weak-q_lq_0p4_ls_0p2_lb_0p1
Final metrics: q_hat_f1=0.688889 response_auc=0.684401 mastery_pearson=0.541724
