run=weak-q_lq_0p2_ls_0p3_lb_0p3 mode=weak-q noise=0.20 train=4200 valid=600 test=1200
epoch=1 loss_total=0.929514 loss_rec=0.725653 valid_auc=0.588136 valid_rmse=0.499743 q_change=57 q_delta=0.078180 q_grad=0.000319
epoch=2 loss_total=0.885208 loss_rec=0.705837 valid_auc=0.597528 valid_rmse=0.499234 q_change=57 q_delta=0.147276 q_grad=0.000301
epoch=3 loss_total=0.857303 loss_rec=0.699693 valid_auc=0.615513 valid_rmse=0.498291 q_change=57 q_delta=0.204952 q_grad=0.000286
epoch=4 loss_total=0.832110 loss_rec=0.693012 valid_auc=0.640558 valid_rmse=0.497291 q_change=57 q_delta=0.251256 q_grad=0.000269
epoch=5 loss_total=0.816396 loss_rec=0.691829 valid_auc=0.661429 valid_rmse=0.494720 q_change=57 q_delta=0.285521 q_grad=0.000270
epoch=6 loss_total=0.798009 loss_rec=0.684102 valid_auc=0.669319 valid_rmse=0.491571 q_change=57 q_delta=0.308626 q_grad=0.000298
epoch=7 loss_total=0.775498 loss_rec=0.668693 valid_auc=0.665826 valid_rmse=0.485226 q_change=57 q_delta=0.322728 q_grad=0.000385
epoch=8 loss_total=0.757513 loss_rec=0.654954 valid_auc=0.664978 valid_rmse=0.480830 q_change=57 q_delta=0.331641 q_grad=0.000576
epoch=9 loss_total=0.745594 loss_rec=0.646264 valid_auc=0.671942 valid_rmse=0.477001 q_change=57 q_delta=0.339697 q_grad=0.000749
epoch=10 loss_total=0.745089 loss_rec=0.648645 valid_auc=0.671886 valid_rmse=0.477593 q_change=57 q_delta=0.345778 q_grad=0.000835
epoch=11 loss_total=0.740082 loss_rec=0.645637 valid_auc=0.672656 valid_rmse=0.476542 q_change=57 q_delta=0.350920 q_grad=0.000964
epoch=12 loss_total=0.729715 loss_rec=0.637019 valid_auc=0.675357 valid_rmse=0.477161 q_change=57 q_delta=0.354582 q_grad=0.001049
epoch=13 loss_total=0.725207 loss_rec=0.633906 valid_auc=0.677489 valid_rmse=0.474861 q_change=57 q_delta=0.358032 q_grad=0.001097
epoch=14 loss_total=0.723601 loss_rec=0.633340 valid_auc=0.677366 valid_rmse=0.476277 q_change=57 q_delta=0.360006 q_grad=0.001228
epoch=15 loss_total=0.720101 loss_rec=0.630649 valid_auc=0.677879 valid_rmse=0.474588 q_change=57 q_delta=0.362202 q_grad=0.001319
epoch=16 loss_total=0.720309 loss_rec=0.631537 valid_auc=0.680949 valid_rmse=0.474312 q_change=57 q_delta=0.363394 q_grad=0.001462
epoch=17 loss_total=0.717099 loss_rec=0.628893 valid_auc=0.680022 valid_rmse=0.474271 q_change=56 q_delta=0.364590 q_grad=0.001436
epoch=18 loss_total=0.709966 loss_rec=0.622182 valid_auc=0.681306 valid_rmse=0.474084 q_change=56 q_delta=0.366366 q_grad=0.001500
epoch=19 loss_total=0.708470 loss_rec=0.621225 valid_auc=0.681964 valid_rmse=0.474471 q_change=56 q_delta=0.367953 q_grad=0.001621
epoch=20 loss_total=0.705861 loss_rec=0.618973 valid_auc=0.684922 valid_rmse=0.472881 q_change=56 q_delta=0.369267 q_grad=0.001721
epoch=21 loss_total=0.701719 loss_rec=0.615221 valid_auc=0.685446 valid_rmse=0.474149 q_change=56 q_delta=0.370055 q_grad=0.001665
epoch=22 loss_total=0.699089 loss_rec=0.612864 valid_auc=0.686049 valid_rmse=0.473305 q_change=56 q_delta=0.370789 q_grad=0.001823
epoch=23 loss_total=0.696263 loss_rec=0.610336 valid_auc=0.684319 valid_rmse=0.473302 q_change=56 q_delta=0.371765 q_grad=0.001809
epoch=24 loss_total=0.691183 loss_rec=0.605557 valid_auc=0.683002 valid_rmse=0.474156 q_change=55 q_delta=0.372398 q_grad=0.001845
epoch=25 loss_total=0.692172 loss_rec=0.606919 valid_auc=0.683772 valid_rmse=0.474269 q_change=55 q_delta=0.373335 q_grad=0.001978
epoch=26 loss_total=0.689798 loss_rec=0.604823 valid_auc=0.685357 valid_rmse=0.474659 q_change=55 q_delta=0.374195 q_grad=0.001957
epoch=27 loss_total=0.686617 loss_rec=0.601917 valid_auc=0.685949 valid_rmse=0.475326 q_change=54 q_delta=0.374922 q_grad=0.001926
epoch=28 loss_total=0.688894 loss_rec=0.604512 valid_auc=0.684989 valid_rmse=0.474775 q_change=54 q_delta=0.376086 q_grad=0.002002
epoch=29 loss_total=0.683093 loss_rec=0.599042 valid_auc=0.687902 valid_rmse=0.473942 q_change=54 q_delta=0.377217 q_grad=0.002020
epoch=30 loss_total=0.682738 loss_rec=0.598932 valid_auc=0.690346 valid_rmse=0.474493 q_change=53 q_delta=0.378100 q_grad=0.001985
epoch=31 loss_total=0.679224 loss_rec=0.595656 valid_auc=0.689799 valid_rmse=0.473736 q_change=53 q_delta=0.378953 q_grad=0.002005
epoch=32 loss_total=0.680104 loss_rec=0.596791 valid_auc=0.692187 valid_rmse=0.473383 q_change=53 q_delta=0.380038 q_grad=0.002055
epoch=33 loss_total=0.677617 loss_rec=0.594526 valid_auc=0.691272 valid_rmse=0.472377 q_change=53 q_delta=0.381301 q_grad=0.002042
epoch=34 loss_total=0.677646 loss_rec=0.594806 valid_auc=0.688739 valid_rmse=0.472642 q_change=53 q_delta=0.382179 q_grad=0.002038
epoch=35 loss_total=0.677364 loss_rec=0.594737 valid_auc=0.692444 valid_rmse=0.471435 q_change=53 q_delta=0.383090 q_grad=0.002009
epoch=36 loss_total=0.672341 loss_rec=0.589857 valid_auc=0.694821 valid_rmse=0.472019 q_change=54 q_delta=0.383594 q_grad=0.002083
epoch=37 loss_total=0.667448 loss_rec=0.585118 valid_auc=0.693917 valid_rmse=0.472577 q_change=54 q_delta=0.384270 q_grad=0.002097
epoch=38 loss_total=0.665486 loss_rec=0.583337 valid_auc=0.693320 valid_rmse=0.473869 q_change=54 q_delta=0.384893 q_grad=0.002201
epoch=39 loss_total=0.667043 loss_rec=0.585056 valid_auc=0.694509 valid_rmse=0.471362 q_change=54 q_delta=0.385715 q_grad=0.002148
epoch=40 loss_total=0.662503 loss_rec=0.580719 valid_auc=0.693650 valid_rmse=0.472273 q_change=54 q_delta=0.386296 q_grad=0.002201
epoch=41 loss_total=0.658541 loss_rec=0.576938 valid_auc=0.695056 valid_rmse=0.472916 q_change=54 q_delta=0.386785 q_grad=0.002199
epoch=42 loss_total=0.660243 loss_rec=0.578769 valid_auc=0.692154 valid_rmse=0.472964 q_change=54 q_delta=0.387326 q_grad=0.002334
epoch=43 loss_total=0.655004 loss_rec=0.573621 valid_auc=0.693136 valid_rmse=0.473721 q_change=53 q_delta=0.387650 q_grad=0.002312
epoch=44 loss_total=0.654220 loss_rec=0.572989 valid_auc=0.693214 valid_rmse=0.474159 q_change=53 q_delta=0.387840 q_grad=0.002376
epoch=45 loss_total=0.649085 loss_rec=0.567978 valid_auc=0.692790 valid_rmse=0.477129 q_change=53 q_delta=0.387906 q_grad=0.002410
epoch=46 loss_total=0.649146 loss_rec=0.568093 valid_auc=0.695067 valid_rmse=0.472730 q_change=53 q_delta=0.388378 q_grad=0.002399
epoch=47 loss_total=0.645040 loss_rec=0.564120 valid_auc=0.693895 valid_rmse=0.475142 q_change=53 q_delta=0.388420 q_grad=0.002425
epoch=48 loss_total=0.641833 loss_rec=0.560956 valid_auc=0.693170 valid_rmse=0.474340 q_change=52 q_delta=0.388550 q_grad=0.002539
epoch=49 loss_total=0.636457 loss_rec=0.555627 valid_auc=0.694498 valid_rmse=0.473997 q_change=50 q_delta=0.388466 q_grad=0.002559
epoch=50 loss_total=0.631959 loss_rec=0.551164 valid_auc=0.692132 valid_rmse=0.476158 q_change=50 q_delta=0.389038 q_grad=0.002537
epoch=51 loss_total=0.629733 loss_rec=0.549037 valid_auc=0.694051 valid_rmse=0.477744 q_change=50 q_delta=0.389831 q_grad=0.002645
epoch=52 loss_total=0.628397 loss_rec=0.547776 valid_auc=0.693438 valid_rmse=0.475759 q_change=50 q_delta=0.390952 q_grad=0.002681
epoch=53 loss_total=0.627309 loss_rec=0.546731 valid_auc=0.693850 valid_rmse=0.475558 q_change=50 q_delta=0.391724 q_grad=0.002729
epoch=54 loss_total=0.618022 loss_rec=0.537550 valid_auc=0.690134 valid_rmse=0.478060 q_change=50 q_delta=0.392468 q_grad=0.002754
epoch=55 loss_total=0.612765 loss_rec=0.532380 valid_auc=0.695725 valid_rmse=0.475379 q_change=50 q_delta=0.393233 q_grad=0.002736
epoch=56 loss_total=0.611330 loss_rec=0.531031 valid_auc=0.690792 valid_rmse=0.477936 q_change=49 q_delta=0.393924 q_grad=0.002828
epoch=57 loss_total=0.608270 loss_rec=0.528076 valid_auc=0.690614 valid_rmse=0.480430 q_change=49 q_delta=0.394507 q_grad=0.002943
epoch=58 loss_total=0.600169 loss_rec=0.520073 valid_auc=0.690647 valid_rmse=0.482835 q_change=49 q_delta=0.395017 q_grad=0.002889
epoch=59 loss_total=0.599655 loss_rec=0.519722 valid_auc=0.692344 valid_rmse=0.478504 q_change=49 q_delta=0.395716 q_grad=0.002896
epoch=60 loss_total=0.596532 loss_rec=0.516688 valid_auc=0.692310 valid_rmse=0.479616 q_change=49 q_delta=0.396159 q_grad=0.002907
epoch=61 loss_total=0.592133 loss_rec=0.512359 valid_auc=0.689989 valid_rmse=0.480073 q_change=49 q_delta=0.396523 q_grad=0.003033
epoch=62 loss_total=0.587844 loss_rec=0.508225 valid_auc=0.692645 valid_rmse=0.479992 q_change=49 q_delta=0.397025 q_grad=0.002953
epoch=63 loss_total=0.585554 loss_rec=0.506004 valid_auc=0.688516 valid_rmse=0.481741 q_change=48 q_delta=0.397316 q_grad=0.003071
epoch=64 loss_total=0.585347 loss_rec=0.505870 valid_auc=0.691004 valid_rmse=0.484697 q_change=48 q_delta=0.397404 q_grad=0.003055
epoch=65 loss_total=0.579133 loss_rec=0.499723 valid_auc=0.689118 valid_rmse=0.482075 q_change=48 q_delta=0.397844 q_grad=0.002956
epoch=66 loss_total=0.579460 loss_rec=0.500154 valid_auc=0.688348 valid_rmse=0.483367 q_change=48 q_delta=0.398071 q_grad=0.003155
epoch=67 loss_total=0.579695 loss_rec=0.500473 valid_auc=0.687813 valid_rmse=0.483948 q_change=47 q_delta=0.398421 q_grad=0.003168
epoch=68 loss_total=0.570623 loss_rec=0.491495 valid_auc=0.687422 valid_rmse=0.488371 q_change=47 q_delta=0.398551 q_grad=0.003042
epoch=69 loss_total=0.568598 loss_rec=0.489516 valid_auc=0.688382 valid_rmse=0.490573 q_change=47 q_delta=0.398805 q_grad=0.003195
epoch=70 loss_total=0.564802 loss_rec=0.485818 valid_auc=0.686507 valid_rmse=0.484525 q_change=47 q_delta=0.399159 q_grad=0.003222
epoch=71 loss_total=0.566023 loss_rec=0.487126 valid_auc=0.687143 valid_rmse=0.484666 q_change=47 q_delta=0.399443 q_grad=0.003144
epoch=72 loss_total=0.564264 loss_rec=0.485410 valid_auc=0.686975 valid_rmse=0.484274 q_change=47 q_delta=0.399692 q_grad=0.003225
epoch=73 loss_total=0.557155 loss_rec=0.478375 valid_auc=0.683996 valid_rmse=0.486616 q_change=47 q_delta=0.399973 q_grad=0.003204
epoch=74 loss_total=0.563318 loss_rec=0.484633 valid_auc=0.684576 valid_rmse=0.486017 q_change=47 q_delta=0.400381 q_grad=0.003162
epoch=75 loss_total=0.559690 loss_rec=0.481045 valid_auc=0.683906 valid_rmse=0.493225 q_change=47 q_delta=0.400499 q_grad=0.003172
Early stopping at epoch 75; best_epoch=55.
Saved run to C:\Users\YAN_SHU_YU\Desktop\Generative-CD\Q_GNCDM\results\weak_q_lambda_sweep\lq_0p2_ls_0p3_lb_0p3\seed_2026\noise_0.20\weak-q_lq_0p2_ls_0p3_lb_0p3
Final metrics: q_hat_f1=0.246154 response_auc=0.683291 mastery_pearson=0.441801
