run=weak-q_lq_0p2_ls_0p7_lb_0p3 mode=weak-q noise=0.20 train=4200 valid=600 test=1200
epoch=1 loss_total=1.103027 loss_rec=0.725666 valid_auc=0.587600 valid_rmse=0.499758 q_change=57 q_delta=0.079472 q_grad=0.000724
epoch=2 loss_total=1.027846 loss_rec=0.705999 valid_auc=0.593672 valid_rmse=0.499351 q_change=57 q_delta=0.151024 q_grad=0.000675
epoch=3 loss_total=0.972859 loss_rec=0.700255 valid_auc=0.605128 valid_rmse=0.498665 q_change=57 q_delta=0.211583 q_grad=0.000613
epoch=4 loss_total=0.925471 loss_rec=0.694368 valid_auc=0.621741 valid_rmse=0.498169 q_change=57 q_delta=0.260661 q_grad=0.000543
epoch=5 loss_total=0.892637 loss_rec=0.694748 valid_auc=0.641663 valid_rmse=0.496641 q_change=57 q_delta=0.298875 q_grad=0.000472
epoch=6 loss_total=0.862903 loss_rec=0.690954 valid_auc=0.657288 valid_rmse=0.496164 q_change=57 q_delta=0.327995 q_grad=0.000411
epoch=7 loss_total=0.837032 loss_rec=0.684953 valid_auc=0.658309 valid_rmse=0.494872 q_change=57 q_delta=0.349962 q_grad=0.000370
epoch=8 loss_total=0.817413 loss_rec=0.680105 valid_auc=0.652958 valid_rmse=0.492148 q_change=57 q_delta=0.365742 q_grad=0.000360
epoch=9 loss_total=0.798806 loss_rec=0.672049 valid_auc=0.657132 valid_rmse=0.485844 q_change=57 q_delta=0.377156 q_grad=0.000418
epoch=10 loss_total=0.786597 loss_rec=0.667736 valid_auc=0.657958 valid_rmse=0.483706 q_change=57 q_delta=0.385557 q_grad=0.000498
epoch=11 loss_total=0.775558 loss_rec=0.662576 valid_auc=0.658281 valid_rmse=0.482232 q_change=57 q_delta=0.392730 q_grad=0.000603
epoch=12 loss_total=0.760886 loss_rec=0.653264 valid_auc=0.662143 valid_rmse=0.482812 q_change=57 q_delta=0.398766 q_grad=0.000670
epoch=13 loss_total=0.754614 loss_rec=0.651560 valid_auc=0.663504 valid_rmse=0.479546 q_change=57 q_delta=0.403986 q_grad=0.000687
epoch=14 loss_total=0.749979 loss_rec=0.650501 valid_auc=0.666283 valid_rmse=0.480924 q_change=57 q_delta=0.407982 q_grad=0.000763
epoch=15 loss_total=0.745922 loss_rec=0.649553 valid_auc=0.664442 valid_rmse=0.479338 q_change=57 q_delta=0.411791 q_grad=0.000804
epoch=16 loss_total=0.743888 loss_rec=0.650099 valid_auc=0.665446 valid_rmse=0.479354 q_change=57 q_delta=0.414739 q_grad=0.000886
epoch=17 loss_total=0.741444 loss_rec=0.649992 valid_auc=0.667366 valid_rmse=0.479911 q_change=57 q_delta=0.417345 q_grad=0.000862
epoch=18 loss_total=0.734608 loss_rec=0.645134 valid_auc=0.668516 valid_rmse=0.479258 q_change=57 q_delta=0.419738 q_grad=0.000890
epoch=19 loss_total=0.731312 loss_rec=0.643615 valid_auc=0.668170 valid_rmse=0.479050 q_change=57 q_delta=0.421777 q_grad=0.000951
epoch=20 loss_total=0.730031 loss_rec=0.643820 valid_auc=0.671127 valid_rmse=0.477674 q_change=57 q_delta=0.423705 q_grad=0.001038
epoch=21 loss_total=0.726061 loss_rec=0.641284 valid_auc=0.670960 valid_rmse=0.478494 q_change=57 q_delta=0.425134 q_grad=0.000995
epoch=22 loss_total=0.725136 loss_rec=0.641496 valid_auc=0.671161 valid_rmse=0.477357 q_change=57 q_delta=0.426534 q_grad=0.001087
epoch=23 loss_total=0.721286 loss_rec=0.638715 valid_auc=0.671027 valid_rmse=0.477018 q_change=57 q_delta=0.427900 q_grad=0.001101
epoch=24 loss_total=0.716777 loss_rec=0.635212 valid_auc=0.671518 valid_rmse=0.477441 q_change=57 q_delta=0.428994 q_grad=0.001150
epoch=25 loss_total=0.719188 loss_rec=0.638445 valid_auc=0.671897 valid_rmse=0.476962 q_change=57 q_delta=0.429915 q_grad=0.001256
epoch=26 loss_total=0.716618 loss_rec=0.636629 valid_auc=0.671864 valid_rmse=0.477564 q_change=57 q_delta=0.430776 q_grad=0.001271
epoch=27 loss_total=0.714438 loss_rec=0.635052 valid_auc=0.675547 valid_rmse=0.476946 q_change=57 q_delta=0.431487 q_grad=0.001284
epoch=28 loss_total=0.715277 loss_rec=0.636490 valid_auc=0.675954 valid_rmse=0.476179 q_change=57 q_delta=0.432257 q_grad=0.001354
epoch=29 loss_total=0.712117 loss_rec=0.633860 valid_auc=0.677980 valid_rmse=0.476074 q_change=57 q_delta=0.432863 q_grad=0.001417
epoch=30 loss_total=0.713182 loss_rec=0.635413 valid_auc=0.678739 valid_rmse=0.476437 q_change=57 q_delta=0.433360 q_grad=0.001417
epoch=31 loss_total=0.709493 loss_rec=0.632060 valid_auc=0.679665 valid_rmse=0.475653 q_change=57 q_delta=0.433854 q_grad=0.001458
epoch=32 loss_total=0.711201 loss_rec=0.634154 valid_auc=0.680636 valid_rmse=0.476575 q_change=57 q_delta=0.434199 q_grad=0.001525
epoch=33 loss_total=0.709984 loss_rec=0.633200 valid_auc=0.679408 valid_rmse=0.475151 q_change=57 q_delta=0.434797 q_grad=0.001517
epoch=34 loss_total=0.709119 loss_rec=0.632685 valid_auc=0.678069 valid_rmse=0.474884 q_change=57 q_delta=0.435066 q_grad=0.001553
epoch=35 loss_total=0.710614 loss_rec=0.634426 valid_auc=0.680346 valid_rmse=0.474290 q_change=57 q_delta=0.435361 q_grad=0.001556
epoch=36 loss_total=0.707366 loss_rec=0.631389 valid_auc=0.680871 valid_rmse=0.475343 q_change=57 q_delta=0.435488 q_grad=0.001602
epoch=37 loss_total=0.702255 loss_rec=0.626439 valid_auc=0.682467 valid_rmse=0.474607 q_change=57 q_delta=0.435669 q_grad=0.001641
epoch=38 loss_total=0.701386 loss_rec=0.625687 valid_auc=0.682400 valid_rmse=0.476076 q_change=57 q_delta=0.435778 q_grad=0.001756
epoch=39 loss_total=0.704980 loss_rec=0.629414 valid_auc=0.681429 valid_rmse=0.474237 q_change=57 q_delta=0.436031 q_grad=0.001725
epoch=40 loss_total=0.701001 loss_rec=0.625541 valid_auc=0.681507 valid_rmse=0.474404 q_change=57 q_delta=0.436012 q_grad=0.001770
epoch=41 loss_total=0.696737 loss_rec=0.621255 valid_auc=0.685792 valid_rmse=0.474486 q_change=57 q_delta=0.435859 q_grad=0.001798
epoch=42 loss_total=0.701053 loss_rec=0.625515 valid_auc=0.681875 valid_rmse=0.474806 q_change=57 q_delta=0.435782 q_grad=0.001849
epoch=43 loss_total=0.696983 loss_rec=0.621310 valid_auc=0.685078 valid_rmse=0.473825 q_change=56 q_delta=0.435484 q_grad=0.001804
epoch=44 loss_total=0.697226 loss_rec=0.621502 valid_auc=0.685647 valid_rmse=0.474270 q_change=56 q_delta=0.436111 q_grad=0.001880
epoch=45 loss_total=0.694755 loss_rec=0.619041 valid_auc=0.686150 valid_rmse=0.476432 q_change=56 q_delta=0.436526 q_grad=0.001916
epoch=46 loss_total=0.695715 loss_rec=0.620005 valid_auc=0.687433 valid_rmse=0.472903 q_change=56 q_delta=0.437096 q_grad=0.001875
epoch=47 loss_total=0.692845 loss_rec=0.617212 valid_auc=0.688728 valid_rmse=0.473233 q_change=56 q_delta=0.437393 q_grad=0.001902
epoch=48 loss_total=0.693779 loss_rec=0.618184 valid_auc=0.688125 valid_rmse=0.472430 q_change=56 q_delta=0.437753 q_grad=0.001938
epoch=49 loss_total=0.691793 loss_rec=0.616205 valid_auc=0.687991 valid_rmse=0.472601 q_change=56 q_delta=0.437965 q_grad=0.001970
epoch=50 loss_total=0.687818 loss_rec=0.612294 valid_auc=0.685078 valid_rmse=0.473430 q_change=56 q_delta=0.438153 q_grad=0.001882
epoch=51 loss_total=0.688348 loss_rec=0.612892 valid_auc=0.689275 valid_rmse=0.474242 q_change=56 q_delta=0.438217 q_grad=0.002022
epoch=52 loss_total=0.689396 loss_rec=0.613956 valid_auc=0.686786 valid_rmse=0.472814 q_change=56 q_delta=0.438426 q_grad=0.002028
epoch=53 loss_total=0.691182 loss_rec=0.615786 valid_auc=0.689252 valid_rmse=0.471951 q_change=56 q_delta=0.438546 q_grad=0.002007
epoch=54 loss_total=0.683556 loss_rec=0.608207 valid_auc=0.688538 valid_rmse=0.473220 q_change=56 q_delta=0.438550 q_grad=0.001975
epoch=55 loss_total=0.683567 loss_rec=0.608184 valid_auc=0.691551 valid_rmse=0.471663 q_change=56 q_delta=0.438561 q_grad=0.002012
epoch=56 loss_total=0.685414 loss_rec=0.610050 valid_auc=0.689219 valid_rmse=0.471885 q_change=56 q_delta=0.438607 q_grad=0.002062
epoch=57 loss_total=0.683975 loss_rec=0.608562 valid_auc=0.692578 valid_rmse=0.473079 q_change=56 q_delta=0.438409 q_grad=0.002099
epoch=58 loss_total=0.680322 loss_rec=0.604816 valid_auc=0.692143 valid_rmse=0.473106 q_change=56 q_delta=0.438395 q_grad=0.002049
epoch=59 loss_total=0.679959 loss_rec=0.604502 valid_auc=0.692020 valid_rmse=0.471512 q_change=56 q_delta=0.438425 q_grad=0.002054
epoch=60 loss_total=0.678894 loss_rec=0.603373 valid_auc=0.694230 valid_rmse=0.471850 q_change=55 q_delta=0.438277 q_grad=0.002084
epoch=61 loss_total=0.678190 loss_rec=0.602586 valid_auc=0.693538 valid_rmse=0.471844 q_change=55 q_delta=0.438739 q_grad=0.002120
epoch=62 loss_total=0.676430 loss_rec=0.600819 valid_auc=0.692824 valid_rmse=0.471112 q_change=55 q_delta=0.439133 q_grad=0.002057
epoch=63 loss_total=0.677307 loss_rec=0.601654 valid_auc=0.691629 valid_rmse=0.472214 q_change=54 q_delta=0.439340 q_grad=0.002075
epoch=64 loss_total=0.680040 loss_rec=0.604423 valid_auc=0.695391 valid_rmse=0.473147 q_change=54 q_delta=0.439622 q_grad=0.002136
epoch=65 loss_total=0.673304 loss_rec=0.597677 valid_auc=0.693471 valid_rmse=0.470957 q_change=54 q_delta=0.439999 q_grad=0.002028
epoch=66 loss_total=0.673755 loss_rec=0.598149 valid_auc=0.695056 valid_rmse=0.471520 q_change=54 q_delta=0.440213 q_grad=0.002162
epoch=67 loss_total=0.676016 loss_rec=0.600406 valid_auc=0.692232 valid_rmse=0.472909 q_change=54 q_delta=0.440537 q_grad=0.002132
epoch=68 loss_total=0.671908 loss_rec=0.596346 valid_auc=0.694520 valid_rmse=0.472970 q_change=54 q_delta=0.440822 q_grad=0.002150
epoch=69 loss_total=0.668394 loss_rec=0.592874 valid_auc=0.697746 valid_rmse=0.477993 q_change=54 q_delta=0.440975 q_grad=0.002230
epoch=70 loss_total=0.668347 loss_rec=0.592855 valid_auc=0.693817 valid_rmse=0.471623 q_change=54 q_delta=0.441366 q_grad=0.002222
epoch=71 loss_total=0.670273 loss_rec=0.594822 valid_auc=0.694509 valid_rmse=0.471890 q_change=54 q_delta=0.441587 q_grad=0.002228
epoch=72 loss_total=0.668604 loss_rec=0.593173 valid_auc=0.693058 valid_rmse=0.472550 q_change=54 q_delta=0.441801 q_grad=0.002249
epoch=73 loss_total=0.665592 loss_rec=0.590259 valid_auc=0.689185 valid_rmse=0.473016 q_change=54 q_delta=0.442034 q_grad=0.002305
epoch=74 loss_total=0.669401 loss_rec=0.594095 valid_auc=0.691205 valid_rmse=0.473475 q_change=54 q_delta=0.442181 q_grad=0.002251
epoch=75 loss_total=0.667461 loss_rec=0.592157 valid_auc=0.690658 valid_rmse=0.479702 q_change=54 q_delta=0.442268 q_grad=0.002252
epoch=76 loss_total=0.667474 loss_rec=0.592175 valid_auc=0.689308 valid_rmse=0.473072 q_change=54 q_delta=0.442516 q_grad=0.002239
epoch=77 loss_total=0.661227 loss_rec=0.585958 valid_auc=0.689375 valid_rmse=0.476778 q_change=54 q_delta=0.442533 q_grad=0.002239
epoch=78 loss_total=0.662322 loss_rec=0.587079 valid_auc=0.688560 valid_rmse=0.474863 q_change=54 q_delta=0.442660 q_grad=0.002409
epoch=79 loss_total=0.661885 loss_rec=0.586700 valid_auc=0.688237 valid_rmse=0.474269 q_change=54 q_delta=0.442817 q_grad=0.002470
epoch=80 loss_total=0.661773 loss_rec=0.586604 valid_auc=0.687355 valid_rmse=0.474051 q_change=54 q_delta=0.442911 q_grad=0.002391
epoch=81 loss_total=0.658102 loss_rec=0.582978 valid_auc=0.688717 valid_rmse=0.476058 q_change=54 q_delta=0.443023 q_grad=0.002444
epoch=82 loss_total=0.658470 loss_rec=0.583385 valid_auc=0.687467 valid_rmse=0.475516 q_change=54 q_delta=0.443106 q_grad=0.002485
epoch=83 loss_total=0.657033 loss_rec=0.581999 valid_auc=0.687567 valid_rmse=0.479281 q_change=54 q_delta=0.443176 q_grad=0.002453
epoch=84 loss_total=0.657865 loss_rec=0.582845 valid_auc=0.688326 valid_rmse=0.475951 q_change=54 q_delta=0.443379 q_grad=0.002536
epoch=85 loss_total=0.659447 loss_rec=0.584458 valid_auc=0.687154 valid_rmse=0.479723 q_change=54 q_delta=0.443327 q_grad=0.002562
epoch=86 loss_total=0.661160 loss_rec=0.586172 valid_auc=0.685692 valid_rmse=0.476827 q_change=54 q_delta=0.443459 q_grad=0.002534
epoch=87 loss_total=0.655204 loss_rec=0.580273 valid_auc=0.684141 valid_rmse=0.477359 q_change=54 q_delta=0.443536 q_grad=0.002472
epoch=88 loss_total=0.649335 loss_rec=0.574426 valid_auc=0.684464 valid_rmse=0.477185 q_change=54 q_delta=0.443636 q_grad=0.002570
epoch=89 loss_total=0.651288 loss_rec=0.576417 valid_auc=0.684565 valid_rmse=0.482730 q_change=54 q_delta=0.443642 q_grad=0.002621
Early stopping at epoch 89; best_epoch=69.
Saved run to C:\Users\YAN_SHU_YU\Desktop\Generative-CD\Q_GNCDM\results\weak_q_lambda_sweep\lq_0p2_ls_0p7_lb_0p3\seed_2026\noise_0.20\weak-q_lq_0p2_ls_0p7_lb_0p3
Final metrics: q_hat_f1=0.101695 response_auc=0.683733 mastery_pearson=0.302090
