run=weak-q_lq_0p4_ls_0p4_lb_0p3 mode=weak-q noise=0.20 train=4200 valid=600 test=1200
epoch=1 loss_total=0.973383 loss_rec=0.725655 valid_auc=0.587958 valid_rmse=0.499747 q_change=57 q_delta=0.077943 q_grad=0.000404
epoch=2 loss_total=0.924353 loss_rec=0.705832 valid_auc=0.595865 valid_rmse=0.499252 q_change=57 q_delta=0.144986 q_grad=0.000352
epoch=3 loss_total=0.894702 loss_rec=0.699669 valid_auc=0.611496 valid_rmse=0.498327 q_change=57 q_delta=0.199768 q_grad=0.000312
epoch=4 loss_total=0.869496 loss_rec=0.692920 valid_auc=0.634844 valid_rmse=0.497318 q_change=57 q_delta=0.243323 q_grad=0.000279
epoch=5 loss_total=0.854420 loss_rec=0.691576 valid_auc=0.656328 valid_rmse=0.494681 q_change=57 q_delta=0.275680 q_grad=0.000272
epoch=6 loss_total=0.836555 loss_rec=0.683426 valid_auc=0.667109 valid_rmse=0.491338 q_change=57 q_delta=0.297612 q_grad=0.000300
epoch=7 loss_total=0.813980 loss_rec=0.667066 valid_auc=0.665748 valid_rmse=0.484725 q_change=57 q_delta=0.310783 q_grad=0.000395
epoch=8 loss_total=0.795848 loss_rec=0.652427 valid_auc=0.666083 valid_rmse=0.480393 q_change=57 q_delta=0.318926 q_grad=0.000602
epoch=9 loss_total=0.784045 loss_rec=0.643313 valid_auc=0.673850 valid_rmse=0.476196 q_change=57 q_delta=0.326208 q_grad=0.000785
epoch=10 loss_total=0.783269 loss_rec=0.644952 valid_auc=0.675078 valid_rmse=0.476494 q_change=57 q_delta=0.331457 q_grad=0.000885
epoch=11 loss_total=0.778272 loss_rec=0.641511 valid_auc=0.677411 valid_rmse=0.475013 q_change=57 q_delta=0.335812 q_grad=0.001031
epoch=12 loss_total=0.767382 loss_rec=0.631947 valid_auc=0.680469 valid_rmse=0.475435 q_change=57 q_delta=0.338556 q_grad=0.001132
epoch=13 loss_total=0.762508 loss_rec=0.628089 valid_auc=0.681540 valid_rmse=0.473326 q_change=57 q_delta=0.341237 q_grad=0.001192
epoch=14 loss_total=0.761080 loss_rec=0.627331 valid_auc=0.681797 valid_rmse=0.474616 q_change=57 q_delta=0.342328 q_grad=0.001326
epoch=15 loss_total=0.756717 loss_rec=0.623467 valid_auc=0.682333 valid_rmse=0.473099 q_change=56 q_delta=0.344106 q_grad=0.001422
epoch=16 loss_total=0.756884 loss_rec=0.624046 valid_auc=0.684654 valid_rmse=0.473141 q_change=56 q_delta=0.345520 q_grad=0.001556
epoch=17 loss_total=0.752918 loss_rec=0.620487 valid_auc=0.683884 valid_rmse=0.473179 q_change=56 q_delta=0.347032 q_grad=0.001512
epoch=18 loss_total=0.746015 loss_rec=0.613900 valid_auc=0.684922 valid_rmse=0.473044 q_change=55 q_delta=0.348442 q_grad=0.001564
epoch=19 loss_total=0.744358 loss_rec=0.612709 valid_auc=0.685379 valid_rmse=0.473997 q_change=55 q_delta=0.350045 q_grad=0.001680
epoch=20 loss_total=0.741204 loss_rec=0.609821 valid_auc=0.687277 valid_rmse=0.472283 q_change=54 q_delta=0.351691 q_grad=0.001760
epoch=21 loss_total=0.736475 loss_rec=0.605444 valid_auc=0.688449 valid_rmse=0.473842 q_change=53 q_delta=0.352927 q_grad=0.001686
epoch=22 loss_total=0.733483 loss_rec=0.602733 valid_auc=0.688036 valid_rmse=0.473335 q_change=52 q_delta=0.354733 q_grad=0.001828
epoch=23 loss_total=0.730679 loss_rec=0.600252 valid_auc=0.685424 valid_rmse=0.473293 q_change=52 q_delta=0.356992 q_grad=0.001793
epoch=24 loss_total=0.725441 loss_rec=0.595343 valid_auc=0.684308 valid_rmse=0.474279 q_change=51 q_delta=0.358850 q_grad=0.001821
epoch=25 loss_total=0.725815 loss_rec=0.596025 valid_auc=0.685112 valid_rmse=0.474365 q_change=51 q_delta=0.360661 q_grad=0.001938
epoch=26 loss_total=0.722988 loss_rec=0.593472 valid_auc=0.686607 valid_rmse=0.474699 q_change=51 q_delta=0.362465 q_grad=0.001924
epoch=27 loss_total=0.719113 loss_rec=0.589837 valid_auc=0.687132 valid_rmse=0.475966 q_change=51 q_delta=0.364136 q_grad=0.001903
epoch=28 loss_total=0.721329 loss_rec=0.592305 valid_auc=0.687065 valid_rmse=0.474703 q_change=51 q_delta=0.365724 q_grad=0.001990
epoch=29 loss_total=0.714157 loss_rec=0.585388 valid_auc=0.689453 valid_rmse=0.474187 q_change=51 q_delta=0.367075 q_grad=0.002009
epoch=30 loss_total=0.712755 loss_rec=0.584174 valid_auc=0.691060 valid_rmse=0.474929 q_change=51 q_delta=0.368214 q_grad=0.002000
epoch=31 loss_total=0.708177 loss_rec=0.579792 valid_auc=0.690915 valid_rmse=0.474491 q_change=51 q_delta=0.369467 q_grad=0.002032
epoch=32 loss_total=0.708532 loss_rec=0.580339 valid_auc=0.692701 valid_rmse=0.474259 q_change=50 q_delta=0.370666 q_grad=0.002094
epoch=33 loss_total=0.704901 loss_rec=0.576849 valid_auc=0.691808 valid_rmse=0.472574 q_change=50 q_delta=0.372017 q_grad=0.002099
epoch=34 loss_total=0.704148 loss_rec=0.576315 valid_auc=0.690301 valid_rmse=0.473015 q_change=50 q_delta=0.373066 q_grad=0.002095
epoch=35 loss_total=0.703189 loss_rec=0.575493 valid_auc=0.694118 valid_rmse=0.471792 q_change=49 q_delta=0.374235 q_grad=0.002093
epoch=36 loss_total=0.695593 loss_rec=0.567984 valid_auc=0.694375 valid_rmse=0.472569 q_change=49 q_delta=0.374930 q_grad=0.002174
epoch=37 loss_total=0.691118 loss_rec=0.563636 valid_auc=0.693147 valid_rmse=0.474161 q_change=49 q_delta=0.375945 q_grad=0.002185
epoch=38 loss_total=0.686721 loss_rec=0.559395 valid_auc=0.693516 valid_rmse=0.475135 q_change=49 q_delta=0.376892 q_grad=0.002305
epoch=39 loss_total=0.685715 loss_rec=0.558521 valid_auc=0.692188 valid_rmse=0.473179 q_change=49 q_delta=0.378221 q_grad=0.002264
epoch=40 loss_total=0.681984 loss_rec=0.554932 valid_auc=0.692143 valid_rmse=0.474010 q_change=49 q_delta=0.378876 q_grad=0.002341
epoch=41 loss_total=0.675389 loss_rec=0.548494 valid_auc=0.692946 valid_rmse=0.475966 q_change=49 q_delta=0.379650 q_grad=0.002357
epoch=42 loss_total=0.676928 loss_rec=0.550157 valid_auc=0.690100 valid_rmse=0.475230 q_change=49 q_delta=0.380511 q_grad=0.002493
epoch=43 loss_total=0.670638 loss_rec=0.543972 valid_auc=0.691328 valid_rmse=0.476147 q_change=48 q_delta=0.380962 q_grad=0.002466
epoch=44 loss_total=0.667644 loss_rec=0.541105 valid_auc=0.689576 valid_rmse=0.477055 q_change=48 q_delta=0.381665 q_grad=0.002530
epoch=45 loss_total=0.661964 loss_rec=0.535568 valid_auc=0.689007 valid_rmse=0.481461 q_change=48 q_delta=0.381984 q_grad=0.002579
epoch=46 loss_total=0.661411 loss_rec=0.535073 valid_auc=0.693281 valid_rmse=0.475817 q_change=48 q_delta=0.382805 q_grad=0.002573
epoch=47 loss_total=0.657063 loss_rec=0.530843 valid_auc=0.689732 valid_rmse=0.479512 q_change=48 q_delta=0.383229 q_grad=0.002587
epoch=48 loss_total=0.653681 loss_rec=0.527557 valid_auc=0.689487 valid_rmse=0.478456 q_change=49 q_delta=0.383811 q_grad=0.002676
epoch=49 loss_total=0.648137 loss_rec=0.522090 valid_auc=0.691161 valid_rmse=0.477466 q_change=46 q_delta=0.384067 q_grad=0.002674
epoch=50 loss_total=0.643300 loss_rec=0.517329 valid_auc=0.688002 valid_rmse=0.480835 q_change=46 q_delta=0.384497 q_grad=0.002693
epoch=51 loss_total=0.641735 loss_rec=0.515891 valid_auc=0.688610 valid_rmse=0.481637 q_change=46 q_delta=0.384789 q_grad=0.002758
epoch=52 loss_total=0.642796 loss_rec=0.517033 valid_auc=0.689174 valid_rmse=0.479781 q_change=46 q_delta=0.385428 q_grad=0.002807
epoch=53 loss_total=0.642867 loss_rec=0.517169 valid_auc=0.688571 valid_rmse=0.479446 q_change=45 q_delta=0.385825 q_grad=0.002825
epoch=54 loss_total=0.635218 loss_rec=0.509579 valid_auc=0.684431 valid_rmse=0.482344 q_change=45 q_delta=0.386223 q_grad=0.002843
epoch=55 loss_total=0.630465 loss_rec=0.504903 valid_auc=0.690770 valid_rmse=0.479143 q_change=45 q_delta=0.386715 q_grad=0.002795
epoch=56 loss_total=0.629951 loss_rec=0.504451 valid_auc=0.686507 valid_rmse=0.481608 q_change=45 q_delta=0.387049 q_grad=0.002868
Early stopping at epoch 56; best_epoch=36.
Saved run to C:\Users\YAN_SHU_YU\Desktop\Generative-CD\Q_GNCDM\results\weak_q_lambda_sweep\lq_0p4_ls_0p4_lb_0p3\seed_2026\noise_0.20\weak-q_lq_0p4_ls_0p4_lb_0p3
Final metrics: q_hat_f1=0.250000 response_auc=0.692417 mastery_pearson=0.419084
