run=weak-q_lq_0p4_ls_0p7_lb_0p05 mode=weak-q noise=0.20 train=4200 valid=600 test=1200
epoch=1 loss_total=1.042815 loss_rec=0.725660 valid_auc=0.587589 valid_rmse=0.499754 q_change=57 q_delta=0.078271 q_grad=0.000675
epoch=2 loss_total=0.975455 loss_rec=0.705893 valid_auc=0.593951 valid_rmse=0.499307 q_change=57 q_delta=0.145472 q_grad=0.000570
epoch=3 loss_total=0.932684 loss_rec=0.699895 valid_auc=0.606674 valid_rmse=0.498504 q_change=57 q_delta=0.200302 q_grad=0.000478
epoch=4 loss_total=0.898484 loss_rec=0.693489 valid_auc=0.624598 valid_rmse=0.497732 q_change=57 q_delta=0.243993 q_grad=0.000401
epoch=5 loss_total=0.877473 loss_rec=0.692899 valid_auc=0.645212 valid_rmse=0.495622 q_change=57 q_delta=0.277600 q_grad=0.000348
epoch=6 loss_total=0.856565 loss_rec=0.686814 valid_auc=0.659989 valid_rmse=0.493719 q_change=57 q_delta=0.302503 q_grad=0.000325
epoch=7 loss_total=0.834624 loss_rec=0.675230 valid_auc=0.660670 valid_rmse=0.489279 q_change=57 q_delta=0.319846 q_grad=0.000354
epoch=8 loss_total=0.814897 loss_rec=0.662009 valid_auc=0.659475 valid_rmse=0.483712 q_change=57 q_delta=0.330702 q_grad=0.000487
epoch=9 loss_total=0.798989 loss_rec=0.650503 valid_auc=0.668538 valid_rmse=0.478164 q_change=57 q_delta=0.339625 q_grad=0.000665
epoch=10 loss_total=0.795424 loss_rec=0.650825 valid_auc=0.669911 valid_rmse=0.478209 q_change=57 q_delta=0.346737 q_grad=0.000773
epoch=11 loss_total=0.789200 loss_rec=0.647376 valid_auc=0.672433 valid_rmse=0.476779 q_change=57 q_delta=0.352693 q_grad=0.000908
epoch=12 loss_total=0.777302 loss_rec=0.637905 valid_auc=0.675580 valid_rmse=0.477311 q_change=57 q_delta=0.357081 q_grad=0.001004
epoch=13 loss_total=0.772382 loss_rec=0.634913 valid_auc=0.678538 valid_rmse=0.474526 q_change=57 q_delta=0.361044 q_grad=0.001059
epoch=14 loss_total=0.770298 loss_rec=0.634225 valid_auc=0.678638 valid_rmse=0.475909 q_change=57 q_delta=0.363522 q_grad=0.001192
epoch=15 loss_total=0.766148 loss_rec=0.631208 valid_auc=0.679040 valid_rmse=0.474124 q_change=57 q_delta=0.366143 q_grad=0.001293
epoch=16 loss_total=0.766239 loss_rec=0.632196 valid_auc=0.681150 valid_rmse=0.474030 q_change=57 q_delta=0.367806 q_grad=0.001432
epoch=17 loss_total=0.762959 loss_rec=0.629737 valid_auc=0.681194 valid_rmse=0.474133 q_change=57 q_delta=0.369383 q_grad=0.001406
epoch=18 loss_total=0.756273 loss_rec=0.623617 valid_auc=0.682600 valid_rmse=0.473386 q_change=57 q_delta=0.370788 q_grad=0.001467
epoch=19 loss_total=0.754822 loss_rec=0.622835 valid_auc=0.682835 valid_rmse=0.474470 q_change=57 q_delta=0.372127 q_grad=0.001589
epoch=20 loss_total=0.752684 loss_rec=0.621084 valid_auc=0.685826 valid_rmse=0.472519 q_change=57 q_delta=0.373260 q_grad=0.001687
epoch=21 loss_total=0.748385 loss_rec=0.617178 valid_auc=0.686317 valid_rmse=0.474411 q_change=56 q_delta=0.373903 q_grad=0.001619
epoch=22 loss_total=0.746462 loss_rec=0.615510 valid_auc=0.687277 valid_rmse=0.473316 q_change=56 q_delta=0.375027 q_grad=0.001768
epoch=23 loss_total=0.743889 loss_rec=0.613190 valid_auc=0.684766 valid_rmse=0.473105 q_change=56 q_delta=0.376537 q_grad=0.001751
epoch=24 loss_total=0.739269 loss_rec=0.608813 valid_auc=0.683616 valid_rmse=0.473898 q_change=56 q_delta=0.377636 q_grad=0.001778
epoch=25 loss_total=0.741139 loss_rec=0.610939 valid_auc=0.684509 valid_rmse=0.473774 q_change=56 q_delta=0.378558 q_grad=0.001906
epoch=26 loss_total=0.738586 loss_rec=0.608596 valid_auc=0.686272 valid_rmse=0.474446 q_change=56 q_delta=0.379564 q_grad=0.001882
epoch=27 loss_total=0.735282 loss_rec=0.605410 valid_auc=0.687801 valid_rmse=0.475033 q_change=56 q_delta=0.380334 q_grad=0.001860
epoch=28 loss_total=0.738213 loss_rec=0.608602 valid_auc=0.686384 valid_rmse=0.474125 q_change=56 q_delta=0.381472 q_grad=0.001930
epoch=29 loss_total=0.732342 loss_rec=0.602959 valid_auc=0.689196 valid_rmse=0.473299 q_change=55 q_delta=0.382305 q_grad=0.001958
epoch=30 loss_total=0.731945 loss_rec=0.602658 valid_auc=0.691585 valid_rmse=0.473825 q_change=54 q_delta=0.382825 q_grad=0.001922
epoch=31 loss_total=0.728140 loss_rec=0.598857 valid_auc=0.690201 valid_rmse=0.473593 q_change=53 q_delta=0.383506 q_grad=0.001958
epoch=32 loss_total=0.729939 loss_rec=0.600770 valid_auc=0.691942 valid_rmse=0.473511 q_change=52 q_delta=0.384389 q_grad=0.002006
epoch=33 loss_total=0.728032 loss_rec=0.598934 valid_auc=0.690156 valid_rmse=0.471760 q_change=52 q_delta=0.385606 q_grad=0.001994
epoch=34 loss_total=0.727191 loss_rec=0.598200 valid_auc=0.688739 valid_rmse=0.472154 q_change=51 q_delta=0.386761 q_grad=0.001975
epoch=35 loss_total=0.726895 loss_rec=0.598002 valid_auc=0.692009 valid_rmse=0.471168 q_change=51 q_delta=0.387925 q_grad=0.001953
epoch=36 loss_total=0.721755 loss_rec=0.592768 valid_auc=0.692556 valid_rmse=0.472306 q_change=51 q_delta=0.388864 q_grad=0.002029
epoch=37 loss_total=0.717098 loss_rec=0.588097 valid_auc=0.693371 valid_rmse=0.472511 q_change=51 q_delta=0.390053 q_grad=0.002034
epoch=38 loss_total=0.715614 loss_rec=0.586739 valid_auc=0.693292 valid_rmse=0.474321 q_change=51 q_delta=0.391161 q_grad=0.002142
epoch=39 loss_total=0.716912 loss_rec=0.588074 valid_auc=0.692545 valid_rmse=0.471728 q_change=51 q_delta=0.392504 q_grad=0.002071
epoch=40 loss_total=0.712679 loss_rec=0.583919 valid_auc=0.692924 valid_rmse=0.472073 q_change=51 q_delta=0.393287 q_grad=0.002122
epoch=41 loss_total=0.708490 loss_rec=0.579814 valid_auc=0.694118 valid_rmse=0.473053 q_change=51 q_delta=0.394178 q_grad=0.002122
epoch=42 loss_total=0.710802 loss_rec=0.582133 valid_auc=0.690112 valid_rmse=0.472970 q_change=51 q_delta=0.395224 q_grad=0.002237
epoch=43 loss_total=0.705382 loss_rec=0.576679 valid_auc=0.691797 valid_rmse=0.473362 q_change=51 q_delta=0.395836 q_grad=0.002195
epoch=44 loss_total=0.705617 loss_rec=0.576970 valid_auc=0.689040 valid_rmse=0.474347 q_change=50 q_delta=0.396561 q_grad=0.002255
epoch=45 loss_total=0.700660 loss_rec=0.572074 valid_auc=0.690848 valid_rmse=0.477926 q_change=50 q_delta=0.397034 q_grad=0.002308
epoch=46 loss_total=0.700557 loss_rec=0.571915 valid_auc=0.692305 valid_rmse=0.472293 q_change=50 q_delta=0.398210 q_grad=0.002283
epoch=47 loss_total=0.697142 loss_rec=0.568525 valid_auc=0.691150 valid_rmse=0.474573 q_change=50 q_delta=0.398805 q_grad=0.002297
epoch=48 loss_total=0.693849 loss_rec=0.565224 valid_auc=0.691261 valid_rmse=0.473489 q_change=49 q_delta=0.399611 q_grad=0.002393
epoch=49 loss_total=0.690610 loss_rec=0.561990 valid_auc=0.693013 valid_rmse=0.472932 q_change=49 q_delta=0.400203 q_grad=0.002424
epoch=50 loss_total=0.685006 loss_rec=0.556363 valid_auc=0.689967 valid_rmse=0.475050 q_change=49 q_delta=0.400903 q_grad=0.002380
epoch=51 loss_total=0.683931 loss_rec=0.555334 valid_auc=0.692333 valid_rmse=0.476543 q_change=49 q_delta=0.401604 q_grad=0.002499
epoch=52 loss_total=0.685020 loss_rec=0.556450 valid_auc=0.690458 valid_rmse=0.474608 q_change=49 q_delta=0.402575 q_grad=0.002542
epoch=53 loss_total=0.684601 loss_rec=0.555996 valid_auc=0.692199 valid_rmse=0.473503 q_change=49 q_delta=0.403274 q_grad=0.002575
epoch=54 loss_total=0.675952 loss_rec=0.547348 valid_auc=0.688862 valid_rmse=0.476373 q_change=49 q_delta=0.403707 q_grad=0.002574
epoch=55 loss_total=0.672730 loss_rec=0.544159 valid_auc=0.693850 valid_rmse=0.473355 q_change=49 q_delta=0.404320 q_grad=0.002600
epoch=56 loss_total=0.672681 loss_rec=0.544099 valid_auc=0.689643 valid_rmse=0.475757 q_change=49 q_delta=0.404788 q_grad=0.002673
epoch=57 loss_total=0.669766 loss_rec=0.541163 valid_auc=0.689118 valid_rmse=0.477485 q_change=49 q_delta=0.405264 q_grad=0.002784
epoch=58 loss_total=0.664083 loss_rec=0.535512 valid_auc=0.688683 valid_rmse=0.479958 q_change=49 q_delta=0.405676 q_grad=0.002742
epoch=59 loss_total=0.664216 loss_rec=0.535761 valid_auc=0.691752 valid_rmse=0.475039 q_change=50 q_delta=0.406237 q_grad=0.002728
epoch=60 loss_total=0.662158 loss_rec=0.533740 valid_auc=0.691484 valid_rmse=0.476221 q_change=50 q_delta=0.406477 q_grad=0.002742
epoch=61 loss_total=0.659042 loss_rec=0.530579 valid_auc=0.688772 valid_rmse=0.476531 q_change=50 q_delta=0.406835 q_grad=0.002885
Early stopping at epoch 61; best_epoch=41.
Saved run to C:\Users\YAN_SHU_YU\Desktop\Generative-CD\Q_GNCDM\results\weak_q_lambda_sweep\lq_0p4_ls_0p7_lb_0p05\seed_2026\noise_0.20\weak-q_lq_0p4_ls_0p7_lb_0p05
Final metrics: q_hat_f1=0.193548 response_auc=0.689101 mastery_pearson=0.370461
