run=weak-q_lq_0p7_ls_0p4_lb_0p05 mode=weak-q noise=0.20 train=4200 valid=600 test=1200
epoch=1 loss_total=0.913375 loss_rec=0.725641 valid_auc=0.588019 valid_rmse=0.499736 q_change=57 q_delta=0.075022 q_grad=0.000349
epoch=2 loss_total=0.872717 loss_rec=0.705550 valid_auc=0.597054 valid_rmse=0.499123 q_change=57 q_delta=0.130764 q_grad=0.000242
epoch=3 loss_total=0.854714 loss_rec=0.698620 valid_auc=0.615022 valid_rmse=0.497807 q_change=57 q_delta=0.169188 q_grad=0.000194
epoch=4 loss_total=0.840139 loss_rec=0.689888 valid_auc=0.638817 valid_rmse=0.495630 q_change=57 q_delta=0.194693 q_grad=0.000193
epoch=5 loss_total=0.831016 loss_rec=0.683282 valid_auc=0.658616 valid_rmse=0.489860 q_change=57 q_delta=0.207223 q_grad=0.000258
epoch=6 loss_total=0.809729 loss_rec=0.662265 valid_auc=0.668884 valid_rmse=0.481145 q_change=57 q_delta=0.209134 q_grad=0.000429
epoch=7 loss_total=0.784203 loss_rec=0.636333 valid_auc=0.675167 valid_rmse=0.476733 q_change=57 q_delta=0.210267 q_grad=0.000669
epoch=8 loss_total=0.775466 loss_rec=0.627586 valid_auc=0.676094 valid_rmse=0.476445 q_change=57 q_delta=0.212755 q_grad=0.000905
epoch=9 loss_total=0.768522 loss_rec=0.620982 valid_auc=0.682121 valid_rmse=0.473464 q_change=57 q_delta=0.215850 q_grad=0.001026
epoch=10 loss_total=0.772122 loss_rec=0.625052 valid_auc=0.679632 valid_rmse=0.475495 q_change=56 q_delta=0.219075 q_grad=0.001057
epoch=11 loss_total=0.770506 loss_rec=0.623605 valid_auc=0.679542 valid_rmse=0.474310 q_change=56 q_delta=0.222512 q_grad=0.001148
epoch=12 loss_total=0.762600 loss_rec=0.615974 valid_auc=0.678962 valid_rmse=0.476154 q_change=55 q_delta=0.225231 q_grad=0.001178
epoch=13 loss_total=0.759851 loss_rec=0.613515 valid_auc=0.678973 valid_rmse=0.474775 q_change=55 q_delta=0.229042 q_grad=0.001152
epoch=14 loss_total=0.761240 loss_rec=0.615052 valid_auc=0.677857 valid_rmse=0.476958 q_change=55 q_delta=0.231120 q_grad=0.001215
epoch=15 loss_total=0.758290 loss_rec=0.612148 valid_auc=0.679275 valid_rmse=0.475367 q_change=54 q_delta=0.233949 q_grad=0.001229
epoch=16 loss_total=0.760973 loss_rec=0.614835 valid_auc=0.679286 valid_rmse=0.475649 q_change=55 q_delta=0.236387 q_grad=0.001315
epoch=17 loss_total=0.757395 loss_rec=0.611413 valid_auc=0.678683 valid_rmse=0.475526 q_change=53 q_delta=0.238486 q_grad=0.001242
epoch=18 loss_total=0.753610 loss_rec=0.607611 valid_auc=0.678594 valid_rmse=0.475876 q_change=53 q_delta=0.240865 q_grad=0.001265
epoch=19 loss_total=0.753574 loss_rec=0.607614 valid_auc=0.679185 valid_rmse=0.476276 q_change=52 q_delta=0.243414 q_grad=0.001333
epoch=20 loss_total=0.752460 loss_rec=0.606437 valid_auc=0.680703 valid_rmse=0.475078 q_change=51 q_delta=0.245882 q_grad=0.001392
epoch=21 loss_total=0.748818 loss_rec=0.602665 valid_auc=0.681775 valid_rmse=0.475748 q_change=50 q_delta=0.247847 q_grad=0.001318
epoch=22 loss_total=0.747571 loss_rec=0.601292 valid_auc=0.680123 valid_rmse=0.476050 q_change=51 q_delta=0.250195 q_grad=0.001418
epoch=23 loss_total=0.746538 loss_rec=0.600078 valid_auc=0.679487 valid_rmse=0.475882 q_change=50 q_delta=0.252665 q_grad=0.001381
epoch=24 loss_total=0.742990 loss_rec=0.596345 valid_auc=0.679196 valid_rmse=0.476355 q_change=50 q_delta=0.255178 q_grad=0.001414
epoch=25 loss_total=0.743549 loss_rec=0.596593 valid_auc=0.679777 valid_rmse=0.476371 q_change=49 q_delta=0.257350 q_grad=0.001491
epoch=26 loss_total=0.742082 loss_rec=0.594894 valid_auc=0.681116 valid_rmse=0.476371 q_change=47 q_delta=0.259611 q_grad=0.001472
epoch=27 loss_total=0.739238 loss_rec=0.591684 valid_auc=0.681696 valid_rmse=0.476983 q_change=45 q_delta=0.261752 q_grad=0.001470
epoch=28 loss_total=0.742699 loss_rec=0.594809 valid_auc=0.680938 valid_rmse=0.476755 q_change=44 q_delta=0.264255 q_grad=0.001553
epoch=29 loss_total=0.736924 loss_rec=0.588701 valid_auc=0.683906 valid_rmse=0.475599 q_change=42 q_delta=0.266562 q_grad=0.001554
epoch=30 loss_total=0.735697 loss_rec=0.587006 valid_auc=0.685458 valid_rmse=0.476905 q_change=42 q_delta=0.268665 q_grad=0.001583
epoch=31 loss_total=0.732490 loss_rec=0.583327 valid_auc=0.684420 valid_rmse=0.476555 q_change=42 q_delta=0.270989 q_grad=0.001595
epoch=32 loss_total=0.733394 loss_rec=0.583765 valid_auc=0.687009 valid_rmse=0.475288 q_change=42 q_delta=0.274103 q_grad=0.001632
epoch=33 loss_total=0.730014 loss_rec=0.579847 valid_auc=0.686964 valid_rmse=0.474523 q_change=42 q_delta=0.277080 q_grad=0.001667
epoch=34 loss_total=0.729696 loss_rec=0.579027 valid_auc=0.685268 valid_rmse=0.474868 q_change=42 q_delta=0.279641 q_grad=0.001645
epoch=35 loss_total=0.729741 loss_rec=0.578560 valid_auc=0.687824 valid_rmse=0.473852 q_change=39 q_delta=0.282283 q_grad=0.001672
epoch=36 loss_total=0.722926 loss_rec=0.571141 valid_auc=0.688772 valid_rmse=0.474382 q_change=38 q_delta=0.284430 q_grad=0.001742
epoch=37 loss_total=0.718465 loss_rec=0.566051 valid_auc=0.688270 valid_rmse=0.475861 q_change=37 q_delta=0.287092 q_grad=0.001765
epoch=38 loss_total=0.713882 loss_rec=0.560968 valid_auc=0.687545 valid_rmse=0.476926 q_change=36 q_delta=0.289605 q_grad=0.001857
epoch=39 loss_total=0.713546 loss_rec=0.560022 valid_auc=0.687746 valid_rmse=0.475343 q_change=36 q_delta=0.292572 q_grad=0.001855
epoch=40 loss_total=0.709630 loss_rec=0.555544 valid_auc=0.688516 valid_rmse=0.476087 q_change=35 q_delta=0.294611 q_grad=0.001908
epoch=41 loss_total=0.703684 loss_rec=0.549101 valid_auc=0.688326 valid_rmse=0.477850 q_change=35 q_delta=0.297428 q_grad=0.001920
epoch=42 loss_total=0.705615 loss_rec=0.550525 valid_auc=0.685926 valid_rmse=0.477078 q_change=34 q_delta=0.300368 q_grad=0.002065
epoch=43 loss_total=0.698627 loss_rec=0.543042 valid_auc=0.688962 valid_rmse=0.477787 q_change=33 q_delta=0.302697 q_grad=0.002036
epoch=44 loss_total=0.697417 loss_rec=0.541414 valid_auc=0.689364 valid_rmse=0.476978 q_change=32 q_delta=0.305026 q_grad=0.002064
epoch=45 loss_total=0.692081 loss_rec=0.535713 valid_auc=0.688025 valid_rmse=0.481581 q_change=32 q_delta=0.306947 q_grad=0.002064
epoch=46 loss_total=0.691870 loss_rec=0.535080 valid_auc=0.692813 valid_rmse=0.476599 q_change=31 q_delta=0.309418 q_grad=0.002109
epoch=47 loss_total=0.689623 loss_rec=0.532492 valid_auc=0.689933 valid_rmse=0.479608 q_change=33 q_delta=0.311069 q_grad=0.002087
epoch=48 loss_total=0.687592 loss_rec=0.530180 valid_auc=0.688951 valid_rmse=0.478586 q_change=31 q_delta=0.313090 q_grad=0.002153
epoch=49 loss_total=0.681884 loss_rec=0.524182 valid_auc=0.691797 valid_rmse=0.477269 q_change=31 q_delta=0.314485 q_grad=0.002146
epoch=50 loss_total=0.677847 loss_rec=0.519921 valid_auc=0.690234 valid_rmse=0.480875 q_change=31 q_delta=0.316329 q_grad=0.002133
epoch=51 loss_total=0.678233 loss_rec=0.520114 valid_auc=0.691719 valid_rmse=0.480868 q_change=29 q_delta=0.317509 q_grad=0.002205
epoch=52 loss_total=0.679102 loss_rec=0.520772 valid_auc=0.689163 valid_rmse=0.480176 q_change=29 q_delta=0.319355 q_grad=0.002216
epoch=53 loss_total=0.680408 loss_rec=0.521874 valid_auc=0.689587 valid_rmse=0.479293 q_change=29 q_delta=0.320561 q_grad=0.002210
epoch=54 loss_total=0.673357 loss_rec=0.514611 valid_auc=0.688772 valid_rmse=0.480871 q_change=30 q_delta=0.321670 q_grad=0.002232
epoch=55 loss_total=0.669143 loss_rec=0.510247 valid_auc=0.695904 valid_rmse=0.477238 q_change=30 q_delta=0.322993 q_grad=0.002215
epoch=56 loss_total=0.668814 loss_rec=0.509780 valid_auc=0.691562 valid_rmse=0.480554 q_change=30 q_delta=0.324357 q_grad=0.002192
epoch=57 loss_total=0.669271 loss_rec=0.510032 valid_auc=0.690368 valid_rmse=0.482428 q_change=29 q_delta=0.325643 q_grad=0.002331
epoch=58 loss_total=0.663694 loss_rec=0.504307 valid_auc=0.691663 valid_rmse=0.481941 q_change=29 q_delta=0.327188 q_grad=0.002271
epoch=59 loss_total=0.660910 loss_rec=0.501428 valid_auc=0.694632 valid_rmse=0.478995 q_change=29 q_delta=0.328391 q_grad=0.002231
epoch=60 loss_total=0.663805 loss_rec=0.504191 valid_auc=0.693951 valid_rmse=0.480992 q_change=28 q_delta=0.329504 q_grad=0.002280
epoch=61 loss_total=0.661503 loss_rec=0.501758 valid_auc=0.692299 valid_rmse=0.480201 q_change=28 q_delta=0.330808 q_grad=0.002340
epoch=62 loss_total=0.658058 loss_rec=0.498212 valid_auc=0.694900 valid_rmse=0.479761 q_change=28 q_delta=0.331899 q_grad=0.002241
epoch=63 loss_total=0.657323 loss_rec=0.497330 valid_auc=0.693471 valid_rmse=0.481016 q_change=28 q_delta=0.332922 q_grad=0.002359
epoch=64 loss_total=0.658333 loss_rec=0.498222 valid_auc=0.695234 valid_rmse=0.482548 q_change=28 q_delta=0.333949 q_grad=0.002341
epoch=65 loss_total=0.656339 loss_rec=0.496126 valid_auc=0.694096 valid_rmse=0.480674 q_change=27 q_delta=0.335188 q_grad=0.002237
epoch=66 loss_total=0.655335 loss_rec=0.495008 valid_auc=0.693404 valid_rmse=0.481103 q_change=27 q_delta=0.336154 q_grad=0.002375
epoch=67 loss_total=0.654972 loss_rec=0.494510 valid_auc=0.692355 valid_rmse=0.482574 q_change=28 q_delta=0.337191 q_grad=0.002353
epoch=68 loss_total=0.648641 loss_rec=0.488059 valid_auc=0.694487 valid_rmse=0.482838 q_change=28 q_delta=0.338225 q_grad=0.002366
epoch=69 loss_total=0.645622 loss_rec=0.484927 valid_auc=0.693627 valid_rmse=0.487247 q_change=28 q_delta=0.339173 q_grad=0.002364
epoch=70 loss_total=0.644337 loss_rec=0.483491 valid_auc=0.693404 valid_rmse=0.481941 q_change=28 q_delta=0.340553 q_grad=0.002422
epoch=71 loss_total=0.643841 loss_rec=0.482937 valid_auc=0.698013 valid_rmse=0.480440 q_change=28 q_delta=0.341593 q_grad=0.002379
epoch=72 loss_total=0.644799 loss_rec=0.483780 valid_auc=0.695246 valid_rmse=0.482274 q_change=28 q_delta=0.342523 q_grad=0.002400
epoch=73 loss_total=0.640375 loss_rec=0.479227 valid_auc=0.691987 valid_rmse=0.484633 q_change=27 q_delta=0.343666 q_grad=0.002448
epoch=74 loss_total=0.644007 loss_rec=0.482784 valid_auc=0.694643 valid_rmse=0.483329 q_change=27 q_delta=0.344577 q_grad=0.002410
epoch=75 loss_total=0.641855 loss_rec=0.480507 valid_auc=0.691998 valid_rmse=0.488273 q_change=27 q_delta=0.345454 q_grad=0.002472
epoch=76 loss_total=0.640926 loss_rec=0.479479 valid_auc=0.694710 valid_rmse=0.481551 q_change=27 q_delta=0.346568 q_grad=0.002404
epoch=77 loss_total=0.632546 loss_rec=0.470976 valid_auc=0.696674 valid_rmse=0.482981 q_change=27 q_delta=0.347528 q_grad=0.002392
epoch=78 loss_total=0.632495 loss_rec=0.470833 valid_auc=0.695658 valid_rmse=0.486152 q_change=27 q_delta=0.348376 q_grad=0.002585
epoch=79 loss_total=0.630358 loss_rec=0.468613 valid_auc=0.693393 valid_rmse=0.484483 q_change=27 q_delta=0.349439 q_grad=0.002536
epoch=80 loss_total=0.629598 loss_rec=0.467789 valid_auc=0.696540 valid_rmse=0.484299 q_change=28 q_delta=0.350515 q_grad=0.002511
epoch=81 loss_total=0.628370 loss_rec=0.466449 valid_auc=0.695993 valid_rmse=0.485653 q_change=27 q_delta=0.351304 q_grad=0.002571
epoch=82 loss_total=0.624498 loss_rec=0.462497 valid_auc=0.693426 valid_rmse=0.486350 q_change=29 q_delta=0.352279 q_grad=0.002570
epoch=83 loss_total=0.629785 loss_rec=0.467730 valid_auc=0.695413 valid_rmse=0.487187 q_change=30 q_delta=0.353126 q_grad=0.002551
epoch=84 loss_total=0.629593 loss_rec=0.467492 valid_auc=0.696752 valid_rmse=0.483668 q_change=30 q_delta=0.354009 q_grad=0.002551
epoch=85 loss_total=0.624099 loss_rec=0.461898 valid_auc=0.696775 valid_rmse=0.487560 q_change=30 q_delta=0.354665 q_grad=0.002612
epoch=86 loss_total=0.624013 loss_rec=0.461710 valid_auc=0.695312 valid_rmse=0.485394 q_change=30 q_delta=0.355744 q_grad=0.002689
epoch=87 loss_total=0.621095 loss_rec=0.458707 valid_auc=0.695804 valid_rmse=0.484525 q_change=30 q_delta=0.356569 q_grad=0.002622
epoch=88 loss_total=0.615296 loss_rec=0.452830 valid_auc=0.697121 valid_rmse=0.486074 q_change=31 q_delta=0.357232 q_grad=0.002648
epoch=89 loss_total=0.617103 loss_rec=0.454629 valid_auc=0.695324 valid_rmse=0.490487 q_change=30 q_delta=0.357819 q_grad=0.002587
epoch=90 loss_total=0.623531 loss_rec=0.460965 valid_auc=0.691920 valid_rmse=0.485960 q_change=29 q_delta=0.358844 q_grad=0.002605
epoch=91 loss_total=0.615368 loss_rec=0.452719 valid_auc=0.694230 valid_rmse=0.486600 q_change=30 q_delta=0.359558 q_grad=0.002594
Early stopping at epoch 91; best_epoch=71.
Saved run to C:\Users\YAN_SHU_YU\Desktop\Generative-CD\Q_GNCDM\results\weak_q_lambda_sweep\lq_0p7_ls_0p4_lb_0p05\seed_2026\noise_0.20\weak-q_lq_0p7_ls_0p4_lb_0p05
Final metrics: q_hat_f1=0.635294 response_auc=0.685209 mastery_pearson=0.545106
