run=weak-q_lq_0p7_ls_0p5_lb_0p9 mode=weak-q noise=0.20 train=4200 valid=600 test=1200
epoch=1 loss_total=1.163262 loss_rec=0.725665 valid_auc=0.587768 valid_rmse=0.499756 q_change=57 q_delta=0.079538 q_grad=0.000560
epoch=2 loss_total=1.099617 loss_rec=0.705993 valid_auc=0.594420 valid_rmse=0.499335 q_change=57 q_delta=0.151775 q_grad=0.000535
epoch=3 loss_total=1.053535 loss_rec=0.700229 valid_auc=0.607701 valid_rmse=0.498624 q_change=57 q_delta=0.213280 q_grad=0.000498
epoch=4 loss_total=1.012759 loss_rec=0.694319 valid_auc=0.626127 valid_rmse=0.498102 q_change=57 q_delta=0.263176 q_grad=0.000449
epoch=5 loss_total=0.984827 loss_rec=0.694665 valid_auc=0.646819 valid_rmse=0.496543 q_change=57 q_delta=0.301730 q_grad=0.000398
epoch=6 loss_total=0.958775 loss_rec=0.690788 valid_auc=0.660714 valid_rmse=0.495996 q_change=57 q_delta=0.330695 q_grad=0.000355
epoch=7 loss_total=0.935618 loss_rec=0.684544 valid_auc=0.660658 valid_rmse=0.494520 q_change=57 q_delta=0.352128 q_grad=0.000330
epoch=8 loss_total=0.917859 loss_rec=0.679122 valid_auc=0.655614 valid_rmse=0.491329 q_change=57 q_delta=0.366924 q_grad=0.000341
epoch=9 loss_total=0.900180 loss_rec=0.669970 valid_auc=0.659375 valid_rmse=0.484629 q_change=57 q_delta=0.377304 q_grad=0.000421
epoch=10 loss_total=0.889672 loss_rec=0.665853 valid_auc=0.659275 valid_rmse=0.482845 q_change=57 q_delta=0.385024 q_grad=0.000514
epoch=11 loss_total=0.880176 loss_rec=0.661178 valid_auc=0.659766 valid_rmse=0.481530 q_change=57 q_delta=0.391751 q_grad=0.000621
epoch=12 loss_total=0.866737 loss_rec=0.652171 valid_auc=0.663516 valid_rmse=0.482262 q_change=57 q_delta=0.397332 q_grad=0.000687
epoch=13 loss_total=0.861255 loss_rec=0.650464 valid_auc=0.664342 valid_rmse=0.479215 q_change=57 q_delta=0.402218 q_grad=0.000706
epoch=14 loss_total=0.857321 loss_rec=0.649461 valid_auc=0.666864 valid_rmse=0.480639 q_change=57 q_delta=0.405839 q_grad=0.000788
epoch=15 loss_total=0.853769 loss_rec=0.648445 valid_auc=0.664230 valid_rmse=0.479075 q_change=57 q_delta=0.409391 q_grad=0.000832
epoch=16 loss_total=0.852239 loss_rec=0.649041 valid_auc=0.665826 valid_rmse=0.478976 q_change=57 q_delta=0.412060 q_grad=0.000922
epoch=17 loss_total=0.850003 loss_rec=0.648701 valid_auc=0.667768 valid_rmse=0.479477 q_change=57 q_delta=0.414406 q_grad=0.000900
epoch=18 loss_total=0.843383 loss_rec=0.643673 valid_auc=0.668404 valid_rmse=0.478972 q_change=57 q_delta=0.416569 q_grad=0.000934
epoch=19 loss_total=0.840385 loss_rec=0.642125 valid_auc=0.668225 valid_rmse=0.478582 q_change=57 q_delta=0.418422 q_grad=0.001002
epoch=20 loss_total=0.839189 loss_rec=0.642131 valid_auc=0.671496 valid_rmse=0.477234 q_change=57 q_delta=0.420184 q_grad=0.001098
epoch=21 loss_total=0.835458 loss_rec=0.639553 valid_auc=0.671652 valid_rmse=0.477976 q_change=57 q_delta=0.421431 q_grad=0.001059
epoch=22 loss_total=0.834502 loss_rec=0.639502 valid_auc=0.672634 valid_rmse=0.476817 q_change=57 q_delta=0.422645 q_grad=0.001163
epoch=23 loss_total=0.830858 loss_rec=0.636684 valid_auc=0.671998 valid_rmse=0.476464 q_change=57 q_delta=0.423853 q_grad=0.001182
epoch=24 loss_total=0.826256 loss_rec=0.632883 valid_auc=0.673203 valid_rmse=0.476912 q_change=57 q_delta=0.424788 q_grad=0.001240
epoch=25 loss_total=0.828701 loss_rec=0.635964 valid_auc=0.674453 valid_rmse=0.476408 q_change=57 q_delta=0.425547 q_grad=0.001363
epoch=26 loss_total=0.826272 loss_rec=0.634109 valid_auc=0.674230 valid_rmse=0.476968 q_change=57 q_delta=0.426249 q_grad=0.001380
epoch=27 loss_total=0.824120 loss_rec=0.632390 valid_auc=0.677623 valid_rmse=0.476223 q_change=57 q_delta=0.426778 q_grad=0.001398
epoch=28 loss_total=0.824795 loss_rec=0.633508 valid_auc=0.678493 valid_rmse=0.475560 q_change=57 q_delta=0.427410 q_grad=0.001482
epoch=29 loss_total=0.821597 loss_rec=0.630685 valid_auc=0.680112 valid_rmse=0.475407 q_change=57 q_delta=0.427851 q_grad=0.001553
epoch=30 loss_total=0.822743 loss_rec=0.632172 valid_auc=0.681094 valid_rmse=0.475866 q_change=57 q_delta=0.428171 q_grad=0.001554
epoch=31 loss_total=0.819013 loss_rec=0.628624 valid_auc=0.682210 valid_rmse=0.474850 q_change=57 q_delta=0.428441 q_grad=0.001600
epoch=32 loss_total=0.820456 loss_rec=0.630297 valid_auc=0.683482 valid_rmse=0.475697 q_change=57 q_delta=0.428527 q_grad=0.001676
epoch=33 loss_total=0.818963 loss_rec=0.628887 valid_auc=0.682076 valid_rmse=0.474359 q_change=57 q_delta=0.428815 q_grad=0.001668
epoch=34 loss_total=0.817996 loss_rec=0.628033 valid_auc=0.681295 valid_rmse=0.474087 q_change=57 q_delta=0.428648 q_grad=0.001716
epoch=35 loss_total=0.818854 loss_rec=0.628894 valid_auc=0.684330 valid_rmse=0.473284 q_change=56 q_delta=0.428438 q_grad=0.001716
epoch=36 loss_total=0.814988 loss_rec=0.625011 valid_auc=0.686998 valid_rmse=0.473830 q_change=56 q_delta=0.428677 q_grad=0.001763
epoch=37 loss_total=0.808680 loss_rec=0.618707 valid_auc=0.687031 valid_rmse=0.473447 q_change=56 q_delta=0.429321 q_grad=0.001797
epoch=38 loss_total=0.807985 loss_rec=0.618117 valid_auc=0.684777 valid_rmse=0.475915 q_change=56 q_delta=0.429814 q_grad=0.001924
epoch=39 loss_total=0.810771 loss_rec=0.621031 valid_auc=0.686217 valid_rmse=0.473121 q_change=56 q_delta=0.430375 q_grad=0.001874
epoch=40 loss_total=0.806795 loss_rec=0.617202 valid_auc=0.685156 valid_rmse=0.473561 q_change=56 q_delta=0.430643 q_grad=0.001928
epoch=41 loss_total=0.802176 loss_rec=0.612714 valid_auc=0.686998 valid_rmse=0.473816 q_change=56 q_delta=0.430867 q_grad=0.001948
epoch=42 loss_total=0.806623 loss_rec=0.617265 valid_auc=0.683873 valid_rmse=0.474316 q_change=56 q_delta=0.431130 q_grad=0.002010
epoch=43 loss_total=0.802455 loss_rec=0.613152 valid_auc=0.685960 valid_rmse=0.473407 q_change=56 q_delta=0.431152 q_grad=0.001959
epoch=44 loss_total=0.803083 loss_rec=0.613895 valid_auc=0.687132 valid_rmse=0.473779 q_change=56 q_delta=0.431320 q_grad=0.002041
epoch=45 loss_total=0.800555 loss_rec=0.611431 valid_auc=0.687098 valid_rmse=0.475945 q_change=56 q_delta=0.431264 q_grad=0.002077
epoch=46 loss_total=0.801450 loss_rec=0.612355 valid_auc=0.688739 valid_rmse=0.472313 q_change=56 q_delta=0.431392 q_grad=0.002023
epoch=47 loss_total=0.798520 loss_rec=0.609475 valid_auc=0.690603 valid_rmse=0.472670 q_change=56 q_delta=0.431239 q_grad=0.002053
epoch=48 loss_total=0.798828 loss_rec=0.609767 valid_auc=0.689833 valid_rmse=0.472052 q_change=56 q_delta=0.431206 q_grad=0.002098
epoch=49 loss_total=0.796373 loss_rec=0.607293 valid_auc=0.690123 valid_rmse=0.472002 q_change=55 q_delta=0.430991 q_grad=0.002123
epoch=50 loss_total=0.792039 loss_rec=0.602938 valid_auc=0.688382 valid_rmse=0.472892 q_change=55 q_delta=0.431189 q_grad=0.002027
epoch=51 loss_total=0.791883 loss_rec=0.602813 valid_auc=0.692243 valid_rmse=0.473396 q_change=55 q_delta=0.431392 q_grad=0.002159
epoch=52 loss_total=0.792566 loss_rec=0.603493 valid_auc=0.690257 valid_rmse=0.472265 q_change=55 q_delta=0.431769 q_grad=0.002168
epoch=53 loss_total=0.794308 loss_rec=0.605243 valid_auc=0.692578 valid_rmse=0.471514 q_change=55 q_delta=0.432012 q_grad=0.002151
epoch=54 loss_total=0.785930 loss_rec=0.596918 valid_auc=0.691362 valid_rmse=0.472820 q_change=55 q_delta=0.432218 q_grad=0.002112
epoch=55 loss_total=0.785643 loss_rec=0.596716 valid_auc=0.696027 valid_rmse=0.470690 q_change=55 q_delta=0.432380 q_grad=0.002160
epoch=56 loss_total=0.786696 loss_rec=0.597809 valid_auc=0.693717 valid_rmse=0.471225 q_change=55 q_delta=0.432562 q_grad=0.002209
epoch=57 loss_total=0.785052 loss_rec=0.596205 valid_auc=0.695770 valid_rmse=0.472134 q_change=55 q_delta=0.432570 q_grad=0.002268
epoch=58 loss_total=0.781198 loss_rec=0.592389 valid_auc=0.694141 valid_rmse=0.472809 q_change=55 q_delta=0.432724 q_grad=0.002222
epoch=59 loss_total=0.781077 loss_rec=0.592392 valid_auc=0.694263 valid_rmse=0.470877 q_change=55 q_delta=0.432955 q_grad=0.002226
epoch=60 loss_total=0.780449 loss_rec=0.591834 valid_auc=0.694810 valid_rmse=0.471786 q_change=54 q_delta=0.433036 q_grad=0.002276
epoch=61 loss_total=0.778731 loss_rec=0.590169 valid_auc=0.695301 valid_rmse=0.471517 q_change=54 q_delta=0.433166 q_grad=0.002320
epoch=62 loss_total=0.776508 loss_rec=0.588035 valid_auc=0.693917 valid_rmse=0.471390 q_change=54 q_delta=0.433306 q_grad=0.002288
epoch=63 loss_total=0.777793 loss_rec=0.589362 valid_auc=0.692902 valid_rmse=0.472125 q_change=54 q_delta=0.433250 q_grad=0.002318
epoch=64 loss_total=0.779887 loss_rec=0.591528 valid_auc=0.697221 valid_rmse=0.473023 q_change=54 q_delta=0.433241 q_grad=0.002393
epoch=65 loss_total=0.773541 loss_rec=0.585217 valid_auc=0.693661 valid_rmse=0.471860 q_change=54 q_delta=0.433433 q_grad=0.002295
epoch=66 loss_total=0.773939 loss_rec=0.585684 valid_auc=0.694442 valid_rmse=0.472190 q_change=54 q_delta=0.433476 q_grad=0.002441
epoch=67 loss_total=0.776174 loss_rec=0.587962 valid_auc=0.692098 valid_rmse=0.473500 q_change=54 q_delta=0.433562 q_grad=0.002438
epoch=68 loss_total=0.771514 loss_rec=0.583366 valid_auc=0.692913 valid_rmse=0.474456 q_change=54 q_delta=0.433646 q_grad=0.002459
epoch=69 loss_total=0.767968 loss_rec=0.579870 valid_auc=0.695658 valid_rmse=0.479400 q_change=53 q_delta=0.433601 q_grad=0.002557
epoch=70 loss_total=0.767570 loss_rec=0.579515 valid_auc=0.692031 valid_rmse=0.473113 q_change=53 q_delta=0.433851 q_grad=0.002567
epoch=71 loss_total=0.769391 loss_rec=0.581413 valid_auc=0.691853 valid_rmse=0.473463 q_change=53 q_delta=0.433888 q_grad=0.002580
epoch=72 loss_total=0.768139 loss_rec=0.580179 valid_auc=0.691038 valid_rmse=0.473966 q_change=53 q_delta=0.433961 q_grad=0.002613
epoch=73 loss_total=0.763833 loss_rec=0.575958 valid_auc=0.688449 valid_rmse=0.474758 q_change=53 q_delta=0.434013 q_grad=0.002670
epoch=74 loss_total=0.768265 loss_rec=0.580419 valid_auc=0.690335 valid_rmse=0.475027 q_change=53 q_delta=0.434151 q_grad=0.002634
epoch=75 loss_total=0.766050 loss_rec=0.578227 valid_auc=0.687969 valid_rmse=0.481548 q_change=53 q_delta=0.434147 q_grad=0.002641
epoch=76 loss_total=0.766028 loss_rec=0.578214 valid_auc=0.688538 valid_rmse=0.474047 q_change=53 q_delta=0.434421 q_grad=0.002633
epoch=77 loss_total=0.759035 loss_rec=0.571266 valid_auc=0.690312 valid_rmse=0.477170 q_change=53 q_delta=0.434341 q_grad=0.002632
epoch=78 loss_total=0.759552 loss_rec=0.571798 valid_auc=0.690112 valid_rmse=0.476304 q_change=53 q_delta=0.434445 q_grad=0.002840
epoch=79 loss_total=0.758556 loss_rec=0.570833 valid_auc=0.687846 valid_rmse=0.475416 q_change=53 q_delta=0.434523 q_grad=0.002924
epoch=80 loss_total=0.758906 loss_rec=0.571202 valid_auc=0.687835 valid_rmse=0.474905 q_change=53 q_delta=0.434563 q_grad=0.002824
epoch=81 loss_total=0.754527 loss_rec=0.566868 valid_auc=0.688560 valid_rmse=0.477795 q_change=53 q_delta=0.434508 q_grad=0.002902
epoch=82 loss_total=0.754454 loss_rec=0.566808 valid_auc=0.688348 valid_rmse=0.476864 q_change=53 q_delta=0.434545 q_grad=0.002974
epoch=83 loss_total=0.753777 loss_rec=0.566146 valid_auc=0.687723 valid_rmse=0.480921 q_change=53 q_delta=0.434452 q_grad=0.002949
epoch=84 loss_total=0.753852 loss_rec=0.566237 valid_auc=0.687333 valid_rmse=0.477113 q_change=53 q_delta=0.434575 q_grad=0.003019
Early stopping at epoch 84; best_epoch=64.
Saved run to C:\Users\YAN_SHU_YU\Desktop\Generative-CD\Q_GNCDM\results\weak_q_lambda_sweep\lq_0p7_ls_0p5_lb_0p9\seed_2026\noise_0.20\weak-q_lq_0p7_ls_0p5_lb_0p9
Final metrics: q_hat_f1=0.101695 response_auc=0.687200 mastery_pearson=0.338523
