run=weak-q_lq_0p5_ls_0p3_lb_0p2 mode=weak-q noise=0.20 train=4200 valid=600 test=1200
epoch=1 loss_total=0.905963 loss_rec=0.725640 valid_auc=0.588437 valid_rmse=0.499733 q_change=57 q_delta=0.075564 q_grad=0.000283
epoch=2 loss_total=0.867722 loss_rec=0.705582 valid_auc=0.598705 valid_rmse=0.499112 q_change=57 q_delta=0.134813 q_grad=0.000223
epoch=3 loss_total=0.849052 loss_rec=0.698739 valid_auc=0.618744 valid_rmse=0.497797 q_change=57 q_delta=0.178658 q_grad=0.000199
epoch=4 loss_total=0.832917 loss_rec=0.690274 valid_auc=0.645670 valid_rmse=0.495716 q_change=57 q_delta=0.210230 q_grad=0.000202
epoch=5 loss_total=0.822744 loss_rec=0.684461 valid_auc=0.663839 valid_rmse=0.490275 q_change=57 q_delta=0.228388 q_grad=0.000261
epoch=6 loss_total=0.801874 loss_rec=0.665343 valid_auc=0.670792 valid_rmse=0.481884 q_change=57 q_delta=0.234805 q_grad=0.000414
epoch=7 loss_total=0.776100 loss_rec=0.640012 valid_auc=0.675536 valid_rmse=0.476972 q_change=56 q_delta=0.238046 q_grad=0.000642
epoch=8 loss_total=0.766510 loss_rec=0.630810 valid_auc=0.678348 valid_rmse=0.475830 q_change=58 q_delta=0.240929 q_grad=0.000888
epoch=9 loss_total=0.758324 loss_rec=0.623133 valid_auc=0.684040 valid_rmse=0.472679 q_change=57 q_delta=0.243541 q_grad=0.001032
epoch=10 loss_total=0.760631 loss_rec=0.626028 valid_auc=0.681964 valid_rmse=0.474592 q_change=54 q_delta=0.246157 q_grad=0.001087
epoch=11 loss_total=0.757903 loss_rec=0.623532 valid_auc=0.681663 valid_rmse=0.473396 q_change=53 q_delta=0.249636 q_grad=0.001198
epoch=12 loss_total=0.748918 loss_rec=0.614872 valid_auc=0.681908 valid_rmse=0.475094 q_change=52 q_delta=0.252632 q_grad=0.001244
epoch=13 loss_total=0.745069 loss_rec=0.611389 valid_auc=0.681518 valid_rmse=0.473946 q_change=51 q_delta=0.256986 q_grad=0.001235
epoch=14 loss_total=0.745508 loss_rec=0.612081 valid_auc=0.681172 valid_rmse=0.475926 q_change=51 q_delta=0.260220 q_grad=0.001309
epoch=15 loss_total=0.741443 loss_rec=0.608191 valid_auc=0.682600 valid_rmse=0.474489 q_change=51 q_delta=0.264210 q_grad=0.001334
epoch=16 loss_total=0.742959 loss_rec=0.609835 valid_auc=0.682533 valid_rmse=0.474809 q_change=50 q_delta=0.267580 q_grad=0.001431
epoch=17 loss_total=0.738363 loss_rec=0.605440 valid_auc=0.681964 valid_rmse=0.474666 q_change=49 q_delta=0.270658 q_grad=0.001361
epoch=18 loss_total=0.732845 loss_rec=0.600018 valid_auc=0.682433 valid_rmse=0.474846 q_change=48 q_delta=0.273802 q_grad=0.001393
epoch=19 loss_total=0.731682 loss_rec=0.599039 valid_auc=0.683281 valid_rmse=0.475478 q_change=48 q_delta=0.277133 q_grad=0.001476
epoch=20 loss_total=0.728802 loss_rec=0.596202 valid_auc=0.684833 valid_rmse=0.474127 q_change=46 q_delta=0.280653 q_grad=0.001550
epoch=21 loss_total=0.723452 loss_rec=0.590896 valid_auc=0.686674 valid_rmse=0.474887 q_change=46 q_delta=0.283567 q_grad=0.001483
epoch=22 loss_total=0.720630 loss_rec=0.588098 valid_auc=0.685324 valid_rmse=0.475265 q_change=41 q_delta=0.286902 q_grad=0.001604
epoch=23 loss_total=0.717594 loss_rec=0.585075 valid_auc=0.684230 valid_rmse=0.475339 q_change=41 q_delta=0.289972 q_grad=0.001565
epoch=24 loss_total=0.711838 loss_rec=0.579325 valid_auc=0.684174 valid_rmse=0.475975 q_change=40 q_delta=0.293065 q_grad=0.001611
epoch=25 loss_total=0.710496 loss_rec=0.577929 valid_auc=0.685670 valid_rmse=0.476097 q_change=40 q_delta=0.296229 q_grad=0.001714
epoch=26 loss_total=0.707111 loss_rec=0.574522 valid_auc=0.686362 valid_rmse=0.476164 q_change=40 q_delta=0.299452 q_grad=0.001701
epoch=27 loss_total=0.701974 loss_rec=0.569308 valid_auc=0.685201 valid_rmse=0.478300 q_change=38 q_delta=0.302484 q_grad=0.001709
epoch=28 loss_total=0.703521 loss_rec=0.570762 valid_auc=0.685937 valid_rmse=0.477099 q_change=37 q_delta=0.305913 q_grad=0.001828
epoch=29 loss_total=0.695066 loss_rec=0.562285 valid_auc=0.688783 valid_rmse=0.476608 q_change=37 q_delta=0.308550 q_grad=0.001817
epoch=30 loss_total=0.691818 loss_rec=0.558907 valid_auc=0.689888 valid_rmse=0.477828 q_change=35 q_delta=0.311223 q_grad=0.001885
epoch=31 loss_total=0.685754 loss_rec=0.552782 valid_auc=0.688192 valid_rmse=0.478307 q_change=35 q_delta=0.313817 q_grad=0.001886
epoch=32 loss_total=0.684420 loss_rec=0.551365 valid_auc=0.692288 valid_rmse=0.477214 q_change=33 q_delta=0.316671 q_grad=0.001946
epoch=33 loss_total=0.677779 loss_rec=0.544595 valid_auc=0.689743 valid_rmse=0.476832 q_change=33 q_delta=0.319655 q_grad=0.001977
epoch=34 loss_total=0.677363 loss_rec=0.544159 valid_auc=0.689844 valid_rmse=0.476745 q_change=33 q_delta=0.321582 q_grad=0.001977
epoch=35 loss_total=0.676699 loss_rec=0.543425 valid_auc=0.692746 valid_rmse=0.475550 q_change=33 q_delta=0.323751 q_grad=0.001991
epoch=36 loss_total=0.668418 loss_rec=0.535030 valid_auc=0.691931 valid_rmse=0.476471 q_change=33 q_delta=0.325606 q_grad=0.002058
epoch=37 loss_total=0.663994 loss_rec=0.530524 valid_auc=0.690067 valid_rmse=0.479565 q_change=31 q_delta=0.327710 q_grad=0.002054
epoch=38 loss_total=0.657393 loss_rec=0.523908 valid_auc=0.690290 valid_rmse=0.480043 q_change=31 q_delta=0.329670 q_grad=0.002128
epoch=39 loss_total=0.657282 loss_rec=0.523770 valid_auc=0.689699 valid_rmse=0.478865 q_change=31 q_delta=0.331475 q_grad=0.002096
epoch=40 loss_total=0.654166 loss_rec=0.520621 valid_auc=0.689643 valid_rmse=0.479871 q_change=31 q_delta=0.333020 q_grad=0.002138
epoch=41 loss_total=0.647596 loss_rec=0.514060 valid_auc=0.689576 valid_rmse=0.482626 q_change=31 q_delta=0.334797 q_grad=0.002109
epoch=42 loss_total=0.651505 loss_rec=0.517965 valid_auc=0.687946 valid_rmse=0.480856 q_change=31 q_delta=0.336558 q_grad=0.002256
epoch=43 loss_total=0.645128 loss_rec=0.511608 valid_auc=0.690737 valid_rmse=0.481500 q_change=31 q_delta=0.337933 q_grad=0.002199
epoch=44 loss_total=0.642906 loss_rec=0.509379 valid_auc=0.689721 valid_rmse=0.480755 q_change=30 q_delta=0.339221 q_grad=0.002202
epoch=45 loss_total=0.639670 loss_rec=0.506162 valid_auc=0.688058 valid_rmse=0.485079 q_change=28 q_delta=0.340239 q_grad=0.002201
epoch=46 loss_total=0.638293 loss_rec=0.504746 valid_auc=0.693661 valid_rmse=0.479986 q_change=28 q_delta=0.341740 q_grad=0.002227
epoch=47 loss_total=0.636644 loss_rec=0.503135 valid_auc=0.691183 valid_rmse=0.482995 q_change=29 q_delta=0.342796 q_grad=0.002178
epoch=48 loss_total=0.635845 loss_rec=0.502355 valid_auc=0.690402 valid_rmse=0.481543 q_change=28 q_delta=0.344339 q_grad=0.002247
epoch=49 loss_total=0.630049 loss_rec=0.496574 valid_auc=0.691975 valid_rmse=0.480546 q_change=27 q_delta=0.345389 q_grad=0.002208
epoch=50 loss_total=0.625010 loss_rec=0.491550 valid_auc=0.690670 valid_rmse=0.484635 q_change=27 q_delta=0.346745 q_grad=0.002209
epoch=51 loss_total=0.626332 loss_rec=0.492912 valid_auc=0.691842 valid_rmse=0.484763 q_change=27 q_delta=0.347880 q_grad=0.002278
epoch=52 loss_total=0.627027 loss_rec=0.493619 valid_auc=0.690815 valid_rmse=0.482908 q_change=28 q_delta=0.349189 q_grad=0.002265
epoch=53 loss_total=0.628393 loss_rec=0.494997 valid_auc=0.690368 valid_rmse=0.482706 q_change=27 q_delta=0.350114 q_grad=0.002278
epoch=54 loss_total=0.622149 loss_rec=0.488736 valid_auc=0.689554 valid_rmse=0.484047 q_change=27 q_delta=0.351287 q_grad=0.002300
epoch=55 loss_total=0.617520 loss_rec=0.484139 valid_auc=0.695647 valid_rmse=0.480420 q_change=27 q_delta=0.352390 q_grad=0.002243
epoch=56 loss_total=0.616418 loss_rec=0.483052 valid_auc=0.691875 valid_rmse=0.483659 q_change=27 q_delta=0.353417 q_grad=0.002252
epoch=57 loss_total=0.616976 loss_rec=0.483590 valid_auc=0.689252 valid_rmse=0.485809 q_change=28 q_delta=0.354420 q_grad=0.002371
epoch=58 loss_total=0.610889 loss_rec=0.477514 valid_auc=0.690569 valid_rmse=0.485886 q_change=27 q_delta=0.355444 q_grad=0.002301
epoch=59 loss_total=0.607851 loss_rec=0.474533 valid_auc=0.694609 valid_rmse=0.482788 q_change=27 q_delta=0.356482 q_grad=0.002255
epoch=60 loss_total=0.610770 loss_rec=0.477462 valid_auc=0.693750 valid_rmse=0.484249 q_change=27 q_delta=0.357406 q_grad=0.002306
epoch=61 loss_total=0.608564 loss_rec=0.475259 valid_auc=0.691942 valid_rmse=0.483407 q_change=28 q_delta=0.358484 q_grad=0.002338
epoch=62 loss_total=0.604146 loss_rec=0.470883 valid_auc=0.694989 valid_rmse=0.483145 q_change=27 q_delta=0.359243 q_grad=0.002249
epoch=63 loss_total=0.603927 loss_rec=0.470668 valid_auc=0.693125 valid_rmse=0.484545 q_change=27 q_delta=0.360216 q_grad=0.002359
epoch=64 loss_total=0.604043 loss_rec=0.470798 valid_auc=0.694230 valid_rmse=0.486424 q_change=25 q_delta=0.360924 q_grad=0.002322
epoch=65 loss_total=0.601532 loss_rec=0.468307 valid_auc=0.692132 valid_rmse=0.484782 q_change=27 q_delta=0.362037 q_grad=0.002234
epoch=66 loss_total=0.601045 loss_rec=0.467854 valid_auc=0.691942 valid_rmse=0.485618 q_change=26 q_delta=0.362849 q_grad=0.002362
epoch=67 loss_total=0.600869 loss_rec=0.467689 valid_auc=0.691964 valid_rmse=0.485997 q_change=26 q_delta=0.363919 q_grad=0.002349
epoch=68 loss_total=0.593634 loss_rec=0.460477 valid_auc=0.693862 valid_rmse=0.487088 q_change=27 q_delta=0.364875 q_grad=0.002329
epoch=69 loss_total=0.591981 loss_rec=0.458840 valid_auc=0.693583 valid_rmse=0.491837 q_change=27 q_delta=0.365611 q_grad=0.002339
epoch=70 loss_total=0.588559 loss_rec=0.455424 valid_auc=0.692344 valid_rmse=0.485837 q_change=27 q_delta=0.366768 q_grad=0.002389
epoch=71 loss_total=0.588752 loss_rec=0.455692 valid_auc=0.695647 valid_rmse=0.484742 q_change=27 q_delta=0.367555 q_grad=0.002322
epoch=72 loss_total=0.589984 loss_rec=0.456920 valid_auc=0.693527 valid_rmse=0.486246 q_change=27 q_delta=0.368242 q_grad=0.002378
epoch=73 loss_total=0.583913 loss_rec=0.450864 valid_auc=0.690625 valid_rmse=0.488593 q_change=27 q_delta=0.369209 q_grad=0.002395
epoch=74 loss_total=0.589238 loss_rec=0.456236 valid_auc=0.691730 valid_rmse=0.487419 q_change=26 q_delta=0.369927 q_grad=0.002357
epoch=75 loss_total=0.587496 loss_rec=0.454520 valid_auc=0.690257 valid_rmse=0.492679 q_change=27 q_delta=0.370719 q_grad=0.002399
Early stopping at epoch 75; best_epoch=55.
Saved run to C:\Users\YAN_SHU_YU\Desktop\Generative-CD\Q_GNCDM\results\weak_q_lambda_sweep\lq_0p5_ls_0p3_lb_0p2\seed_2026\noise_0.20\weak-q_lq_0p5_ls_0p3_lb_0p2
Final metrics: q_hat_f1=0.651163 response_auc=0.686705 mastery_pearson=0.540178
