run=weak-q_lq_0p5_ls_0p9_lb_0p05 mode=weak-q noise=0.20 train=4200 valid=600 test=1200
epoch=1 loss_total=1.129862 loss_rec=0.725662 valid_auc=0.587489 valid_rmse=0.499757 q_change=57 q_delta=0.078470 q_grad=0.000870
epoch=2 loss_total=1.048713 loss_rec=0.705921 valid_auc=0.593214 valid_rmse=0.499328 q_change=57 q_delta=0.146179 q_grad=0.000738
epoch=3 loss_total=0.995132 loss_rec=0.700001 valid_auc=0.604141 valid_rmse=0.498573 q_change=57 q_delta=0.201634 q_grad=0.000618
epoch=4 loss_total=0.952803 loss_rec=0.693750 valid_auc=0.620446 valid_rmse=0.497897 q_change=57 q_delta=0.245938 q_grad=0.000515
epoch=5 loss_total=0.925835 loss_rec=0.693468 valid_auc=0.641071 valid_rmse=0.495987 q_change=57 q_delta=0.280387 q_grad=0.000432
epoch=6 loss_total=0.900879 loss_rec=0.688177 valid_auc=0.656685 valid_rmse=0.494616 q_change=57 q_delta=0.306596 q_grad=0.000379
epoch=7 loss_total=0.877106 loss_rec=0.678650 valid_auc=0.658549 valid_rmse=0.491360 q_change=57 q_delta=0.325919 q_grad=0.000370
epoch=8 loss_total=0.856624 loss_rec=0.667875 valid_auc=0.655547 valid_rmse=0.486224 q_change=57 q_delta=0.338927 q_grad=0.000444
epoch=9 loss_total=0.838260 loss_rec=0.656094 valid_auc=0.663616 valid_rmse=0.479984 q_change=57 q_delta=0.348980 q_grad=0.000595
epoch=10 loss_total=0.831809 loss_rec=0.655111 valid_auc=0.665926 valid_rmse=0.479470 q_change=57 q_delta=0.357149 q_grad=0.000700
epoch=11 loss_total=0.824195 loss_rec=0.651602 valid_auc=0.668705 valid_rmse=0.478163 q_change=57 q_delta=0.364096 q_grad=0.000822
epoch=12 loss_total=0.811230 loss_rec=0.642256 valid_auc=0.671931 valid_rmse=0.478876 q_change=57 q_delta=0.369496 q_grad=0.000908
epoch=13 loss_total=0.805789 loss_rec=0.639749 valid_auc=0.674509 valid_rmse=0.475707 q_change=57 q_delta=0.374229 q_grad=0.000951
epoch=14 loss_total=0.802852 loss_rec=0.639010 valid_auc=0.674877 valid_rmse=0.477125 q_change=57 q_delta=0.377544 q_grad=0.001072
epoch=15 loss_total=0.798439 loss_rec=0.636440 valid_auc=0.676618 valid_rmse=0.475175 q_change=57 q_delta=0.380800 q_grad=0.001165
epoch=16 loss_total=0.797888 loss_rec=0.637371 valid_auc=0.679241 valid_rmse=0.474993 q_change=57 q_delta=0.383116 q_grad=0.001298
epoch=17 loss_total=0.794623 loss_rec=0.635456 valid_auc=0.679163 valid_rmse=0.475211 q_change=57 q_delta=0.385188 q_grad=0.001282
epoch=18 loss_total=0.787722 loss_rec=0.629579 valid_auc=0.681362 valid_rmse=0.474090 q_change=57 q_delta=0.387065 q_grad=0.001349
epoch=19 loss_total=0.785698 loss_rec=0.628606 valid_auc=0.681295 valid_rmse=0.475022 q_change=57 q_delta=0.388695 q_grad=0.001468
epoch=20 loss_total=0.783759 loss_rec=0.627403 valid_auc=0.683828 valid_rmse=0.473029 q_change=57 q_delta=0.390145 q_grad=0.001578
epoch=21 loss_total=0.779413 loss_rec=0.623768 valid_auc=0.683962 valid_rmse=0.474867 q_change=57 q_delta=0.391009 q_grad=0.001527
epoch=22 loss_total=0.777785 loss_rec=0.622611 valid_auc=0.685251 valid_rmse=0.473474 q_change=57 q_delta=0.391808 q_grad=0.001676
epoch=23 loss_total=0.774716 loss_rec=0.619976 valid_auc=0.682600 valid_rmse=0.473171 q_change=57 q_delta=0.392862 q_grad=0.001680
epoch=24 loss_total=0.769969 loss_rec=0.615607 valid_auc=0.681886 valid_rmse=0.473786 q_change=57 q_delta=0.393554 q_grad=0.001720
epoch=25 loss_total=0.772240 loss_rec=0.618191 valid_auc=0.682846 valid_rmse=0.473651 q_change=56 q_delta=0.394035 q_grad=0.001864
epoch=26 loss_total=0.769559 loss_rec=0.615771 valid_auc=0.685078 valid_rmse=0.474555 q_change=56 q_delta=0.394847 q_grad=0.001845
epoch=27 loss_total=0.766361 loss_rec=0.612708 valid_auc=0.687054 valid_rmse=0.474962 q_change=56 q_delta=0.395666 q_grad=0.001831
epoch=28 loss_total=0.769209 loss_rec=0.615835 valid_auc=0.686261 valid_rmse=0.473942 q_change=56 q_delta=0.396878 q_grad=0.001906
epoch=29 loss_total=0.763844 loss_rec=0.610716 valid_auc=0.689219 valid_rmse=0.473216 q_change=56 q_delta=0.397726 q_grad=0.001938
epoch=30 loss_total=0.763928 loss_rec=0.610956 valid_auc=0.690993 valid_rmse=0.473428 q_change=56 q_delta=0.398328 q_grad=0.001897
epoch=31 loss_total=0.760215 loss_rec=0.607256 valid_auc=0.690960 valid_rmse=0.473369 q_change=56 q_delta=0.398998 q_grad=0.001930
epoch=32 loss_total=0.762326 loss_rec=0.609520 valid_auc=0.692656 valid_rmse=0.473601 q_change=56 q_delta=0.399563 q_grad=0.001981
epoch=33 loss_total=0.760808 loss_rec=0.608109 valid_auc=0.690022 valid_rmse=0.471810 q_change=56 q_delta=0.400407 q_grad=0.001955
epoch=34 loss_total=0.759923 loss_rec=0.607378 valid_auc=0.689375 valid_rmse=0.471970 q_change=56 q_delta=0.400950 q_grad=0.001939
epoch=35 loss_total=0.760093 loss_rec=0.607696 valid_auc=0.692299 valid_rmse=0.470975 q_change=55 q_delta=0.401439 q_grad=0.001909
epoch=36 loss_total=0.756008 loss_rec=0.603503 valid_auc=0.693806 valid_rmse=0.472019 q_change=55 q_delta=0.401573 q_grad=0.001979
epoch=37 loss_total=0.750998 loss_rec=0.598495 valid_auc=0.693806 valid_rmse=0.471922 q_change=54 q_delta=0.402293 q_grad=0.001978
epoch=38 loss_total=0.750201 loss_rec=0.597858 valid_auc=0.693192 valid_rmse=0.474078 q_change=54 q_delta=0.403014 q_grad=0.002085
epoch=39 loss_total=0.752310 loss_rec=0.600008 valid_auc=0.693125 valid_rmse=0.471257 q_change=54 q_delta=0.403856 q_grad=0.002011
epoch=40 loss_total=0.748096 loss_rec=0.595872 valid_auc=0.693772 valid_rmse=0.471459 q_change=54 q_delta=0.404498 q_grad=0.002052
epoch=41 loss_total=0.744345 loss_rec=0.592184 valid_auc=0.694922 valid_rmse=0.472152 q_change=54 q_delta=0.405053 q_grad=0.002045
epoch=42 loss_total=0.747643 loss_rec=0.595443 valid_auc=0.690569 valid_rmse=0.472271 q_change=53 q_delta=0.405691 q_grad=0.002150
epoch=43 loss_total=0.742606 loss_rec=0.590308 valid_auc=0.691362 valid_rmse=0.472508 q_change=53 q_delta=0.406002 q_grad=0.002096
epoch=44 loss_total=0.743706 loss_rec=0.591464 valid_auc=0.689699 valid_rmse=0.473223 q_change=53 q_delta=0.406897 q_grad=0.002148
epoch=45 loss_total=0.739397 loss_rec=0.587198 valid_auc=0.691808 valid_rmse=0.476500 q_change=53 q_delta=0.407421 q_grad=0.002194
epoch=46 loss_total=0.739944 loss_rec=0.587657 valid_auc=0.693326 valid_rmse=0.471351 q_change=53 q_delta=0.408298 q_grad=0.002157
epoch=47 loss_total=0.736792 loss_rec=0.584523 valid_auc=0.693248 valid_rmse=0.473070 q_change=53 q_delta=0.408900 q_grad=0.002173
epoch=48 loss_total=0.734506 loss_rec=0.582172 valid_auc=0.692511 valid_rmse=0.472182 q_change=53 q_delta=0.409545 q_grad=0.002257
epoch=49 loss_total=0.731886 loss_rec=0.579486 valid_auc=0.693359 valid_rmse=0.472109 q_change=52 q_delta=0.410062 q_grad=0.002285
epoch=50 loss_total=0.726701 loss_rec=0.574203 valid_auc=0.690614 valid_rmse=0.473607 q_change=51 q_delta=0.410482 q_grad=0.002212
epoch=51 loss_total=0.726251 loss_rec=0.573729 valid_auc=0.693114 valid_rmse=0.475483 q_change=51 q_delta=0.410797 q_grad=0.002346
epoch=52 loss_total=0.727361 loss_rec=0.574781 valid_auc=0.691239 valid_rmse=0.473443 q_change=51 q_delta=0.411639 q_grad=0.002362
epoch=53 loss_total=0.727154 loss_rec=0.574466 valid_auc=0.693181 valid_rmse=0.472730 q_change=51 q_delta=0.412304 q_grad=0.002385
epoch=54 loss_total=0.718331 loss_rec=0.565539 valid_auc=0.689955 valid_rmse=0.475050 q_change=51 q_delta=0.412873 q_grad=0.002377
epoch=55 loss_total=0.716109 loss_rec=0.563299 valid_auc=0.695792 valid_rmse=0.472349 q_change=51 q_delta=0.413498 q_grad=0.002415
epoch=56 loss_total=0.716355 loss_rec=0.563428 valid_auc=0.690748 valid_rmse=0.473901 q_change=51 q_delta=0.413997 q_grad=0.002478
epoch=57 loss_total=0.712887 loss_rec=0.559876 valid_auc=0.692042 valid_rmse=0.476031 q_change=51 q_delta=0.414410 q_grad=0.002591
epoch=58 loss_total=0.707450 loss_rec=0.554361 valid_auc=0.690123 valid_rmse=0.478390 q_change=51 q_delta=0.414986 q_grad=0.002568
epoch=59 loss_total=0.707353 loss_rec=0.554358 valid_auc=0.691618 valid_rmse=0.473652 q_change=51 q_delta=0.415544 q_grad=0.002563
epoch=60 loss_total=0.705533 loss_rec=0.552533 valid_auc=0.692846 valid_rmse=0.474660 q_change=51 q_delta=0.415846 q_grad=0.002585
epoch=61 loss_total=0.702586 loss_rec=0.549500 valid_auc=0.691540 valid_rmse=0.474307 q_change=50 q_delta=0.416284 q_grad=0.002703
epoch=62 loss_total=0.698378 loss_rec=0.545344 valid_auc=0.691507 valid_rmse=0.474930 q_change=51 q_delta=0.416701 q_grad=0.002668
epoch=63 loss_total=0.698885 loss_rec=0.545831 valid_auc=0.688527 valid_rmse=0.475625 q_change=51 q_delta=0.417049 q_grad=0.002757
epoch=64 loss_total=0.699932 loss_rec=0.546914 valid_auc=0.693170 valid_rmse=0.477910 q_change=51 q_delta=0.417293 q_grad=0.002795
epoch=65 loss_total=0.693722 loss_rec=0.540695 valid_auc=0.691161 valid_rmse=0.474926 q_change=51 q_delta=0.417797 q_grad=0.002671
epoch=66 loss_total=0.694984 loss_rec=0.542005 valid_auc=0.691016 valid_rmse=0.475689 q_change=51 q_delta=0.418093 q_grad=0.002905
epoch=67 loss_total=0.695568 loss_rec=0.542585 valid_auc=0.689676 valid_rmse=0.476771 q_change=51 q_delta=0.418334 q_grad=0.002904
epoch=68 loss_total=0.688957 loss_rec=0.536031 valid_auc=0.690647 valid_rmse=0.479900 q_change=51 q_delta=0.418516 q_grad=0.002882
epoch=69 loss_total=0.685154 loss_rec=0.532248 valid_auc=0.692701 valid_rmse=0.482147 q_change=51 q_delta=0.418773 q_grad=0.003025
epoch=70 loss_total=0.683213 loss_rec=0.530285 valid_auc=0.688761 valid_rmse=0.476676 q_change=51 q_delta=0.419197 q_grad=0.003083
epoch=71 loss_total=0.684668 loss_rec=0.531849 valid_auc=0.690781 valid_rmse=0.475885 q_change=51 q_delta=0.419362 q_grad=0.003083
epoch=72 loss_total=0.682545 loss_rec=0.529711 valid_auc=0.688694 valid_rmse=0.476671 q_change=51 q_delta=0.419515 q_grad=0.003086
epoch=73 loss_total=0.677814 loss_rec=0.525045 valid_auc=0.685357 valid_rmse=0.478743 q_change=51 q_delta=0.419674 q_grad=0.003171
epoch=74 loss_total=0.684025 loss_rec=0.531279 valid_auc=0.686685 valid_rmse=0.478013 q_change=51 q_delta=0.419853 q_grad=0.003103
epoch=75 loss_total=0.680224 loss_rec=0.527460 valid_auc=0.684565 valid_rmse=0.484704 q_change=51 q_delta=0.419851 q_grad=0.003113
Early stopping at epoch 75; best_epoch=55.
Saved run to C:\Users\YAN_SHU_YU\Desktop\Generative-CD\Q_GNCDM\results\weak_q_lambda_sweep\lq_0p5_ls_0p9_lb_0p05\seed_2026\noise_0.20\weak-q_lq_0p5_ls_0p9_lb_0p05
Final metrics: q_hat_f1=0.193548 response_auc=0.689494 mastery_pearson=0.372835
