run=weak-q_lq_0p6_ls_0p5_lb_0p05 mode=weak-q noise=0.20 train=4200 valid=600 test=1200
epoch=1 loss_total=0.956527 loss_rec=0.725651 valid_auc=0.587857 valid_rmse=0.499746 q_change=57 q_delta=0.076630 q_grad=0.000458
epoch=2 loss_total=0.907179 loss_rec=0.705722 valid_auc=0.595273 valid_rmse=0.499217 q_change=57 q_delta=0.138093 q_grad=0.000345
epoch=3 loss_total=0.881632 loss_rec=0.699270 valid_auc=0.610502 valid_rmse=0.498168 q_change=57 q_delta=0.184825 q_grad=0.000274
epoch=4 loss_total=0.861855 loss_rec=0.691791 valid_auc=0.633237 valid_rmse=0.496761 q_change=57 q_delta=0.219729 q_grad=0.000236
epoch=5 loss_total=0.851190 loss_rec=0.688615 valid_auc=0.654487 valid_rmse=0.493014 q_change=57 q_delta=0.243319 q_grad=0.000249
epoch=6 loss_total=0.833901 loss_rec=0.675363 valid_auc=0.666462 valid_rmse=0.486862 q_change=57 q_delta=0.256065 q_grad=0.000334
epoch=7 loss_total=0.808445 loss_rec=0.651499 valid_auc=0.669877 valid_rmse=0.479675 q_change=57 q_delta=0.261655 q_grad=0.000519
epoch=8 loss_total=0.794226 loss_rec=0.637933 valid_auc=0.674414 valid_rmse=0.477371 q_change=57 q_delta=0.265682 q_grad=0.000784
epoch=9 loss_total=0.784809 loss_rec=0.629335 valid_auc=0.683906 valid_rmse=0.472971 q_change=57 q_delta=0.269298 q_grad=0.000961
epoch=10 loss_total=0.785972 loss_rec=0.631358 valid_auc=0.681339 valid_rmse=0.474664 q_change=57 q_delta=0.272247 q_grad=0.001051
epoch=11 loss_total=0.782750 loss_rec=0.628536 valid_auc=0.681842 valid_rmse=0.473228 q_change=57 q_delta=0.275364 q_grad=0.001186
epoch=12 loss_total=0.773284 loss_rec=0.619539 valid_auc=0.681071 valid_rmse=0.474985 q_change=57 q_delta=0.277613 q_grad=0.001250
epoch=13 loss_total=0.769761 loss_rec=0.616503 valid_auc=0.680904 valid_rmse=0.473640 q_change=57 q_delta=0.280944 q_grad=0.001256
epoch=14 loss_total=0.770407 loss_rec=0.617487 valid_auc=0.679844 valid_rmse=0.475814 q_change=56 q_delta=0.282755 q_grad=0.001337
epoch=15 loss_total=0.766830 loss_rec=0.614164 valid_auc=0.680770 valid_rmse=0.474333 q_change=56 q_delta=0.285433 q_grad=0.001373
epoch=16 loss_total=0.768830 loss_rec=0.616338 valid_auc=0.682054 valid_rmse=0.474744 q_change=54 q_delta=0.287640 q_grad=0.001467
epoch=17 loss_total=0.765120 loss_rec=0.612920 valid_auc=0.681060 valid_rmse=0.474666 q_change=54 q_delta=0.289830 q_grad=0.001393
epoch=18 loss_total=0.760367 loss_rec=0.608286 valid_auc=0.681429 valid_rmse=0.474627 q_change=54 q_delta=0.292120 q_grad=0.001421
epoch=19 loss_total=0.759824 loss_rec=0.607975 valid_auc=0.682054 valid_rmse=0.475341 q_change=52 q_delta=0.294637 q_grad=0.001509
epoch=20 loss_total=0.757902 loss_rec=0.606102 valid_auc=0.684107 valid_rmse=0.473855 q_change=52 q_delta=0.297032 q_grad=0.001577
epoch=21 loss_total=0.753680 loss_rec=0.601907 valid_auc=0.684453 valid_rmse=0.474969 q_change=52 q_delta=0.299040 q_grad=0.001501
epoch=22 loss_total=0.751878 loss_rec=0.600091 valid_auc=0.683170 valid_rmse=0.475062 q_change=51 q_delta=0.301420 q_grad=0.001622
epoch=23 loss_total=0.750084 loss_rec=0.598252 valid_auc=0.681819 valid_rmse=0.474819 q_change=50 q_delta=0.303985 q_grad=0.001585
epoch=24 loss_total=0.745583 loss_rec=0.593702 valid_auc=0.681116 valid_rmse=0.475484 q_change=50 q_delta=0.306303 q_grad=0.001621
epoch=25 loss_total=0.746036 loss_rec=0.593999 valid_auc=0.681953 valid_rmse=0.475458 q_change=50 q_delta=0.308342 q_grad=0.001722
epoch=26 loss_total=0.743607 loss_rec=0.591468 valid_auc=0.683560 valid_rmse=0.475530 q_change=50 q_delta=0.310666 q_grad=0.001707
epoch=27 loss_total=0.739984 loss_rec=0.587623 valid_auc=0.684833 valid_rmse=0.476588 q_change=50 q_delta=0.312870 q_grad=0.001702
epoch=28 loss_total=0.742819 loss_rec=0.590292 valid_auc=0.684788 valid_rmse=0.475832 q_change=49 q_delta=0.315090 q_grad=0.001797
epoch=29 loss_total=0.736087 loss_rec=0.583420 valid_auc=0.686964 valid_rmse=0.474976 q_change=49 q_delta=0.317066 q_grad=0.001805
epoch=30 loss_total=0.734299 loss_rec=0.581363 valid_auc=0.688538 valid_rmse=0.476123 q_change=49 q_delta=0.318680 q_grad=0.001832
epoch=31 loss_total=0.730123 loss_rec=0.576922 valid_auc=0.687511 valid_rmse=0.475980 q_change=49 q_delta=0.320583 q_grad=0.001849
epoch=32 loss_total=0.730464 loss_rec=0.577008 valid_auc=0.690190 valid_rmse=0.474948 q_change=48 q_delta=0.322811 q_grad=0.001901
epoch=33 loss_total=0.726230 loss_rec=0.572456 valid_auc=0.689397 valid_rmse=0.473917 q_change=48 q_delta=0.324828 q_grad=0.001929
epoch=34 loss_total=0.725438 loss_rec=0.571440 valid_auc=0.688348 valid_rmse=0.474157 q_change=46 q_delta=0.326410 q_grad=0.001914
epoch=35 loss_total=0.724911 loss_rec=0.570638 valid_auc=0.691853 valid_rmse=0.472828 q_change=44 q_delta=0.327997 q_grad=0.001937
epoch=36 loss_total=0.717093 loss_rec=0.562485 valid_auc=0.692176 valid_rmse=0.473393 q_change=44 q_delta=0.329079 q_grad=0.002015
epoch=37 loss_total=0.712276 loss_rec=0.557334 valid_auc=0.690301 valid_rmse=0.475570 q_change=44 q_delta=0.330393 q_grad=0.002032
epoch=38 loss_total=0.706848 loss_rec=0.551704 valid_auc=0.690022 valid_rmse=0.476625 q_change=44 q_delta=0.331986 q_grad=0.002143
epoch=39 loss_total=0.705593 loss_rec=0.550171 valid_auc=0.689252 valid_rmse=0.474927 q_change=43 q_delta=0.333955 q_grad=0.002127
epoch=40 loss_total=0.701724 loss_rec=0.546054 valid_auc=0.689978 valid_rmse=0.475874 q_change=43 q_delta=0.335198 q_grad=0.002200
epoch=41 loss_total=0.694964 loss_rec=0.539121 valid_auc=0.690458 valid_rmse=0.477958 q_change=39 q_delta=0.336668 q_grad=0.002208
epoch=42 loss_total=0.697123 loss_rec=0.541099 valid_auc=0.687734 valid_rmse=0.476948 q_change=40 q_delta=0.338372 q_grad=0.002363
epoch=43 loss_total=0.690368 loss_rec=0.534172 valid_auc=0.689174 valid_rmse=0.477814 q_change=40 q_delta=0.339462 q_grad=0.002337
epoch=44 loss_total=0.688612 loss_rec=0.532286 valid_auc=0.689107 valid_rmse=0.477234 q_change=40 q_delta=0.340868 q_grad=0.002365
epoch=45 loss_total=0.683412 loss_rec=0.526997 valid_auc=0.688114 valid_rmse=0.482196 q_change=40 q_delta=0.341852 q_grad=0.002370
epoch=46 loss_total=0.682599 loss_rec=0.526021 valid_auc=0.692924 valid_rmse=0.476506 q_change=41 q_delta=0.343392 q_grad=0.002417
epoch=47 loss_total=0.680142 loss_rec=0.523483 valid_auc=0.689855 valid_rmse=0.479849 q_change=41 q_delta=0.344519 q_grad=0.002398
epoch=48 loss_total=0.678715 loss_rec=0.522019 valid_auc=0.689096 valid_rmse=0.478927 q_change=41 q_delta=0.345697 q_grad=0.002463
epoch=49 loss_total=0.673138 loss_rec=0.516394 valid_auc=0.690670 valid_rmse=0.477537 q_change=41 q_delta=0.346501 q_grad=0.002453
epoch=50 loss_total=0.668146 loss_rec=0.511381 valid_auc=0.688806 valid_rmse=0.481259 q_change=41 q_delta=0.347631 q_grad=0.002449
epoch=51 loss_total=0.669187 loss_rec=0.512444 valid_auc=0.690424 valid_rmse=0.481408 q_change=41 q_delta=0.348346 q_grad=0.002530
epoch=52 loss_total=0.670321 loss_rec=0.513562 valid_auc=0.688962 valid_rmse=0.480080 q_change=40 q_delta=0.349394 q_grad=0.002539
epoch=53 loss_total=0.671693 loss_rec=0.514917 valid_auc=0.689241 valid_rmse=0.479296 q_change=40 q_delta=0.350098 q_grad=0.002542
epoch=54 loss_total=0.664879 loss_rec=0.508045 valid_auc=0.687243 valid_rmse=0.481106 q_change=40 q_delta=0.350881 q_grad=0.002559
epoch=55 loss_total=0.660620 loss_rec=0.503800 valid_auc=0.694598 valid_rmse=0.477427 q_change=39 q_delta=0.351738 q_grad=0.002517
epoch=56 loss_total=0.660687 loss_rec=0.503871 valid_auc=0.690714 valid_rmse=0.480348 q_change=38 q_delta=0.352193 q_grad=0.002541
epoch=57 loss_total=0.660563 loss_rec=0.503712 valid_auc=0.687589 valid_rmse=0.483297 q_change=37 q_delta=0.352883 q_grad=0.002662
epoch=58 loss_total=0.654906 loss_rec=0.498044 valid_auc=0.689386 valid_rmse=0.483121 q_change=37 q_delta=0.353650 q_grad=0.002594
epoch=59 loss_total=0.652740 loss_rec=0.495952 valid_auc=0.692746 valid_rmse=0.479353 q_change=37 q_delta=0.354309 q_grad=0.002566
epoch=60 loss_total=0.655083 loss_rec=0.498291 valid_auc=0.691987 valid_rmse=0.481129 q_change=37 q_delta=0.354804 q_grad=0.002603
epoch=61 loss_total=0.652966 loss_rec=0.496149 valid_auc=0.690502 valid_rmse=0.480682 q_change=37 q_delta=0.355389 q_grad=0.002682
epoch=62 loss_total=0.649295 loss_rec=0.492525 valid_auc=0.693616 valid_rmse=0.480251 q_change=37 q_delta=0.356006 q_grad=0.002586
epoch=63 loss_total=0.649227 loss_rec=0.492439 valid_auc=0.691797 valid_rmse=0.481328 q_change=36 q_delta=0.356501 q_grad=0.002714
epoch=64 loss_total=0.649344 loss_rec=0.492561 valid_auc=0.692243 valid_rmse=0.483343 q_change=36 q_delta=0.356845 q_grad=0.002677
epoch=65 loss_total=0.647362 loss_rec=0.490591 valid_auc=0.691964 valid_rmse=0.481309 q_change=36 q_delta=0.357678 q_grad=0.002568
epoch=66 loss_total=0.646863 loss_rec=0.490082 valid_auc=0.690167 valid_rmse=0.482293 q_change=36 q_delta=0.358396 q_grad=0.002735
epoch=67 loss_total=0.646843 loss_rec=0.490051 valid_auc=0.690067 valid_rmse=0.483554 q_change=36 q_delta=0.359087 q_grad=0.002722
epoch=68 loss_total=0.639519 loss_rec=0.482727 valid_auc=0.692321 valid_rmse=0.484367 q_change=36 q_delta=0.359518 q_grad=0.002717
epoch=69 loss_total=0.636982 loss_rec=0.480175 valid_auc=0.692154 valid_rmse=0.489074 q_change=35 q_delta=0.360264 q_grad=0.002745
epoch=70 loss_total=0.635145 loss_rec=0.478304 valid_auc=0.691060 valid_rmse=0.483659 q_change=35 q_delta=0.361164 q_grad=0.002820
epoch=71 loss_total=0.635217 loss_rec=0.478432 valid_auc=0.694743 valid_rmse=0.482057 q_change=35 q_delta=0.361757 q_grad=0.002757
epoch=72 loss_total=0.635857 loss_rec=0.479035 valid_auc=0.692065 valid_rmse=0.483630 q_change=35 q_delta=0.362228 q_grad=0.002781
epoch=73 loss_total=0.629992 loss_rec=0.473148 valid_auc=0.689487 valid_rmse=0.486390 q_change=36 q_delta=0.362872 q_grad=0.002820
epoch=74 loss_total=0.635005 loss_rec=0.478182 valid_auc=0.691641 valid_rmse=0.484867 q_change=35 q_delta=0.363719 q_grad=0.002809
epoch=75 loss_total=0.632783 loss_rec=0.475932 valid_auc=0.689888 valid_rmse=0.490558 q_change=35 q_delta=0.363897 q_grad=0.002847
epoch=76 loss_total=0.631723 loss_rec=0.474847 valid_auc=0.692623 valid_rmse=0.482500 q_change=35 q_delta=0.364718 q_grad=0.002781
epoch=77 loss_total=0.622832 loss_rec=0.465923 valid_auc=0.693638 valid_rmse=0.484224 q_change=35 q_delta=0.365383 q_grad=0.002754
epoch=78 loss_total=0.622850 loss_rec=0.465914 valid_auc=0.693080 valid_rmse=0.487481 q_change=35 q_delta=0.365892 q_grad=0.002991
epoch=79 loss_total=0.620566 loss_rec=0.463638 valid_auc=0.689654 valid_rmse=0.486218 q_change=36 q_delta=0.366486 q_grad=0.002942
epoch=80 loss_total=0.619479 loss_rec=0.462557 valid_auc=0.693348 valid_rmse=0.485384 q_change=36 q_delta=0.367474 q_grad=0.002903
epoch=81 loss_total=0.617955 loss_rec=0.461006 valid_auc=0.693158 valid_rmse=0.486701 q_change=36 q_delta=0.367786 q_grad=0.002981
epoch=82 loss_total=0.613694 loss_rec=0.456751 valid_auc=0.691674 valid_rmse=0.487755 q_change=35 q_delta=0.368405 q_grad=0.002980
epoch=83 loss_total=0.619143 loss_rec=0.462208 valid_auc=0.692433 valid_rmse=0.489013 q_change=35 q_delta=0.368863 q_grad=0.002946
epoch=84 loss_total=0.619021 loss_rec=0.462138 valid_auc=0.693471 valid_rmse=0.485737 q_change=35 q_delta=0.369519 q_grad=0.002962
epoch=85 loss_total=0.614124 loss_rec=0.457202 valid_auc=0.693694 valid_rmse=0.489275 q_change=35 q_delta=0.369915 q_grad=0.003013
epoch=86 loss_total=0.613899 loss_rec=0.456964 valid_auc=0.692344 valid_rmse=0.486364 q_change=35 q_delta=0.370565 q_grad=0.003085
epoch=87 loss_total=0.610632 loss_rec=0.453659 valid_auc=0.692712 valid_rmse=0.485694 q_change=36 q_delta=0.371292 q_grad=0.002994
epoch=88 loss_total=0.605302 loss_rec=0.448320 valid_auc=0.694509 valid_rmse=0.487268 q_change=36 q_delta=0.371707 q_grad=0.003030
epoch=89 loss_total=0.607449 loss_rec=0.450523 valid_auc=0.692600 valid_rmse=0.492150 q_change=36 q_delta=0.372122 q_grad=0.002962
epoch=90 loss_total=0.613030 loss_rec=0.456082 valid_auc=0.688683 valid_rmse=0.487250 q_change=36 q_delta=0.372880 q_grad=0.002986
epoch=91 loss_total=0.604838 loss_rec=0.447861 valid_auc=0.691205 valid_rmse=0.487660 q_change=36 q_delta=0.373462 q_grad=0.003010
Early stopping at epoch 91; best_epoch=71.
Saved run to C:\Users\YAN_SHU_YU\Desktop\Generative-CD\Q_GNCDM\results\weak_q_lambda_sweep\lq_0p6_ls_0p5_lb_0p05\seed_2026\noise_0.20\weak-q_lq_0p6_ls_0p5_lb_0p05
Final metrics: q_hat_f1=0.538462 response_auc=0.684895 mastery_pearson=0.529686
