run=weak-q_lq_0p05_ls_0p4_lb_0p2 mode=weak-q noise=0.20 train=4200 valid=600 test=1200
epoch=1 loss_total=0.948202 loss_rec=0.725660 valid_auc=0.587891 valid_rmse=0.499751 q_change=57 q_delta=0.079059 q_grad=0.000419
epoch=2 loss_total=0.895734 loss_rec=0.705934 valid_auc=0.595402 valid_rmse=0.499298 q_change=57 q_delta=0.150183 q_grad=0.000398
epoch=3 loss_total=0.859987 loss_rec=0.700028 valid_auc=0.610346 valid_rmse=0.498502 q_change=57 q_delta=0.210374 q_grad=0.000374
epoch=4 loss_total=0.828025 loss_rec=0.693851 valid_auc=0.632109 valid_rmse=0.497820 q_change=57 q_delta=0.259117 q_grad=0.000341
epoch=5 loss_total=0.807131 loss_rec=0.693724 valid_auc=0.653426 valid_rmse=0.495957 q_change=57 q_delta=0.296372 q_grad=0.000315
epoch=6 loss_total=0.786124 loss_rec=0.688740 valid_auc=0.665033 valid_rmse=0.494672 q_change=57 q_delta=0.323603 q_grad=0.000301
epoch=7 loss_total=0.765313 loss_rec=0.679708 valid_auc=0.663002 valid_rmse=0.491447 q_change=57 q_delta=0.342591 q_grad=0.000317
epoch=8 loss_total=0.747233 loss_rec=0.669485 valid_auc=0.659185 valid_rmse=0.486011 q_change=57 q_delta=0.354361 q_grad=0.000407
epoch=9 loss_total=0.730156 loss_rec=0.657630 valid_auc=0.663996 valid_rmse=0.480147 q_change=57 q_delta=0.363385 q_grad=0.000560
epoch=10 loss_total=0.725616 loss_rec=0.657563 valid_auc=0.665073 valid_rmse=0.480170 q_change=57 q_delta=0.370845 q_grad=0.000661
epoch=11 loss_total=0.719071 loss_rec=0.654421 valid_auc=0.666339 valid_rmse=0.479190 q_change=57 q_delta=0.377165 q_grad=0.000770
epoch=12 loss_total=0.707729 loss_rec=0.646119 valid_auc=0.668404 valid_rmse=0.480125 q_change=57 q_delta=0.382122 q_grad=0.000840
epoch=13 loss_total=0.703098 loss_rec=0.643988 valid_auc=0.669286 valid_rmse=0.477366 q_change=57 q_delta=0.386575 q_grad=0.000865
epoch=14 loss_total=0.700417 loss_rec=0.643241 valid_auc=0.669408 valid_rmse=0.478810 q_change=57 q_delta=0.389639 q_grad=0.000971
epoch=15 loss_total=0.697306 loss_rec=0.641765 valid_auc=0.668906 valid_rmse=0.477124 q_change=57 q_delta=0.392841 q_grad=0.001038
epoch=16 loss_total=0.696815 loss_rec=0.642650 valid_auc=0.671864 valid_rmse=0.476877 q_change=57 q_delta=0.395066 q_grad=0.001157
epoch=17 loss_total=0.694419 loss_rec=0.641468 valid_auc=0.672946 valid_rmse=0.477166 q_change=57 q_delta=0.397069 q_grad=0.001142
epoch=18 loss_total=0.687867 loss_rec=0.635895 valid_auc=0.675290 valid_rmse=0.476635 q_change=57 q_delta=0.398878 q_grad=0.001199
epoch=19 loss_total=0.685803 loss_rec=0.634793 valid_auc=0.675658 valid_rmse=0.476436 q_change=57 q_delta=0.400517 q_grad=0.001300
epoch=20 loss_total=0.684420 loss_rec=0.634161 valid_auc=0.678516 valid_rmse=0.475036 q_change=57 q_delta=0.402046 q_grad=0.001415
epoch=21 loss_total=0.680840 loss_rec=0.631299 valid_auc=0.678181 valid_rmse=0.476079 q_change=57 q_delta=0.403011 q_grad=0.001377
epoch=22 loss_total=0.679536 loss_rec=0.630515 valid_auc=0.679040 valid_rmse=0.474930 q_change=57 q_delta=0.403935 q_grad=0.001515
epoch=23 loss_total=0.676584 loss_rec=0.628047 valid_auc=0.678292 valid_rmse=0.474743 q_change=57 q_delta=0.404950 q_grad=0.001536
epoch=24 loss_total=0.671829 loss_rec=0.623746 valid_auc=0.677109 valid_rmse=0.475433 q_change=57 q_delta=0.405650 q_grad=0.001600
epoch=25 loss_total=0.674504 loss_rec=0.626782 valid_auc=0.677902 valid_rmse=0.475346 q_change=57 q_delta=0.406101 q_grad=0.001753
epoch=26 loss_total=0.672125 loss_rec=0.624681 valid_auc=0.679085 valid_rmse=0.475957 q_change=57 q_delta=0.406484 q_grad=0.001752
epoch=27 loss_total=0.669599 loss_rec=0.622282 valid_auc=0.682612 valid_rmse=0.475462 q_change=57 q_delta=0.406524 q_grad=0.001758
epoch=28 loss_total=0.670836 loss_rec=0.623664 valid_auc=0.681094 valid_rmse=0.475073 q_change=56 q_delta=0.406843 q_grad=0.001865
epoch=29 loss_total=0.666583 loss_rec=0.619585 valid_auc=0.682779 valid_rmse=0.474573 q_change=56 q_delta=0.407898 q_grad=0.001914
epoch=30 loss_total=0.666864 loss_rec=0.620046 valid_auc=0.684252 valid_rmse=0.474939 q_change=56 q_delta=0.408655 q_grad=0.001885
epoch=31 loss_total=0.663450 loss_rec=0.616776 valid_auc=0.684743 valid_rmse=0.474608 q_change=56 q_delta=0.409450 q_grad=0.001930
epoch=32 loss_total=0.664755 loss_rec=0.618321 valid_auc=0.685804 valid_rmse=0.474983 q_change=56 q_delta=0.410073 q_grad=0.001987
epoch=33 loss_total=0.663326 loss_rec=0.617086 valid_auc=0.682567 valid_rmse=0.474076 q_change=56 q_delta=0.410955 q_grad=0.001966
epoch=34 loss_total=0.662908 loss_rec=0.616919 valid_auc=0.681217 valid_rmse=0.474031 q_change=56 q_delta=0.411415 q_grad=0.001981
epoch=35 loss_total=0.664069 loss_rec=0.618288 valid_auc=0.684565 valid_rmse=0.473348 q_change=56 q_delta=0.411926 q_grad=0.001965
epoch=36 loss_total=0.660966 loss_rec=0.615369 valid_auc=0.686105 valid_rmse=0.474017 q_change=56 q_delta=0.412117 q_grad=0.002001
epoch=37 loss_total=0.655569 loss_rec=0.610119 valid_auc=0.686652 valid_rmse=0.473757 q_change=56 q_delta=0.412510 q_grad=0.002025
epoch=38 loss_total=0.655449 loss_rec=0.610224 valid_auc=0.684654 valid_rmse=0.476056 q_change=56 q_delta=0.412903 q_grad=0.002134
epoch=39 loss_total=0.658557 loss_rec=0.613505 valid_auc=0.685223 valid_rmse=0.473448 q_change=56 q_delta=0.413417 q_grad=0.002057
epoch=40 loss_total=0.654837 loss_rec=0.609967 valid_auc=0.685301 valid_rmse=0.473824 q_change=56 q_delta=0.413635 q_grad=0.002095
epoch=41 loss_total=0.651104 loss_rec=0.606399 valid_auc=0.687271 valid_rmse=0.473664 q_change=56 q_delta=0.413921 q_grad=0.002091
epoch=42 loss_total=0.655022 loss_rec=0.610444 valid_auc=0.684107 valid_rmse=0.474279 q_change=56 q_delta=0.414199 q_grad=0.002154
epoch=43 loss_total=0.650922 loss_rec=0.606407 valid_auc=0.687098 valid_rmse=0.473438 q_change=56 q_delta=0.414252 q_grad=0.002085
epoch=44 loss_total=0.651921 loss_rec=0.607559 valid_auc=0.687824 valid_rmse=0.473496 q_change=56 q_delta=0.414524 q_grad=0.002158
epoch=45 loss_total=0.649034 loss_rec=0.604775 valid_auc=0.689353 valid_rmse=0.475522 q_change=56 q_delta=0.414496 q_grad=0.002178
epoch=46 loss_total=0.650275 loss_rec=0.606073 valid_auc=0.690670 valid_rmse=0.472018 q_change=56 q_delta=0.414776 q_grad=0.002114
epoch=47 loss_total=0.647611 loss_rec=0.603520 valid_auc=0.692746 valid_rmse=0.472330 q_change=55 q_delta=0.414787 q_grad=0.002141
epoch=48 loss_total=0.647415 loss_rec=0.603366 valid_auc=0.691373 valid_rmse=0.471902 q_change=55 q_delta=0.414927 q_grad=0.002191
epoch=49 loss_total=0.645001 loss_rec=0.601007 valid_auc=0.692600 valid_rmse=0.471578 q_change=55 q_delta=0.415215 q_grad=0.002207
epoch=50 loss_total=0.641159 loss_rec=0.597201 valid_auc=0.689688 valid_rmse=0.472723 q_change=55 q_delta=0.415625 q_grad=0.002106
epoch=51 loss_total=0.641169 loss_rec=0.597305 valid_auc=0.692411 valid_rmse=0.472927 q_change=55 q_delta=0.415897 q_grad=0.002229
epoch=52 loss_total=0.642008 loss_rec=0.598210 valid_auc=0.690391 valid_rmse=0.472252 q_change=55 q_delta=0.416368 q_grad=0.002248
epoch=53 loss_total=0.643703 loss_rec=0.599958 valid_auc=0.693415 valid_rmse=0.471423 q_change=54 q_delta=0.416666 q_grad=0.002242
epoch=54 loss_total=0.635545 loss_rec=0.591889 valid_auc=0.691138 valid_rmse=0.473095 q_change=54 q_delta=0.416944 q_grad=0.002210
epoch=55 loss_total=0.634841 loss_rec=0.591285 valid_auc=0.695402 valid_rmse=0.471457 q_change=54 q_delta=0.417350 q_grad=0.002258
epoch=56 loss_total=0.635715 loss_rec=0.592235 valid_auc=0.692009 valid_rmse=0.472185 q_change=54 q_delta=0.417797 q_grad=0.002298
epoch=57 loss_total=0.633933 loss_rec=0.590531 valid_auc=0.693192 valid_rmse=0.473745 q_change=54 q_delta=0.418042 q_grad=0.002393
epoch=58 loss_total=0.630510 loss_rec=0.587162 valid_auc=0.691641 valid_rmse=0.474453 q_change=54 q_delta=0.418301 q_grad=0.002355
epoch=59 loss_total=0.630095 loss_rec=0.586893 valid_auc=0.690670 valid_rmse=0.472652 q_change=54 q_delta=0.418845 q_grad=0.002336
epoch=60 loss_total=0.629224 loss_rec=0.586101 valid_auc=0.691786 valid_rmse=0.474113 q_change=54 q_delta=0.419034 q_grad=0.002404
epoch=61 loss_total=0.627675 loss_rec=0.584634 valid_auc=0.691462 valid_rmse=0.473645 q_change=54 q_delta=0.419413 q_grad=0.002445
epoch=62 loss_total=0.624959 loss_rec=0.582036 valid_auc=0.690190 valid_rmse=0.473376 q_change=54 q_delta=0.419714 q_grad=0.002411
epoch=63 loss_total=0.626022 loss_rec=0.583150 valid_auc=0.687935 valid_rmse=0.474615 q_change=54 q_delta=0.419847 q_grad=0.002461
epoch=64 loss_total=0.628299 loss_rec=0.585526 valid_auc=0.692277 valid_rmse=0.475901 q_change=53 q_delta=0.419986 q_grad=0.002533
epoch=65 loss_total=0.622432 loss_rec=0.579718 valid_auc=0.689877 valid_rmse=0.473970 q_change=53 q_delta=0.420385 q_grad=0.002419
epoch=66 loss_total=0.622673 loss_rec=0.580048 valid_auc=0.689788 valid_rmse=0.474565 q_change=53 q_delta=0.420523 q_grad=0.002581
epoch=67 loss_total=0.625113 loss_rec=0.582576 valid_auc=0.687969 valid_rmse=0.475534 q_change=53 q_delta=0.420712 q_grad=0.002573
epoch=68 loss_total=0.620667 loss_rec=0.578192 valid_auc=0.689074 valid_rmse=0.476912 q_change=53 q_delta=0.420852 q_grad=0.002575
epoch=69 loss_total=0.616983 loss_rec=0.574568 valid_auc=0.691272 valid_rmse=0.481369 q_change=53 q_delta=0.420926 q_grad=0.002676
epoch=70 loss_total=0.615939 loss_rec=0.573575 valid_auc=0.687355 valid_rmse=0.475225 q_change=53 q_delta=0.421398 q_grad=0.002686
epoch=71 loss_total=0.618028 loss_rec=0.575766 valid_auc=0.687801 valid_rmse=0.475359 q_change=53 q_delta=0.421614 q_grad=0.002681
epoch=72 loss_total=0.617002 loss_rec=0.574776 valid_auc=0.687377 valid_rmse=0.475991 q_change=53 q_delta=0.421764 q_grad=0.002714
epoch=73 loss_total=0.612950 loss_rec=0.570823 valid_auc=0.683839 valid_rmse=0.476650 q_change=53 q_delta=0.421998 q_grad=0.002770
epoch=74 loss_total=0.616958 loss_rec=0.574885 valid_auc=0.687087 valid_rmse=0.476877 q_change=53 q_delta=0.422177 q_grad=0.002728
epoch=75 loss_total=0.614732 loss_rec=0.572689 valid_auc=0.685011 valid_rmse=0.482443 q_change=53 q_delta=0.422153 q_grad=0.002744
Early stopping at epoch 75; best_epoch=55.
Saved run to C:\Users\YAN_SHU_YU\Desktop\Generative-CD\Q_GNCDM\results\weak_q_lambda_sweep\lq_0p05_ls_0p4_lb_0p2\seed_2026\noise_0.20\weak-q_lq_0p05_ls_0p4_lb_0p2
Final metrics: q_hat_f1=0.101695 response_auc=0.686944 mastery_pearson=0.329543
