run=weak-q_lq_0p6_ls_0p6_lb_0p8 mode=weak-q noise=0.20 train=4200 valid=600 test=1200
epoch=1 loss_total=1.182102 loss_rec=0.725666 valid_auc=0.587612 valid_rmse=0.499758 q_change=57 q_delta=0.079659 q_grad=0.000657
epoch=2 loss_total=1.111131 loss_rec=0.706011 valid_auc=0.594074 valid_rmse=0.499351 q_change=57 q_delta=0.152031 q_grad=0.000625
epoch=3 loss_total=1.058601 loss_rec=0.700291 valid_auc=0.606194 valid_rmse=0.498669 q_change=57 q_delta=0.213646 q_grad=0.000578
epoch=4 loss_total=1.012494 loss_rec=0.694454 valid_auc=0.623203 valid_rmse=0.498193 q_change=57 q_delta=0.263627 q_grad=0.000518
epoch=5 loss_total=0.980335 loss_rec=0.694918 valid_auc=0.643571 valid_rmse=0.496711 q_change=57 q_delta=0.302401 q_grad=0.000454
epoch=6 loss_total=0.951072 loss_rec=0.691291 valid_auc=0.658214 valid_rmse=0.496329 q_change=57 q_delta=0.331777 q_grad=0.000398
epoch=7 loss_total=0.925728 loss_rec=0.685644 valid_auc=0.658951 valid_rmse=0.495231 q_change=57 q_delta=0.353835 q_grad=0.000357
epoch=8 loss_total=0.906844 loss_rec=0.681451 valid_auc=0.653404 valid_rmse=0.492844 q_change=57 q_delta=0.369650 q_grad=0.000344
epoch=9 loss_total=0.889112 loss_rec=0.674235 valid_auc=0.656719 valid_rmse=0.486841 q_change=57 q_delta=0.381010 q_grad=0.000393
epoch=10 loss_total=0.876872 loss_rec=0.669777 valid_auc=0.657656 valid_rmse=0.484414 q_change=57 q_delta=0.389145 q_grad=0.000465
epoch=11 loss_total=0.865524 loss_rec=0.664112 valid_auc=0.657500 valid_rmse=0.482630 q_change=57 q_delta=0.396019 q_grad=0.000570
epoch=12 loss_total=0.850774 loss_rec=0.654548 valid_auc=0.661261 valid_rmse=0.483199 q_change=57 q_delta=0.401854 q_grad=0.000640
epoch=13 loss_total=0.844506 loss_rec=0.652753 valid_auc=0.662467 valid_rmse=0.479890 q_change=57 q_delta=0.406928 q_grad=0.000658
epoch=14 loss_total=0.839815 loss_rec=0.651564 valid_auc=0.665446 valid_rmse=0.481298 q_change=57 q_delta=0.410799 q_grad=0.000732
epoch=15 loss_total=0.835909 loss_rec=0.650708 valid_auc=0.663181 valid_rmse=0.479724 q_change=57 q_delta=0.414507 q_grad=0.000769
epoch=16 loss_total=0.833823 loss_rec=0.651158 valid_auc=0.663739 valid_rmse=0.479759 q_change=57 q_delta=0.417367 q_grad=0.000847
epoch=17 loss_total=0.831539 loss_rec=0.651163 valid_auc=0.666261 valid_rmse=0.480320 q_change=57 q_delta=0.419890 q_grad=0.000823
epoch=18 loss_total=0.824763 loss_rec=0.646332 valid_auc=0.667377 valid_rmse=0.479835 q_change=57 q_delta=0.422212 q_grad=0.000848
epoch=19 loss_total=0.821486 loss_rec=0.644797 valid_auc=0.666998 valid_rmse=0.479550 q_change=57 q_delta=0.424190 q_grad=0.000903
epoch=20 loss_total=0.820324 loss_rec=0.645101 valid_auc=0.670435 valid_rmse=0.478219 q_change=57 q_delta=0.426071 q_grad=0.000985
epoch=21 loss_total=0.816456 loss_rec=0.642650 valid_auc=0.669754 valid_rmse=0.479005 q_change=57 q_delta=0.427469 q_grad=0.000942
epoch=22 loss_total=0.815661 loss_rec=0.642987 valid_auc=0.669219 valid_rmse=0.477944 q_change=57 q_delta=0.428840 q_grad=0.001026
epoch=23 loss_total=0.811860 loss_rec=0.640242 valid_auc=0.668504 valid_rmse=0.477665 q_change=57 q_delta=0.430169 q_grad=0.001038
epoch=24 loss_total=0.807424 loss_rec=0.636813 valid_auc=0.669732 valid_rmse=0.478122 q_change=57 q_delta=0.431235 q_grad=0.001083
epoch=25 loss_total=0.809741 loss_rec=0.639942 valid_auc=0.669319 valid_rmse=0.477542 q_change=57 q_delta=0.432144 q_grad=0.001182
epoch=26 loss_total=0.807303 loss_rec=0.638258 valid_auc=0.669732 valid_rmse=0.478044 q_change=57 q_delta=0.432991 q_grad=0.001197
epoch=27 loss_total=0.805259 loss_rec=0.636820 valid_auc=0.673337 valid_rmse=0.477355 q_change=57 q_delta=0.433701 q_grad=0.001210
epoch=28 loss_total=0.805828 loss_rec=0.637992 valid_auc=0.674275 valid_rmse=0.476696 q_change=57 q_delta=0.434440 q_grad=0.001273
epoch=29 loss_total=0.802926 loss_rec=0.635618 valid_auc=0.676038 valid_rmse=0.476556 q_change=57 q_delta=0.435036 q_grad=0.001336
epoch=30 loss_total=0.804054 loss_rec=0.637236 valid_auc=0.676674 valid_rmse=0.476993 q_change=57 q_delta=0.435525 q_grad=0.001339
epoch=31 loss_total=0.800321 loss_rec=0.633853 valid_auc=0.677913 valid_rmse=0.476042 q_change=57 q_delta=0.436029 q_grad=0.001379
epoch=32 loss_total=0.801950 loss_rec=0.635877 valid_auc=0.678973 valid_rmse=0.476879 q_change=57 q_delta=0.436374 q_grad=0.001443
epoch=33 loss_total=0.800720 loss_rec=0.634920 valid_auc=0.677299 valid_rmse=0.475588 q_change=57 q_delta=0.436967 q_grad=0.001439
epoch=34 loss_total=0.799928 loss_rec=0.634481 valid_auc=0.676763 valid_rmse=0.475294 q_change=57 q_delta=0.437222 q_grad=0.001478
epoch=35 loss_total=0.801406 loss_rec=0.636218 valid_auc=0.678103 valid_rmse=0.474737 q_change=57 q_delta=0.437512 q_grad=0.001483
epoch=36 loss_total=0.798068 loss_rec=0.633099 valid_auc=0.678817 valid_rmse=0.475781 q_change=57 q_delta=0.437649 q_grad=0.001532
epoch=37 loss_total=0.793205 loss_rec=0.628414 valid_auc=0.680993 valid_rmse=0.475051 q_change=57 q_delta=0.437842 q_grad=0.001571
epoch=38 loss_total=0.792297 loss_rec=0.627644 valid_auc=0.680949 valid_rmse=0.476326 q_change=57 q_delta=0.437959 q_grad=0.001687
epoch=39 loss_total=0.795744 loss_rec=0.631236 valid_auc=0.680469 valid_rmse=0.474578 q_change=57 q_delta=0.438222 q_grad=0.001662
epoch=40 loss_total=0.791907 loss_rec=0.627537 valid_auc=0.681239 valid_rmse=0.474768 q_change=57 q_delta=0.438226 q_grad=0.001715
epoch=41 loss_total=0.787728 loss_rec=0.623380 valid_auc=0.683583 valid_rmse=0.474814 q_change=57 q_delta=0.438090 q_grad=0.001740
epoch=42 loss_total=0.791917 loss_rec=0.627530 valid_auc=0.680670 valid_rmse=0.475160 q_change=57 q_delta=0.437978 q_grad=0.001799
epoch=43 loss_total=0.787887 loss_rec=0.623377 valid_auc=0.684386 valid_rmse=0.474104 q_change=57 q_delta=0.437617 q_grad=0.001765
epoch=44 loss_total=0.787801 loss_rec=0.623216 valid_auc=0.684096 valid_rmse=0.474551 q_change=56 q_delta=0.437696 q_grad=0.001843
epoch=45 loss_total=0.785196 loss_rec=0.620582 valid_auc=0.684598 valid_rmse=0.476460 q_change=56 q_delta=0.438154 q_grad=0.001888
epoch=46 loss_total=0.785944 loss_rec=0.621321 valid_auc=0.686239 valid_rmse=0.473116 q_change=56 q_delta=0.438731 q_grad=0.001852
epoch=47 loss_total=0.782966 loss_rec=0.618408 valid_auc=0.687589 valid_rmse=0.473532 q_change=56 q_delta=0.439022 q_grad=0.001884
epoch=48 loss_total=0.783806 loss_rec=0.619277 valid_auc=0.687500 valid_rmse=0.472698 q_change=56 q_delta=0.439357 q_grad=0.001922
epoch=49 loss_total=0.781736 loss_rec=0.617214 valid_auc=0.686998 valid_rmse=0.472909 q_change=56 q_delta=0.439531 q_grad=0.001962
epoch=50 loss_total=0.777660 loss_rec=0.613195 valid_auc=0.684219 valid_rmse=0.473837 q_change=56 q_delta=0.439695 q_grad=0.001882
epoch=51 loss_total=0.778229 loss_rec=0.613829 valid_auc=0.688092 valid_rmse=0.474705 q_change=56 q_delta=0.439703 q_grad=0.002024
epoch=52 loss_total=0.779116 loss_rec=0.614734 valid_auc=0.685558 valid_rmse=0.473319 q_change=56 q_delta=0.439884 q_grad=0.002032
epoch=53 loss_total=0.780913 loss_rec=0.616576 valid_auc=0.688828 valid_rmse=0.472433 q_change=56 q_delta=0.439976 q_grad=0.002012
epoch=54 loss_total=0.773099 loss_rec=0.608819 valid_auc=0.686964 valid_rmse=0.473869 q_change=56 q_delta=0.439962 q_grad=0.001983
epoch=55 loss_total=0.773259 loss_rec=0.608979 valid_auc=0.690145 valid_rmse=0.472158 q_change=56 q_delta=0.439963 q_grad=0.002020
epoch=56 loss_total=0.775199 loss_rec=0.610956 valid_auc=0.687009 valid_rmse=0.472621 q_change=56 q_delta=0.440003 q_grad=0.002078
epoch=57 loss_total=0.773971 loss_rec=0.609703 valid_auc=0.689810 valid_rmse=0.473868 q_change=56 q_delta=0.439808 q_grad=0.002116
epoch=58 loss_total=0.770151 loss_rec=0.605835 valid_auc=0.688504 valid_rmse=0.474019 q_change=56 q_delta=0.439795 q_grad=0.002065
epoch=59 loss_total=0.770053 loss_rec=0.605801 valid_auc=0.688940 valid_rmse=0.472247 q_change=56 q_delta=0.439785 q_grad=0.002074
epoch=60 loss_total=0.769144 loss_rec=0.604838 valid_auc=0.691618 valid_rmse=0.472482 q_change=56 q_delta=0.439594 q_grad=0.002104
epoch=61 loss_total=0.768277 loss_rec=0.603898 valid_auc=0.691819 valid_rmse=0.472469 q_change=55 q_delta=0.439423 q_grad=0.002136
epoch=62 loss_total=0.766437 loss_rec=0.602034 valid_auc=0.691194 valid_rmse=0.471795 q_change=54 q_delta=0.439318 q_grad=0.002074
epoch=63 loss_total=0.767406 loss_rec=0.602942 valid_auc=0.691172 valid_rmse=0.472639 q_change=54 q_delta=0.439596 q_grad=0.002087
epoch=64 loss_total=0.769905 loss_rec=0.605465 valid_auc=0.695033 valid_rmse=0.473368 q_change=54 q_delta=0.440044 q_grad=0.002147
epoch=65 loss_total=0.763035 loss_rec=0.598571 valid_auc=0.693583 valid_rmse=0.471260 q_change=54 q_delta=0.440596 q_grad=0.002040
epoch=66 loss_total=0.763501 loss_rec=0.599070 valid_auc=0.694576 valid_rmse=0.471546 q_change=54 q_delta=0.440940 q_grad=0.002165
epoch=67 loss_total=0.765661 loss_rec=0.601216 valid_auc=0.691663 valid_rmse=0.472756 q_change=54 q_delta=0.441280 q_grad=0.002134
epoch=68 loss_total=0.761257 loss_rec=0.596854 valid_auc=0.693984 valid_rmse=0.472742 q_change=54 q_delta=0.441590 q_grad=0.002152
epoch=69 loss_total=0.757598 loss_rec=0.593226 valid_auc=0.696819 valid_rmse=0.477587 q_change=54 q_delta=0.441748 q_grad=0.002224
epoch=70 loss_total=0.757752 loss_rec=0.593416 valid_auc=0.693415 valid_rmse=0.471478 q_change=54 q_delta=0.442137 q_grad=0.002221
epoch=71 loss_total=0.759344 loss_rec=0.595036 valid_auc=0.693683 valid_rmse=0.471680 q_change=54 q_delta=0.442344 q_grad=0.002231
epoch=72 loss_total=0.757578 loss_rec=0.593285 valid_auc=0.692656 valid_rmse=0.472398 q_change=54 q_delta=0.442544 q_grad=0.002266
epoch=73 loss_total=0.754336 loss_rec=0.590117 valid_auc=0.688973 valid_rmse=0.472945 q_change=54 q_delta=0.442747 q_grad=0.002316
epoch=74 loss_total=0.757936 loss_rec=0.593730 valid_auc=0.691038 valid_rmse=0.473391 q_change=54 q_delta=0.442872 q_grad=0.002269
epoch=75 loss_total=0.755939 loss_rec=0.591742 valid_auc=0.689643 valid_rmse=0.479480 q_change=54 q_delta=0.442952 q_grad=0.002276
epoch=76 loss_total=0.755828 loss_rec=0.591644 valid_auc=0.688426 valid_rmse=0.473082 q_change=54 q_delta=0.443181 q_grad=0.002270
epoch=77 loss_total=0.749416 loss_rec=0.585262 valid_auc=0.688962 valid_rmse=0.476723 q_change=54 q_delta=0.443197 q_grad=0.002270
epoch=78 loss_total=0.750765 loss_rec=0.586643 valid_auc=0.688125 valid_rmse=0.475020 q_change=54 q_delta=0.443313 q_grad=0.002447
epoch=79 loss_total=0.750024 loss_rec=0.585937 valid_auc=0.686920 valid_rmse=0.474436 q_change=54 q_delta=0.443443 q_grad=0.002521
epoch=80 loss_total=0.749634 loss_rec=0.585575 valid_auc=0.687054 valid_rmse=0.474140 q_change=54 q_delta=0.443530 q_grad=0.002443
epoch=81 loss_total=0.746053 loss_rec=0.582047 valid_auc=0.687612 valid_rmse=0.476299 q_change=54 q_delta=0.443628 q_grad=0.002501
epoch=82 loss_total=0.746478 loss_rec=0.582508 valid_auc=0.686897 valid_rmse=0.475812 q_change=54 q_delta=0.443693 q_grad=0.002550
epoch=83 loss_total=0.744833 loss_rec=0.580910 valid_auc=0.687254 valid_rmse=0.479425 q_change=54 q_delta=0.443755 q_grad=0.002517
epoch=84 loss_total=0.745575 loss_rec=0.581689 valid_auc=0.688002 valid_rmse=0.476075 q_change=54 q_delta=0.443927 q_grad=0.002593
epoch=85 loss_total=0.747019 loss_rec=0.583155 valid_auc=0.687132 valid_rmse=0.479816 q_change=54 q_delta=0.443864 q_grad=0.002635
epoch=86 loss_total=0.748653 loss_rec=0.584797 valid_auc=0.685915 valid_rmse=0.476846 q_change=54 q_delta=0.443969 q_grad=0.002605
epoch=87 loss_total=0.742460 loss_rec=0.578645 valid_auc=0.684475 valid_rmse=0.477602 q_change=54 q_delta=0.444019 q_grad=0.002554
epoch=88 loss_total=0.736598 loss_rec=0.572810 valid_auc=0.684654 valid_rmse=0.477371 q_change=54 q_delta=0.444098 q_grad=0.002651
epoch=89 loss_total=0.738717 loss_rec=0.574958 valid_auc=0.684397 valid_rmse=0.483265 q_change=54 q_delta=0.444081 q_grad=0.002707
Early stopping at epoch 89; best_epoch=69.
Saved run to C:\Users\YAN_SHU_YU\Desktop\Generative-CD\Q_GNCDM\results\weak_q_lambda_sweep\lq_0p6_ls_0p6_lb_0p8\seed_2026\noise_0.20\weak-q_lq_0p6_ls_0p6_lb_0p8
Final metrics: q_hat_f1=0.101695 response_auc=0.685193 mastery_pearson=0.309576
