run=weak-q_lq_0p6_ls_0p7_lb_0p6 mode=weak-q noise=0.20 train=4200 valid=600 test=1200
epoch=1 loss_total=1.176919 loss_rec=0.725665 valid_auc=0.587567 valid_rmse=0.499758 q_change=57 q_delta=0.079232 q_grad=0.000732
epoch=2 loss_total=1.102170 loss_rec=0.705979 valid_auc=0.593700 valid_rmse=0.499344 q_change=57 q_delta=0.149917 q_grad=0.000668
epoch=3 loss_total=1.048921 loss_rec=0.700190 valid_auc=0.605357 valid_rmse=0.498637 q_change=57 q_delta=0.209367 q_grad=0.000597
epoch=4 loss_total=1.003790 loss_rec=0.694215 valid_auc=0.621987 valid_rmse=0.498095 q_change=57 q_delta=0.257464 q_grad=0.000522
epoch=5 loss_total=0.973132 loss_rec=0.694446 valid_auc=0.642360 valid_rmse=0.496480 q_change=57 q_delta=0.294943 q_grad=0.000452
epoch=6 loss_total=0.945130 loss_rec=0.690338 valid_auc=0.657612 valid_rmse=0.495813 q_change=57 q_delta=0.323508 q_grad=0.000395
epoch=7 loss_total=0.920274 loss_rec=0.683623 valid_auc=0.658594 valid_rmse=0.494108 q_change=57 q_delta=0.344969 q_grad=0.000362
epoch=8 loss_total=0.900816 loss_rec=0.677426 valid_auc=0.653817 valid_rmse=0.490652 q_change=57 q_delta=0.360091 q_grad=0.000372
epoch=9 loss_total=0.881891 loss_rec=0.667774 valid_auc=0.658571 valid_rmse=0.483935 q_change=57 q_delta=0.370998 q_grad=0.000458
epoch=10 loss_total=0.871116 loss_rec=0.664077 valid_auc=0.659208 valid_rmse=0.482444 q_change=57 q_delta=0.379340 q_grad=0.000551
epoch=11 loss_total=0.861368 loss_rec=0.659717 valid_auc=0.660324 valid_rmse=0.481270 q_change=57 q_delta=0.386555 q_grad=0.000658
epoch=12 loss_total=0.847436 loss_rec=0.650687 valid_auc=0.663862 valid_rmse=0.481901 q_change=57 q_delta=0.392503 q_grad=0.000725
epoch=13 loss_total=0.841550 loss_rec=0.648931 valid_auc=0.665379 valid_rmse=0.478721 q_change=57 q_delta=0.397653 q_grad=0.000745
epoch=14 loss_total=0.837397 loss_rec=0.647980 valid_auc=0.668192 valid_rmse=0.480053 q_change=57 q_delta=0.401524 q_grad=0.000831
epoch=15 loss_total=0.833355 loss_rec=0.646709 valid_auc=0.666462 valid_rmse=0.478424 q_change=57 q_delta=0.405255 q_grad=0.000883
epoch=16 loss_total=0.831739 loss_rec=0.647390 valid_auc=0.667969 valid_rmse=0.478314 q_change=57 q_delta=0.408091 q_grad=0.000978
epoch=17 loss_total=0.829111 loss_rec=0.646837 valid_auc=0.669922 valid_rmse=0.478773 q_change=57 q_delta=0.410594 q_grad=0.000959
epoch=18 loss_total=0.822228 loss_rec=0.641672 valid_auc=0.670480 valid_rmse=0.477902 q_change=57 q_delta=0.412884 q_grad=0.001000
epoch=19 loss_total=0.819197 loss_rec=0.640214 valid_auc=0.670491 valid_rmse=0.477775 q_change=57 q_delta=0.414828 q_grad=0.001077
epoch=20 loss_total=0.817810 loss_rec=0.640113 valid_auc=0.674040 valid_rmse=0.476305 q_change=57 q_delta=0.416658 q_grad=0.001177
epoch=21 loss_total=0.813769 loss_rec=0.637308 valid_auc=0.675212 valid_rmse=0.477189 q_change=57 q_delta=0.417952 q_grad=0.001138
epoch=22 loss_total=0.812622 loss_rec=0.637112 valid_auc=0.676920 valid_rmse=0.475862 q_change=57 q_delta=0.419194 q_grad=0.001252
epoch=23 loss_total=0.808859 loss_rec=0.634224 valid_auc=0.675949 valid_rmse=0.475463 q_change=57 q_delta=0.420452 q_grad=0.001272
epoch=24 loss_total=0.804159 loss_rec=0.630358 valid_auc=0.676094 valid_rmse=0.475865 q_change=57 q_delta=0.421418 q_grad=0.001330
epoch=25 loss_total=0.806697 loss_rec=0.633564 valid_auc=0.677098 valid_rmse=0.475492 q_change=57 q_delta=0.422164 q_grad=0.001462
epoch=26 loss_total=0.803977 loss_rec=0.631427 valid_auc=0.677969 valid_rmse=0.476260 q_change=57 q_delta=0.422868 q_grad=0.001475
epoch=27 loss_total=0.801477 loss_rec=0.629354 valid_auc=0.681395 valid_rmse=0.475717 q_change=57 q_delta=0.423350 q_grad=0.001491
epoch=28 loss_total=0.802750 loss_rec=0.631063 valid_auc=0.680938 valid_rmse=0.474856 q_change=57 q_delta=0.423968 q_grad=0.001579
epoch=29 loss_total=0.798943 loss_rec=0.627598 valid_auc=0.682790 valid_rmse=0.474563 q_change=57 q_delta=0.424332 q_grad=0.001646
epoch=30 loss_total=0.799684 loss_rec=0.628634 valid_auc=0.683103 valid_rmse=0.474799 q_change=57 q_delta=0.424547 q_grad=0.001636
epoch=31 loss_total=0.795753 loss_rec=0.624751 valid_auc=0.685603 valid_rmse=0.474160 q_change=57 q_delta=0.424603 q_grad=0.001684
epoch=32 loss_total=0.797180 loss_rec=0.626295 valid_auc=0.688326 valid_rmse=0.474916 q_change=57 q_delta=0.424513 q_grad=0.001757
epoch=33 loss_total=0.795363 loss_rec=0.624463 valid_auc=0.684598 valid_rmse=0.473347 q_change=56 q_delta=0.424732 q_grad=0.001738
epoch=34 loss_total=0.793892 loss_rec=0.623068 valid_auc=0.684263 valid_rmse=0.473140 q_change=56 q_delta=0.425385 q_grad=0.001770
epoch=35 loss_total=0.794842 loss_rec=0.624077 valid_auc=0.687467 valid_rmse=0.472363 q_change=56 q_delta=0.426006 q_grad=0.001760
epoch=36 loss_total=0.791315 loss_rec=0.620569 valid_auc=0.689163 valid_rmse=0.472959 q_change=56 q_delta=0.426299 q_grad=0.001807
epoch=37 loss_total=0.785196 loss_rec=0.614488 valid_auc=0.689632 valid_rmse=0.472661 q_change=56 q_delta=0.426693 q_grad=0.001825
epoch=38 loss_total=0.784602 loss_rec=0.614037 valid_auc=0.687846 valid_rmse=0.475096 q_change=56 q_delta=0.427007 q_grad=0.001941
epoch=39 loss_total=0.787480 loss_rec=0.617002 valid_auc=0.689353 valid_rmse=0.472174 q_change=56 q_delta=0.427378 q_grad=0.001880
epoch=40 loss_total=0.783206 loss_rec=0.612797 valid_auc=0.689464 valid_rmse=0.472336 q_change=56 q_delta=0.427460 q_grad=0.001919
epoch=41 loss_total=0.778576 loss_rec=0.608220 valid_auc=0.691261 valid_rmse=0.472512 q_change=56 q_delta=0.427547 q_grad=0.001928
epoch=42 loss_total=0.782865 loss_rec=0.612522 valid_auc=0.688069 valid_rmse=0.472686 q_change=56 q_delta=0.427672 q_grad=0.001986
epoch=43 loss_total=0.778177 loss_rec=0.607762 valid_auc=0.690603 valid_rmse=0.472070 q_change=55 q_delta=0.427499 q_grad=0.001924
epoch=44 loss_total=0.778750 loss_rec=0.608388 valid_auc=0.691239 valid_rmse=0.472290 q_change=55 q_delta=0.427948 q_grad=0.001993
epoch=45 loss_total=0.775392 loss_rec=0.605080 valid_auc=0.692444 valid_rmse=0.474748 q_change=55 q_delta=0.428365 q_grad=0.002016
epoch=46 loss_total=0.776169 loss_rec=0.605847 valid_auc=0.694353 valid_rmse=0.470589 q_change=55 q_delta=0.428917 q_grad=0.001964
epoch=47 loss_total=0.773378 loss_rec=0.603155 valid_auc=0.696016 valid_rmse=0.471012 q_change=55 q_delta=0.429341 q_grad=0.001988
epoch=48 loss_total=0.773215 loss_rec=0.603028 valid_auc=0.695123 valid_rmse=0.470522 q_change=55 q_delta=0.429683 q_grad=0.002031
epoch=49 loss_total=0.770787 loss_rec=0.600638 valid_auc=0.695592 valid_rmse=0.470469 q_change=55 q_delta=0.429962 q_grad=0.002058
epoch=50 loss_total=0.766624 loss_rec=0.596531 valid_auc=0.693560 valid_rmse=0.471309 q_change=55 q_delta=0.430265 q_grad=0.001965
epoch=51 loss_total=0.766867 loss_rec=0.596884 valid_auc=0.696105 valid_rmse=0.472286 q_change=55 q_delta=0.430457 q_grad=0.002096
epoch=52 loss_total=0.768116 loss_rec=0.598228 valid_auc=0.693973 valid_rmse=0.471010 q_change=54 q_delta=0.430808 q_grad=0.002102
epoch=53 loss_total=0.769749 loss_rec=0.599921 valid_auc=0.695926 valid_rmse=0.470485 q_change=54 q_delta=0.431052 q_grad=0.002106
epoch=54 loss_total=0.761775 loss_rec=0.592063 valid_auc=0.694397 valid_rmse=0.471975 q_change=54 q_delta=0.431262 q_grad=0.002070
epoch=55 loss_total=0.761237 loss_rec=0.591657 valid_auc=0.698382 valid_rmse=0.470342 q_change=54 q_delta=0.431459 q_grad=0.002126
epoch=56 loss_total=0.762580 loss_rec=0.593084 valid_auc=0.695592 valid_rmse=0.470886 q_change=54 q_delta=0.431689 q_grad=0.002164
epoch=57 loss_total=0.760708 loss_rec=0.591298 valid_auc=0.696574 valid_rmse=0.472909 q_change=54 q_delta=0.431834 q_grad=0.002235
epoch=58 loss_total=0.757346 loss_rec=0.587998 valid_auc=0.695123 valid_rmse=0.473576 q_change=54 q_delta=0.431978 q_grad=0.002194
epoch=59 loss_total=0.757474 loss_rec=0.588310 valid_auc=0.694531 valid_rmse=0.471426 q_change=54 q_delta=0.432378 q_grad=0.002191
epoch=60 loss_total=0.756906 loss_rec=0.587843 valid_auc=0.695022 valid_rmse=0.472725 q_change=54 q_delta=0.432487 q_grad=0.002230
epoch=61 loss_total=0.755472 loss_rec=0.586480 valid_auc=0.695045 valid_rmse=0.472337 q_change=54 q_delta=0.432733 q_grad=0.002285
epoch=62 loss_total=0.753161 loss_rec=0.584281 valid_auc=0.693772 valid_rmse=0.472047 q_change=54 q_delta=0.432905 q_grad=0.002248
epoch=63 loss_total=0.754218 loss_rec=0.585383 valid_auc=0.691786 valid_rmse=0.473032 q_change=54 q_delta=0.432959 q_grad=0.002287
epoch=64 loss_total=0.756718 loss_rec=0.587978 valid_auc=0.695837 valid_rmse=0.474372 q_change=54 q_delta=0.433004 q_grad=0.002344
epoch=65 loss_total=0.751132 loss_rec=0.582435 valid_auc=0.693471 valid_rmse=0.472394 q_change=54 q_delta=0.433250 q_grad=0.002245
epoch=66 loss_total=0.751640 loss_rec=0.583015 valid_auc=0.693371 valid_rmse=0.473080 q_change=54 q_delta=0.433291 q_grad=0.002385
epoch=67 loss_total=0.753702 loss_rec=0.585131 valid_auc=0.691596 valid_rmse=0.474305 q_change=54 q_delta=0.433332 q_grad=0.002373
epoch=68 loss_total=0.749196 loss_rec=0.580650 valid_auc=0.692187 valid_rmse=0.475576 q_change=54 q_delta=0.433335 q_grad=0.002384
epoch=69 loss_total=0.746126 loss_rec=0.577605 valid_auc=0.695279 valid_rmse=0.480356 q_change=54 q_delta=0.433201 q_grad=0.002473
epoch=70 loss_total=0.744743 loss_rec=0.576186 valid_auc=0.690949 valid_rmse=0.473899 q_change=53 q_delta=0.433300 q_grad=0.002481
epoch=71 loss_total=0.746450 loss_rec=0.577900 valid_auc=0.690737 valid_rmse=0.473963 q_change=53 q_delta=0.433204 q_grad=0.002504
epoch=72 loss_total=0.745089 loss_rec=0.576450 valid_auc=0.689989 valid_rmse=0.474543 q_change=53 q_delta=0.433086 q_grad=0.002516
epoch=73 loss_total=0.740120 loss_rec=0.571473 valid_auc=0.687087 valid_rmse=0.475413 q_change=53 q_delta=0.432932 q_grad=0.002572
epoch=74 loss_total=0.743914 loss_rec=0.575152 valid_auc=0.688069 valid_rmse=0.476257 q_change=53 q_delta=0.432696 q_grad=0.002530
epoch=75 loss_total=0.741711 loss_rec=0.572784 valid_auc=0.684676 valid_rmse=0.483304 q_change=52 q_delta=0.432322 q_grad=0.002541
Early stopping at epoch 75; best_epoch=55.
Saved run to C:\Users\YAN_SHU_YU\Desktop\Generative-CD\Q_GNCDM\results\weak_q_lambda_sweep\lq_0p6_ls_0p7_lb_0p6\seed_2026\noise_0.20\weak-q_lq_0p6_ls_0p7_lb_0p6
Final metrics: q_hat_f1=0.101695 response_auc=0.686380 mastery_pearson=0.327531
