run=weak-q_lq_0p7_ls_0p7_lb_0p05 mode=weak-q noise=0.20 train=4200 valid=600 test=1200
epoch=1 loss_total=1.043569 loss_rec=0.725656 valid_auc=0.587589 valid_rmse=0.499752 q_change=57 q_delta=0.077426 q_grad=0.000652
epoch=2 loss_total=0.980524 loss_rec=0.705817 valid_auc=0.594107 valid_rmse=0.499276 q_change=57 q_delta=0.141413 q_grad=0.000510
epoch=3 loss_total=0.944510 loss_rec=0.699627 valid_auc=0.607277 valid_rmse=0.498383 q_change=57 q_delta=0.191695 q_grad=0.000402
epoch=4 loss_total=0.917327 loss_rec=0.692777 valid_auc=0.625882 valid_rmse=0.497369 q_change=57 q_delta=0.230578 q_grad=0.000324
epoch=5 loss_total=0.902213 loss_rec=0.691188 valid_auc=0.646830 valid_rmse=0.494651 q_change=57 q_delta=0.259334 q_grad=0.000291
epoch=6 loss_total=0.884626 loss_rec=0.682373 valid_auc=0.661590 valid_rmse=0.491066 q_change=57 q_delta=0.278952 q_grad=0.000308
epoch=7 loss_total=0.861763 loss_rec=0.664648 valid_auc=0.663415 valid_rmse=0.484240 q_change=57 q_delta=0.290540 q_grad=0.000410
epoch=8 loss_total=0.843259 loss_rec=0.648694 valid_auc=0.667444 valid_rmse=0.480011 q_change=57 q_delta=0.297568 q_grad=0.000635
epoch=9 loss_total=0.831422 loss_rec=0.638835 valid_auc=0.678862 valid_rmse=0.474789 q_change=57 q_delta=0.303767 q_grad=0.000829
epoch=10 loss_total=0.830300 loss_rec=0.639553 valid_auc=0.678516 valid_rmse=0.475437 q_change=57 q_delta=0.308228 q_grad=0.000943
epoch=11 loss_total=0.825646 loss_rec=0.635976 valid_auc=0.681473 valid_rmse=0.473597 q_change=57 q_delta=0.312169 q_grad=0.001103
epoch=12 loss_total=0.814575 loss_rec=0.625886 valid_auc=0.682031 valid_rmse=0.474859 q_change=57 q_delta=0.314764 q_grad=0.001202
epoch=13 loss_total=0.810298 loss_rec=0.622453 valid_auc=0.682567 valid_rmse=0.473057 q_change=57 q_delta=0.317892 q_grad=0.001248
epoch=14 loss_total=0.810070 loss_rec=0.622822 valid_auc=0.681027 valid_rmse=0.475043 q_change=57 q_delta=0.319648 q_grad=0.001357
epoch=15 loss_total=0.806010 loss_rec=0.619261 valid_auc=0.681406 valid_rmse=0.473548 q_change=57 q_delta=0.321966 q_grad=0.001425
epoch=16 loss_total=0.807402 loss_rec=0.621035 valid_auc=0.683404 valid_rmse=0.473976 q_change=57 q_delta=0.323622 q_grad=0.001531
epoch=17 loss_total=0.803923 loss_rec=0.618044 valid_auc=0.681897 valid_rmse=0.474154 q_change=56 q_delta=0.325444 q_grad=0.001464
epoch=18 loss_total=0.798537 loss_rec=0.612949 valid_auc=0.682768 valid_rmse=0.473775 q_change=56 q_delta=0.327191 q_grad=0.001498
epoch=19 loss_total=0.797756 loss_rec=0.612608 valid_auc=0.682801 valid_rmse=0.474792 q_change=56 q_delta=0.329185 q_grad=0.001598
epoch=20 loss_total=0.795730 loss_rec=0.610791 valid_auc=0.685089 valid_rmse=0.473085 q_change=56 q_delta=0.331075 q_grad=0.001670
epoch=21 loss_total=0.791557 loss_rec=0.606830 valid_auc=0.685737 valid_rmse=0.474618 q_change=56 q_delta=0.332389 q_grad=0.001588
epoch=22 loss_total=0.789861 loss_rec=0.605269 valid_auc=0.684531 valid_rmse=0.474378 q_change=56 q_delta=0.333888 q_grad=0.001719
epoch=23 loss_total=0.787956 loss_rec=0.603471 valid_auc=0.683214 valid_rmse=0.474059 q_change=55 q_delta=0.335746 q_grad=0.001684
epoch=24 loss_total=0.783565 loss_rec=0.599181 valid_auc=0.681719 valid_rmse=0.474879 q_change=52 q_delta=0.337144 q_grad=0.001716
epoch=25 loss_total=0.784747 loss_rec=0.600355 valid_auc=0.682946 valid_rmse=0.474819 q_change=52 q_delta=0.338505 q_grad=0.001828
epoch=26 loss_total=0.782241 loss_rec=0.597879 valid_auc=0.684364 valid_rmse=0.475084 q_change=51 q_delta=0.340102 q_grad=0.001811
epoch=27 loss_total=0.778845 loss_rec=0.594356 valid_auc=0.684810 valid_rmse=0.476002 q_change=51 q_delta=0.341567 q_grad=0.001796
epoch=28 loss_total=0.781961 loss_rec=0.597482 valid_auc=0.684074 valid_rmse=0.475104 q_change=51 q_delta=0.343308 q_grad=0.001885
epoch=29 loss_total=0.775627 loss_rec=0.591117 valid_auc=0.687679 valid_rmse=0.474345 q_change=50 q_delta=0.344928 q_grad=0.001902
epoch=30 loss_total=0.774430 loss_rec=0.589768 valid_auc=0.688638 valid_rmse=0.475199 q_change=50 q_delta=0.346371 q_grad=0.001904
epoch=31 loss_total=0.770562 loss_rec=0.585671 valid_auc=0.687980 valid_rmse=0.475075 q_change=50 q_delta=0.347940 q_grad=0.001929
epoch=32 loss_total=0.771733 loss_rec=0.586696 valid_auc=0.690480 valid_rmse=0.474435 q_change=50 q_delta=0.349818 q_grad=0.001983
epoch=33 loss_total=0.768666 loss_rec=0.583408 valid_auc=0.689263 valid_rmse=0.472971 q_change=50 q_delta=0.351556 q_grad=0.001993
epoch=34 loss_total=0.767808 loss_rec=0.582406 valid_auc=0.687712 valid_rmse=0.473328 q_change=50 q_delta=0.352895 q_grad=0.001973
epoch=35 loss_total=0.767626 loss_rec=0.582038 valid_auc=0.691685 valid_rmse=0.472061 q_change=50 q_delta=0.354274 q_grad=0.001980
epoch=36 loss_total=0.760724 loss_rec=0.574822 valid_auc=0.691875 valid_rmse=0.472696 q_change=49 q_delta=0.355231 q_grad=0.002056
epoch=37 loss_total=0.756203 loss_rec=0.570020 valid_auc=0.690915 valid_rmse=0.474077 q_change=49 q_delta=0.356355 q_grad=0.002065
epoch=38 loss_total=0.752439 loss_rec=0.566142 valid_auc=0.690658 valid_rmse=0.475427 q_change=49 q_delta=0.357405 q_grad=0.002185
epoch=39 loss_total=0.751918 loss_rec=0.565375 valid_auc=0.689978 valid_rmse=0.473284 q_change=48 q_delta=0.358906 q_grad=0.002151
epoch=40 loss_total=0.748123 loss_rec=0.561349 valid_auc=0.689665 valid_rmse=0.473826 q_change=48 q_delta=0.359777 q_grad=0.002221
epoch=41 loss_total=0.741915 loss_rec=0.554985 valid_auc=0.691629 valid_rmse=0.475515 q_change=48 q_delta=0.360846 q_grad=0.002235
epoch=42 loss_total=0.743393 loss_rec=0.556262 valid_auc=0.687600 valid_rmse=0.475124 q_change=48 q_delta=0.362207 q_grad=0.002379
epoch=43 loss_total=0.736761 loss_rec=0.549411 valid_auc=0.689699 valid_rmse=0.475793 q_change=47 q_delta=0.362954 q_grad=0.002369
epoch=44 loss_total=0.734939 loss_rec=0.547467 valid_auc=0.688605 valid_rmse=0.475786 q_change=47 q_delta=0.364038 q_grad=0.002418
epoch=45 loss_total=0.728848 loss_rec=0.541278 valid_auc=0.686719 valid_rmse=0.480958 q_change=48 q_delta=0.364617 q_grad=0.002453
epoch=46 loss_total=0.728305 loss_rec=0.540539 valid_auc=0.691797 valid_rmse=0.474972 q_change=48 q_delta=0.365881 q_grad=0.002488
epoch=47 loss_total=0.724638 loss_rec=0.536749 valid_auc=0.688638 valid_rmse=0.477994 q_change=48 q_delta=0.366594 q_grad=0.002510
epoch=48 loss_total=0.721983 loss_rec=0.534052 valid_auc=0.688170 valid_rmse=0.477740 q_change=48 q_delta=0.367579 q_grad=0.002577
epoch=49 loss_total=0.716669 loss_rec=0.528683 valid_auc=0.690971 valid_rmse=0.475761 q_change=47 q_delta=0.367988 q_grad=0.002589
epoch=50 loss_total=0.710953 loss_rec=0.522908 valid_auc=0.688292 valid_rmse=0.479495 q_change=47 q_delta=0.368632 q_grad=0.002598
epoch=51 loss_total=0.711134 loss_rec=0.523147 valid_auc=0.689531 valid_rmse=0.479693 q_change=46 q_delta=0.369255 q_grad=0.002693
epoch=52 loss_total=0.712357 loss_rec=0.524363 valid_auc=0.687935 valid_rmse=0.478698 q_change=46 q_delta=0.370100 q_grad=0.002727
epoch=53 loss_total=0.712872 loss_rec=0.524866 valid_auc=0.688214 valid_rmse=0.477386 q_change=45 q_delta=0.370623 q_grad=0.002738
epoch=54 loss_total=0.705389 loss_rec=0.517322 valid_auc=0.685759 valid_rmse=0.480059 q_change=45 q_delta=0.371033 q_grad=0.002756
epoch=55 loss_total=0.701211 loss_rec=0.513207 valid_auc=0.693382 valid_rmse=0.476465 q_change=45 q_delta=0.371572 q_grad=0.002724
epoch=56 loss_total=0.701803 loss_rec=0.513823 valid_auc=0.688237 valid_rmse=0.479439 q_change=45 q_delta=0.371901 q_grad=0.002772
epoch=57 loss_total=0.700863 loss_rec=0.512908 valid_auc=0.685692 valid_rmse=0.482241 q_change=45 q_delta=0.372336 q_grad=0.002886
epoch=58 loss_total=0.694819 loss_rec=0.506886 valid_auc=0.687467 valid_rmse=0.482693 q_change=45 q_delta=0.372782 q_grad=0.002819
epoch=59 loss_total=0.693929 loss_rec=0.506146 valid_auc=0.691496 valid_rmse=0.477984 q_change=45 q_delta=0.373315 q_grad=0.002810
epoch=60 loss_total=0.695092 loss_rec=0.507372 valid_auc=0.690257 valid_rmse=0.479914 q_change=45 q_delta=0.373567 q_grad=0.002823
epoch=61 loss_total=0.693152 loss_rec=0.505422 valid_auc=0.688136 valid_rmse=0.480224 q_change=45 q_delta=0.374034 q_grad=0.002939
epoch=62 loss_total=0.689622 loss_rec=0.502015 valid_auc=0.690089 valid_rmse=0.479613 q_change=45 q_delta=0.374440 q_grad=0.002847
epoch=63 loss_total=0.690021 loss_rec=0.502463 valid_auc=0.688415 valid_rmse=0.480721 q_change=45 q_delta=0.374706 q_grad=0.002969
epoch=64 loss_total=0.689515 loss_rec=0.502025 valid_auc=0.690647 valid_rmse=0.482690 q_change=45 q_delta=0.374781 q_grad=0.002937
epoch=65 loss_total=0.687754 loss_rec=0.500336 valid_auc=0.689933 valid_rmse=0.480673 q_change=45 q_delta=0.375341 q_grad=0.002814
epoch=66 loss_total=0.687718 loss_rec=0.500330 valid_auc=0.687935 valid_rmse=0.481445 q_change=45 q_delta=0.375672 q_grad=0.003021
epoch=67 loss_total=0.688123 loss_rec=0.500802 valid_auc=0.687600 valid_rmse=0.482597 q_change=45 q_delta=0.375863 q_grad=0.002992
epoch=68 loss_total=0.680967 loss_rec=0.493712 valid_auc=0.690089 valid_rmse=0.483725 q_change=45 q_delta=0.376047 q_grad=0.002982
epoch=69 loss_total=0.679015 loss_rec=0.491797 valid_auc=0.689576 valid_rmse=0.487575 q_change=45 q_delta=0.376201 q_grad=0.003060
epoch=70 loss_total=0.676799 loss_rec=0.489623 valid_auc=0.687533 valid_rmse=0.482815 q_change=45 q_delta=0.376718 q_grad=0.003107
epoch=71 loss_total=0.677577 loss_rec=0.490518 valid_auc=0.691998 valid_rmse=0.481259 q_change=45 q_delta=0.376867 q_grad=0.003075
epoch=72 loss_total=0.678148 loss_rec=0.491117 valid_auc=0.689152 valid_rmse=0.482146 q_change=45 q_delta=0.376882 q_grad=0.003078
epoch=73 loss_total=0.672387 loss_rec=0.485396 valid_auc=0.687042 valid_rmse=0.484817 q_change=45 q_delta=0.377233 q_grad=0.003133
epoch=74 loss_total=0.677781 loss_rec=0.490877 valid_auc=0.688404 valid_rmse=0.483480 q_change=45 q_delta=0.377414 q_grad=0.003123
epoch=75 loss_total=0.675756 loss_rec=0.488861 valid_auc=0.686641 valid_rmse=0.489580 q_change=44 q_delta=0.377319 q_grad=0.003153
Early stopping at epoch 75; best_epoch=55.
Saved run to C:\Users\YAN_SHU_YU\Desktop\Generative-CD\Q_GNCDM\results\weak_q_lambda_sweep\lq_0p7_ls_0p7_lb_0p05\seed_2026\noise_0.20\weak-q_lq_0p7_ls_0p7_lb_0p05
Final metrics: q_hat_f1=0.323529 response_auc=0.684145 mastery_pearson=0.494079
