run=weak-q_lq_0p7_ls_0p3_lb_0p9 mode=weak-q noise=0.20 train=4200 valid=600 test=1200
epoch=1 loss_total=1.076530 loss_rec=0.725655 valid_auc=0.588214 valid_rmse=0.499745 q_change=57 q_delta=0.078696 q_grad=0.000358
epoch=2 loss_total=1.028395 loss_rec=0.705895 valid_auc=0.597132 valid_rmse=0.499260 q_change=57 q_delta=0.149815 q_grad=0.000349
epoch=3 loss_total=0.995956 loss_rec=0.699907 valid_auc=0.614263 valid_rmse=0.498395 q_change=57 q_delta=0.210130 q_grad=0.000336
epoch=4 loss_total=0.966371 loss_rec=0.693562 valid_auc=0.639135 valid_rmse=0.497591 q_change=57 q_delta=0.258886 q_grad=0.000313
epoch=5 loss_total=0.947096 loss_rec=0.693097 valid_auc=0.659900 valid_rmse=0.495488 q_change=57 q_delta=0.295567 q_grad=0.000298
epoch=6 loss_total=0.926878 loss_rec=0.687276 valid_auc=0.669442 valid_rmse=0.493596 q_change=57 q_delta=0.321479 q_grad=0.000298
epoch=7 loss_total=0.905395 loss_rec=0.676119 valid_auc=0.665938 valid_rmse=0.489110 q_change=57 q_delta=0.338609 q_grad=0.000337
epoch=8 loss_total=0.886614 loss_rec=0.663995 valid_auc=0.662076 valid_rmse=0.483427 q_change=57 q_delta=0.348853 q_grad=0.000464
epoch=9 loss_total=0.871214 loss_rec=0.653182 valid_auc=0.667801 valid_rmse=0.478678 q_change=57 q_delta=0.357263 q_grad=0.000626
epoch=10 loss_total=0.868471 loss_rec=0.654418 valid_auc=0.668359 valid_rmse=0.479001 q_change=57 q_delta=0.363921 q_grad=0.000717
epoch=11 loss_total=0.862326 loss_rec=0.651202 valid_auc=0.668627 valid_rmse=0.478076 q_change=57 q_delta=0.369470 q_grad=0.000831
epoch=12 loss_total=0.851098 loss_rec=0.642514 valid_auc=0.671049 valid_rmse=0.478846 q_change=57 q_delta=0.373618 q_grad=0.000904
epoch=13 loss_total=0.846341 loss_rec=0.639835 valid_auc=0.672187 valid_rmse=0.476308 q_change=57 q_delta=0.377395 q_grad=0.000939
epoch=14 loss_total=0.843658 loss_rec=0.638739 valid_auc=0.672500 valid_rmse=0.477561 q_change=57 q_delta=0.379702 q_grad=0.001059
epoch=15 loss_total=0.840114 loss_rec=0.636465 valid_auc=0.673493 valid_rmse=0.475837 q_change=57 q_delta=0.382199 q_grad=0.001139
epoch=16 loss_total=0.839654 loss_rec=0.637105 valid_auc=0.677600 valid_rmse=0.475315 q_change=56 q_delta=0.383610 q_grad=0.001281
epoch=17 loss_total=0.836641 loss_rec=0.634960 valid_auc=0.678761 valid_rmse=0.475220 q_change=57 q_delta=0.384729 q_grad=0.001275
epoch=18 loss_total=0.828952 loss_rec=0.627872 valid_auc=0.681775 valid_rmse=0.474413 q_change=57 q_delta=0.385449 q_grad=0.001349
epoch=19 loss_total=0.826433 loss_rec=0.626010 valid_auc=0.683203 valid_rmse=0.474242 q_change=55 q_delta=0.386414 q_grad=0.001473
epoch=20 loss_total=0.823378 loss_rec=0.623453 valid_auc=0.686049 valid_rmse=0.472474 q_change=55 q_delta=0.387874 q_grad=0.001595
epoch=21 loss_total=0.818659 loss_rec=0.619205 valid_auc=0.686250 valid_rmse=0.473567 q_change=55 q_delta=0.388594 q_grad=0.001569
epoch=22 loss_total=0.815643 loss_rec=0.616528 valid_auc=0.687768 valid_rmse=0.472255 q_change=55 q_delta=0.389171 q_grad=0.001731
epoch=23 loss_total=0.811819 loss_rec=0.613050 valid_auc=0.686596 valid_rmse=0.472347 q_change=55 q_delta=0.389834 q_grad=0.001745
epoch=24 loss_total=0.805535 loss_rec=0.607056 valid_auc=0.687210 valid_rmse=0.472757 q_change=54 q_delta=0.390022 q_grad=0.001820
epoch=25 loss_total=0.806488 loss_rec=0.608318 valid_auc=0.687288 valid_rmse=0.472885 q_change=53 q_delta=0.389987 q_grad=0.002000
epoch=26 loss_total=0.803188 loss_rec=0.605215 valid_auc=0.689688 valid_rmse=0.473331 q_change=52 q_delta=0.389944 q_grad=0.001995
epoch=27 loss_total=0.799275 loss_rec=0.601517 valid_auc=0.689978 valid_rmse=0.474617 q_change=52 q_delta=0.390104 q_grad=0.002002
epoch=28 loss_total=0.800168 loss_rec=0.602681 valid_auc=0.688996 valid_rmse=0.473799 q_change=52 q_delta=0.390808 q_grad=0.002108
epoch=29 loss_total=0.794077 loss_rec=0.596891 valid_auc=0.691027 valid_rmse=0.473407 q_change=52 q_delta=0.391389 q_grad=0.002158
epoch=30 loss_total=0.793664 loss_rec=0.596716 valid_auc=0.691908 valid_rmse=0.474151 q_change=52 q_delta=0.391871 q_grad=0.002139
epoch=31 loss_total=0.789657 loss_rec=0.592934 valid_auc=0.691931 valid_rmse=0.473510 q_change=51 q_delta=0.392306 q_grad=0.002149
epoch=32 loss_total=0.789719 loss_rec=0.593307 valid_auc=0.693929 valid_rmse=0.473643 q_change=51 q_delta=0.392809 q_grad=0.002226
epoch=33 loss_total=0.786332 loss_rec=0.590137 valid_auc=0.692210 valid_rmse=0.472515 q_change=51 q_delta=0.393730 q_grad=0.002200
epoch=34 loss_total=0.785764 loss_rec=0.589807 valid_auc=0.688080 valid_rmse=0.473449 q_change=50 q_delta=0.394180 q_grad=0.002228
epoch=35 loss_total=0.785579 loss_rec=0.589839 valid_auc=0.693482 valid_rmse=0.472064 q_change=50 q_delta=0.394824 q_grad=0.002197
epoch=36 loss_total=0.780620 loss_rec=0.585074 valid_auc=0.695379 valid_rmse=0.472556 q_change=50 q_delta=0.395217 q_grad=0.002257
epoch=37 loss_total=0.774776 loss_rec=0.579395 valid_auc=0.694040 valid_rmse=0.473842 q_change=50 q_delta=0.395746 q_grad=0.002289
epoch=38 loss_total=0.771701 loss_rec=0.576519 valid_auc=0.694018 valid_rmse=0.475339 q_change=50 q_delta=0.396316 q_grad=0.002392
epoch=39 loss_total=0.772953 loss_rec=0.577919 valid_auc=0.694821 valid_rmse=0.472472 q_change=50 q_delta=0.396956 q_grad=0.002335
epoch=40 loss_total=0.767222 loss_rec=0.572400 valid_auc=0.694375 valid_rmse=0.473501 q_change=49 q_delta=0.397487 q_grad=0.002386
epoch=41 loss_total=0.762165 loss_rec=0.567473 valid_auc=0.695859 valid_rmse=0.474378 q_change=49 q_delta=0.397807 q_grad=0.002414
epoch=42 loss_total=0.763218 loss_rec=0.568664 valid_auc=0.694397 valid_rmse=0.474013 q_change=49 q_delta=0.398287 q_grad=0.002526
epoch=43 loss_total=0.757829 loss_rec=0.563315 valid_auc=0.695926 valid_rmse=0.474049 q_change=49 q_delta=0.398572 q_grad=0.002507
epoch=44 loss_total=0.754542 loss_rec=0.560145 valid_auc=0.697556 valid_rmse=0.474048 q_change=49 q_delta=0.398792 q_grad=0.002610
epoch=45 loss_total=0.749522 loss_rec=0.555234 valid_auc=0.697433 valid_rmse=0.477083 q_change=49 q_delta=0.398997 q_grad=0.002648
epoch=46 loss_total=0.750284 loss_rec=0.556044 valid_auc=0.701406 valid_rmse=0.472306 q_change=49 q_delta=0.399423 q_grad=0.002689
epoch=47 loss_total=0.743597 loss_rec=0.549499 valid_auc=0.699319 valid_rmse=0.474419 q_change=49 q_delta=0.399751 q_grad=0.002711
epoch=48 loss_total=0.743386 loss_rec=0.549403 valid_auc=0.699107 valid_rmse=0.473983 q_change=49 q_delta=0.400134 q_grad=0.002845
epoch=49 loss_total=0.736370 loss_rec=0.542465 valid_auc=0.701920 valid_rmse=0.472693 q_change=48 q_delta=0.400191 q_grad=0.002823
epoch=50 loss_total=0.733312 loss_rec=0.539444 valid_auc=0.700960 valid_rmse=0.474986 q_change=48 q_delta=0.400363 q_grad=0.002848
epoch=51 loss_total=0.731576 loss_rec=0.537854 valid_auc=0.701071 valid_rmse=0.476859 q_change=48 q_delta=0.400532 q_grad=0.002935
epoch=52 loss_total=0.730021 loss_rec=0.536409 valid_auc=0.701719 valid_rmse=0.475040 q_change=48 q_delta=0.400733 q_grad=0.002981
epoch=53 loss_total=0.731741 loss_rec=0.538182 valid_auc=0.702455 valid_rmse=0.474103 q_change=48 q_delta=0.400722 q_grad=0.003007
epoch=54 loss_total=0.722460 loss_rec=0.528998 valid_auc=0.696629 valid_rmse=0.477267 q_change=47 q_delta=0.400819 q_grad=0.003031
epoch=55 loss_total=0.719199 loss_rec=0.525868 valid_auc=0.703772 valid_rmse=0.474260 q_change=47 q_delta=0.401204 q_grad=0.002941
epoch=56 loss_total=0.717691 loss_rec=0.524424 valid_auc=0.698728 valid_rmse=0.477007 q_change=47 q_delta=0.401238 q_grad=0.003042
epoch=57 loss_total=0.715034 loss_rec=0.521873 valid_auc=0.698962 valid_rmse=0.479129 q_change=47 q_delta=0.401349 q_grad=0.003235
epoch=58 loss_total=0.708767 loss_rec=0.515669 valid_auc=0.699554 valid_rmse=0.480849 q_change=47 q_delta=0.401466 q_grad=0.003129
epoch=59 loss_total=0.707809 loss_rec=0.514823 valid_auc=0.700424 valid_rmse=0.478111 q_change=45 q_delta=0.401712 q_grad=0.003126
epoch=60 loss_total=0.707378 loss_rec=0.514480 valid_auc=0.697344 valid_rmse=0.479763 q_change=45 q_delta=0.401849 q_grad=0.003225
epoch=61 loss_total=0.703158 loss_rec=0.510333 valid_auc=0.696083 valid_rmse=0.480622 q_change=46 q_delta=0.402034 q_grad=0.003177
epoch=62 loss_total=0.697442 loss_rec=0.504707 valid_auc=0.698705 valid_rmse=0.479723 q_change=45 q_delta=0.402181 q_grad=0.003168
epoch=63 loss_total=0.698175 loss_rec=0.505514 valid_auc=0.696719 valid_rmse=0.480849 q_change=45 q_delta=0.402319 q_grad=0.003229
epoch=64 loss_total=0.701624 loss_rec=0.509009 valid_auc=0.698080 valid_rmse=0.485574 q_change=45 q_delta=0.402333 q_grad=0.003238
epoch=65 loss_total=0.694817 loss_rec=0.502269 valid_auc=0.696406 valid_rmse=0.481563 q_change=45 q_delta=0.402533 q_grad=0.003094
epoch=66 loss_total=0.693266 loss_rec=0.500807 valid_auc=0.694654 valid_rmse=0.483164 q_change=45 q_delta=0.402615 q_grad=0.003262
epoch=67 loss_total=0.696291 loss_rec=0.503897 valid_auc=0.694967 valid_rmse=0.482624 q_change=45 q_delta=0.402818 q_grad=0.003282
epoch=68 loss_total=0.686793 loss_rec=0.494476 valid_auc=0.695658 valid_rmse=0.484714 q_change=44 q_delta=0.402842 q_grad=0.003173
epoch=69 loss_total=0.684404 loss_rec=0.492134 valid_auc=0.695234 valid_rmse=0.488711 q_change=44 q_delta=0.402880 q_grad=0.003224
epoch=70 loss_total=0.681673 loss_rec=0.489495 valid_auc=0.694777 valid_rmse=0.483949 q_change=43 q_delta=0.402994 q_grad=0.003255
epoch=71 loss_total=0.683471 loss_rec=0.491381 valid_auc=0.695681 valid_rmse=0.483694 q_change=43 q_delta=0.403134 q_grad=0.003180
epoch=72 loss_total=0.681360 loss_rec=0.489302 valid_auc=0.693661 valid_rmse=0.484441 q_change=43 q_delta=0.403171 q_grad=0.003278
epoch=73 loss_total=0.675150 loss_rec=0.483187 valid_auc=0.692545 valid_rmse=0.485948 q_change=43 q_delta=0.403241 q_grad=0.003229
epoch=74 loss_total=0.680151 loss_rec=0.488265 valid_auc=0.691842 valid_rmse=0.486372 q_change=43 q_delta=0.403447 q_grad=0.003189
epoch=75 loss_total=0.678047 loss_rec=0.486222 valid_auc=0.688783 valid_rmse=0.492591 q_change=43 q_delta=0.403492 q_grad=0.003232
Early stopping at epoch 75; best_epoch=55.
Saved run to C:\Users\YAN_SHU_YU\Desktop\Generative-CD\Q_GNCDM\results\weak_q_lambda_sweep\lq_0p7_ls_0p3_lb_0p9\seed_2026\noise_0.20\weak-q_lq_0p7_ls_0p3_lb_0p9
Final metrics: q_hat_f1=0.303030 response_auc=0.680098 mastery_pearson=0.480465
