run=weak-q_lq_0p4_ls_0p4_lb_0p05 mode=weak-q noise=0.20 train=4200 valid=600 test=1200
epoch=1 loss_total=0.912645 loss_rec=0.725649 valid_auc=0.587969 valid_rmse=0.499742 q_change=57 q_delta=0.076632 q_grad=0.000372
epoch=2 loss_total=0.868113 loss_rec=0.705706 valid_auc=0.596518 valid_rmse=0.499193 q_change=57 q_delta=0.138765 q_grad=0.000293
epoch=3 loss_total=0.844764 loss_rec=0.699204 valid_auc=0.613800 valid_rmse=0.498094 q_change=57 q_delta=0.186608 q_grad=0.000246
epoch=4 loss_total=0.825707 loss_rec=0.691618 valid_auc=0.638237 valid_rmse=0.496591 q_change=57 q_delta=0.222722 q_grad=0.000225
epoch=5 loss_total=0.814979 loss_rec=0.688174 valid_auc=0.659319 valid_rmse=0.492622 q_change=57 q_delta=0.246935 q_grad=0.000250
epoch=6 loss_total=0.797085 loss_rec=0.674303 valid_auc=0.668917 valid_rmse=0.486091 q_change=57 q_delta=0.259717 q_grad=0.000345
epoch=7 loss_total=0.771418 loss_rec=0.650324 valid_auc=0.671205 valid_rmse=0.479204 q_change=57 q_delta=0.265620 q_grad=0.000536
epoch=8 loss_total=0.758243 loss_rec=0.637981 valid_auc=0.674163 valid_rmse=0.477119 q_change=57 q_delta=0.270104 q_grad=0.000797
epoch=9 loss_total=0.749180 loss_rec=0.629822 valid_auc=0.683092 valid_rmse=0.473132 q_change=57 q_delta=0.273795 q_grad=0.000970
epoch=10 loss_total=0.750332 loss_rec=0.631845 valid_auc=0.681652 valid_rmse=0.474594 q_change=57 q_delta=0.276494 q_grad=0.001058
epoch=11 loss_total=0.747010 loss_rec=0.628913 valid_auc=0.682042 valid_rmse=0.473175 q_change=57 q_delta=0.279365 q_grad=0.001196
epoch=12 loss_total=0.737560 loss_rec=0.619898 valid_auc=0.682154 valid_rmse=0.474695 q_change=56 q_delta=0.281319 q_grad=0.001265
epoch=13 loss_total=0.733681 loss_rec=0.616465 valid_auc=0.681808 valid_rmse=0.473498 q_change=56 q_delta=0.284428 q_grad=0.001273
epoch=14 loss_total=0.734104 loss_rec=0.617203 valid_auc=0.681105 valid_rmse=0.475518 q_change=55 q_delta=0.286372 q_grad=0.001359
epoch=15 loss_total=0.730398 loss_rec=0.613751 valid_auc=0.681708 valid_rmse=0.474168 q_change=54 q_delta=0.289197 q_grad=0.001397
epoch=16 loss_total=0.732038 loss_rec=0.615587 valid_auc=0.682857 valid_rmse=0.474609 q_change=53 q_delta=0.291731 q_grad=0.001493
epoch=17 loss_total=0.728153 loss_rec=0.611992 valid_auc=0.681473 valid_rmse=0.474477 q_change=52 q_delta=0.294293 q_grad=0.001419
epoch=18 loss_total=0.723016 loss_rec=0.607017 valid_auc=0.682489 valid_rmse=0.474522 q_change=52 q_delta=0.297049 q_grad=0.001447
epoch=19 loss_total=0.722175 loss_rec=0.606457 valid_auc=0.682154 valid_rmse=0.475287 q_change=52 q_delta=0.300060 q_grad=0.001538
epoch=20 loss_total=0.719841 loss_rec=0.604225 valid_auc=0.684141 valid_rmse=0.473830 q_change=52 q_delta=0.303143 q_grad=0.001606
epoch=21 loss_total=0.715366 loss_rec=0.599864 valid_auc=0.685167 valid_rmse=0.474844 q_change=52 q_delta=0.305454 q_grad=0.001531
epoch=22 loss_total=0.713085 loss_rec=0.597655 valid_auc=0.683270 valid_rmse=0.475085 q_change=51 q_delta=0.307929 q_grad=0.001655
epoch=23 loss_total=0.710933 loss_rec=0.595578 valid_auc=0.682277 valid_rmse=0.474886 q_change=50 q_delta=0.310614 q_grad=0.001617
epoch=24 loss_total=0.706052 loss_rec=0.590757 valid_auc=0.681462 valid_rmse=0.475702 q_change=50 q_delta=0.312856 q_grad=0.001655
epoch=25 loss_total=0.706137 loss_rec=0.590842 valid_auc=0.683170 valid_rmse=0.475731 q_change=49 q_delta=0.315319 q_grad=0.001758
epoch=26 loss_total=0.703331 loss_rec=0.588068 valid_auc=0.684732 valid_rmse=0.475827 q_change=49 q_delta=0.317694 q_grad=0.001744
epoch=27 loss_total=0.699432 loss_rec=0.584108 valid_auc=0.684632 valid_rmse=0.477223 q_change=49 q_delta=0.319935 q_grad=0.001740
epoch=28 loss_total=0.701903 loss_rec=0.586535 valid_auc=0.684565 valid_rmse=0.476267 q_change=49 q_delta=0.322434 q_grad=0.001838
epoch=29 loss_total=0.694608 loss_rec=0.579247 valid_auc=0.686708 valid_rmse=0.475539 q_change=49 q_delta=0.324508 q_grad=0.001840
epoch=30 loss_total=0.692595 loss_rec=0.577134 valid_auc=0.688638 valid_rmse=0.476650 q_change=48 q_delta=0.326244 q_grad=0.001867
epoch=31 loss_total=0.687843 loss_rec=0.572312 valid_auc=0.686652 valid_rmse=0.476733 q_change=48 q_delta=0.328303 q_grad=0.001884
epoch=32 loss_total=0.687642 loss_rec=0.572021 valid_auc=0.689576 valid_rmse=0.475800 q_change=48 q_delta=0.330451 q_grad=0.001939
epoch=33 loss_total=0.683090 loss_rec=0.567322 valid_auc=0.688170 valid_rmse=0.474719 q_change=47 q_delta=0.332407 q_grad=0.001967
epoch=34 loss_total=0.682348 loss_rec=0.566549 valid_auc=0.686975 valid_rmse=0.474932 q_change=47 q_delta=0.333931 q_grad=0.001955
epoch=35 loss_total=0.681343 loss_rec=0.565439 valid_auc=0.691049 valid_rmse=0.473600 q_change=46 q_delta=0.335481 q_grad=0.001974
epoch=36 loss_total=0.673389 loss_rec=0.557323 valid_auc=0.690134 valid_rmse=0.474316 q_change=46 q_delta=0.336644 q_grad=0.002049
epoch=37 loss_total=0.668614 loss_rec=0.552428 valid_auc=0.688013 valid_rmse=0.476928 q_change=44 q_delta=0.337986 q_grad=0.002056
epoch=38 loss_total=0.662989 loss_rec=0.546734 valid_auc=0.688638 valid_rmse=0.477756 q_change=43 q_delta=0.339543 q_grad=0.002173
epoch=39 loss_total=0.661073 loss_rec=0.544750 valid_auc=0.688181 valid_rmse=0.476132 q_change=43 q_delta=0.341398 q_grad=0.002139
epoch=40 loss_total=0.657230 loss_rec=0.540812 valid_auc=0.688415 valid_rmse=0.477265 q_change=41 q_delta=0.342533 q_grad=0.002214
epoch=41 loss_total=0.650314 loss_rec=0.533862 valid_auc=0.689241 valid_rmse=0.479434 q_change=41 q_delta=0.343982 q_grad=0.002216
epoch=42 loss_total=0.652599 loss_rec=0.536111 valid_auc=0.686551 valid_rmse=0.478311 q_change=42 q_delta=0.345607 q_grad=0.002371
epoch=43 loss_total=0.646075 loss_rec=0.529578 valid_auc=0.688147 valid_rmse=0.479334 q_change=42 q_delta=0.346615 q_grad=0.002331
epoch=44 loss_total=0.644214 loss_rec=0.527676 valid_auc=0.687042 valid_rmse=0.479085 q_change=42 q_delta=0.347804 q_grad=0.002368
epoch=45 loss_total=0.639109 loss_rec=0.522570 valid_auc=0.685815 valid_rmse=0.483457 q_change=41 q_delta=0.348574 q_grad=0.002381
epoch=46 loss_total=0.637589 loss_rec=0.520983 valid_auc=0.691618 valid_rmse=0.478215 q_change=41 q_delta=0.349987 q_grad=0.002403
epoch=47 loss_total=0.635943 loss_rec=0.519369 valid_auc=0.686975 valid_rmse=0.481719 q_change=41 q_delta=0.350782 q_grad=0.002391
epoch=48 loss_total=0.634387 loss_rec=0.517832 valid_auc=0.687243 valid_rmse=0.480469 q_change=41 q_delta=0.351914 q_grad=0.002450
epoch=49 loss_total=0.628945 loss_rec=0.512407 valid_auc=0.689542 valid_rmse=0.478939 q_change=41 q_delta=0.352457 q_grad=0.002418
epoch=50 loss_total=0.623662 loss_rec=0.507160 valid_auc=0.688047 valid_rmse=0.482838 q_change=41 q_delta=0.353440 q_grad=0.002425
epoch=51 loss_total=0.624638 loss_rec=0.508189 valid_auc=0.687857 valid_rmse=0.483090 q_change=41 q_delta=0.354145 q_grad=0.002496
epoch=52 loss_total=0.625430 loss_rec=0.508998 valid_auc=0.687980 valid_rmse=0.481158 q_change=40 q_delta=0.355242 q_grad=0.002506
epoch=53 loss_total=0.627025 loss_rec=0.510620 valid_auc=0.687388 valid_rmse=0.480930 q_change=39 q_delta=0.355824 q_grad=0.002522
epoch=54 loss_total=0.620105 loss_rec=0.503679 valid_auc=0.685592 valid_rmse=0.483067 q_change=39 q_delta=0.356723 q_grad=0.002535
epoch=55 loss_total=0.615886 loss_rec=0.499495 valid_auc=0.692478 valid_rmse=0.479250 q_change=40 q_delta=0.357663 q_grad=0.002487
epoch=56 loss_total=0.615593 loss_rec=0.499236 valid_auc=0.688292 valid_rmse=0.482097 q_change=40 q_delta=0.358198 q_grad=0.002503
epoch=57 loss_total=0.615676 loss_rec=0.499309 valid_auc=0.685770 valid_rmse=0.484749 q_change=40 q_delta=0.358839 q_grad=0.002627
epoch=58 loss_total=0.610528 loss_rec=0.494183 valid_auc=0.687165 valid_rmse=0.484525 q_change=40 q_delta=0.359531 q_grad=0.002564
epoch=59 loss_total=0.608083 loss_rec=0.491834 valid_auc=0.690692 valid_rmse=0.481186 q_change=40 q_delta=0.360370 q_grad=0.002530
epoch=60 loss_total=0.610510 loss_rec=0.494262 valid_auc=0.690480 valid_rmse=0.482578 q_change=39 q_delta=0.361089 q_grad=0.002577
epoch=61 loss_total=0.607898 loss_rec=0.491646 valid_auc=0.688438 valid_rmse=0.482302 q_change=39 q_delta=0.361781 q_grad=0.002614
epoch=62 loss_total=0.604481 loss_rec=0.488293 valid_auc=0.691551 valid_rmse=0.481637 q_change=39 q_delta=0.362539 q_grad=0.002535
epoch=63 loss_total=0.604001 loss_rec=0.487811 valid_auc=0.689219 valid_rmse=0.483472 q_change=38 q_delta=0.363106 q_grad=0.002654
epoch=64 loss_total=0.604384 loss_rec=0.488206 valid_auc=0.690100 valid_rmse=0.485031 q_change=38 q_delta=0.363451 q_grad=0.002635
epoch=65 loss_total=0.602551 loss_rec=0.486383 valid_auc=0.689219 valid_rmse=0.483436 q_change=38 q_delta=0.364302 q_grad=0.002510
epoch=66 loss_total=0.602087 loss_rec=0.485930 valid_auc=0.687868 valid_rmse=0.484630 q_change=38 q_delta=0.364826 q_grad=0.002687
epoch=67 loss_total=0.602280 loss_rec=0.486138 valid_auc=0.687243 valid_rmse=0.485379 q_change=38 q_delta=0.365598 q_grad=0.002687
epoch=68 loss_total=0.594986 loss_rec=0.478863 valid_auc=0.689554 valid_rmse=0.486310 q_change=38 q_delta=0.366292 q_grad=0.002652
epoch=69 loss_total=0.592945 loss_rec=0.476819 valid_auc=0.689118 valid_rmse=0.491292 q_change=38 q_delta=0.367021 q_grad=0.002692
epoch=70 loss_total=0.589415 loss_rec=0.473285 valid_auc=0.687757 valid_rmse=0.485887 q_change=38 q_delta=0.367874 q_grad=0.002754
epoch=71 loss_total=0.590399 loss_rec=0.474319 valid_auc=0.690982 valid_rmse=0.484319 q_change=38 q_delta=0.368651 q_grad=0.002711
epoch=72 loss_total=0.590984 loss_rec=0.474877 valid_auc=0.689498 valid_rmse=0.485152 q_change=39 q_delta=0.369175 q_grad=0.002725
epoch=73 loss_total=0.584496 loss_rec=0.468385 valid_auc=0.686551 valid_rmse=0.488591 q_change=37 q_delta=0.369928 q_grad=0.002725
epoch=74 loss_total=0.589989 loss_rec=0.473901 valid_auc=0.688783 valid_rmse=0.486385 q_change=38 q_delta=0.370639 q_grad=0.002744
epoch=75 loss_total=0.587034 loss_rec=0.470939 valid_auc=0.686484 valid_rmse=0.492578 q_change=39 q_delta=0.370986 q_grad=0.002749
Early stopping at epoch 75; best_epoch=55.
Saved run to C:\Users\YAN_SHU_YU\Desktop\Generative-CD\Q_GNCDM\results\weak_q_lambda_sweep\lq_0p4_ls_0p4_lb_0p05\seed_2026\noise_0.20\weak-q_lq_0p4_ls_0p4_lb_0p05
Final metrics: q_hat_f1=0.438356 response_auc=0.685007 mastery_pearson=0.499760
