run=weak-q_lq_0p4_ls_0p4_lb_0p5 mode=weak-q noise=0.20 train=4200 valid=600 test=1200
epoch=1 loss_total=1.021963 loss_rec=0.725660 valid_auc=0.587857 valid_rmse=0.499750 q_change=57 q_delta=0.078871 q_grad=0.000430
epoch=2 loss_total=0.969138 loss_rec=0.705920 valid_auc=0.595458 valid_rmse=0.499292 q_change=57 q_delta=0.149281 q_grad=0.000402
epoch=3 loss_total=0.933800 loss_rec=0.699979 valid_auc=0.610525 valid_rmse=0.498479 q_change=57 q_delta=0.208550 q_grad=0.000372
epoch=4 loss_total=0.902607 loss_rec=0.693726 valid_auc=0.632321 valid_rmse=0.497755 q_change=57 q_delta=0.256461 q_grad=0.000336
epoch=5 loss_total=0.882494 loss_rec=0.693450 valid_auc=0.653811 valid_rmse=0.495800 q_change=57 q_delta=0.293042 q_grad=0.000311
epoch=6 loss_total=0.862001 loss_rec=0.688116 valid_auc=0.665234 valid_rmse=0.494287 q_change=57 q_delta=0.319658 q_grad=0.000300
epoch=7 loss_total=0.841101 loss_rec=0.678217 valid_auc=0.663772 valid_rmse=0.490569 q_change=57 q_delta=0.337972 q_grad=0.000325
epoch=8 loss_total=0.822637 loss_rec=0.666932 valid_auc=0.659788 valid_rmse=0.484924 q_change=57 q_delta=0.349144 q_grad=0.000433
epoch=9 loss_total=0.806147 loss_rec=0.655243 valid_auc=0.665257 valid_rmse=0.479438 q_change=57 q_delta=0.357973 q_grad=0.000595
epoch=10 loss_total=0.802400 loss_rec=0.655682 valid_auc=0.666429 valid_rmse=0.479528 q_change=57 q_delta=0.365195 q_grad=0.000696
epoch=11 loss_total=0.796106 loss_rec=0.652523 valid_auc=0.668103 valid_rmse=0.478482 q_change=57 q_delta=0.371280 q_grad=0.000810
epoch=12 loss_total=0.784773 loss_rec=0.643962 valid_auc=0.670134 valid_rmse=0.479340 q_change=57 q_delta=0.375950 q_grad=0.000885
epoch=13 loss_total=0.780094 loss_rec=0.641553 valid_auc=0.671596 valid_rmse=0.476591 q_change=57 q_delta=0.380160 q_grad=0.000919
epoch=14 loss_total=0.777532 loss_rec=0.640716 valid_auc=0.671529 valid_rmse=0.477965 q_change=57 q_delta=0.382937 q_grad=0.001034
epoch=15 loss_total=0.774160 loss_rec=0.638778 valid_auc=0.672578 valid_rmse=0.476183 q_change=57 q_delta=0.385883 q_grad=0.001113
epoch=16 loss_total=0.773848 loss_rec=0.639666 valid_auc=0.675692 valid_rmse=0.475861 q_change=57 q_delta=0.387805 q_grad=0.001244
epoch=17 loss_total=0.771195 loss_rec=0.638051 valid_auc=0.677154 valid_rmse=0.476031 q_change=57 q_delta=0.389529 q_grad=0.001232
epoch=18 loss_total=0.764391 loss_rec=0.632031 valid_auc=0.679174 valid_rmse=0.475348 q_change=57 q_delta=0.390990 q_grad=0.001298
epoch=19 loss_total=0.762434 loss_rec=0.630866 valid_auc=0.679442 valid_rmse=0.475359 q_change=57 q_delta=0.392281 q_grad=0.001411
epoch=20 loss_total=0.760575 loss_rec=0.629560 valid_auc=0.682690 valid_rmse=0.473641 q_change=57 q_delta=0.393328 q_grad=0.001530
epoch=21 loss_total=0.756507 loss_rec=0.625973 valid_auc=0.682422 valid_rmse=0.474813 q_change=57 q_delta=0.393723 q_grad=0.001492
epoch=22 loss_total=0.754366 loss_rec=0.624121 valid_auc=0.684654 valid_rmse=0.473381 q_change=56 q_delta=0.394348 q_grad=0.001646
epoch=23 loss_total=0.750940 loss_rec=0.620985 valid_auc=0.683326 valid_rmse=0.473334 q_change=56 q_delta=0.395771 q_grad=0.001663
epoch=24 loss_total=0.745482 loss_rec=0.615840 valid_auc=0.682757 valid_rmse=0.473792 q_change=56 q_delta=0.396754 q_grad=0.001718
epoch=25 loss_total=0.747482 loss_rec=0.618166 valid_auc=0.682801 valid_rmse=0.473969 q_change=56 q_delta=0.397434 q_grad=0.001887
epoch=26 loss_total=0.744599 loss_rec=0.615505 valid_auc=0.685312 valid_rmse=0.474528 q_change=56 q_delta=0.398003 q_grad=0.001877
epoch=27 loss_total=0.741356 loss_rec=0.612421 valid_auc=0.687020 valid_rmse=0.474853 q_change=56 q_delta=0.398268 q_grad=0.001881
epoch=28 loss_total=0.743163 loss_rec=0.614490 valid_auc=0.684676 valid_rmse=0.474287 q_change=56 q_delta=0.398993 q_grad=0.001978
epoch=29 loss_total=0.737947 loss_rec=0.609532 valid_auc=0.687969 valid_rmse=0.473483 q_change=56 q_delta=0.399338 q_grad=0.002028
epoch=30 loss_total=0.737946 loss_rec=0.609678 valid_auc=0.689051 valid_rmse=0.473827 q_change=56 q_delta=0.399455 q_grad=0.001995
epoch=31 loss_total=0.734304 loss_rec=0.606173 valid_auc=0.689135 valid_rmse=0.473560 q_change=55 q_delta=0.399724 q_grad=0.002028
epoch=32 loss_total=0.735501 loss_rec=0.607572 valid_auc=0.690915 valid_rmse=0.473616 q_change=55 q_delta=0.399893 q_grad=0.002079
epoch=33 loss_total=0.733464 loss_rec=0.605689 valid_auc=0.688359 valid_rmse=0.472390 q_change=54 q_delta=0.400563 q_grad=0.002049
epoch=34 loss_total=0.732833 loss_rec=0.605240 valid_auc=0.686607 valid_rmse=0.472597 q_change=54 q_delta=0.400990 q_grad=0.002053
epoch=35 loss_total=0.732709 loss_rec=0.605305 valid_auc=0.690257 valid_rmse=0.471587 q_change=54 q_delta=0.401722 q_grad=0.002019
epoch=36 loss_total=0.728673 loss_rec=0.601369 valid_auc=0.692545 valid_rmse=0.472191 q_change=54 q_delta=0.402086 q_grad=0.002067
epoch=37 loss_total=0.723110 loss_rec=0.595918 valid_auc=0.692243 valid_rmse=0.472520 q_change=53 q_delta=0.402654 q_grad=0.002068
epoch=38 loss_total=0.722114 loss_rec=0.595101 valid_auc=0.692433 valid_rmse=0.474042 q_change=53 q_delta=0.403263 q_grad=0.002169
epoch=39 loss_total=0.724476 loss_rec=0.597635 valid_auc=0.693348 valid_rmse=0.471036 q_change=53 q_delta=0.404263 q_grad=0.002098
epoch=40 loss_total=0.719591 loss_rec=0.592947 valid_auc=0.693281 valid_rmse=0.471741 q_change=53 q_delta=0.404965 q_grad=0.002139
epoch=41 loss_total=0.715941 loss_rec=0.589493 valid_auc=0.694386 valid_rmse=0.471752 q_change=53 q_delta=0.405696 q_grad=0.002124
epoch=42 loss_total=0.718570 loss_rec=0.592274 valid_auc=0.692321 valid_rmse=0.471972 q_change=53 q_delta=0.406476 q_grad=0.002231
epoch=43 loss_total=0.714196 loss_rec=0.588006 valid_auc=0.692031 valid_rmse=0.472452 q_change=53 q_delta=0.406979 q_grad=0.002196
epoch=44 loss_total=0.714563 loss_rec=0.588575 valid_auc=0.693114 valid_rmse=0.472627 q_change=53 q_delta=0.407539 q_grad=0.002256
epoch=45 loss_total=0.710871 loss_rec=0.585065 valid_auc=0.694040 valid_rmse=0.475037 q_change=53 q_delta=0.407923 q_grad=0.002285
epoch=46 loss_total=0.711479 loss_rec=0.585789 valid_auc=0.695268 valid_rmse=0.471255 q_change=53 q_delta=0.408657 q_grad=0.002262
epoch=47 loss_total=0.708777 loss_rec=0.583288 valid_auc=0.695246 valid_rmse=0.472693 q_change=53 q_delta=0.409022 q_grad=0.002288
epoch=48 loss_total=0.707237 loss_rec=0.581853 valid_auc=0.693672 valid_rmse=0.472481 q_change=53 q_delta=0.409465 q_grad=0.002371
epoch=49 loss_total=0.704006 loss_rec=0.578734 valid_auc=0.695223 valid_rmse=0.472052 q_change=53 q_delta=0.409750 q_grad=0.002416
epoch=50 loss_total=0.700591 loss_rec=0.575420 valid_auc=0.693080 valid_rmse=0.473445 q_change=53 q_delta=0.410083 q_grad=0.002355
epoch=51 loss_total=0.700724 loss_rec=0.575694 valid_auc=0.694386 valid_rmse=0.475238 q_change=53 q_delta=0.410235 q_grad=0.002492
epoch=52 loss_total=0.701604 loss_rec=0.576691 valid_auc=0.693973 valid_rmse=0.472915 q_change=53 q_delta=0.410632 q_grad=0.002508
epoch=53 loss_total=0.702357 loss_rec=0.577498 valid_auc=0.694888 valid_rmse=0.472599 q_change=53 q_delta=0.410741 q_grad=0.002536
epoch=54 loss_total=0.693628 loss_rec=0.568842 valid_auc=0.691205 valid_rmse=0.475019 q_change=53 q_delta=0.410783 q_grad=0.002551
epoch=55 loss_total=0.690947 loss_rec=0.566228 valid_auc=0.697377 valid_rmse=0.472305 q_change=53 q_delta=0.411001 q_grad=0.002574
epoch=56 loss_total=0.691750 loss_rec=0.567070 valid_auc=0.693850 valid_rmse=0.473493 q_change=53 q_delta=0.411050 q_grad=0.002631
epoch=57 loss_total=0.689189 loss_rec=0.564552 valid_auc=0.693549 valid_rmse=0.476011 q_change=53 q_delta=0.410986 q_grad=0.002765
epoch=58 loss_total=0.683522 loss_rec=0.558884 valid_auc=0.692712 valid_rmse=0.478001 q_change=52 q_delta=0.410961 q_grad=0.002740
epoch=59 loss_total=0.683832 loss_rec=0.559254 valid_auc=0.692835 valid_rmse=0.474295 q_change=52 q_delta=0.411087 q_grad=0.002730
epoch=60 loss_total=0.681864 loss_rec=0.557274 valid_auc=0.693627 valid_rmse=0.475397 q_change=52 q_delta=0.411230 q_grad=0.002808
epoch=61 loss_total=0.678835 loss_rec=0.554190 valid_auc=0.692924 valid_rmse=0.475341 q_change=52 q_delta=0.411450 q_grad=0.002907
epoch=62 loss_total=0.674536 loss_rec=0.549961 valid_auc=0.692355 valid_rmse=0.475134 q_change=52 q_delta=0.411782 q_grad=0.002862
epoch=63 loss_total=0.673455 loss_rec=0.548855 valid_auc=0.690011 valid_rmse=0.476073 q_change=52 q_delta=0.411871 q_grad=0.002950
epoch=64 loss_total=0.674667 loss_rec=0.550046 valid_auc=0.693862 valid_rmse=0.479224 q_change=52 q_delta=0.411826 q_grad=0.003018
epoch=65 loss_total=0.668000 loss_rec=0.543374 valid_auc=0.692478 valid_rmse=0.475614 q_change=52 q_delta=0.412078 q_grad=0.002883
epoch=66 loss_total=0.667953 loss_rec=0.543300 valid_auc=0.691451 valid_rmse=0.477029 q_change=52 q_delta=0.411974 q_grad=0.003096
epoch=67 loss_total=0.668056 loss_rec=0.543387 valid_auc=0.690525 valid_rmse=0.477824 q_change=52 q_delta=0.411984 q_grad=0.003128
epoch=68 loss_total=0.660257 loss_rec=0.535555 valid_auc=0.691261 valid_rmse=0.480750 q_change=52 q_delta=0.411820 q_grad=0.003083
epoch=69 loss_total=0.657000 loss_rec=0.532247 valid_auc=0.693348 valid_rmse=0.484216 q_change=52 q_delta=0.411643 q_grad=0.003225
epoch=70 loss_total=0.653552 loss_rec=0.528758 valid_auc=0.688862 valid_rmse=0.478220 q_change=51 q_delta=0.411749 q_grad=0.003274
epoch=71 loss_total=0.652879 loss_rec=0.528122 valid_auc=0.691529 valid_rmse=0.477728 q_change=51 q_delta=0.411924 q_grad=0.003248
epoch=72 loss_total=0.649693 loss_rec=0.524866 valid_auc=0.691529 valid_rmse=0.477905 q_change=51 q_delta=0.412232 q_grad=0.003306
epoch=73 loss_total=0.643109 loss_rec=0.518286 valid_auc=0.687344 valid_rmse=0.480359 q_change=51 q_delta=0.412466 q_grad=0.003355
epoch=74 loss_total=0.647330 loss_rec=0.522499 valid_auc=0.688270 valid_rmse=0.480388 q_change=51 q_delta=0.412710 q_grad=0.003312
epoch=75 loss_total=0.644005 loss_rec=0.519161 valid_auc=0.686596 valid_rmse=0.487792 q_change=51 q_delta=0.412730 q_grad=0.003358
Early stopping at epoch 75; best_epoch=55.
Saved run to C:\Users\YAN_SHU_YU\Desktop\Generative-CD\Q_GNCDM\results\weak_q_lambda_sweep\lq_0p4_ls_0p4_lb_0p5\seed_2026\noise_0.20\weak-q_lq_0p4_ls_0p4_lb_0p5
Final metrics: q_hat_f1=0.133333 response_auc=0.685487 mastery_pearson=0.391752
