run=weak-q_lq_0p05_ls_0p7_lb_0p3 mode=weak-q noise=0.20 train=4200 valid=600 test=1200
epoch=1 loss_total=1.102638 loss_rec=0.725667 valid_auc=0.587578 valid_rmse=0.499759 q_change=57 q_delta=0.079843 q_grad=0.000736
epoch=2 loss_total=1.025068 loss_rec=0.706031 valid_auc=0.593527 valid_rmse=0.499364 q_change=57 q_delta=0.152695 q_grad=0.000707
epoch=3 loss_total=0.965962 loss_rec=0.700359 valid_auc=0.604710 valid_rmse=0.498710 q_change=57 q_delta=0.214855 q_grad=0.000658
epoch=4 loss_total=0.913939 loss_rec=0.694603 valid_auc=0.620960 valid_rmse=0.498281 q_change=57 q_delta=0.265270 q_grad=0.000591
epoch=5 loss_total=0.876858 loss_rec=0.695191 valid_auc=0.640424 valid_rmse=0.496875 q_change=57 q_delta=0.304420 q_grad=0.000516
epoch=6 loss_total=0.843757 loss_rec=0.691807 valid_auc=0.655943 valid_rmse=0.496646 q_change=57 q_delta=0.334179 q_grad=0.000448
epoch=7 loss_total=0.815686 loss_rec=0.686701 valid_auc=0.657556 valid_rmse=0.495871 q_change=57 q_delta=0.356684 q_grad=0.000394
epoch=8 loss_total=0.795163 loss_rec=0.683573 valid_auc=0.651512 valid_rmse=0.494171 q_change=57 q_delta=0.373224 q_grad=0.000359
epoch=9 loss_total=0.777084 loss_rec=0.678318 valid_auc=0.654263 valid_rmse=0.489188 q_change=57 q_delta=0.385422 q_grad=0.000374
epoch=10 loss_total=0.763776 loss_rec=0.674569 valid_auc=0.656540 valid_rmse=0.486539 q_change=57 q_delta=0.394074 q_grad=0.000418
epoch=11 loss_total=0.750324 loss_rec=0.667929 valid_auc=0.655603 valid_rmse=0.484003 q_change=57 q_delta=0.400983 q_grad=0.000510
epoch=12 loss_total=0.733953 loss_rec=0.657542 valid_auc=0.659219 valid_rmse=0.484451 q_change=57 q_delta=0.406897 q_grad=0.000589
epoch=13 loss_total=0.726580 loss_rec=0.655394 valid_auc=0.660759 valid_rmse=0.480758 q_change=57 q_delta=0.412059 q_grad=0.000608
epoch=14 loss_total=0.720903 loss_rec=0.653867 valid_auc=0.663538 valid_rmse=0.482088 q_change=57 q_delta=0.416087 q_grad=0.000675
epoch=15 loss_total=0.716538 loss_rec=0.653123 valid_auc=0.661083 valid_rmse=0.480519 q_change=57 q_delta=0.419868 q_grad=0.000707
epoch=16 loss_total=0.713769 loss_rec=0.653345 valid_auc=0.662221 valid_rmse=0.480591 q_change=57 q_delta=0.422835 q_grad=0.000772
epoch=17 loss_total=0.711393 loss_rec=0.653682 valid_auc=0.664542 valid_rmse=0.481164 q_change=57 q_delta=0.425459 q_grad=0.000746
epoch=18 loss_total=0.704354 loss_rec=0.648966 valid_auc=0.665658 valid_rmse=0.480653 q_change=57 q_delta=0.427850 q_grad=0.000763
epoch=19 loss_total=0.700759 loss_rec=0.647421 valid_auc=0.664888 valid_rmse=0.480477 q_change=57 q_delta=0.429891 q_grad=0.000807
epoch=20 loss_total=0.699541 loss_rec=0.647947 valid_auc=0.668571 valid_rmse=0.479102 q_change=57 q_delta=0.431819 q_grad=0.000875
epoch=21 loss_total=0.695477 loss_rec=0.645568 valid_auc=0.667277 valid_rmse=0.480001 q_change=57 q_delta=0.433300 q_grad=0.000830
epoch=22 loss_total=0.694809 loss_rec=0.646265 valid_auc=0.667132 valid_rmse=0.478981 q_change=57 q_delta=0.434755 q_grad=0.000895
epoch=23 loss_total=0.690816 loss_rec=0.643565 valid_auc=0.665837 valid_rmse=0.478839 q_change=57 q_delta=0.436142 q_grad=0.000900
epoch=24 loss_total=0.686527 loss_rec=0.640487 valid_auc=0.667266 valid_rmse=0.479315 q_change=57 q_delta=0.437277 q_grad=0.000931
epoch=25 loss_total=0.688713 loss_rec=0.643668 valid_auc=0.666217 valid_rmse=0.478760 q_change=57 q_delta=0.438277 q_grad=0.001007
epoch=26 loss_total=0.686229 loss_rec=0.642120 valid_auc=0.666194 valid_rmse=0.479196 q_change=57 q_delta=0.439209 q_grad=0.001017
epoch=27 loss_total=0.684303 loss_rec=0.640983 valid_auc=0.667567 valid_rmse=0.478600 q_change=57 q_delta=0.440036 q_grad=0.001020
epoch=28 loss_total=0.684723 loss_rec=0.642170 valid_auc=0.668839 valid_rmse=0.478047 q_change=57 q_delta=0.440833 q_grad=0.001063
epoch=29 loss_total=0.682121 loss_rec=0.640261 valid_auc=0.670223 valid_rmse=0.477910 q_change=57 q_delta=0.441532 q_grad=0.001113
epoch=30 loss_total=0.683089 loss_rec=0.641856 valid_auc=0.671004 valid_rmse=0.478368 q_change=57 q_delta=0.442097 q_grad=0.001113
epoch=31 loss_total=0.679399 loss_rec=0.638669 valid_auc=0.670748 valid_rmse=0.477438 q_change=57 q_delta=0.442728 q_grad=0.001141
epoch=32 loss_total=0.681134 loss_rec=0.640937 valid_auc=0.672121 valid_rmse=0.478083 q_change=57 q_delta=0.443175 q_grad=0.001191
epoch=33 loss_total=0.679947 loss_rec=0.640148 valid_auc=0.671105 valid_rmse=0.476922 q_change=57 q_delta=0.443821 q_grad=0.001188
epoch=34 loss_total=0.679074 loss_rec=0.639762 valid_auc=0.670737 valid_rmse=0.476652 q_change=57 q_delta=0.444184 q_grad=0.001216
epoch=35 loss_total=0.680665 loss_rec=0.641736 valid_auc=0.672232 valid_rmse=0.476249 q_change=57 q_delta=0.444573 q_grad=0.001216
epoch=36 loss_total=0.677223 loss_rec=0.638636 valid_auc=0.672935 valid_rmse=0.477432 q_change=57 q_delta=0.444848 q_grad=0.001263
epoch=37 loss_total=0.672977 loss_rec=0.634718 valid_auc=0.673973 valid_rmse=0.476550 q_change=57 q_delta=0.445195 q_grad=0.001296
epoch=38 loss_total=0.671800 loss_rec=0.633810 valid_auc=0.674922 valid_rmse=0.477576 q_change=57 q_delta=0.445465 q_grad=0.001392
epoch=39 loss_total=0.675187 loss_rec=0.637489 valid_auc=0.674654 valid_rmse=0.475932 q_change=57 q_delta=0.445877 q_grad=0.001375
epoch=40 loss_total=0.671794 loss_rec=0.634392 valid_auc=0.674554 valid_rmse=0.476218 q_change=57 q_delta=0.446101 q_grad=0.001425
epoch=41 loss_total=0.668119 loss_rec=0.630943 valid_auc=0.677243 valid_rmse=0.476256 q_change=57 q_delta=0.446294 q_grad=0.001442
epoch=42 loss_total=0.672586 loss_rec=0.635601 valid_auc=0.673772 valid_rmse=0.476651 q_change=57 q_delta=0.446534 q_grad=0.001501
epoch=43 loss_total=0.669318 loss_rec=0.632496 valid_auc=0.674676 valid_rmse=0.476293 q_change=57 q_delta=0.446677 q_grad=0.001476
epoch=44 loss_total=0.669760 loss_rec=0.633106 valid_auc=0.675357 valid_rmse=0.476521 q_change=57 q_delta=0.446869 q_grad=0.001545
epoch=45 loss_total=0.667597 loss_rec=0.631104 valid_auc=0.676975 valid_rmse=0.477630 q_change=57 q_delta=0.446955 q_grad=0.001594
epoch=46 loss_total=0.669439 loss_rec=0.633042 valid_auc=0.678571 valid_rmse=0.474979 q_change=57 q_delta=0.447151 q_grad=0.001588
epoch=47 loss_total=0.666919 loss_rec=0.630649 valid_auc=0.679364 valid_rmse=0.475454 q_change=57 q_delta=0.447197 q_grad=0.001621
epoch=48 loss_total=0.668313 loss_rec=0.632115 valid_auc=0.681272 valid_rmse=0.474458 q_change=57 q_delta=0.447317 q_grad=0.001651
epoch=49 loss_total=0.666129 loss_rec=0.629963 valid_auc=0.680636 valid_rmse=0.474621 q_change=57 q_delta=0.447376 q_grad=0.001696
epoch=50 loss_total=0.662753 loss_rec=0.626652 valid_auc=0.679542 valid_rmse=0.474935 q_change=57 q_delta=0.447409 q_grad=0.001649
epoch=51 loss_total=0.663762 loss_rec=0.627697 valid_auc=0.680324 valid_rmse=0.476731 q_change=57 q_delta=0.447354 q_grad=0.001793
epoch=52 loss_total=0.664812 loss_rec=0.628760 valid_auc=0.679699 valid_rmse=0.474833 q_change=57 q_delta=0.447424 q_grad=0.001815
epoch=53 loss_total=0.666542 loss_rec=0.630515 valid_auc=0.680960 valid_rmse=0.474492 q_change=57 q_delta=0.447437 q_grad=0.001801
epoch=54 loss_total=0.658662 loss_rec=0.622613 valid_auc=0.680647 valid_rmse=0.475486 q_change=57 q_delta=0.447327 q_grad=0.001797
epoch=55 loss_total=0.659523 loss_rec=0.623406 valid_auc=0.683884 valid_rmse=0.473840 q_change=57 q_delta=0.447290 q_grad=0.001837
epoch=56 loss_total=0.660849 loss_rec=0.624691 valid_auc=0.682679 valid_rmse=0.473881 q_change=57 q_delta=0.447228 q_grad=0.001908
epoch=57 loss_total=0.660173 loss_rec=0.623914 valid_auc=0.682734 valid_rmse=0.476193 q_change=57 q_delta=0.446994 q_grad=0.001949
epoch=58 loss_total=0.656311 loss_rec=0.619882 valid_auc=0.683895 valid_rmse=0.475369 q_change=57 q_delta=0.446844 q_grad=0.001926
epoch=59 loss_total=0.656869 loss_rec=0.620343 valid_auc=0.683705 valid_rmse=0.473649 q_change=57 q_delta=0.446676 q_grad=0.001952
epoch=60 loss_total=0.655981 loss_rec=0.619256 valid_auc=0.687020 valid_rmse=0.473440 q_change=57 q_delta=0.446310 q_grad=0.001976
epoch=61 loss_total=0.655466 loss_rec=0.618445 valid_auc=0.685937 valid_rmse=0.473999 q_change=57 q_delta=0.446000 q_grad=0.002004
epoch=62 loss_total=0.654514 loss_rec=0.617336 valid_auc=0.685502 valid_rmse=0.472896 q_change=56 q_delta=0.445884 q_grad=0.001956
epoch=63 loss_total=0.655152 loss_rec=0.617788 valid_auc=0.685658 valid_rmse=0.473423 q_change=56 q_delta=0.446125 q_grad=0.001940
epoch=64 loss_total=0.657242 loss_rec=0.619773 valid_auc=0.688237 valid_rmse=0.475073 q_change=56 q_delta=0.446370 q_grad=0.002023
epoch=65 loss_total=0.650779 loss_rec=0.613192 valid_auc=0.687734 valid_rmse=0.472194 q_change=56 q_delta=0.446679 q_grad=0.001908
epoch=66 loss_total=0.651894 loss_rec=0.614284 valid_auc=0.690179 valid_rmse=0.472523 q_change=56 q_delta=0.446833 q_grad=0.002017
epoch=67 loss_total=0.653683 loss_rec=0.616074 valid_auc=0.686205 valid_rmse=0.474013 q_change=56 q_delta=0.447057 q_grad=0.001979
epoch=68 loss_total=0.649885 loss_rec=0.612309 valid_auc=0.689431 valid_rmse=0.473439 q_change=56 q_delta=0.447194 q_grad=0.001994
epoch=69 loss_total=0.646541 loss_rec=0.608979 valid_auc=0.692333 valid_rmse=0.478213 q_change=56 q_delta=0.447228 q_grad=0.002044
epoch=70 loss_total=0.647418 loss_rec=0.609894 valid_auc=0.689163 valid_rmse=0.472164 q_change=56 q_delta=0.447491 q_grad=0.002034
epoch=71 loss_total=0.648957 loss_rec=0.611543 valid_auc=0.690312 valid_rmse=0.472065 q_change=56 q_delta=0.447646 q_grad=0.002022
epoch=72 loss_total=0.648017 loss_rec=0.610616 valid_auc=0.688761 valid_rmse=0.472839 q_change=56 q_delta=0.447705 q_grad=0.002051
epoch=73 loss_total=0.646084 loss_rec=0.608789 valid_auc=0.687143 valid_rmse=0.472857 q_change=56 q_delta=0.447930 q_grad=0.002085
epoch=74 loss_total=0.648959 loss_rec=0.611734 valid_auc=0.689208 valid_rmse=0.472816 q_change=56 q_delta=0.447980 q_grad=0.002042
epoch=75 loss_total=0.647694 loss_rec=0.610522 valid_auc=0.689297 valid_rmse=0.476964 q_change=56 q_delta=0.447981 q_grad=0.002020
epoch=76 loss_total=0.648119 loss_rec=0.610950 valid_auc=0.687188 valid_rmse=0.472584 q_change=56 q_delta=0.448148 q_grad=0.002008
epoch=77 loss_total=0.642283 loss_rec=0.605167 valid_auc=0.688371 valid_rmse=0.475469 q_change=56 q_delta=0.448131 q_grad=0.001993
epoch=78 loss_total=0.644269 loss_rec=0.607244 valid_auc=0.689118 valid_rmse=0.473303 q_change=56 q_delta=0.448271 q_grad=0.002134
epoch=79 loss_total=0.644363 loss_rec=0.607417 valid_auc=0.688281 valid_rmse=0.473004 q_change=56 q_delta=0.448439 q_grad=0.002208
epoch=80 loss_total=0.643786 loss_rec=0.606917 valid_auc=0.689699 valid_rmse=0.472219 q_change=55 q_delta=0.448510 q_grad=0.002104
epoch=81 loss_total=0.641185 loss_rec=0.604328 valid_auc=0.689933 valid_rmse=0.473042 q_change=55 q_delta=0.448481 q_grad=0.002171
epoch=82 loss_total=0.641554 loss_rec=0.604777 valid_auc=0.689799 valid_rmse=0.473075 q_change=55 q_delta=0.448613 q_grad=0.002178
epoch=83 loss_total=0.640405 loss_rec=0.603692 valid_auc=0.691049 valid_rmse=0.475628 q_change=55 q_delta=0.448594 q_grad=0.002150
epoch=84 loss_total=0.641181 loss_rec=0.604486 valid_auc=0.692243 valid_rmse=0.472761 q_change=55 q_delta=0.448683 q_grad=0.002195
epoch=85 loss_total=0.641840 loss_rec=0.605170 valid_auc=0.690569 valid_rmse=0.475966 q_change=55 q_delta=0.448685 q_grad=0.002234
epoch=86 loss_total=0.644102 loss_rec=0.607477 valid_auc=0.690848 valid_rmse=0.473623 q_change=55 q_delta=0.448802 q_grad=0.002217
epoch=87 loss_total=0.639639 loss_rec=0.602990 valid_auc=0.689955 valid_rmse=0.473114 q_change=55 q_delta=0.448877 q_grad=0.002172
epoch=88 loss_total=0.634597 loss_rec=0.597943 valid_auc=0.688103 valid_rmse=0.474038 q_change=55 q_delta=0.448945 q_grad=0.002225
epoch=89 loss_total=0.636165 loss_rec=0.599546 valid_auc=0.689208 valid_rmse=0.478052 q_change=55 q_delta=0.448978 q_grad=0.002244
Early stopping at epoch 89; best_epoch=69.
Saved run to C:\Users\YAN_SHU_YU\Desktop\Generative-CD\Q_GNCDM\results\weak_q_lambda_sweep\lq_0p05_ls_0p7_lb_0p3\seed_2026\noise_0.20\weak-q_lq_0p05_ls_0p7_lb_0p3
Final metrics: q_hat_f1=0.035088 response_auc=0.683433 mastery_pearson=0.275250
