run=weak-q_lq_0p1_ls_0p3_lb_0p05 mode=weak-q noise=0.20 train=4200 valid=600 test=1200
epoch=1 loss_total=0.868533 loss_rec=0.725647 valid_auc=0.588292 valid_rmse=0.499738 q_change=57 q_delta=0.077149 q_grad=0.000294
epoch=2 loss_total=0.827415 loss_rec=0.705734 valid_auc=0.597891 valid_rmse=0.499184 q_change=57 q_delta=0.142594 q_grad=0.000261
epoch=3 loss_total=0.803980 loss_rec=0.699315 valid_auc=0.617188 valid_rmse=0.498092 q_change=57 q_delta=0.195346 q_grad=0.000242
epoch=4 loss_total=0.783262 loss_rec=0.691973 valid_auc=0.643761 valid_rmse=0.496690 q_change=57 q_delta=0.236672 q_grad=0.000233
epoch=5 loss_total=0.770806 loss_rec=0.689197 valid_auc=0.663839 valid_rmse=0.493073 q_change=57 q_delta=0.265577 q_grad=0.000256
epoch=6 loss_total=0.752534 loss_rec=0.677224 valid_auc=0.669983 valid_rmse=0.487403 q_change=57 q_delta=0.282612 q_grad=0.000335
epoch=7 loss_total=0.727415 loss_rec=0.655624 valid_auc=0.668717 valid_rmse=0.480429 q_change=57 q_delta=0.292006 q_grad=0.000496
epoch=8 loss_total=0.713566 loss_rec=0.643817 valid_auc=0.671674 valid_rmse=0.478163 q_change=57 q_delta=0.299198 q_grad=0.000739
epoch=9 loss_total=0.704497 loss_rec=0.636513 valid_auc=0.678661 valid_rmse=0.474611 q_change=57 q_delta=0.305149 q_grad=0.000908
epoch=10 loss_total=0.705390 loss_rec=0.638940 valid_auc=0.678661 valid_rmse=0.475345 q_change=57 q_delta=0.309160 q_grad=0.000994
epoch=11 loss_total=0.701396 loss_rec=0.635834 valid_auc=0.679989 valid_rmse=0.474016 q_change=57 q_delta=0.312698 q_grad=0.001141
epoch=12 loss_total=0.691612 loss_rec=0.626831 valid_auc=0.681830 valid_rmse=0.474750 q_change=57 q_delta=0.314796 q_grad=0.001231
epoch=13 loss_total=0.687150 loss_rec=0.623004 valid_auc=0.681853 valid_rmse=0.473316 q_change=56 q_delta=0.317329 q_grad=0.001268
epoch=14 loss_total=0.686781 loss_rec=0.623081 valid_auc=0.681384 valid_rmse=0.474901 q_change=57 q_delta=0.318634 q_grad=0.001382
epoch=15 loss_total=0.682940 loss_rec=0.619624 valid_auc=0.681618 valid_rmse=0.473674 q_change=57 q_delta=0.321166 q_grad=0.001448
epoch=16 loss_total=0.683805 loss_rec=0.620838 valid_auc=0.683002 valid_rmse=0.473906 q_change=57 q_delta=0.322755 q_grad=0.001563
epoch=17 loss_total=0.680055 loss_rec=0.617464 valid_auc=0.681998 valid_rmse=0.473931 q_change=55 q_delta=0.324419 q_grad=0.001497
epoch=18 loss_total=0.673993 loss_rec=0.611719 valid_auc=0.683605 valid_rmse=0.474055 q_change=56 q_delta=0.326134 q_grad=0.001528
epoch=19 loss_total=0.673049 loss_rec=0.611235 valid_auc=0.683650 valid_rmse=0.474724 q_change=55 q_delta=0.328038 q_grad=0.001632
epoch=20 loss_total=0.670351 loss_rec=0.608818 valid_auc=0.685268 valid_rmse=0.473265 q_change=52 q_delta=0.330224 q_grad=0.001695
epoch=21 loss_total=0.666222 loss_rec=0.605041 valid_auc=0.686071 valid_rmse=0.474403 q_change=53 q_delta=0.332245 q_grad=0.001615
epoch=22 loss_total=0.663629 loss_rec=0.602745 valid_auc=0.685167 valid_rmse=0.474324 q_change=53 q_delta=0.334869 q_grad=0.001744
epoch=23 loss_total=0.661313 loss_rec=0.600778 valid_auc=0.683371 valid_rmse=0.474158 q_change=53 q_delta=0.337705 q_grad=0.001703
epoch=24 loss_total=0.656443 loss_rec=0.596223 valid_auc=0.682411 valid_rmse=0.475144 q_change=53 q_delta=0.339966 q_grad=0.001731
epoch=25 loss_total=0.656899 loss_rec=0.597004 valid_auc=0.682578 valid_rmse=0.475187 q_change=53 q_delta=0.342179 q_grad=0.001834
epoch=26 loss_total=0.654356 loss_rec=0.594769 valid_auc=0.684788 valid_rmse=0.475345 q_change=52 q_delta=0.344108 q_grad=0.001820
epoch=27 loss_total=0.650975 loss_rec=0.591652 valid_auc=0.684576 valid_rmse=0.476371 q_change=52 q_delta=0.345848 q_grad=0.001806
epoch=28 loss_total=0.653325 loss_rec=0.594258 valid_auc=0.684386 valid_rmse=0.475611 q_change=52 q_delta=0.347698 q_grad=0.001889
epoch=29 loss_total=0.646504 loss_rec=0.587706 valid_auc=0.686864 valid_rmse=0.474922 q_change=52 q_delta=0.349418 q_grad=0.001901
epoch=30 loss_total=0.645213 loss_rec=0.586608 valid_auc=0.688527 valid_rmse=0.475852 q_change=52 q_delta=0.350810 q_grad=0.001896
epoch=31 loss_total=0.640518 loss_rec=0.582111 valid_auc=0.687824 valid_rmse=0.475508 q_change=51 q_delta=0.352307 q_grad=0.001924
epoch=32 loss_total=0.640906 loss_rec=0.582679 valid_auc=0.689453 valid_rmse=0.475154 q_change=51 q_delta=0.353715 q_grad=0.001983
epoch=33 loss_total=0.637625 loss_rec=0.579516 valid_auc=0.688761 valid_rmse=0.473729 q_change=51 q_delta=0.355373 q_grad=0.001992
epoch=34 loss_total=0.636749 loss_rec=0.578838 valid_auc=0.686964 valid_rmse=0.474140 q_change=51 q_delta=0.356677 q_grad=0.001975
epoch=35 loss_total=0.635648 loss_rec=0.577835 valid_auc=0.690112 valid_rmse=0.473124 q_change=51 q_delta=0.358316 q_grad=0.001977
epoch=36 loss_total=0.628257 loss_rec=0.570509 valid_auc=0.690569 valid_rmse=0.474327 q_change=52 q_delta=0.359616 q_grad=0.002052
epoch=37 loss_total=0.623622 loss_rec=0.565988 valid_auc=0.689464 valid_rmse=0.475795 q_change=52 q_delta=0.360891 q_grad=0.002056
epoch=38 loss_total=0.619358 loss_rec=0.561815 valid_auc=0.688460 valid_rmse=0.476970 q_change=52 q_delta=0.362093 q_grad=0.002173
epoch=39 loss_total=0.617733 loss_rec=0.560303 valid_auc=0.687076 valid_rmse=0.475362 q_change=51 q_delta=0.363672 q_grad=0.002120
epoch=40 loss_total=0.613525 loss_rec=0.556198 valid_auc=0.686819 valid_rmse=0.476422 q_change=51 q_delta=0.364759 q_grad=0.002192
epoch=41 loss_total=0.607022 loss_rec=0.549806 valid_auc=0.687511 valid_rmse=0.477887 q_change=51 q_delta=0.366057 q_grad=0.002197
epoch=42 loss_total=0.608138 loss_rec=0.551034 valid_auc=0.683772 valid_rmse=0.477646 q_change=51 q_delta=0.367324 q_grad=0.002325
epoch=43 loss_total=0.600891 loss_rec=0.543883 valid_auc=0.685089 valid_rmse=0.479085 q_change=49 q_delta=0.368413 q_grad=0.002284
epoch=44 loss_total=0.598152 loss_rec=0.541237 valid_auc=0.683125 valid_rmse=0.479872 q_change=48 q_delta=0.369265 q_grad=0.002353
epoch=45 loss_total=0.591464 loss_rec=0.534658 valid_auc=0.683493 valid_rmse=0.484086 q_change=48 q_delta=0.369860 q_grad=0.002401
epoch=46 loss_total=0.590300 loss_rec=0.533553 valid_auc=0.686507 valid_rmse=0.479312 q_change=48 q_delta=0.371212 q_grad=0.002383
epoch=47 loss_total=0.587093 loss_rec=0.530472 valid_auc=0.681975 valid_rmse=0.482802 q_change=46 q_delta=0.372068 q_grad=0.002396
epoch=48 loss_total=0.583196 loss_rec=0.526675 valid_auc=0.682321 valid_rmse=0.481590 q_change=45 q_delta=0.372979 q_grad=0.002473
epoch=49 loss_total=0.577805 loss_rec=0.521358 valid_auc=0.685290 valid_rmse=0.480497 q_change=45 q_delta=0.373702 q_grad=0.002460
epoch=50 loss_total=0.571797 loss_rec=0.515433 valid_auc=0.682344 valid_rmse=0.484355 q_change=45 q_delta=0.374644 q_grad=0.002458
epoch=51 loss_total=0.570706 loss_rec=0.514465 valid_auc=0.683092 valid_rmse=0.485029 q_change=45 q_delta=0.375410 q_grad=0.002520
epoch=52 loss_total=0.571329 loss_rec=0.515169 valid_auc=0.682768 valid_rmse=0.482812 q_change=45 q_delta=0.376188 q_grad=0.002594
epoch=53 loss_total=0.570885 loss_rec=0.514792 valid_auc=0.681027 valid_rmse=0.483484 q_change=45 q_delta=0.376933 q_grad=0.002599
epoch=54 loss_total=0.563538 loss_rec=0.507530 valid_auc=0.678315 valid_rmse=0.486296 q_change=45 q_delta=0.377770 q_grad=0.002610
epoch=55 loss_total=0.558714 loss_rec=0.502792 valid_auc=0.684554 valid_rmse=0.482435 q_change=45 q_delta=0.378557 q_grad=0.002546
epoch=56 loss_total=0.558322 loss_rec=0.502492 valid_auc=0.678929 valid_rmse=0.485314 q_change=45 q_delta=0.379233 q_grad=0.002594
Early stopping at epoch 56; best_epoch=36.
Saved run to C:\Users\YAN_SHU_YU\Desktop\Generative-CD\Q_GNCDM\results\weak_q_lambda_sweep\lq_0p1_ls_0p3_lb_0p05\seed_2026\noise_0.20\weak-q_lq_0p1_ls_0p3_lb_0p05
Final metrics: q_hat_f1=0.215385 response_auc=0.692762 mastery_pearson=0.404827
