run=weak-q_lq_0p9_ls_0p6_lb_0p9 mode=weak-q noise=0.20 train=4200 valid=600 test=1200
epoch=1 loss_total=1.207163 loss_rec=0.725663 valid_auc=0.587628 valid_rmse=0.499756 q_change=57 q_delta=0.079092 q_grad=0.000646
epoch=2 loss_total=1.138962 loss_rec=0.705961 valid_auc=0.594185 valid_rmse=0.499330 q_change=57 q_delta=0.149442 q_grad=0.000587
epoch=3 loss_total=1.091509 loss_rec=0.700127 valid_auc=0.606551 valid_rmse=0.498596 q_change=57 q_delta=0.208491 q_grad=0.000524
epoch=4 loss_total=1.051188 loss_rec=0.694068 valid_auc=0.624531 valid_rmse=0.498003 q_change=57 q_delta=0.256224 q_grad=0.000459
epoch=5 loss_total=1.024339 loss_rec=0.694152 valid_auc=0.645346 valid_rmse=0.496294 q_change=57 q_delta=0.293274 q_grad=0.000401
epoch=6 loss_total=0.999175 loss_rec=0.689713 valid_auc=0.659330 valid_rmse=0.495412 q_change=57 q_delta=0.321264 q_grad=0.000358
epoch=7 loss_total=0.976080 loss_rec=0.682181 valid_auc=0.659643 valid_rmse=0.493200 q_change=57 q_delta=0.341918 q_grad=0.000342
epoch=8 loss_total=0.957274 loss_rec=0.674432 valid_auc=0.655703 valid_rmse=0.488903 q_change=57 q_delta=0.355852 q_grad=0.000381
epoch=9 loss_total=0.938717 loss_rec=0.663377 valid_auc=0.660714 valid_rmse=0.482132 q_change=57 q_delta=0.365883 q_grad=0.000498
epoch=10 loss_total=0.930222 loss_rec=0.660799 valid_auc=0.661373 valid_rmse=0.481368 q_change=57 q_delta=0.373831 q_grad=0.000601
epoch=11 loss_total=0.921835 loss_rec=0.656960 valid_auc=0.663136 valid_rmse=0.480185 q_change=57 q_delta=0.380690 q_grad=0.000710
epoch=12 loss_total=0.908840 loss_rec=0.648065 valid_auc=0.667020 valid_rmse=0.480872 q_change=57 q_delta=0.386203 q_grad=0.000780
epoch=13 loss_total=0.903404 loss_rec=0.646052 valid_auc=0.668482 valid_rmse=0.477802 q_change=57 q_delta=0.391010 q_grad=0.000805
epoch=14 loss_total=0.899805 loss_rec=0.645070 valid_auc=0.669330 valid_rmse=0.479131 q_change=57 q_delta=0.394459 q_grad=0.000904
epoch=15 loss_total=0.895928 loss_rec=0.643425 valid_auc=0.668973 valid_rmse=0.477386 q_change=57 q_delta=0.397868 q_grad=0.000969
epoch=16 loss_total=0.894792 loss_rec=0.644136 valid_auc=0.671562 valid_rmse=0.477102 q_change=57 q_delta=0.400325 q_grad=0.001082
epoch=17 loss_total=0.892029 loss_rec=0.643014 valid_auc=0.673237 valid_rmse=0.477353 q_change=57 q_delta=0.402477 q_grad=0.001068
epoch=18 loss_total=0.885072 loss_rec=0.637363 valid_auc=0.675446 valid_rmse=0.476337 q_change=57 q_delta=0.404407 q_grad=0.001123
epoch=19 loss_total=0.882368 loss_rec=0.635892 valid_auc=0.676551 valid_rmse=0.476285 q_change=57 q_delta=0.406035 q_grad=0.001221
epoch=20 loss_total=0.880707 loss_rec=0.635188 valid_auc=0.680246 valid_rmse=0.474624 q_change=57 q_delta=0.407514 q_grad=0.001334
epoch=21 loss_total=0.876577 loss_rec=0.631952 valid_auc=0.681239 valid_rmse=0.475675 q_change=57 q_delta=0.408401 q_grad=0.001300
epoch=22 loss_total=0.875006 loss_rec=0.631007 valid_auc=0.682779 valid_rmse=0.474128 q_change=57 q_delta=0.409156 q_grad=0.001437
epoch=23 loss_total=0.871302 loss_rec=0.627830 valid_auc=0.682243 valid_rmse=0.473731 q_change=57 q_delta=0.409953 q_grad=0.001465
epoch=24 loss_total=0.866085 loss_rec=0.623085 valid_auc=0.681886 valid_rmse=0.474015 q_change=57 q_delta=0.410349 q_grad=0.001527
epoch=25 loss_total=0.868181 loss_rec=0.625490 valid_auc=0.682879 valid_rmse=0.473632 q_change=57 q_delta=0.410412 q_grad=0.001689
epoch=26 loss_total=0.864796 loss_rec=0.622292 valid_auc=0.684855 valid_rmse=0.474285 q_change=56 q_delta=0.410671 q_grad=0.001694
epoch=27 loss_total=0.861111 loss_rec=0.618671 valid_auc=0.688337 valid_rmse=0.474289 q_change=56 q_delta=0.411249 q_grad=0.001710
epoch=28 loss_total=0.862253 loss_rec=0.619998 valid_auc=0.686250 valid_rmse=0.473510 q_change=56 q_delta=0.412109 q_grad=0.001807
epoch=29 loss_total=0.856966 loss_rec=0.614880 valid_auc=0.689699 valid_rmse=0.472787 q_change=56 q_delta=0.412517 q_grad=0.001875
epoch=30 loss_total=0.856721 loss_rec=0.614720 valid_auc=0.690558 valid_rmse=0.472798 q_change=56 q_delta=0.412669 q_grad=0.001852
epoch=31 loss_total=0.852533 loss_rec=0.610550 valid_auc=0.691708 valid_rmse=0.472804 q_change=56 q_delta=0.412856 q_grad=0.001897
epoch=32 loss_total=0.853682 loss_rec=0.611824 valid_auc=0.693158 valid_rmse=0.473226 q_change=55 q_delta=0.412891 q_grad=0.001962
epoch=33 loss_total=0.851515 loss_rec=0.609720 valid_auc=0.690022 valid_rmse=0.471483 q_change=55 q_delta=0.413414 q_grad=0.001934
epoch=34 loss_total=0.850246 loss_rec=0.608569 valid_auc=0.689308 valid_rmse=0.471660 q_change=54 q_delta=0.413891 q_grad=0.001949
epoch=35 loss_total=0.850021 loss_rec=0.608492 valid_auc=0.692868 valid_rmse=0.470774 q_change=54 q_delta=0.414424 q_grad=0.001924
epoch=36 loss_total=0.846022 loss_rec=0.604511 valid_auc=0.693661 valid_rmse=0.471470 q_change=54 q_delta=0.414707 q_grad=0.001975
epoch=37 loss_total=0.840255 loss_rec=0.598795 valid_auc=0.693917 valid_rmse=0.471798 q_change=54 q_delta=0.415223 q_grad=0.001972
epoch=38 loss_total=0.839213 loss_rec=0.597915 valid_auc=0.694364 valid_rmse=0.473522 q_change=54 q_delta=0.415660 q_grad=0.002074
epoch=39 loss_total=0.841605 loss_rec=0.600452 valid_auc=0.694855 valid_rmse=0.470434 q_change=54 q_delta=0.416369 q_grad=0.002005
epoch=40 loss_total=0.836624 loss_rec=0.595634 valid_auc=0.694967 valid_rmse=0.471033 q_change=54 q_delta=0.416776 q_grad=0.002041
epoch=41 loss_total=0.832550 loss_rec=0.591728 valid_auc=0.696417 valid_rmse=0.471276 q_change=54 q_delta=0.417087 q_grad=0.002033
epoch=42 loss_total=0.835822 loss_rec=0.595096 valid_auc=0.693973 valid_rmse=0.471285 q_change=54 q_delta=0.417464 q_grad=0.002133
epoch=43 loss_total=0.831446 loss_rec=0.590765 valid_auc=0.693482 valid_rmse=0.471670 q_change=53 q_delta=0.417617 q_grad=0.002093
epoch=44 loss_total=0.831707 loss_rec=0.591182 valid_auc=0.694074 valid_rmse=0.472095 q_change=53 q_delta=0.417870 q_grad=0.002151
epoch=45 loss_total=0.828082 loss_rec=0.587700 valid_auc=0.694688 valid_rmse=0.474841 q_change=53 q_delta=0.418022 q_grad=0.002188
epoch=46 loss_total=0.828399 loss_rec=0.588060 valid_auc=0.696462 valid_rmse=0.470372 q_change=53 q_delta=0.418546 q_grad=0.002164
epoch=47 loss_total=0.825278 loss_rec=0.585063 valid_auc=0.695960 valid_rmse=0.471953 q_change=53 q_delta=0.418716 q_grad=0.002186
epoch=48 loss_total=0.823550 loss_rec=0.583362 valid_auc=0.695056 valid_rmse=0.471572 q_change=53 q_delta=0.418910 q_grad=0.002267
epoch=49 loss_total=0.820192 loss_rec=0.580016 valid_auc=0.695859 valid_rmse=0.471399 q_change=53 q_delta=0.418949 q_grad=0.002309
epoch=50 loss_total=0.815676 loss_rec=0.575470 valid_auc=0.693605 valid_rmse=0.472897 q_change=52 q_delta=0.419024 q_grad=0.002239
epoch=51 loss_total=0.814827 loss_rec=0.574646 valid_auc=0.695089 valid_rmse=0.475399 q_change=52 q_delta=0.418915 q_grad=0.002382
epoch=52 loss_total=0.815163 loss_rec=0.575000 valid_auc=0.692790 valid_rmse=0.473149 q_change=51 q_delta=0.419460 q_grad=0.002395
epoch=53 loss_total=0.814753 loss_rec=0.574530 valid_auc=0.694051 valid_rmse=0.472741 q_change=51 q_delta=0.420137 q_grad=0.002426
epoch=54 loss_total=0.805490 loss_rec=0.565248 valid_auc=0.690067 valid_rmse=0.475395 q_change=51 q_delta=0.420776 q_grad=0.002423
epoch=55 loss_total=0.802486 loss_rec=0.562269 valid_auc=0.695826 valid_rmse=0.472680 q_change=51 q_delta=0.421464 q_grad=0.002448
epoch=56 loss_total=0.802509 loss_rec=0.562269 valid_auc=0.691752 valid_rmse=0.474227 q_change=51 q_delta=0.422048 q_grad=0.002534
epoch=57 loss_total=0.799031 loss_rec=0.558801 valid_auc=0.691172 valid_rmse=0.476718 q_change=51 q_delta=0.422533 q_grad=0.002652
epoch=58 loss_total=0.792551 loss_rec=0.552339 valid_auc=0.690000 valid_rmse=0.479595 q_change=51 q_delta=0.423067 q_grad=0.002629
epoch=59 loss_total=0.793128 loss_rec=0.553023 valid_auc=0.690826 valid_rmse=0.474900 q_change=51 q_delta=0.423613 q_grad=0.002640
epoch=60 loss_total=0.791140 loss_rec=0.551090 valid_auc=0.692176 valid_rmse=0.475831 q_change=51 q_delta=0.423895 q_grad=0.002669
epoch=61 loss_total=0.787685 loss_rec=0.547638 valid_auc=0.690603 valid_rmse=0.475590 q_change=51 q_delta=0.424258 q_grad=0.002799
epoch=62 loss_total=0.783447 loss_rec=0.543534 valid_auc=0.690792 valid_rmse=0.475647 q_change=51 q_delta=0.424561 q_grad=0.002767
epoch=63 loss_total=0.783127 loss_rec=0.543254 valid_auc=0.687667 valid_rmse=0.476150 q_change=51 q_delta=0.424826 q_grad=0.002858
epoch=64 loss_total=0.784352 loss_rec=0.544545 valid_auc=0.693862 valid_rmse=0.479127 q_change=51 q_delta=0.424905 q_grad=0.002918
epoch=65 loss_total=0.777846 loss_rec=0.538076 valid_auc=0.691484 valid_rmse=0.475372 q_change=51 q_delta=0.425247 q_grad=0.002796
epoch=66 loss_total=0.779067 loss_rec=0.539380 valid_auc=0.690312 valid_rmse=0.476486 q_change=51 q_delta=0.425344 q_grad=0.003024
Early stopping at epoch 66; best_epoch=46.
Saved run to C:\Users\YAN_SHU_YU\Desktop\Generative-CD\Q_GNCDM\results\weak_q_lambda_sweep\lq_0p9_ls_0p6_lb_0p9\seed_2026\noise_0.20\weak-q_lq_0p9_ls_0p6_lb_0p9
Final metrics: q_hat_f1=0.133333 response_auc=0.688401 mastery_pearson=0.363387
