run=weak-q_lq_0p9_ls_0p5_lb_0p3 mode=weak-q noise=0.20 train=4200 valid=600 test=1200
epoch=1 loss_total=1.018013 loss_rec=0.725650 valid_auc=0.587807 valid_rmse=0.499745 q_change=57 q_delta=0.076507 q_grad=0.000467
epoch=2 loss_total=0.968405 loss_rec=0.705712 valid_auc=0.595368 valid_rmse=0.499213 q_change=57 q_delta=0.137410 q_grad=0.000347
epoch=3 loss_total=0.943096 loss_rec=0.699233 valid_auc=0.610446 valid_rmse=0.498153 q_change=57 q_delta=0.183260 q_grad=0.000272
epoch=4 loss_total=0.923680 loss_rec=0.691679 valid_auc=0.632891 valid_rmse=0.496706 q_change=57 q_delta=0.217130 q_grad=0.000234
epoch=5 loss_total=0.913231 loss_rec=0.688287 valid_auc=0.654163 valid_rmse=0.492847 q_change=57 q_delta=0.239607 q_grad=0.000249
epoch=6 loss_total=0.895709 loss_rec=0.674441 valid_auc=0.665938 valid_rmse=0.486441 q_change=57 q_delta=0.251168 q_grad=0.000339
epoch=7 loss_total=0.869860 loss_rec=0.649926 valid_auc=0.670246 valid_rmse=0.479367 q_change=57 q_delta=0.255869 q_grad=0.000531
epoch=8 loss_total=0.855751 loss_rec=0.636354 valid_auc=0.675112 valid_rmse=0.477168 q_change=57 q_delta=0.259382 q_grad=0.000796
epoch=9 loss_total=0.846103 loss_rec=0.627446 valid_auc=0.684408 valid_rmse=0.472754 q_change=57 q_delta=0.262723 q_grad=0.000970
epoch=10 loss_total=0.847310 loss_rec=0.629478 valid_auc=0.681563 valid_rmse=0.474525 q_change=57 q_delta=0.265608 q_grad=0.001057
epoch=11 loss_total=0.844020 loss_rec=0.626565 valid_auc=0.682098 valid_rmse=0.473119 q_change=57 q_delta=0.268788 q_grad=0.001188
epoch=12 loss_total=0.834349 loss_rec=0.617346 valid_auc=0.681395 valid_rmse=0.474985 q_change=56 q_delta=0.271163 q_grad=0.001247
epoch=13 loss_total=0.830732 loss_rec=0.614204 valid_auc=0.681596 valid_rmse=0.473620 q_change=55 q_delta=0.274630 q_grad=0.001250
epoch=14 loss_total=0.831198 loss_rec=0.614984 valid_auc=0.680569 valid_rmse=0.475760 q_change=54 q_delta=0.276694 q_grad=0.001329
epoch=15 loss_total=0.827190 loss_rec=0.611184 valid_auc=0.681775 valid_rmse=0.474196 q_change=54 q_delta=0.279579 q_grad=0.001362
epoch=16 loss_total=0.829048 loss_rec=0.613156 valid_auc=0.682701 valid_rmse=0.474592 q_change=54 q_delta=0.282032 q_grad=0.001459
epoch=17 loss_total=0.824985 loss_rec=0.609321 valid_auc=0.681518 valid_rmse=0.474522 q_change=52 q_delta=0.284525 q_grad=0.001388
epoch=18 loss_total=0.819832 loss_rec=0.604208 valid_auc=0.682690 valid_rmse=0.474433 q_change=51 q_delta=0.287072 q_grad=0.001421
epoch=19 loss_total=0.818984 loss_rec=0.603497 valid_auc=0.683638 valid_rmse=0.475183 q_change=50 q_delta=0.289828 q_grad=0.001508
epoch=20 loss_total=0.816701 loss_rec=0.601177 valid_auc=0.685391 valid_rmse=0.473690 q_change=50 q_delta=0.292589 q_grad=0.001584
epoch=21 loss_total=0.811899 loss_rec=0.596304 valid_auc=0.686038 valid_rmse=0.474766 q_change=50 q_delta=0.294782 q_grad=0.001513
epoch=22 loss_total=0.809761 loss_rec=0.594057 valid_auc=0.684509 valid_rmse=0.474793 q_change=50 q_delta=0.297432 q_grad=0.001635
epoch=23 loss_total=0.807378 loss_rec=0.591527 valid_auc=0.683337 valid_rmse=0.474671 q_change=50 q_delta=0.300164 q_grad=0.001601
epoch=24 loss_total=0.802335 loss_rec=0.586359 valid_auc=0.683382 valid_rmse=0.475348 q_change=50 q_delta=0.302707 q_grad=0.001644
epoch=25 loss_total=0.802026 loss_rec=0.585778 valid_auc=0.685112 valid_rmse=0.475356 q_change=49 q_delta=0.304872 q_grad=0.001752
epoch=26 loss_total=0.799166 loss_rec=0.582718 valid_auc=0.686529 valid_rmse=0.475367 q_change=49 q_delta=0.307061 q_grad=0.001742
epoch=27 loss_total=0.794742 loss_rec=0.577995 valid_auc=0.686708 valid_rmse=0.476914 q_change=46 q_delta=0.309045 q_grad=0.001741
epoch=28 loss_total=0.797154 loss_rec=0.580144 valid_auc=0.686272 valid_rmse=0.475911 q_change=45 q_delta=0.311195 q_grad=0.001855
epoch=29 loss_total=0.789655 loss_rec=0.572437 valid_auc=0.689230 valid_rmse=0.475212 q_change=44 q_delta=0.313051 q_grad=0.001857
epoch=30 loss_total=0.786976 loss_rec=0.569405 valid_auc=0.690246 valid_rmse=0.476372 q_change=41 q_delta=0.314595 q_grad=0.001914
epoch=31 loss_total=0.782030 loss_rec=0.564150 valid_auc=0.688929 valid_rmse=0.476436 q_change=40 q_delta=0.316533 q_grad=0.001927
epoch=32 loss_total=0.781699 loss_rec=0.563527 valid_auc=0.692813 valid_rmse=0.475283 q_change=41 q_delta=0.318822 q_grad=0.001985
epoch=33 loss_total=0.775764 loss_rec=0.557231 valid_auc=0.690357 valid_rmse=0.474777 q_change=40 q_delta=0.321024 q_grad=0.002023
epoch=34 loss_total=0.774649 loss_rec=0.555860 valid_auc=0.689710 valid_rmse=0.474747 q_change=38 q_delta=0.322648 q_grad=0.002026
epoch=35 loss_total=0.774122 loss_rec=0.555070 valid_auc=0.693772 valid_rmse=0.473551 q_change=38 q_delta=0.324261 q_grad=0.002052
epoch=36 loss_total=0.765424 loss_rec=0.546054 valid_auc=0.693650 valid_rmse=0.473827 q_change=38 q_delta=0.325532 q_grad=0.002136
epoch=37 loss_total=0.760631 loss_rec=0.540943 valid_auc=0.691228 valid_rmse=0.476828 q_change=36 q_delta=0.327280 q_grad=0.002153
epoch=38 loss_total=0.754505 loss_rec=0.534687 valid_auc=0.691384 valid_rmse=0.477527 q_change=35 q_delta=0.328987 q_grad=0.002244
epoch=39 loss_total=0.754135 loss_rec=0.534118 valid_auc=0.692154 valid_rmse=0.476085 q_change=35 q_delta=0.330868 q_grad=0.002237
epoch=40 loss_total=0.751130 loss_rec=0.530949 valid_auc=0.691752 valid_rmse=0.477046 q_change=36 q_delta=0.332158 q_grad=0.002301
epoch=41 loss_total=0.744068 loss_rec=0.523795 valid_auc=0.692188 valid_rmse=0.479690 q_change=35 q_delta=0.333861 q_grad=0.002291
epoch=42 loss_total=0.747338 loss_rec=0.526973 valid_auc=0.689967 valid_rmse=0.478211 q_change=34 q_delta=0.335416 q_grad=0.002448
epoch=43 loss_total=0.740816 loss_rec=0.520347 valid_auc=0.691607 valid_rmse=0.479039 q_change=32 q_delta=0.336576 q_grad=0.002411
epoch=44 loss_total=0.738526 loss_rec=0.517982 valid_auc=0.692522 valid_rmse=0.477900 q_change=33 q_delta=0.337852 q_grad=0.002429
epoch=45 loss_total=0.734439 loss_rec=0.513864 valid_auc=0.689743 valid_rmse=0.483390 q_change=32 q_delta=0.338784 q_grad=0.002418
epoch=46 loss_total=0.734365 loss_rec=0.513683 valid_auc=0.695960 valid_rmse=0.477540 q_change=32 q_delta=0.340232 q_grad=0.002469
epoch=47 loss_total=0.731780 loss_rec=0.511072 valid_auc=0.692790 valid_rmse=0.480975 q_change=32 q_delta=0.341098 q_grad=0.002428
epoch=48 loss_total=0.731026 loss_rec=0.510308 valid_auc=0.692455 valid_rmse=0.479723 q_change=32 q_delta=0.342404 q_grad=0.002502
epoch=49 loss_total=0.725089 loss_rec=0.504345 valid_auc=0.694263 valid_rmse=0.478313 q_change=30 q_delta=0.343227 q_grad=0.002486
epoch=50 loss_total=0.721135 loss_rec=0.500383 valid_auc=0.692143 valid_rmse=0.482487 q_change=31 q_delta=0.344389 q_grad=0.002478
epoch=51 loss_total=0.721649 loss_rec=0.500931 valid_auc=0.693259 valid_rmse=0.482598 q_change=30 q_delta=0.345191 q_grad=0.002565
epoch=52 loss_total=0.722652 loss_rec=0.501926 valid_auc=0.692902 valid_rmse=0.481004 q_change=31 q_delta=0.346226 q_grad=0.002580
epoch=53 loss_total=0.724273 loss_rec=0.503530 valid_auc=0.692087 valid_rmse=0.480307 q_change=31 q_delta=0.347127 q_grad=0.002569
epoch=54 loss_total=0.717438 loss_rec=0.496637 valid_auc=0.690312 valid_rmse=0.481972 q_change=31 q_delta=0.348036 q_grad=0.002611
epoch=55 loss_total=0.712808 loss_rec=0.492024 valid_auc=0.698616 valid_rmse=0.478131 q_change=31 q_delta=0.349085 q_grad=0.002560
epoch=56 loss_total=0.712250 loss_rec=0.491459 valid_auc=0.694699 valid_rmse=0.481388 q_change=31 q_delta=0.349826 q_grad=0.002580
epoch=57 loss_total=0.712642 loss_rec=0.491803 valid_auc=0.691451 valid_rmse=0.484026 q_change=31 q_delta=0.350854 q_grad=0.002715
epoch=58 loss_total=0.706031 loss_rec=0.485171 valid_auc=0.692656 valid_rmse=0.484264 q_change=31 q_delta=0.351848 q_grad=0.002636
epoch=59 loss_total=0.703608 loss_rec=0.482792 valid_auc=0.696596 valid_rmse=0.480629 q_change=31 q_delta=0.352804 q_grad=0.002611
epoch=60 loss_total=0.706517 loss_rec=0.485690 valid_auc=0.696038 valid_rmse=0.482037 q_change=31 q_delta=0.353568 q_grad=0.002657
epoch=61 loss_total=0.704642 loss_rec=0.483788 valid_auc=0.693862 valid_rmse=0.481434 q_change=31 q_delta=0.354523 q_grad=0.002723
epoch=62 loss_total=0.699697 loss_rec=0.478868 valid_auc=0.697154 valid_rmse=0.481455 q_change=30 q_delta=0.355306 q_grad=0.002630
epoch=63 loss_total=0.699897 loss_rec=0.479036 valid_auc=0.694955 valid_rmse=0.482439 q_change=30 q_delta=0.356164 q_grad=0.002740
epoch=64 loss_total=0.699923 loss_rec=0.479056 valid_auc=0.697154 valid_rmse=0.485059 q_change=30 q_delta=0.356924 q_grad=0.002718
epoch=65 loss_total=0.697334 loss_rec=0.476468 valid_auc=0.695067 valid_rmse=0.482838 q_change=30 q_delta=0.357867 q_grad=0.002622
epoch=66 loss_total=0.696841 loss_rec=0.475963 valid_auc=0.693996 valid_rmse=0.483407 q_change=30 q_delta=0.358604 q_grad=0.002773
epoch=67 loss_total=0.696774 loss_rec=0.475873 valid_auc=0.694643 valid_rmse=0.484057 q_change=31 q_delta=0.359352 q_grad=0.002748
epoch=68 loss_total=0.689334 loss_rec=0.468416 valid_auc=0.696496 valid_rmse=0.485024 q_change=31 q_delta=0.360080 q_grad=0.002773
epoch=69 loss_total=0.687194 loss_rec=0.466265 valid_auc=0.694743 valid_rmse=0.489858 q_change=31 q_delta=0.360872 q_grad=0.002763
epoch=70 loss_total=0.684588 loss_rec=0.463618 valid_auc=0.695391 valid_rmse=0.483688 q_change=31 q_delta=0.361869 q_grad=0.002838
epoch=71 loss_total=0.684429 loss_rec=0.463518 valid_auc=0.698270 valid_rmse=0.482800 q_change=31 q_delta=0.362698 q_grad=0.002761
epoch=72 loss_total=0.685814 loss_rec=0.464858 valid_auc=0.695179 valid_rmse=0.484845 q_change=31 q_delta=0.363344 q_grad=0.002816
epoch=73 loss_total=0.679873 loss_rec=0.458898 valid_auc=0.692500 valid_rmse=0.487318 q_change=31 q_delta=0.364039 q_grad=0.002862
epoch=74 loss_total=0.684988 loss_rec=0.464033 valid_auc=0.695246 valid_rmse=0.485250 q_change=31 q_delta=0.364824 q_grad=0.002804
epoch=75 loss_total=0.682800 loss_rec=0.461831 valid_auc=0.692790 valid_rmse=0.489874 q_change=30 q_delta=0.365307 q_grad=0.002864
Early stopping at epoch 75; best_epoch=55.
Saved run to C:\Users\YAN_SHU_YU\Desktop\Generative-CD\Q_GNCDM\results\weak_q_lambda_sweep\lq_0p9_ls_0p5_lb_0p3\seed_2026\noise_0.20\weak-q_lq_0p9_ls_0p5_lb_0p3
Final metrics: q_hat_f1=0.609756 response_auc=0.685115 mastery_pearson=0.546730
