run=weak-q_lq_0p7_ls_0p2_lb_0p9 mode=weak-q noise=0.20 train=4200 valid=600 test=1200
epoch=1 loss_total=1.033220 loss_rec=0.725629 valid_auc=0.589565 valid_rmse=0.499720 q_change=56 q_delta=0.076434 q_grad=0.000258
epoch=2 loss_total=0.992978 loss_rec=0.705695 valid_auc=0.601562 valid_rmse=0.499121 q_change=57 q_delta=0.144569 q_grad=0.000260
epoch=3 loss_total=0.967479 loss_rec=0.699279 valid_auc=0.625246 valid_rmse=0.497966 q_change=57 q_delta=0.201648 q_grad=0.000262
epoch=4 loss_total=0.943270 loss_rec=0.691964 valid_auc=0.653605 valid_rmse=0.496497 q_change=56 q_delta=0.247097 q_grad=0.000259
epoch=5 loss_total=0.927141 loss_rec=0.689273 valid_auc=0.670703 valid_rmse=0.492873 q_change=54 q_delta=0.279105 q_grad=0.000278
epoch=6 loss_total=0.906088 loss_rec=0.677950 valid_auc=0.673136 valid_rmse=0.487456 q_change=52 q_delta=0.300426 q_grad=0.000342
epoch=7 loss_total=0.879700 loss_rec=0.657911 valid_auc=0.670536 valid_rmse=0.480687 q_change=52 q_delta=0.314054 q_grad=0.000474
epoch=8 loss_total=0.864377 loss_rec=0.646702 valid_auc=0.671763 valid_rmse=0.478228 q_change=51 q_delta=0.322962 q_grad=0.000685
epoch=9 loss_total=0.853543 loss_rec=0.639022 valid_auc=0.678036 valid_rmse=0.475064 q_change=50 q_delta=0.330131 q_grad=0.000833
epoch=10 loss_total=0.852532 loss_rec=0.640625 valid_auc=0.678337 valid_rmse=0.475461 q_change=50 q_delta=0.334571 q_grad=0.000916
epoch=11 loss_total=0.846278 loss_rec=0.636149 valid_auc=0.680725 valid_rmse=0.473942 q_change=50 q_delta=0.338390 q_grad=0.001057
epoch=12 loss_total=0.833819 loss_rec=0.625193 valid_auc=0.683884 valid_rmse=0.473962 q_change=49 q_delta=0.341059 q_grad=0.001159
epoch=13 loss_total=0.826745 loss_rec=0.619383 valid_auc=0.685324 valid_rmse=0.472439 q_change=49 q_delta=0.344027 q_grad=0.001218
epoch=14 loss_total=0.823366 loss_rec=0.617059 valid_auc=0.686239 valid_rmse=0.473389 q_change=49 q_delta=0.346097 q_grad=0.001364
epoch=15 loss_total=0.815921 loss_rec=0.610547 valid_auc=0.687165 valid_rmse=0.472304 q_change=49 q_delta=0.348359 q_grad=0.001459
epoch=16 loss_total=0.814369 loss_rec=0.609950 valid_auc=0.689565 valid_rmse=0.472127 q_change=48 q_delta=0.350097 q_grad=0.001613
epoch=17 loss_total=0.808188 loss_rec=0.604545 valid_auc=0.688493 valid_rmse=0.472509 q_change=46 q_delta=0.351245 q_grad=0.001593
epoch=18 loss_total=0.797425 loss_rec=0.594495 valid_auc=0.690725 valid_rmse=0.472519 q_change=45 q_delta=0.352734 q_grad=0.001656
epoch=19 loss_total=0.793578 loss_rec=0.591496 valid_auc=0.691228 valid_rmse=0.473687 q_change=45 q_delta=0.354702 q_grad=0.001783
epoch=20 loss_total=0.787778 loss_rec=0.586363 valid_auc=0.692109 valid_rmse=0.472390 q_change=45 q_delta=0.356569 q_grad=0.001865
epoch=21 loss_total=0.779997 loss_rec=0.579310 valid_auc=0.693694 valid_rmse=0.474383 q_change=44 q_delta=0.358426 q_grad=0.001833
epoch=22 loss_total=0.774574 loss_rec=0.574528 valid_auc=0.692600 valid_rmse=0.473839 q_change=44 q_delta=0.360177 q_grad=0.002000
epoch=23 loss_total=0.769395 loss_rec=0.570059 valid_auc=0.691384 valid_rmse=0.474733 q_change=43 q_delta=0.362311 q_grad=0.001932
epoch=24 loss_total=0.760364 loss_rec=0.561684 valid_auc=0.691194 valid_rmse=0.476095 q_change=43 q_delta=0.363973 q_grad=0.002003
epoch=25 loss_total=0.756804 loss_rec=0.558781 valid_auc=0.691696 valid_rmse=0.476648 q_change=43 q_delta=0.365711 q_grad=0.002136
epoch=26 loss_total=0.752862 loss_rec=0.555489 valid_auc=0.691049 valid_rmse=0.477157 q_change=42 q_delta=0.367358 q_grad=0.002123
epoch=27 loss_total=0.745542 loss_rec=0.548726 valid_auc=0.690558 valid_rmse=0.480693 q_change=40 q_delta=0.368515 q_grad=0.002108
epoch=28 loss_total=0.743684 loss_rec=0.547380 valid_auc=0.691607 valid_rmse=0.478352 q_change=39 q_delta=0.369994 q_grad=0.002279
epoch=29 loss_total=0.735071 loss_rec=0.539247 valid_auc=0.693884 valid_rmse=0.478552 q_change=39 q_delta=0.371131 q_grad=0.002270
epoch=30 loss_total=0.730294 loss_rec=0.534916 valid_auc=0.692958 valid_rmse=0.479862 q_change=39 q_delta=0.372696 q_grad=0.002300
epoch=31 loss_total=0.723680 loss_rec=0.528754 valid_auc=0.693984 valid_rmse=0.480331 q_change=39 q_delta=0.373928 q_grad=0.002275
epoch=32 loss_total=0.720098 loss_rec=0.525637 valid_auc=0.696763 valid_rmse=0.481382 q_change=39 q_delta=0.375426 q_grad=0.002411
epoch=33 loss_total=0.712978 loss_rec=0.518864 valid_auc=0.695391 valid_rmse=0.479760 q_change=39 q_delta=0.376434 q_grad=0.002376
epoch=34 loss_total=0.711233 loss_rec=0.517445 valid_auc=0.694665 valid_rmse=0.480306 q_change=39 q_delta=0.377437 q_grad=0.002448
epoch=35 loss_total=0.712029 loss_rec=0.518561 valid_auc=0.698783 valid_rmse=0.479045 q_change=37 q_delta=0.378665 q_grad=0.002411
epoch=36 loss_total=0.704421 loss_rec=0.511236 valid_auc=0.699386 valid_rmse=0.478572 q_change=36 q_delta=0.379351 q_grad=0.002455
epoch=37 loss_total=0.696595 loss_rec=0.503751 valid_auc=0.698538 valid_rmse=0.480636 q_change=35 q_delta=0.380125 q_grad=0.002467
epoch=38 loss_total=0.688063 loss_rec=0.495527 valid_auc=0.699442 valid_rmse=0.481239 q_change=35 q_delta=0.381209 q_grad=0.002537
epoch=39 loss_total=0.688272 loss_rec=0.496050 valid_auc=0.698783 valid_rmse=0.481443 q_change=35 q_delta=0.382190 q_grad=0.002476
epoch=40 loss_total=0.681924 loss_rec=0.490007 valid_auc=0.696931 valid_rmse=0.483468 q_change=35 q_delta=0.383185 q_grad=0.002522
epoch=41 loss_total=0.675961 loss_rec=0.484399 valid_auc=0.694096 valid_rmse=0.487477 q_change=35 q_delta=0.384308 q_grad=0.002544
epoch=42 loss_total=0.677936 loss_rec=0.486677 valid_auc=0.693493 valid_rmse=0.486420 q_change=35 q_delta=0.385463 q_grad=0.002586
epoch=43 loss_total=0.673714 loss_rec=0.482715 valid_auc=0.695179 valid_rmse=0.485618 q_change=35 q_delta=0.386521 q_grad=0.002547
epoch=44 loss_total=0.667868 loss_rec=0.477173 valid_auc=0.694096 valid_rmse=0.486176 q_change=35 q_delta=0.387499 q_grad=0.002598
epoch=45 loss_total=0.664254 loss_rec=0.473833 valid_auc=0.693371 valid_rmse=0.489608 q_change=35 q_delta=0.388238 q_grad=0.002524
epoch=46 loss_total=0.665656 loss_rec=0.475441 valid_auc=0.695603 valid_rmse=0.486902 q_change=35 q_delta=0.389194 q_grad=0.002569
epoch=47 loss_total=0.657643 loss_rec=0.467656 valid_auc=0.690614 valid_rmse=0.490498 q_change=35 q_delta=0.389787 q_grad=0.002449
epoch=48 loss_total=0.661446 loss_rec=0.471673 valid_auc=0.691395 valid_rmse=0.488944 q_change=35 q_delta=0.390574 q_grad=0.002582
epoch=49 loss_total=0.651651 loss_rec=0.461963 valid_auc=0.691998 valid_rmse=0.487859 q_change=35 q_delta=0.390797 q_grad=0.002506
epoch=50 loss_total=0.648557 loss_rec=0.458818 valid_auc=0.685123 valid_rmse=0.493356 q_change=35 q_delta=0.391051 q_grad=0.002575
epoch=51 loss_total=0.644838 loss_rec=0.455270 valid_auc=0.680279 valid_rmse=0.495683 q_change=35 q_delta=0.391428 q_grad=0.002619
epoch=52 loss_total=0.644126 loss_rec=0.454765 valid_auc=0.680011 valid_rmse=0.495204 q_change=35 q_delta=0.392118 q_grad=0.002557
epoch=53 loss_total=0.644574 loss_rec=0.455350 valid_auc=0.681987 valid_rmse=0.494323 q_change=34 q_delta=0.392655 q_grad=0.002625
epoch=54 loss_total=0.639870 loss_rec=0.450865 valid_auc=0.675815 valid_rmse=0.496889 q_change=34 q_delta=0.393363 q_grad=0.002706
epoch=55 loss_total=0.636214 loss_rec=0.447425 valid_auc=0.682656 valid_rmse=0.492250 q_change=34 q_delta=0.394038 q_grad=0.002558
epoch=56 loss_total=0.633624 loss_rec=0.445010 valid_auc=0.676775 valid_rmse=0.497000 q_change=34 q_delta=0.394482 q_grad=0.002525
epoch=57 loss_total=0.632806 loss_rec=0.444395 valid_auc=0.676283 valid_rmse=0.498355 q_change=34 q_delta=0.395023 q_grad=0.002709
epoch=58 loss_total=0.625943 loss_rec=0.437667 valid_auc=0.675413 valid_rmse=0.499734 q_change=34 q_delta=0.395476 q_grad=0.002593
Early stopping at epoch 58; best_epoch=38.
Saved run to C:\Users\YAN_SHU_YU\Desktop\Generative-CD\Q_GNCDM\results\weak_q_lambda_sweep\lq_0p7_ls_0p2_lb_0p9\seed_2026\noise_0.20\weak-q_lq_0p7_ls_0p2_lb_0p9
Final metrics: q_hat_f1=0.564103 response_auc=0.690586 mastery_pearson=0.531240
