run=weak-q_lq_0p8_ls_0p4_lb_0p2 mode=weak-q noise=0.20 train=4200 valid=600 test=1200
epoch=1 loss_total=0.950072 loss_rec=0.725643 valid_auc=0.588019 valid_rmse=0.499738 q_change=57 q_delta=0.075390 q_grad=0.000361
epoch=2 loss_total=0.908252 loss_rec=0.705588 valid_auc=0.596998 valid_rmse=0.499141 q_change=57 q_delta=0.132529 q_grad=0.000256
epoch=3 loss_total=0.889056 loss_rec=0.698761 valid_auc=0.614531 valid_rmse=0.497879 q_change=57 q_delta=0.172970 q_grad=0.000206
epoch=4 loss_total=0.873650 loss_rec=0.690304 valid_auc=0.638750 valid_rmse=0.495867 q_change=57 q_delta=0.200716 q_grad=0.000198
epoch=5 loss_total=0.864421 loss_rec=0.684448 valid_auc=0.658471 valid_rmse=0.490518 q_change=57 q_delta=0.215692 q_grad=0.000253
epoch=6 loss_total=0.843932 loss_rec=0.664844 valid_auc=0.668817 valid_rmse=0.482051 q_change=57 q_delta=0.219514 q_grad=0.000409
epoch=7 loss_total=0.817829 loss_rec=0.638571 valid_auc=0.675011 valid_rmse=0.477017 q_change=57 q_delta=0.221010 q_grad=0.000644
epoch=8 loss_total=0.808021 loss_rec=0.628819 valid_auc=0.676306 valid_rmse=0.476309 q_change=57 q_delta=0.223558 q_grad=0.000891
epoch=9 loss_total=0.800332 loss_rec=0.621515 valid_auc=0.682533 valid_rmse=0.473107 q_change=57 q_delta=0.226576 q_grad=0.001024
epoch=10 loss_total=0.803428 loss_rec=0.625134 valid_auc=0.680346 valid_rmse=0.475165 q_change=56 q_delta=0.229692 q_grad=0.001067
epoch=11 loss_total=0.801415 loss_rec=0.623316 valid_auc=0.680636 valid_rmse=0.473950 q_change=55 q_delta=0.233134 q_grad=0.001166
epoch=12 loss_total=0.793030 loss_rec=0.615226 valid_auc=0.679933 valid_rmse=0.475807 q_change=54 q_delta=0.235881 q_grad=0.001200
epoch=13 loss_total=0.789999 loss_rec=0.612508 valid_auc=0.679844 valid_rmse=0.474452 q_change=54 q_delta=0.239896 q_grad=0.001181
epoch=14 loss_total=0.791071 loss_rec=0.613745 valid_auc=0.679118 valid_rmse=0.476569 q_change=54 q_delta=0.242281 q_grad=0.001247
epoch=15 loss_total=0.787691 loss_rec=0.610423 valid_auc=0.680435 valid_rmse=0.474990 q_change=53 q_delta=0.245329 q_grad=0.001265
epoch=16 loss_total=0.790102 loss_rec=0.612829 valid_auc=0.680759 valid_rmse=0.475282 q_change=51 q_delta=0.248127 q_grad=0.001354
epoch=17 loss_total=0.786228 loss_rec=0.609079 valid_auc=0.680357 valid_rmse=0.475164 q_change=50 q_delta=0.250631 q_grad=0.001282
epoch=18 loss_total=0.781879 loss_rec=0.604682 valid_auc=0.680190 valid_rmse=0.475396 q_change=50 q_delta=0.253424 q_grad=0.001311
epoch=19 loss_total=0.781519 loss_rec=0.604335 valid_auc=0.681250 valid_rmse=0.475877 q_change=50 q_delta=0.256332 q_grad=0.001383
epoch=20 loss_total=0.779877 loss_rec=0.602583 valid_auc=0.682701 valid_rmse=0.474591 q_change=50 q_delta=0.259249 q_grad=0.001450
epoch=21 loss_total=0.775660 loss_rec=0.598196 valid_auc=0.683549 valid_rmse=0.475338 q_change=50 q_delta=0.261625 q_grad=0.001380
epoch=22 loss_total=0.773916 loss_rec=0.596269 valid_auc=0.682388 valid_rmse=0.475582 q_change=48 q_delta=0.264371 q_grad=0.001488
epoch=23 loss_total=0.772170 loss_rec=0.594286 valid_auc=0.681462 valid_rmse=0.475443 q_change=47 q_delta=0.267174 q_grad=0.001454
epoch=24 loss_total=0.767874 loss_rec=0.589760 valid_auc=0.681194 valid_rmse=0.475914 q_change=43 q_delta=0.269936 q_grad=0.001493
epoch=25 loss_total=0.767764 loss_rec=0.589281 valid_auc=0.682400 valid_rmse=0.475995 q_change=42 q_delta=0.272408 q_grad=0.001583
epoch=26 loss_total=0.765561 loss_rec=0.586782 valid_auc=0.684286 valid_rmse=0.475971 q_change=42 q_delta=0.275039 q_grad=0.001568
epoch=27 loss_total=0.761869 loss_rec=0.582691 valid_auc=0.684967 valid_rmse=0.477101 q_change=41 q_delta=0.277606 q_grad=0.001572
epoch=28 loss_total=0.764610 loss_rec=0.585046 valid_auc=0.683906 valid_rmse=0.476517 q_change=42 q_delta=0.280774 q_grad=0.001673
epoch=29 loss_total=0.757687 loss_rec=0.577778 valid_auc=0.687288 valid_rmse=0.475542 q_change=41 q_delta=0.283368 q_grad=0.001675
epoch=30 loss_total=0.755519 loss_rec=0.575120 valid_auc=0.688438 valid_rmse=0.476874 q_change=40 q_delta=0.286109 q_grad=0.001727
epoch=31 loss_total=0.751083 loss_rec=0.570231 valid_auc=0.686741 valid_rmse=0.476814 q_change=37 q_delta=0.288806 q_grad=0.001741
epoch=32 loss_total=0.751013 loss_rec=0.569712 valid_auc=0.690223 valid_rmse=0.475458 q_change=36 q_delta=0.292014 q_grad=0.001790
epoch=33 loss_total=0.745817 loss_rec=0.564005 valid_auc=0.688750 valid_rmse=0.474995 q_change=35 q_delta=0.295048 q_grad=0.001832
epoch=34 loss_total=0.744892 loss_rec=0.562642 valid_auc=0.687913 valid_rmse=0.475035 q_change=33 q_delta=0.297309 q_grad=0.001826
epoch=35 loss_total=0.744491 loss_rec=0.561809 valid_auc=0.691239 valid_rmse=0.473985 q_change=33 q_delta=0.299747 q_grad=0.001860
epoch=36 loss_total=0.736346 loss_rec=0.553183 valid_auc=0.692154 valid_rmse=0.474317 q_change=33 q_delta=0.301767 q_grad=0.001935
epoch=37 loss_total=0.731704 loss_rec=0.548047 valid_auc=0.689833 valid_rmse=0.476968 q_change=33 q_delta=0.304479 q_grad=0.001955
epoch=38 loss_total=0.725924 loss_rec=0.541938 valid_auc=0.690312 valid_rmse=0.477728 q_change=33 q_delta=0.307113 q_grad=0.002038
epoch=39 loss_total=0.725463 loss_rec=0.541089 valid_auc=0.690625 valid_rmse=0.476376 q_change=33 q_delta=0.309619 q_grad=0.002034
epoch=40 loss_total=0.722109 loss_rec=0.537397 valid_auc=0.691060 valid_rmse=0.477286 q_change=30 q_delta=0.311634 q_grad=0.002084
epoch=41 loss_total=0.715563 loss_rec=0.530581 valid_auc=0.691295 valid_rmse=0.479598 q_change=30 q_delta=0.313986 q_grad=0.002078
epoch=42 loss_total=0.718564 loss_rec=0.533319 valid_auc=0.689420 valid_rmse=0.478240 q_change=30 q_delta=0.316301 q_grad=0.002225
epoch=43 loss_total=0.712005 loss_rec=0.526507 valid_auc=0.690960 valid_rmse=0.479172 q_change=29 q_delta=0.318081 q_grad=0.002183
epoch=44 loss_total=0.710246 loss_rec=0.524533 valid_auc=0.691161 valid_rmse=0.478130 q_change=30 q_delta=0.319771 q_grad=0.002195
epoch=45 loss_total=0.705965 loss_rec=0.520082 valid_auc=0.689978 valid_rmse=0.482881 q_change=29 q_delta=0.321117 q_grad=0.002183
epoch=46 loss_total=0.705760 loss_rec=0.519647 valid_auc=0.695067 valid_rmse=0.477537 q_change=29 q_delta=0.323063 q_grad=0.002228
epoch=47 loss_total=0.703718 loss_rec=0.517449 valid_auc=0.692098 valid_rmse=0.480900 q_change=29 q_delta=0.324444 q_grad=0.002192
epoch=48 loss_total=0.702363 loss_rec=0.515961 valid_auc=0.690993 valid_rmse=0.479562 q_change=28 q_delta=0.326190 q_grad=0.002257
epoch=49 loss_total=0.696504 loss_rec=0.509958 valid_auc=0.693426 valid_rmse=0.478419 q_change=29 q_delta=0.327273 q_grad=0.002246
epoch=50 loss_total=0.692776 loss_rec=0.506124 valid_auc=0.692221 valid_rmse=0.482185 q_change=29 q_delta=0.328872 q_grad=0.002232
epoch=51 loss_total=0.693271 loss_rec=0.506532 valid_auc=0.693259 valid_rmse=0.482223 q_change=29 q_delta=0.330131 q_grad=0.002309
epoch=52 loss_total=0.694154 loss_rec=0.507306 valid_auc=0.691886 valid_rmse=0.481081 q_change=29 q_delta=0.331754 q_grad=0.002319
epoch=53 loss_total=0.695780 loss_rec=0.508818 valid_auc=0.691730 valid_rmse=0.480419 q_change=27 q_delta=0.333020 q_grad=0.002307
epoch=54 loss_total=0.688862 loss_rec=0.501762 valid_auc=0.690391 valid_rmse=0.481916 q_change=27 q_delta=0.334277 q_grad=0.002339
epoch=55 loss_total=0.684408 loss_rec=0.497231 valid_auc=0.697924 valid_rmse=0.478098 q_change=27 q_delta=0.335538 q_grad=0.002306
epoch=56 loss_total=0.683772 loss_rec=0.496515 valid_auc=0.693694 valid_rmse=0.481458 q_change=28 q_delta=0.336747 q_grad=0.002291
epoch=57 loss_total=0.684528 loss_rec=0.497127 valid_auc=0.691529 valid_rmse=0.483519 q_change=27 q_delta=0.337953 q_grad=0.002436
epoch=58 loss_total=0.678345 loss_rec=0.490852 valid_auc=0.692746 valid_rmse=0.483390 q_change=27 q_delta=0.339232 q_grad=0.002365
epoch=59 loss_total=0.675637 loss_rec=0.488097 valid_auc=0.696150 valid_rmse=0.480337 q_change=27 q_delta=0.340335 q_grad=0.002326
epoch=60 loss_total=0.678710 loss_rec=0.491086 valid_auc=0.695056 valid_rmse=0.481961 q_change=27 q_delta=0.341303 q_grad=0.002378
epoch=61 loss_total=0.676493 loss_rec=0.488782 valid_auc=0.693806 valid_rmse=0.480952 q_change=27 q_delta=0.342533 q_grad=0.002431
epoch=62 loss_total=0.672355 loss_rec=0.484590 valid_auc=0.696440 valid_rmse=0.481015 q_change=27 q_delta=0.343548 q_grad=0.002336
epoch=63 loss_total=0.672051 loss_rec=0.484183 valid_auc=0.694877 valid_rmse=0.482122 q_change=27 q_delta=0.344516 q_grad=0.002449
epoch=64 loss_total=0.672563 loss_rec=0.484620 valid_auc=0.696719 valid_rmse=0.484180 q_change=27 q_delta=0.345430 q_grad=0.002430
epoch=65 loss_total=0.670280 loss_rec=0.482276 valid_auc=0.694922 valid_rmse=0.482152 q_change=27 q_delta=0.346755 q_grad=0.002334
epoch=66 loss_total=0.669378 loss_rec=0.481311 valid_auc=0.694632 valid_rmse=0.482635 q_change=27 q_delta=0.347807 q_grad=0.002471
epoch=67 loss_total=0.669133 loss_rec=0.480977 valid_auc=0.694464 valid_rmse=0.483609 q_change=28 q_delta=0.348795 q_grad=0.002445
epoch=68 loss_total=0.662350 loss_rec=0.474122 valid_auc=0.696518 valid_rmse=0.484112 q_change=28 q_delta=0.349717 q_grad=0.002466
epoch=69 loss_total=0.659746 loss_rec=0.471452 valid_auc=0.694989 valid_rmse=0.488810 q_change=27 q_delta=0.350659 q_grad=0.002455
epoch=70 loss_total=0.657619 loss_rec=0.469226 valid_auc=0.695458 valid_rmse=0.483210 q_change=27 q_delta=0.351930 q_grad=0.002522
epoch=71 loss_total=0.657246 loss_rec=0.468849 valid_auc=0.698795 valid_rmse=0.482012 q_change=28 q_delta=0.352912 q_grad=0.002460
epoch=72 loss_total=0.658551 loss_rec=0.470079 valid_auc=0.696083 valid_rmse=0.484073 q_change=28 q_delta=0.353719 q_grad=0.002503
epoch=73 loss_total=0.653392 loss_rec=0.464842 valid_auc=0.693080 valid_rmse=0.486589 q_change=28 q_delta=0.354800 q_grad=0.002549
epoch=74 loss_total=0.657536 loss_rec=0.468959 valid_auc=0.695391 valid_rmse=0.484740 q_change=28 q_delta=0.355591 q_grad=0.002494
epoch=75 loss_total=0.655333 loss_rec=0.466690 valid_auc=0.692634 valid_rmse=0.489495 q_change=29 q_delta=0.356297 q_grad=0.002565
epoch=76 loss_total=0.654212 loss_rec=0.465514 valid_auc=0.695078 valid_rmse=0.483045 q_change=29 q_delta=0.357259 q_grad=0.002500
epoch=77 loss_total=0.645529 loss_rec=0.456769 valid_auc=0.696105 valid_rmse=0.484259 q_change=29 q_delta=0.357967 q_grad=0.002475
epoch=78 loss_total=0.645874 loss_rec=0.457073 valid_auc=0.696339 valid_rmse=0.487538 q_change=29 q_delta=0.358682 q_grad=0.002664
epoch=79 loss_total=0.643320 loss_rec=0.454486 valid_auc=0.692891 valid_rmse=0.485971 q_change=29 q_delta=0.359527 q_grad=0.002628
epoch=80 loss_total=0.643219 loss_rec=0.454374 valid_auc=0.696786 valid_rmse=0.486083 q_change=30 q_delta=0.360423 q_grad=0.002595
epoch=81 loss_total=0.641774 loss_rec=0.452871 valid_auc=0.696362 valid_rmse=0.487114 q_change=30 q_delta=0.360938 q_grad=0.002661
epoch=82 loss_total=0.637958 loss_rec=0.449025 valid_auc=0.694085 valid_rmse=0.488020 q_change=30 q_delta=0.361824 q_grad=0.002650
epoch=83 loss_total=0.643994 loss_rec=0.455055 valid_auc=0.695614 valid_rmse=0.488215 q_change=30 q_delta=0.362412 q_grad=0.002640
epoch=84 loss_total=0.643367 loss_rec=0.454422 valid_auc=0.697121 valid_rmse=0.485229 q_change=30 q_delta=0.363158 q_grad=0.002611
epoch=85 loss_total=0.638056 loss_rec=0.449059 valid_auc=0.696842 valid_rmse=0.488427 q_change=29 q_delta=0.363610 q_grad=0.002677
epoch=86 loss_total=0.638180 loss_rec=0.449139 valid_auc=0.694911 valid_rmse=0.486765 q_change=29 q_delta=0.364419 q_grad=0.002751
epoch=87 loss_total=0.635824 loss_rec=0.446741 valid_auc=0.695234 valid_rmse=0.485854 q_change=29 q_delta=0.365066 q_grad=0.002680
epoch=88 loss_total=0.630499 loss_rec=0.441387 valid_auc=0.697232 valid_rmse=0.487175 q_change=29 q_delta=0.365545 q_grad=0.002708
epoch=89 loss_total=0.632389 loss_rec=0.443296 valid_auc=0.695714 valid_rmse=0.491415 q_change=29 q_delta=0.365915 q_grad=0.002640
epoch=90 loss_total=0.639029 loss_rec=0.449896 valid_auc=0.692109 valid_rmse=0.486951 q_change=29 q_delta=0.366730 q_grad=0.002671
epoch=91 loss_total=0.631291 loss_rec=0.442121 valid_auc=0.694241 valid_rmse=0.487433 q_change=29 q_delta=0.367216 q_grad=0.002636
Early stopping at epoch 91; best_epoch=71.
Saved run to C:\Users\YAN_SHU_YU\Desktop\Generative-CD\Q_GNCDM\results\weak_q_lambda_sweep\lq_0p8_ls_0p4_lb_0p2\seed_2026\noise_0.20\weak-q_lq_0p8_ls_0p4_lb_0p2
Final metrics: q_hat_f1=0.635294 response_auc=0.684862 mastery_pearson=0.555838
