run=weak-q_lq_0p05_ls_0p2_lb_0p2 mode=weak-q noise=0.20 train=4200 valid=600 test=1200
epoch=1 loss_total=0.861527 loss_rec=0.725637 valid_auc=0.589275 valid_rmse=0.499726 q_change=57 q_delta=0.076775 q_grad=0.000217
epoch=2 loss_total=0.824685 loss_rec=0.705684 valid_auc=0.601339 valid_rmse=0.499124 q_change=57 q_delta=0.144138 q_grad=0.000219
epoch=3 loss_total=0.802659 loss_rec=0.699177 valid_auc=0.624275 valid_rmse=0.497931 q_change=57 q_delta=0.199827 q_grad=0.000225
epoch=4 loss_total=0.781602 loss_rec=0.691657 valid_auc=0.653862 valid_rmse=0.496356 q_change=57 q_delta=0.243830 q_grad=0.000231
epoch=5 loss_total=0.767946 loss_rec=0.688456 valid_auc=0.670737 valid_rmse=0.492387 q_change=57 q_delta=0.274023 q_grad=0.000265
epoch=6 loss_total=0.748040 loss_rec=0.675673 valid_auc=0.670681 valid_rmse=0.486249 q_change=57 q_delta=0.291528 q_grad=0.000354
epoch=7 loss_total=0.722398 loss_rec=0.654344 valid_auc=0.669531 valid_rmse=0.479939 q_change=57 q_delta=0.302269 q_grad=0.000516
epoch=8 loss_total=0.710026 loss_rec=0.644781 valid_auc=0.670781 valid_rmse=0.478284 q_change=57 q_delta=0.310652 q_grad=0.000742
epoch=9 loss_total=0.701397 loss_rec=0.638447 valid_auc=0.675837 valid_rmse=0.475387 q_change=57 q_delta=0.317667 q_grad=0.000890
epoch=10 loss_total=0.702627 loss_rec=0.641669 valid_auc=0.675943 valid_rmse=0.476240 q_change=57 q_delta=0.322683 q_grad=0.000957
epoch=11 loss_total=0.698498 loss_rec=0.638863 valid_auc=0.676685 valid_rmse=0.475265 q_change=57 q_delta=0.327079 q_grad=0.001092
epoch=12 loss_total=0.688914 loss_rec=0.630448 valid_auc=0.678013 valid_rmse=0.475871 q_change=57 q_delta=0.330066 q_grad=0.001172
epoch=13 loss_total=0.684494 loss_rec=0.626982 valid_auc=0.678817 valid_rmse=0.474305 q_change=57 q_delta=0.333164 q_grad=0.001209
epoch=14 loss_total=0.683770 loss_rec=0.627008 valid_auc=0.678292 valid_rmse=0.475864 q_change=57 q_delta=0.334793 q_grad=0.001330
epoch=15 loss_total=0.680264 loss_rec=0.624130 valid_auc=0.678354 valid_rmse=0.474557 q_change=56 q_delta=0.336990 q_grad=0.001403
epoch=16 loss_total=0.681009 loss_rec=0.625472 valid_auc=0.679989 valid_rmse=0.474574 q_change=56 q_delta=0.338838 q_grad=0.001530
epoch=17 loss_total=0.677604 loss_rec=0.622580 valid_auc=0.680056 valid_rmse=0.474574 q_change=56 q_delta=0.340590 q_grad=0.001480
epoch=18 loss_total=0.670695 loss_rec=0.616105 valid_auc=0.680882 valid_rmse=0.474761 q_change=56 q_delta=0.342291 q_grad=0.001524
epoch=19 loss_total=0.669835 loss_rec=0.615783 valid_auc=0.681127 valid_rmse=0.475050 q_change=56 q_delta=0.344068 q_grad=0.001640
epoch=20 loss_total=0.667210 loss_rec=0.613531 valid_auc=0.683884 valid_rmse=0.473736 q_change=55 q_delta=0.345479 q_grad=0.001713
epoch=21 loss_total=0.663160 loss_rec=0.609889 valid_auc=0.684788 valid_rmse=0.474615 q_change=55 q_delta=0.346486 q_grad=0.001647
epoch=22 loss_total=0.660358 loss_rec=0.607408 valid_auc=0.684821 valid_rmse=0.474185 q_change=55 q_delta=0.347432 q_grad=0.001791
epoch=23 loss_total=0.657754 loss_rec=0.605177 valid_auc=0.683583 valid_rmse=0.474276 q_change=55 q_delta=0.348656 q_grad=0.001753
epoch=24 loss_total=0.652669 loss_rec=0.600445 valid_auc=0.682595 valid_rmse=0.475194 q_change=53 q_delta=0.349588 q_grad=0.001784
epoch=25 loss_total=0.653028 loss_rec=0.601225 valid_auc=0.683471 valid_rmse=0.475269 q_change=52 q_delta=0.350826 q_grad=0.001890
epoch=26 loss_total=0.650553 loss_rec=0.599110 valid_auc=0.684877 valid_rmse=0.475328 q_change=52 q_delta=0.352452 q_grad=0.001866
epoch=27 loss_total=0.647579 loss_rec=0.596485 valid_auc=0.685056 valid_rmse=0.476063 q_change=52 q_delta=0.354167 q_grad=0.001843
epoch=28 loss_total=0.649468 loss_rec=0.598718 valid_auc=0.684665 valid_rmse=0.475651 q_change=52 q_delta=0.355851 q_grad=0.001928
epoch=29 loss_total=0.643569 loss_rec=0.593183 valid_auc=0.687779 valid_rmse=0.474627 q_change=52 q_delta=0.357420 q_grad=0.001934
epoch=30 loss_total=0.642775 loss_rec=0.592672 valid_auc=0.689810 valid_rmse=0.475337 q_change=51 q_delta=0.358555 q_grad=0.001912
epoch=31 loss_total=0.638507 loss_rec=0.588683 valid_auc=0.689888 valid_rmse=0.474407 q_change=51 q_delta=0.359816 q_grad=0.001927
epoch=32 loss_total=0.638654 loss_rec=0.589127 valid_auc=0.691908 valid_rmse=0.474034 q_change=51 q_delta=0.361226 q_grad=0.001994
epoch=33 loss_total=0.635260 loss_rec=0.585975 valid_auc=0.691484 valid_rmse=0.473193 q_change=51 q_delta=0.362726 q_grad=0.001988
epoch=34 loss_total=0.635168 loss_rec=0.586157 valid_auc=0.689386 valid_rmse=0.473459 q_change=51 q_delta=0.363712 q_grad=0.001991
epoch=35 loss_total=0.634387 loss_rec=0.585591 valid_auc=0.693092 valid_rmse=0.472243 q_change=51 q_delta=0.364851 q_grad=0.001972
epoch=36 loss_total=0.628270 loss_rec=0.579662 valid_auc=0.694844 valid_rmse=0.472667 q_change=50 q_delta=0.365467 q_grad=0.002048
epoch=37 loss_total=0.622727 loss_rec=0.574289 valid_auc=0.693828 valid_rmse=0.473677 q_change=50 q_delta=0.366151 q_grad=0.002083
epoch=38 loss_total=0.618819 loss_rec=0.570567 valid_auc=0.693728 valid_rmse=0.474973 q_change=49 q_delta=0.366834 q_grad=0.002175
epoch=39 loss_total=0.618495 loss_rec=0.570380 valid_auc=0.694520 valid_rmse=0.472743 q_change=48 q_delta=0.367634 q_grad=0.002141
epoch=40 loss_total=0.613435 loss_rec=0.565520 valid_auc=0.693783 valid_rmse=0.473907 q_change=48 q_delta=0.368532 q_grad=0.002198
epoch=41 loss_total=0.606970 loss_rec=0.559224 valid_auc=0.694665 valid_rmse=0.475261 q_change=48 q_delta=0.369289 q_grad=0.002209
epoch=42 loss_total=0.607099 loss_rec=0.559500 valid_auc=0.689967 valid_rmse=0.475921 q_change=47 q_delta=0.370076 q_grad=0.002363
epoch=43 loss_total=0.600522 loss_rec=0.553034 valid_auc=0.691998 valid_rmse=0.476556 q_change=47 q_delta=0.370857 q_grad=0.002331
epoch=44 loss_total=0.596343 loss_rec=0.549025 valid_auc=0.692143 valid_rmse=0.477121 q_change=45 q_delta=0.371282 q_grad=0.002410
epoch=45 loss_total=0.589963 loss_rec=0.542817 valid_auc=0.690357 valid_rmse=0.481415 q_change=45 q_delta=0.371894 q_grad=0.002450
epoch=46 loss_total=0.589429 loss_rec=0.542425 valid_auc=0.693259 valid_rmse=0.476838 q_change=44 q_delta=0.373144 q_grad=0.002441
epoch=47 loss_total=0.582884 loss_rec=0.536087 valid_auc=0.689888 valid_rmse=0.480268 q_change=44 q_delta=0.374267 q_grad=0.002456
epoch=48 loss_total=0.579425 loss_rec=0.532830 valid_auc=0.688672 valid_rmse=0.479222 q_change=43 q_delta=0.375651 q_grad=0.002561
epoch=49 loss_total=0.571618 loss_rec=0.525198 valid_auc=0.692098 valid_rmse=0.478738 q_change=43 q_delta=0.376780 q_grad=0.002546
epoch=50 loss_total=0.566315 loss_rec=0.520055 valid_auc=0.689029 valid_rmse=0.482297 q_change=43 q_delta=0.377908 q_grad=0.002556
epoch=51 loss_total=0.563947 loss_rec=0.517945 valid_auc=0.690290 valid_rmse=0.482748 q_change=43 q_delta=0.378975 q_grad=0.002625
epoch=52 loss_total=0.562094 loss_rec=0.516291 valid_auc=0.689900 valid_rmse=0.481617 q_change=42 q_delta=0.380027 q_grad=0.002641
epoch=53 loss_total=0.560935 loss_rec=0.515303 valid_auc=0.689375 valid_rmse=0.481428 q_change=42 q_delta=0.380909 q_grad=0.002681
epoch=54 loss_total=0.553540 loss_rec=0.508122 valid_auc=0.685279 valid_rmse=0.483824 q_change=42 q_delta=0.381885 q_grad=0.002707
epoch=55 loss_total=0.547268 loss_rec=0.502056 valid_auc=0.690759 valid_rmse=0.480765 q_change=42 q_delta=0.382891 q_grad=0.002637
epoch=56 loss_total=0.546481 loss_rec=0.501450 valid_auc=0.685904 valid_rmse=0.483361 q_change=41 q_delta=0.383624 q_grad=0.002719
Early stopping at epoch 56; best_epoch=36.
Saved run to C:\Users\YAN_SHU_YU\Desktop\Generative-CD\Q_GNCDM\results\weak_q_lambda_sweep\lq_0p05_ls_0p2_lb_0p2\seed_2026\noise_0.20\weak-q_lq_0p05_ls_0p2_lb_0p2
Final metrics: q_hat_f1=0.246154 response_auc=0.692053 mastery_pearson=0.417794
