run=weak-q_lq_0p5_ls_0p5_lb_0p4 mode=weak-q noise=0.20 train=4200 valid=600 test=1200
epoch=1 loss_total=1.041307 loss_rec=0.725659 valid_auc=0.587768 valid_rmse=0.499752 q_change=57 q_delta=0.078468 q_grad=0.000511
epoch=2 loss_total=0.984214 loss_rec=0.705894 valid_auc=0.594743 valid_rmse=0.499293 q_change=57 q_delta=0.146879 q_grad=0.000449
epoch=3 loss_total=0.947580 loss_rec=0.699893 valid_auc=0.608806 valid_rmse=0.498467 q_change=57 q_delta=0.203436 q_grad=0.000394
epoch=4 loss_total=0.916767 loss_rec=0.693496 valid_auc=0.629174 valid_rmse=0.497678 q_change=57 q_delta=0.248814 q_grad=0.000344
epoch=5 loss_total=0.897593 loss_rec=0.692925 valid_auc=0.650480 valid_rmse=0.495556 q_change=57 q_delta=0.283502 q_grad=0.000313
epoch=6 loss_total=0.877748 loss_rec=0.686869 valid_auc=0.663694 valid_rmse=0.493612 q_change=57 q_delta=0.308734 q_grad=0.000305
epoch=7 loss_total=0.856433 loss_rec=0.675247 valid_auc=0.662690 valid_rmse=0.489034 q_change=57 q_delta=0.325818 q_grad=0.000344
epoch=8 loss_total=0.837275 loss_rec=0.662130 valid_auc=0.660480 valid_rmse=0.483394 q_change=57 q_delta=0.336165 q_grad=0.000484
epoch=9 loss_total=0.821880 loss_rec=0.650853 valid_auc=0.667734 valid_rmse=0.478289 q_change=57 q_delta=0.344762 q_grad=0.000660
epoch=10 loss_total=0.818977 loss_rec=0.651630 valid_auc=0.669710 valid_rmse=0.478379 q_change=57 q_delta=0.351577 q_grad=0.000765
epoch=11 loss_total=0.813010 loss_rec=0.648303 valid_auc=0.671975 valid_rmse=0.477033 q_change=57 q_delta=0.357273 q_grad=0.000893
epoch=12 loss_total=0.801518 loss_rec=0.639116 valid_auc=0.674989 valid_rmse=0.477627 q_change=57 q_delta=0.361432 q_grad=0.000984
epoch=13 loss_total=0.796653 loss_rec=0.636090 valid_auc=0.676897 valid_rmse=0.474912 q_change=57 q_delta=0.365179 q_grad=0.001035
epoch=14 loss_total=0.794431 loss_rec=0.635196 valid_auc=0.678092 valid_rmse=0.476134 q_change=57 q_delta=0.367406 q_grad=0.001168
epoch=15 loss_total=0.790465 loss_rec=0.632285 valid_auc=0.678705 valid_rmse=0.474318 q_change=57 q_delta=0.369778 q_grad=0.001267
epoch=16 loss_total=0.790367 loss_rec=0.633015 valid_auc=0.681674 valid_rmse=0.474034 q_change=57 q_delta=0.371075 q_grad=0.001411
epoch=17 loss_total=0.787008 loss_rec=0.630351 valid_auc=0.682176 valid_rmse=0.473991 q_change=57 q_delta=0.372239 q_grad=0.001392
epoch=18 loss_total=0.779877 loss_rec=0.623659 valid_auc=0.683158 valid_rmse=0.473353 q_change=56 q_delta=0.373148 q_grad=0.001462
epoch=19 loss_total=0.777985 loss_rec=0.622299 valid_auc=0.683906 valid_rmse=0.474064 q_change=56 q_delta=0.374501 q_grad=0.001588
epoch=20 loss_total=0.775202 loss_rec=0.619803 valid_auc=0.686239 valid_rmse=0.472095 q_change=56 q_delta=0.375839 q_grad=0.001696
epoch=21 loss_total=0.770505 loss_rec=0.615429 valid_auc=0.687757 valid_rmse=0.473824 q_change=56 q_delta=0.376605 q_grad=0.001640
epoch=22 loss_total=0.767722 loss_rec=0.612855 valid_auc=0.688850 valid_rmse=0.472654 q_change=55 q_delta=0.377368 q_grad=0.001801
epoch=23 loss_total=0.764568 loss_rec=0.609942 valid_auc=0.686038 valid_rmse=0.472606 q_change=55 q_delta=0.378526 q_grad=0.001791
epoch=24 loss_total=0.759394 loss_rec=0.605042 valid_auc=0.685011 valid_rmse=0.473434 q_change=55 q_delta=0.379658 q_grad=0.001823
epoch=25 loss_total=0.760504 loss_rec=0.606455 valid_auc=0.685781 valid_rmse=0.473471 q_change=55 q_delta=0.380443 q_grad=0.001957
epoch=26 loss_total=0.757802 loss_rec=0.603967 valid_auc=0.686853 valid_rmse=0.474153 q_change=54 q_delta=0.381265 q_grad=0.001940
epoch=27 loss_total=0.754021 loss_rec=0.600378 valid_auc=0.687679 valid_rmse=0.475072 q_change=53 q_delta=0.381888 q_grad=0.001913
epoch=28 loss_total=0.756421 loss_rec=0.603043 valid_auc=0.687924 valid_rmse=0.474006 q_change=53 q_delta=0.383225 q_grad=0.001984
epoch=29 loss_total=0.749782 loss_rec=0.596647 valid_auc=0.689777 valid_rmse=0.473392 q_change=52 q_delta=0.384432 q_grad=0.002012
epoch=30 loss_total=0.749002 loss_rec=0.596027 valid_auc=0.691897 valid_rmse=0.473900 q_change=52 q_delta=0.385666 q_grad=0.001981
epoch=31 loss_total=0.745018 loss_rec=0.592175 valid_auc=0.691116 valid_rmse=0.473498 q_change=52 q_delta=0.387044 q_grad=0.002017
epoch=32 loss_total=0.746026 loss_rec=0.593368 valid_auc=0.693460 valid_rmse=0.473344 q_change=52 q_delta=0.388374 q_grad=0.002065
epoch=33 loss_total=0.743279 loss_rec=0.590766 valid_auc=0.692377 valid_rmse=0.471643 q_change=52 q_delta=0.389768 q_grad=0.002058
epoch=34 loss_total=0.742636 loss_rec=0.590321 valid_auc=0.689721 valid_rmse=0.472118 q_change=52 q_delta=0.390777 q_grad=0.002054
epoch=35 loss_total=0.741886 loss_rec=0.589738 valid_auc=0.694196 valid_rmse=0.470957 q_change=52 q_delta=0.391772 q_grad=0.002037
epoch=36 loss_total=0.735826 loss_rec=0.583738 valid_auc=0.695246 valid_rmse=0.471975 q_change=52 q_delta=0.392370 q_grad=0.002117
epoch=37 loss_total=0.731107 loss_rec=0.579132 valid_auc=0.693672 valid_rmse=0.472766 q_change=52 q_delta=0.393200 q_grad=0.002126
epoch=38 loss_total=0.728644 loss_rec=0.576848 valid_auc=0.693929 valid_rmse=0.474064 q_change=52 q_delta=0.393950 q_grad=0.002241
epoch=39 loss_total=0.729440 loss_rec=0.577782 valid_auc=0.694096 valid_rmse=0.471652 q_change=51 q_delta=0.394948 q_grad=0.002181
epoch=40 loss_total=0.724927 loss_rec=0.573438 valid_auc=0.693806 valid_rmse=0.472430 q_change=51 q_delta=0.395482 q_grad=0.002241
epoch=41 loss_total=0.720125 loss_rec=0.568810 valid_auc=0.695234 valid_rmse=0.473683 q_change=51 q_delta=0.396265 q_grad=0.002251
epoch=42 loss_total=0.721735 loss_rec=0.570538 valid_auc=0.691674 valid_rmse=0.473214 q_change=51 q_delta=0.397291 q_grad=0.002371
epoch=43 loss_total=0.716086 loss_rec=0.564975 valid_auc=0.692556 valid_rmse=0.473892 q_change=51 q_delta=0.397813 q_grad=0.002345
epoch=44 loss_total=0.715035 loss_rec=0.564059 valid_auc=0.691417 valid_rmse=0.474965 q_change=51 q_delta=0.398689 q_grad=0.002423
epoch=45 loss_total=0.709545 loss_rec=0.558715 valid_auc=0.691808 valid_rmse=0.478789 q_change=51 q_delta=0.399100 q_grad=0.002476
epoch=46 loss_total=0.709322 loss_rec=0.558549 valid_auc=0.694029 valid_rmse=0.472859 q_change=50 q_delta=0.399988 q_grad=0.002461
epoch=47 loss_total=0.705347 loss_rec=0.554701 valid_auc=0.692165 valid_rmse=0.475815 q_change=50 q_delta=0.400430 q_grad=0.002477
epoch=48 loss_total=0.702055 loss_rec=0.551497 valid_auc=0.692556 valid_rmse=0.474390 q_change=50 q_delta=0.401126 q_grad=0.002588
epoch=49 loss_total=0.697873 loss_rec=0.547391 valid_auc=0.693839 valid_rmse=0.473988 q_change=50 q_delta=0.401669 q_grad=0.002616
epoch=50 loss_total=0.692864 loss_rec=0.542464 valid_auc=0.691540 valid_rmse=0.476203 q_change=50 q_delta=0.402278 q_grad=0.002600
epoch=51 loss_total=0.691312 loss_rec=0.541036 valid_auc=0.693906 valid_rmse=0.477567 q_change=50 q_delta=0.402695 q_grad=0.002703
epoch=52 loss_total=0.692110 loss_rec=0.541940 valid_auc=0.692344 valid_rmse=0.475685 q_change=50 q_delta=0.403413 q_grad=0.002750
epoch=53 loss_total=0.692111 loss_rec=0.541990 valid_auc=0.693694 valid_rmse=0.474888 q_change=50 q_delta=0.403842 q_grad=0.002791
epoch=54 loss_total=0.683695 loss_rec=0.533654 valid_auc=0.689833 valid_rmse=0.477472 q_change=50 q_delta=0.404095 q_grad=0.002800
epoch=55 loss_total=0.679586 loss_rec=0.529607 valid_auc=0.696172 valid_rmse=0.474477 q_change=50 q_delta=0.404489 q_grad=0.002797
epoch=56 loss_total=0.679355 loss_rec=0.529431 valid_auc=0.691004 valid_rmse=0.476955 q_change=50 q_delta=0.404787 q_grad=0.002887
epoch=57 loss_total=0.676977 loss_rec=0.527094 valid_auc=0.690089 valid_rmse=0.479122 q_change=50 q_delta=0.405101 q_grad=0.002993
epoch=58 loss_total=0.670192 loss_rec=0.520380 valid_auc=0.690446 valid_rmse=0.481578 q_change=50 q_delta=0.405316 q_grad=0.002937
epoch=59 loss_total=0.670644 loss_rec=0.520946 valid_auc=0.692556 valid_rmse=0.476799 q_change=50 q_delta=0.405718 q_grad=0.002937
epoch=60 loss_total=0.668867 loss_rec=0.519214 valid_auc=0.692310 valid_rmse=0.477758 q_change=50 q_delta=0.405867 q_grad=0.002943
epoch=61 loss_total=0.665445 loss_rec=0.515788 valid_auc=0.690100 valid_rmse=0.478159 q_change=50 q_delta=0.406087 q_grad=0.003099
epoch=62 loss_total=0.662251 loss_rec=0.512725 valid_auc=0.692254 valid_rmse=0.478247 q_change=50 q_delta=0.406257 q_grad=0.003020
epoch=63 loss_total=0.661954 loss_rec=0.512457 valid_auc=0.689096 valid_rmse=0.479633 q_change=50 q_delta=0.406368 q_grad=0.003147
epoch=64 loss_total=0.661655 loss_rec=0.512181 valid_auc=0.691183 valid_rmse=0.482341 q_change=50 q_delta=0.406299 q_grad=0.003149
epoch=65 loss_total=0.656967 loss_rec=0.507516 valid_auc=0.690145 valid_rmse=0.479512 q_change=50 q_delta=0.406585 q_grad=0.002997
epoch=66 loss_total=0.658209 loss_rec=0.508809 valid_auc=0.688036 valid_rmse=0.481058 q_change=50 q_delta=0.406600 q_grad=0.003221
epoch=67 loss_total=0.658537 loss_rec=0.509164 valid_auc=0.687935 valid_rmse=0.481908 q_change=50 q_delta=0.406666 q_grad=0.003245
epoch=68 loss_total=0.650521 loss_rec=0.501199 valid_auc=0.688092 valid_rmse=0.485681 q_change=50 q_delta=0.406535 q_grad=0.003143
epoch=69 loss_total=0.648313 loss_rec=0.498996 valid_auc=0.689375 valid_rmse=0.488267 q_change=50 q_delta=0.406639 q_grad=0.003301
epoch=70 loss_total=0.645957 loss_rec=0.496683 valid_auc=0.686049 valid_rmse=0.482216 q_change=50 q_delta=0.406882 q_grad=0.003363
epoch=71 loss_total=0.647019 loss_rec=0.497810 valid_auc=0.689810 valid_rmse=0.481448 q_change=50 q_delta=0.406844 q_grad=0.003284
epoch=72 loss_total=0.645721 loss_rec=0.496496 valid_auc=0.687679 valid_rmse=0.481975 q_change=50 q_delta=0.406934 q_grad=0.003322
epoch=73 loss_total=0.639673 loss_rec=0.490480 valid_auc=0.684777 valid_rmse=0.484098 q_change=50 q_delta=0.406963 q_grad=0.003358
epoch=74 loss_total=0.646134 loss_rec=0.496974 valid_auc=0.685324 valid_rmse=0.483697 q_change=50 q_delta=0.407006 q_grad=0.003309
epoch=75 loss_total=0.643188 loss_rec=0.494020 valid_auc=0.684888 valid_rmse=0.490408 q_change=50 q_delta=0.406772 q_grad=0.003321
Early stopping at epoch 75; best_epoch=55.
Saved run to C:\Users\YAN_SHU_YU\Desktop\Generative-CD\Q_GNCDM\results\weak_q_lambda_sweep\lq_0p5_ls_0p5_lb_0p4\seed_2026\noise_0.20\weak-q_lq_0p5_ls_0p5_lb_0p4
Final metrics: q_hat_f1=0.222222 response_auc=0.684648 mastery_pearson=0.430818
