run=weak-q_lq_0p4_ls_0p9_lb_0p05 mode=weak-q noise=0.20 train=4200 valid=600 test=1200
epoch=1 loss_total=1.129608 loss_rec=0.725663 valid_auc=0.587455 valid_rmse=0.499758 q_change=57 q_delta=0.078680 q_grad=0.000878
epoch=2 loss_total=1.046964 loss_rec=0.705940 valid_auc=0.593147 valid_rmse=0.499336 q_change=57 q_delta=0.147170 q_grad=0.000758
epoch=3 loss_total=0.990950 loss_rec=0.700063 valid_auc=0.603973 valid_rmse=0.498600 q_change=57 q_delta=0.203684 q_grad=0.000645
epoch=4 loss_total=0.945983 loss_rec=0.693904 valid_auc=0.620056 valid_rmse=0.497972 q_change=57 q_delta=0.249029 q_grad=0.000544
epoch=5 loss_total=0.916638 loss_rec=0.693801 valid_auc=0.640346 valid_rmse=0.496168 q_change=57 q_delta=0.284404 q_grad=0.000459
epoch=6 loss_total=0.889876 loss_rec=0.688938 valid_auc=0.656451 valid_rmse=0.495058 q_change=57 q_delta=0.311469 q_grad=0.000399
epoch=7 loss_total=0.865232 loss_rec=0.680465 valid_auc=0.658181 valid_rmse=0.492385 q_change=57 q_delta=0.331710 q_grad=0.000376
epoch=8 loss_total=0.844662 loss_rec=0.671274 valid_auc=0.654431 valid_rmse=0.487725 q_change=57 q_delta=0.345691 q_grad=0.000422
epoch=9 loss_total=0.825429 loss_rec=0.659855 valid_auc=0.661384 valid_rmse=0.481194 q_change=57 q_delta=0.356227 q_grad=0.000552
epoch=10 loss_total=0.817301 loss_rec=0.658032 valid_auc=0.663158 valid_rmse=0.480481 q_change=57 q_delta=0.364742 q_grad=0.000653
epoch=11 loss_total=0.808920 loss_rec=0.654467 valid_auc=0.665067 valid_rmse=0.479346 q_change=57 q_delta=0.372041 q_grad=0.000768
epoch=12 loss_total=0.795500 loss_rec=0.645336 valid_auc=0.669353 valid_rmse=0.479957 q_change=57 q_delta=0.377858 q_grad=0.000844
epoch=13 loss_total=0.789766 loss_rec=0.643119 valid_auc=0.671272 valid_rmse=0.476749 q_change=57 q_delta=0.382910 q_grad=0.000878
epoch=14 loss_total=0.786302 loss_rec=0.642338 valid_auc=0.671194 valid_rmse=0.478136 q_change=57 q_delta=0.386595 q_grad=0.000986
epoch=15 loss_total=0.781953 loss_rec=0.640269 valid_auc=0.672288 valid_rmse=0.476256 q_change=57 q_delta=0.390163 q_grad=0.001067
epoch=16 loss_total=0.780968 loss_rec=0.641141 valid_auc=0.675804 valid_rmse=0.476077 q_change=57 q_delta=0.392793 q_grad=0.001188
epoch=17 loss_total=0.777852 loss_rec=0.639712 valid_auc=0.676920 valid_rmse=0.476352 q_change=57 q_delta=0.395129 q_grad=0.001173
epoch=18 loss_total=0.770856 loss_rec=0.634042 valid_auc=0.679129 valid_rmse=0.475142 q_change=57 q_delta=0.397247 q_grad=0.001235
epoch=19 loss_total=0.768447 loss_rec=0.632923 valid_auc=0.679107 valid_rmse=0.475746 q_change=57 q_delta=0.399054 q_grad=0.001345
epoch=20 loss_total=0.766696 loss_rec=0.632147 valid_auc=0.681886 valid_rmse=0.473888 q_change=57 q_delta=0.400712 q_grad=0.001457
epoch=21 loss_total=0.762404 loss_rec=0.628791 valid_auc=0.681975 valid_rmse=0.475500 q_change=57 q_delta=0.401779 q_grad=0.001415
epoch=22 loss_total=0.760953 loss_rec=0.628012 valid_auc=0.683359 valid_rmse=0.474011 q_change=57 q_delta=0.402786 q_grad=0.001557
epoch=23 loss_total=0.757635 loss_rec=0.625316 valid_auc=0.682478 valid_rmse=0.473654 q_change=57 q_delta=0.403929 q_grad=0.001573
epoch=24 loss_total=0.753003 loss_rec=0.621246 valid_auc=0.681261 valid_rmse=0.474112 q_change=57 q_delta=0.404726 q_grad=0.001625
epoch=25 loss_total=0.755401 loss_rec=0.624101 valid_auc=0.681953 valid_rmse=0.473986 q_change=57 q_delta=0.405258 q_grad=0.001774
epoch=26 loss_total=0.752606 loss_rec=0.621665 valid_auc=0.682846 valid_rmse=0.475059 q_change=57 q_delta=0.405845 q_grad=0.001768
epoch=27 loss_total=0.749509 loss_rec=0.618765 valid_auc=0.686016 valid_rmse=0.475121 q_change=57 q_delta=0.406143 q_grad=0.001764
epoch=28 loss_total=0.751965 loss_rec=0.621481 valid_auc=0.684152 valid_rmse=0.474140 q_change=56 q_delta=0.406804 q_grad=0.001852
epoch=29 loss_total=0.746953 loss_rec=0.616683 valid_auc=0.686897 valid_rmse=0.473470 q_change=56 q_delta=0.407595 q_grad=0.001893
epoch=30 loss_total=0.747209 loss_rec=0.617124 valid_auc=0.687857 valid_rmse=0.473496 q_change=56 q_delta=0.408320 q_grad=0.001856
epoch=31 loss_total=0.743481 loss_rec=0.613416 valid_auc=0.689531 valid_rmse=0.473600 q_change=56 q_delta=0.409064 q_grad=0.001893
epoch=32 loss_total=0.745599 loss_rec=0.615717 valid_auc=0.690792 valid_rmse=0.474000 q_change=56 q_delta=0.409665 q_grad=0.001945
epoch=33 loss_total=0.744113 loss_rec=0.614357 valid_auc=0.688806 valid_rmse=0.472311 q_change=56 q_delta=0.410517 q_grad=0.001913
epoch=34 loss_total=0.743093 loss_rec=0.613538 valid_auc=0.688739 valid_rmse=0.472158 q_change=56 q_delta=0.411053 q_grad=0.001908
epoch=35 loss_total=0.743759 loss_rec=0.614377 valid_auc=0.691708 valid_rmse=0.471276 q_change=56 q_delta=0.411548 q_grad=0.001880
epoch=36 loss_total=0.740162 loss_rec=0.610751 valid_auc=0.694051 valid_rmse=0.472083 q_change=56 q_delta=0.411660 q_grad=0.001934
epoch=37 loss_total=0.734697 loss_rec=0.605337 valid_auc=0.692835 valid_rmse=0.471848 q_change=56 q_delta=0.412082 q_grad=0.001933
epoch=38 loss_total=0.734135 loss_rec=0.604960 valid_auc=0.692511 valid_rmse=0.474111 q_change=56 q_delta=0.412458 q_grad=0.002039
epoch=39 loss_total=0.736673 loss_rec=0.607582 valid_auc=0.692779 valid_rmse=0.471128 q_change=55 q_delta=0.412964 q_grad=0.001965
epoch=40 loss_total=0.732420 loss_rec=0.603421 valid_auc=0.693694 valid_rmse=0.471257 q_change=55 q_delta=0.413283 q_grad=0.002000
epoch=41 loss_total=0.728757 loss_rec=0.599867 valid_auc=0.695368 valid_rmse=0.471700 q_change=55 q_delta=0.413940 q_grad=0.001991
epoch=42 loss_total=0.732591 loss_rec=0.603735 valid_auc=0.691730 valid_rmse=0.471778 q_change=55 q_delta=0.414634 q_grad=0.002077
epoch=43 loss_total=0.727868 loss_rec=0.598980 valid_auc=0.692768 valid_rmse=0.471913 q_change=55 q_delta=0.415083 q_grad=0.002015
epoch=44 loss_total=0.729409 loss_rec=0.600669 valid_auc=0.692634 valid_rmse=0.472249 q_change=55 q_delta=0.415773 q_grad=0.002068
epoch=45 loss_total=0.725591 loss_rec=0.596995 valid_auc=0.693192 valid_rmse=0.475066 q_change=55 q_delta=0.416231 q_grad=0.002098
epoch=46 loss_total=0.726710 loss_rec=0.598146 valid_auc=0.694766 valid_rmse=0.470601 q_change=55 q_delta=0.416905 q_grad=0.002049
epoch=47 loss_total=0.724145 loss_rec=0.595735 valid_auc=0.695748 valid_rmse=0.471672 q_change=54 q_delta=0.417421 q_grad=0.002071
epoch=48 loss_total=0.723086 loss_rec=0.594735 valid_auc=0.694196 valid_rmse=0.471130 q_change=54 q_delta=0.417862 q_grad=0.002128
epoch=49 loss_total=0.720901 loss_rec=0.592608 valid_auc=0.694833 valid_rmse=0.471294 q_change=54 q_delta=0.418232 q_grad=0.002159
epoch=50 loss_total=0.716839 loss_rec=0.588579 valid_auc=0.692377 valid_rmse=0.472278 q_change=54 q_delta=0.418552 q_grad=0.002068
epoch=51 loss_total=0.717214 loss_rec=0.589032 valid_auc=0.693984 valid_rmse=0.473947 q_change=54 q_delta=0.418764 q_grad=0.002202
epoch=52 loss_total=0.718671 loss_rec=0.590516 valid_auc=0.691975 valid_rmse=0.472192 q_change=54 q_delta=0.419144 q_grad=0.002205
epoch=53 loss_total=0.719573 loss_rec=0.591383 valid_auc=0.694386 valid_rmse=0.471862 q_change=54 q_delta=0.419352 q_grad=0.002215
epoch=54 loss_total=0.711137 loss_rec=0.582899 valid_auc=0.691808 valid_rmse=0.473597 q_change=54 q_delta=0.419452 q_grad=0.002190
epoch=55 loss_total=0.709875 loss_rec=0.581639 valid_auc=0.695748 valid_rmse=0.471778 q_change=54 q_delta=0.419611 q_grad=0.002238
epoch=56 loss_total=0.710802 loss_rec=0.582450 valid_auc=0.692243 valid_rmse=0.472477 q_change=53 q_delta=0.419685 q_grad=0.002269
epoch=57 loss_total=0.707927 loss_rec=0.579449 valid_auc=0.692333 valid_rmse=0.475297 q_change=53 q_delta=0.419786 q_grad=0.002373
epoch=58 loss_total=0.703410 loss_rec=0.574719 valid_auc=0.690636 valid_rmse=0.476455 q_change=53 q_delta=0.420238 q_grad=0.002348
epoch=59 loss_total=0.702815 loss_rec=0.574108 valid_auc=0.690167 valid_rmse=0.473215 q_change=53 q_delta=0.420787 q_grad=0.002337
epoch=60 loss_total=0.700966 loss_rec=0.572105 valid_auc=0.691507 valid_rmse=0.474952 q_change=52 q_delta=0.421044 q_grad=0.002377
epoch=61 loss_total=0.698485 loss_rec=0.569413 valid_auc=0.691429 valid_rmse=0.474396 q_change=51 q_delta=0.421645 q_grad=0.002457
epoch=62 loss_total=0.694124 loss_rec=0.564946 valid_auc=0.690826 valid_rmse=0.474143 q_change=51 q_delta=0.422360 q_grad=0.002425
epoch=63 loss_total=0.693895 loss_rec=0.564552 valid_auc=0.688058 valid_rmse=0.474950 q_change=51 q_delta=0.422884 q_grad=0.002487
epoch=64 loss_total=0.695413 loss_rec=0.566021 valid_auc=0.693315 valid_rmse=0.477586 q_change=51 q_delta=0.423264 q_grad=0.002540
epoch=65 loss_total=0.688732 loss_rec=0.559232 valid_auc=0.690725 valid_rmse=0.474158 q_change=51 q_delta=0.423971 q_grad=0.002432
epoch=66 loss_total=0.688798 loss_rec=0.559260 valid_auc=0.689431 valid_rmse=0.475242 q_change=51 q_delta=0.424384 q_grad=0.002637
epoch=67 loss_total=0.689692 loss_rec=0.560077 valid_auc=0.688717 valid_rmse=0.476453 q_change=51 q_delta=0.424727 q_grad=0.002640
epoch=68 loss_total=0.683665 loss_rec=0.554030 valid_auc=0.690871 valid_rmse=0.478786 q_change=51 q_delta=0.425065 q_grad=0.002641
epoch=69 loss_total=0.679527 loss_rec=0.549888 valid_auc=0.693125 valid_rmse=0.482402 q_change=52 q_delta=0.425314 q_grad=0.002750
epoch=70 loss_total=0.677347 loss_rec=0.547667 valid_auc=0.688750 valid_rmse=0.475590 q_change=52 q_delta=0.425774 q_grad=0.002797
epoch=71 loss_total=0.678843 loss_rec=0.549226 valid_auc=0.690257 valid_rmse=0.475070 q_change=52 q_delta=0.426103 q_grad=0.002822
epoch=72 loss_total=0.675915 loss_rec=0.546269 valid_auc=0.689464 valid_rmse=0.475551 q_change=52 q_delta=0.426264 q_grad=0.002819
epoch=73 loss_total=0.671634 loss_rec=0.542039 valid_auc=0.686016 valid_rmse=0.476818 q_change=52 q_delta=0.426483 q_grad=0.002914
epoch=74 loss_total=0.676281 loss_rec=0.546686 valid_auc=0.687020 valid_rmse=0.476894 q_change=52 q_delta=0.426700 q_grad=0.002843
epoch=75 loss_total=0.672777 loss_rec=0.543150 valid_auc=0.684219 valid_rmse=0.484464 q_change=52 q_delta=0.426737 q_grad=0.002851
Early stopping at epoch 75; best_epoch=55.
Saved run to C:\Users\YAN_SHU_YU\Desktop\Generative-CD\Q_GNCDM\results\weak_q_lambda_sweep\lq_0p4_ls_0p9_lb_0p05\seed_2026\noise_0.20\weak-q_lq_0p4_ls_0p9_lb_0p05
Final metrics: q_hat_f1=0.101695 response_auc=0.687859 mastery_pearson=0.345021
