run=weak-q_lq_0p9_ls_0p3_lb_0p5 mode=weak-q noise=0.20 train=4200 valid=600 test=1200
epoch=1 loss_total=0.979838 loss_rec=0.725637 valid_auc=0.588594 valid_rmse=0.499730 q_change=57 q_delta=0.074996 q_grad=0.000291
epoch=2 loss_total=0.941749 loss_rec=0.705532 valid_auc=0.598984 valid_rmse=0.499088 q_change=57 q_delta=0.131886 q_grad=0.000220
epoch=3 loss_total=0.923935 loss_rec=0.698548 valid_auc=0.618504 valid_rmse=0.497707 q_change=57 q_delta=0.172252 q_grad=0.000193
epoch=4 loss_total=0.908560 loss_rec=0.689698 valid_auc=0.643817 valid_rmse=0.495412 q_change=57 q_delta=0.199982 q_grad=0.000199
epoch=5 loss_total=0.898282 loss_rec=0.682767 valid_auc=0.661786 valid_rmse=0.489429 q_change=56 q_delta=0.214098 q_grad=0.000266
epoch=6 loss_total=0.875839 loss_rec=0.661287 valid_auc=0.669944 valid_rmse=0.480657 q_change=54 q_delta=0.216988 q_grad=0.000441
epoch=7 loss_total=0.849973 loss_rec=0.635475 valid_auc=0.676585 valid_rmse=0.476383 q_change=53 q_delta=0.219144 q_grad=0.000677
epoch=8 loss_total=0.840713 loss_rec=0.626489 valid_auc=0.678471 valid_rmse=0.475624 q_change=51 q_delta=0.221776 q_grad=0.000910
epoch=9 loss_total=0.832381 loss_rec=0.618610 valid_auc=0.684208 valid_rmse=0.472750 q_change=47 q_delta=0.225136 q_grad=0.001036
epoch=10 loss_total=0.834903 loss_rec=0.621711 valid_auc=0.682377 valid_rmse=0.474816 q_change=46 q_delta=0.229242 q_grad=0.001078
epoch=11 loss_total=0.832159 loss_rec=0.619195 valid_auc=0.683036 valid_rmse=0.473472 q_change=45 q_delta=0.233813 q_grad=0.001176
epoch=12 loss_total=0.822815 loss_rec=0.610151 valid_auc=0.682266 valid_rmse=0.475255 q_change=44 q_delta=0.237950 q_grad=0.001215
epoch=13 loss_total=0.818850 loss_rec=0.606509 valid_auc=0.682433 valid_rmse=0.474053 q_change=42 q_delta=0.243188 q_grad=0.001205
epoch=14 loss_total=0.818941 loss_rec=0.606786 valid_auc=0.681496 valid_rmse=0.475947 q_change=39 q_delta=0.247100 q_grad=0.001273
epoch=15 loss_total=0.814205 loss_rec=0.602127 valid_auc=0.683382 valid_rmse=0.474508 q_change=37 q_delta=0.251513 q_grad=0.001295
epoch=16 loss_total=0.815540 loss_rec=0.603476 valid_auc=0.684040 valid_rmse=0.474731 q_change=36 q_delta=0.255640 q_grad=0.001398
epoch=17 loss_total=0.810324 loss_rec=0.598347 valid_auc=0.683393 valid_rmse=0.474642 q_change=35 q_delta=0.259358 q_grad=0.001332
epoch=18 loss_total=0.804115 loss_rec=0.592105 valid_auc=0.684386 valid_rmse=0.474776 q_change=34 q_delta=0.263703 q_grad=0.001372
epoch=19 loss_total=0.802583 loss_rec=0.590602 valid_auc=0.685491 valid_rmse=0.475381 q_change=33 q_delta=0.268445 q_grad=0.001450
epoch=20 loss_total=0.799177 loss_rec=0.587108 valid_auc=0.688080 valid_rmse=0.474091 q_change=32 q_delta=0.273166 q_grad=0.001534
epoch=21 loss_total=0.792869 loss_rec=0.580693 valid_auc=0.689810 valid_rmse=0.474871 q_change=31 q_delta=0.277298 q_grad=0.001473
epoch=22 loss_total=0.789598 loss_rec=0.577322 valid_auc=0.688225 valid_rmse=0.474995 q_change=31 q_delta=0.281589 q_grad=0.001595
epoch=23 loss_total=0.785505 loss_rec=0.573093 valid_auc=0.686484 valid_rmse=0.475501 q_change=29 q_delta=0.285584 q_grad=0.001558
epoch=24 loss_total=0.778759 loss_rec=0.566230 valid_auc=0.687645 valid_rmse=0.476046 q_change=28 q_delta=0.289485 q_grad=0.001616
epoch=25 loss_total=0.776270 loss_rec=0.563537 valid_auc=0.689353 valid_rmse=0.476266 q_change=27 q_delta=0.293309 q_grad=0.001726
epoch=26 loss_total=0.772310 loss_rec=0.559419 valid_auc=0.689699 valid_rmse=0.476313 q_change=27 q_delta=0.297030 q_grad=0.001711
epoch=27 loss_total=0.765614 loss_rec=0.552528 valid_auc=0.688627 valid_rmse=0.479126 q_change=27 q_delta=0.300747 q_grad=0.001725
epoch=28 loss_total=0.766778 loss_rec=0.553501 valid_auc=0.689643 valid_rmse=0.477937 q_change=26 q_delta=0.304601 q_grad=0.001862
epoch=29 loss_total=0.758152 loss_rec=0.544770 valid_auc=0.691473 valid_rmse=0.477542 q_change=25 q_delta=0.307621 q_grad=0.001835
epoch=30 loss_total=0.754356 loss_rec=0.540770 valid_auc=0.693560 valid_rmse=0.478800 q_change=25 q_delta=0.310800 q_grad=0.001924
epoch=31 loss_total=0.748253 loss_rec=0.534550 valid_auc=0.692355 valid_rmse=0.479305 q_change=25 q_delta=0.313432 q_grad=0.001911
epoch=32 loss_total=0.747775 loss_rec=0.533930 valid_auc=0.696440 valid_rmse=0.478351 q_change=25 q_delta=0.316297 q_grad=0.001956
epoch=33 loss_total=0.740753 loss_rec=0.526750 valid_auc=0.693092 valid_rmse=0.478193 q_change=24 q_delta=0.319302 q_grad=0.001968
epoch=34 loss_total=0.740872 loss_rec=0.526799 valid_auc=0.693393 valid_rmse=0.477812 q_change=23 q_delta=0.321578 q_grad=0.001966
epoch=35 loss_total=0.741418 loss_rec=0.527252 valid_auc=0.696763 valid_rmse=0.476526 q_change=23 q_delta=0.323937 q_grad=0.001964
epoch=36 loss_total=0.733112 loss_rec=0.518807 valid_auc=0.695413 valid_rmse=0.477260 q_change=23 q_delta=0.325859 q_grad=0.002015
epoch=37 loss_total=0.729460 loss_rec=0.515041 valid_auc=0.693571 valid_rmse=0.480129 q_change=23 q_delta=0.328116 q_grad=0.002010
epoch=38 loss_total=0.722797 loss_rec=0.508355 valid_auc=0.694241 valid_rmse=0.480462 q_change=23 q_delta=0.330388 q_grad=0.002052
epoch=39 loss_total=0.723704 loss_rec=0.509215 valid_auc=0.694397 valid_rmse=0.479290 q_change=23 q_delta=0.332388 q_grad=0.002028
epoch=40 loss_total=0.721157 loss_rec=0.506610 valid_auc=0.693058 valid_rmse=0.480274 q_change=23 q_delta=0.334318 q_grad=0.002060
epoch=41 loss_total=0.714784 loss_rec=0.500216 valid_auc=0.693895 valid_rmse=0.483027 q_change=24 q_delta=0.336353 q_grad=0.002030
epoch=42 loss_total=0.718822 loss_rec=0.504231 valid_auc=0.692567 valid_rmse=0.481068 q_change=24 q_delta=0.338256 q_grad=0.002163
epoch=43 loss_total=0.712524 loss_rec=0.497916 valid_auc=0.694587 valid_rmse=0.481722 q_change=24 q_delta=0.340061 q_grad=0.002112
epoch=44 loss_total=0.709281 loss_rec=0.494634 valid_auc=0.694833 valid_rmse=0.480527 q_change=24 q_delta=0.341719 q_grad=0.002109
epoch=45 loss_total=0.706743 loss_rec=0.492089 valid_auc=0.693560 valid_rmse=0.485177 q_change=24 q_delta=0.343193 q_grad=0.002103
epoch=46 loss_total=0.706170 loss_rec=0.491451 valid_auc=0.698025 valid_rmse=0.480130 q_change=23 q_delta=0.344857 q_grad=0.002138
epoch=47 loss_total=0.703686 loss_rec=0.488959 valid_auc=0.694710 valid_rmse=0.483411 q_change=22 q_delta=0.346381 q_grad=0.002086
epoch=48 loss_total=0.703288 loss_rec=0.488573 valid_auc=0.696350 valid_rmse=0.481567 q_change=23 q_delta=0.347925 q_grad=0.002157
epoch=49 loss_total=0.696917 loss_rec=0.482186 valid_auc=0.695982 valid_rmse=0.480773 q_change=22 q_delta=0.349217 q_grad=0.002119
epoch=50 loss_total=0.693614 loss_rec=0.478867 valid_auc=0.695134 valid_rmse=0.484891 q_change=22 q_delta=0.350763 q_grad=0.002117
epoch=51 loss_total=0.693927 loss_rec=0.479197 valid_auc=0.696239 valid_rmse=0.484725 q_change=22 q_delta=0.351959 q_grad=0.002189
epoch=52 loss_total=0.694309 loss_rec=0.479579 valid_auc=0.694643 valid_rmse=0.483397 q_change=22 q_delta=0.353392 q_grad=0.002180
epoch=53 loss_total=0.696487 loss_rec=0.481752 valid_auc=0.694408 valid_rmse=0.482919 q_change=22 q_delta=0.354607 q_grad=0.002160
epoch=54 loss_total=0.690193 loss_rec=0.475429 valid_auc=0.692868 valid_rmse=0.484315 q_change=22 q_delta=0.355819 q_grad=0.002217
epoch=55 loss_total=0.685395 loss_rec=0.470647 valid_auc=0.700056 valid_rmse=0.480464 q_change=23 q_delta=0.356848 q_grad=0.002153
epoch=56 loss_total=0.683697 loss_rec=0.468951 valid_auc=0.695937 valid_rmse=0.483725 q_change=23 q_delta=0.358041 q_grad=0.002142
epoch=57 loss_total=0.685148 loss_rec=0.470369 valid_auc=0.694074 valid_rmse=0.485635 q_change=23 q_delta=0.359110 q_grad=0.002282
epoch=58 loss_total=0.678561 loss_rec=0.463778 valid_auc=0.695714 valid_rmse=0.485810 q_change=23 q_delta=0.360114 q_grad=0.002192
epoch=59 loss_total=0.675931 loss_rec=0.461181 valid_auc=0.697600 valid_rmse=0.482996 q_change=23 q_delta=0.361146 q_grad=0.002160
epoch=60 loss_total=0.679692 loss_rec=0.464945 valid_auc=0.697355 valid_rmse=0.484168 q_change=23 q_delta=0.361988 q_grad=0.002211
epoch=61 loss_total=0.677546 loss_rec=0.462806 valid_auc=0.695837 valid_rmse=0.483166 q_change=23 q_delta=0.362841 q_grad=0.002242
epoch=62 loss_total=0.672590 loss_rec=0.457864 valid_auc=0.698326 valid_rmse=0.483526 q_change=23 q_delta=0.363775 q_grad=0.002149
epoch=63 loss_total=0.673086 loss_rec=0.458358 valid_auc=0.696429 valid_rmse=0.484763 q_change=23 q_delta=0.364596 q_grad=0.002238
epoch=64 loss_total=0.673701 loss_rec=0.458978 valid_auc=0.697746 valid_rmse=0.486884 q_change=23 q_delta=0.365442 q_grad=0.002233
epoch=65 loss_total=0.670858 loss_rec=0.456154 valid_auc=0.695480 valid_rmse=0.485050 q_change=23 q_delta=0.366475 q_grad=0.002149
epoch=66 loss_total=0.670159 loss_rec=0.455473 valid_auc=0.694788 valid_rmse=0.485580 q_change=23 q_delta=0.367275 q_grad=0.002264
epoch=67 loss_total=0.670864 loss_rec=0.456187 valid_auc=0.696083 valid_rmse=0.485505 q_change=23 q_delta=0.368008 q_grad=0.002236
epoch=68 loss_total=0.664220 loss_rec=0.449555 valid_auc=0.697461 valid_rmse=0.486429 q_change=24 q_delta=0.368727 q_grad=0.002247
epoch=69 loss_total=0.663314 loss_rec=0.448661 valid_auc=0.695848 valid_rmse=0.491281 q_change=24 q_delta=0.369333 q_grad=0.002233
epoch=70 loss_total=0.659407 loss_rec=0.444741 valid_auc=0.696339 valid_rmse=0.484866 q_change=25 q_delta=0.370238 q_grad=0.002265
epoch=71 loss_total=0.659450 loss_rec=0.444845 valid_auc=0.698845 valid_rmse=0.484599 q_change=25 q_delta=0.370870 q_grad=0.002211
epoch=72 loss_total=0.661730 loss_rec=0.447116 valid_auc=0.696183 valid_rmse=0.486366 q_change=25 q_delta=0.371623 q_grad=0.002285
epoch=73 loss_total=0.655923 loss_rec=0.441312 valid_auc=0.693482 valid_rmse=0.488442 q_change=25 q_delta=0.372272 q_grad=0.002313
epoch=74 loss_total=0.661046 loss_rec=0.446469 valid_auc=0.694855 valid_rmse=0.486859 q_change=25 q_delta=0.372954 q_grad=0.002234
epoch=75 loss_total=0.658908 loss_rec=0.444343 valid_auc=0.693292 valid_rmse=0.491443 q_change=25 q_delta=0.373527 q_grad=0.002291
Early stopping at epoch 75; best_epoch=55.
Saved run to C:\Users\YAN_SHU_YU\Desktop\Generative-CD\Q_GNCDM\results\weak_q_lambda_sweep\lq_0p9_ls_0p3_lb_0p5\seed_2026\noise_0.20\weak-q_lq_0p9_ls_0p3_lb_0p5
Final metrics: q_hat_f1=0.711111 response_auc=0.685260 mastery_pearson=0.566382
