run=weak-q_lq_0p6_ls_0p5_lb_0p1 mode=weak-q noise=0.20 train=4200 valid=600 test=1200
epoch=1 loss_total=0.968676 loss_rec=0.725652 valid_auc=0.587813 valid_rmse=0.499746 q_change=57 q_delta=0.076854 q_grad=0.000464
epoch=2 loss_total=0.918465 loss_rec=0.705743 valid_auc=0.595223 valid_rmse=0.499226 q_change=57 q_delta=0.139183 q_grad=0.000357
epoch=3 loss_total=0.891781 loss_rec=0.699350 valid_auc=0.610340 valid_rmse=0.498206 q_change=57 q_delta=0.187178 q_grad=0.000286
epoch=4 loss_total=0.870969 loss_rec=0.692018 valid_auc=0.632879 valid_rmse=0.496885 q_change=57 q_delta=0.223494 q_grad=0.000245
epoch=5 loss_total=0.859654 loss_rec=0.689226 valid_auc=0.654163 valid_rmse=0.493375 q_change=57 q_delta=0.248664 q_grad=0.000253
epoch=6 loss_total=0.842548 loss_rec=0.677030 valid_auc=0.666138 valid_rmse=0.487757 q_change=57 q_delta=0.263157 q_grad=0.000325
epoch=7 loss_total=0.817536 loss_rec=0.654235 valid_auc=0.668917 valid_rmse=0.480401 q_change=57 q_delta=0.269976 q_grad=0.000495
epoch=8 loss_total=0.802440 loss_rec=0.640101 valid_auc=0.672779 valid_rmse=0.477787 q_change=57 q_delta=0.274618 q_grad=0.000756
epoch=9 loss_total=0.792654 loss_rec=0.631337 valid_auc=0.683315 valid_rmse=0.473229 q_change=57 q_delta=0.278664 q_grad=0.000938
epoch=10 loss_total=0.793256 loss_rec=0.632947 valid_auc=0.681518 valid_rmse=0.474705 q_change=57 q_delta=0.281704 q_grad=0.001036
epoch=11 loss_total=0.789659 loss_rec=0.629839 valid_auc=0.681830 valid_rmse=0.473153 q_change=57 q_delta=0.284790 q_grad=0.001180
epoch=12 loss_total=0.779807 loss_rec=0.620509 valid_auc=0.682355 valid_rmse=0.474744 q_change=57 q_delta=0.286906 q_grad=0.001254
epoch=13 loss_total=0.775999 loss_rec=0.617222 valid_auc=0.681875 valid_rmse=0.473401 q_change=56 q_delta=0.290047 q_grad=0.001269
epoch=14 loss_total=0.776365 loss_rec=0.617952 valid_auc=0.680346 valid_rmse=0.475472 q_change=56 q_delta=0.291731 q_grad=0.001357
epoch=15 loss_total=0.772570 loss_rec=0.614442 valid_auc=0.681116 valid_rmse=0.474074 q_change=56 q_delta=0.294418 q_grad=0.001400
epoch=16 loss_total=0.774302 loss_rec=0.616378 valid_auc=0.682768 valid_rmse=0.474521 q_change=54 q_delta=0.296540 q_grad=0.001496
epoch=17 loss_total=0.770515 loss_rec=0.612903 valid_auc=0.681875 valid_rmse=0.474418 q_change=54 q_delta=0.298802 q_grad=0.001424
epoch=18 loss_total=0.765431 loss_rec=0.607964 valid_auc=0.682545 valid_rmse=0.474330 q_change=52 q_delta=0.301048 q_grad=0.001454
epoch=19 loss_total=0.764657 loss_rec=0.607457 valid_auc=0.682612 valid_rmse=0.475163 q_change=52 q_delta=0.303503 q_grad=0.001546
epoch=20 loss_total=0.762489 loss_rec=0.605361 valid_auc=0.684509 valid_rmse=0.473643 q_change=52 q_delta=0.306127 q_grad=0.001617
epoch=21 loss_total=0.758055 loss_rec=0.600992 valid_auc=0.684922 valid_rmse=0.474773 q_change=52 q_delta=0.308229 q_grad=0.001541
epoch=22 loss_total=0.756008 loss_rec=0.598962 valid_auc=0.683929 valid_rmse=0.474839 q_change=51 q_delta=0.310630 q_grad=0.001667
epoch=23 loss_total=0.753974 loss_rec=0.596927 valid_auc=0.682377 valid_rmse=0.474620 q_change=50 q_delta=0.313243 q_grad=0.001630
epoch=24 loss_total=0.749223 loss_rec=0.592177 valid_auc=0.681451 valid_rmse=0.475363 q_change=50 q_delta=0.315462 q_grad=0.001668
epoch=25 loss_total=0.749547 loss_rec=0.592402 valid_auc=0.682991 valid_rmse=0.475338 q_change=50 q_delta=0.317715 q_grad=0.001774
epoch=26 loss_total=0.746873 loss_rec=0.589673 valid_auc=0.684810 valid_rmse=0.475454 q_change=50 q_delta=0.319998 q_grad=0.001761
epoch=27 loss_total=0.743046 loss_rec=0.585686 valid_auc=0.685078 valid_rmse=0.476703 q_change=50 q_delta=0.322128 q_grad=0.001755
epoch=28 loss_total=0.745740 loss_rec=0.588272 valid_auc=0.685547 valid_rmse=0.475775 q_change=49 q_delta=0.324255 q_grad=0.001854
epoch=29 loss_total=0.738718 loss_rec=0.581173 valid_auc=0.687679 valid_rmse=0.475003 q_change=49 q_delta=0.326106 q_grad=0.001861
epoch=30 loss_total=0.736718 loss_rec=0.578976 valid_auc=0.689386 valid_rmse=0.476082 q_change=49 q_delta=0.327632 q_grad=0.001889
epoch=31 loss_total=0.732352 loss_rec=0.574421 valid_auc=0.687723 valid_rmse=0.476018 q_change=49 q_delta=0.329470 q_grad=0.001907
epoch=32 loss_total=0.732496 loss_rec=0.574389 valid_auc=0.691016 valid_rmse=0.474948 q_change=47 q_delta=0.331557 q_grad=0.001963
epoch=33 loss_total=0.728006 loss_rec=0.569653 valid_auc=0.689420 valid_rmse=0.473973 q_change=47 q_delta=0.333421 q_grad=0.001989
epoch=34 loss_total=0.727138 loss_rec=0.568644 valid_auc=0.689263 valid_rmse=0.474097 q_change=46 q_delta=0.334863 q_grad=0.001975
epoch=35 loss_total=0.726507 loss_rec=0.567818 valid_auc=0.692790 valid_rmse=0.472718 q_change=46 q_delta=0.336338 q_grad=0.001997
epoch=36 loss_total=0.718422 loss_rec=0.559476 valid_auc=0.693069 valid_rmse=0.473198 q_change=46 q_delta=0.337292 q_grad=0.002076
epoch=37 loss_total=0.713562 loss_rec=0.554362 valid_auc=0.690625 valid_rmse=0.475648 q_change=45 q_delta=0.338480 q_grad=0.002090
epoch=38 loss_total=0.707758 loss_rec=0.548432 valid_auc=0.690513 valid_rmse=0.476620 q_change=45 q_delta=0.339899 q_grad=0.002204
epoch=39 loss_total=0.706447 loss_rec=0.546927 valid_auc=0.689911 valid_rmse=0.474949 q_change=45 q_delta=0.341651 q_grad=0.002185
epoch=40 loss_total=0.702662 loss_rec=0.542968 valid_auc=0.690580 valid_rmse=0.475979 q_change=44 q_delta=0.342739 q_grad=0.002260
epoch=41 loss_total=0.695747 loss_rec=0.535956 valid_auc=0.690658 valid_rmse=0.478147 q_change=43 q_delta=0.344117 q_grad=0.002264
epoch=42 loss_total=0.698074 loss_rec=0.538171 valid_auc=0.687645 valid_rmse=0.477163 q_change=43 q_delta=0.345540 q_grad=0.002420
epoch=43 loss_total=0.691379 loss_rec=0.531371 valid_auc=0.689408 valid_rmse=0.477988 q_change=42 q_delta=0.346421 q_grad=0.002393
epoch=44 loss_total=0.689450 loss_rec=0.529368 valid_auc=0.689230 valid_rmse=0.477512 q_change=41 q_delta=0.347776 q_grad=0.002420
epoch=45 loss_total=0.684375 loss_rec=0.524256 valid_auc=0.687623 valid_rmse=0.482439 q_change=41 q_delta=0.348641 q_grad=0.002427
epoch=46 loss_total=0.683512 loss_rec=0.523279 valid_auc=0.693728 valid_rmse=0.476707 q_change=41 q_delta=0.350068 q_grad=0.002469
epoch=47 loss_total=0.681006 loss_rec=0.520739 valid_auc=0.690134 valid_rmse=0.480074 q_change=42 q_delta=0.350971 q_grad=0.002452
epoch=48 loss_total=0.679579 loss_rec=0.519310 valid_auc=0.689386 valid_rmse=0.479225 q_change=41 q_delta=0.352109 q_grad=0.002515
epoch=49 loss_total=0.674141 loss_rec=0.513863 valid_auc=0.691083 valid_rmse=0.477743 q_change=42 q_delta=0.352720 q_grad=0.002502
epoch=50 loss_total=0.669142 loss_rec=0.508872 valid_auc=0.689665 valid_rmse=0.481456 q_change=41 q_delta=0.353639 q_grad=0.002503
epoch=51 loss_total=0.670208 loss_rec=0.509989 valid_auc=0.690246 valid_rmse=0.481703 q_change=41 q_delta=0.354340 q_grad=0.002585
epoch=52 loss_total=0.671435 loss_rec=0.511225 valid_auc=0.688996 valid_rmse=0.480293 q_change=41 q_delta=0.355265 q_grad=0.002593
epoch=53 loss_total=0.672759 loss_rec=0.512558 valid_auc=0.688772 valid_rmse=0.479536 q_change=41 q_delta=0.355887 q_grad=0.002598
epoch=54 loss_total=0.666035 loss_rec=0.505794 valid_auc=0.687433 valid_rmse=0.481330 q_change=41 q_delta=0.356530 q_grad=0.002614
epoch=55 loss_total=0.661788 loss_rec=0.501585 valid_auc=0.694464 valid_rmse=0.477673 q_change=41 q_delta=0.357177 q_grad=0.002565
epoch=56 loss_total=0.661857 loss_rec=0.501674 valid_auc=0.690391 valid_rmse=0.480567 q_change=41 q_delta=0.357567 q_grad=0.002599
epoch=57 loss_total=0.661677 loss_rec=0.501480 valid_auc=0.687444 valid_rmse=0.483577 q_change=39 q_delta=0.358146 q_grad=0.002714
epoch=58 loss_total=0.655853 loss_rec=0.495668 valid_auc=0.689141 valid_rmse=0.483484 q_change=39 q_delta=0.358879 q_grad=0.002645
epoch=59 loss_total=0.653977 loss_rec=0.493882 valid_auc=0.692690 valid_rmse=0.479558 q_change=39 q_delta=0.359476 q_grad=0.002619
epoch=60 loss_total=0.656105 loss_rec=0.496021 valid_auc=0.692020 valid_rmse=0.481335 q_change=38 q_delta=0.359927 q_grad=0.002653
epoch=61 loss_total=0.653974 loss_rec=0.493872 valid_auc=0.690424 valid_rmse=0.480985 q_change=38 q_delta=0.360445 q_grad=0.002736
epoch=62 loss_total=0.650238 loss_rec=0.490207 valid_auc=0.693058 valid_rmse=0.480641 q_change=38 q_delta=0.360977 q_grad=0.002642
epoch=63 loss_total=0.650306 loss_rec=0.490270 valid_auc=0.691484 valid_rmse=0.481602 q_change=37 q_delta=0.361439 q_grad=0.002769
epoch=64 loss_total=0.650145 loss_rec=0.490129 valid_auc=0.692388 valid_rmse=0.483716 q_change=37 q_delta=0.361739 q_grad=0.002727
epoch=65 loss_total=0.648131 loss_rec=0.488134 valid_auc=0.691384 valid_rmse=0.481739 q_change=37 q_delta=0.362490 q_grad=0.002622
epoch=66 loss_total=0.647824 loss_rec=0.487835 valid_auc=0.689989 valid_rmse=0.482793 q_change=36 q_delta=0.363027 q_grad=0.002793
epoch=67 loss_total=0.647728 loss_rec=0.487745 valid_auc=0.689408 valid_rmse=0.483952 q_change=37 q_delta=0.363688 q_grad=0.002780
epoch=68 loss_total=0.640211 loss_rec=0.480244 valid_auc=0.692020 valid_rmse=0.485050 q_change=37 q_delta=0.364172 q_grad=0.002767
epoch=69 loss_total=0.638019 loss_rec=0.478047 valid_auc=0.691685 valid_rmse=0.489614 q_change=37 q_delta=0.364886 q_grad=0.002806
epoch=70 loss_total=0.635849 loss_rec=0.475867 valid_auc=0.690569 valid_rmse=0.484166 q_change=37 q_delta=0.365735 q_grad=0.002877
epoch=71 loss_total=0.636113 loss_rec=0.476198 valid_auc=0.694442 valid_rmse=0.482699 q_change=37 q_delta=0.366327 q_grad=0.002808
epoch=72 loss_total=0.636692 loss_rec=0.476746 valid_auc=0.691752 valid_rmse=0.484126 q_change=37 q_delta=0.366729 q_grad=0.002841
epoch=73 loss_total=0.630460 loss_rec=0.470509 valid_auc=0.688850 valid_rmse=0.486889 q_change=37 q_delta=0.367358 q_grad=0.002873
epoch=74 loss_total=0.635784 loss_rec=0.475873 valid_auc=0.690826 valid_rmse=0.485370 q_change=37 q_delta=0.368123 q_grad=0.002861
epoch=75 loss_total=0.633633 loss_rec=0.473709 valid_auc=0.689219 valid_rmse=0.491208 q_change=37 q_delta=0.368362 q_grad=0.002898
Early stopping at epoch 75; best_epoch=55.
Saved run to C:\Users\YAN_SHU_YU\Desktop\Generative-CD\Q_GNCDM\results\weak_q_lambda_sweep\lq_0p6_ls_0p5_lb_0p1\seed_2026\noise_0.20\weak-q_lq_0p6_ls_0p5_lb_0p1
Final metrics: q_hat_f1=0.416667 response_auc=0.685254 mastery_pearson=0.516608
