run=weak-q_lq_0p5_ls_0p7_lb_0p3 mode=weak-q noise=0.20 train=4200 valid=600 test=1200
epoch=1 loss_total=1.103796 loss_rec=0.725662 valid_auc=0.587606 valid_rmse=0.499756 q_change=57 q_delta=0.078700 q_grad=0.000700
epoch=2 loss_total=1.033251 loss_rec=0.705932 valid_auc=0.593839 valid_rmse=0.499324 q_change=57 q_delta=0.147473 q_grad=0.000612
epoch=3 loss_total=0.986061 loss_rec=0.700030 valid_auc=0.606027 valid_rmse=0.498565 q_change=57 q_delta=0.204421 q_grad=0.000528
epoch=4 loss_total=0.947317 loss_rec=0.693827 valid_auc=0.623594 valid_rmse=0.497904 q_change=57 q_delta=0.250196 q_grad=0.000452
epoch=5 loss_total=0.922350 loss_rec=0.693645 valid_auc=0.644219 valid_rmse=0.496041 q_change=57 q_delta=0.285726 q_grad=0.000390
epoch=6 loss_total=0.898664 loss_rec=0.688585 valid_auc=0.658795 valid_rmse=0.494784 q_change=57 q_delta=0.312556 q_grad=0.000350
epoch=7 loss_total=0.875983 loss_rec=0.679560 valid_auc=0.659565 valid_rmse=0.491734 q_change=57 q_delta=0.332130 q_grad=0.000348
epoch=8 loss_total=0.856500 loss_rec=0.669403 valid_auc=0.656161 valid_rmse=0.486609 q_change=57 q_delta=0.345022 q_grad=0.000422
epoch=9 loss_total=0.838377 loss_rec=0.657540 valid_auc=0.663158 valid_rmse=0.480302 q_change=57 q_delta=0.354798 q_grad=0.000569
epoch=10 loss_total=0.832122 loss_rec=0.656495 valid_auc=0.664420 valid_rmse=0.480046 q_change=57 q_delta=0.362766 q_grad=0.000676
epoch=11 loss_total=0.824708 loss_rec=0.653028 valid_auc=0.667422 valid_rmse=0.478762 q_change=57 q_delta=0.369545 q_grad=0.000794
epoch=12 loss_total=0.812154 loss_rec=0.643987 valid_auc=0.670826 valid_rmse=0.479378 q_change=57 q_delta=0.374843 q_grad=0.000873
epoch=13 loss_total=0.806909 loss_rec=0.641604 valid_auc=0.672243 valid_rmse=0.476352 q_change=57 q_delta=0.379484 q_grad=0.000910
epoch=14 loss_total=0.803894 loss_rec=0.640743 valid_auc=0.673002 valid_rmse=0.477640 q_change=57 q_delta=0.382709 q_grad=0.001027
epoch=15 loss_total=0.799859 loss_rec=0.638517 valid_auc=0.673996 valid_rmse=0.475796 q_change=57 q_delta=0.385920 q_grad=0.001111
epoch=16 loss_total=0.799220 loss_rec=0.639346 valid_auc=0.677455 valid_rmse=0.475554 q_change=57 q_delta=0.388155 q_grad=0.001242
epoch=17 loss_total=0.796187 loss_rec=0.637626 valid_auc=0.678449 valid_rmse=0.475685 q_change=57 q_delta=0.390145 q_grad=0.001229
epoch=18 loss_total=0.789257 loss_rec=0.631697 valid_auc=0.680312 valid_rmse=0.474664 q_change=57 q_delta=0.391916 q_grad=0.001295
epoch=19 loss_total=0.787149 loss_rec=0.630597 valid_auc=0.680658 valid_rmse=0.475199 q_change=57 q_delta=0.393445 q_grad=0.001410
epoch=20 loss_total=0.785272 loss_rec=0.629431 valid_auc=0.683516 valid_rmse=0.473332 q_change=57 q_delta=0.394777 q_grad=0.001524
epoch=21 loss_total=0.781045 loss_rec=0.625869 valid_auc=0.683806 valid_rmse=0.474944 q_change=57 q_delta=0.395505 q_grad=0.001482
epoch=22 loss_total=0.779261 loss_rec=0.624500 valid_auc=0.685346 valid_rmse=0.473462 q_change=57 q_delta=0.396111 q_grad=0.001632
epoch=23 loss_total=0.776007 loss_rec=0.621600 valid_auc=0.683125 valid_rmse=0.473173 q_change=57 q_delta=0.396916 q_grad=0.001646
epoch=24 loss_total=0.771088 loss_rec=0.616984 valid_auc=0.682902 valid_rmse=0.473595 q_change=56 q_delta=0.397392 q_grad=0.001693
epoch=25 loss_total=0.773108 loss_rec=0.619259 valid_auc=0.684096 valid_rmse=0.473517 q_change=56 q_delta=0.398258 q_grad=0.001849
epoch=26 loss_total=0.770182 loss_rec=0.616525 valid_auc=0.685458 valid_rmse=0.474479 q_change=56 q_delta=0.399163 q_grad=0.001837
epoch=27 loss_total=0.766762 loss_rec=0.613211 valid_auc=0.687467 valid_rmse=0.474892 q_change=56 q_delta=0.399795 q_grad=0.001830
epoch=28 loss_total=0.769182 loss_rec=0.615889 valid_auc=0.685513 valid_rmse=0.474021 q_change=56 q_delta=0.400809 q_grad=0.001913
epoch=29 loss_total=0.763694 loss_rec=0.610639 valid_auc=0.689275 valid_rmse=0.473170 q_change=56 q_delta=0.401433 q_grad=0.001953
epoch=30 loss_total=0.763593 loss_rec=0.610666 valid_auc=0.690502 valid_rmse=0.473358 q_change=56 q_delta=0.401810 q_grad=0.001913
epoch=31 loss_total=0.759847 loss_rec=0.606965 valid_auc=0.690982 valid_rmse=0.473291 q_change=56 q_delta=0.402259 q_grad=0.001948
epoch=32 loss_total=0.761574 loss_rec=0.608842 valid_auc=0.692779 valid_rmse=0.473463 q_change=56 q_delta=0.402600 q_grad=0.001996
epoch=33 loss_total=0.759767 loss_rec=0.607128 valid_auc=0.690737 valid_rmse=0.471717 q_change=55 q_delta=0.403243 q_grad=0.001968
epoch=34 loss_total=0.758794 loss_rec=0.606293 valid_auc=0.689520 valid_rmse=0.471753 q_change=55 q_delta=0.403827 q_grad=0.001961
epoch=35 loss_total=0.758701 loss_rec=0.606346 valid_auc=0.692768 valid_rmse=0.470847 q_change=55 q_delta=0.404531 q_grad=0.001930
epoch=36 loss_total=0.754510 loss_rec=0.602109 valid_auc=0.694286 valid_rmse=0.471669 q_change=54 q_delta=0.404783 q_grad=0.001992
epoch=37 loss_total=0.749175 loss_rec=0.596791 valid_auc=0.694208 valid_rmse=0.471800 q_change=54 q_delta=0.405330 q_grad=0.001990
epoch=38 loss_total=0.748236 loss_rec=0.596005 valid_auc=0.694152 valid_rmse=0.473680 q_change=54 q_delta=0.405882 q_grad=0.002095
epoch=39 loss_total=0.750351 loss_rec=0.598208 valid_auc=0.694286 valid_rmse=0.470741 q_change=54 q_delta=0.406574 q_grad=0.002023
epoch=40 loss_total=0.745758 loss_rec=0.593737 valid_auc=0.694464 valid_rmse=0.471211 q_change=54 q_delta=0.407098 q_grad=0.002065
epoch=41 loss_total=0.741910 loss_rec=0.590011 valid_auc=0.695759 valid_rmse=0.471815 q_change=54 q_delta=0.407533 q_grad=0.002058
epoch=42 loss_total=0.744816 loss_rec=0.592949 valid_auc=0.692266 valid_rmse=0.471923 q_change=53 q_delta=0.408042 q_grad=0.002164
epoch=43 loss_total=0.739999 loss_rec=0.588116 valid_auc=0.692567 valid_rmse=0.472329 q_change=52 q_delta=0.408271 q_grad=0.002117
epoch=44 loss_total=0.740712 loss_rec=0.588928 valid_auc=0.691283 valid_rmse=0.473069 q_change=52 q_delta=0.408949 q_grad=0.002170
epoch=45 loss_total=0.736414 loss_rec=0.584730 valid_auc=0.692924 valid_rmse=0.476166 q_change=52 q_delta=0.409511 q_grad=0.002211
epoch=46 loss_total=0.736696 loss_rec=0.584988 valid_auc=0.694252 valid_rmse=0.471248 q_change=52 q_delta=0.410541 q_grad=0.002182
epoch=47 loss_total=0.733374 loss_rec=0.581746 valid_auc=0.693973 valid_rmse=0.473061 q_change=52 q_delta=0.411109 q_grad=0.002194
epoch=48 loss_total=0.730987 loss_rec=0.579363 valid_auc=0.692879 valid_rmse=0.472297 q_change=52 q_delta=0.411742 q_grad=0.002281
epoch=49 loss_total=0.727985 loss_rec=0.576367 valid_auc=0.693973 valid_rmse=0.472133 q_change=52 q_delta=0.412243 q_grad=0.002315
epoch=50 loss_total=0.722898 loss_rec=0.571264 valid_auc=0.691473 valid_rmse=0.473682 q_change=51 q_delta=0.412787 q_grad=0.002243
epoch=51 loss_total=0.722222 loss_rec=0.570627 valid_auc=0.693404 valid_rmse=0.475884 q_change=51 q_delta=0.413315 q_grad=0.002379
epoch=52 loss_total=0.723174 loss_rec=0.571624 valid_auc=0.691529 valid_rmse=0.473574 q_change=51 q_delta=0.414257 q_grad=0.002397
epoch=53 loss_total=0.722807 loss_rec=0.571231 valid_auc=0.693348 valid_rmse=0.473004 q_change=51 q_delta=0.414946 q_grad=0.002421
epoch=54 loss_total=0.713950 loss_rec=0.562372 valid_auc=0.689542 valid_rmse=0.475534 q_change=51 q_delta=0.415484 q_grad=0.002420
epoch=55 loss_total=0.711439 loss_rec=0.559909 valid_auc=0.695167 valid_rmse=0.472661 q_change=51 q_delta=0.416146 q_grad=0.002452
epoch=56 loss_total=0.711605 loss_rec=0.560066 valid_auc=0.691306 valid_rmse=0.474276 q_change=51 q_delta=0.416640 q_grad=0.002521
epoch=57 loss_total=0.708314 loss_rec=0.556774 valid_auc=0.690725 valid_rmse=0.476433 q_change=51 q_delta=0.417071 q_grad=0.002640
epoch=58 loss_total=0.702528 loss_rec=0.551005 valid_auc=0.690145 valid_rmse=0.479174 q_change=51 q_delta=0.417561 q_grad=0.002619
epoch=59 loss_total=0.702847 loss_rec=0.551446 valid_auc=0.690580 valid_rmse=0.474298 q_change=51 q_delta=0.418107 q_grad=0.002614
epoch=60 loss_total=0.701167 loss_rec=0.549812 valid_auc=0.692321 valid_rmse=0.475190 q_change=51 q_delta=0.418348 q_grad=0.002635
epoch=61 loss_total=0.698056 loss_rec=0.546687 valid_auc=0.690848 valid_rmse=0.474939 q_change=51 q_delta=0.418698 q_grad=0.002762
Early stopping at epoch 61; best_epoch=41.
Saved run to C:\Users\YAN_SHU_YU\Desktop\Generative-CD\Q_GNCDM\results\weak_q_lambda_sweep\lq_0p5_ls_0p7_lb_0p3\seed_2026\noise_0.20\weak-q_lq_0p5_ls_0p7_lb_0p3
Final metrics: q_hat_f1=0.101695 response_auc=0.687936 mastery_pearson=0.351924
