run=weak-q_lq_0p8_ls_0p5_lb_0p8 mode=weak-q noise=0.20 train=4200 valid=600 test=1200
epoch=1 loss_total=1.139232 loss_rec=0.725661 valid_auc=0.587768 valid_rmse=0.499753 q_change=57 q_delta=0.078854 q_grad=0.000539
epoch=2 loss_total=1.079101 loss_rec=0.705931 valid_auc=0.594754 valid_rmse=0.499309 q_change=57 q_delta=0.148645 q_grad=0.000488
epoch=3 loss_total=1.038691 loss_rec=0.700021 valid_auc=0.608270 valid_rmse=0.498528 q_change=57 q_delta=0.207018 q_grad=0.000437
epoch=4 loss_total=1.004137 loss_rec=0.693817 valid_auc=0.627991 valid_rmse=0.497845 q_change=57 q_delta=0.254120 q_grad=0.000386
epoch=5 loss_total=0.981785 loss_rec=0.693630 valid_auc=0.648806 valid_rmse=0.495963 q_change=57 q_delta=0.290398 q_grad=0.000345
epoch=6 loss_total=0.959822 loss_rec=0.688544 valid_auc=0.662433 valid_rmse=0.494648 q_change=57 q_delta=0.317299 q_grad=0.000321
epoch=7 loss_total=0.938258 loss_rec=0.679355 valid_auc=0.661652 valid_rmse=0.491413 q_change=57 q_delta=0.336389 q_grad=0.000331
epoch=8 loss_total=0.919524 loss_rec=0.668928 valid_auc=0.658426 valid_rmse=0.486031 q_change=57 q_delta=0.348399 q_grad=0.000418
epoch=9 loss_total=0.902065 loss_rec=0.656986 valid_auc=0.663984 valid_rmse=0.480016 q_change=57 q_delta=0.357499 q_grad=0.000571
epoch=10 loss_total=0.896819 loss_rec=0.656403 valid_auc=0.664983 valid_rmse=0.479897 q_change=57 q_delta=0.364900 q_grad=0.000677
epoch=11 loss_total=0.889925 loss_rec=0.653035 valid_auc=0.668069 valid_rmse=0.478653 q_change=57 q_delta=0.371170 q_grad=0.000792
epoch=12 loss_total=0.877878 loss_rec=0.644107 valid_auc=0.670915 valid_rmse=0.479295 q_change=57 q_delta=0.375995 q_grad=0.000869
epoch=13 loss_total=0.872784 loss_rec=0.641566 valid_auc=0.672065 valid_rmse=0.476409 q_change=57 q_delta=0.380245 q_grad=0.000907
epoch=14 loss_total=0.869840 loss_rec=0.640532 valid_auc=0.672768 valid_rmse=0.477635 q_change=57 q_delta=0.383043 q_grad=0.001024
epoch=15 loss_total=0.865972 loss_rec=0.638241 valid_auc=0.673962 valid_rmse=0.475756 q_change=57 q_delta=0.385905 q_grad=0.001108
epoch=16 loss_total=0.865362 loss_rec=0.638920 valid_auc=0.678237 valid_rmse=0.475355 q_change=57 q_delta=0.387722 q_grad=0.001243
epoch=17 loss_total=0.862337 loss_rec=0.636997 valid_auc=0.679431 valid_rmse=0.475388 q_change=57 q_delta=0.389287 q_grad=0.001233
epoch=18 loss_total=0.855155 loss_rec=0.630611 valid_auc=0.681518 valid_rmse=0.474425 q_change=57 q_delta=0.390539 q_grad=0.001305
epoch=19 loss_total=0.852829 loss_rec=0.629075 valid_auc=0.682567 valid_rmse=0.474643 q_change=57 q_delta=0.391560 q_grad=0.001423
epoch=20 loss_total=0.850384 loss_rec=0.627134 valid_auc=0.686094 valid_rmse=0.472618 q_change=57 q_delta=0.392293 q_grad=0.001545
epoch=21 loss_total=0.845671 loss_rec=0.622853 valid_auc=0.686362 valid_rmse=0.474010 q_change=56 q_delta=0.392688 q_grad=0.001510
epoch=22 loss_total=0.842879 loss_rec=0.620301 valid_auc=0.689152 valid_rmse=0.472359 q_change=56 q_delta=0.393549 q_grad=0.001674
epoch=23 loss_total=0.838920 loss_rec=0.616573 valid_auc=0.686462 valid_rmse=0.472151 q_change=56 q_delta=0.394491 q_grad=0.001693
epoch=24 loss_total=0.833245 loss_rec=0.611132 valid_auc=0.687020 valid_rmse=0.472528 q_change=56 q_delta=0.395011 q_grad=0.001751
epoch=25 loss_total=0.834267 loss_rec=0.612435 valid_auc=0.686987 valid_rmse=0.472625 q_change=55 q_delta=0.395357 q_grad=0.001922
epoch=26 loss_total=0.831165 loss_rec=0.609505 valid_auc=0.687801 valid_rmse=0.473659 q_change=55 q_delta=0.396043 q_grad=0.001917
epoch=27 loss_total=0.827040 loss_rec=0.605547 valid_auc=0.689085 valid_rmse=0.474621 q_change=54 q_delta=0.396508 q_grad=0.001908
epoch=28 loss_total=0.828960 loss_rec=0.607746 valid_auc=0.687846 valid_rmse=0.473555 q_change=54 q_delta=0.397249 q_grad=0.001988
epoch=29 loss_total=0.822502 loss_rec=0.601543 valid_auc=0.690391 valid_rmse=0.473019 q_change=54 q_delta=0.398030 q_grad=0.002032
epoch=30 loss_total=0.821931 loss_rec=0.601145 valid_auc=0.692188 valid_rmse=0.473331 q_change=54 q_delta=0.398768 q_grad=0.001996
epoch=31 loss_total=0.818116 loss_rec=0.597474 valid_auc=0.692176 valid_rmse=0.473174 q_change=53 q_delta=0.399459 q_grad=0.002026
epoch=32 loss_total=0.819042 loss_rec=0.598628 valid_auc=0.694375 valid_rmse=0.473138 q_change=53 q_delta=0.400238 q_grad=0.002074
epoch=33 loss_total=0.816414 loss_rec=0.596160 valid_auc=0.692511 valid_rmse=0.471448 q_change=53 q_delta=0.401266 q_grad=0.002049
epoch=34 loss_total=0.815773 loss_rec=0.595710 valid_auc=0.690513 valid_rmse=0.471931 q_change=53 q_delta=0.401884 q_grad=0.002059
epoch=35 loss_total=0.815146 loss_rec=0.595257 valid_auc=0.694453 valid_rmse=0.470732 q_change=53 q_delta=0.402494 q_grad=0.002032
epoch=36 loss_total=0.809827 loss_rec=0.589994 valid_auc=0.695513 valid_rmse=0.471490 q_change=52 q_delta=0.402714 q_grad=0.002100
epoch=37 loss_total=0.804532 loss_rec=0.584780 valid_auc=0.694922 valid_rmse=0.472261 q_change=52 q_delta=0.403287 q_grad=0.002107
epoch=38 loss_total=0.802323 loss_rec=0.582719 valid_auc=0.695123 valid_rmse=0.473485 q_change=52 q_delta=0.403977 q_grad=0.002223
epoch=39 loss_total=0.803680 loss_rec=0.584177 valid_auc=0.695234 valid_rmse=0.470849 q_change=52 q_delta=0.404894 q_grad=0.002166
epoch=40 loss_total=0.798412 loss_rec=0.579056 valid_auc=0.695212 valid_rmse=0.471756 q_change=52 q_delta=0.405389 q_grad=0.002223
epoch=41 loss_total=0.793605 loss_rec=0.574404 valid_auc=0.696629 valid_rmse=0.472915 q_change=52 q_delta=0.405946 q_grad=0.002238
epoch=42 loss_total=0.795404 loss_rec=0.576305 valid_auc=0.692645 valid_rmse=0.472674 q_change=52 q_delta=0.406707 q_grad=0.002358
epoch=43 loss_total=0.789948 loss_rec=0.570908 valid_auc=0.693348 valid_rmse=0.473308 q_change=51 q_delta=0.406944 q_grad=0.002334
epoch=44 loss_total=0.788878 loss_rec=0.569966 valid_auc=0.691830 valid_rmse=0.474444 q_change=51 q_delta=0.407580 q_grad=0.002417
epoch=45 loss_total=0.783759 loss_rec=0.564991 valid_auc=0.693058 valid_rmse=0.478127 q_change=51 q_delta=0.408051 q_grad=0.002467
epoch=46 loss_total=0.783397 loss_rec=0.564683 valid_auc=0.695078 valid_rmse=0.472440 q_change=51 q_delta=0.408918 q_grad=0.002453
epoch=47 loss_total=0.778991 loss_rec=0.560411 valid_auc=0.693047 valid_rmse=0.475202 q_change=51 q_delta=0.409392 q_grad=0.002466
epoch=48 loss_total=0.775972 loss_rec=0.557483 valid_auc=0.693080 valid_rmse=0.473898 q_change=51 q_delta=0.409963 q_grad=0.002586
epoch=49 loss_total=0.771562 loss_rec=0.553143 valid_auc=0.694475 valid_rmse=0.473572 q_change=51 q_delta=0.410332 q_grad=0.002619
epoch=50 loss_total=0.766928 loss_rec=0.548583 valid_auc=0.691897 valid_rmse=0.475521 q_change=51 q_delta=0.410744 q_grad=0.002600
epoch=51 loss_total=0.765255 loss_rec=0.547035 valid_auc=0.694643 valid_rmse=0.477426 q_change=51 q_delta=0.410966 q_grad=0.002719
epoch=52 loss_total=0.765736 loss_rec=0.547635 valid_auc=0.693783 valid_rmse=0.475063 q_change=51 q_delta=0.411471 q_grad=0.002760
epoch=53 loss_total=0.765646 loss_rec=0.547592 valid_auc=0.695301 valid_rmse=0.474322 q_change=51 q_delta=0.411710 q_grad=0.002805
epoch=54 loss_total=0.756941 loss_rec=0.538980 valid_auc=0.691027 valid_rmse=0.476826 q_change=51 q_delta=0.411872 q_grad=0.002826
epoch=55 loss_total=0.752928 loss_rec=0.535037 valid_auc=0.697589 valid_rmse=0.473806 q_change=50 q_delta=0.412113 q_grad=0.002822
epoch=56 loss_total=0.752897 loss_rec=0.535058 valid_auc=0.692388 valid_rmse=0.476096 q_change=50 q_delta=0.412249 q_grad=0.002935
epoch=57 loss_total=0.750050 loss_rec=0.532272 valid_auc=0.692054 valid_rmse=0.478223 q_change=50 q_delta=0.412410 q_grad=0.003050
epoch=58 loss_total=0.742549 loss_rec=0.524836 valid_auc=0.692221 valid_rmse=0.481323 q_change=50 q_delta=0.412622 q_grad=0.002998
epoch=59 loss_total=0.743297 loss_rec=0.525694 valid_auc=0.694007 valid_rmse=0.476300 q_change=50 q_delta=0.413003 q_grad=0.003021
epoch=60 loss_total=0.741536 loss_rec=0.523986 valid_auc=0.693348 valid_rmse=0.477002 q_change=50 q_delta=0.413166 q_grad=0.003040
epoch=61 loss_total=0.737731 loss_rec=0.520189 valid_auc=0.691373 valid_rmse=0.477480 q_change=50 q_delta=0.413356 q_grad=0.003191
epoch=62 loss_total=0.733848 loss_rec=0.516434 valid_auc=0.692712 valid_rmse=0.477643 q_change=50 q_delta=0.413503 q_grad=0.003135
epoch=63 loss_total=0.733607 loss_rec=0.516219 valid_auc=0.690279 valid_rmse=0.478540 q_change=50 q_delta=0.413610 q_grad=0.003253
epoch=64 loss_total=0.734067 loss_rec=0.516709 valid_auc=0.693058 valid_rmse=0.481792 q_change=50 q_delta=0.413547 q_grad=0.003282
epoch=65 loss_total=0.727905 loss_rec=0.510575 valid_auc=0.692321 valid_rmse=0.478345 q_change=50 q_delta=0.413768 q_grad=0.003136
epoch=66 loss_total=0.729266 loss_rec=0.511992 valid_auc=0.690335 valid_rmse=0.480065 q_change=50 q_delta=0.413812 q_grad=0.003384
epoch=67 loss_total=0.729640 loss_rec=0.512402 valid_auc=0.690257 valid_rmse=0.480858 q_change=50 q_delta=0.413856 q_grad=0.003408
epoch=68 loss_total=0.721006 loss_rec=0.503823 valid_auc=0.689978 valid_rmse=0.484911 q_change=50 q_delta=0.413712 q_grad=0.003320
epoch=69 loss_total=0.718424 loss_rec=0.501233 valid_auc=0.690848 valid_rmse=0.487937 q_change=50 q_delta=0.413786 q_grad=0.003509
epoch=70 loss_total=0.716350 loss_rec=0.499206 valid_auc=0.688259 valid_rmse=0.481461 q_change=50 q_delta=0.413936 q_grad=0.003573
epoch=71 loss_total=0.717516 loss_rec=0.500435 valid_auc=0.691574 valid_rmse=0.480922 q_change=50 q_delta=0.413884 q_grad=0.003508
epoch=72 loss_total=0.715554 loss_rec=0.498454 valid_auc=0.689252 valid_rmse=0.480986 q_change=50 q_delta=0.413973 q_grad=0.003562
epoch=73 loss_total=0.709448 loss_rec=0.492383 valid_auc=0.685670 valid_rmse=0.483874 q_change=50 q_delta=0.413930 q_grad=0.003606
epoch=74 loss_total=0.716039 loss_rec=0.498997 valid_auc=0.686853 valid_rmse=0.483417 q_change=50 q_delta=0.413968 q_grad=0.003565
epoch=75 loss_total=0.712479 loss_rec=0.495439 valid_auc=0.685848 valid_rmse=0.490699 q_change=50 q_delta=0.413740 q_grad=0.003578
Early stopping at epoch 75; best_epoch=55.
Saved run to C:\Users\YAN_SHU_YU\Desktop\Generative-CD\Q_GNCDM\results\weak_q_lambda_sweep\lq_0p8_ls_0p5_lb_0p8\seed_2026\noise_0.20\weak-q_lq_0p8_ls_0p5_lb_0p8
Final metrics: q_hat_f1=0.222222 response_auc=0.684704 mastery_pearson=0.426282
