run=weak-q_lq_0p9_ls_0p7_lb_0p6 mode=weak-q noise=0.20 train=4200 valid=600 test=1200
epoch=1 loss_total=1.177686 loss_rec=0.725661 valid_auc=0.587623 valid_rmse=0.499755 q_change=57 q_delta=0.078461 q_grad=0.000708
epoch=2 loss_total=1.107509 loss_rec=0.705911 valid_auc=0.593940 valid_rmse=0.499316 q_change=57 q_delta=0.146324 q_grad=0.000605
epoch=3 loss_total=1.061853 loss_rec=0.699960 valid_auc=0.606161 valid_rmse=0.498535 q_change=57 q_delta=0.202020 q_grad=0.000513
epoch=4 loss_total=1.025061 loss_rec=0.693651 valid_auc=0.623661 valid_rmse=0.497817 q_change=57 q_delta=0.246550 q_grad=0.000433
epoch=5 loss_total=1.001935 loss_rec=0.693253 valid_auc=0.644587 valid_rmse=0.495828 q_change=57 q_delta=0.280958 q_grad=0.000373
epoch=6 loss_total=0.979584 loss_rec=0.687667 valid_auc=0.659074 valid_rmse=0.494246 q_change=57 q_delta=0.306715 q_grad=0.000340
epoch=7 loss_total=0.957247 loss_rec=0.677341 valid_auc=0.660011 valid_rmse=0.490490 q_change=57 q_delta=0.325108 q_grad=0.000352
epoch=8 loss_total=0.937478 loss_rec=0.665458 valid_auc=0.657667 valid_rmse=0.485017 q_change=57 q_delta=0.336836 q_grad=0.000456
epoch=9 loss_total=0.920303 loss_rec=0.653562 valid_auc=0.665759 valid_rmse=0.479123 q_change=57 q_delta=0.346037 q_grad=0.000621
epoch=10 loss_total=0.915416 loss_rec=0.653204 valid_auc=0.667467 valid_rmse=0.478996 q_change=57 q_delta=0.353435 q_grad=0.000730
epoch=11 loss_total=0.908505 loss_rec=0.649628 valid_auc=0.670636 valid_rmse=0.477507 q_change=57 q_delta=0.359654 q_grad=0.000857
epoch=12 loss_total=0.896003 loss_rec=0.640039 valid_auc=0.674275 valid_rmse=0.477998 q_change=57 q_delta=0.364288 q_grad=0.000948
epoch=13 loss_total=0.890734 loss_rec=0.637108 valid_auc=0.676607 valid_rmse=0.475022 q_change=57 q_delta=0.368355 q_grad=0.000999
epoch=14 loss_total=0.888004 loss_rec=0.636075 valid_auc=0.678426 valid_rmse=0.476203 q_change=57 q_delta=0.370920 q_grad=0.001130
epoch=15 loss_total=0.883506 loss_rec=0.632949 valid_auc=0.678951 valid_rmse=0.474266 q_change=57 q_delta=0.373504 q_grad=0.001231
epoch=16 loss_total=0.883071 loss_rec=0.633589 valid_auc=0.682444 valid_rmse=0.473980 q_change=57 q_delta=0.375079 q_grad=0.001375
epoch=17 loss_total=0.879466 loss_rec=0.630915 valid_auc=0.682321 valid_rmse=0.474002 q_change=57 q_delta=0.376446 q_grad=0.001359
epoch=18 loss_total=0.872211 loss_rec=0.624281 valid_auc=0.683783 valid_rmse=0.473089 q_change=57 q_delta=0.377577 q_grad=0.001432
epoch=19 loss_total=0.870074 loss_rec=0.622823 valid_auc=0.684721 valid_rmse=0.474095 q_change=57 q_delta=0.378576 q_grad=0.001558
epoch=20 loss_total=0.867319 loss_rec=0.620438 valid_auc=0.687433 valid_rmse=0.471974 q_change=56 q_delta=0.379358 q_grad=0.001668
epoch=21 loss_total=0.862349 loss_rec=0.615826 valid_auc=0.688292 valid_rmse=0.473925 q_change=56 q_delta=0.380138 q_grad=0.001613
epoch=22 loss_total=0.859585 loss_rec=0.613255 valid_auc=0.689676 valid_rmse=0.472551 q_change=56 q_delta=0.380965 q_grad=0.001773
epoch=23 loss_total=0.856203 loss_rec=0.610070 valid_auc=0.686540 valid_rmse=0.472455 q_change=56 q_delta=0.382102 q_grad=0.001768
epoch=24 loss_total=0.850769 loss_rec=0.604851 valid_auc=0.685536 valid_rmse=0.473243 q_change=55 q_delta=0.382831 q_grad=0.001802
epoch=25 loss_total=0.851978 loss_rec=0.606268 valid_auc=0.686283 valid_rmse=0.473210 q_change=54 q_delta=0.383410 q_grad=0.001941
epoch=26 loss_total=0.848939 loss_rec=0.603371 valid_auc=0.687891 valid_rmse=0.474025 q_change=53 q_delta=0.384291 q_grad=0.001925
epoch=27 loss_total=0.844776 loss_rec=0.599297 valid_auc=0.688750 valid_rmse=0.475134 q_change=53 q_delta=0.385235 q_grad=0.001903
epoch=28 loss_total=0.847150 loss_rec=0.601897 valid_auc=0.688259 valid_rmse=0.473767 q_change=52 q_delta=0.386647 q_grad=0.001975
epoch=29 loss_total=0.840163 loss_rec=0.595084 valid_auc=0.690893 valid_rmse=0.473191 q_change=52 q_delta=0.387895 q_grad=0.002010
epoch=30 loss_total=0.839250 loss_rec=0.594251 valid_auc=0.692902 valid_rmse=0.473718 q_change=52 q_delta=0.389164 q_grad=0.001980
epoch=31 loss_total=0.834936 loss_rec=0.589977 valid_auc=0.691886 valid_rmse=0.473534 q_change=52 q_delta=0.390399 q_grad=0.002019
epoch=32 loss_total=0.836059 loss_rec=0.591231 valid_auc=0.693951 valid_rmse=0.473488 q_change=52 q_delta=0.391599 q_grad=0.002070
epoch=33 loss_total=0.833132 loss_rec=0.588374 valid_auc=0.692589 valid_rmse=0.471429 q_change=52 q_delta=0.392814 q_grad=0.002066
epoch=34 loss_total=0.832176 loss_rec=0.587548 valid_auc=0.690067 valid_rmse=0.471996 q_change=51 q_delta=0.393681 q_grad=0.002064
epoch=35 loss_total=0.831220 loss_rec=0.586709 valid_auc=0.694096 valid_rmse=0.470787 q_change=51 q_delta=0.394549 q_grad=0.002051
epoch=36 loss_total=0.824760 loss_rec=0.580210 valid_auc=0.695257 valid_rmse=0.471709 q_change=51 q_delta=0.395221 q_grad=0.002131
epoch=37 loss_total=0.820106 loss_rec=0.575573 valid_auc=0.693605 valid_rmse=0.472785 q_change=51 q_delta=0.396227 q_grad=0.002134
epoch=38 loss_total=0.817208 loss_rec=0.572834 valid_auc=0.694152 valid_rmse=0.474028 q_change=51 q_delta=0.397116 q_grad=0.002255
epoch=39 loss_total=0.817600 loss_rec=0.573286 valid_auc=0.693917 valid_rmse=0.471532 q_change=51 q_delta=0.398249 q_grad=0.002199
epoch=40 loss_total=0.813321 loss_rec=0.569109 valid_auc=0.693583 valid_rmse=0.472119 q_change=51 q_delta=0.398919 q_grad=0.002261
epoch=41 loss_total=0.807953 loss_rec=0.563873 valid_auc=0.695011 valid_rmse=0.473777 q_change=51 q_delta=0.399630 q_grad=0.002275
epoch=42 loss_total=0.809996 loss_rec=0.565981 valid_auc=0.691663 valid_rmse=0.473105 q_change=50 q_delta=0.400538 q_grad=0.002393
epoch=43 loss_total=0.804122 loss_rec=0.560134 valid_auc=0.692958 valid_rmse=0.473714 q_change=50 q_delta=0.400932 q_grad=0.002368
epoch=44 loss_total=0.802918 loss_rec=0.559037 valid_auc=0.691540 valid_rmse=0.474764 q_change=50 q_delta=0.401825 q_grad=0.002445
epoch=45 loss_total=0.797315 loss_rec=0.553558 valid_auc=0.691574 valid_rmse=0.479251 q_change=50 q_delta=0.402340 q_grad=0.002513
epoch=46 loss_total=0.797301 loss_rec=0.553570 valid_auc=0.694944 valid_rmse=0.472570 q_change=50 q_delta=0.403228 q_grad=0.002499
epoch=47 loss_total=0.793268 loss_rec=0.549617 valid_auc=0.691998 valid_rmse=0.475846 q_change=50 q_delta=0.403765 q_grad=0.002528
epoch=48 loss_total=0.789967 loss_rec=0.546393 valid_auc=0.691975 valid_rmse=0.474592 q_change=50 q_delta=0.404323 q_grad=0.002631
epoch=49 loss_total=0.785972 loss_rec=0.542474 valid_auc=0.693438 valid_rmse=0.473738 q_change=50 q_delta=0.404696 q_grad=0.002658
epoch=50 loss_total=0.780910 loss_rec=0.537440 valid_auc=0.691808 valid_rmse=0.476319 q_change=50 q_delta=0.405146 q_grad=0.002656
epoch=51 loss_total=0.779534 loss_rec=0.536190 valid_auc=0.692891 valid_rmse=0.477528 q_change=50 q_delta=0.405426 q_grad=0.002757
epoch=52 loss_total=0.780908 loss_rec=0.537661 valid_auc=0.692031 valid_rmse=0.475739 q_change=50 q_delta=0.405983 q_grad=0.002812
epoch=53 loss_total=0.781126 loss_rec=0.537907 valid_auc=0.693393 valid_rmse=0.474754 q_change=50 q_delta=0.406300 q_grad=0.002848
epoch=54 loss_total=0.772733 loss_rec=0.529558 valid_auc=0.688326 valid_rmse=0.477947 q_change=50 q_delta=0.406414 q_grad=0.002851
epoch=55 loss_total=0.769022 loss_rec=0.525923 valid_auc=0.695000 valid_rmse=0.474637 q_change=50 q_delta=0.406714 q_grad=0.002849
epoch=56 loss_total=0.769106 loss_rec=0.526036 valid_auc=0.689688 valid_rmse=0.477499 q_change=50 q_delta=0.406886 q_grad=0.002943
Early stopping at epoch 56; best_epoch=36.
Saved run to C:\Users\YAN_SHU_YU\Desktop\Generative-CD\Q_GNCDM\results\weak_q_lambda_sweep\lq_0p9_ls_0p7_lb_0p6\seed_2026\noise_0.20\weak-q_lq_0p9_ls_0p7_lb_0p6
Final metrics: q_hat_f1=0.193548 response_auc=0.691608 mastery_pearson=0.390534
