run=weak-q_lq_0p9_ls_0p6_lb_0p3 mode=weak-q noise=0.20 train=4200 valid=600 test=1200
epoch=1 loss_total=1.061409 loss_rec=0.725654 valid_auc=0.587768 valid_rmse=0.499750 q_change=57 q_delta=0.077166 q_grad=0.000568
epoch=2 loss_total=1.004287 loss_rec=0.705785 valid_auc=0.594509 valid_rmse=0.499255 q_change=57 q_delta=0.140317 q_grad=0.000438
epoch=3 loss_total=0.972803 loss_rec=0.699508 valid_auc=0.608415 valid_rmse=0.498310 q_change=57 q_delta=0.189401 q_grad=0.000345
epoch=4 loss_total=0.948860 loss_rec=0.692452 valid_auc=0.628549 valid_rmse=0.497169 q_change=57 q_delta=0.226927 q_grad=0.000283
epoch=5 loss_total=0.935808 loss_rec=0.690352 valid_auc=0.649743 valid_rmse=0.494126 q_change=57 q_delta=0.253921 q_grad=0.000269
epoch=6 loss_total=0.918768 loss_rec=0.680086 valid_auc=0.663225 valid_rmse=0.489652 q_change=57 q_delta=0.271091 q_grad=0.000310
epoch=7 loss_total=0.894863 loss_rec=0.659758 valid_auc=0.666283 valid_rmse=0.482316 q_change=57 q_delta=0.280119 q_grad=0.000446
epoch=8 loss_total=0.877608 loss_rec=0.644127 valid_auc=0.670480 valid_rmse=0.478870 q_change=57 q_delta=0.285673 q_grad=0.000693
epoch=9 loss_total=0.866659 loss_rec=0.634607 valid_auc=0.682042 valid_rmse=0.473711 q_change=57 q_delta=0.290555 q_grad=0.000884
epoch=10 loss_total=0.866145 loss_rec=0.635467 valid_auc=0.681004 valid_rmse=0.474863 q_change=57 q_delta=0.294051 q_grad=0.000995
epoch=11 loss_total=0.861774 loss_rec=0.631831 valid_auc=0.682489 valid_rmse=0.473047 q_change=57 q_delta=0.297379 q_grad=0.001150
epoch=12 loss_total=0.851008 loss_rec=0.621773 valid_auc=0.682768 valid_rmse=0.474617 q_change=57 q_delta=0.299584 q_grad=0.001238
epoch=13 loss_total=0.846834 loss_rec=0.618263 valid_auc=0.682779 valid_rmse=0.473080 q_change=57 q_delta=0.302642 q_grad=0.001270
epoch=14 loss_total=0.846757 loss_rec=0.618650 valid_auc=0.681161 valid_rmse=0.475129 q_change=56 q_delta=0.304312 q_grad=0.001367
epoch=15 loss_total=0.842507 loss_rec=0.614767 valid_auc=0.682009 valid_rmse=0.473692 q_change=56 q_delta=0.306635 q_grad=0.001421
epoch=16 loss_total=0.843933 loss_rec=0.616455 valid_auc=0.683761 valid_rmse=0.474159 q_change=55 q_delta=0.308637 q_grad=0.001523
epoch=17 loss_total=0.839999 loss_rec=0.612888 valid_auc=0.682511 valid_rmse=0.474106 q_change=54 q_delta=0.310708 q_grad=0.001455
epoch=18 loss_total=0.834441 loss_rec=0.607504 valid_auc=0.683225 valid_rmse=0.473858 q_change=54 q_delta=0.312725 q_grad=0.001490
epoch=19 loss_total=0.833374 loss_rec=0.606734 valid_auc=0.683917 valid_rmse=0.474858 q_change=52 q_delta=0.314957 q_grad=0.001586
epoch=20 loss_total=0.830959 loss_rec=0.604405 valid_auc=0.685413 valid_rmse=0.473220 q_change=51 q_delta=0.317108 q_grad=0.001664
epoch=21 loss_total=0.826146 loss_rec=0.599666 valid_auc=0.686150 valid_rmse=0.474569 q_change=51 q_delta=0.318921 q_grad=0.001589
epoch=22 loss_total=0.823964 loss_rec=0.597494 valid_auc=0.685234 valid_rmse=0.474406 q_change=50 q_delta=0.321086 q_grad=0.001720
epoch=23 loss_total=0.821596 loss_rec=0.595113 valid_auc=0.682824 valid_rmse=0.474250 q_change=50 q_delta=0.323449 q_grad=0.001686
epoch=24 loss_total=0.816523 loss_rec=0.590047 valid_auc=0.682254 valid_rmse=0.474973 q_change=50 q_delta=0.325701 q_grad=0.001726
epoch=25 loss_total=0.816695 loss_rec=0.590084 valid_auc=0.684208 valid_rmse=0.474883 q_change=50 q_delta=0.327807 q_grad=0.001842
epoch=26 loss_total=0.813688 loss_rec=0.587001 valid_auc=0.686172 valid_rmse=0.475053 q_change=50 q_delta=0.329870 q_grad=0.001831
epoch=27 loss_total=0.809469 loss_rec=0.582593 valid_auc=0.686574 valid_rmse=0.476576 q_change=50 q_delta=0.331769 q_grad=0.001823
epoch=28 loss_total=0.812044 loss_rec=0.585058 valid_auc=0.686853 valid_rmse=0.475431 q_change=50 q_delta=0.333665 q_grad=0.001930
epoch=29 loss_total=0.804740 loss_rec=0.577661 valid_auc=0.689732 valid_rmse=0.474728 q_change=50 q_delta=0.335247 q_grad=0.001938
epoch=30 loss_total=0.802438 loss_rec=0.575138 valid_auc=0.690614 valid_rmse=0.475718 q_change=49 q_delta=0.336575 q_grad=0.001974
epoch=31 loss_total=0.797840 loss_rec=0.570323 valid_auc=0.689096 valid_rmse=0.475760 q_change=49 q_delta=0.338127 q_grad=0.001990
epoch=32 loss_total=0.797913 loss_rec=0.570221 valid_auc=0.692757 valid_rmse=0.474788 q_change=48 q_delta=0.339849 q_grad=0.002051
epoch=33 loss_total=0.792861 loss_rec=0.564905 valid_auc=0.690670 valid_rmse=0.473888 q_change=47 q_delta=0.341254 q_grad=0.002076
epoch=34 loss_total=0.791760 loss_rec=0.563650 valid_auc=0.690424 valid_rmse=0.473862 q_change=46 q_delta=0.342282 q_grad=0.002072
epoch=35 loss_total=0.791216 loss_rec=0.562924 valid_auc=0.694051 valid_rmse=0.472511 q_change=46 q_delta=0.343542 q_grad=0.002093
epoch=36 loss_total=0.782647 loss_rec=0.554087 valid_auc=0.693426 valid_rmse=0.472980 q_change=46 q_delta=0.344306 q_grad=0.002178
epoch=37 loss_total=0.777643 loss_rec=0.548824 valid_auc=0.691127 valid_rmse=0.475545 q_change=45 q_delta=0.345428 q_grad=0.002194
epoch=38 loss_total=0.771389 loss_rec=0.542490 valid_auc=0.691217 valid_rmse=0.476513 q_change=45 q_delta=0.346523 q_grad=0.002307
epoch=39 loss_total=0.770589 loss_rec=0.541519 valid_auc=0.691172 valid_rmse=0.474720 q_change=45 q_delta=0.348123 q_grad=0.002298
epoch=40 loss_total=0.767237 loss_rec=0.538025 valid_auc=0.690703 valid_rmse=0.475979 q_change=45 q_delta=0.349118 q_grad=0.002377
epoch=41 loss_total=0.760199 loss_rec=0.530942 valid_auc=0.691239 valid_rmse=0.478195 q_change=44 q_delta=0.350191 q_grad=0.002372
epoch=42 loss_total=0.762752 loss_rec=0.533425 valid_auc=0.688337 valid_rmse=0.477152 q_change=44 q_delta=0.351441 q_grad=0.002529
epoch=43 loss_total=0.756181 loss_rec=0.526770 valid_auc=0.690893 valid_rmse=0.478003 q_change=43 q_delta=0.352123 q_grad=0.002504
epoch=44 loss_total=0.753841 loss_rec=0.524400 valid_auc=0.690826 valid_rmse=0.477166 q_change=43 q_delta=0.353131 q_grad=0.002536
epoch=45 loss_total=0.748983 loss_rec=0.519550 valid_auc=0.688783 valid_rmse=0.482834 q_change=42 q_delta=0.353766 q_grad=0.002535
epoch=46 loss_total=0.748889 loss_rec=0.519379 valid_auc=0.695134 valid_rmse=0.476469 q_change=43 q_delta=0.354976 q_grad=0.002590
epoch=47 loss_total=0.745726 loss_rec=0.516218 valid_auc=0.691239 valid_rmse=0.480149 q_change=43 q_delta=0.355736 q_grad=0.002567
epoch=48 loss_total=0.744629 loss_rec=0.515158 valid_auc=0.690513 valid_rmse=0.479388 q_change=41 q_delta=0.356598 q_grad=0.002639
epoch=49 loss_total=0.739025 loss_rec=0.509583 valid_auc=0.692455 valid_rmse=0.477637 q_change=41 q_delta=0.357097 q_grad=0.002632
epoch=50 loss_total=0.734512 loss_rec=0.505103 valid_auc=0.690882 valid_rmse=0.481567 q_change=41 q_delta=0.357857 q_grad=0.002632
epoch=51 loss_total=0.735296 loss_rec=0.505989 valid_auc=0.691540 valid_rmse=0.481900 q_change=40 q_delta=0.358308 q_grad=0.002723
epoch=52 loss_total=0.736633 loss_rec=0.507372 valid_auc=0.690424 valid_rmse=0.480550 q_change=40 q_delta=0.359045 q_grad=0.002741
epoch=53 loss_total=0.738017 loss_rec=0.508791 valid_auc=0.690893 valid_rmse=0.479466 q_change=40 q_delta=0.359530 q_grad=0.002740
epoch=54 loss_total=0.731214 loss_rec=0.501970 valid_auc=0.688739 valid_rmse=0.481348 q_change=40 q_delta=0.359994 q_grad=0.002767
epoch=55 loss_total=0.726831 loss_rec=0.497667 valid_auc=0.696350 valid_rmse=0.477624 q_change=40 q_delta=0.360515 q_grad=0.002714
epoch=56 loss_total=0.726860 loss_rec=0.497737 valid_auc=0.691596 valid_rmse=0.480710 q_change=39 q_delta=0.360870 q_grad=0.002761
epoch=57 loss_total=0.726710 loss_rec=0.497605 valid_auc=0.689520 valid_rmse=0.483662 q_change=38 q_delta=0.361373 q_grad=0.002879
epoch=58 loss_total=0.720068 loss_rec=0.490992 valid_auc=0.689944 valid_rmse=0.484007 q_change=38 q_delta=0.361946 q_grad=0.002802
epoch=59 loss_total=0.718278 loss_rec=0.489314 valid_auc=0.694687 valid_rmse=0.479748 q_change=38 q_delta=0.362409 q_grad=0.002792
epoch=60 loss_total=0.720625 loss_rec=0.491702 valid_auc=0.693705 valid_rmse=0.481407 q_change=38 q_delta=0.362848 q_grad=0.002828
epoch=61 loss_total=0.718799 loss_rec=0.489877 valid_auc=0.691551 valid_rmse=0.481270 q_change=36 q_delta=0.363300 q_grad=0.002918
epoch=62 loss_total=0.714074 loss_rec=0.485241 valid_auc=0.694319 valid_rmse=0.480958 q_change=36 q_delta=0.363659 q_grad=0.002832
epoch=63 loss_total=0.714477 loss_rec=0.485663 valid_auc=0.692801 valid_rmse=0.481723 q_change=37 q_delta=0.364152 q_grad=0.002949
epoch=64 loss_total=0.713988 loss_rec=0.485212 valid_auc=0.694978 valid_rmse=0.484558 q_change=37 q_delta=0.364498 q_grad=0.002920
epoch=65 loss_total=0.711498 loss_rec=0.482763 valid_auc=0.692567 valid_rmse=0.482112 q_change=37 q_delta=0.365148 q_grad=0.002816
epoch=66 loss_total=0.711389 loss_rec=0.482673 valid_auc=0.691384 valid_rmse=0.483044 q_change=36 q_delta=0.365748 q_grad=0.002994
epoch=67 loss_total=0.711294 loss_rec=0.482600 valid_auc=0.692031 valid_rmse=0.483959 q_change=36 q_delta=0.366363 q_grad=0.002971
epoch=68 loss_total=0.703458 loss_rec=0.474785 valid_auc=0.694866 valid_rmse=0.485053 q_change=36 q_delta=0.366809 q_grad=0.002990
epoch=69 loss_total=0.701463 loss_rec=0.472799 valid_auc=0.692377 valid_rmse=0.489575 q_change=36 q_delta=0.367497 q_grad=0.003008
epoch=70 loss_total=0.698868 loss_rec=0.470204 valid_auc=0.692857 valid_rmse=0.483686 q_change=36 q_delta=0.368176 q_grad=0.003082
epoch=71 loss_total=0.699077 loss_rec=0.470500 valid_auc=0.696049 valid_rmse=0.482710 q_change=36 q_delta=0.368754 q_grad=0.003005
epoch=72 loss_total=0.699897 loss_rec=0.471294 valid_auc=0.693862 valid_rmse=0.484359 q_change=36 q_delta=0.369136 q_grad=0.003051
epoch=73 loss_total=0.693502 loss_rec=0.464906 valid_auc=0.690647 valid_rmse=0.486994 q_change=36 q_delta=0.369668 q_grad=0.003099
epoch=74 loss_total=0.699028 loss_rec=0.470483 valid_auc=0.692991 valid_rmse=0.485134 q_change=37 q_delta=0.370318 q_grad=0.003059
epoch=75 loss_total=0.697009 loss_rec=0.468464 valid_auc=0.691261 valid_rmse=0.490018 q_change=37 q_delta=0.370536 q_grad=0.003107
Early stopping at epoch 75; best_epoch=55.
Saved run to C:\Users\YAN_SHU_YU\Desktop\Generative-CD\Q_GNCDM\results\weak_q_lambda_sweep\lq_0p9_ls_0p6_lb_0p3\seed_2026\noise_0.20\weak-q_lq_0p9_ls_0p6_lb_0p3
Final metrics: q_hat_f1=0.438356 response_auc=0.684654 mastery_pearson=0.534223
