run=weak-q_lq_0p6_ls_0p2_lb_0p2 mode=weak-q noise=0.20 train=4200 valid=600 test=1200
epoch=1 loss_total=0.862828 loss_rec=0.725608 valid_auc=0.590050 valid_rmse=0.499701 q_change=57 q_delta=0.071075 q_grad=0.000178
epoch=2 loss_total=0.832937 loss_rec=0.705112 valid_auc=0.604598 valid_rmse=0.498839 q_change=57 q_delta=0.117033 q_grad=0.000140
epoch=3 loss_total=0.820693 loss_rec=0.697032 valid_auc=0.627545 valid_rmse=0.496804 q_change=57 q_delta=0.143514 q_grad=0.000151
epoch=4 loss_total=0.807196 loss_rec=0.685245 valid_auc=0.652835 valid_rmse=0.492639 q_change=54 q_delta=0.157153 q_grad=0.000200
epoch=5 loss_total=0.792950 loss_rec=0.670904 valid_auc=0.665770 valid_rmse=0.483634 q_change=51 q_delta=0.157553 q_grad=0.000341
epoch=6 loss_total=0.766408 loss_rec=0.643320 valid_auc=0.672489 valid_rmse=0.476912 q_change=47 q_delta=0.156494 q_grad=0.000600
epoch=7 loss_total=0.748372 loss_rec=0.625064 valid_auc=0.678002 valid_rmse=0.475760 q_change=44 q_delta=0.159226 q_grad=0.000795
epoch=8 loss_total=0.743889 loss_rec=0.620711 valid_auc=0.676395 valid_rmse=0.476439 q_change=44 q_delta=0.162820 q_grad=0.000947
epoch=9 loss_total=0.738683 loss_rec=0.615755 valid_auc=0.680686 valid_rmse=0.474578 q_change=42 q_delta=0.167096 q_grad=0.001008
epoch=10 loss_total=0.743142 loss_rec=0.620503 valid_auc=0.679208 valid_rmse=0.476226 q_change=42 q_delta=0.171363 q_grad=0.001002
epoch=11 loss_total=0.742053 loss_rec=0.619467 valid_auc=0.678705 valid_rmse=0.475143 q_change=39 q_delta=0.175361 q_grad=0.001068
epoch=12 loss_total=0.734837 loss_rec=0.612389 valid_auc=0.677835 valid_rmse=0.476747 q_change=39 q_delta=0.179144 q_grad=0.001086
epoch=13 loss_total=0.732015 loss_rec=0.609711 valid_auc=0.678047 valid_rmse=0.475368 q_change=38 q_delta=0.183872 q_grad=0.001053
epoch=14 loss_total=0.733415 loss_rec=0.611127 valid_auc=0.677455 valid_rmse=0.477443 q_change=36 q_delta=0.187301 q_grad=0.001108
epoch=15 loss_total=0.730453 loss_rec=0.608091 valid_auc=0.679208 valid_rmse=0.475872 q_change=36 q_delta=0.191546 q_grad=0.001114
epoch=16 loss_total=0.732995 loss_rec=0.610537 valid_auc=0.678717 valid_rmse=0.476026 q_change=34 q_delta=0.195373 q_grad=0.001194
epoch=17 loss_total=0.728749 loss_rec=0.606298 valid_auc=0.678917 valid_rmse=0.475883 q_change=31 q_delta=0.198696 q_grad=0.001129
epoch=18 loss_total=0.724938 loss_rec=0.602389 valid_auc=0.678694 valid_rmse=0.476390 q_change=30 q_delta=0.202831 q_grad=0.001155
epoch=19 loss_total=0.724567 loss_rec=0.601930 valid_auc=0.679208 valid_rmse=0.476675 q_change=29 q_delta=0.207426 q_grad=0.001209
epoch=20 loss_total=0.723097 loss_rec=0.600304 valid_auc=0.681049 valid_rmse=0.475434 q_change=30 q_delta=0.211864 q_grad=0.001261
epoch=21 loss_total=0.718785 loss_rec=0.595774 valid_auc=0.682054 valid_rmse=0.475945 q_change=29 q_delta=0.216050 q_grad=0.001204
epoch=22 loss_total=0.717073 loss_rec=0.593860 valid_auc=0.680937 valid_rmse=0.476310 q_change=28 q_delta=0.220429 q_grad=0.001295
epoch=23 loss_total=0.715596 loss_rec=0.592131 valid_auc=0.680346 valid_rmse=0.476230 q_change=28 q_delta=0.224800 q_grad=0.001265
epoch=24 loss_total=0.710807 loss_rec=0.587087 valid_auc=0.680949 valid_rmse=0.476609 q_change=29 q_delta=0.229388 q_grad=0.001301
epoch=25 loss_total=0.710184 loss_rec=0.586130 valid_auc=0.681842 valid_rmse=0.476762 q_change=29 q_delta=0.234033 q_grad=0.001373
epoch=26 loss_total=0.707918 loss_rec=0.583556 valid_auc=0.683482 valid_rmse=0.476804 q_change=29 q_delta=0.238544 q_grad=0.001354
epoch=27 loss_total=0.704333 loss_rec=0.579619 valid_auc=0.683717 valid_rmse=0.477954 q_change=28 q_delta=0.242786 q_grad=0.001367
epoch=28 loss_total=0.706628 loss_rec=0.581530 valid_auc=0.683650 valid_rmse=0.477438 q_change=27 q_delta=0.247571 q_grad=0.001456
epoch=29 loss_total=0.699338 loss_rec=0.573894 valid_auc=0.686183 valid_rmse=0.476485 q_change=27 q_delta=0.251777 q_grad=0.001451
epoch=30 loss_total=0.696963 loss_rec=0.571077 valid_auc=0.687344 valid_rmse=0.477899 q_change=27 q_delta=0.255989 q_grad=0.001505
epoch=31 loss_total=0.692191 loss_rec=0.565910 valid_auc=0.685670 valid_rmse=0.477859 q_change=27 q_delta=0.260078 q_grad=0.001513
epoch=32 loss_total=0.691657 loss_rec=0.564943 valid_auc=0.689955 valid_rmse=0.476418 q_change=26 q_delta=0.264751 q_grad=0.001550
epoch=33 loss_total=0.686182 loss_rec=0.559010 valid_auc=0.688237 valid_rmse=0.475938 q_change=23 q_delta=0.269501 q_grad=0.001594
epoch=34 loss_total=0.685772 loss_rec=0.558203 valid_auc=0.687377 valid_rmse=0.476210 q_change=23 q_delta=0.273373 q_grad=0.001577
epoch=35 loss_total=0.685197 loss_rec=0.557228 valid_auc=0.690000 valid_rmse=0.475265 q_change=23 q_delta=0.277321 q_grad=0.001613
epoch=36 loss_total=0.677529 loss_rec=0.549100 valid_auc=0.690759 valid_rmse=0.476008 q_change=23 q_delta=0.280802 q_grad=0.001661
epoch=37 loss_total=0.673252 loss_rec=0.544394 valid_auc=0.689230 valid_rmse=0.478390 q_change=23 q_delta=0.284682 q_grad=0.001666
epoch=38 loss_total=0.667220 loss_rec=0.537992 valid_auc=0.689576 valid_rmse=0.479072 q_change=23 q_delta=0.288386 q_grad=0.001723
epoch=39 loss_total=0.666976 loss_rec=0.537382 valid_auc=0.689944 valid_rmse=0.477974 q_change=22 q_delta=0.291813 q_grad=0.001715
epoch=40 loss_total=0.663460 loss_rec=0.533512 valid_auc=0.689241 valid_rmse=0.479031 q_change=21 q_delta=0.294947 q_grad=0.001732
epoch=41 loss_total=0.657338 loss_rec=0.527077 valid_auc=0.689263 valid_rmse=0.481341 q_change=22 q_delta=0.298102 q_grad=0.001719
epoch=42 loss_total=0.660582 loss_rec=0.530007 valid_auc=0.688337 valid_rmse=0.479679 q_change=20 q_delta=0.301186 q_grad=0.001844
epoch=43 loss_total=0.654024 loss_rec=0.523180 valid_auc=0.690815 valid_rmse=0.480458 q_change=20 q_delta=0.304011 q_grad=0.001790
epoch=44 loss_total=0.652313 loss_rec=0.521198 valid_auc=0.691038 valid_rmse=0.479576 q_change=20 q_delta=0.306585 q_grad=0.001789
epoch=45 loss_total=0.648529 loss_rec=0.517177 valid_auc=0.689699 valid_rmse=0.483918 q_change=20 q_delta=0.308797 q_grad=0.001786
epoch=46 loss_total=0.647665 loss_rec=0.516052 valid_auc=0.693672 valid_rmse=0.479066 q_change=19 q_delta=0.311519 q_grad=0.001807
epoch=47 loss_total=0.646196 loss_rec=0.514358 valid_auc=0.691518 valid_rmse=0.481929 q_change=19 q_delta=0.313981 q_grad=0.001774
epoch=48 loss_total=0.644576 loss_rec=0.512528 valid_auc=0.691540 valid_rmse=0.480613 q_change=19 q_delta=0.316302 q_grad=0.001825
epoch=49 loss_total=0.638844 loss_rec=0.506593 valid_auc=0.692411 valid_rmse=0.479609 q_change=20 q_delta=0.318453 q_grad=0.001802
epoch=50 loss_total=0.635152 loss_rec=0.502727 valid_auc=0.692132 valid_rmse=0.483201 q_change=20 q_delta=0.320721 q_grad=0.001789
epoch=51 loss_total=0.635648 loss_rec=0.503049 valid_auc=0.692656 valid_rmse=0.483167 q_change=20 q_delta=0.322626 q_grad=0.001842
epoch=52 loss_total=0.636410 loss_rec=0.503642 valid_auc=0.691183 valid_rmse=0.482155 q_change=21 q_delta=0.325011 q_grad=0.001838
epoch=53 loss_total=0.637776 loss_rec=0.504835 valid_auc=0.691328 valid_rmse=0.481906 q_change=21 q_delta=0.326931 q_grad=0.001831
epoch=54 loss_total=0.631484 loss_rec=0.498369 valid_auc=0.689688 valid_rmse=0.483062 q_change=21 q_delta=0.328736 q_grad=0.001851
epoch=55 loss_total=0.627026 loss_rec=0.493769 valid_auc=0.696931 valid_rmse=0.479313 q_change=21 q_delta=0.330396 q_grad=0.001826
epoch=56 loss_total=0.625975 loss_rec=0.492586 valid_auc=0.693460 valid_rmse=0.482546 q_change=21 q_delta=0.332232 q_grad=0.001787
epoch=57 loss_total=0.626950 loss_rec=0.493373 valid_auc=0.691641 valid_rmse=0.484081 q_change=22 q_delta=0.333985 q_grad=0.001919
epoch=58 loss_total=0.621350 loss_rec=0.487632 valid_auc=0.692656 valid_rmse=0.483621 q_change=22 q_delta=0.335579 q_grad=0.001859
epoch=59 loss_total=0.617942 loss_rec=0.484108 valid_auc=0.695625 valid_rmse=0.481571 q_change=21 q_delta=0.337146 q_grad=0.001808
epoch=60 loss_total=0.621728 loss_rec=0.487763 valid_auc=0.695580 valid_rmse=0.483130 q_change=21 q_delta=0.338560 q_grad=0.001864
epoch=61 loss_total=0.618692 loss_rec=0.484604 valid_auc=0.694275 valid_rmse=0.481594 q_change=21 q_delta=0.339954 q_grad=0.001887
epoch=62 loss_total=0.615454 loss_rec=0.481250 valid_auc=0.696317 valid_rmse=0.481770 q_change=21 q_delta=0.341366 q_grad=0.001802
epoch=63 loss_total=0.614788 loss_rec=0.480451 valid_auc=0.695346 valid_rmse=0.483096 q_change=21 q_delta=0.342702 q_grad=0.001903
epoch=64 loss_total=0.616204 loss_rec=0.481751 valid_auc=0.696362 valid_rmse=0.484419 q_change=21 q_delta=0.344021 q_grad=0.001883
epoch=65 loss_total=0.613912 loss_rec=0.479349 valid_auc=0.694855 valid_rmse=0.482745 q_change=21 q_delta=0.345440 q_grad=0.001800
epoch=66 loss_total=0.612609 loss_rec=0.477968 valid_auc=0.694955 valid_rmse=0.483182 q_change=21 q_delta=0.346576 q_grad=0.001903
epoch=67 loss_total=0.612299 loss_rec=0.477544 valid_auc=0.694196 valid_rmse=0.484179 q_change=21 q_delta=0.347727 q_grad=0.001882
epoch=68 loss_total=0.606000 loss_rec=0.471142 valid_auc=0.696272 valid_rmse=0.484401 q_change=21 q_delta=0.348782 q_grad=0.001881
epoch=69 loss_total=0.603625 loss_rec=0.468671 valid_auc=0.695815 valid_rmse=0.489279 q_change=21 q_delta=0.349836 q_grad=0.001874
epoch=70 loss_total=0.601396 loss_rec=0.466327 valid_auc=0.695145 valid_rmse=0.484003 q_change=21 q_delta=0.351097 q_grad=0.001915
epoch=71 loss_total=0.601064 loss_rec=0.465946 valid_auc=0.699096 valid_rmse=0.482535 q_change=21 q_delta=0.351879 q_grad=0.001868
epoch=72 loss_total=0.602311 loss_rec=0.467119 valid_auc=0.696429 valid_rmse=0.484441 q_change=21 q_delta=0.352885 q_grad=0.001898
epoch=73 loss_total=0.598040 loss_rec=0.462750 valid_auc=0.693817 valid_rmse=0.486656 q_change=21 q_delta=0.353972 q_grad=0.001934
epoch=74 loss_total=0.601483 loss_rec=0.466139 valid_auc=0.695000 valid_rmse=0.485434 q_change=21 q_delta=0.354668 q_grad=0.001881
epoch=75 loss_total=0.599598 loss_rec=0.464179 valid_auc=0.692388 valid_rmse=0.490464 q_change=21 q_delta=0.355407 q_grad=0.001946
epoch=76 loss_total=0.598356 loss_rec=0.462880 valid_auc=0.694944 valid_rmse=0.483904 q_change=21 q_delta=0.356448 q_grad=0.001891
epoch=77 loss_total=0.590408 loss_rec=0.454870 valid_auc=0.696518 valid_rmse=0.485435 q_change=22 q_delta=0.357229 q_grad=0.001862
epoch=78 loss_total=0.591345 loss_rec=0.455748 valid_auc=0.696473 valid_rmse=0.487923 q_change=22 q_delta=0.357905 q_grad=0.002005
epoch=79 loss_total=0.589051 loss_rec=0.453406 valid_auc=0.693873 valid_rmse=0.485925 q_change=22 q_delta=0.358730 q_grad=0.001964
epoch=80 loss_total=0.588131 loss_rec=0.452446 valid_auc=0.697143 valid_rmse=0.486589 q_change=22 q_delta=0.359517 q_grad=0.001947
epoch=81 loss_total=0.588181 loss_rec=0.452446 valid_auc=0.696060 valid_rmse=0.487749 q_change=22 q_delta=0.360307 q_grad=0.001997
epoch=82 loss_total=0.583904 loss_rec=0.448129 valid_auc=0.694922 valid_rmse=0.487773 q_change=22 q_delta=0.361029 q_grad=0.001978
epoch=83 loss_total=0.590175 loss_rec=0.454379 valid_auc=0.695871 valid_rmse=0.487660 q_change=22 q_delta=0.361745 q_grad=0.001968
epoch=84 loss_total=0.589472 loss_rec=0.453643 valid_auc=0.696194 valid_rmse=0.485448 q_change=24 q_delta=0.362461 q_grad=0.001949
epoch=85 loss_total=0.583673 loss_rec=0.447798 valid_auc=0.696786 valid_rmse=0.488258 q_change=24 q_delta=0.363137 q_grad=0.002006
epoch=86 loss_total=0.584237 loss_rec=0.448306 valid_auc=0.694754 valid_rmse=0.487211 q_change=24 q_delta=0.364052 q_grad=0.002054
epoch=87 loss_total=0.581545 loss_rec=0.445584 valid_auc=0.695134 valid_rmse=0.486438 q_change=24 q_delta=0.364677 q_grad=0.002004
epoch=88 loss_total=0.576757 loss_rec=0.440752 valid_auc=0.697232 valid_rmse=0.486674 q_change=24 q_delta=0.365356 q_grad=0.002019
epoch=89 loss_total=0.578310 loss_rec=0.442289 valid_auc=0.696060 valid_rmse=0.490715 q_change=24 q_delta=0.365929 q_grad=0.001963
epoch=90 loss_total=0.584598 loss_rec=0.448542 valid_auc=0.692221 valid_rmse=0.487240 q_change=24 q_delta=0.366634 q_grad=0.001985
epoch=91 loss_total=0.577120 loss_rec=0.441029 valid_auc=0.693917 valid_rmse=0.488085 q_change=25 q_delta=0.367104 q_grad=0.001971
Early stopping at epoch 91; best_epoch=71.
Saved run to C:\Users\YAN_SHU_YU\Desktop\Generative-CD\Q_GNCDM\results\weak_q_lambda_sweep\lq_0p6_ls_0p2_lb_0p2\seed_2026\noise_0.20\weak-q_lq_0p6_ls_0p2_lb_0p2
Final metrics: q_hat_f1=0.744681 response_auc=0.684553 mastery_pearson=0.552786
