run=weak-q_lq_0p2_ls_0p6_lb_0p4 mode=weak-q noise=0.20 train=4200 valid=600 test=1200
epoch=1 loss_total=1.083923 loss_rec=0.725666 valid_auc=0.587645 valid_rmse=0.499758 q_change=57 q_delta=0.079651 q_grad=0.000636
epoch=2 loss_total=1.014467 loss_rec=0.706008 valid_auc=0.594029 valid_rmse=0.499350 q_change=57 q_delta=0.152012 q_grad=0.000607
epoch=3 loss_total=0.963177 loss_rec=0.700283 valid_auc=0.606150 valid_rmse=0.498665 q_change=57 q_delta=0.213615 q_grad=0.000562
epoch=4 loss_total=0.918036 loss_rec=0.694437 valid_auc=0.623527 valid_rmse=0.498184 q_change=57 q_delta=0.263589 q_grad=0.000505
epoch=5 loss_total=0.886616 loss_rec=0.694886 valid_auc=0.643638 valid_rmse=0.496693 q_change=57 q_delta=0.302342 q_grad=0.000443
epoch=6 loss_total=0.857906 loss_rec=0.691227 valid_auc=0.658181 valid_rmse=0.496291 q_change=57 q_delta=0.331680 q_grad=0.000389
epoch=7 loss_total=0.832951 loss_rec=0.685507 valid_auc=0.658940 valid_rmse=0.495145 q_change=57 q_delta=0.353670 q_grad=0.000351
epoch=8 loss_total=0.814287 loss_rec=0.681147 valid_auc=0.653705 valid_rmse=0.492647 q_change=57 q_delta=0.369369 q_grad=0.000342
epoch=9 loss_total=0.796560 loss_rec=0.673610 valid_auc=0.657467 valid_rmse=0.486502 q_change=57 q_delta=0.380611 q_grad=0.000395
epoch=10 loss_total=0.784528 loss_rec=0.669125 valid_auc=0.658203 valid_rmse=0.484160 q_change=57 q_delta=0.388707 q_grad=0.000471
epoch=11 loss_total=0.773461 loss_rec=0.663602 valid_auc=0.657835 valid_rmse=0.482469 q_change=57 q_delta=0.395596 q_grad=0.000577
epoch=12 loss_total=0.758975 loss_rec=0.654196 valid_auc=0.661685 valid_rmse=0.483060 q_change=57 q_delta=0.401437 q_grad=0.000647
epoch=13 loss_total=0.752867 loss_rec=0.652450 valid_auc=0.663002 valid_rmse=0.479798 q_change=57 q_delta=0.406511 q_grad=0.000663
epoch=14 loss_total=0.748334 loss_rec=0.651334 valid_auc=0.666038 valid_rmse=0.481233 q_change=57 q_delta=0.410376 q_grad=0.000738
epoch=15 loss_total=0.744534 loss_rec=0.650505 valid_auc=0.663504 valid_rmse=0.479659 q_change=57 q_delta=0.414080 q_grad=0.000775
epoch=16 loss_total=0.742526 loss_rec=0.650965 valid_auc=0.664040 valid_rmse=0.479686 q_change=57 q_delta=0.416934 q_grad=0.000854
epoch=17 loss_total=0.740286 loss_rec=0.650954 valid_auc=0.666730 valid_rmse=0.480235 q_change=57 q_delta=0.419453 q_grad=0.000829
epoch=18 loss_total=0.733576 loss_rec=0.646140 valid_auc=0.667701 valid_rmse=0.479753 q_change=57 q_delta=0.421773 q_grad=0.000855
epoch=19 loss_total=0.730363 loss_rec=0.644629 valid_auc=0.667210 valid_rmse=0.479477 q_change=57 q_delta=0.423756 q_grad=0.000911
epoch=20 loss_total=0.729218 loss_rec=0.644913 valid_auc=0.670592 valid_rmse=0.478139 q_change=57 q_delta=0.425643 q_grad=0.000994
epoch=21 loss_total=0.725385 loss_rec=0.642463 valid_auc=0.669821 valid_rmse=0.478935 q_change=57 q_delta=0.427041 q_grad=0.000951
epoch=22 loss_total=0.724599 loss_rec=0.642779 valid_auc=0.669475 valid_rmse=0.477875 q_change=57 q_delta=0.428419 q_grad=0.001036
epoch=23 loss_total=0.720854 loss_rec=0.640072 valid_auc=0.668817 valid_rmse=0.477616 q_change=57 q_delta=0.429753 q_grad=0.001048
epoch=24 loss_total=0.716432 loss_rec=0.636629 valid_auc=0.669888 valid_rmse=0.478084 q_change=57 q_delta=0.430825 q_grad=0.001093
epoch=25 loss_total=0.718756 loss_rec=0.639749 valid_auc=0.669587 valid_rmse=0.477513 q_change=57 q_delta=0.431744 q_grad=0.001193
epoch=26 loss_total=0.716344 loss_rec=0.638077 valid_auc=0.670078 valid_rmse=0.478030 q_change=57 q_delta=0.432597 q_grad=0.001209
epoch=27 loss_total=0.714295 loss_rec=0.636622 valid_auc=0.673036 valid_rmse=0.477351 q_change=57 q_delta=0.433314 q_grad=0.001221
epoch=28 loss_total=0.714904 loss_rec=0.637817 valid_auc=0.674118 valid_rmse=0.476688 q_change=57 q_delta=0.434065 q_grad=0.001285
epoch=29 loss_total=0.711980 loss_rec=0.635417 valid_auc=0.675759 valid_rmse=0.476563 q_change=57 q_delta=0.434674 q_grad=0.001348
epoch=30 loss_total=0.713108 loss_rec=0.637026 valid_auc=0.676339 valid_rmse=0.477014 q_change=57 q_delta=0.435168 q_grad=0.001352
epoch=31 loss_total=0.709445 loss_rec=0.633710 valid_auc=0.677210 valid_rmse=0.476092 q_change=57 q_delta=0.435685 q_grad=0.001392
epoch=32 loss_total=0.711044 loss_rec=0.635698 valid_auc=0.678583 valid_rmse=0.476935 q_change=57 q_delta=0.436046 q_grad=0.001457
epoch=33 loss_total=0.709876 loss_rec=0.634803 valid_auc=0.677076 valid_rmse=0.475660 q_change=57 q_delta=0.436661 q_grad=0.001454
epoch=34 loss_total=0.709155 loss_rec=0.634441 valid_auc=0.676406 valid_rmse=0.475404 q_change=57 q_delta=0.436938 q_grad=0.001492
epoch=35 loss_total=0.710628 loss_rec=0.636174 valid_auc=0.677958 valid_rmse=0.474875 q_change=57 q_delta=0.437259 q_grad=0.001496
epoch=36 loss_total=0.707349 loss_rec=0.633130 valid_auc=0.678694 valid_rmse=0.475966 q_change=57 q_delta=0.437429 q_grad=0.001544
epoch=37 loss_total=0.702568 loss_rec=0.628549 valid_auc=0.680647 valid_rmse=0.475275 q_change=57 q_delta=0.437669 q_grad=0.001584
epoch=38 loss_total=0.701708 loss_rec=0.627847 valid_auc=0.680458 valid_rmse=0.476550 q_change=57 q_delta=0.437845 q_grad=0.001699
epoch=39 loss_total=0.705224 loss_rec=0.631545 valid_auc=0.679297 valid_rmse=0.474857 q_change=57 q_delta=0.438185 q_grad=0.001673
epoch=40 loss_total=0.701518 loss_rec=0.628021 valid_auc=0.680134 valid_rmse=0.475131 q_change=57 q_delta=0.438297 q_grad=0.001725
epoch=41 loss_total=0.697596 loss_rec=0.624191 valid_auc=0.681953 valid_rmse=0.475252 q_change=57 q_delta=0.438323 q_grad=0.001749
epoch=42 loss_total=0.702003 loss_rec=0.628657 valid_auc=0.678449 valid_rmse=0.475686 q_change=57 q_delta=0.438419 q_grad=0.001809
epoch=43 loss_total=0.698517 loss_rec=0.625153 valid_auc=0.680011 valid_rmse=0.475010 q_change=57 q_delta=0.438294 q_grad=0.001773
epoch=44 loss_total=0.698766 loss_rec=0.625385 valid_auc=0.681239 valid_rmse=0.475174 q_change=57 q_delta=0.438244 q_grad=0.001847
epoch=45 loss_total=0.696565 loss_rec=0.623134 valid_auc=0.683560 valid_rmse=0.476799 q_change=57 q_delta=0.437996 q_grad=0.001896
epoch=46 loss_total=0.697370 loss_rec=0.623816 valid_auc=0.684408 valid_rmse=0.473572 q_change=56 q_delta=0.437846 q_grad=0.001861
epoch=47 loss_total=0.694322 loss_rec=0.620705 valid_auc=0.685781 valid_rmse=0.473890 q_change=56 q_delta=0.438095 q_grad=0.001891
epoch=48 loss_total=0.695131 loss_rec=0.621448 valid_auc=0.685837 valid_rmse=0.473088 q_change=56 q_delta=0.438655 q_grad=0.001927
epoch=49 loss_total=0.692925 loss_rec=0.619195 valid_auc=0.685301 valid_rmse=0.473400 q_change=56 q_delta=0.439042 q_grad=0.001960
epoch=50 loss_total=0.688760 loss_rec=0.615069 valid_auc=0.682589 valid_rmse=0.474315 q_change=56 q_delta=0.439362 q_grad=0.001881
epoch=51 loss_total=0.689367 loss_rec=0.615731 valid_auc=0.686529 valid_rmse=0.475215 q_change=56 q_delta=0.439533 q_grad=0.002024
epoch=52 loss_total=0.690277 loss_rec=0.616670 valid_auc=0.684621 valid_rmse=0.473714 q_change=56 q_delta=0.439850 q_grad=0.002037
epoch=53 loss_total=0.692054 loss_rec=0.618514 valid_auc=0.687277 valid_rmse=0.472943 q_change=56 q_delta=0.440058 q_grad=0.002018
epoch=54 loss_total=0.684261 loss_rec=0.610797 valid_auc=0.686105 valid_rmse=0.474333 q_change=56 q_delta=0.440163 q_grad=0.001994
epoch=55 loss_total=0.684522 loss_rec=0.611088 valid_auc=0.688638 valid_rmse=0.472704 q_change=56 q_delta=0.440288 q_grad=0.002028
epoch=56 loss_total=0.686511 loss_rec=0.613147 valid_auc=0.685502 valid_rmse=0.473164 q_change=56 q_delta=0.440454 q_grad=0.002091
epoch=57 loss_total=0.685562 loss_rec=0.612233 valid_auc=0.688136 valid_rmse=0.474406 q_change=56 q_delta=0.440400 q_grad=0.002132
epoch=58 loss_total=0.681806 loss_rec=0.608490 valid_auc=0.686205 valid_rmse=0.474556 q_change=56 q_delta=0.440544 q_grad=0.002082
epoch=59 loss_total=0.682072 loss_rec=0.608887 valid_auc=0.686897 valid_rmse=0.472849 q_change=56 q_delta=0.440681 q_grad=0.002098
epoch=60 loss_total=0.681432 loss_rec=0.608256 valid_auc=0.689085 valid_rmse=0.473009 q_change=56 q_delta=0.440660 q_grad=0.002129
epoch=61 loss_total=0.681113 loss_rec=0.607917 valid_auc=0.688817 valid_rmse=0.473174 q_change=56 q_delta=0.440674 q_grad=0.002157
epoch=62 loss_total=0.679975 loss_rec=0.606838 valid_auc=0.688002 valid_rmse=0.472357 q_change=56 q_delta=0.440746 q_grad=0.002096
epoch=63 loss_total=0.681085 loss_rec=0.607911 valid_auc=0.688058 valid_rmse=0.473009 q_change=56 q_delta=0.440617 q_grad=0.002103
epoch=64 loss_total=0.684079 loss_rec=0.610942 valid_auc=0.692243 valid_rmse=0.474039 q_change=56 q_delta=0.440557 q_grad=0.002171
epoch=65 loss_total=0.677332 loss_rec=0.604130 valid_auc=0.691451 valid_rmse=0.471663 q_change=56 q_delta=0.440566 q_grad=0.002044
epoch=66 loss_total=0.678202 loss_rec=0.604975 valid_auc=0.693371 valid_rmse=0.471836 q_change=55 q_delta=0.440394 q_grad=0.002167
epoch=67 loss_total=0.680175 loss_rec=0.606879 valid_auc=0.690815 valid_rmse=0.473100 q_change=55 q_delta=0.440265 q_grad=0.002120
epoch=68 loss_total=0.675844 loss_rec=0.602490 valid_auc=0.693013 valid_rmse=0.472701 q_change=54 q_delta=0.440066 q_grad=0.002131
epoch=69 loss_total=0.672205 loss_rec=0.598803 valid_auc=0.696540 valid_rmse=0.477204 q_change=54 q_delta=0.440313 q_grad=0.002194
epoch=70 loss_total=0.672381 loss_rec=0.598946 valid_auc=0.693605 valid_rmse=0.471429 q_change=54 q_delta=0.440927 q_grad=0.002181
epoch=71 loss_total=0.673925 loss_rec=0.600480 valid_auc=0.693069 valid_rmse=0.471408 q_change=54 q_delta=0.441359 q_grad=0.002176
epoch=72 loss_total=0.671843 loss_rec=0.598358 valid_auc=0.692690 valid_rmse=0.472210 q_change=54 q_delta=0.441717 q_grad=0.002204
epoch=73 loss_total=0.669115 loss_rec=0.595671 valid_auc=0.688873 valid_rmse=0.472496 q_change=54 q_delta=0.442102 q_grad=0.002251
epoch=74 loss_total=0.671968 loss_rec=0.598507 valid_auc=0.690703 valid_rmse=0.472789 q_change=54 q_delta=0.442391 q_grad=0.002207
epoch=75 loss_total=0.670333 loss_rec=0.596867 valid_auc=0.690435 valid_rmse=0.478149 q_change=54 q_delta=0.442598 q_grad=0.002206
epoch=76 loss_total=0.669888 loss_rec=0.596420 valid_auc=0.688873 valid_rmse=0.472651 q_change=54 q_delta=0.442942 q_grad=0.002196
epoch=77 loss_total=0.663553 loss_rec=0.590101 valid_auc=0.689196 valid_rmse=0.476214 q_change=54 q_delta=0.443063 q_grad=0.002195
epoch=78 loss_total=0.664941 loss_rec=0.591512 valid_auc=0.688705 valid_rmse=0.474362 q_change=54 q_delta=0.443279 q_grad=0.002376
epoch=79 loss_total=0.664473 loss_rec=0.591089 valid_auc=0.687935 valid_rmse=0.473995 q_change=54 q_delta=0.443492 q_grad=0.002442
epoch=80 loss_total=0.663611 loss_rec=0.590250 valid_auc=0.688080 valid_rmse=0.473735 q_change=54 q_delta=0.443667 q_grad=0.002363
epoch=81 loss_total=0.660238 loss_rec=0.586910 valid_auc=0.689353 valid_rmse=0.475400 q_change=54 q_delta=0.443817 q_grad=0.002434
epoch=82 loss_total=0.660327 loss_rec=0.587037 valid_auc=0.687188 valid_rmse=0.475136 q_change=54 q_delta=0.443938 q_grad=0.002469
epoch=83 loss_total=0.658715 loss_rec=0.585467 valid_auc=0.688281 valid_rmse=0.478629 q_change=54 q_delta=0.444057 q_grad=0.002447
epoch=84 loss_total=0.659657 loss_rec=0.586430 valid_auc=0.689185 valid_rmse=0.475379 q_change=54 q_delta=0.444276 q_grad=0.002513
epoch=85 loss_total=0.660697 loss_rec=0.587501 valid_auc=0.687020 valid_rmse=0.479101 q_change=54 q_delta=0.444266 q_grad=0.002551
epoch=86 loss_total=0.662421 loss_rec=0.589225 valid_auc=0.685692 valid_rmse=0.476537 q_change=54 q_delta=0.444411 q_grad=0.002530
epoch=87 loss_total=0.656572 loss_rec=0.583422 valid_auc=0.685301 valid_rmse=0.477019 q_change=54 q_delta=0.444515 q_grad=0.002478
epoch=88 loss_total=0.651014 loss_rec=0.577886 valid_auc=0.684777 valid_rmse=0.476948 q_change=54 q_delta=0.444619 q_grad=0.002570
epoch=89 loss_total=0.652730 loss_rec=0.579627 valid_auc=0.685547 valid_rmse=0.482270 q_change=54 q_delta=0.444642 q_grad=0.002619
Early stopping at epoch 89; best_epoch=69.
Saved run to C:\Users\YAN_SHU_YU\Desktop\Generative-CD\Q_GNCDM\results\weak_q_lambda_sweep\lq_0p2_ls_0p6_lb_0p4\seed_2026\noise_0.20\weak-q_lq_0p2_ls_0p6_lb_0p4
Final metrics: q_hat_f1=0.101695 response_auc=0.683803 mastery_pearson=0.296422
