run=weak-q_lq_0p8_ls_0p6_lb_0p7 mode=weak-q noise=0.20 train=4200 valid=600 test=1200
epoch=1 loss_total=1.158329 loss_rec=0.725662 valid_auc=0.587656 valid_rmse=0.499755 q_change=57 q_delta=0.078791 q_grad=0.000628
epoch=2 loss_total=1.092422 loss_rec=0.705934 valid_auc=0.594107 valid_rmse=0.499319 q_change=57 q_delta=0.148054 q_grad=0.000557
epoch=3 loss_total=1.048165 loss_rec=0.700034 valid_auc=0.607065 valid_rmse=0.498553 q_change=57 q_delta=0.205679 q_grad=0.000488
epoch=4 loss_total=1.011173 loss_rec=0.693841 valid_auc=0.625458 valid_rmse=0.497889 q_change=57 q_delta=0.252088 q_grad=0.000423
epoch=5 loss_total=0.987259 loss_rec=0.693675 valid_auc=0.645982 valid_rmse=0.496030 q_change=57 q_delta=0.288007 q_grad=0.000371
epoch=6 loss_total=0.964262 loss_rec=0.688653 valid_auc=0.660089 valid_rmse=0.494780 q_change=57 q_delta=0.314944 q_grad=0.000337
epoch=7 loss_total=0.942083 loss_rec=0.679680 valid_auc=0.660435 valid_rmse=0.491725 q_change=57 q_delta=0.334399 q_grad=0.000339
epoch=8 loss_total=0.922996 loss_rec=0.669575 valid_auc=0.657444 valid_rmse=0.486536 q_change=57 q_delta=0.346972 q_grad=0.000416
epoch=9 loss_total=0.905092 loss_rec=0.657663 valid_auc=0.663092 valid_rmse=0.480288 q_change=57 q_delta=0.356428 q_grad=0.000565
epoch=10 loss_total=0.899093 loss_rec=0.656663 valid_auc=0.664330 valid_rmse=0.480097 q_change=57 q_delta=0.364113 q_grad=0.000672
epoch=11 loss_total=0.891835 loss_rec=0.653196 valid_auc=0.667344 valid_rmse=0.478781 q_change=57 q_delta=0.370643 q_grad=0.000788
epoch=12 loss_total=0.879426 loss_rec=0.644152 valid_auc=0.671004 valid_rmse=0.479356 q_change=57 q_delta=0.375707 q_grad=0.000867
epoch=13 loss_total=0.874191 loss_rec=0.641667 valid_auc=0.672210 valid_rmse=0.476383 q_change=57 q_delta=0.380138 q_grad=0.000904
epoch=14 loss_total=0.871138 loss_rec=0.640672 valid_auc=0.672801 valid_rmse=0.477618 q_change=57 q_delta=0.383129 q_grad=0.001021
epoch=15 loss_total=0.867096 loss_rec=0.638341 valid_auc=0.673996 valid_rmse=0.475732 q_change=57 q_delta=0.386130 q_grad=0.001106
epoch=16 loss_total=0.866410 loss_rec=0.639043 valid_auc=0.678136 valid_rmse=0.475379 q_change=57 q_delta=0.388118 q_grad=0.001240
epoch=17 loss_total=0.863309 loss_rec=0.637152 valid_auc=0.679397 valid_rmse=0.475430 q_change=57 q_delta=0.389849 q_grad=0.001229
epoch=18 loss_total=0.856182 loss_rec=0.630920 valid_auc=0.681127 valid_rmse=0.474401 q_change=57 q_delta=0.391309 q_grad=0.001299
epoch=19 loss_total=0.853910 loss_rec=0.629535 valid_auc=0.682087 valid_rmse=0.474804 q_change=57 q_delta=0.392525 q_grad=0.001416
epoch=20 loss_total=0.851669 loss_rec=0.627879 valid_auc=0.685480 valid_rmse=0.472803 q_change=57 q_delta=0.393473 q_grad=0.001535
epoch=21 loss_total=0.847100 loss_rec=0.623819 valid_auc=0.685826 valid_rmse=0.474347 q_change=57 q_delta=0.393791 q_grad=0.001497
epoch=22 loss_total=0.844635 loss_rec=0.621623 valid_auc=0.687801 valid_rmse=0.472696 q_change=56 q_delta=0.394179 q_grad=0.001656
epoch=23 loss_total=0.840886 loss_rec=0.618103 valid_auc=0.685737 valid_rmse=0.472454 q_change=56 q_delta=0.395348 q_grad=0.001673
epoch=24 loss_total=0.835405 loss_rec=0.612837 valid_auc=0.686484 valid_rmse=0.472810 q_change=56 q_delta=0.396077 q_grad=0.001726
epoch=25 loss_total=0.836732 loss_rec=0.614397 valid_auc=0.686306 valid_rmse=0.472814 q_change=56 q_delta=0.396537 q_grad=0.001891
epoch=26 loss_total=0.833603 loss_rec=0.611410 valid_auc=0.687545 valid_rmse=0.473849 q_change=56 q_delta=0.396988 q_grad=0.001883
epoch=27 loss_total=0.829564 loss_rec=0.607477 valid_auc=0.688906 valid_rmse=0.474680 q_change=55 q_delta=0.397221 q_grad=0.001876
epoch=28 loss_total=0.831635 loss_rec=0.609795 valid_auc=0.687467 valid_rmse=0.473603 q_change=54 q_delta=0.397982 q_grad=0.001954
epoch=29 loss_total=0.825229 loss_rec=0.603602 valid_auc=0.690458 valid_rmse=0.472920 q_change=54 q_delta=0.398751 q_grad=0.001997
epoch=30 loss_total=0.824650 loss_rec=0.603135 valid_auc=0.691629 valid_rmse=0.473225 q_change=54 q_delta=0.399589 q_grad=0.001959
epoch=31 loss_total=0.820666 loss_rec=0.599220 valid_auc=0.691562 valid_rmse=0.473145 q_change=54 q_delta=0.400337 q_grad=0.001994
epoch=32 loss_total=0.821813 loss_rec=0.600543 valid_auc=0.693984 valid_rmse=0.473149 q_change=54 q_delta=0.401047 q_grad=0.002039
epoch=33 loss_total=0.819313 loss_rec=0.598156 valid_auc=0.692065 valid_rmse=0.471299 q_change=53 q_delta=0.401859 q_grad=0.002015
epoch=34 loss_total=0.818431 loss_rec=0.597424 valid_auc=0.690502 valid_rmse=0.471710 q_change=52 q_delta=0.402356 q_grad=0.002020
epoch=35 loss_total=0.817711 loss_rec=0.596856 valid_auc=0.694129 valid_rmse=0.470600 q_change=52 q_delta=0.403001 q_grad=0.001992
epoch=36 loss_total=0.812434 loss_rec=0.591579 valid_auc=0.695391 valid_rmse=0.471479 q_change=52 q_delta=0.403707 q_grad=0.002061
epoch=37 loss_total=0.807130 loss_rec=0.586321 valid_auc=0.694487 valid_rmse=0.472162 q_change=52 q_delta=0.404580 q_grad=0.002064
epoch=38 loss_total=0.805177 loss_rec=0.584511 valid_auc=0.695458 valid_rmse=0.473566 q_change=52 q_delta=0.405350 q_grad=0.002179
epoch=39 loss_total=0.806516 loss_rec=0.585941 valid_auc=0.695056 valid_rmse=0.470885 q_change=52 q_delta=0.406332 q_grad=0.002115
epoch=40 loss_total=0.801455 loss_rec=0.581016 valid_auc=0.694888 valid_rmse=0.471664 q_change=52 q_delta=0.406909 q_grad=0.002170
epoch=41 loss_total=0.796724 loss_rec=0.576430 valid_auc=0.696417 valid_rmse=0.472722 q_change=52 q_delta=0.407517 q_grad=0.002179
epoch=42 loss_total=0.798827 loss_rec=0.578620 valid_auc=0.692522 valid_rmse=0.472514 q_change=51 q_delta=0.408329 q_grad=0.002291
epoch=43 loss_total=0.793453 loss_rec=0.573286 valid_auc=0.693047 valid_rmse=0.473100 q_change=51 q_delta=0.408761 q_grad=0.002259
epoch=44 loss_total=0.792862 loss_rec=0.572813 valid_auc=0.691071 valid_rmse=0.474280 q_change=51 q_delta=0.409692 q_grad=0.002336
epoch=45 loss_total=0.787804 loss_rec=0.567892 valid_auc=0.692411 valid_rmse=0.478021 q_change=51 q_delta=0.410223 q_grad=0.002389
epoch=46 loss_total=0.787599 loss_rec=0.567729 valid_auc=0.694498 valid_rmse=0.472185 q_change=51 q_delta=0.411151 q_grad=0.002369
epoch=47 loss_total=0.783574 loss_rec=0.563820 valid_auc=0.693080 valid_rmse=0.474758 q_change=51 q_delta=0.411667 q_grad=0.002381
epoch=48 loss_total=0.780530 loss_rec=0.560861 valid_auc=0.693036 valid_rmse=0.473531 q_change=51 q_delta=0.412270 q_grad=0.002488
epoch=49 loss_total=0.776816 loss_rec=0.557224 valid_auc=0.693873 valid_rmse=0.473209 q_change=51 q_delta=0.412688 q_grad=0.002523
epoch=50 loss_total=0.771833 loss_rec=0.552307 valid_auc=0.691507 valid_rmse=0.475083 q_change=51 q_delta=0.413145 q_grad=0.002494
epoch=51 loss_total=0.770513 loss_rec=0.551111 valid_auc=0.694085 valid_rmse=0.477007 q_change=51 q_delta=0.413419 q_grad=0.002617
epoch=52 loss_total=0.771456 loss_rec=0.552177 valid_auc=0.692109 valid_rmse=0.474679 q_change=51 q_delta=0.413956 q_grad=0.002659
epoch=53 loss_total=0.771359 loss_rec=0.552116 valid_auc=0.694297 valid_rmse=0.473824 q_change=51 q_delta=0.414244 q_grad=0.002700
epoch=54 loss_total=0.762845 loss_rec=0.543686 valid_auc=0.690112 valid_rmse=0.476436 q_change=51 q_delta=0.414429 q_grad=0.002708
epoch=55 loss_total=0.759399 loss_rec=0.540316 valid_auc=0.696607 valid_rmse=0.473314 q_change=50 q_delta=0.414718 q_grad=0.002719
epoch=56 loss_total=0.759562 loss_rec=0.540525 valid_auc=0.691752 valid_rmse=0.475466 q_change=50 q_delta=0.414891 q_grad=0.002817
epoch=57 loss_total=0.756648 loss_rec=0.537653 valid_auc=0.691607 valid_rmse=0.477386 q_change=50 q_delta=0.415153 q_grad=0.002930
epoch=58 loss_total=0.749936 loss_rec=0.531012 valid_auc=0.691306 valid_rmse=0.480481 q_change=50 q_delta=0.415428 q_grad=0.002884
epoch=59 loss_total=0.750799 loss_rec=0.531992 valid_auc=0.693025 valid_rmse=0.475313 q_change=50 q_delta=0.415838 q_grad=0.002898
epoch=60 loss_total=0.749076 loss_rec=0.530327 valid_auc=0.693047 valid_rmse=0.476047 q_change=50 q_delta=0.416014 q_grad=0.002914
epoch=61 loss_total=0.745669 loss_rec=0.526914 valid_auc=0.690815 valid_rmse=0.476463 q_change=50 q_delta=0.416238 q_grad=0.003074
epoch=62 loss_total=0.741991 loss_rec=0.523370 valid_auc=0.692065 valid_rmse=0.476714 q_change=50 q_delta=0.416407 q_grad=0.003024
epoch=63 loss_total=0.741961 loss_rec=0.523375 valid_auc=0.689353 valid_rmse=0.477555 q_change=50 q_delta=0.416561 q_grad=0.003139
epoch=64 loss_total=0.742505 loss_rec=0.523951 valid_auc=0.692422 valid_rmse=0.480516 q_change=50 q_delta=0.416542 q_grad=0.003171
epoch=65 loss_total=0.736871 loss_rec=0.518342 valid_auc=0.691239 valid_rmse=0.477123 q_change=50 q_delta=0.416773 q_grad=0.003019
epoch=66 loss_total=0.738353 loss_rec=0.519881 valid_auc=0.689732 valid_rmse=0.478721 q_change=50 q_delta=0.416850 q_grad=0.003263
epoch=67 loss_total=0.738898 loss_rec=0.520457 valid_auc=0.689587 valid_rmse=0.479678 q_change=50 q_delta=0.416914 q_grad=0.003289
epoch=68 loss_total=0.730849 loss_rec=0.512468 valid_auc=0.689118 valid_rmse=0.483519 q_change=50 q_delta=0.416819 q_grad=0.003216
epoch=69 loss_total=0.728272 loss_rec=0.509891 valid_auc=0.690134 valid_rmse=0.486402 q_change=50 q_delta=0.416927 q_grad=0.003396
epoch=70 loss_total=0.726474 loss_rec=0.508120 valid_auc=0.687444 valid_rmse=0.480118 q_change=50 q_delta=0.417102 q_grad=0.003465
epoch=71 loss_total=0.727454 loss_rec=0.509181 valid_auc=0.690391 valid_rmse=0.479327 q_change=50 q_delta=0.417083 q_grad=0.003419
epoch=72 loss_total=0.725870 loss_rec=0.507572 valid_auc=0.688560 valid_rmse=0.479633 q_change=50 q_delta=0.417193 q_grad=0.003452
epoch=73 loss_total=0.720298 loss_rec=0.502040 valid_auc=0.685636 valid_rmse=0.482222 q_change=50 q_delta=0.417179 q_grad=0.003510
epoch=74 loss_total=0.727092 loss_rec=0.508849 valid_auc=0.686496 valid_rmse=0.481825 q_change=50 q_delta=0.417218 q_grad=0.003464
epoch=75 loss_total=0.723658 loss_rec=0.505417 valid_auc=0.685391 valid_rmse=0.488553 q_change=50 q_delta=0.417026 q_grad=0.003471
Early stopping at epoch 75; best_epoch=55.
Saved run to C:\Users\YAN_SHU_YU\Desktop\Generative-CD\Q_GNCDM\results\weak_q_lambda_sweep\lq_0p8_ls_0p6_lb_0p7\seed_2026\noise_0.20\weak-q_lq_0p8_ls_0p6_lb_0p7
Final metrics: q_hat_f1=0.222222 response_auc=0.686597 mastery_pearson=0.412222
