run=weak-q_lq_0p8_ls_0p5_lb_0p05 mode=weak-q noise=0.20 train=4200 valid=600 test=1200
epoch=1 loss_total=0.957016 loss_rec=0.725647 valid_auc=0.587902 valid_rmse=0.499743 q_change=57 q_delta=0.075776 q_grad=0.000442
epoch=2 loss_total=0.910281 loss_rec=0.705641 valid_auc=0.595536 valid_rmse=0.499181 q_change=57 q_delta=0.133844 q_grad=0.000310
epoch=3 loss_total=0.888373 loss_rec=0.698970 valid_auc=0.610893 valid_rmse=0.498024 q_change=57 q_delta=0.175533 q_grad=0.000235
epoch=4 loss_total=0.871763 loss_rec=0.690913 valid_auc=0.633839 valid_rmse=0.496284 q_change=57 q_delta=0.204699 q_grad=0.000209
epoch=5 loss_total=0.862682 loss_rec=0.686163 valid_auc=0.654699 valid_rmse=0.491613 q_change=57 q_delta=0.221907 q_grad=0.000246
epoch=6 loss_total=0.843883 loss_rec=0.668883 valid_auc=0.666429 valid_rmse=0.483831 q_change=57 q_delta=0.228124 q_grad=0.000375
epoch=7 loss_total=0.817589 loss_rec=0.642623 valid_auc=0.672667 valid_rmse=0.477832 q_change=57 q_delta=0.230077 q_grad=0.000600
epoch=8 loss_total=0.806209 loss_rec=0.631265 valid_auc=0.675614 valid_rmse=0.476714 q_change=57 q_delta=0.232620 q_grad=0.000859
epoch=9 loss_total=0.798148 loss_rec=0.623618 valid_auc=0.682913 valid_rmse=0.473125 q_change=57 q_delta=0.235696 q_grad=0.001008
epoch=10 loss_total=0.800973 loss_rec=0.627015 valid_auc=0.679699 valid_rmse=0.475142 q_change=57 q_delta=0.238793 q_grad=0.001062
epoch=11 loss_total=0.798898 loss_rec=0.625176 valid_auc=0.680234 valid_rmse=0.473896 q_change=57 q_delta=0.242192 q_grad=0.001168
epoch=12 loss_total=0.790454 loss_rec=0.617077 valid_auc=0.679453 valid_rmse=0.475827 q_change=57 q_delta=0.244849 q_grad=0.001207
epoch=13 loss_total=0.787599 loss_rec=0.614588 valid_auc=0.679632 valid_rmse=0.474411 q_change=57 q_delta=0.248559 q_grad=0.001189
epoch=14 loss_total=0.788803 loss_rec=0.616011 valid_auc=0.678292 valid_rmse=0.476606 q_change=56 q_delta=0.250579 q_grad=0.001256
epoch=15 loss_total=0.785687 loss_rec=0.613010 valid_auc=0.679609 valid_rmse=0.475046 q_change=56 q_delta=0.253178 q_grad=0.001276
epoch=16 loss_total=0.788285 loss_rec=0.615667 valid_auc=0.680123 valid_rmse=0.475388 q_change=56 q_delta=0.255407 q_grad=0.001364
epoch=17 loss_total=0.784792 loss_rec=0.612390 valid_auc=0.679542 valid_rmse=0.475291 q_change=55 q_delta=0.257388 q_grad=0.001290
epoch=18 loss_total=0.780804 loss_rec=0.608428 valid_auc=0.679420 valid_rmse=0.475493 q_change=55 q_delta=0.259663 q_grad=0.001314
epoch=19 loss_total=0.780711 loss_rec=0.608434 valid_auc=0.679754 valid_rmse=0.476019 q_change=55 q_delta=0.262046 q_grad=0.001387
epoch=20 loss_total=0.779537 loss_rec=0.607238 valid_auc=0.681641 valid_rmse=0.474772 q_change=53 q_delta=0.264224 q_grad=0.001450
epoch=21 loss_total=0.775842 loss_rec=0.603459 valid_auc=0.682154 valid_rmse=0.475585 q_change=53 q_delta=0.265718 q_grad=0.001373
epoch=22 loss_total=0.774639 loss_rec=0.602164 valid_auc=0.680491 valid_rmse=0.475819 q_change=52 q_delta=0.267606 q_grad=0.001478
epoch=23 loss_total=0.773552 loss_rec=0.600933 valid_auc=0.679955 valid_rmse=0.475606 q_change=52 q_delta=0.269879 q_grad=0.001441
epoch=24 loss_total=0.769921 loss_rec=0.597156 valid_auc=0.679420 valid_rmse=0.476165 q_change=51 q_delta=0.272018 q_grad=0.001474
epoch=25 loss_total=0.770689 loss_rec=0.597640 valid_auc=0.680324 valid_rmse=0.476148 q_change=51 q_delta=0.273822 q_grad=0.001557
epoch=26 loss_total=0.769166 loss_rec=0.595919 valid_auc=0.681384 valid_rmse=0.476119 q_change=51 q_delta=0.275957 q_grad=0.001538
epoch=27 loss_total=0.766258 loss_rec=0.592650 valid_auc=0.682098 valid_rmse=0.476738 q_change=50 q_delta=0.277898 q_grad=0.001533
epoch=28 loss_total=0.769812 loss_rec=0.595907 valid_auc=0.681663 valid_rmse=0.476389 q_change=49 q_delta=0.280158 q_grad=0.001620
epoch=29 loss_total=0.764139 loss_rec=0.589926 valid_auc=0.684319 valid_rmse=0.475341 q_change=49 q_delta=0.282284 q_grad=0.001624
epoch=30 loss_total=0.763013 loss_rec=0.588347 valid_auc=0.685714 valid_rmse=0.476558 q_change=47 q_delta=0.284048 q_grad=0.001649
epoch=31 loss_total=0.759814 loss_rec=0.584669 valid_auc=0.684967 valid_rmse=0.476211 q_change=46 q_delta=0.286041 q_grad=0.001663
epoch=32 loss_total=0.760910 loss_rec=0.585320 valid_auc=0.688092 valid_rmse=0.475040 q_change=46 q_delta=0.288439 q_grad=0.001703
epoch=33 loss_total=0.757759 loss_rec=0.581646 valid_auc=0.687132 valid_rmse=0.474276 q_change=44 q_delta=0.290637 q_grad=0.001734
epoch=34 loss_total=0.757407 loss_rec=0.580804 valid_auc=0.685357 valid_rmse=0.474550 q_change=42 q_delta=0.292460 q_grad=0.001712
epoch=35 loss_total=0.757585 loss_rec=0.580480 valid_auc=0.688527 valid_rmse=0.473532 q_change=42 q_delta=0.294458 q_grad=0.001736
epoch=36 loss_total=0.750873 loss_rec=0.573162 valid_auc=0.689319 valid_rmse=0.474084 q_change=42 q_delta=0.295933 q_grad=0.001809
epoch=37 loss_total=0.746397 loss_rec=0.568052 valid_auc=0.688627 valid_rmse=0.475510 q_change=42 q_delta=0.298004 q_grad=0.001835
epoch=38 loss_total=0.742016 loss_rec=0.563202 valid_auc=0.687946 valid_rmse=0.476610 q_change=41 q_delta=0.300042 q_grad=0.001932
epoch=39 loss_total=0.741784 loss_rec=0.562344 valid_auc=0.687924 valid_rmse=0.474919 q_change=40 q_delta=0.302799 q_grad=0.001930
epoch=40 loss_total=0.737777 loss_rec=0.557772 valid_auc=0.688036 valid_rmse=0.475609 q_change=37 q_delta=0.304636 q_grad=0.001990
epoch=41 loss_total=0.731786 loss_rec=0.551289 valid_auc=0.688839 valid_rmse=0.477292 q_change=37 q_delta=0.307006 q_grad=0.002008
epoch=42 loss_total=0.733596 loss_rec=0.552598 valid_auc=0.686462 valid_rmse=0.476650 q_change=37 q_delta=0.309410 q_grad=0.002159
epoch=43 loss_total=0.726726 loss_rec=0.545213 valid_auc=0.689007 valid_rmse=0.477370 q_change=35 q_delta=0.311267 q_grad=0.002135
epoch=44 loss_total=0.725401 loss_rec=0.543480 valid_auc=0.689085 valid_rmse=0.476524 q_change=36 q_delta=0.313287 q_grad=0.002170
epoch=45 loss_total=0.719736 loss_rec=0.537461 valid_auc=0.687935 valid_rmse=0.481260 q_change=36 q_delta=0.314779 q_grad=0.002174
epoch=46 loss_total=0.719714 loss_rec=0.537016 valid_auc=0.693058 valid_rmse=0.476032 q_change=35 q_delta=0.317063 q_grad=0.002230
epoch=47 loss_total=0.717003 loss_rec=0.533968 valid_auc=0.690480 valid_rmse=0.479176 q_change=35 q_delta=0.318575 q_grad=0.002216
epoch=48 loss_total=0.715049 loss_rec=0.531762 valid_auc=0.689107 valid_rmse=0.478261 q_change=34 q_delta=0.320220 q_grad=0.002286
epoch=49 loss_total=0.709309 loss_rec=0.525758 valid_auc=0.691663 valid_rmse=0.476801 q_change=34 q_delta=0.321444 q_grad=0.002286
epoch=50 loss_total=0.705100 loss_rec=0.521341 valid_auc=0.690123 valid_rmse=0.480521 q_change=35 q_delta=0.323173 q_grad=0.002274
epoch=51 loss_total=0.705457 loss_rec=0.521550 valid_auc=0.691920 valid_rmse=0.480436 q_change=35 q_delta=0.324146 q_grad=0.002355
epoch=52 loss_total=0.706362 loss_rec=0.522273 valid_auc=0.689420 valid_rmse=0.479853 q_change=34 q_delta=0.325700 q_grad=0.002374
epoch=53 loss_total=0.707668 loss_rec=0.523401 valid_auc=0.689900 valid_rmse=0.478734 q_change=33 q_delta=0.326915 q_grad=0.002366
epoch=54 loss_total=0.700473 loss_rec=0.516014 valid_auc=0.688638 valid_rmse=0.480497 q_change=33 q_delta=0.327977 q_grad=0.002394
epoch=55 loss_total=0.696177 loss_rec=0.511605 valid_auc=0.696094 valid_rmse=0.476790 q_change=33 q_delta=0.329071 q_grad=0.002374
epoch=56 loss_total=0.695988 loss_rec=0.511303 valid_auc=0.691250 valid_rmse=0.480179 q_change=31 q_delta=0.329986 q_grad=0.002360
epoch=57 loss_total=0.696348 loss_rec=0.511494 valid_auc=0.689408 valid_rmse=0.482309 q_change=31 q_delta=0.330935 q_grad=0.002505
epoch=58 loss_total=0.690482 loss_rec=0.505500 valid_auc=0.691663 valid_rmse=0.481960 q_change=32 q_delta=0.332140 q_grad=0.002442
epoch=59 loss_total=0.687828 loss_rec=0.502795 valid_auc=0.694431 valid_rmse=0.478745 q_change=32 q_delta=0.333068 q_grad=0.002410
epoch=60 loss_total=0.690618 loss_rec=0.505482 valid_auc=0.693862 valid_rmse=0.480476 q_change=32 q_delta=0.333818 q_grad=0.002458
epoch=61 loss_total=0.688566 loss_rec=0.503327 valid_auc=0.692734 valid_rmse=0.479754 q_change=31 q_delta=0.334831 q_grad=0.002532
epoch=62 loss_total=0.684704 loss_rec=0.499393 valid_auc=0.695112 valid_rmse=0.479477 q_change=31 q_delta=0.335907 q_grad=0.002431
epoch=63 loss_total=0.684163 loss_rec=0.498731 valid_auc=0.693616 valid_rmse=0.480605 q_change=31 q_delta=0.336691 q_grad=0.002549
epoch=64 loss_total=0.684921 loss_rec=0.499391 valid_auc=0.695435 valid_rmse=0.482530 q_change=31 q_delta=0.337518 q_grad=0.002536
epoch=65 loss_total=0.682903 loss_rec=0.497301 valid_auc=0.693862 valid_rmse=0.480355 q_change=30 q_delta=0.338751 q_grad=0.002426
epoch=66 loss_total=0.682067 loss_rec=0.496358 valid_auc=0.693828 valid_rmse=0.480755 q_change=30 q_delta=0.339737 q_grad=0.002579
epoch=67 loss_total=0.681791 loss_rec=0.495974 valid_auc=0.693158 valid_rmse=0.482153 q_change=30 q_delta=0.340598 q_grad=0.002551
epoch=68 loss_total=0.675273 loss_rec=0.489350 valid_auc=0.695190 valid_rmse=0.482502 q_change=30 q_delta=0.341407 q_grad=0.002577
epoch=69 loss_total=0.672203 loss_rec=0.486184 valid_auc=0.694252 valid_rmse=0.486963 q_change=30 q_delta=0.342318 q_grad=0.002574
epoch=70 loss_total=0.670779 loss_rec=0.484618 valid_auc=0.694464 valid_rmse=0.481622 q_change=30 q_delta=0.343553 q_grad=0.002642
epoch=71 loss_total=0.670384 loss_rec=0.484186 valid_auc=0.698259 valid_rmse=0.480182 q_change=31 q_delta=0.344580 q_grad=0.002595
epoch=72 loss_total=0.671384 loss_rec=0.485077 valid_auc=0.694855 valid_rmse=0.482075 q_change=31 q_delta=0.345319 q_grad=0.002616
epoch=73 loss_total=0.666724 loss_rec=0.480297 valid_auc=0.691641 valid_rmse=0.484661 q_change=31 q_delta=0.346338 q_grad=0.002671
epoch=74 loss_total=0.670621 loss_rec=0.484131 valid_auc=0.694431 valid_rmse=0.482906 q_change=31 q_delta=0.347402 q_grad=0.002634
epoch=75 loss_total=0.668401 loss_rec=0.481790 valid_auc=0.692176 valid_rmse=0.487698 q_change=31 q_delta=0.348057 q_grad=0.002689
epoch=76 loss_total=0.667591 loss_rec=0.480880 valid_auc=0.695000 valid_rmse=0.481304 q_change=30 q_delta=0.348981 q_grad=0.002625
epoch=77 loss_total=0.659008 loss_rec=0.472174 valid_auc=0.697333 valid_rmse=0.482295 q_change=30 q_delta=0.349859 q_grad=0.002614
epoch=78 loss_total=0.658739 loss_rec=0.471822 valid_auc=0.695681 valid_rmse=0.485758 q_change=31 q_delta=0.350732 q_grad=0.002822
epoch=79 loss_total=0.656395 loss_rec=0.469397 valid_auc=0.693415 valid_rmse=0.484421 q_change=30 q_delta=0.351646 q_grad=0.002778
epoch=80 loss_total=0.656066 loss_rec=0.469013 valid_auc=0.696931 valid_rmse=0.484005 q_change=30 q_delta=0.352808 q_grad=0.002746
epoch=81 loss_total=0.654263 loss_rec=0.467092 valid_auc=0.696585 valid_rmse=0.485043 q_change=30 q_delta=0.353372 q_grad=0.002810
epoch=82 loss_total=0.650499 loss_rec=0.463248 valid_auc=0.694275 valid_rmse=0.486104 q_change=30 q_delta=0.354334 q_grad=0.002813
epoch=83 loss_total=0.655621 loss_rec=0.468324 valid_auc=0.695993 valid_rmse=0.487109 q_change=30 q_delta=0.355006 q_grad=0.002796
epoch=84 loss_total=0.655555 loss_rec=0.468227 valid_auc=0.697422 valid_rmse=0.483234 q_change=30 q_delta=0.355845 q_grad=0.002793
epoch=85 loss_total=0.650143 loss_rec=0.462705 valid_auc=0.696730 valid_rmse=0.487413 q_change=30 q_delta=0.356388 q_grad=0.002857
epoch=86 loss_total=0.650042 loss_rec=0.462505 valid_auc=0.695703 valid_rmse=0.484907 q_change=30 q_delta=0.357211 q_grad=0.002943
epoch=87 loss_total=0.647174 loss_rec=0.459551 valid_auc=0.695893 valid_rmse=0.484036 q_change=30 q_delta=0.358026 q_grad=0.002868
epoch=88 loss_total=0.640977 loss_rec=0.453278 valid_auc=0.697344 valid_rmse=0.485952 q_change=30 q_delta=0.358568 q_grad=0.002906
epoch=89 loss_total=0.643022 loss_rec=0.455337 valid_auc=0.695368 valid_rmse=0.490313 q_change=30 q_delta=0.359029 q_grad=0.002837
epoch=90 loss_total=0.649597 loss_rec=0.461816 valid_auc=0.692600 valid_rmse=0.485489 q_change=30 q_delta=0.359926 q_grad=0.002855
epoch=91 loss_total=0.641250 loss_rec=0.453387 valid_auc=0.694900 valid_rmse=0.486031 q_change=30 q_delta=0.360556 q_grad=0.002841
Early stopping at epoch 91; best_epoch=71.
Saved run to C:\Users\YAN_SHU_YU\Desktop\Generative-CD\Q_GNCDM\results\weak_q_lambda_sweep\lq_0p8_ls_0p5_lb_0p05\seed_2026\noise_0.20\weak-q_lq_0p8_ls_0p5_lb_0p05
Final metrics: q_hat_f1=0.609756 response_auc=0.685248 mastery_pearson=0.547261
