run=weak-q_lq_0p5_ls_0p4_lb_0p2 mode=weak-q noise=0.20 train=4200 valid=600 test=1200
epoch=1 loss_total=0.949338 loss_rec=0.725650 valid_auc=0.587980 valid_rmse=0.499743 q_change=57 q_delta=0.076949 q_grad=0.000383
epoch=2 loss_total=0.903556 loss_rec=0.705738 valid_auc=0.596250 valid_rmse=0.499209 q_change=57 q_delta=0.140245 q_grad=0.000309
epoch=3 loss_total=0.878731 loss_rec=0.699322 valid_auc=0.613181 valid_rmse=0.498155 q_change=57 q_delta=0.189742 q_grad=0.000262
epoch=4 loss_total=0.858367 loss_rec=0.691955 valid_auc=0.637433 valid_rmse=0.496783 q_change=57 q_delta=0.227671 q_grad=0.000236
epoch=5 loss_total=0.846859 loss_rec=0.689081 valid_auc=0.658426 valid_rmse=0.493177 q_change=57 q_delta=0.253951 q_grad=0.000252
epoch=6 loss_total=0.829315 loss_rec=0.676718 valid_auc=0.668214 valid_rmse=0.487394 q_change=57 q_delta=0.268995 q_grad=0.000330
epoch=7 loss_total=0.804110 loss_rec=0.654026 valid_auc=0.669609 valid_rmse=0.480171 q_change=57 q_delta=0.276343 q_grad=0.000501
epoch=8 loss_total=0.789581 loss_rec=0.640744 valid_auc=0.672656 valid_rmse=0.477683 q_change=57 q_delta=0.281449 q_grad=0.000758
epoch=9 loss_total=0.779946 loss_rec=0.632306 valid_auc=0.682042 valid_rmse=0.473484 q_change=57 q_delta=0.285696 q_grad=0.000937
epoch=10 loss_total=0.780381 loss_rec=0.633831 valid_auc=0.681775 valid_rmse=0.474546 q_change=57 q_delta=0.288555 q_grad=0.001035
epoch=11 loss_total=0.776452 loss_rec=0.630429 valid_auc=0.683092 valid_rmse=0.472950 q_change=57 q_delta=0.291349 q_grad=0.001183
epoch=12 loss_total=0.766323 loss_rec=0.620813 valid_auc=0.683382 valid_rmse=0.474294 q_change=56 q_delta=0.293083 q_grad=0.001266
epoch=13 loss_total=0.761938 loss_rec=0.616923 valid_auc=0.683025 valid_rmse=0.473111 q_change=56 q_delta=0.296060 q_grad=0.001289
epoch=14 loss_total=0.761849 loss_rec=0.617185 valid_auc=0.682344 valid_rmse=0.474995 q_change=54 q_delta=0.297804 q_grad=0.001385
epoch=15 loss_total=0.757608 loss_rec=0.613244 valid_auc=0.682969 valid_rmse=0.473702 q_change=53 q_delta=0.300680 q_grad=0.001434
epoch=16 loss_total=0.758752 loss_rec=0.614634 valid_auc=0.683292 valid_rmse=0.474149 q_change=52 q_delta=0.303313 q_grad=0.001536
epoch=17 loss_total=0.754544 loss_rec=0.610751 valid_auc=0.682271 valid_rmse=0.474054 q_change=52 q_delta=0.306031 q_grad=0.001466
epoch=18 loss_total=0.748709 loss_rec=0.605127 valid_auc=0.683616 valid_rmse=0.474003 q_change=52 q_delta=0.309034 q_grad=0.001498
epoch=19 loss_total=0.747451 loss_rec=0.604202 valid_auc=0.683482 valid_rmse=0.474904 q_change=52 q_delta=0.311902 q_grad=0.001593
epoch=20 loss_total=0.744570 loss_rec=0.601474 valid_auc=0.685692 valid_rmse=0.473365 q_change=51 q_delta=0.314864 q_grad=0.001668
epoch=21 loss_total=0.739563 loss_rec=0.596645 valid_auc=0.686529 valid_rmse=0.474474 q_change=50 q_delta=0.316944 q_grad=0.001595
epoch=22 loss_total=0.736857 loss_rec=0.594071 valid_auc=0.685804 valid_rmse=0.474628 q_change=50 q_delta=0.319286 q_grad=0.001725
epoch=23 loss_total=0.734201 loss_rec=0.591559 valid_auc=0.683962 valid_rmse=0.474538 q_change=50 q_delta=0.322006 q_grad=0.001686
epoch=24 loss_total=0.728719 loss_rec=0.586213 valid_auc=0.683315 valid_rmse=0.475381 q_change=50 q_delta=0.324437 q_grad=0.001726
epoch=25 loss_total=0.728375 loss_rec=0.585944 valid_auc=0.684721 valid_rmse=0.475456 q_change=49 q_delta=0.326646 q_grad=0.001838
epoch=26 loss_total=0.725150 loss_rec=0.582812 valid_auc=0.686217 valid_rmse=0.475561 q_change=49 q_delta=0.328789 q_grad=0.001825
epoch=27 loss_total=0.720683 loss_rec=0.578370 valid_auc=0.685993 valid_rmse=0.477332 q_change=49 q_delta=0.330743 q_grad=0.001821
epoch=28 loss_total=0.722806 loss_rec=0.580523 valid_auc=0.686094 valid_rmse=0.476018 q_change=48 q_delta=0.332949 q_grad=0.001928
epoch=29 loss_total=0.715004 loss_rec=0.572802 valid_auc=0.688493 valid_rmse=0.475462 q_change=48 q_delta=0.334664 q_grad=0.001928
epoch=30 loss_total=0.712553 loss_rec=0.570328 valid_auc=0.690837 valid_rmse=0.476532 q_change=47 q_delta=0.336119 q_grad=0.001963
epoch=31 loss_total=0.707385 loss_rec=0.565178 valid_auc=0.688828 valid_rmse=0.476611 q_change=47 q_delta=0.337886 q_grad=0.001976
epoch=32 loss_total=0.706729 loss_rec=0.564527 valid_auc=0.691763 valid_rmse=0.475764 q_change=46 q_delta=0.339807 q_grad=0.002040
epoch=33 loss_total=0.701319 loss_rec=0.559054 valid_auc=0.689766 valid_rmse=0.474868 q_change=46 q_delta=0.341477 q_grad=0.002067
epoch=34 loss_total=0.700525 loss_rec=0.558311 valid_auc=0.689565 valid_rmse=0.474913 q_change=45 q_delta=0.342806 q_grad=0.002063
epoch=35 loss_total=0.699510 loss_rec=0.557274 valid_auc=0.692701 valid_rmse=0.473552 q_change=45 q_delta=0.344152 q_grad=0.002080
epoch=36 loss_total=0.690943 loss_rec=0.548631 valid_auc=0.692467 valid_rmse=0.474217 q_change=43 q_delta=0.345162 q_grad=0.002158
epoch=37 loss_total=0.686007 loss_rec=0.543644 valid_auc=0.689520 valid_rmse=0.477262 q_change=42 q_delta=0.346296 q_grad=0.002167
epoch=38 loss_total=0.679548 loss_rec=0.537208 valid_auc=0.690424 valid_rmse=0.477813 q_change=41 q_delta=0.347534 q_grad=0.002279
epoch=39 loss_total=0.678270 loss_rec=0.535927 valid_auc=0.690246 valid_rmse=0.476300 q_change=41 q_delta=0.349121 q_grad=0.002249
epoch=40 loss_total=0.674844 loss_rec=0.532495 valid_auc=0.690536 valid_rmse=0.477463 q_change=41 q_delta=0.350172 q_grad=0.002321
epoch=41 loss_total=0.667581 loss_rec=0.525277 valid_auc=0.690145 valid_rmse=0.480128 q_change=41 q_delta=0.351435 q_grad=0.002312
epoch=42 loss_total=0.670578 loss_rec=0.528300 valid_auc=0.687991 valid_rmse=0.478672 q_change=40 q_delta=0.352671 q_grad=0.002471
epoch=43 loss_total=0.664126 loss_rec=0.521885 valid_auc=0.689900 valid_rmse=0.479493 q_change=40 q_delta=0.353450 q_grad=0.002425
epoch=44 loss_total=0.661705 loss_rec=0.519484 valid_auc=0.689565 valid_rmse=0.479142 q_change=40 q_delta=0.354502 q_grad=0.002453
epoch=45 loss_total=0.657338 loss_rec=0.515173 valid_auc=0.687254 valid_rmse=0.483783 q_change=40 q_delta=0.355118 q_grad=0.002460
epoch=46 loss_total=0.656066 loss_rec=0.513885 valid_auc=0.693025 valid_rmse=0.478341 q_change=39 q_delta=0.356244 q_grad=0.002482
epoch=47 loss_total=0.653877 loss_rec=0.511764 valid_auc=0.688984 valid_rmse=0.481783 q_change=38 q_delta=0.357001 q_grad=0.002457
epoch=48 loss_total=0.652791 loss_rec=0.510740 valid_auc=0.688616 valid_rmse=0.480482 q_change=39 q_delta=0.358068 q_grad=0.002522
epoch=49 loss_total=0.647283 loss_rec=0.505282 valid_auc=0.690614 valid_rmse=0.479084 q_change=39 q_delta=0.358588 q_grad=0.002485
epoch=50 loss_total=0.642161 loss_rec=0.500214 valid_auc=0.689699 valid_rmse=0.483128 q_change=38 q_delta=0.359424 q_grad=0.002494
epoch=51 loss_total=0.643320 loss_rec=0.501457 valid_auc=0.689420 valid_rmse=0.483380 q_change=39 q_delta=0.360081 q_grad=0.002571
epoch=52 loss_total=0.644385 loss_rec=0.502571 valid_auc=0.689085 valid_rmse=0.481471 q_change=39 q_delta=0.361051 q_grad=0.002569
epoch=53 loss_total=0.645638 loss_rec=0.503868 valid_auc=0.688973 valid_rmse=0.481014 q_change=39 q_delta=0.361657 q_grad=0.002587
epoch=54 loss_total=0.639221 loss_rec=0.497456 valid_auc=0.686741 valid_rmse=0.482833 q_change=39 q_delta=0.362479 q_grad=0.002603
epoch=55 loss_total=0.634834 loss_rec=0.493132 valid_auc=0.694431 valid_rmse=0.479187 q_change=39 q_delta=0.363388 q_grad=0.002541
epoch=56 loss_total=0.634513 loss_rec=0.492848 valid_auc=0.690525 valid_rmse=0.482024 q_change=38 q_delta=0.363852 q_grad=0.002580
epoch=57 loss_total=0.634488 loss_rec=0.492838 valid_auc=0.687154 valid_rmse=0.485006 q_change=38 q_delta=0.364496 q_grad=0.002685
epoch=58 loss_total=0.628411 loss_rec=0.486800 valid_auc=0.688002 valid_rmse=0.485084 q_change=38 q_delta=0.365156 q_grad=0.002623
epoch=59 loss_total=0.626490 loss_rec=0.484978 valid_auc=0.692098 valid_rmse=0.481347 q_change=38 q_delta=0.365979 q_grad=0.002589
epoch=60 loss_total=0.628390 loss_rec=0.486899 valid_auc=0.691451 valid_rmse=0.482970 q_change=37 q_delta=0.366657 q_grad=0.002621
epoch=61 loss_total=0.626215 loss_rec=0.484728 valid_auc=0.689230 valid_rmse=0.482756 q_change=37 q_delta=0.367292 q_grad=0.002689
epoch=62 loss_total=0.622272 loss_rec=0.480865 valid_auc=0.692846 valid_rmse=0.482227 q_change=37 q_delta=0.367944 q_grad=0.002599
epoch=63 loss_total=0.622093 loss_rec=0.480697 valid_auc=0.690815 valid_rmse=0.483386 q_change=37 q_delta=0.368537 q_grad=0.002719
epoch=64 loss_total=0.621603 loss_rec=0.480235 valid_auc=0.691172 valid_rmse=0.485587 q_change=37 q_delta=0.369022 q_grad=0.002667
epoch=65 loss_total=0.619482 loss_rec=0.478135 valid_auc=0.690301 valid_rmse=0.483958 q_change=37 q_delta=0.369901 q_grad=0.002569
epoch=66 loss_total=0.619469 loss_rec=0.478155 valid_auc=0.689051 valid_rmse=0.485206 q_change=37 q_delta=0.370543 q_grad=0.002733
epoch=67 loss_total=0.619148 loss_rec=0.477863 valid_auc=0.688850 valid_rmse=0.485894 q_change=36 q_delta=0.371334 q_grad=0.002730
epoch=68 loss_total=0.611209 loss_rec=0.469960 valid_auc=0.690580 valid_rmse=0.487462 q_change=36 q_delta=0.371905 q_grad=0.002688
epoch=69 loss_total=0.609791 loss_rec=0.468556 valid_auc=0.689799 valid_rmse=0.491907 q_change=34 q_delta=0.372597 q_grad=0.002733
epoch=70 loss_total=0.606386 loss_rec=0.465174 valid_auc=0.689096 valid_rmse=0.486237 q_change=35 q_delta=0.373413 q_grad=0.002789
epoch=71 loss_total=0.607239 loss_rec=0.466102 valid_auc=0.691998 valid_rmse=0.485199 q_change=34 q_delta=0.373934 q_grad=0.002712
epoch=72 loss_total=0.607815 loss_rec=0.466657 valid_auc=0.690201 valid_rmse=0.486122 q_change=34 q_delta=0.374400 q_grad=0.002770
epoch=73 loss_total=0.600836 loss_rec=0.459698 valid_auc=0.687533 valid_rmse=0.489020 q_change=34 q_delta=0.375015 q_grad=0.002764
epoch=74 loss_total=0.606699 loss_rec=0.465620 valid_auc=0.689185 valid_rmse=0.487331 q_change=36 q_delta=0.375710 q_grad=0.002762
epoch=75 loss_total=0.604470 loss_rec=0.463404 valid_auc=0.687098 valid_rmse=0.493399 q_change=35 q_delta=0.375929 q_grad=0.002783
Early stopping at epoch 75; best_epoch=55.
Saved run to C:\Users\YAN_SHU_YU\Desktop\Generative-CD\Q_GNCDM\results\weak_q_lambda_sweep\lq_0p5_ls_0p4_lb_0p2\seed_2026\noise_0.20\weak-q_lq_0p5_ls_0p4_lb_0p2
Final metrics: q_hat_f1=0.459459 response_auc=0.685771 mastery_pearson=0.518822
