run=weak-q_lq_0p4_ls_0p3_lb_0p5 mode=weak-q noise=0.20 train=4200 valid=600 test=1200
epoch=1 loss_total=0.978603 loss_rec=0.725653 valid_auc=0.588170 valid_rmse=0.499743 q_change=57 q_delta=0.078203 q_grad=0.000329
epoch=2 loss_total=0.933536 loss_rec=0.705842 valid_auc=0.597467 valid_rmse=0.499236 q_change=57 q_delta=0.147358 q_grad=0.000310
epoch=3 loss_total=0.905009 loss_rec=0.699713 valid_auc=0.615156 valid_rmse=0.498301 q_change=57 q_delta=0.205105 q_grad=0.000294
epoch=4 loss_total=0.879338 loss_rec=0.693061 valid_auc=0.640714 valid_rmse=0.497318 q_change=57 q_delta=0.251476 q_grad=0.000275
epoch=5 loss_total=0.863281 loss_rec=0.691939 valid_auc=0.660982 valid_rmse=0.494789 q_change=57 q_delta=0.285863 q_grad=0.000273
epoch=6 loss_total=0.844734 loss_rec=0.684391 valid_auc=0.669297 valid_rmse=0.491756 q_change=57 q_delta=0.309175 q_grad=0.000298
epoch=7 loss_total=0.822297 loss_rec=0.669337 valid_auc=0.665815 valid_rmse=0.485529 q_change=57 q_delta=0.323496 q_grad=0.000380
epoch=8 loss_total=0.804078 loss_rec=0.655553 valid_auc=0.664754 valid_rmse=0.480947 q_change=57 q_delta=0.332388 q_grad=0.000566
epoch=9 loss_total=0.791776 loss_rec=0.646575 valid_auc=0.671920 valid_rmse=0.477037 q_change=57 q_delta=0.340322 q_grad=0.000739
epoch=10 loss_total=0.790972 loss_rec=0.648723 valid_auc=0.671975 valid_rmse=0.477564 q_change=57 q_delta=0.346269 q_grad=0.000828
epoch=11 loss_total=0.785766 loss_rec=0.645564 valid_auc=0.672868 valid_rmse=0.476451 q_change=57 q_delta=0.351240 q_grad=0.000958
epoch=12 loss_total=0.775124 loss_rec=0.636691 valid_auc=0.675681 valid_rmse=0.476988 q_change=57 q_delta=0.354700 q_grad=0.001045
epoch=13 loss_total=0.770398 loss_rec=0.633364 valid_auc=0.678326 valid_rmse=0.474625 q_change=57 q_delta=0.357896 q_grad=0.001096
epoch=14 loss_total=0.768516 loss_rec=0.632501 valid_auc=0.678426 valid_rmse=0.475889 q_change=57 q_delta=0.359509 q_grad=0.001231
epoch=15 loss_total=0.764548 loss_rec=0.629303 valid_auc=0.679643 valid_rmse=0.474053 q_change=57 q_delta=0.361364 q_grad=0.001328
epoch=16 loss_total=0.764390 loss_rec=0.629809 valid_auc=0.682299 valid_rmse=0.473702 q_change=56 q_delta=0.362576 q_grad=0.001475
epoch=17 loss_total=0.760747 loss_rec=0.626718 valid_auc=0.681908 valid_rmse=0.473651 q_change=56 q_delta=0.364185 q_grad=0.001453
epoch=18 loss_total=0.753132 loss_rec=0.619524 valid_auc=0.683605 valid_rmse=0.473415 q_change=56 q_delta=0.365517 q_grad=0.001523
epoch=19 loss_total=0.751200 loss_rec=0.618120 valid_auc=0.684342 valid_rmse=0.473847 q_change=56 q_delta=0.366712 q_grad=0.001649
epoch=20 loss_total=0.747952 loss_rec=0.615203 valid_auc=0.687500 valid_rmse=0.472044 q_change=56 q_delta=0.367646 q_grad=0.001754
epoch=21 loss_total=0.743206 loss_rec=0.610839 valid_auc=0.688326 valid_rmse=0.473497 q_change=55 q_delta=0.368112 q_grad=0.001706
epoch=22 loss_total=0.739865 loss_rec=0.607790 valid_auc=0.688929 valid_rmse=0.472703 q_change=55 q_delta=0.369130 q_grad=0.001869
epoch=23 loss_total=0.736627 loss_rec=0.604894 valid_auc=0.686417 valid_rmse=0.472882 q_change=54 q_delta=0.370388 q_grad=0.001848
epoch=24 loss_total=0.731384 loss_rec=0.600031 valid_auc=0.685379 valid_rmse=0.473906 q_change=54 q_delta=0.371467 q_grad=0.001883
epoch=25 loss_total=0.731747 loss_rec=0.600810 valid_auc=0.685926 valid_rmse=0.474107 q_change=53 q_delta=0.372607 q_grad=0.002012
epoch=26 loss_total=0.729210 loss_rec=0.598600 valid_auc=0.687444 valid_rmse=0.474445 q_change=53 q_delta=0.373668 q_grad=0.001993
epoch=27 loss_total=0.725773 loss_rec=0.595483 valid_auc=0.687846 valid_rmse=0.475543 q_change=52 q_delta=0.374474 q_grad=0.001960
epoch=28 loss_total=0.727771 loss_rec=0.597797 valid_auc=0.686886 valid_rmse=0.474625 q_change=52 q_delta=0.375489 q_grad=0.002046
epoch=29 loss_total=0.721522 loss_rec=0.591873 valid_auc=0.690061 valid_rmse=0.474061 q_change=52 q_delta=0.376264 q_grad=0.002066
epoch=30 loss_total=0.720744 loss_rec=0.591337 valid_auc=0.691942 valid_rmse=0.474593 q_change=52 q_delta=0.377071 q_grad=0.002040
epoch=31 loss_total=0.717016 loss_rec=0.587837 valid_auc=0.691473 valid_rmse=0.473759 q_change=52 q_delta=0.377906 q_grad=0.002059
epoch=32 loss_total=0.717180 loss_rec=0.588242 valid_auc=0.693571 valid_rmse=0.473520 q_change=52 q_delta=0.378630 q_grad=0.002124
epoch=33 loss_total=0.713819 loss_rec=0.585071 valid_auc=0.692935 valid_rmse=0.472203 q_change=52 q_delta=0.379550 q_grad=0.002115
epoch=34 loss_total=0.713548 loss_rec=0.585015 valid_auc=0.690681 valid_rmse=0.472681 q_change=51 q_delta=0.379955 q_grad=0.002129
epoch=35 loss_total=0.712996 loss_rec=0.584623 valid_auc=0.695184 valid_rmse=0.471280 q_change=51 q_delta=0.380516 q_grad=0.002106
epoch=36 loss_total=0.706607 loss_rec=0.578325 valid_auc=0.696607 valid_rmse=0.471791 q_change=51 q_delta=0.380505 q_grad=0.002190
epoch=37 loss_total=0.701241 loss_rec=0.573067 valid_auc=0.695837 valid_rmse=0.472929 q_change=50 q_delta=0.380763 q_grad=0.002220
epoch=38 loss_total=0.697406 loss_rec=0.569377 valid_auc=0.696071 valid_rmse=0.473974 q_change=49 q_delta=0.381080 q_grad=0.002333
epoch=39 loss_total=0.697361 loss_rec=0.569418 valid_auc=0.696607 valid_rmse=0.471730 q_change=49 q_delta=0.381815 q_grad=0.002301
epoch=40 loss_total=0.691964 loss_rec=0.564179 valid_auc=0.695960 valid_rmse=0.472842 q_change=49 q_delta=0.382294 q_grad=0.002369
epoch=41 loss_total=0.686015 loss_rec=0.558386 valid_auc=0.696596 valid_rmse=0.474577 q_change=49 q_delta=0.382812 q_grad=0.002397
epoch=42 loss_total=0.686413 loss_rec=0.558916 valid_auc=0.693862 valid_rmse=0.474223 q_change=48 q_delta=0.383692 q_grad=0.002534
epoch=43 loss_total=0.679673 loss_rec=0.552267 valid_auc=0.694431 valid_rmse=0.474967 q_change=48 q_delta=0.384164 q_grad=0.002522
epoch=44 loss_total=0.676006 loss_rec=0.548750 valid_auc=0.693862 valid_rmse=0.476034 q_change=47 q_delta=0.385050 q_grad=0.002606
epoch=45 loss_total=0.669827 loss_rec=0.542749 valid_auc=0.693025 valid_rmse=0.480180 q_change=47 q_delta=0.385645 q_grad=0.002653
epoch=46 loss_total=0.669057 loss_rec=0.542079 valid_auc=0.696150 valid_rmse=0.474786 q_change=47 q_delta=0.386750 q_grad=0.002653
epoch=47 loss_total=0.662660 loss_rec=0.535860 valid_auc=0.692690 valid_rmse=0.478757 q_change=47 q_delta=0.387643 q_grad=0.002669
epoch=48 loss_total=0.659688 loss_rec=0.533041 valid_auc=0.692266 valid_rmse=0.477360 q_change=47 q_delta=0.388510 q_grad=0.002799
epoch=49 loss_total=0.652415 loss_rec=0.525876 valid_auc=0.694509 valid_rmse=0.476979 q_change=47 q_delta=0.389077 q_grad=0.002778
epoch=50 loss_total=0.647892 loss_rec=0.521463 valid_auc=0.691775 valid_rmse=0.480154 q_change=47 q_delta=0.389690 q_grad=0.002803
epoch=51 loss_total=0.645315 loss_rec=0.519066 valid_auc=0.692578 valid_rmse=0.481276 q_change=47 q_delta=0.390341 q_grad=0.002887
epoch=52 loss_total=0.644299 loss_rec=0.518198 valid_auc=0.692746 valid_rmse=0.479779 q_change=46 q_delta=0.391085 q_grad=0.002911
epoch=53 loss_total=0.644180 loss_rec=0.518174 valid_auc=0.691897 valid_rmse=0.479275 q_change=46 q_delta=0.391523 q_grad=0.002949
epoch=54 loss_total=0.635429 loss_rec=0.509558 valid_auc=0.688181 valid_rmse=0.482024 q_change=46 q_delta=0.391944 q_grad=0.002995
epoch=55 loss_total=0.629816 loss_rec=0.504074 valid_auc=0.693482 valid_rmse=0.479164 q_change=46 q_delta=0.392591 q_grad=0.002935
epoch=56 loss_total=0.628527 loss_rec=0.502887 valid_auc=0.688147 valid_rmse=0.482199 q_change=46 q_delta=0.392970 q_grad=0.003036
Early stopping at epoch 56; best_epoch=36.
Saved run to C:\Users\YAN_SHU_YU\Desktop\Generative-CD\Q_GNCDM\results\weak_q_lambda_sweep\lq_0p4_ls_0p3_lb_0p5\seed_2026\noise_0.20\weak-q_lq_0p4_ls_0p3_lb_0p5
Final metrics: q_hat_f1=0.193548 response_auc=0.690927 mastery_pearson=0.418583
