run=weak-q_lq_0p05_ls_0p3_lb_0p2 mode=weak-q noise=0.20 train=4200 valid=600 test=1200
epoch=1 loss_total=0.904844 loss_rec=0.725654 valid_auc=0.588114 valid_rmse=0.499744 q_change=57 q_delta=0.078453 q_grad=0.000317
epoch=2 loss_total=0.860146 loss_rec=0.705861 valid_auc=0.597349 valid_rmse=0.499245 q_change=57 q_delta=0.148561 q_grad=0.000306
epoch=3 loss_total=0.831235 loss_rec=0.699780 valid_auc=0.615201 valid_rmse=0.498335 q_change=57 q_delta=0.207558 q_grad=0.000295
epoch=4 loss_total=0.804838 loss_rec=0.693242 valid_auc=0.639872 valid_rmse=0.497421 q_change=57 q_delta=0.255109 q_grad=0.000279
epoch=5 loss_total=0.788105 loss_rec=0.692381 valid_auc=0.660792 valid_rmse=0.495059 q_change=57 q_delta=0.290558 q_grad=0.000275
epoch=6 loss_total=0.769337 loss_rec=0.685496 valid_auc=0.668750 valid_rmse=0.492462 q_change=57 q_delta=0.314956 q_grad=0.000293
epoch=7 loss_total=0.747527 loss_rec=0.671857 valid_auc=0.665335 valid_rmse=0.486785 q_change=57 q_delta=0.330331 q_grad=0.000362
epoch=8 loss_total=0.729104 loss_rec=0.658439 valid_auc=0.663728 valid_rmse=0.481787 q_change=57 q_delta=0.339811 q_grad=0.000531
epoch=9 loss_total=0.716049 loss_rec=0.649057 valid_auc=0.669833 valid_rmse=0.477753 q_change=57 q_delta=0.348311 q_grad=0.000703
epoch=10 loss_total=0.715061 loss_rec=0.651371 valid_auc=0.669732 valid_rmse=0.478356 q_change=57 q_delta=0.354942 q_grad=0.000787
epoch=11 loss_total=0.709813 loss_rec=0.648482 valid_auc=0.670513 valid_rmse=0.477436 q_change=57 q_delta=0.360531 q_grad=0.000907
epoch=12 loss_total=0.699462 loss_rec=0.640213 valid_auc=0.672321 valid_rmse=0.478206 q_change=57 q_delta=0.364697 q_grad=0.000984
epoch=13 loss_total=0.695089 loss_rec=0.637528 valid_auc=0.674074 valid_rmse=0.475787 q_change=57 q_delta=0.368593 q_grad=0.001022
epoch=14 loss_total=0.693224 loss_rec=0.636966 valid_auc=0.674397 valid_rmse=0.477302 q_change=57 q_delta=0.371090 q_grad=0.001147
epoch=15 loss_total=0.690135 loss_rec=0.634948 valid_auc=0.674699 valid_rmse=0.475688 q_change=57 q_delta=0.373833 q_grad=0.001230
epoch=16 loss_total=0.690359 loss_rec=0.636084 valid_auc=0.677958 valid_rmse=0.475452 q_change=57 q_delta=0.375593 q_grad=0.001367
epoch=17 loss_total=0.687752 loss_rec=0.634253 valid_auc=0.677277 valid_rmse=0.475539 q_change=57 q_delta=0.377071 q_grad=0.001348
epoch=18 loss_total=0.681056 loss_rec=0.628131 valid_auc=0.678538 valid_rmse=0.475192 q_change=57 q_delta=0.378365 q_grad=0.001412
epoch=19 loss_total=0.679669 loss_rec=0.627369 valid_auc=0.678516 valid_rmse=0.475312 q_change=57 q_delta=0.379555 q_grad=0.001527
epoch=20 loss_total=0.677784 loss_rec=0.625914 valid_auc=0.681272 valid_rmse=0.473819 q_change=57 q_delta=0.380533 q_grad=0.001636
epoch=21 loss_total=0.673964 loss_rec=0.622514 valid_auc=0.681373 valid_rmse=0.475006 q_change=56 q_delta=0.381365 q_grad=0.001586
epoch=22 loss_total=0.671889 loss_rec=0.620739 valid_auc=0.682835 valid_rmse=0.474031 q_change=56 q_delta=0.382726 q_grad=0.001735
epoch=23 loss_total=0.669193 loss_rec=0.618390 valid_auc=0.680848 valid_rmse=0.474158 q_change=56 q_delta=0.384181 q_grad=0.001733
epoch=24 loss_total=0.664025 loss_rec=0.613572 valid_auc=0.680625 valid_rmse=0.474826 q_change=56 q_delta=0.385212 q_grad=0.001776
epoch=25 loss_total=0.666259 loss_rec=0.616192 valid_auc=0.680792 valid_rmse=0.475067 q_change=56 q_delta=0.386167 q_grad=0.001927
epoch=26 loss_total=0.663834 loss_rec=0.614054 valid_auc=0.682612 valid_rmse=0.475407 q_change=56 q_delta=0.386921 q_grad=0.001906
epoch=27 loss_total=0.661267 loss_rec=0.611721 valid_auc=0.684107 valid_rmse=0.475665 q_change=56 q_delta=0.387474 q_grad=0.001893
epoch=28 loss_total=0.663476 loss_rec=0.614239 valid_auc=0.682143 valid_rmse=0.475403 q_change=56 q_delta=0.388490 q_grad=0.001990
epoch=29 loss_total=0.658912 loss_rec=0.609998 valid_auc=0.684353 valid_rmse=0.474449 q_change=56 q_delta=0.389174 q_grad=0.002016
epoch=30 loss_total=0.659146 loss_rec=0.610435 valid_auc=0.686105 valid_rmse=0.474838 q_change=56 q_delta=0.389572 q_grad=0.001977
epoch=31 loss_total=0.656006 loss_rec=0.607492 valid_auc=0.686217 valid_rmse=0.474366 q_change=56 q_delta=0.390015 q_grad=0.002011
epoch=32 loss_total=0.657393 loss_rec=0.609088 valid_auc=0.687600 valid_rmse=0.474317 q_change=56 q_delta=0.390398 q_grad=0.002057
epoch=33 loss_total=0.655638 loss_rec=0.607513 valid_auc=0.684788 valid_rmse=0.473579 q_change=56 q_delta=0.391057 q_grad=0.002036
epoch=34 loss_total=0.655545 loss_rec=0.607607 valid_auc=0.684621 valid_rmse=0.473496 q_change=56 q_delta=0.391314 q_grad=0.002028
epoch=35 loss_total=0.655768 loss_rec=0.608012 valid_auc=0.688147 valid_rmse=0.472522 q_change=56 q_delta=0.391643 q_grad=0.001998
epoch=36 loss_total=0.652121 loss_rec=0.604471 valid_auc=0.689922 valid_rmse=0.473109 q_change=57 q_delta=0.391616 q_grad=0.002043
epoch=37 loss_total=0.646824 loss_rec=0.599284 valid_auc=0.689587 valid_rmse=0.473031 q_change=56 q_delta=0.391811 q_grad=0.002051
epoch=38 loss_total=0.646113 loss_rec=0.598745 valid_auc=0.689632 valid_rmse=0.474643 q_change=54 q_delta=0.391968 q_grad=0.002148
epoch=39 loss_total=0.648348 loss_rec=0.601126 valid_auc=0.690301 valid_rmse=0.471980 q_change=54 q_delta=0.392645 q_grad=0.002071
epoch=40 loss_total=0.643953 loss_rec=0.596912 valid_auc=0.690893 valid_rmse=0.472384 q_change=55 q_delta=0.393255 q_grad=0.002108
epoch=41 loss_total=0.640378 loss_rec=0.593518 valid_auc=0.691886 valid_rmse=0.472271 q_change=55 q_delta=0.393965 q_grad=0.002081
epoch=42 loss_total=0.642962 loss_rec=0.596247 valid_auc=0.690089 valid_rmse=0.472744 q_change=52 q_delta=0.394614 q_grad=0.002184
epoch=43 loss_total=0.638563 loss_rec=0.591939 valid_auc=0.690547 valid_rmse=0.472793 q_change=53 q_delta=0.395265 q_grad=0.002129
epoch=44 loss_total=0.638898 loss_rec=0.592494 valid_auc=0.691060 valid_rmse=0.472910 q_change=52 q_delta=0.395823 q_grad=0.002185
epoch=45 loss_total=0.635175 loss_rec=0.588944 valid_auc=0.691440 valid_rmse=0.475188 q_change=52 q_delta=0.396344 q_grad=0.002217
epoch=46 loss_total=0.636150 loss_rec=0.590036 valid_auc=0.692969 valid_rmse=0.471668 q_change=52 q_delta=0.397373 q_grad=0.002178
epoch=47 loss_total=0.633413 loss_rec=0.587506 valid_auc=0.693281 valid_rmse=0.472791 q_change=53 q_delta=0.397984 q_grad=0.002207
epoch=48 loss_total=0.631633 loss_rec=0.585844 valid_auc=0.691618 valid_rmse=0.472664 q_change=52 q_delta=0.398676 q_grad=0.002288
epoch=49 loss_total=0.628797 loss_rec=0.583147 valid_auc=0.692344 valid_rmse=0.472255 q_change=52 q_delta=0.399261 q_grad=0.002327
epoch=50 loss_total=0.625125 loss_rec=0.579594 valid_auc=0.690335 valid_rmse=0.473858 q_change=53 q_delta=0.399810 q_grad=0.002252
epoch=51 loss_total=0.625592 loss_rec=0.580221 valid_auc=0.692734 valid_rmse=0.475017 q_change=53 q_delta=0.400238 q_grad=0.002375
epoch=52 loss_total=0.626403 loss_rec=0.581183 valid_auc=0.691373 valid_rmse=0.473375 q_change=52 q_delta=0.400800 q_grad=0.002408
epoch=53 loss_total=0.627291 loss_rec=0.582173 valid_auc=0.693348 valid_rmse=0.472862 q_change=52 q_delta=0.401193 q_grad=0.002424
epoch=54 loss_total=0.619084 loss_rec=0.574079 valid_auc=0.689520 valid_rmse=0.475179 q_change=52 q_delta=0.401459 q_grad=0.002425
epoch=55 loss_total=0.617200 loss_rec=0.572323 valid_auc=0.695112 valid_rmse=0.472656 q_change=52 q_delta=0.402032 q_grad=0.002460
epoch=56 loss_total=0.618009 loss_rec=0.573248 valid_auc=0.691328 valid_rmse=0.473924 q_change=52 q_delta=0.402395 q_grad=0.002496
epoch=57 loss_total=0.615990 loss_rec=0.571335 valid_auc=0.692545 valid_rmse=0.475689 q_change=53 q_delta=0.402679 q_grad=0.002632
epoch=58 loss_total=0.611817 loss_rec=0.567232 valid_auc=0.690580 valid_rmse=0.477147 q_change=53 q_delta=0.402892 q_grad=0.002604
epoch=59 loss_total=0.611634 loss_rec=0.567162 valid_auc=0.691362 valid_rmse=0.474083 q_change=53 q_delta=0.403216 q_grad=0.002576
epoch=60 loss_total=0.610483 loss_rec=0.566054 valid_auc=0.691987 valid_rmse=0.475196 q_change=53 q_delta=0.403190 q_grad=0.002673
epoch=61 loss_total=0.608210 loss_rec=0.563815 valid_auc=0.691808 valid_rmse=0.474606 q_change=52 q_delta=0.403285 q_grad=0.002722
epoch=62 loss_total=0.604520 loss_rec=0.560227 valid_auc=0.691708 valid_rmse=0.474823 q_change=53 q_delta=0.403467 q_grad=0.002701
epoch=63 loss_total=0.604486 loss_rec=0.560214 valid_auc=0.688996 valid_rmse=0.476085 q_change=53 q_delta=0.403547 q_grad=0.002782
epoch=64 loss_total=0.605442 loss_rec=0.561205 valid_auc=0.692980 valid_rmse=0.478008 q_change=53 q_delta=0.403423 q_grad=0.002842
epoch=65 loss_total=0.599828 loss_rec=0.555615 valid_auc=0.691239 valid_rmse=0.475384 q_change=52 q_delta=0.403584 q_grad=0.002732
epoch=66 loss_total=0.599562 loss_rec=0.555367 valid_auc=0.690625 valid_rmse=0.476178 q_change=52 q_delta=0.403363 q_grad=0.002920
epoch=67 loss_total=0.600595 loss_rec=0.556419 valid_auc=0.689743 valid_rmse=0.476987 q_change=53 q_delta=0.403332 q_grad=0.002933
epoch=68 loss_total=0.594708 loss_rec=0.550522 valid_auc=0.689275 valid_rmse=0.479514 q_change=53 q_delta=0.403131 q_grad=0.002910
epoch=69 loss_total=0.590567 loss_rec=0.546360 valid_auc=0.693013 valid_rmse=0.482769 q_change=52 q_delta=0.402835 q_grad=0.003007
epoch=70 loss_total=0.586740 loss_rec=0.542508 valid_auc=0.688025 valid_rmse=0.477630 q_change=51 q_delta=0.402857 q_grad=0.003038
epoch=71 loss_total=0.586786 loss_rec=0.542614 valid_auc=0.689749 valid_rmse=0.477054 q_change=52 q_delta=0.403097 q_grad=0.003022
epoch=72 loss_total=0.584591 loss_rec=0.540379 valid_auc=0.689040 valid_rmse=0.477677 q_change=52 q_delta=0.403177 q_grad=0.003085
epoch=73 loss_total=0.577997 loss_rec=0.533803 valid_auc=0.686127 valid_rmse=0.479898 q_change=51 q_delta=0.403206 q_grad=0.003111
epoch=74 loss_total=0.581342 loss_rec=0.537149 valid_auc=0.687187 valid_rmse=0.479798 q_change=51 q_delta=0.403280 q_grad=0.003107
epoch=75 loss_total=0.578135 loss_rec=0.533932 valid_auc=0.686116 valid_rmse=0.485162 q_change=51 q_delta=0.403214 q_grad=0.003135
Early stopping at epoch 75; best_epoch=55.
Saved run to C:\Users\YAN_SHU_YU\Desktop\Generative-CD\Q_GNCDM\results\weak_q_lambda_sweep\lq_0p05_ls_0p3_lb_0p2\seed_2026\noise_0.20\weak-q_lq_0p05_ls_0p3_lb_0p2
Final metrics: q_hat_f1=0.163934 response_auc=0.687569 mastery_pearson=0.378185
