run=weak-q_lq_0p6_ls_0p8_lb_0p3 mode=weak-q noise=0.20 train=4200 valid=600 test=1200
epoch=1 loss_total=1.147446 loss_rec=0.725662 valid_auc=0.587545 valid_rmse=0.499757 q_change=57 q_delta=0.078644 q_grad=0.000794
epoch=2 loss_total=1.070754 loss_rec=0.705933 valid_auc=0.593426 valid_rmse=0.499329 q_change=57 q_delta=0.147079 q_grad=0.000686
epoch=3 loss_total=1.019384 loss_rec=0.700036 valid_auc=0.604877 valid_rmse=0.498580 q_change=57 q_delta=0.203537 q_grad=0.000585
epoch=4 loss_total=0.977905 loss_rec=0.693839 valid_auc=0.621518 valid_rmse=0.497927 q_change=57 q_delta=0.248828 q_grad=0.000494
epoch=5 loss_total=0.951134 loss_rec=0.693663 valid_auc=0.642188 valid_rmse=0.496076 q_change=57 q_delta=0.284063 q_grad=0.000421
epoch=6 loss_total=0.926218 loss_rec=0.688626 valid_auc=0.657578 valid_rmse=0.494849 q_change=57 q_delta=0.310841 q_grad=0.000371
epoch=7 loss_total=0.902711 loss_rec=0.679699 valid_auc=0.658895 valid_rmse=0.491896 q_change=57 q_delta=0.330600 q_grad=0.000360
epoch=8 loss_total=0.882701 loss_rec=0.669750 valid_auc=0.655246 valid_rmse=0.486922 q_change=57 q_delta=0.343885 q_grad=0.000425
epoch=9 loss_total=0.864153 loss_rec=0.658013 valid_auc=0.662779 valid_rmse=0.480529 q_change=57 q_delta=0.353948 q_grad=0.000568
epoch=10 loss_total=0.857230 loss_rec=0.656693 valid_auc=0.664587 valid_rmse=0.480069 q_change=57 q_delta=0.362119 q_grad=0.000673
epoch=11 loss_total=0.849460 loss_rec=0.653173 valid_auc=0.666763 valid_rmse=0.478866 q_change=57 q_delta=0.369090 q_grad=0.000791
epoch=12 loss_total=0.836486 loss_rec=0.643974 valid_auc=0.670603 valid_rmse=0.479442 q_change=57 q_delta=0.374557 q_grad=0.000871
epoch=13 loss_total=0.831033 loss_rec=0.641599 valid_auc=0.672500 valid_rmse=0.476319 q_change=57 q_delta=0.379324 q_grad=0.000909
epoch=14 loss_total=0.827860 loss_rec=0.640745 valid_auc=0.673181 valid_rmse=0.477611 q_change=57 q_delta=0.382684 q_grad=0.001025
epoch=15 loss_total=0.823612 loss_rec=0.638449 valid_auc=0.674152 valid_rmse=0.475731 q_change=57 q_delta=0.385982 q_grad=0.001111
epoch=16 loss_total=0.822873 loss_rec=0.639291 valid_auc=0.677812 valid_rmse=0.475506 q_change=57 q_delta=0.388322 q_grad=0.001240
epoch=17 loss_total=0.819711 loss_rec=0.637551 valid_auc=0.678348 valid_rmse=0.475674 q_change=57 q_delta=0.390395 q_grad=0.001227
epoch=18 loss_total=0.812709 loss_rec=0.631635 valid_auc=0.680346 valid_rmse=0.474537 q_change=57 q_delta=0.392251 q_grad=0.001293
epoch=19 loss_total=0.810506 loss_rec=0.630519 valid_auc=0.680792 valid_rmse=0.475206 q_change=57 q_delta=0.393839 q_grad=0.001409
epoch=20 loss_total=0.808589 loss_rec=0.629376 valid_auc=0.683929 valid_rmse=0.473259 q_change=57 q_delta=0.395237 q_grad=0.001522
epoch=21 loss_total=0.804271 loss_rec=0.625790 valid_auc=0.684107 valid_rmse=0.474975 q_change=57 q_delta=0.396038 q_grad=0.001479
epoch=22 loss_total=0.802531 loss_rec=0.624527 valid_auc=0.685167 valid_rmse=0.473450 q_change=57 q_delta=0.396731 q_grad=0.001628
epoch=23 loss_total=0.799250 loss_rec=0.621657 valid_auc=0.683181 valid_rmse=0.473124 q_change=57 q_delta=0.397622 q_grad=0.001641
epoch=24 loss_total=0.794433 loss_rec=0.617192 valid_auc=0.682679 valid_rmse=0.473556 q_change=57 q_delta=0.398166 q_grad=0.001687
epoch=25 loss_total=0.796488 loss_rec=0.619526 valid_auc=0.683739 valid_rmse=0.473407 q_change=56 q_delta=0.398584 q_grad=0.001839
epoch=26 loss_total=0.793511 loss_rec=0.616754 valid_auc=0.685949 valid_rmse=0.474324 q_change=56 q_delta=0.399521 q_grad=0.001826
epoch=27 loss_total=0.790030 loss_rec=0.613367 valid_auc=0.687589 valid_rmse=0.474748 q_change=56 q_delta=0.400189 q_grad=0.001819
epoch=28 loss_total=0.792508 loss_rec=0.616093 valid_auc=0.686071 valid_rmse=0.473808 q_change=56 q_delta=0.401248 q_grad=0.001900
epoch=29 loss_total=0.786956 loss_rec=0.610758 valid_auc=0.689721 valid_rmse=0.473012 q_change=56 q_delta=0.401917 q_grad=0.001938
epoch=30 loss_total=0.786874 loss_rec=0.610791 valid_auc=0.691540 valid_rmse=0.473183 q_change=56 q_delta=0.402343 q_grad=0.001898
epoch=31 loss_total=0.783078 loss_rec=0.607003 valid_auc=0.691507 valid_rmse=0.473139 q_change=56 q_delta=0.402833 q_grad=0.001934
epoch=32 loss_total=0.784876 loss_rec=0.608932 valid_auc=0.693214 valid_rmse=0.473393 q_change=56 q_delta=0.403211 q_grad=0.001983
epoch=33 loss_total=0.783076 loss_rec=0.607207 valid_auc=0.691250 valid_rmse=0.471534 q_change=55 q_delta=0.403880 q_grad=0.001956
epoch=34 loss_total=0.782124 loss_rec=0.606379 valid_auc=0.690011 valid_rmse=0.471728 q_change=55 q_delta=0.404420 q_grad=0.001946
epoch=35 loss_total=0.782002 loss_rec=0.606389 valid_auc=0.693270 valid_rmse=0.470706 q_change=55 q_delta=0.405140 q_grad=0.001916
epoch=36 loss_total=0.777795 loss_rec=0.602091 valid_auc=0.694967 valid_rmse=0.471656 q_change=55 q_delta=0.405412 q_grad=0.001982
epoch=37 loss_total=0.772547 loss_rec=0.596840 valid_auc=0.694844 valid_rmse=0.471718 q_change=55 q_delta=0.405988 q_grad=0.001982
epoch=38 loss_total=0.771603 loss_rec=0.596041 valid_auc=0.694587 valid_rmse=0.473661 q_change=55 q_delta=0.406564 q_grad=0.002088
epoch=39 loss_total=0.773571 loss_rec=0.598066 valid_auc=0.694074 valid_rmse=0.470801 q_change=55 q_delta=0.407257 q_grad=0.002016
epoch=40 loss_total=0.769084 loss_rec=0.593675 valid_auc=0.694531 valid_rmse=0.471166 q_change=55 q_delta=0.407755 q_grad=0.002058
epoch=41 loss_total=0.765102 loss_rec=0.589784 valid_auc=0.695424 valid_rmse=0.471896 q_change=52 q_delta=0.408160 q_grad=0.002054
epoch=42 loss_total=0.768172 loss_rec=0.592850 valid_auc=0.691440 valid_rmse=0.471957 q_change=52 q_delta=0.408770 q_grad=0.002160
epoch=43 loss_total=0.763174 loss_rec=0.587794 valid_auc=0.692489 valid_rmse=0.472274 q_change=52 q_delta=0.409205 q_grad=0.002111
epoch=44 loss_total=0.763826 loss_rec=0.588523 valid_auc=0.690893 valid_rmse=0.473118 q_change=51 q_delta=0.410032 q_grad=0.002167
epoch=45 loss_total=0.759410 loss_rec=0.584184 valid_auc=0.692578 valid_rmse=0.476449 q_change=51 q_delta=0.410452 q_grad=0.002214
epoch=46 loss_total=0.759732 loss_rec=0.584457 valid_auc=0.694286 valid_rmse=0.471195 q_change=51 q_delta=0.411208 q_grad=0.002182
epoch=47 loss_total=0.756325 loss_rec=0.581106 valid_auc=0.693560 valid_rmse=0.473045 q_change=51 q_delta=0.411695 q_grad=0.002194
epoch=48 loss_total=0.753790 loss_rec=0.578554 valid_auc=0.692824 valid_rmse=0.472199 q_change=50 q_delta=0.412278 q_grad=0.002284
epoch=49 loss_total=0.750962 loss_rec=0.575709 valid_auc=0.694096 valid_rmse=0.472033 q_change=50 q_delta=0.412803 q_grad=0.002316
epoch=50 loss_total=0.745681 loss_rec=0.570387 valid_auc=0.691127 valid_rmse=0.473656 q_change=50 q_delta=0.413634 q_grad=0.002248
epoch=51 loss_total=0.745034 loss_rec=0.569775 valid_auc=0.693583 valid_rmse=0.475754 q_change=51 q_delta=0.414284 q_grad=0.002381
epoch=52 loss_total=0.746124 loss_rec=0.570895 valid_auc=0.691741 valid_rmse=0.473514 q_change=51 q_delta=0.415124 q_grad=0.002403
epoch=53 loss_total=0.745732 loss_rec=0.570463 valid_auc=0.693739 valid_rmse=0.472813 q_change=51 q_delta=0.415815 q_grad=0.002428
epoch=54 loss_total=0.736988 loss_rec=0.561705 valid_auc=0.690011 valid_rmse=0.475303 q_change=51 q_delta=0.416338 q_grad=0.002425
epoch=55 loss_total=0.734594 loss_rec=0.559361 valid_auc=0.695882 valid_rmse=0.472401 q_change=51 q_delta=0.416902 q_grad=0.002462
epoch=56 loss_total=0.734906 loss_rec=0.559651 valid_auc=0.691016 valid_rmse=0.474110 q_change=51 q_delta=0.417346 q_grad=0.002532
epoch=57 loss_total=0.731548 loss_rec=0.556278 valid_auc=0.691596 valid_rmse=0.476088 q_change=51 q_delta=0.417698 q_grad=0.002651
epoch=58 loss_total=0.725876 loss_rec=0.550617 valid_auc=0.690033 valid_rmse=0.478913 q_change=51 q_delta=0.418201 q_grad=0.002629
epoch=59 loss_total=0.726154 loss_rec=0.551028 valid_auc=0.691429 valid_rmse=0.473885 q_change=51 q_delta=0.418696 q_grad=0.002625
epoch=60 loss_total=0.724574 loss_rec=0.549499 valid_auc=0.693125 valid_rmse=0.474800 q_change=51 q_delta=0.418958 q_grad=0.002646
epoch=61 loss_total=0.721501 loss_rec=0.546403 valid_auc=0.691395 valid_rmse=0.474532 q_change=51 q_delta=0.419329 q_grad=0.002772
epoch=62 loss_total=0.717267 loss_rec=0.542281 valid_auc=0.691473 valid_rmse=0.475111 q_change=51 q_delta=0.419687 q_grad=0.002736
epoch=63 loss_total=0.717653 loss_rec=0.542689 valid_auc=0.688359 valid_rmse=0.475734 q_change=51 q_delta=0.419969 q_grad=0.002831
epoch=64 loss_total=0.718751 loss_rec=0.543840 valid_auc=0.693638 valid_rmse=0.478120 q_change=51 q_delta=0.420021 q_grad=0.002875
epoch=65 loss_total=0.712645 loss_rec=0.537747 valid_auc=0.690558 valid_rmse=0.474962 q_change=51 q_delta=0.420409 q_grad=0.002746
epoch=66 loss_total=0.713986 loss_rec=0.539157 valid_auc=0.690324 valid_rmse=0.475846 q_change=51 q_delta=0.420512 q_grad=0.002978
epoch=67 loss_total=0.714720 loss_rec=0.539909 valid_auc=0.689621 valid_rmse=0.476828 q_change=51 q_delta=0.420637 q_grad=0.002988
epoch=68 loss_total=0.707751 loss_rec=0.533004 valid_auc=0.690603 valid_rmse=0.480469 q_change=51 q_delta=0.420686 q_grad=0.002959
epoch=69 loss_total=0.704411 loss_rec=0.529691 valid_auc=0.692266 valid_rmse=0.482643 q_change=50 q_delta=0.420773 q_grad=0.003102
epoch=70 loss_total=0.702536 loss_rec=0.527807 valid_auc=0.688304 valid_rmse=0.476879 q_change=50 q_delta=0.421088 q_grad=0.003167
epoch=71 loss_total=0.703832 loss_rec=0.529216 valid_auc=0.690569 valid_rmse=0.475854 q_change=50 q_delta=0.421219 q_grad=0.003169
epoch=72 loss_total=0.701567 loss_rec=0.526924 valid_auc=0.688638 valid_rmse=0.476652 q_change=50 q_delta=0.421240 q_grad=0.003169
epoch=73 loss_total=0.697053 loss_rec=0.522475 valid_auc=0.686317 valid_rmse=0.478711 q_change=50 q_delta=0.421299 q_grad=0.003256
epoch=74 loss_total=0.703277 loss_rec=0.528714 valid_auc=0.686473 valid_rmse=0.478265 q_change=50 q_delta=0.421400 q_grad=0.003185
epoch=75 loss_total=0.699641 loss_rec=0.525078 valid_auc=0.684989 valid_rmse=0.484971 q_change=50 q_delta=0.421339 q_grad=0.003195
Early stopping at epoch 75; best_epoch=55.
Saved run to C:\Users\YAN_SHU_YU\Desktop\Generative-CD\Q_GNCDM\results\weak_q_lambda_sweep\lq_0p6_ls_0p8_lb_0p3\seed_2026\noise_0.20\weak-q_lq_0p6_ls_0p8_lb_0p3
Final metrics: q_hat_f1=0.193548 response_auc=0.688932 mastery_pearson=0.374173
