run=weak-q_lq_0p3_ls_0p3_lb_0p8 mode=weak-q noise=0.20 train=4200 valid=600 test=1200
epoch=1 loss_total=1.051206 loss_rec=0.725663 valid_auc=0.588086 valid_rmse=0.499751 q_change=57 q_delta=0.080330 q_grad=0.000376
epoch=2 loss_total=0.998508 loss_rec=0.706043 valid_auc=0.596194 valid_rmse=0.499331 q_change=57 q_delta=0.156874 q_grad=0.000409
epoch=3 loss_total=0.957540 loss_rec=0.700403 valid_auc=0.611099 valid_rmse=0.498649 q_change=57 q_delta=0.223563 q_grad=0.000419
epoch=4 loss_total=0.918224 loss_rec=0.694738 valid_auc=0.632132 valid_rmse=0.498238 q_change=57 q_delta=0.277359 q_grad=0.000399
epoch=5 loss_total=0.890375 loss_rec=0.695467 valid_auc=0.652522 valid_rmse=0.496900 q_change=57 q_delta=0.317889 q_grad=0.000364
epoch=6 loss_total=0.864454 loss_rec=0.692308 valid_auc=0.665123 valid_rmse=0.496783 q_change=57 q_delta=0.347496 q_grad=0.000326
epoch=7 loss_total=0.842273 loss_rec=0.687580 valid_auc=0.663917 valid_rmse=0.496173 q_change=57 q_delta=0.369050 q_grad=0.000295
epoch=8 loss_total=0.826742 loss_rec=0.684982 valid_auc=0.656987 valid_rmse=0.494597 q_change=57 q_delta=0.384134 q_grad=0.000282
epoch=9 loss_total=0.812517 loss_rec=0.679941 valid_auc=0.659464 valid_rmse=0.489689 q_change=57 q_delta=0.394683 q_grad=0.000311
epoch=10 loss_total=0.801771 loss_rec=0.675808 valid_auc=0.659743 valid_rmse=0.486680 q_change=57 q_delta=0.401641 q_grad=0.000365
epoch=11 loss_total=0.790060 loss_rec=0.668617 valid_auc=0.658884 valid_rmse=0.483616 q_change=57 q_delta=0.407230 q_grad=0.000462
epoch=12 loss_total=0.775615 loss_rec=0.658249 valid_auc=0.661384 valid_rmse=0.484291 q_change=57 q_delta=0.412105 q_grad=0.000548
epoch=13 loss_total=0.769777 loss_rec=0.656039 valid_auc=0.661708 valid_rmse=0.480963 q_change=57 q_delta=0.416517 q_grad=0.000568
epoch=14 loss_total=0.765203 loss_rec=0.654331 valid_auc=0.663739 valid_rmse=0.482211 q_change=57 q_delta=0.419791 q_grad=0.000641
epoch=15 loss_total=0.762369 loss_rec=0.653988 valid_auc=0.660859 valid_rmse=0.480732 q_change=57 q_delta=0.423028 q_grad=0.000678
epoch=16 loss_total=0.760444 loss_rec=0.654136 valid_auc=0.661306 valid_rmse=0.480539 q_change=57 q_delta=0.425455 q_grad=0.000749
epoch=17 loss_total=0.758780 loss_rec=0.654320 valid_auc=0.664464 valid_rmse=0.480850 q_change=57 q_delta=0.427592 q_grad=0.000721
epoch=18 loss_total=0.752540 loss_rec=0.649658 valid_auc=0.663962 valid_rmse=0.481226 q_change=57 q_delta=0.429553 q_grad=0.000741
epoch=19 loss_total=0.749517 loss_rec=0.648048 valid_auc=0.662779 valid_rmse=0.480682 q_change=57 q_delta=0.431263 q_grad=0.000779
epoch=20 loss_total=0.748712 loss_rec=0.648435 valid_auc=0.666362 valid_rmse=0.479577 q_change=57 q_delta=0.432916 q_grad=0.000849
epoch=21 loss_total=0.745325 loss_rec=0.646214 valid_auc=0.665368 valid_rmse=0.480365 q_change=57 q_delta=0.434121 q_grad=0.000805
epoch=22 loss_total=0.745000 loss_rec=0.646830 valid_auc=0.664710 valid_rmse=0.479507 q_change=57 q_delta=0.435352 q_grad=0.000873
epoch=23 loss_total=0.741634 loss_rec=0.644350 valid_auc=0.663516 valid_rmse=0.479516 q_change=57 q_delta=0.436509 q_grad=0.000880
epoch=24 loss_total=0.737610 loss_rec=0.641169 valid_auc=0.665580 valid_rmse=0.480172 q_change=57 q_delta=0.437442 q_grad=0.000916
epoch=25 loss_total=0.739680 loss_rec=0.643920 valid_auc=0.664844 valid_rmse=0.479479 q_change=57 q_delta=0.438293 q_grad=0.000993
epoch=26 loss_total=0.737884 loss_rec=0.642783 valid_auc=0.664754 valid_rmse=0.479704 q_change=57 q_delta=0.439077 q_grad=0.001008
epoch=27 loss_total=0.736461 loss_rec=0.641897 valid_auc=0.666127 valid_rmse=0.479124 q_change=57 q_delta=0.439769 q_grad=0.001009
epoch=28 loss_total=0.736358 loss_rec=0.642313 valid_auc=0.666752 valid_rmse=0.478972 q_change=57 q_delta=0.440415 q_grad=0.001056
epoch=29 loss_total=0.734266 loss_rec=0.640701 valid_auc=0.667734 valid_rmse=0.478660 q_change=57 q_delta=0.441003 q_grad=0.001106
epoch=30 loss_total=0.735486 loss_rec=0.642349 valid_auc=0.668460 valid_rmse=0.479429 q_change=57 q_delta=0.441442 q_grad=0.001118
epoch=31 loss_total=0.732120 loss_rec=0.639331 valid_auc=0.667958 valid_rmse=0.478175 q_change=57 q_delta=0.441992 q_grad=0.001147
epoch=32 loss_total=0.733356 loss_rec=0.640931 valid_auc=0.668929 valid_rmse=0.478470 q_change=57 q_delta=0.442354 q_grad=0.001205
epoch=33 loss_total=0.732298 loss_rec=0.640138 valid_auc=0.667969 valid_rmse=0.477614 q_change=57 q_delta=0.442944 q_grad=0.001208
epoch=34 loss_total=0.731999 loss_rec=0.640177 valid_auc=0.667589 valid_rmse=0.477544 q_change=57 q_delta=0.443183 q_grad=0.001247
epoch=35 loss_total=0.733339 loss_rec=0.641771 valid_auc=0.668248 valid_rmse=0.477245 q_change=57 q_delta=0.443500 q_grad=0.001254
epoch=36 loss_total=0.729871 loss_rec=0.638537 valid_auc=0.669509 valid_rmse=0.478239 q_change=57 q_delta=0.443691 q_grad=0.001308
epoch=37 loss_total=0.726236 loss_rec=0.635121 valid_auc=0.670045 valid_rmse=0.477538 q_change=57 q_delta=0.443969 q_grad=0.001350
epoch=38 loss_total=0.725142 loss_rec=0.634200 valid_auc=0.670625 valid_rmse=0.478467 q_change=57 q_delta=0.444174 q_grad=0.001462
epoch=39 loss_total=0.728111 loss_rec=0.637361 valid_auc=0.670089 valid_rmse=0.476768 q_change=57 q_delta=0.444556 q_grad=0.001443
epoch=40 loss_total=0.725177 loss_rec=0.634628 valid_auc=0.670681 valid_rmse=0.477133 q_change=57 q_delta=0.444698 q_grad=0.001515
epoch=41 loss_total=0.721447 loss_rec=0.631057 valid_auc=0.673170 valid_rmse=0.476934 q_change=57 q_delta=0.444873 q_grad=0.001529
epoch=42 loss_total=0.725572 loss_rec=0.635305 valid_auc=0.669687 valid_rmse=0.477793 q_change=57 q_delta=0.445046 q_grad=0.001605
epoch=43 loss_total=0.722420 loss_rec=0.632265 valid_auc=0.669967 valid_rmse=0.477508 q_change=57 q_delta=0.445205 q_grad=0.001589
epoch=44 loss_total=0.723072 loss_rec=0.633064 valid_auc=0.670078 valid_rmse=0.477691 q_change=57 q_delta=0.445363 q_grad=0.001664
epoch=45 loss_total=0.720881 loss_rec=0.630979 valid_auc=0.672031 valid_rmse=0.478315 q_change=57 q_delta=0.445432 q_grad=0.001731
epoch=46 loss_total=0.722966 loss_rec=0.633152 valid_auc=0.673359 valid_rmse=0.476292 q_change=57 q_delta=0.445639 q_grad=0.001724
epoch=47 loss_total=0.720883 loss_rec=0.631193 valid_auc=0.674252 valid_rmse=0.477017 q_change=57 q_delta=0.445693 q_grad=0.001763
epoch=48 loss_total=0.722064 loss_rec=0.632447 valid_auc=0.675056 valid_rmse=0.476109 q_change=57 q_delta=0.445845 q_grad=0.001803
epoch=49 loss_total=0.719567 loss_rec=0.629998 valid_auc=0.674598 valid_rmse=0.476347 q_change=57 q_delta=0.445915 q_grad=0.001843
epoch=50 loss_total=0.716888 loss_rec=0.627376 valid_auc=0.674397 valid_rmse=0.476692 q_change=57 q_delta=0.445981 q_grad=0.001809
epoch=51 loss_total=0.718126 loss_rec=0.628697 valid_auc=0.674096 valid_rmse=0.478221 q_change=57 q_delta=0.445978 q_grad=0.001968
epoch=52 loss_total=0.719137 loss_rec=0.629752 valid_auc=0.672924 valid_rmse=0.477065 q_change=57 q_delta=0.446099 q_grad=0.002001
epoch=53 loss_total=0.720738 loss_rec=0.631424 valid_auc=0.674297 valid_rmse=0.476868 q_change=57 q_delta=0.446181 q_grad=0.001973
epoch=54 loss_total=0.713058 loss_rec=0.623785 valid_auc=0.673583 valid_rmse=0.478121 q_change=57 q_delta=0.446150 q_grad=0.001987
epoch=55 loss_total=0.714129 loss_rec=0.624896 valid_auc=0.675592 valid_rmse=0.476524 q_change=57 q_delta=0.446265 q_grad=0.002024
epoch=56 loss_total=0.715156 loss_rec=0.625976 valid_auc=0.674096 valid_rmse=0.476593 q_change=57 q_delta=0.446329 q_grad=0.002124
epoch=57 loss_total=0.715117 loss_rec=0.625968 valid_auc=0.674163 valid_rmse=0.478891 q_change=57 q_delta=0.446271 q_grad=0.002183
epoch=58 loss_total=0.711424 loss_rec=0.622286 valid_auc=0.674364 valid_rmse=0.478250 q_change=57 q_delta=0.446323 q_grad=0.002165
epoch=59 loss_total=0.712773 loss_rec=0.623697 valid_auc=0.674180 valid_rmse=0.477182 q_change=57 q_delta=0.446429 q_grad=0.002218
epoch=60 loss_total=0.712160 loss_rec=0.623132 valid_auc=0.676205 valid_rmse=0.477035 q_change=57 q_delta=0.446433 q_grad=0.002268
epoch=61 loss_total=0.712110 loss_rec=0.623064 valid_auc=0.675061 valid_rmse=0.477489 q_change=57 q_delta=0.446464 q_grad=0.002305
epoch=62 loss_total=0.711480 loss_rec=0.622495 valid_auc=0.674989 valid_rmse=0.476710 q_change=57 q_delta=0.446569 q_grad=0.002246
epoch=63 loss_total=0.713075 loss_rec=0.624120 valid_auc=0.674224 valid_rmse=0.477286 q_change=57 q_delta=0.446545 q_grad=0.002242
epoch=64 loss_total=0.715852 loss_rec=0.626948 valid_auc=0.675413 valid_rmse=0.478290 q_change=57 q_delta=0.446541 q_grad=0.002347
epoch=65 loss_total=0.709389 loss_rec=0.620510 valid_auc=0.674219 valid_rmse=0.476792 q_change=57 q_delta=0.446715 q_grad=0.002222
epoch=66 loss_total=0.711424 loss_rec=0.622595 valid_auc=0.676350 valid_rmse=0.476585 q_change=57 q_delta=0.446709 q_grad=0.002351
epoch=67 loss_total=0.713056 loss_rec=0.624265 valid_auc=0.673996 valid_rmse=0.477707 q_change=57 q_delta=0.446745 q_grad=0.002291
epoch=68 loss_total=0.709833 loss_rec=0.621082 valid_auc=0.675078 valid_rmse=0.477829 q_change=57 q_delta=0.446781 q_grad=0.002323
epoch=69 loss_total=0.706596 loss_rec=0.617883 valid_auc=0.677701 valid_rmse=0.482786 q_change=57 q_delta=0.446684 q_grad=0.002400
epoch=70 loss_total=0.708159 loss_rec=0.619467 valid_auc=0.674587 valid_rmse=0.477401 q_change=57 q_delta=0.446915 q_grad=0.002415
epoch=71 loss_total=0.708707 loss_rec=0.620084 valid_auc=0.674487 valid_rmse=0.477078 q_change=57 q_delta=0.446955 q_grad=0.002412
epoch=72 loss_total=0.709537 loss_rec=0.620947 valid_auc=0.674152 valid_rmse=0.477885 q_change=57 q_delta=0.446969 q_grad=0.002446
epoch=73 loss_total=0.706929 loss_rec=0.618395 valid_auc=0.672165 valid_rmse=0.478242 q_change=57 q_delta=0.447042 q_grad=0.002483
epoch=74 loss_total=0.709497 loss_rec=0.620989 valid_auc=0.673761 valid_rmse=0.478329 q_change=57 q_delta=0.447053 q_grad=0.002435
epoch=75 loss_total=0.708995 loss_rec=0.620546 valid_auc=0.671384 valid_rmse=0.481796 q_change=57 q_delta=0.447041 q_grad=0.002448
epoch=76 loss_total=0.709988 loss_rec=0.621553 valid_auc=0.671708 valid_rmse=0.477953 q_change=57 q_delta=0.447213 q_grad=0.002384
epoch=77 loss_total=0.703399 loss_rec=0.615041 valid_auc=0.672031 valid_rmse=0.480682 q_change=57 q_delta=0.447167 q_grad=0.002403
epoch=78 loss_total=0.706837 loss_rec=0.618504 valid_auc=0.671931 valid_rmse=0.478838 q_change=57 q_delta=0.447254 q_grad=0.002567
epoch=79 loss_total=0.705490 loss_rec=0.617205 valid_auc=0.671864 valid_rmse=0.478473 q_change=57 q_delta=0.447327 q_grad=0.002610
epoch=80 loss_total=0.705259 loss_rec=0.617030 valid_auc=0.672333 valid_rmse=0.477967 q_change=57 q_delta=0.447404 q_grad=0.002487
epoch=81 loss_total=0.703792 loss_rec=0.615591 valid_auc=0.673292 valid_rmse=0.478525 q_change=57 q_delta=0.447409 q_grad=0.002566
epoch=82 loss_total=0.704447 loss_rec=0.616299 valid_auc=0.672422 valid_rmse=0.479075 q_change=57 q_delta=0.447475 q_grad=0.002602
epoch=83 loss_total=0.703244 loss_rec=0.615155 valid_auc=0.673549 valid_rmse=0.480611 q_change=57 q_delta=0.447479 q_grad=0.002553
epoch=84 loss_total=0.705152 loss_rec=0.617112 valid_auc=0.673750 valid_rmse=0.477696 q_change=57 q_delta=0.447619 q_grad=0.002571
epoch=85 loss_total=0.703219 loss_rec=0.615237 valid_auc=0.674074 valid_rmse=0.479802 q_change=57 q_delta=0.447624 q_grad=0.002630
epoch=86 loss_total=0.707662 loss_rec=0.619735 valid_auc=0.673304 valid_rmse=0.478253 q_change=57 q_delta=0.447726 q_grad=0.002619
epoch=87 loss_total=0.703104 loss_rec=0.615228 valid_auc=0.673482 valid_rmse=0.477805 q_change=57 q_delta=0.447797 q_grad=0.002550
epoch=88 loss_total=0.699416 loss_rec=0.611573 valid_auc=0.673058 valid_rmse=0.478790 q_change=57 q_delta=0.447850 q_grad=0.002591
epoch=89 loss_total=0.699791 loss_rec=0.612023 valid_auc=0.674721 valid_rmse=0.482157 q_change=57 q_delta=0.447833 q_grad=0.002568
Early stopping at epoch 89; best_epoch=69.
Saved run to C:\Users\YAN_SHU_YU\Desktop\Generative-CD\Q_GNCDM\results\weak_q_lambda_sweep\lq_0p3_ls_0p3_lb_0p8\seed_2026\noise_0.20\weak-q_lq_0p3_ls_0p3_lb_0p8
Final metrics: q_hat_f1=0.000000 response_auc=0.690182 mastery_pearson=0.273057
