run=weak-q_lq_0p6_ls_0p8_lb_0p05 mode=weak-q noise=0.20 train=4200 valid=600 test=1200
epoch=1 loss_total=1.086717 loss_rec=0.725660 valid_auc=0.587556 valid_rmse=0.499755 q_change=57 q_delta=0.078023 q_grad=0.000761
epoch=2 loss_total=1.014658 loss_rec=0.705877 valid_auc=0.593705 valid_rmse=0.499306 q_change=57 q_delta=0.144154 q_grad=0.000623
epoch=3 loss_total=0.969990 loss_rec=0.699845 valid_auc=0.605737 valid_rmse=0.498494 q_change=57 q_delta=0.197453 q_grad=0.000508
epoch=4 loss_total=0.935458 loss_rec=0.693353 valid_auc=0.623092 valid_rmse=0.497685 q_change=57 q_delta=0.239564 q_grad=0.000415
epoch=5 loss_total=0.914756 loss_rec=0.692579 valid_auc=0.643795 valid_rmse=0.495474 q_change=57 q_delta=0.271820 q_grad=0.000354
epoch=6 loss_total=0.894127 loss_rec=0.686020 valid_auc=0.659107 valid_rmse=0.493302 q_change=57 q_delta=0.295617 q_grad=0.000330
epoch=7 loss_total=0.871883 loss_rec=0.673329 valid_auc=0.660714 valid_rmse=0.488387 q_change=57 q_delta=0.311994 q_grad=0.000367
epoch=8 loss_total=0.851905 loss_rec=0.659157 valid_auc=0.660000 valid_rmse=0.482954 q_change=57 q_delta=0.322233 q_grad=0.000517
epoch=9 loss_total=0.836687 loss_rec=0.647892 valid_auc=0.670480 valid_rmse=0.477407 q_change=57 q_delta=0.330794 q_grad=0.000701
epoch=10 loss_total=0.833457 loss_rec=0.648168 valid_auc=0.671830 valid_rmse=0.477377 q_change=57 q_delta=0.337469 q_grad=0.000811
epoch=11 loss_total=0.827473 loss_rec=0.644604 valid_auc=0.674788 valid_rmse=0.475823 q_change=57 q_delta=0.343060 q_grad=0.000957
epoch=12 loss_total=0.815401 loss_rec=0.634628 valid_auc=0.678426 valid_rmse=0.476388 q_change=57 q_delta=0.347043 q_grad=0.001060
epoch=13 loss_total=0.810475 loss_rec=0.631370 valid_auc=0.680201 valid_rmse=0.473758 q_change=57 q_delta=0.350763 q_grad=0.001121
epoch=14 loss_total=0.808807 loss_rec=0.630883 valid_auc=0.679721 valid_rmse=0.475345 q_change=57 q_delta=0.353001 q_grad=0.001255
epoch=15 loss_total=0.804377 loss_rec=0.627413 valid_auc=0.680937 valid_rmse=0.473569 q_change=57 q_delta=0.355454 q_grad=0.001356
epoch=16 loss_total=0.804757 loss_rec=0.628542 valid_auc=0.682824 valid_rmse=0.473614 q_change=57 q_delta=0.357042 q_grad=0.001489
epoch=17 loss_total=0.801286 loss_rec=0.625811 valid_auc=0.682098 valid_rmse=0.473808 q_change=57 q_delta=0.358658 q_grad=0.001449
epoch=18 loss_total=0.794960 loss_rec=0.619984 valid_auc=0.684141 valid_rmse=0.473138 q_change=57 q_delta=0.360164 q_grad=0.001502
epoch=19 loss_total=0.793710 loss_rec=0.619374 valid_auc=0.683951 valid_rmse=0.474428 q_change=57 q_delta=0.361660 q_grad=0.001618
epoch=20 loss_total=0.791550 loss_rec=0.617581 valid_auc=0.686473 valid_rmse=0.472460 q_change=57 q_delta=0.362968 q_grad=0.001704
epoch=21 loss_total=0.787279 loss_rec=0.613695 valid_auc=0.687065 valid_rmse=0.474399 q_change=56 q_delta=0.363788 q_grad=0.001628
epoch=22 loss_total=0.785517 loss_rec=0.612202 valid_auc=0.686540 valid_rmse=0.473585 q_change=56 q_delta=0.365003 q_grad=0.001770
epoch=23 loss_total=0.783177 loss_rec=0.610112 valid_auc=0.684364 valid_rmse=0.473280 q_change=56 q_delta=0.366640 q_grad=0.001745
epoch=24 loss_total=0.778645 loss_rec=0.605817 valid_auc=0.683705 valid_rmse=0.474040 q_change=56 q_delta=0.367833 q_grad=0.001771
epoch=25 loss_total=0.780416 loss_rec=0.607785 valid_auc=0.684554 valid_rmse=0.473979 q_change=56 q_delta=0.368830 q_grad=0.001893
epoch=26 loss_total=0.777868 loss_rec=0.605416 valid_auc=0.686283 valid_rmse=0.474543 q_change=56 q_delta=0.369958 q_grad=0.001870
epoch=27 loss_total=0.774528 loss_rec=0.602122 valid_auc=0.687366 valid_rmse=0.475249 q_change=56 q_delta=0.370843 q_grad=0.001848
epoch=28 loss_total=0.777617 loss_rec=0.605420 valid_auc=0.685625 valid_rmse=0.474285 q_change=55 q_delta=0.372078 q_grad=0.001924
epoch=29 loss_total=0.771589 loss_rec=0.599547 valid_auc=0.688783 valid_rmse=0.473530 q_change=53 q_delta=0.373017 q_grad=0.001950
epoch=30 loss_total=0.770999 loss_rec=0.598980 valid_auc=0.690379 valid_rmse=0.474131 q_change=52 q_delta=0.373622 q_grad=0.001924
epoch=31 loss_total=0.767174 loss_rec=0.595058 valid_auc=0.689498 valid_rmse=0.474050 q_change=51 q_delta=0.374885 q_grad=0.001958
epoch=32 loss_total=0.768976 loss_rec=0.596898 valid_auc=0.691295 valid_rmse=0.473902 q_change=51 q_delta=0.376085 q_grad=0.002009
epoch=33 loss_total=0.766776 loss_rec=0.594681 valid_auc=0.689866 valid_rmse=0.472039 q_change=51 q_delta=0.377504 q_grad=0.002002
epoch=34 loss_total=0.765884 loss_rec=0.593810 valid_auc=0.688069 valid_rmse=0.472483 q_change=51 q_delta=0.378646 q_grad=0.001983
epoch=35 loss_total=0.765695 loss_rec=0.593624 valid_auc=0.691975 valid_rmse=0.471359 q_change=51 q_delta=0.379920 q_grad=0.001968
epoch=36 loss_total=0.759948 loss_rec=0.587667 valid_auc=0.692913 valid_rmse=0.472440 q_change=51 q_delta=0.380727 q_grad=0.002046
epoch=37 loss_total=0.755380 loss_rec=0.582968 valid_auc=0.692589 valid_rmse=0.472900 q_change=51 q_delta=0.381712 q_grad=0.002050
epoch=38 loss_total=0.753308 loss_rec=0.580927 valid_auc=0.692210 valid_rmse=0.474643 q_change=51 q_delta=0.382736 q_grad=0.002162
epoch=39 loss_total=0.754072 loss_rec=0.581600 valid_auc=0.691395 valid_rmse=0.472086 q_change=50 q_delta=0.383896 q_grad=0.002099
epoch=40 loss_total=0.749970 loss_rec=0.577424 valid_auc=0.692746 valid_rmse=0.472417 q_change=49 q_delta=0.384518 q_grad=0.002153
epoch=41 loss_total=0.745175 loss_rec=0.572583 valid_auc=0.693538 valid_rmse=0.473586 q_change=49 q_delta=0.385373 q_grad=0.002158
epoch=42 loss_total=0.747339 loss_rec=0.574623 valid_auc=0.689353 valid_rmse=0.473375 q_change=49 q_delta=0.386706 q_grad=0.002274
epoch=43 loss_total=0.741508 loss_rec=0.568642 valid_auc=0.691049 valid_rmse=0.473839 q_change=49 q_delta=0.387682 q_grad=0.002241
epoch=44 loss_total=0.741104 loss_rec=0.568200 valid_auc=0.688873 valid_rmse=0.474725 q_change=49 q_delta=0.388848 q_grad=0.002295
epoch=45 loss_total=0.735569 loss_rec=0.562631 valid_auc=0.689554 valid_rmse=0.478752 q_change=49 q_delta=0.389576 q_grad=0.002356
epoch=46 loss_total=0.735307 loss_rec=0.562239 valid_auc=0.692143 valid_rmse=0.472659 q_change=49 q_delta=0.390792 q_grad=0.002340
epoch=47 loss_total=0.731610 loss_rec=0.558474 valid_auc=0.690312 valid_rmse=0.475539 q_change=49 q_delta=0.391532 q_grad=0.002373
epoch=48 loss_total=0.728082 loss_rec=0.554886 valid_auc=0.690525 valid_rmse=0.474404 q_change=49 q_delta=0.392393 q_grad=0.002464
epoch=49 loss_total=0.724213 loss_rec=0.550980 valid_auc=0.692321 valid_rmse=0.473436 q_change=49 q_delta=0.393021 q_grad=0.002486
epoch=50 loss_total=0.718274 loss_rec=0.544949 valid_auc=0.690011 valid_rmse=0.476070 q_change=49 q_delta=0.393662 q_grad=0.002474
epoch=51 loss_total=0.717036 loss_rec=0.543753 valid_auc=0.690759 valid_rmse=0.477088 q_change=49 q_delta=0.394144 q_grad=0.002573
epoch=52 loss_total=0.718378 loss_rec=0.545073 valid_auc=0.689542 valid_rmse=0.475855 q_change=50 q_delta=0.394868 q_grad=0.002629
epoch=53 loss_total=0.717980 loss_rec=0.544624 valid_auc=0.689821 valid_rmse=0.474537 q_change=50 q_delta=0.395459 q_grad=0.002654
epoch=54 loss_total=0.709323 loss_rec=0.535904 valid_auc=0.685424 valid_rmse=0.477986 q_change=50 q_delta=0.395789 q_grad=0.002656
epoch=55 loss_total=0.705616 loss_rec=0.532223 valid_auc=0.692121 valid_rmse=0.474746 q_change=50 q_delta=0.396220 q_grad=0.002667
epoch=56 loss_total=0.705569 loss_rec=0.532159 valid_auc=0.686674 valid_rmse=0.477546 q_change=50 q_delta=0.396522 q_grad=0.002734
epoch=57 loss_total=0.703135 loss_rec=0.529704 valid_auc=0.686886 valid_rmse=0.479681 q_change=49 q_delta=0.396854 q_grad=0.002847
epoch=58 loss_total=0.697194 loss_rec=0.523784 valid_auc=0.686295 valid_rmse=0.481347 q_change=49 q_delta=0.397258 q_grad=0.002785
epoch=59 loss_total=0.697049 loss_rec=0.523762 valid_auc=0.689911 valid_rmse=0.476509 q_change=49 q_delta=0.397717 q_grad=0.002783
epoch=60 loss_total=0.695387 loss_rec=0.522153 valid_auc=0.687723 valid_rmse=0.478159 q_change=49 q_delta=0.397968 q_grad=0.002778
epoch=61 loss_total=0.692760 loss_rec=0.519469 valid_auc=0.685212 valid_rmse=0.478814 q_change=49 q_delta=0.398352 q_grad=0.002926
Early stopping at epoch 61; best_epoch=41.
Saved run to C:\Users\YAN_SHU_YU\Desktop\Generative-CD\Q_GNCDM\results\weak_q_lambda_sweep\lq_0p6_ls_0p8_lb_0p05\seed_2026\noise_0.20\weak-q_lq_0p6_ls_0p8_lb_0p05
Final metrics: q_hat_f1=0.250000 response_auc=0.689893 mastery_pearson=0.396100
