run=weak-q_lq_0p4_ls_0p7_lb_0p6 mode=weak-q noise=0.20 train=4200 valid=600 test=1200
epoch=1 loss_total=1.176403 loss_rec=0.725667 valid_auc=0.587556 valid_rmse=0.499759 q_change=57 q_delta=0.079726 q_grad=0.000748
epoch=2 loss_total=1.098498 loss_rec=0.706022 valid_auc=0.593493 valid_rmse=0.499361 q_change=57 q_delta=0.152159 q_grad=0.000710
epoch=3 loss_total=1.039850 loss_rec=0.700330 valid_auc=0.604721 valid_rmse=0.498698 q_change=57 q_delta=0.213806 q_grad=0.000655
epoch=4 loss_total=0.988667 loss_rec=0.694538 valid_auc=0.620971 valid_rmse=0.498251 q_change=57 q_delta=0.263800 q_grad=0.000585
epoch=5 loss_total=0.952466 loss_rec=0.695070 valid_auc=0.640753 valid_rmse=0.496812 q_change=57 q_delta=0.302677 q_grad=0.000510
epoch=6 loss_total=0.920087 loss_rec=0.691581 valid_auc=0.656339 valid_rmse=0.496520 q_change=57 q_delta=0.332274 q_grad=0.000442
epoch=7 loss_total=0.892477 loss_rec=0.686252 valid_auc=0.657556 valid_rmse=0.495620 q_change=57 q_delta=0.354674 q_grad=0.000390
epoch=8 loss_total=0.872120 loss_rec=0.682713 valid_auc=0.651786 valid_rmse=0.493677 q_change=57 q_delta=0.371076 q_grad=0.000360
epoch=9 loss_total=0.853851 loss_rec=0.676760 valid_auc=0.654676 valid_rmse=0.488316 q_change=57 q_delta=0.383116 q_grad=0.000386
epoch=10 loss_total=0.840621 loss_rec=0.672699 valid_auc=0.656563 valid_rmse=0.485699 q_change=57 q_delta=0.391705 q_grad=0.000439
epoch=11 loss_total=0.827742 loss_rec=0.666420 valid_auc=0.655982 valid_rmse=0.483523 q_change=57 q_delta=0.398709 q_grad=0.000536
epoch=12 loss_total=0.811796 loss_rec=0.656354 valid_auc=0.659777 valid_rmse=0.484047 q_change=57 q_delta=0.404696 q_grad=0.000613
epoch=13 loss_total=0.804733 loss_rec=0.654401 valid_auc=0.661049 valid_rmse=0.480441 q_change=57 q_delta=0.409896 q_grad=0.000630
epoch=14 loss_total=0.799276 loss_rec=0.652976 valid_auc=0.664308 valid_rmse=0.481788 q_change=57 q_delta=0.413932 q_grad=0.000699
epoch=15 loss_total=0.794956 loss_rec=0.652176 valid_auc=0.661663 valid_rmse=0.480212 q_change=57 q_delta=0.417738 q_grad=0.000732
epoch=16 loss_total=0.792371 loss_rec=0.652505 valid_auc=0.662768 valid_rmse=0.480272 q_change=57 q_delta=0.420718 q_grad=0.000802
epoch=17 loss_total=0.789952 loss_rec=0.652728 valid_auc=0.665379 valid_rmse=0.480845 q_change=57 q_delta=0.423351 q_grad=0.000777
epoch=18 loss_total=0.782947 loss_rec=0.647980 valid_auc=0.666557 valid_rmse=0.480323 q_change=57 q_delta=0.425758 q_grad=0.000796
epoch=19 loss_total=0.779411 loss_rec=0.646442 valid_auc=0.665759 valid_rmse=0.480121 q_change=57 q_delta=0.427808 q_grad=0.000844
epoch=20 loss_total=0.778175 loss_rec=0.646902 valid_auc=0.669687 valid_rmse=0.478767 q_change=57 q_delta=0.429747 q_grad=0.000917
epoch=21 loss_total=0.774132 loss_rec=0.644497 valid_auc=0.668493 valid_rmse=0.479632 q_change=57 q_delta=0.431227 q_grad=0.000872
epoch=22 loss_total=0.773383 loss_rec=0.645072 valid_auc=0.668304 valid_rmse=0.478592 q_change=57 q_delta=0.432677 q_grad=0.000943
epoch=23 loss_total=0.769409 loss_rec=0.642342 valid_auc=0.666908 valid_rmse=0.478378 q_change=57 q_delta=0.434067 q_grad=0.000951
epoch=24 loss_total=0.765039 loss_rec=0.639147 valid_auc=0.668248 valid_rmse=0.478839 q_change=57 q_delta=0.435199 q_grad=0.000987
epoch=25 loss_total=0.767282 loss_rec=0.642350 valid_auc=0.666987 valid_rmse=0.478281 q_change=57 q_delta=0.436185 q_grad=0.001070
epoch=26 loss_total=0.764768 loss_rec=0.640733 valid_auc=0.667221 valid_rmse=0.478751 q_change=57 q_delta=0.437105 q_grad=0.001082
epoch=27 loss_total=0.762766 loss_rec=0.639478 valid_auc=0.669219 valid_rmse=0.478136 q_change=57 q_delta=0.437909 q_grad=0.001089
epoch=28 loss_total=0.763261 loss_rec=0.640705 valid_auc=0.670753 valid_rmse=0.477517 q_change=57 q_delta=0.438699 q_grad=0.001139
epoch=29 loss_total=0.760515 loss_rec=0.638611 valid_auc=0.671964 valid_rmse=0.477390 q_change=57 q_delta=0.439374 q_grad=0.001193
epoch=30 loss_total=0.761525 loss_rec=0.640217 valid_auc=0.673002 valid_rmse=0.477805 q_change=57 q_delta=0.439928 q_grad=0.001195
epoch=31 loss_total=0.757796 loss_rec=0.636949 valid_auc=0.673761 valid_rmse=0.476891 q_change=57 q_delta=0.440526 q_grad=0.001227
epoch=32 loss_total=0.759520 loss_rec=0.639173 valid_auc=0.675100 valid_rmse=0.477647 q_change=57 q_delta=0.440948 q_grad=0.001282
epoch=33 loss_total=0.758327 loss_rec=0.638345 valid_auc=0.674118 valid_rmse=0.476397 q_change=57 q_delta=0.441587 q_grad=0.001278
epoch=34 loss_total=0.757438 loss_rec=0.637910 valid_auc=0.673371 valid_rmse=0.476091 q_change=57 q_delta=0.441926 q_grad=0.001311
epoch=35 loss_total=0.759015 loss_rec=0.639840 valid_auc=0.674487 valid_rmse=0.475629 q_change=57 q_delta=0.442293 q_grad=0.001312
epoch=36 loss_total=0.755614 loss_rec=0.636747 valid_auc=0.675458 valid_rmse=0.476762 q_change=57 q_delta=0.442536 q_grad=0.001360
epoch=37 loss_total=0.751113 loss_rec=0.632536 valid_auc=0.676819 valid_rmse=0.475944 q_change=57 q_delta=0.442850 q_grad=0.001395
epoch=38 loss_total=0.750033 loss_rec=0.631693 valid_auc=0.677344 valid_rmse=0.477044 q_change=57 q_delta=0.443088 q_grad=0.001498
epoch=39 loss_total=0.753485 loss_rec=0.635404 valid_auc=0.677277 valid_rmse=0.475390 q_change=57 q_delta=0.443478 q_grad=0.001479
epoch=40 loss_total=0.749938 loss_rec=0.632123 valid_auc=0.677578 valid_rmse=0.475633 q_change=57 q_delta=0.443671 q_grad=0.001530
epoch=41 loss_total=0.746154 loss_rec=0.628527 valid_auc=0.680078 valid_rmse=0.475767 q_change=57 q_delta=0.443812 q_grad=0.001550
epoch=42 loss_total=0.750656 loss_rec=0.633180 valid_auc=0.677254 valid_rmse=0.476097 q_change=57 q_delta=0.444020 q_grad=0.001609
epoch=43 loss_total=0.747329 loss_rec=0.629968 valid_auc=0.677824 valid_rmse=0.475680 q_change=57 q_delta=0.444096 q_grad=0.001581
epoch=44 loss_total=0.747711 loss_rec=0.630472 valid_auc=0.677902 valid_rmse=0.475879 q_change=57 q_delta=0.444244 q_grad=0.001653
epoch=45 loss_total=0.745624 loss_rec=0.628497 valid_auc=0.679900 valid_rmse=0.477189 q_change=57 q_delta=0.444269 q_grad=0.001703
epoch=46 loss_total=0.747186 loss_rec=0.630094 valid_auc=0.680603 valid_rmse=0.474319 q_change=57 q_delta=0.444376 q_grad=0.001689
epoch=47 loss_total=0.744553 loss_rec=0.627507 valid_auc=0.682679 valid_rmse=0.474618 q_change=57 q_delta=0.444305 q_grad=0.001722
epoch=48 loss_total=0.745728 loss_rec=0.628648 valid_auc=0.684163 valid_rmse=0.473614 q_change=57 q_delta=0.444282 q_grad=0.001754
epoch=49 loss_total=0.743498 loss_rec=0.626328 valid_auc=0.684364 valid_rmse=0.473713 q_change=57 q_delta=0.444148 q_grad=0.001796
epoch=50 loss_total=0.739528 loss_rec=0.622282 valid_auc=0.682266 valid_rmse=0.474285 q_change=57 q_delta=0.443943 q_grad=0.001739
epoch=51 loss_total=0.740158 loss_rec=0.622766 valid_auc=0.684922 valid_rmse=0.475622 q_change=57 q_delta=0.443567 q_grad=0.001876
epoch=52 loss_total=0.740551 loss_rec=0.622995 valid_auc=0.683862 valid_rmse=0.473714 q_change=56 q_delta=0.443383 q_grad=0.001890
epoch=53 loss_total=0.741715 loss_rec=0.624030 valid_auc=0.686049 valid_rmse=0.472980 q_change=56 q_delta=0.443827 q_grad=0.001875
epoch=54 loss_total=0.733469 loss_rec=0.615677 valid_auc=0.685569 valid_rmse=0.474352 q_change=56 q_delta=0.444123 q_grad=0.001856
epoch=55 loss_total=0.733511 loss_rec=0.615624 valid_auc=0.688571 valid_rmse=0.472659 q_change=56 q_delta=0.444397 q_grad=0.001899
epoch=56 loss_total=0.735203 loss_rec=0.617297 valid_auc=0.685257 valid_rmse=0.473128 q_change=56 q_delta=0.444654 q_grad=0.001965
epoch=57 loss_total=0.733893 loss_rec=0.615954 valid_auc=0.687980 valid_rmse=0.474733 q_change=56 q_delta=0.444672 q_grad=0.002001
epoch=58 loss_total=0.729999 loss_rec=0.612021 valid_auc=0.686328 valid_rmse=0.474581 q_change=56 q_delta=0.444863 q_grad=0.001965
epoch=59 loss_total=0.730202 loss_rec=0.612317 valid_auc=0.686563 valid_rmse=0.472834 q_change=56 q_delta=0.445039 q_grad=0.001990
epoch=60 loss_total=0.729616 loss_rec=0.611726 valid_auc=0.689358 valid_rmse=0.472858 q_change=56 q_delta=0.445074 q_grad=0.002014
epoch=61 loss_total=0.729266 loss_rec=0.611346 valid_auc=0.688404 valid_rmse=0.473208 q_change=56 q_delta=0.445161 q_grad=0.002046
epoch=62 loss_total=0.728383 loss_rec=0.610543 valid_auc=0.687600 valid_rmse=0.472445 q_change=56 q_delta=0.445306 q_grad=0.001993
epoch=63 loss_total=0.729514 loss_rec=0.611682 valid_auc=0.686842 valid_rmse=0.473117 q_change=56 q_delta=0.445300 q_grad=0.001993
epoch=64 loss_total=0.732276 loss_rec=0.614527 valid_auc=0.690848 valid_rmse=0.474404 q_change=56 q_delta=0.445362 q_grad=0.002063
epoch=65 loss_total=0.725979 loss_rec=0.608248 valid_auc=0.689866 valid_rmse=0.471828 q_change=56 q_delta=0.445515 q_grad=0.001949
epoch=66 loss_total=0.727295 loss_rec=0.609616 valid_auc=0.692243 valid_rmse=0.472204 q_change=56 q_delta=0.445519 q_grad=0.002064
epoch=67 loss_total=0.729583 loss_rec=0.611939 valid_auc=0.688259 valid_rmse=0.473540 q_change=56 q_delta=0.445592 q_grad=0.002022
epoch=68 loss_total=0.725717 loss_rec=0.608103 valid_auc=0.692042 valid_rmse=0.473132 q_change=55 q_delta=0.445578 q_grad=0.002035
epoch=69 loss_total=0.722529 loss_rec=0.604919 valid_auc=0.694777 valid_rmse=0.477730 q_change=55 q_delta=0.445467 q_grad=0.002093
epoch=70 loss_total=0.723083 loss_rec=0.605459 valid_auc=0.692087 valid_rmse=0.471542 q_change=55 q_delta=0.445595 q_grad=0.002083
epoch=71 loss_total=0.724721 loss_rec=0.607120 valid_auc=0.692790 valid_rmse=0.471436 q_change=55 q_delta=0.445581 q_grad=0.002077
epoch=72 loss_total=0.723414 loss_rec=0.605744 valid_auc=0.692556 valid_rmse=0.472113 q_change=55 q_delta=0.445582 q_grad=0.002099
epoch=73 loss_total=0.720914 loss_rec=0.603214 valid_auc=0.689955 valid_rmse=0.472125 q_change=55 q_delta=0.445600 q_grad=0.002138
epoch=74 loss_total=0.723777 loss_rec=0.606028 valid_auc=0.690960 valid_rmse=0.472292 q_change=55 q_delta=0.445560 q_grad=0.002087
epoch=75 loss_total=0.722091 loss_rec=0.604258 valid_auc=0.690826 valid_rmse=0.477062 q_change=55 q_delta=0.445462 q_grad=0.002067
epoch=76 loss_total=0.721622 loss_rec=0.603664 valid_auc=0.689520 valid_rmse=0.471946 q_change=54 q_delta=0.445457 q_grad=0.002059
epoch=77 loss_total=0.715422 loss_rec=0.597366 valid_auc=0.689844 valid_rmse=0.475192 q_change=54 q_delta=0.445370 q_grad=0.002043
epoch=78 loss_total=0.716593 loss_rec=0.598477 valid_auc=0.689900 valid_rmse=0.473160 q_change=54 q_delta=0.445759 q_grad=0.002197
epoch=79 loss_total=0.716176 loss_rec=0.598025 valid_auc=0.689587 valid_rmse=0.472867 q_change=54 q_delta=0.446096 q_grad=0.002267
epoch=80 loss_total=0.714901 loss_rec=0.596701 valid_auc=0.690558 valid_rmse=0.472348 q_change=54 q_delta=0.446454 q_grad=0.002181
epoch=81 loss_total=0.711592 loss_rec=0.593344 valid_auc=0.691942 valid_rmse=0.473756 q_change=54 q_delta=0.446718 q_grad=0.002253
epoch=82 loss_total=0.711265 loss_rec=0.593020 valid_auc=0.690100 valid_rmse=0.473635 q_change=54 q_delta=0.446943 q_grad=0.002279
epoch=83 loss_total=0.709490 loss_rec=0.591241 valid_auc=0.691116 valid_rmse=0.476901 q_change=54 q_delta=0.447182 q_grad=0.002262
epoch=84 loss_total=0.710304 loss_rec=0.592024 valid_auc=0.692054 valid_rmse=0.473797 q_change=54 q_delta=0.447477 q_grad=0.002323
epoch=85 loss_total=0.711258 loss_rec=0.592993 valid_auc=0.690480 valid_rmse=0.477533 q_change=54 q_delta=0.447554 q_grad=0.002358
epoch=86 loss_total=0.712948 loss_rec=0.594666 valid_auc=0.688795 valid_rmse=0.475052 q_change=54 q_delta=0.447752 q_grad=0.002343
epoch=87 loss_total=0.707061 loss_rec=0.588800 valid_auc=0.688237 valid_rmse=0.475316 q_change=54 q_delta=0.447916 q_grad=0.002300
epoch=88 loss_total=0.701546 loss_rec=0.583293 valid_auc=0.686908 valid_rmse=0.475484 q_change=54 q_delta=0.448051 q_grad=0.002373
epoch=89 loss_total=0.703212 loss_rec=0.584968 valid_auc=0.687556 valid_rmse=0.480586 q_change=54 q_delta=0.448132 q_grad=0.002425
Early stopping at epoch 89; best_epoch=69.
Saved run to C:\Users\YAN_SHU_YU\Desktop\Generative-CD\Q_GNCDM\results\weak_q_lambda_sweep\lq_0p4_ls_0p7_lb_0p6\seed_2026\noise_0.20\weak-q_lq_0p4_ls_0p7_lb_0p6
Final metrics: q_hat_f1=0.068966 response_auc=0.684776 mastery_pearson=0.287288
