run=weak-q_lq_0p4_ls_0p6_lb_0p5 mode=weak-q noise=0.20 train=4200 valid=600 test=1200
epoch=1 loss_total=1.108726 loss_rec=0.725665 valid_auc=0.587640 valid_rmse=0.499757 q_change=57 q_delta=0.079367 q_grad=0.000633
epoch=2 loss_total=1.040477 loss_rec=0.705984 valid_auc=0.594152 valid_rmse=0.499340 q_change=57 q_delta=0.150723 q_grad=0.000590
epoch=3 loss_total=0.991607 loss_rec=0.700203 valid_auc=0.606384 valid_rmse=0.498629 q_change=57 q_delta=0.211074 q_grad=0.000537
epoch=4 loss_total=0.949290 loss_rec=0.694251 valid_auc=0.624219 valid_rmse=0.498093 q_change=57 q_delta=0.259980 q_grad=0.000477
epoch=5 loss_total=0.920483 loss_rec=0.694525 valid_auc=0.644598 valid_rmse=0.496498 q_change=57 q_delta=0.297951 q_grad=0.000418
epoch=6 loss_total=0.893809 loss_rec=0.690503 valid_auc=0.658917 valid_rmse=0.495872 q_change=57 q_delta=0.326700 q_grad=0.000370
epoch=7 loss_total=0.870030 loss_rec=0.683954 valid_auc=0.659431 valid_rmse=0.494237 q_change=57 q_delta=0.348123 q_grad=0.000342
epoch=8 loss_total=0.851513 loss_rec=0.677990 valid_auc=0.654297 valid_rmse=0.490820 q_change=57 q_delta=0.363026 q_grad=0.000356
epoch=9 loss_total=0.833192 loss_rec=0.668369 valid_auc=0.659157 valid_rmse=0.484056 q_change=57 q_delta=0.373637 q_grad=0.000443
epoch=10 loss_total=0.822769 loss_rec=0.664554 valid_auc=0.659487 valid_rmse=0.482533 q_change=57 q_delta=0.381699 q_grad=0.000538
epoch=11 loss_total=0.813317 loss_rec=0.660125 valid_auc=0.660324 valid_rmse=0.481314 q_change=57 q_delta=0.388700 q_grad=0.000645
epoch=12 loss_total=0.799803 loss_rec=0.651212 valid_auc=0.664196 valid_rmse=0.482000 q_change=57 q_delta=0.394486 q_grad=0.000711
epoch=13 loss_total=0.794200 loss_rec=0.649495 valid_auc=0.665234 valid_rmse=0.478904 q_change=57 q_delta=0.399518 q_grad=0.000730
epoch=14 loss_total=0.790239 loss_rec=0.648551 valid_auc=0.667623 valid_rmse=0.480282 q_change=57 q_delta=0.403277 q_grad=0.000814
epoch=15 loss_total=0.786504 loss_rec=0.647424 valid_auc=0.665714 valid_rmse=0.478696 q_change=57 q_delta=0.406929 q_grad=0.000863
epoch=16 loss_total=0.784978 loss_rec=0.648069 valid_auc=0.666998 valid_rmse=0.478598 q_change=57 q_delta=0.409690 q_grad=0.000956
epoch=17 loss_total=0.782566 loss_rec=0.647612 valid_auc=0.668929 valid_rmse=0.479067 q_change=57 q_delta=0.412128 q_grad=0.000936
epoch=18 loss_total=0.775850 loss_rec=0.642528 valid_auc=0.669464 valid_rmse=0.478388 q_change=57 q_delta=0.414368 q_grad=0.000974
epoch=19 loss_total=0.772894 loss_rec=0.641065 valid_auc=0.669319 valid_rmse=0.478130 q_change=57 q_delta=0.416285 q_grad=0.001047
epoch=20 loss_total=0.771622 loss_rec=0.641021 valid_auc=0.672467 valid_rmse=0.476746 q_change=57 q_delta=0.418099 q_grad=0.001145
epoch=21 loss_total=0.767770 loss_rec=0.638352 valid_auc=0.673605 valid_rmse=0.477557 q_change=57 q_delta=0.419387 q_grad=0.001105
epoch=22 loss_total=0.766721 loss_rec=0.638219 valid_auc=0.674799 valid_rmse=0.476335 q_change=57 q_delta=0.420637 q_grad=0.001215
epoch=23 loss_total=0.763070 loss_rec=0.635418 valid_auc=0.674141 valid_rmse=0.475962 q_change=57 q_delta=0.421894 q_grad=0.001234
epoch=24 loss_total=0.758452 loss_rec=0.631610 valid_auc=0.674754 valid_rmse=0.476405 q_change=57 q_delta=0.422871 q_grad=0.001293
epoch=25 loss_total=0.760980 loss_rec=0.634791 valid_auc=0.675156 valid_rmse=0.475998 q_change=57 q_delta=0.423652 q_grad=0.001419
epoch=26 loss_total=0.758444 loss_rec=0.632839 valid_auc=0.675636 valid_rmse=0.476666 q_change=57 q_delta=0.424387 q_grad=0.001434
epoch=27 loss_total=0.756165 loss_rec=0.630998 valid_auc=0.678895 valid_rmse=0.476053 q_change=57 q_delta=0.424933 q_grad=0.001451
epoch=28 loss_total=0.757209 loss_rec=0.632489 valid_auc=0.679487 valid_rmse=0.475307 q_change=57 q_delta=0.425605 q_grad=0.001537
epoch=29 loss_total=0.753764 loss_rec=0.629425 valid_auc=0.681116 valid_rmse=0.475104 q_change=57 q_delta=0.426069 q_grad=0.001604
epoch=30 loss_total=0.754783 loss_rec=0.630790 valid_auc=0.681194 valid_rmse=0.475509 q_change=57 q_delta=0.426410 q_grad=0.001599
epoch=31 loss_total=0.751123 loss_rec=0.627292 valid_auc=0.683248 valid_rmse=0.474711 q_change=57 q_delta=0.426670 q_grad=0.001646
epoch=32 loss_total=0.752699 loss_rec=0.629081 valid_auc=0.684475 valid_rmse=0.475582 q_change=57 q_delta=0.426759 q_grad=0.001720
epoch=33 loss_total=0.751207 loss_rec=0.627653 valid_auc=0.681920 valid_rmse=0.474141 q_change=57 q_delta=0.427062 q_grad=0.001708
epoch=34 loss_total=0.750118 loss_rec=0.626666 valid_auc=0.681663 valid_rmse=0.473882 q_change=57 q_delta=0.426964 q_grad=0.001745
epoch=35 loss_total=0.751085 loss_rec=0.627629 valid_auc=0.684888 valid_rmse=0.473115 q_change=56 q_delta=0.426853 q_grad=0.001741
epoch=36 loss_total=0.747437 loss_rec=0.623956 valid_auc=0.687277 valid_rmse=0.473761 q_change=56 q_delta=0.427303 q_grad=0.001785
epoch=37 loss_total=0.741264 loss_rec=0.617786 valid_auc=0.687712 valid_rmse=0.473320 q_change=56 q_delta=0.427949 q_grad=0.001814
epoch=38 loss_total=0.740660 loss_rec=0.617283 valid_auc=0.685346 valid_rmse=0.475800 q_change=56 q_delta=0.428468 q_grad=0.001935
epoch=39 loss_total=0.743655 loss_rec=0.620410 valid_auc=0.686317 valid_rmse=0.473067 q_change=56 q_delta=0.429067 q_grad=0.001878
epoch=40 loss_total=0.739683 loss_rec=0.616573 valid_auc=0.686228 valid_rmse=0.473355 q_change=56 q_delta=0.429385 q_grad=0.001924
epoch=41 loss_total=0.735223 loss_rec=0.612245 valid_auc=0.688170 valid_rmse=0.473551 q_change=56 q_delta=0.429672 q_grad=0.001942
epoch=42 loss_total=0.739730 loss_rec=0.616864 valid_auc=0.684654 valid_rmse=0.474006 q_change=56 q_delta=0.429999 q_grad=0.001996
epoch=43 loss_total=0.735561 loss_rec=0.612750 valid_auc=0.687400 valid_rmse=0.473102 q_change=56 q_delta=0.430052 q_grad=0.001939
epoch=44 loss_total=0.736381 loss_rec=0.613690 valid_auc=0.687467 valid_rmse=0.473440 q_change=56 q_delta=0.430307 q_grad=0.002016
epoch=45 loss_total=0.733688 loss_rec=0.611072 valid_auc=0.688158 valid_rmse=0.475665 q_change=56 q_delta=0.430293 q_grad=0.002042
epoch=46 loss_total=0.734702 loss_rec=0.612111 valid_auc=0.689319 valid_rmse=0.471915 q_change=56 q_delta=0.430482 q_grad=0.001988
epoch=47 loss_total=0.731868 loss_rec=0.609331 valid_auc=0.691607 valid_rmse=0.472165 q_change=56 q_delta=0.430410 q_grad=0.002012
epoch=48 loss_total=0.732089 loss_rec=0.609538 valid_auc=0.690759 valid_rmse=0.471554 q_change=56 q_delta=0.430440 q_grad=0.002049
epoch=49 loss_total=0.729747 loss_rec=0.607158 valid_auc=0.691763 valid_rmse=0.471475 q_change=55 q_delta=0.430312 q_grad=0.002071
epoch=50 loss_total=0.725530 loss_rec=0.602924 valid_auc=0.690112 valid_rmse=0.472228 q_change=55 q_delta=0.430601 q_grad=0.001972
epoch=51 loss_total=0.725503 loss_rec=0.602920 valid_auc=0.693728 valid_rmse=0.472708 q_change=55 q_delta=0.430916 q_grad=0.002103
epoch=52 loss_total=0.726308 loss_rec=0.603723 valid_auc=0.692154 valid_rmse=0.471573 q_change=55 q_delta=0.431374 q_grad=0.002110
epoch=53 loss_total=0.727975 loss_rec=0.605399 valid_auc=0.694810 valid_rmse=0.470826 q_change=55 q_delta=0.431708 q_grad=0.002097
epoch=54 loss_total=0.719991 loss_rec=0.597479 valid_auc=0.693080 valid_rmse=0.472160 q_change=55 q_delta=0.431994 q_grad=0.002059
epoch=55 loss_total=0.719679 loss_rec=0.597243 valid_auc=0.696708 valid_rmse=0.470465 q_change=54 q_delta=0.432251 q_grad=0.002111
epoch=56 loss_total=0.720858 loss_rec=0.598474 valid_auc=0.694342 valid_rmse=0.470901 q_change=54 q_delta=0.432506 q_grad=0.002152
epoch=57 loss_total=0.719113 loss_rec=0.596778 valid_auc=0.696217 valid_rmse=0.472281 q_change=54 q_delta=0.432605 q_grad=0.002209
epoch=58 loss_total=0.715604 loss_rec=0.593300 valid_auc=0.693951 valid_rmse=0.472858 q_change=54 q_delta=0.432817 q_grad=0.002170
epoch=59 loss_total=0.715259 loss_rec=0.593097 valid_auc=0.693560 valid_rmse=0.471098 q_change=54 q_delta=0.433297 q_grad=0.002169
epoch=60 loss_total=0.714681 loss_rec=0.592600 valid_auc=0.694743 valid_rmse=0.472220 q_change=54 q_delta=0.433499 q_grad=0.002213
epoch=61 loss_total=0.713300 loss_rec=0.591289 valid_auc=0.694643 valid_rmse=0.472019 q_change=54 q_delta=0.433825 q_grad=0.002261
epoch=62 loss_total=0.711198 loss_rec=0.589283 valid_auc=0.693426 valid_rmse=0.471631 q_change=54 q_delta=0.434084 q_grad=0.002219
epoch=63 loss_total=0.712403 loss_rec=0.590528 valid_auc=0.692154 valid_rmse=0.472789 q_change=54 q_delta=0.434208 q_grad=0.002257
epoch=64 loss_total=0.714912 loss_rec=0.593141 valid_auc=0.695737 valid_rmse=0.473908 q_change=54 q_delta=0.434351 q_grad=0.002320
epoch=65 loss_total=0.708879 loss_rec=0.587155 valid_auc=0.692857 valid_rmse=0.472210 q_change=54 q_delta=0.434685 q_grad=0.002220
epoch=66 loss_total=0.709358 loss_rec=0.587727 valid_auc=0.693594 valid_rmse=0.472805 q_change=54 q_delta=0.434827 q_grad=0.002359
epoch=67 loss_total=0.711733 loss_rec=0.590163 valid_auc=0.690904 valid_rmse=0.474030 q_change=54 q_delta=0.434978 q_grad=0.002346
epoch=68 loss_total=0.707477 loss_rec=0.585986 valid_auc=0.691897 valid_rmse=0.474987 q_change=54 q_delta=0.435126 q_grad=0.002354
epoch=69 loss_total=0.704149 loss_rec=0.582727 valid_auc=0.694833 valid_rmse=0.479921 q_change=54 q_delta=0.435158 q_grad=0.002443
epoch=70 loss_total=0.703722 loss_rec=0.582347 valid_auc=0.690938 valid_rmse=0.473271 q_change=54 q_delta=0.435464 q_grad=0.002444
epoch=71 loss_total=0.705920 loss_rec=0.584616 valid_auc=0.690586 valid_rmse=0.473624 q_change=54 q_delta=0.435563 q_grad=0.002453
epoch=72 loss_total=0.704627 loss_rec=0.583363 valid_auc=0.690424 valid_rmse=0.474142 q_change=54 q_delta=0.435698 q_grad=0.002473
epoch=73 loss_total=0.700735 loss_rec=0.579580 valid_auc=0.687422 valid_rmse=0.474690 q_change=54 q_delta=0.435830 q_grad=0.002528
epoch=74 loss_total=0.705115 loss_rec=0.584009 valid_auc=0.688828 valid_rmse=0.475120 q_change=54 q_delta=0.435905 q_grad=0.002473
epoch=75 loss_total=0.702958 loss_rec=0.581863 valid_auc=0.686853 valid_rmse=0.481536 q_change=54 q_delta=0.435863 q_grad=0.002479
Early stopping at epoch 75; best_epoch=55.
Saved run to C:\Users\YAN_SHU_YU\Desktop\Generative-CD\Q_GNCDM\results\weak_q_lambda_sweep\lq_0p4_ls_0p6_lb_0p5\seed_2026\noise_0.20\weak-q_lq_0p4_ls_0p6_lb_0p5
Final metrics: q_hat_f1=0.101695 response_auc=0.685893 mastery_pearson=0.316390
