run=weak-q_lq_0p8_ls_0p2_lb_0p5 mode=weak-q noise=0.20 train=4200 valid=600 test=1200
epoch=1 loss_total=0.936233 loss_rec=0.725613 valid_auc=0.589944 valid_rmse=0.499706 q_change=57 q_delta=0.072304 q_grad=0.000200
epoch=2 loss_total=0.904160 loss_rec=0.705254 valid_auc=0.603504 valid_rmse=0.498909 q_change=57 q_delta=0.123193 q_grad=0.000163
epoch=3 loss_total=0.889917 loss_rec=0.697566 valid_auc=0.626451 valid_rmse=0.497089 q_change=56 q_delta=0.156367 q_grad=0.000164
epoch=4 loss_total=0.875530 loss_rec=0.686845 valid_auc=0.652879 valid_rmse=0.493574 q_change=52 q_delta=0.176771 q_grad=0.000199
epoch=5 loss_total=0.862271 loss_rec=0.674920 valid_auc=0.666094 valid_rmse=0.485277 q_change=48 q_delta=0.183196 q_grad=0.000315
epoch=6 loss_total=0.835566 loss_rec=0.647973 valid_auc=0.671953 valid_rmse=0.477422 q_change=45 q_delta=0.184116 q_grad=0.000556
epoch=7 loss_total=0.814238 loss_rec=0.626598 valid_auc=0.679855 valid_rmse=0.475156 q_change=38 q_delta=0.187737 q_grad=0.000770
epoch=8 loss_total=0.807616 loss_rec=0.620269 valid_auc=0.679208 valid_rmse=0.475496 q_change=34 q_delta=0.192447 q_grad=0.000949
epoch=9 loss_total=0.800621 loss_rec=0.613653 valid_auc=0.684129 valid_rmse=0.473539 q_change=31 q_delta=0.198515 q_grad=0.001032
epoch=10 loss_total=0.803777 loss_rec=0.617286 valid_auc=0.682623 valid_rmse=0.475413 q_change=30 q_delta=0.204283 q_grad=0.001042
epoch=11 loss_total=0.801362 loss_rec=0.615052 valid_auc=0.682411 valid_rmse=0.474088 q_change=30 q_delta=0.210556 q_grad=0.001119
epoch=12 loss_total=0.792355 loss_rec=0.606286 valid_auc=0.681819 valid_rmse=0.475693 q_change=30 q_delta=0.216470 q_grad=0.001147
epoch=13 loss_total=0.788340 loss_rec=0.602541 valid_auc=0.682478 valid_rmse=0.474509 q_change=30 q_delta=0.223710 q_grad=0.001130
epoch=14 loss_total=0.788292 loss_rec=0.602642 valid_auc=0.681819 valid_rmse=0.476309 q_change=30 q_delta=0.229619 q_grad=0.001189
epoch=15 loss_total=0.783359 loss_rec=0.597764 valid_auc=0.683571 valid_rmse=0.474997 q_change=28 q_delta=0.235855 q_grad=0.001205
epoch=16 loss_total=0.784425 loss_rec=0.598849 valid_auc=0.684208 valid_rmse=0.475165 q_change=27 q_delta=0.241906 q_grad=0.001307
epoch=17 loss_total=0.778766 loss_rec=0.593264 valid_auc=0.683739 valid_rmse=0.475149 q_change=27 q_delta=0.247557 q_grad=0.001241
epoch=18 loss_total=0.772200 loss_rec=0.586689 valid_auc=0.684777 valid_rmse=0.475350 q_change=26 q_delta=0.253094 q_grad=0.001281
epoch=19 loss_total=0.770366 loss_rec=0.584890 valid_auc=0.686350 valid_rmse=0.475833 q_change=26 q_delta=0.258863 q_grad=0.001346
epoch=20 loss_total=0.766613 loss_rec=0.581082 valid_auc=0.688549 valid_rmse=0.474693 q_change=24 q_delta=0.264649 q_grad=0.001429
epoch=21 loss_total=0.759824 loss_rec=0.574226 valid_auc=0.689877 valid_rmse=0.475324 q_change=23 q_delta=0.270028 q_grad=0.001375
epoch=22 loss_total=0.755882 loss_rec=0.570237 valid_auc=0.688795 valid_rmse=0.475547 q_change=24 q_delta=0.275117 q_grad=0.001488
epoch=23 loss_total=0.751147 loss_rec=0.565422 valid_auc=0.687299 valid_rmse=0.476409 q_change=23 q_delta=0.280049 q_grad=0.001458
epoch=24 loss_total=0.743412 loss_rec=0.557612 valid_auc=0.688181 valid_rmse=0.477059 q_change=21 q_delta=0.285107 q_grad=0.001515
epoch=25 loss_total=0.740312 loss_rec=0.554388 valid_auc=0.690792 valid_rmse=0.477194 q_change=21 q_delta=0.290036 q_grad=0.001615
epoch=26 loss_total=0.736112 loss_rec=0.550090 valid_auc=0.690301 valid_rmse=0.477494 q_change=19 q_delta=0.294481 q_grad=0.001593
epoch=27 loss_total=0.729027 loss_rec=0.542878 valid_auc=0.689018 valid_rmse=0.480659 q_change=19 q_delta=0.298808 q_grad=0.001610
epoch=28 loss_total=0.730235 loss_rec=0.543971 valid_auc=0.689252 valid_rmse=0.479459 q_change=18 q_delta=0.303241 q_grad=0.001733
epoch=29 loss_total=0.722096 loss_rec=0.535779 valid_auc=0.691440 valid_rmse=0.479054 q_change=18 q_delta=0.306745 q_grad=0.001688
epoch=30 loss_total=0.718588 loss_rec=0.532142 valid_auc=0.693326 valid_rmse=0.480229 q_change=18 q_delta=0.310438 q_grad=0.001767
epoch=31 loss_total=0.712342 loss_rec=0.525835 valid_auc=0.692366 valid_rmse=0.480778 q_change=18 q_delta=0.313580 q_grad=0.001742
epoch=32 loss_total=0.712076 loss_rec=0.525472 valid_auc=0.696496 valid_rmse=0.479690 q_change=17 q_delta=0.316895 q_grad=0.001770
epoch=33 loss_total=0.705306 loss_rec=0.518607 valid_auc=0.692444 valid_rmse=0.479799 q_change=15 q_delta=0.320123 q_grad=0.001771
epoch=34 loss_total=0.705923 loss_rec=0.519197 valid_auc=0.692958 valid_rmse=0.479251 q_change=15 q_delta=0.322695 q_grad=0.001758
epoch=35 loss_total=0.706519 loss_rec=0.519730 valid_auc=0.696194 valid_rmse=0.477877 q_change=16 q_delta=0.325376 q_grad=0.001759
epoch=36 loss_total=0.698661 loss_rec=0.511770 valid_auc=0.694632 valid_rmse=0.478899 q_change=15 q_delta=0.327557 q_grad=0.001792
epoch=37 loss_total=0.695417 loss_rec=0.508456 valid_auc=0.693058 valid_rmse=0.481366 q_change=15 q_delta=0.330098 q_grad=0.001778
epoch=38 loss_total=0.688648 loss_rec=0.501668 valid_auc=0.694196 valid_rmse=0.481470 q_change=16 q_delta=0.332596 q_grad=0.001809
epoch=39 loss_total=0.689734 loss_rec=0.502718 valid_auc=0.694196 valid_rmse=0.480434 q_change=17 q_delta=0.334862 q_grad=0.001784
epoch=40 loss_total=0.687022 loss_rec=0.499958 valid_auc=0.693393 valid_rmse=0.481388 q_change=18 q_delta=0.336940 q_grad=0.001800
epoch=41 loss_total=0.681263 loss_rec=0.494180 valid_auc=0.693839 valid_rmse=0.483944 q_change=19 q_delta=0.339230 q_grad=0.001771
epoch=42 loss_total=0.685103 loss_rec=0.497998 valid_auc=0.692377 valid_rmse=0.481948 q_change=18 q_delta=0.341486 q_grad=0.001889
epoch=43 loss_total=0.679043 loss_rec=0.491924 valid_auc=0.694799 valid_rmse=0.482530 q_change=19 q_delta=0.343435 q_grad=0.001840
epoch=44 loss_total=0.675742 loss_rec=0.488590 valid_auc=0.695112 valid_rmse=0.481447 q_change=20 q_delta=0.345451 q_grad=0.001827
epoch=45 loss_total=0.673500 loss_rec=0.486341 valid_auc=0.693516 valid_rmse=0.485640 q_change=20 q_delta=0.347229 q_grad=0.001825
epoch=46 loss_total=0.672688 loss_rec=0.485479 valid_auc=0.697522 valid_rmse=0.481039 q_change=20 q_delta=0.349134 q_grad=0.001854
epoch=47 loss_total=0.670305 loss_rec=0.483082 valid_auc=0.695558 valid_rmse=0.483869 q_change=20 q_delta=0.350884 q_grad=0.001809
epoch=48 loss_total=0.670241 loss_rec=0.483025 valid_auc=0.695424 valid_rmse=0.482096 q_change=20 q_delta=0.352361 q_grad=0.001866
epoch=49 loss_total=0.663549 loss_rec=0.476315 valid_auc=0.695525 valid_rmse=0.481455 q_change=20 q_delta=0.353842 q_grad=0.001823
epoch=50 loss_total=0.660455 loss_rec=0.473200 valid_auc=0.695703 valid_rmse=0.485546 q_change=20 q_delta=0.355515 q_grad=0.001826
epoch=51 loss_total=0.661029 loss_rec=0.473781 valid_auc=0.696652 valid_rmse=0.485067 q_change=20 q_delta=0.356731 q_grad=0.001885
epoch=52 loss_total=0.661413 loss_rec=0.474163 valid_auc=0.694665 valid_rmse=0.484112 q_change=20 q_delta=0.358246 q_grad=0.001873
epoch=53 loss_total=0.663604 loss_rec=0.476348 valid_auc=0.694408 valid_rmse=0.483759 q_change=20 q_delta=0.359411 q_grad=0.001850
epoch=54 loss_total=0.657681 loss_rec=0.470408 valid_auc=0.692612 valid_rmse=0.484936 q_change=20 q_delta=0.360749 q_grad=0.001902
epoch=55 loss_total=0.652944 loss_rec=0.465673 valid_auc=0.699319 valid_rmse=0.481173 q_change=20 q_delta=0.361728 q_grad=0.001841
epoch=56 loss_total=0.650946 loss_rec=0.463676 valid_auc=0.696239 valid_rmse=0.484561 q_change=20 q_delta=0.362862 q_grad=0.001815
epoch=57 loss_total=0.652800 loss_rec=0.465501 valid_auc=0.694554 valid_rmse=0.485724 q_change=20 q_delta=0.364027 q_grad=0.001953
epoch=58 loss_total=0.646397 loss_rec=0.459091 valid_auc=0.695681 valid_rmse=0.485788 q_change=20 q_delta=0.365044 q_grad=0.001869
epoch=59 loss_total=0.643735 loss_rec=0.456448 valid_auc=0.697801 valid_rmse=0.483402 q_change=20 q_delta=0.365992 q_grad=0.001831
epoch=60 loss_total=0.648079 loss_rec=0.460789 valid_auc=0.697779 valid_rmse=0.484635 q_change=20 q_delta=0.366917 q_grad=0.001881
epoch=61 loss_total=0.645493 loss_rec=0.458211 valid_auc=0.695848 valid_rmse=0.483410 q_change=20 q_delta=0.367766 q_grad=0.001902
epoch=62 loss_total=0.641067 loss_rec=0.453787 valid_auc=0.698571 valid_rmse=0.483962 q_change=20 q_delta=0.368670 q_grad=0.001811
epoch=63 loss_total=0.641570 loss_rec=0.454287 valid_auc=0.696752 valid_rmse=0.485138 q_change=20 q_delta=0.369437 q_grad=0.001894
epoch=64 loss_total=0.642675 loss_rec=0.455388 valid_auc=0.697935 valid_rmse=0.486594 q_change=20 q_delta=0.370152 q_grad=0.001888
epoch=65 loss_total=0.639955 loss_rec=0.452681 valid_auc=0.695491 valid_rmse=0.485363 q_change=20 q_delta=0.371174 q_grad=0.001807
epoch=66 loss_total=0.638996 loss_rec=0.451736 valid_auc=0.694866 valid_rmse=0.485841 q_change=20 q_delta=0.371837 q_grad=0.001907
epoch=67 loss_total=0.639882 loss_rec=0.452628 valid_auc=0.696172 valid_rmse=0.485708 q_change=20 q_delta=0.372540 q_grad=0.001880
epoch=68 loss_total=0.633731 loss_rec=0.446484 valid_auc=0.697277 valid_rmse=0.486385 q_change=20 q_delta=0.373244 q_grad=0.001879
epoch=69 loss_total=0.632950 loss_rec=0.445709 valid_auc=0.696306 valid_rmse=0.491241 q_change=20 q_delta=0.373858 q_grad=0.001869
epoch=70 loss_total=0.628954 loss_rec=0.441700 valid_auc=0.696083 valid_rmse=0.485165 q_change=20 q_delta=0.374627 q_grad=0.001896
epoch=71 loss_total=0.628987 loss_rec=0.441776 valid_auc=0.698504 valid_rmse=0.484822 q_change=20 q_delta=0.375200 q_grad=0.001843
epoch=72 loss_total=0.631332 loss_rec=0.444125 valid_auc=0.696551 valid_rmse=0.486522 q_change=20 q_delta=0.375914 q_grad=0.001910
epoch=73 loss_total=0.625913 loss_rec=0.438705 valid_auc=0.694319 valid_rmse=0.488166 q_change=20 q_delta=0.376664 q_grad=0.001932
epoch=74 loss_total=0.630925 loss_rec=0.443741 valid_auc=0.694978 valid_rmse=0.487102 q_change=21 q_delta=0.377230 q_grad=0.001863
epoch=75 loss_total=0.628826 loss_rec=0.441650 valid_auc=0.693739 valid_rmse=0.491612 q_change=22 q_delta=0.377668 q_grad=0.001911
Early stopping at epoch 75; best_epoch=55.
Saved run to C:\Users\YAN_SHU_YU\Desktop\Generative-CD\Q_GNCDM\results\weak_q_lambda_sweep\lq_0p8_ls_0p2_lb_0p5\seed_2026\noise_0.20\weak-q_lq_0p8_ls_0p2_lb_0p5
Final metrics: q_hat_f1=0.752688 response_auc=0.684876 mastery_pearson=0.567956
