run=weak-q_lq_0p3_ls_0p3_lb_0p6 mode=weak-q noise=0.20 train=4200 valid=600 test=1200
epoch=1 loss_total=1.002636 loss_rec=0.725659 valid_auc=0.588114 valid_rmse=0.499748 q_change=57 q_delta=0.079326 q_grad=0.000350
epoch=2 loss_total=0.954027 loss_rec=0.705949 valid_auc=0.596780 valid_rmse=0.499287 q_change=57 q_delta=0.152449 q_grad=0.000356
epoch=3 loss_total=0.919690 loss_rec=0.700088 valid_auc=0.612924 valid_rmse=0.498492 q_change=57 q_delta=0.215217 q_grad=0.000352
epoch=4 loss_total=0.887670 loss_rec=0.694014 valid_auc=0.636228 valid_rmse=0.497849 q_change=57 q_delta=0.266088 q_grad=0.000331
epoch=5 loss_total=0.866220 loss_rec=0.694078 valid_auc=0.657266 valid_rmse=0.496091 q_change=57 q_delta=0.304582 q_grad=0.000310
epoch=6 loss_total=0.844826 loss_rec=0.689518 valid_auc=0.667556 valid_rmse=0.495056 q_change=57 q_delta=0.332390 q_grad=0.000295
epoch=7 loss_total=0.824270 loss_rec=0.681470 valid_auc=0.664319 valid_rmse=0.492371 q_change=57 q_delta=0.351734 q_grad=0.000304
epoch=8 loss_total=0.807037 loss_rec=0.672747 valid_auc=0.659900 valid_rmse=0.487295 q_change=57 q_delta=0.363734 q_grad=0.000374
epoch=9 loss_total=0.789790 loss_rec=0.661128 valid_auc=0.663438 valid_rmse=0.481045 q_change=57 q_delta=0.372521 q_grad=0.000509
epoch=10 loss_total=0.784271 loss_rec=0.660258 valid_auc=0.663962 valid_rmse=0.480933 q_change=57 q_delta=0.379725 q_grad=0.000608
epoch=11 loss_total=0.777397 loss_rec=0.656963 valid_auc=0.664487 valid_rmse=0.480074 q_change=57 q_delta=0.385902 q_grad=0.000713
epoch=12 loss_total=0.766062 loss_rec=0.648831 valid_auc=0.666339 valid_rmse=0.481095 q_change=57 q_delta=0.390793 q_grad=0.000774
epoch=13 loss_total=0.761439 loss_rec=0.646874 valid_auc=0.666886 valid_rmse=0.478326 q_change=57 q_delta=0.395211 q_grad=0.000789
epoch=14 loss_total=0.758508 loss_rec=0.646030 valid_auc=0.667489 valid_rmse=0.479770 q_change=57 q_delta=0.398273 q_grad=0.000884
epoch=15 loss_total=0.755740 loss_rec=0.645031 valid_auc=0.665971 valid_rmse=0.478310 q_change=57 q_delta=0.401489 q_grad=0.000936
epoch=16 loss_total=0.754994 loss_rec=0.645814 valid_auc=0.667935 valid_rmse=0.478125 q_change=57 q_delta=0.403781 q_grad=0.001042
epoch=17 loss_total=0.752904 loss_rec=0.645044 valid_auc=0.669342 valid_rmse=0.478434 q_change=57 q_delta=0.405777 q_grad=0.001024
epoch=18 loss_total=0.746483 loss_rec=0.639715 valid_auc=0.669554 valid_rmse=0.478209 q_change=57 q_delta=0.407616 q_grad=0.001071
epoch=19 loss_total=0.744077 loss_rec=0.638348 valid_auc=0.670011 valid_rmse=0.477689 q_change=57 q_delta=0.409265 q_grad=0.001156
epoch=20 loss_total=0.742790 loss_rec=0.637908 valid_auc=0.672645 valid_rmse=0.476422 q_change=57 q_delta=0.410832 q_grad=0.001265
epoch=21 loss_total=0.739412 loss_rec=0.635326 valid_auc=0.673549 valid_rmse=0.477152 q_change=57 q_delta=0.411854 q_grad=0.001231
epoch=22 loss_total=0.738260 loss_rec=0.634790 valid_auc=0.674263 valid_rmse=0.476071 q_change=57 q_delta=0.412868 q_grad=0.001355
epoch=23 loss_total=0.735043 loss_rec=0.632129 valid_auc=0.673772 valid_rmse=0.475847 q_change=57 q_delta=0.413915 q_grad=0.001381
epoch=24 loss_total=0.730266 loss_rec=0.627899 valid_auc=0.674442 valid_rmse=0.476447 q_change=57 q_delta=0.414695 q_grad=0.001454
epoch=25 loss_total=0.732835 loss_rec=0.630914 valid_auc=0.675368 valid_rmse=0.476148 q_change=57 q_delta=0.415323 q_grad=0.001598
epoch=26 loss_total=0.730711 loss_rec=0.629189 valid_auc=0.676138 valid_rmse=0.476597 q_change=57 q_delta=0.415890 q_grad=0.001610
epoch=27 loss_total=0.728755 loss_rec=0.627509 valid_auc=0.679241 valid_rmse=0.476019 q_change=57 q_delta=0.416282 q_grad=0.001625
epoch=28 loss_total=0.729316 loss_rec=0.628365 valid_auc=0.678917 valid_rmse=0.475651 q_change=57 q_delta=0.416872 q_grad=0.001728
epoch=29 loss_total=0.726182 loss_rec=0.625505 valid_auc=0.680156 valid_rmse=0.475493 q_change=57 q_delta=0.417253 q_grad=0.001790
epoch=30 loss_total=0.727638 loss_rec=0.627211 valid_auc=0.680056 valid_rmse=0.476434 q_change=57 q_delta=0.417514 q_grad=0.001789
epoch=31 loss_total=0.724181 loss_rec=0.623894 valid_auc=0.680837 valid_rmse=0.475299 q_change=57 q_delta=0.417777 q_grad=0.001827
epoch=32 loss_total=0.725476 loss_rec=0.625378 valid_auc=0.681741 valid_rmse=0.475988 q_change=57 q_delta=0.417909 q_grad=0.001899
epoch=33 loss_total=0.724078 loss_rec=0.624073 valid_auc=0.679252 valid_rmse=0.475101 q_change=57 q_delta=0.418295 q_grad=0.001892
epoch=34 loss_total=0.723949 loss_rec=0.624049 valid_auc=0.677723 valid_rmse=0.475102 q_change=57 q_delta=0.418144 q_grad=0.001931
epoch=35 loss_total=0.724845 loss_rec=0.624972 valid_auc=0.680045 valid_rmse=0.474421 q_change=57 q_delta=0.418016 q_grad=0.001924
epoch=36 loss_total=0.721209 loss_rec=0.621384 valid_auc=0.681049 valid_rmse=0.475046 q_change=56 q_delta=0.417767 q_grad=0.001952
epoch=37 loss_total=0.715069 loss_rec=0.615269 valid_auc=0.682411 valid_rmse=0.474773 q_change=56 q_delta=0.418497 q_grad=0.001998
epoch=38 loss_total=0.714499 loss_rec=0.614816 valid_auc=0.680491 valid_rmse=0.477122 q_change=56 q_delta=0.419110 q_grad=0.002124
epoch=39 loss_total=0.717280 loss_rec=0.617758 valid_auc=0.681451 valid_rmse=0.474620 q_change=56 q_delta=0.419822 q_grad=0.002058
epoch=40 loss_total=0.713500 loss_rec=0.614180 valid_auc=0.681261 valid_rmse=0.475404 q_change=56 q_delta=0.420188 q_grad=0.002111
epoch=41 loss_total=0.709317 loss_rec=0.610171 valid_auc=0.682310 valid_rmse=0.475463 q_change=56 q_delta=0.420541 q_grad=0.002120
epoch=42 loss_total=0.713157 loss_rec=0.614173 valid_auc=0.679330 valid_rmse=0.476299 q_change=56 q_delta=0.420914 q_grad=0.002180
epoch=43 loss_total=0.709513 loss_rec=0.610654 valid_auc=0.681752 valid_rmse=0.475338 q_change=56 q_delta=0.421164 q_grad=0.002117
epoch=44 loss_total=0.709955 loss_rec=0.611289 valid_auc=0.681775 valid_rmse=0.475739 q_change=56 q_delta=0.421468 q_grad=0.002204
epoch=45 loss_total=0.707982 loss_rec=0.609456 valid_auc=0.682444 valid_rmse=0.477531 q_change=56 q_delta=0.421609 q_grad=0.002238
epoch=46 loss_total=0.709334 loss_rec=0.610933 valid_auc=0.683147 valid_rmse=0.474739 q_change=56 q_delta=0.422012 q_grad=0.002176
epoch=47 loss_total=0.706602 loss_rec=0.608361 valid_auc=0.685212 valid_rmse=0.475261 q_change=56 q_delta=0.422100 q_grad=0.002214
epoch=48 loss_total=0.707475 loss_rec=0.609318 valid_auc=0.684754 valid_rmse=0.474535 q_change=56 q_delta=0.422406 q_grad=0.002289
epoch=49 loss_total=0.705268 loss_rec=0.607230 valid_auc=0.684821 valid_rmse=0.474647 q_change=56 q_delta=0.422524 q_grad=0.002310
epoch=50 loss_total=0.702041 loss_rec=0.604086 valid_auc=0.681786 valid_rmse=0.475856 q_change=56 q_delta=0.422688 q_grad=0.002220
epoch=51 loss_total=0.702307 loss_rec=0.604499 valid_auc=0.685636 valid_rmse=0.476183 q_change=56 q_delta=0.422658 q_grad=0.002355
epoch=52 loss_total=0.703431 loss_rec=0.605692 valid_auc=0.683527 valid_rmse=0.475290 q_change=56 q_delta=0.422895 q_grad=0.002394
epoch=53 loss_total=0.705516 loss_rec=0.607881 valid_auc=0.686205 valid_rmse=0.474669 q_change=56 q_delta=0.423021 q_grad=0.002363
epoch=54 loss_total=0.697248 loss_rec=0.599709 valid_auc=0.684955 valid_rmse=0.476018 q_change=56 q_delta=0.423025 q_grad=0.002349
epoch=55 loss_total=0.697633 loss_rec=0.600183 valid_auc=0.687634 valid_rmse=0.474236 q_change=56 q_delta=0.423111 q_grad=0.002368
epoch=56 loss_total=0.698861 loss_rec=0.601475 valid_auc=0.684219 valid_rmse=0.475073 q_change=56 q_delta=0.423166 q_grad=0.002440
epoch=57 loss_total=0.697939 loss_rec=0.600588 valid_auc=0.687545 valid_rmse=0.475635 q_change=56 q_delta=0.423017 q_grad=0.002540
epoch=58 loss_total=0.693406 loss_rec=0.596099 valid_auc=0.684587 valid_rmse=0.476588 q_change=56 q_delta=0.423039 q_grad=0.002480
epoch=59 loss_total=0.693763 loss_rec=0.596554 valid_auc=0.685301 valid_rmse=0.474806 q_change=56 q_delta=0.423107 q_grad=0.002490
epoch=60 loss_total=0.692449 loss_rec=0.595282 valid_auc=0.686752 valid_rmse=0.475305 q_change=55 q_delta=0.423000 q_grad=0.002566
epoch=61 loss_total=0.691188 loss_rec=0.594034 valid_auc=0.686752 valid_rmse=0.475016 q_change=55 q_delta=0.422932 q_grad=0.002602
epoch=62 loss_total=0.688181 loss_rec=0.591103 valid_auc=0.685212 valid_rmse=0.474895 q_change=55 q_delta=0.423276 q_grad=0.002557
epoch=63 loss_total=0.690321 loss_rec=0.593261 valid_auc=0.685446 valid_rmse=0.475071 q_change=55 q_delta=0.423390 q_grad=0.002600
epoch=64 loss_total=0.692280 loss_rec=0.595305 valid_auc=0.690257 valid_rmse=0.476674 q_change=55 q_delta=0.423546 q_grad=0.002687
epoch=65 loss_total=0.684579 loss_rec=0.587639 valid_auc=0.687143 valid_rmse=0.474275 q_change=55 q_delta=0.423988 q_grad=0.002569
epoch=66 loss_total=0.684539 loss_rec=0.587684 valid_auc=0.688828 valid_rmse=0.474506 q_change=55 q_delta=0.424058 q_grad=0.002739
epoch=67 loss_total=0.687411 loss_rec=0.590578 valid_auc=0.686094 valid_rmse=0.475821 q_change=55 q_delta=0.424244 q_grad=0.002733
epoch=68 loss_total=0.681672 loss_rec=0.584896 valid_auc=0.689498 valid_rmse=0.475365 q_change=55 q_delta=0.424394 q_grad=0.002771
epoch=69 loss_total=0.676993 loss_rec=0.580264 valid_auc=0.691116 valid_rmse=0.480179 q_change=55 q_delta=0.424337 q_grad=0.002856
epoch=70 loss_total=0.678169 loss_rec=0.581467 valid_auc=0.687589 valid_rmse=0.474016 q_change=55 q_delta=0.424623 q_grad=0.002886
epoch=71 loss_total=0.678276 loss_rec=0.581628 valid_auc=0.687433 valid_rmse=0.474529 q_change=55 q_delta=0.424643 q_grad=0.002874
epoch=72 loss_total=0.676746 loss_rec=0.580088 valid_auc=0.687645 valid_rmse=0.475271 q_change=55 q_delta=0.424610 q_grad=0.002967
epoch=73 loss_total=0.671894 loss_rec=0.575265 valid_auc=0.684788 valid_rmse=0.476269 q_change=55 q_delta=0.424616 q_grad=0.003043
epoch=74 loss_total=0.674741 loss_rec=0.578081 valid_auc=0.689297 valid_rmse=0.474597 q_change=55 q_delta=0.424521 q_grad=0.003027
epoch=75 loss_total=0.671890 loss_rec=0.575226 valid_auc=0.688449 valid_rmse=0.480255 q_change=55 q_delta=0.424297 q_grad=0.003080
epoch=76 loss_total=0.671513 loss_rec=0.574809 valid_auc=0.689799 valid_rmse=0.473199 q_change=55 q_delta=0.424429 q_grad=0.003068
epoch=77 loss_total=0.663925 loss_rec=0.567215 valid_auc=0.690279 valid_rmse=0.476496 q_change=55 q_delta=0.424262 q_grad=0.003090
epoch=78 loss_total=0.664495 loss_rec=0.567827 valid_auc=0.689408 valid_rmse=0.476242 q_change=55 q_delta=0.424287 q_grad=0.003365
epoch=79 loss_total=0.663483 loss_rec=0.566865 valid_auc=0.687857 valid_rmse=0.474645 q_change=55 q_delta=0.424373 q_grad=0.003460
epoch=80 loss_total=0.661077 loss_rec=0.564470 valid_auc=0.688605 valid_rmse=0.474812 q_change=54 q_delta=0.424341 q_grad=0.003381
epoch=81 loss_total=0.658052 loss_rec=0.561477 valid_auc=0.690223 valid_rmse=0.477214 q_change=54 q_delta=0.424210 q_grad=0.003463
epoch=82 loss_total=0.656774 loss_rec=0.560233 valid_auc=0.689191 valid_rmse=0.477118 q_change=54 q_delta=0.424220 q_grad=0.003536
epoch=83 loss_total=0.654801 loss_rec=0.558285 valid_auc=0.688951 valid_rmse=0.479613 q_change=54 q_delta=0.424166 q_grad=0.003519
epoch=84 loss_total=0.655113 loss_rec=0.558677 valid_auc=0.689944 valid_rmse=0.477106 q_change=54 q_delta=0.424293 q_grad=0.003573
epoch=85 loss_total=0.652863 loss_rec=0.556403 valid_auc=0.686473 valid_rmse=0.480898 q_change=54 q_delta=0.424198 q_grad=0.003699
epoch=86 loss_total=0.653762 loss_rec=0.557334 valid_auc=0.685279 valid_rmse=0.477709 q_change=54 q_delta=0.424347 q_grad=0.003695
epoch=87 loss_total=0.647713 loss_rec=0.551307 valid_auc=0.684810 valid_rmse=0.479451 q_change=54 q_delta=0.424391 q_grad=0.003612
epoch=88 loss_total=0.640414 loss_rec=0.544015 valid_auc=0.683929 valid_rmse=0.480221 q_change=54 q_delta=0.424481 q_grad=0.003715
epoch=89 loss_total=0.641264 loss_rec=0.544913 valid_auc=0.684799 valid_rmse=0.485523 q_change=54 q_delta=0.424451 q_grad=0.003797
Early stopping at epoch 89; best_epoch=69.
Saved run to C:\Users\YAN_SHU_YU\Desktop\Generative-CD\Q_GNCDM\results\weak_q_lambda_sweep\lq_0p3_ls_0p3_lb_0p6\seed_2026\noise_0.20\weak-q_lq_0p3_ls_0p3_lb_0p6
Final metrics: q_hat_f1=0.068966 response_auc=0.687525 mastery_pearson=0.369948
