run=weak-q_lq_0p2_ls_0p8_lb_0p1 mode=weak-q noise=0.20 train=4200 valid=600 test=1200
epoch=1 loss_total=1.097845 loss_rec=0.725664 valid_auc=0.587522 valid_rmse=0.499758 q_change=57 q_delta=0.079091 q_grad=0.000799
epoch=2 loss_total=1.018863 loss_rec=0.705971 valid_auc=0.593371 valid_rmse=0.499344 q_change=57 q_delta=0.149172 q_grad=0.000718
epoch=3 loss_total=0.963061 loss_rec=0.700165 valid_auc=0.604487 valid_rmse=0.498635 q_change=57 q_delta=0.207818 q_grad=0.000633
epoch=4 loss_total=0.916512 loss_rec=0.694153 valid_auc=0.620960 valid_rmse=0.498079 q_change=57 q_delta=0.255187 q_grad=0.000548
epoch=5 loss_total=0.885062 loss_rec=0.694321 valid_auc=0.641060 valid_rmse=0.496430 q_change=57 q_delta=0.292172 q_grad=0.000470
epoch=6 loss_total=0.856526 loss_rec=0.690074 valid_auc=0.656752 valid_rmse=0.495686 q_change=57 q_delta=0.320476 q_grad=0.000409
epoch=7 loss_total=0.831138 loss_rec=0.683051 valid_auc=0.658097 valid_rmse=0.493817 q_change=57 q_delta=0.341815 q_grad=0.000374
epoch=8 loss_total=0.811021 loss_rec=0.676317 valid_auc=0.653588 valid_rmse=0.490137 q_change=57 q_delta=0.356912 q_grad=0.000386
epoch=9 loss_total=0.791594 loss_rec=0.666263 valid_auc=0.658929 valid_rmse=0.483406 q_change=57 q_delta=0.367943 q_grad=0.000478
epoch=10 loss_total=0.781002 loss_rec=0.662910 valid_auc=0.659978 valid_rmse=0.482086 q_change=57 q_delta=0.376522 q_grad=0.000573
epoch=11 loss_total=0.771334 loss_rec=0.658782 valid_auc=0.660781 valid_rmse=0.481027 q_change=57 q_delta=0.383931 q_grad=0.000680
epoch=12 loss_total=0.757358 loss_rec=0.649823 valid_auc=0.664598 valid_rmse=0.481635 q_change=57 q_delta=0.390018 q_grad=0.000747
epoch=13 loss_total=0.751370 loss_rec=0.648029 valid_auc=0.666529 valid_rmse=0.478402 q_change=57 q_delta=0.395277 q_grad=0.000768
epoch=14 loss_total=0.747231 loss_rec=0.647147 valid_auc=0.668929 valid_rmse=0.479743 q_change=57 q_delta=0.399247 q_grad=0.000857
epoch=15 loss_total=0.743066 loss_rec=0.645795 valid_auc=0.667232 valid_rmse=0.478061 q_change=57 q_delta=0.403056 q_grad=0.000913
epoch=16 loss_total=0.741469 loss_rec=0.646521 valid_auc=0.669252 valid_rmse=0.477973 q_change=57 q_delta=0.405963 q_grad=0.001011
epoch=17 loss_total=0.738719 loss_rec=0.645879 valid_auc=0.671016 valid_rmse=0.478419 q_change=57 q_delta=0.408534 q_grad=0.000992
epoch=18 loss_total=0.731794 loss_rec=0.640694 valid_auc=0.671629 valid_rmse=0.477454 q_change=57 q_delta=0.410887 q_grad=0.001036
epoch=19 loss_total=0.728806 loss_rec=0.639309 valid_auc=0.672199 valid_rmse=0.477454 q_change=57 q_delta=0.412889 q_grad=0.001119
epoch=20 loss_total=0.727332 loss_rec=0.639135 valid_auc=0.675446 valid_rmse=0.475950 q_change=57 q_delta=0.414769 q_grad=0.001220
epoch=21 loss_total=0.723230 loss_rec=0.636284 valid_auc=0.676373 valid_rmse=0.476941 q_change=57 q_delta=0.416102 q_grad=0.001181
epoch=22 loss_total=0.722047 loss_rec=0.636060 valid_auc=0.677690 valid_rmse=0.475646 q_change=57 q_delta=0.417392 q_grad=0.001298
epoch=23 loss_total=0.718342 loss_rec=0.633257 valid_auc=0.676925 valid_rmse=0.475237 q_change=57 q_delta=0.418708 q_grad=0.001318
epoch=24 loss_total=0.713684 loss_rec=0.629443 valid_auc=0.676853 valid_rmse=0.475659 q_change=57 q_delta=0.419729 q_grad=0.001376
epoch=25 loss_total=0.716261 loss_rec=0.632710 valid_auc=0.677701 valid_rmse=0.475384 q_change=57 q_delta=0.420527 q_grad=0.001509
epoch=26 loss_total=0.713517 loss_rec=0.630576 valid_auc=0.678315 valid_rmse=0.476269 q_change=57 q_delta=0.421297 q_grad=0.001520
epoch=27 loss_total=0.711000 loss_rec=0.628512 valid_auc=0.681016 valid_rmse=0.475847 q_change=57 q_delta=0.421848 q_grad=0.001533
epoch=28 loss_total=0.712606 loss_rec=0.630587 valid_auc=0.680547 valid_rmse=0.474911 q_change=57 q_delta=0.422566 q_grad=0.001623
epoch=29 loss_total=0.708694 loss_rec=0.627066 valid_auc=0.682388 valid_rmse=0.474670 q_change=57 q_delta=0.423039 q_grad=0.001685
epoch=30 loss_total=0.709514 loss_rec=0.628240 valid_auc=0.682511 valid_rmse=0.474874 q_change=57 q_delta=0.423395 q_grad=0.001669
epoch=31 loss_total=0.705814 loss_rec=0.624662 valid_auc=0.684866 valid_rmse=0.474443 q_change=57 q_delta=0.423624 q_grad=0.001716
epoch=32 loss_total=0.707589 loss_rec=0.626625 valid_auc=0.686473 valid_rmse=0.475219 q_change=57 q_delta=0.423714 q_grad=0.001785
epoch=33 loss_total=0.706031 loss_rec=0.625111 valid_auc=0.683761 valid_rmse=0.473584 q_change=57 q_delta=0.424067 q_grad=0.001763
epoch=34 loss_total=0.704840 loss_rec=0.624030 valid_auc=0.683058 valid_rmse=0.473389 q_change=57 q_delta=0.424122 q_grad=0.001786
epoch=35 loss_total=0.705947 loss_rec=0.625172 valid_auc=0.686328 valid_rmse=0.472633 q_change=56 q_delta=0.424456 q_grad=0.001771
epoch=36 loss_total=0.702529 loss_rec=0.621740 valid_auc=0.687801 valid_rmse=0.473354 q_change=56 q_delta=0.424944 q_grad=0.001813
epoch=37 loss_total=0.696588 loss_rec=0.615839 valid_auc=0.688772 valid_rmse=0.472889 q_change=56 q_delta=0.425578 q_grad=0.001833
epoch=38 loss_total=0.696096 loss_rec=0.615478 valid_auc=0.686562 valid_rmse=0.475398 q_change=56 q_delta=0.426121 q_grad=0.001945
epoch=39 loss_total=0.699276 loss_rec=0.618820 valid_auc=0.687835 valid_rmse=0.472614 q_change=56 q_delta=0.426753 q_grad=0.001880
epoch=40 loss_total=0.695282 loss_rec=0.614959 valid_auc=0.687824 valid_rmse=0.472715 q_change=56 q_delta=0.427132 q_grad=0.001916
epoch=41 loss_total=0.691063 loss_rec=0.610880 valid_auc=0.690212 valid_rmse=0.472896 q_change=56 q_delta=0.427498 q_grad=0.001929
epoch=42 loss_total=0.695628 loss_rec=0.615565 valid_auc=0.686652 valid_rmse=0.473198 q_change=56 q_delta=0.427909 q_grad=0.001984
epoch=43 loss_total=0.691351 loss_rec=0.611336 valid_auc=0.689297 valid_rmse=0.472441 q_change=56 q_delta=0.428005 q_grad=0.001920
epoch=44 loss_total=0.692528 loss_rec=0.612646 valid_auc=0.689754 valid_rmse=0.472712 q_change=56 q_delta=0.428385 q_grad=0.001993
epoch=45 loss_total=0.689483 loss_rec=0.609701 valid_auc=0.691172 valid_rmse=0.475089 q_change=56 q_delta=0.428446 q_grad=0.002017
epoch=46 loss_total=0.690721 loss_rec=0.610960 valid_auc=0.692031 valid_rmse=0.471124 q_change=56 q_delta=0.428755 q_grad=0.001966
epoch=47 loss_total=0.687953 loss_rec=0.608272 valid_auc=0.693739 valid_rmse=0.471476 q_change=56 q_delta=0.428823 q_grad=0.001985
epoch=48 loss_total=0.687948 loss_rec=0.608268 valid_auc=0.692746 valid_rmse=0.470954 q_change=56 q_delta=0.428966 q_grad=0.002020
epoch=49 loss_total=0.685748 loss_rec=0.606022 valid_auc=0.693013 valid_rmse=0.471054 q_change=56 q_delta=0.428980 q_grad=0.002043
epoch=50 loss_total=0.681717 loss_rec=0.601978 valid_auc=0.690993 valid_rmse=0.471804 q_change=55 q_delta=0.429067 q_grad=0.001946
epoch=51 loss_total=0.681857 loss_rec=0.602133 valid_auc=0.694085 valid_rmse=0.472653 q_change=55 q_delta=0.429478 q_grad=0.002079
epoch=52 loss_total=0.683093 loss_rec=0.603357 valid_auc=0.692031 valid_rmse=0.471433 q_change=55 q_delta=0.430036 q_grad=0.002082
epoch=53 loss_total=0.684563 loss_rec=0.604821 valid_auc=0.694397 valid_rmse=0.470990 q_change=55 q_delta=0.430469 q_grad=0.002071
epoch=54 loss_total=0.676779 loss_rec=0.597091 valid_auc=0.693259 valid_rmse=0.472247 q_change=55 q_delta=0.430840 q_grad=0.002038
epoch=55 loss_total=0.676436 loss_rec=0.596800 valid_auc=0.696272 valid_rmse=0.470902 q_change=54 q_delta=0.431210 q_grad=0.002092
epoch=56 loss_total=0.677830 loss_rec=0.598247 valid_auc=0.694319 valid_rmse=0.471193 q_change=54 q_delta=0.431570 q_grad=0.002122
epoch=57 loss_total=0.676020 loss_rec=0.596483 valid_auc=0.695424 valid_rmse=0.473284 q_change=54 q_delta=0.431772 q_grad=0.002181
epoch=58 loss_total=0.672835 loss_rec=0.593319 valid_auc=0.693940 valid_rmse=0.473396 q_change=54 q_delta=0.432092 q_grad=0.002141
epoch=59 loss_total=0.672493 loss_rec=0.593156 valid_auc=0.693114 valid_rmse=0.471541 q_change=54 q_delta=0.432528 q_grad=0.002133
epoch=60 loss_total=0.671829 loss_rec=0.592572 valid_auc=0.694587 valid_rmse=0.472811 q_change=54 q_delta=0.432726 q_grad=0.002166
epoch=61 loss_total=0.670880 loss_rec=0.591688 valid_auc=0.693917 valid_rmse=0.472392 q_change=54 q_delta=0.433125 q_grad=0.002213
epoch=62 loss_total=0.668721 loss_rec=0.589629 valid_auc=0.693449 valid_rmse=0.471781 q_change=54 q_delta=0.433422 q_grad=0.002166
epoch=63 loss_total=0.669882 loss_rec=0.590819 valid_auc=0.691641 valid_rmse=0.473031 q_change=54 q_delta=0.433588 q_grad=0.002203
epoch=64 loss_total=0.672745 loss_rec=0.593810 valid_auc=0.695569 valid_rmse=0.474302 q_change=54 q_delta=0.433802 q_grad=0.002253
epoch=65 loss_total=0.666850 loss_rec=0.587955 valid_auc=0.692946 valid_rmse=0.472056 q_change=54 q_delta=0.434169 q_grad=0.002151
epoch=66 loss_total=0.667335 loss_rec=0.588538 valid_auc=0.693817 valid_rmse=0.472887 q_change=54 q_delta=0.434351 q_grad=0.002287
epoch=67 loss_total=0.669811 loss_rec=0.591081 valid_auc=0.691373 valid_rmse=0.473980 q_change=54 q_delta=0.434541 q_grad=0.002271
epoch=68 loss_total=0.665666 loss_rec=0.587020 valid_auc=0.692321 valid_rmse=0.474941 q_change=54 q_delta=0.434713 q_grad=0.002273
epoch=69 loss_total=0.662457 loss_rec=0.583899 valid_auc=0.695290 valid_rmse=0.479829 q_change=54 q_delta=0.434768 q_grad=0.002356
epoch=70 loss_total=0.661822 loss_rec=0.583297 valid_auc=0.691016 valid_rmse=0.473001 q_change=54 q_delta=0.435104 q_grad=0.002357
epoch=71 loss_total=0.664233 loss_rec=0.585783 valid_auc=0.692054 valid_rmse=0.473161 q_change=54 q_delta=0.435245 q_grad=0.002365
epoch=72 loss_total=0.662907 loss_rec=0.584510 valid_auc=0.690480 valid_rmse=0.473639 q_change=54 q_delta=0.435412 q_grad=0.002378
epoch=73 loss_total=0.659280 loss_rec=0.581018 valid_auc=0.688661 valid_rmse=0.473982 q_change=54 q_delta=0.435593 q_grad=0.002433
epoch=74 loss_total=0.663458 loss_rec=0.585261 valid_auc=0.689732 valid_rmse=0.474611 q_change=54 q_delta=0.435703 q_grad=0.002371
epoch=75 loss_total=0.661538 loss_rec=0.583340 valid_auc=0.687768 valid_rmse=0.481129 q_change=54 q_delta=0.435683 q_grad=0.002384
Early stopping at epoch 75; best_epoch=55.
Saved run to C:\Users\YAN_SHU_YU\Desktop\Generative-CD\Q_GNCDM\results\weak_q_lambda_sweep\lq_0p2_ls_0p8_lb_0p1\seed_2026\noise_0.20\weak-q_lq_0p2_ls_0p8_lb_0p1
Final metrics: q_hat_f1=0.101695 response_auc=0.685257 mastery_pearson=0.311468
