run=weak-q_lq_0p1_ls_0p6_lb_0p1 mode=weak-q noise=0.20 train=4200 valid=600 test=1200
epoch=1 loss_total=1.010804 loss_rec=0.725663 valid_auc=0.587645 valid_rmse=0.499756 q_change=57 q_delta=0.079046 q_grad=0.000604
epoch=2 loss_total=0.945632 loss_rec=0.705954 valid_auc=0.594208 valid_rmse=0.499326 q_change=57 q_delta=0.149289 q_grad=0.000550
epoch=3 loss_total=0.900657 loss_rec=0.700102 valid_auc=0.607098 valid_rmse=0.498582 q_change=57 q_delta=0.208229 q_grad=0.000493
epoch=4 loss_total=0.862264 loss_rec=0.694011 valid_auc=0.625123 valid_rmse=0.497972 q_change=57 q_delta=0.255884 q_grad=0.000433
epoch=5 loss_total=0.836878 loss_rec=0.694042 valid_auc=0.645692 valid_rmse=0.496229 q_change=57 q_delta=0.292836 q_grad=0.000381
epoch=6 loss_total=0.812773 loss_rec=0.689474 valid_auc=0.659955 valid_rmse=0.495260 q_change=57 q_delta=0.320674 q_grad=0.000343
epoch=7 loss_total=0.790300 loss_rec=0.681605 valid_auc=0.659911 valid_rmse=0.492829 q_change=57 q_delta=0.341066 q_grad=0.000334
epoch=8 loss_total=0.771664 loss_rec=0.673207 valid_auc=0.656540 valid_rmse=0.488214 q_change=57 q_delta=0.354644 q_grad=0.000385
epoch=9 loss_total=0.753289 loss_rec=0.661725 valid_auc=0.661618 valid_rmse=0.481544 q_change=57 q_delta=0.364573 q_grad=0.000513
epoch=10 loss_total=0.745770 loss_rec=0.659766 valid_auc=0.662891 valid_rmse=0.481069 q_change=57 q_delta=0.372596 q_grad=0.000618
epoch=11 loss_total=0.737901 loss_rec=0.656171 valid_auc=0.663705 valid_rmse=0.479920 q_change=57 q_delta=0.379492 q_grad=0.000728
epoch=12 loss_total=0.725440 loss_rec=0.647576 valid_auc=0.668036 valid_rmse=0.480617 q_change=57 q_delta=0.385037 q_grad=0.000798
epoch=13 loss_total=0.720236 loss_rec=0.645569 valid_auc=0.669152 valid_rmse=0.477626 q_change=57 q_delta=0.389891 q_grad=0.000822
epoch=14 loss_total=0.716950 loss_rec=0.644744 valid_auc=0.669676 valid_rmse=0.479030 q_change=57 q_delta=0.393397 q_grad=0.000923
epoch=15 loss_total=0.713360 loss_rec=0.643258 valid_auc=0.669029 valid_rmse=0.477323 q_change=57 q_delta=0.396884 q_grad=0.000988
epoch=16 loss_total=0.712418 loss_rec=0.644057 valid_auc=0.671641 valid_rmse=0.477149 q_change=57 q_delta=0.399423 q_grad=0.001100
epoch=17 loss_total=0.709836 loss_rec=0.643039 valid_auc=0.673080 valid_rmse=0.477455 q_change=57 q_delta=0.401683 q_grad=0.001083
epoch=18 loss_total=0.703129 loss_rec=0.637599 valid_auc=0.674408 valid_rmse=0.476641 q_change=57 q_delta=0.403742 q_grad=0.001136
epoch=19 loss_total=0.700666 loss_rec=0.636344 valid_auc=0.675491 valid_rmse=0.476596 q_change=57 q_delta=0.405532 q_grad=0.001232
epoch=20 loss_total=0.699224 loss_rec=0.635852 valid_auc=0.678650 valid_rmse=0.475102 q_change=57 q_delta=0.407203 q_grad=0.001343
epoch=21 loss_total=0.695349 loss_rec=0.632893 valid_auc=0.679051 valid_rmse=0.476177 q_change=57 q_delta=0.408309 q_grad=0.001305
epoch=22 loss_total=0.694090 loss_rec=0.632306 valid_auc=0.680089 valid_rmse=0.474918 q_change=57 q_delta=0.409374 q_grad=0.001438
epoch=23 loss_total=0.690817 loss_rec=0.629664 valid_auc=0.678884 valid_rmse=0.474605 q_change=57 q_delta=0.410516 q_grad=0.001459
epoch=24 loss_total=0.686131 loss_rec=0.625567 valid_auc=0.677768 valid_rmse=0.475147 q_change=57 q_delta=0.411347 q_grad=0.001521
epoch=25 loss_total=0.688753 loss_rec=0.628668 valid_auc=0.678627 valid_rmse=0.474987 q_change=57 q_delta=0.411941 q_grad=0.001669
epoch=26 loss_total=0.686190 loss_rec=0.626497 valid_auc=0.679129 valid_rmse=0.475832 q_change=57 q_delta=0.412508 q_grad=0.001674
epoch=27 loss_total=0.683615 loss_rec=0.624157 valid_auc=0.682991 valid_rmse=0.475430 q_change=57 q_delta=0.412774 q_grad=0.001684
epoch=28 loss_total=0.685328 loss_rec=0.626103 valid_auc=0.681574 valid_rmse=0.474679 q_change=57 q_delta=0.413241 q_grad=0.001783
epoch=29 loss_total=0.681008 loss_rec=0.621945 valid_auc=0.684520 valid_rmse=0.474194 q_change=57 q_delta=0.413419 q_grad=0.001839
epoch=30 loss_total=0.681361 loss_rec=0.622433 valid_auc=0.685022 valid_rmse=0.474392 q_change=56 q_delta=0.413545 q_grad=0.001812
epoch=31 loss_total=0.677617 loss_rec=0.618679 valid_auc=0.685893 valid_rmse=0.474168 q_change=56 q_delta=0.414447 q_grad=0.001858
epoch=32 loss_total=0.679113 loss_rec=0.620322 valid_auc=0.687522 valid_rmse=0.474678 q_change=56 q_delta=0.415156 q_grad=0.001918
epoch=33 loss_total=0.677584 loss_rec=0.618909 valid_auc=0.684509 valid_rmse=0.473329 q_change=56 q_delta=0.416094 q_grad=0.001891
epoch=34 loss_total=0.676749 loss_rec=0.618290 valid_auc=0.683717 valid_rmse=0.473281 q_change=56 q_delta=0.416664 q_grad=0.001905
epoch=35 loss_total=0.677838 loss_rec=0.619569 valid_auc=0.686808 valid_rmse=0.472562 q_change=56 q_delta=0.417223 q_grad=0.001886
epoch=36 loss_total=0.674624 loss_rec=0.616480 valid_auc=0.688504 valid_rmse=0.473219 q_change=56 q_delta=0.417450 q_grad=0.001927
epoch=37 loss_total=0.669025 loss_rec=0.611009 valid_auc=0.688761 valid_rmse=0.472910 q_change=56 q_delta=0.417877 q_grad=0.001941
epoch=38 loss_total=0.668802 loss_rec=0.611006 valid_auc=0.686585 valid_rmse=0.475266 q_change=56 q_delta=0.418286 q_grad=0.002050
epoch=39 loss_total=0.671767 loss_rec=0.614134 valid_auc=0.688192 valid_rmse=0.472422 q_change=56 q_delta=0.418771 q_grad=0.001976
epoch=40 loss_total=0.667890 loss_rec=0.610409 valid_auc=0.688862 valid_rmse=0.472568 q_change=56 q_delta=0.419001 q_grad=0.002011
epoch=41 loss_total=0.663996 loss_rec=0.606670 valid_auc=0.691507 valid_rmse=0.472587 q_change=56 q_delta=0.419278 q_grad=0.002011
epoch=42 loss_total=0.668118 loss_rec=0.610893 valid_auc=0.687868 valid_rmse=0.472924 q_change=56 q_delta=0.419556 q_grad=0.002075
epoch=43 loss_total=0.663769 loss_rec=0.606566 valid_auc=0.690558 valid_rmse=0.472337 q_change=56 q_delta=0.419545 q_grad=0.002007
epoch=44 loss_total=0.664983 loss_rec=0.607909 valid_auc=0.690748 valid_rmse=0.472496 q_change=56 q_delta=0.419842 q_grad=0.002077
epoch=45 loss_total=0.661692 loss_rec=0.604701 valid_auc=0.691752 valid_rmse=0.474777 q_change=56 q_delta=0.419812 q_grad=0.002099
epoch=46 loss_total=0.662833 loss_rec=0.605856 valid_auc=0.692143 valid_rmse=0.470991 q_change=56 q_delta=0.420088 q_grad=0.002041
epoch=47 loss_total=0.660132 loss_rec=0.603244 valid_auc=0.694185 valid_rmse=0.471528 q_change=55 q_delta=0.420141 q_grad=0.002063
epoch=48 loss_total=0.659556 loss_rec=0.602690 valid_auc=0.693147 valid_rmse=0.471126 q_change=55 q_delta=0.420527 q_grad=0.002106
epoch=49 loss_total=0.657198 loss_rec=0.600351 valid_auc=0.693259 valid_rmse=0.471205 q_change=55 q_delta=0.420969 q_grad=0.002129
epoch=50 loss_total=0.653281 loss_rec=0.596459 valid_auc=0.691127 valid_rmse=0.472139 q_change=55 q_delta=0.421431 q_grad=0.002032
epoch=51 loss_total=0.653457 loss_rec=0.596715 valid_auc=0.693225 valid_rmse=0.473096 q_change=54 q_delta=0.421778 q_grad=0.002159
epoch=52 loss_total=0.654733 loss_rec=0.598058 valid_auc=0.691819 valid_rmse=0.471869 q_change=54 q_delta=0.422296 q_grad=0.002165
epoch=53 loss_total=0.656195 loss_rec=0.599570 valid_auc=0.693951 valid_rmse=0.471559 q_change=54 q_delta=0.422675 q_grad=0.002163
epoch=54 loss_total=0.648264 loss_rec=0.591738 valid_auc=0.692031 valid_rmse=0.472971 q_change=54 q_delta=0.423000 q_grad=0.002130
epoch=55 loss_total=0.647660 loss_rec=0.591247 valid_auc=0.695491 valid_rmse=0.471579 q_change=54 q_delta=0.423498 q_grad=0.002180
epoch=56 loss_total=0.648918 loss_rec=0.592596 valid_auc=0.693092 valid_rmse=0.471897 q_change=54 q_delta=0.423967 q_grad=0.002206
epoch=57 loss_total=0.647129 loss_rec=0.590895 valid_auc=0.694453 valid_rmse=0.474079 q_change=54 q_delta=0.424232 q_grad=0.002289
epoch=58 loss_total=0.643985 loss_rec=0.587804 valid_auc=0.692333 valid_rmse=0.474312 q_change=54 q_delta=0.424508 q_grad=0.002247
epoch=59 loss_total=0.643748 loss_rec=0.587754 valid_auc=0.691060 valid_rmse=0.472441 q_change=54 q_delta=0.425026 q_grad=0.002228
epoch=60 loss_total=0.643021 loss_rec=0.587109 valid_auc=0.692411 valid_rmse=0.473888 q_change=54 q_delta=0.425213 q_grad=0.002277
epoch=61 loss_total=0.641875 loss_rec=0.586045 valid_auc=0.692310 valid_rmse=0.473324 q_change=54 q_delta=0.425588 q_grad=0.002323
epoch=62 loss_total=0.639378 loss_rec=0.583663 valid_auc=0.691183 valid_rmse=0.472930 q_change=54 q_delta=0.425864 q_grad=0.002283
epoch=63 loss_total=0.640382 loss_rec=0.584714 valid_auc=0.689554 valid_rmse=0.474171 q_change=54 q_delta=0.426000 q_grad=0.002327
epoch=64 loss_total=0.643154 loss_rec=0.587599 valid_auc=0.693058 valid_rmse=0.475415 q_change=54 q_delta=0.426167 q_grad=0.002380
epoch=65 loss_total=0.637492 loss_rec=0.581989 valid_auc=0.691071 valid_rmse=0.473214 q_change=54 q_delta=0.426533 q_grad=0.002273
epoch=66 loss_total=0.637933 loss_rec=0.582527 valid_auc=0.690882 valid_rmse=0.474003 q_change=54 q_delta=0.426688 q_grad=0.002420
epoch=67 loss_total=0.640411 loss_rec=0.585099 valid_auc=0.689129 valid_rmse=0.474946 q_change=54 q_delta=0.426871 q_grad=0.002408
epoch=68 loss_total=0.636148 loss_rec=0.580902 valid_auc=0.689397 valid_rmse=0.476261 q_change=54 q_delta=0.427013 q_grad=0.002405
epoch=69 loss_total=0.632844 loss_rec=0.577673 valid_auc=0.692768 valid_rmse=0.480946 q_change=53 q_delta=0.427011 q_grad=0.002496
epoch=70 loss_total=0.631793 loss_rec=0.576658 valid_auc=0.689196 valid_rmse=0.474464 q_change=53 q_delta=0.427356 q_grad=0.002506
epoch=71 loss_total=0.634101 loss_rec=0.579066 valid_auc=0.689732 valid_rmse=0.474476 q_change=53 q_delta=0.427489 q_grad=0.002508
epoch=72 loss_total=0.633051 loss_rec=0.578055 valid_auc=0.688973 valid_rmse=0.475026 q_change=53 q_delta=0.427629 q_grad=0.002530
epoch=73 loss_total=0.629156 loss_rec=0.574276 valid_auc=0.686406 valid_rmse=0.475508 q_change=53 q_delta=0.427798 q_grad=0.002584
epoch=74 loss_total=0.633306 loss_rec=0.578485 valid_auc=0.688103 valid_rmse=0.476001 q_change=53 q_delta=0.427903 q_grad=0.002536
epoch=75 loss_total=0.631365 loss_rec=0.576556 valid_auc=0.686507 valid_rmse=0.481861 q_change=53 q_delta=0.427856 q_grad=0.002553
Early stopping at epoch 75; best_epoch=55.
Saved run to C:\Users\YAN_SHU_YU\Desktop\Generative-CD\Q_GNCDM\results\weak_q_lambda_sweep\lq_0p1_ls_0p6_lb_0p1\seed_2026\noise_0.20\weak-q_lq_0p1_ls_0p6_lb_0p1
Final metrics: q_hat_f1=0.101695 response_auc=0.686655 mastery_pearson=0.321218
