run=weak-q_lq_0p3_ls_0p3_lb_0p4 mode=weak-q noise=0.20 train=4200 valid=600 test=1200
epoch=1 loss_total=0.954058 loss_rec=0.725653 valid_auc=0.588136 valid_rmse=0.499743 q_change=57 q_delta=0.078196 q_grad=0.000324
epoch=2 loss_total=0.909372 loss_rec=0.705840 valid_auc=0.597528 valid_rmse=0.499236 q_change=57 q_delta=0.147330 q_grad=0.000305
epoch=3 loss_total=0.881156 loss_rec=0.699705 valid_auc=0.615318 valid_rmse=0.498297 q_change=57 q_delta=0.205052 q_grad=0.000290
epoch=4 loss_total=0.855724 loss_rec=0.693041 valid_auc=0.640569 valid_rmse=0.497307 q_change=57 q_delta=0.251402 q_grad=0.000272
epoch=5 loss_total=0.839843 loss_rec=0.691895 valid_auc=0.661183 valid_rmse=0.494762 q_change=57 q_delta=0.285743 q_grad=0.000271
epoch=6 loss_total=0.821388 loss_rec=0.684272 valid_auc=0.669392 valid_rmse=0.491681 q_change=57 q_delta=0.308971 q_grad=0.000298
epoch=7 loss_total=0.798940 loss_rec=0.669070 valid_auc=0.665820 valid_rmse=0.485403 q_change=57 q_delta=0.323201 q_grad=0.000382
epoch=8 loss_total=0.780832 loss_rec=0.655303 valid_auc=0.664833 valid_rmse=0.480902 q_change=57 q_delta=0.332108 q_grad=0.000571
epoch=9 loss_total=0.768712 loss_rec=0.646458 valid_auc=0.671875 valid_rmse=0.477029 q_change=57 q_delta=0.340098 q_grad=0.000744
epoch=10 loss_total=0.768059 loss_rec=0.648724 valid_auc=0.671875 valid_rmse=0.477589 q_change=57 q_delta=0.346120 q_grad=0.000831
epoch=11 loss_total=0.762957 loss_rec=0.645646 valid_auc=0.672723 valid_rmse=0.476510 q_change=57 q_delta=0.351171 q_grad=0.000960
epoch=12 loss_total=0.752462 loss_rec=0.636911 valid_auc=0.675491 valid_rmse=0.477092 q_change=57 q_delta=0.354732 q_grad=0.001046
epoch=13 loss_total=0.747859 loss_rec=0.633707 valid_auc=0.677779 valid_rmse=0.474761 q_change=57 q_delta=0.358065 q_grad=0.001096
epoch=14 loss_total=0.746128 loss_rec=0.633006 valid_auc=0.677768 valid_rmse=0.476107 q_change=57 q_delta=0.359887 q_grad=0.001229
epoch=15 loss_total=0.742421 loss_rec=0.630089 valid_auc=0.678571 valid_rmse=0.474343 q_change=57 q_delta=0.361915 q_grad=0.001322
epoch=16 loss_total=0.742458 loss_rec=0.630795 valid_auc=0.681696 valid_rmse=0.474022 q_change=56 q_delta=0.362964 q_grad=0.001468
epoch=17 loss_total=0.739046 loss_rec=0.627941 valid_auc=0.681004 valid_rmse=0.473977 q_change=56 q_delta=0.364533 q_grad=0.001443
epoch=18 loss_total=0.731693 loss_rec=0.621009 valid_auc=0.682556 valid_rmse=0.473770 q_change=56 q_delta=0.366116 q_grad=0.001510
epoch=19 loss_total=0.730007 loss_rec=0.619856 valid_auc=0.683181 valid_rmse=0.474175 q_change=56 q_delta=0.367506 q_grad=0.001633
epoch=20 loss_total=0.727112 loss_rec=0.617302 valid_auc=0.686306 valid_rmse=0.472476 q_change=56 q_delta=0.368641 q_grad=0.001736
epoch=21 loss_total=0.722694 loss_rec=0.613261 valid_auc=0.687098 valid_rmse=0.473793 q_change=56 q_delta=0.369187 q_grad=0.001684
epoch=22 loss_total=0.719685 loss_rec=0.610521 valid_auc=0.687411 valid_rmse=0.472954 q_change=55 q_delta=0.369762 q_grad=0.001846
epoch=23 loss_total=0.716602 loss_rec=0.607747 valid_auc=0.685190 valid_rmse=0.473036 q_change=55 q_delta=0.370962 q_grad=0.001829
epoch=24 loss_total=0.711444 loss_rec=0.602929 valid_auc=0.684665 valid_rmse=0.473999 q_change=55 q_delta=0.372042 q_grad=0.001865
epoch=25 loss_total=0.712099 loss_rec=0.603981 valid_auc=0.684632 valid_rmse=0.474152 q_change=54 q_delta=0.372885 q_grad=0.001995
epoch=26 loss_total=0.709643 loss_rec=0.601831 valid_auc=0.686429 valid_rmse=0.474521 q_change=54 q_delta=0.373921 q_grad=0.001975
epoch=27 loss_total=0.706339 loss_rec=0.598829 valid_auc=0.687143 valid_rmse=0.475385 q_change=54 q_delta=0.374927 q_grad=0.001942
epoch=28 loss_total=0.708493 loss_rec=0.601305 valid_auc=0.686105 valid_rmse=0.474667 q_change=54 q_delta=0.376129 q_grad=0.002022
epoch=29 loss_total=0.702481 loss_rec=0.595626 valid_auc=0.689208 valid_rmse=0.473976 q_change=53 q_delta=0.377083 q_grad=0.002041
epoch=30 loss_total=0.701960 loss_rec=0.595355 valid_auc=0.691250 valid_rmse=0.474502 q_change=53 q_delta=0.377893 q_grad=0.002010
epoch=31 loss_total=0.698384 loss_rec=0.592017 valid_auc=0.691049 valid_rmse=0.473709 q_change=53 q_delta=0.378879 q_grad=0.002030
epoch=32 loss_total=0.698954 loss_rec=0.592839 valid_auc=0.692891 valid_rmse=0.473401 q_change=53 q_delta=0.379812 q_grad=0.002086
epoch=33 loss_total=0.696104 loss_rec=0.590200 valid_auc=0.692333 valid_rmse=0.472253 q_change=52 q_delta=0.380899 q_grad=0.002075
epoch=34 loss_total=0.696047 loss_rec=0.590379 valid_auc=0.689219 valid_rmse=0.472622 q_change=53 q_delta=0.381588 q_grad=0.002080
epoch=35 loss_total=0.695668 loss_rec=0.590190 valid_auc=0.693772 valid_rmse=0.471326 q_change=52 q_delta=0.382318 q_grad=0.002055
epoch=36 loss_total=0.690056 loss_rec=0.584698 valid_auc=0.695446 valid_rmse=0.471871 q_change=52 q_delta=0.382600 q_grad=0.002133
epoch=37 loss_total=0.685039 loss_rec=0.579809 valid_auc=0.695134 valid_rmse=0.472695 q_change=52 q_delta=0.383047 q_grad=0.002155
epoch=38 loss_total=0.682301 loss_rec=0.577230 valid_auc=0.694788 valid_rmse=0.473853 q_change=52 q_delta=0.383465 q_grad=0.002263
epoch=39 loss_total=0.683240 loss_rec=0.578286 valid_auc=0.695949 valid_rmse=0.471445 q_change=52 q_delta=0.384024 q_grad=0.002220
epoch=40 loss_total=0.678299 loss_rec=0.573515 valid_auc=0.695424 valid_rmse=0.472457 q_change=52 q_delta=0.384376 q_grad=0.002279
epoch=41 loss_total=0.673478 loss_rec=0.568842 valid_auc=0.696016 valid_rmse=0.473554 q_change=52 q_delta=0.384602 q_grad=0.002292
epoch=42 loss_total=0.674510 loss_rec=0.569981 valid_auc=0.693013 valid_rmse=0.473388 q_change=51 q_delta=0.384994 q_grad=0.002433
epoch=43 loss_total=0.668496 loss_rec=0.564036 valid_auc=0.694174 valid_rmse=0.474153 q_change=52 q_delta=0.385143 q_grad=0.002416
epoch=44 loss_total=0.666153 loss_rec=0.561821 valid_auc=0.693605 valid_rmse=0.474936 q_change=51 q_delta=0.385686 q_grad=0.002491
epoch=45 loss_total=0.660300 loss_rec=0.556102 valid_auc=0.693783 valid_rmse=0.478475 q_change=48 q_delta=0.385970 q_grad=0.002533
epoch=46 loss_total=0.659640 loss_rec=0.555510 valid_auc=0.695458 valid_rmse=0.473633 q_change=47 q_delta=0.386774 q_grad=0.002526
epoch=47 loss_total=0.654134 loss_rec=0.550155 valid_auc=0.692333 valid_rmse=0.476926 q_change=48 q_delta=0.387543 q_grad=0.002549
epoch=48 loss_total=0.650580 loss_rec=0.546711 valid_auc=0.692902 valid_rmse=0.475770 q_change=48 q_delta=0.388475 q_grad=0.002674
epoch=49 loss_total=0.643947 loss_rec=0.540164 valid_auc=0.694353 valid_rmse=0.475510 q_change=48 q_delta=0.389179 q_grad=0.002676
epoch=50 loss_total=0.639096 loss_rec=0.535407 valid_auc=0.691719 valid_rmse=0.478221 q_change=48 q_delta=0.389944 q_grad=0.002685
epoch=51 loss_total=0.636419 loss_rec=0.532892 valid_auc=0.693326 valid_rmse=0.479581 q_change=48 q_delta=0.390633 q_grad=0.002780
epoch=52 loss_total=0.635202 loss_rec=0.531807 valid_auc=0.692935 valid_rmse=0.477954 q_change=48 q_delta=0.391549 q_grad=0.002815
epoch=53 loss_total=0.634444 loss_rec=0.531138 valid_auc=0.693371 valid_rmse=0.477660 q_change=48 q_delta=0.392102 q_grad=0.002858
epoch=54 loss_total=0.625529 loss_rec=0.522361 valid_auc=0.689442 valid_rmse=0.480121 q_change=48 q_delta=0.392652 q_grad=0.002895
epoch=55 loss_total=0.619951 loss_rec=0.516899 valid_auc=0.694743 valid_rmse=0.477381 q_change=48 q_delta=0.393369 q_grad=0.002856
epoch=56 loss_total=0.618370 loss_rec=0.515419 valid_auc=0.689487 valid_rmse=0.480280 q_change=48 q_delta=0.393883 q_grad=0.002956
epoch=57 loss_total=0.616050 loss_rec=0.513216 valid_auc=0.688973 valid_rmse=0.482886 q_change=48 q_delta=0.394371 q_grad=0.003067
epoch=58 loss_total=0.607304 loss_rec=0.504565 valid_auc=0.688605 valid_rmse=0.485152 q_change=48 q_delta=0.394800 q_grad=0.003000
epoch=59 loss_total=0.607127 loss_rec=0.504545 valid_auc=0.690011 valid_rmse=0.481222 q_change=47 q_delta=0.395399 q_grad=0.003018
epoch=60 loss_total=0.604818 loss_rec=0.502330 valid_auc=0.689621 valid_rmse=0.482112 q_change=47 q_delta=0.395862 q_grad=0.003017
epoch=61 loss_total=0.600767 loss_rec=0.498356 valid_auc=0.687679 valid_rmse=0.482700 q_change=47 q_delta=0.396208 q_grad=0.003122
Early stopping at epoch 61; best_epoch=41.
Saved run to C:\Users\YAN_SHU_YU\Desktop\Generative-CD\Q_GNCDM\results\weak_q_lambda_sweep\lq_0p3_ls_0p3_lb_0p4\seed_2026\noise_0.20\weak-q_lq_0p3_ls_0p3_lb_0p4
Final metrics: q_hat_f1=0.163934 response_auc=0.687631 mastery_pearson=0.417477
