run=weak-q_lq_0p3_ls_0p8_lb_0p2 mode=weak-q noise=0.20 train=4200 valid=600 test=1200
epoch=1 loss_total=1.122390 loss_rec=0.725664 valid_auc=0.587533 valid_rmse=0.499758 q_change=57 q_delta=0.079097 q_grad=0.000804
epoch=2 loss_total=1.043030 loss_rec=0.705972 valid_auc=0.593292 valid_rmse=0.499345 q_change=57 q_delta=0.149192 q_grad=0.000723
epoch=3 loss_total=0.986918 loss_rec=0.700168 valid_auc=0.604408 valid_rmse=0.498637 q_change=57 q_delta=0.207854 q_grad=0.000637
epoch=4 loss_total=0.940129 loss_rec=0.694159 valid_auc=0.620854 valid_rmse=0.498083 q_change=57 q_delta=0.255234 q_grad=0.000551
epoch=5 loss_total=0.908496 loss_rec=0.694332 valid_auc=0.640893 valid_rmse=0.496436 q_change=57 q_delta=0.292232 q_grad=0.000472
epoch=6 loss_total=0.879825 loss_rec=0.690098 valid_auc=0.656708 valid_rmse=0.495701 q_change=57 q_delta=0.320552 q_grad=0.000411
epoch=7 loss_total=0.854352 loss_rec=0.683106 valid_auc=0.658002 valid_rmse=0.493852 q_change=57 q_delta=0.341916 q_grad=0.000375
epoch=8 loss_total=0.834199 loss_rec=0.676436 valid_auc=0.653538 valid_rmse=0.490209 q_change=57 q_delta=0.357053 q_grad=0.000386
epoch=9 loss_total=0.814764 loss_rec=0.666455 valid_auc=0.658583 valid_rmse=0.483490 q_change=57 q_delta=0.368110 q_grad=0.000477
epoch=10 loss_total=0.804075 loss_rec=0.663056 valid_auc=0.659821 valid_rmse=0.482137 q_change=57 q_delta=0.376693 q_grad=0.000571
epoch=11 loss_total=0.794342 loss_rec=0.658899 valid_auc=0.660580 valid_rmse=0.481070 q_change=57 q_delta=0.384103 q_grad=0.000678
epoch=12 loss_total=0.780304 loss_rec=0.649908 valid_auc=0.664342 valid_rmse=0.481675 q_change=57 q_delta=0.390193 q_grad=0.000745
epoch=13 loss_total=0.774286 loss_rec=0.648115 valid_auc=0.666518 valid_rmse=0.478436 q_change=57 q_delta=0.395454 q_grad=0.000766
epoch=14 loss_total=0.770112 loss_rec=0.647220 valid_auc=0.668895 valid_rmse=0.479768 q_change=57 q_delta=0.399426 q_grad=0.000854
epoch=15 loss_total=0.765921 loss_rec=0.645861 valid_auc=0.667232 valid_rmse=0.478087 q_change=57 q_delta=0.403235 q_grad=0.000910
epoch=16 loss_total=0.764303 loss_rec=0.646584 valid_auc=0.669252 valid_rmse=0.477996 q_change=57 q_delta=0.406144 q_grad=0.001008
epoch=17 loss_total=0.761543 loss_rec=0.645946 valid_auc=0.670938 valid_rmse=0.478444 q_change=57 q_delta=0.408715 q_grad=0.000990
epoch=18 loss_total=0.754603 loss_rec=0.640758 valid_auc=0.671596 valid_rmse=0.477470 q_change=57 q_delta=0.411067 q_grad=0.001033
epoch=19 loss_total=0.751595 loss_rec=0.639361 valid_auc=0.672098 valid_rmse=0.477469 q_change=57 q_delta=0.413066 q_grad=0.001116
epoch=20 loss_total=0.750113 loss_rec=0.639188 valid_auc=0.675402 valid_rmse=0.475961 q_change=57 q_delta=0.414942 q_grad=0.001217
epoch=21 loss_total=0.745998 loss_rec=0.636332 valid_auc=0.676295 valid_rmse=0.476947 q_change=57 q_delta=0.416271 q_grad=0.001177
epoch=22 loss_total=0.744808 loss_rec=0.636106 valid_auc=0.677634 valid_rmse=0.475640 q_change=57 q_delta=0.417556 q_grad=0.001295
epoch=23 loss_total=0.741082 loss_rec=0.633283 valid_auc=0.676953 valid_rmse=0.475225 q_change=57 q_delta=0.418866 q_grad=0.001314
epoch=24 loss_total=0.736411 loss_rec=0.629460 valid_auc=0.676797 valid_rmse=0.475638 q_change=57 q_delta=0.419879 q_grad=0.001372
epoch=25 loss_total=0.738983 loss_rec=0.632724 valid_auc=0.677734 valid_rmse=0.475350 q_change=57 q_delta=0.420668 q_grad=0.001506
epoch=26 loss_total=0.736222 loss_rec=0.630570 valid_auc=0.678292 valid_rmse=0.476231 q_change=57 q_delta=0.421428 q_grad=0.001517
epoch=27 loss_total=0.733683 loss_rec=0.628482 valid_auc=0.681228 valid_rmse=0.475800 q_change=57 q_delta=0.421966 q_grad=0.001530
epoch=28 loss_total=0.735264 loss_rec=0.630527 valid_auc=0.680759 valid_rmse=0.474863 q_change=57 q_delta=0.422665 q_grad=0.001620
epoch=29 loss_total=0.731331 loss_rec=0.626975 valid_auc=0.682779 valid_rmse=0.474602 q_change=57 q_delta=0.423115 q_grad=0.001682
epoch=30 loss_total=0.732112 loss_rec=0.628097 valid_auc=0.682779 valid_rmse=0.474790 q_change=57 q_delta=0.423443 q_grad=0.001667
epoch=31 loss_total=0.728353 loss_rec=0.624438 valid_auc=0.685379 valid_rmse=0.474351 q_change=57 q_delta=0.423631 q_grad=0.001713
epoch=32 loss_total=0.730079 loss_rec=0.626330 valid_auc=0.687143 valid_rmse=0.475115 q_change=57 q_delta=0.423683 q_grad=0.001783
epoch=33 loss_total=0.728454 loss_rec=0.624731 valid_auc=0.684252 valid_rmse=0.473477 q_change=57 q_delta=0.424009 q_grad=0.001761
epoch=34 loss_total=0.727183 loss_rec=0.623558 valid_auc=0.683516 valid_rmse=0.473280 q_change=56 q_delta=0.424055 q_grad=0.001784
epoch=35 loss_total=0.728263 loss_rec=0.624680 valid_auc=0.686775 valid_rmse=0.472516 q_change=56 q_delta=0.424726 q_grad=0.001770
epoch=36 loss_total=0.724832 loss_rec=0.621246 valid_auc=0.688382 valid_rmse=0.473212 q_change=56 q_delta=0.425170 q_grad=0.001813
epoch=37 loss_total=0.718869 loss_rec=0.615332 valid_auc=0.688940 valid_rmse=0.472790 q_change=56 q_delta=0.425751 q_grad=0.001831
epoch=38 loss_total=0.718375 loss_rec=0.614985 valid_auc=0.687031 valid_rmse=0.475286 q_change=56 q_delta=0.426246 q_grad=0.001944
epoch=39 loss_total=0.721496 loss_rec=0.618257 valid_auc=0.688393 valid_rmse=0.472463 q_change=56 q_delta=0.426821 q_grad=0.001880
epoch=40 loss_total=0.717464 loss_rec=0.614347 valid_auc=0.688382 valid_rmse=0.472551 q_change=56 q_delta=0.427138 q_grad=0.001915
epoch=41 loss_total=0.713187 loss_rec=0.610194 valid_auc=0.690737 valid_rmse=0.472745 q_change=56 q_delta=0.427446 q_grad=0.001927
epoch=42 loss_total=0.717714 loss_rec=0.614815 valid_auc=0.687433 valid_rmse=0.472993 q_change=56 q_delta=0.427792 q_grad=0.001983
epoch=43 loss_total=0.713330 loss_rec=0.610439 valid_auc=0.689955 valid_rmse=0.472271 q_change=56 q_delta=0.427810 q_grad=0.001919
epoch=44 loss_total=0.714397 loss_rec=0.611606 valid_auc=0.690100 valid_rmse=0.472519 q_change=56 q_delta=0.428119 q_grad=0.001991
epoch=45 loss_total=0.711179 loss_rec=0.608445 valid_auc=0.691908 valid_rmse=0.474923 q_change=56 q_delta=0.428113 q_grad=0.002014
epoch=46 loss_total=0.712255 loss_rec=0.609500 valid_auc=0.692879 valid_rmse=0.470908 q_change=56 q_delta=0.428363 q_grad=0.001962
epoch=47 loss_total=0.709429 loss_rec=0.606727 valid_auc=0.694766 valid_rmse=0.471279 q_change=55 q_delta=0.428404 q_grad=0.001982
epoch=48 loss_total=0.709318 loss_rec=0.606604 valid_auc=0.693683 valid_rmse=0.470777 q_change=55 q_delta=0.428636 q_grad=0.002019
epoch=49 loss_total=0.707028 loss_rec=0.604274 valid_auc=0.693862 valid_rmse=0.470864 q_change=55 q_delta=0.429089 q_grad=0.002042
epoch=50 loss_total=0.702904 loss_rec=0.600156 valid_auc=0.691864 valid_rmse=0.471635 q_change=55 q_delta=0.429568 q_grad=0.001945
epoch=51 loss_total=0.703111 loss_rec=0.600409 valid_auc=0.695100 valid_rmse=0.472531 q_change=55 q_delta=0.429926 q_grad=0.002079
epoch=52 loss_total=0.704380 loss_rec=0.601708 valid_auc=0.692690 valid_rmse=0.471304 q_change=55 q_delta=0.430419 q_grad=0.002083
epoch=53 loss_total=0.705911 loss_rec=0.603264 valid_auc=0.694788 valid_rmse=0.470876 q_change=55 q_delta=0.430800 q_grad=0.002077
epoch=54 loss_total=0.698089 loss_rec=0.595527 valid_auc=0.693783 valid_rmse=0.472155 q_change=55 q_delta=0.431117 q_grad=0.002043
epoch=55 loss_total=0.697736 loss_rec=0.595263 valid_auc=0.696641 valid_rmse=0.470759 q_change=54 q_delta=0.431438 q_grad=0.002099
epoch=56 loss_total=0.699130 loss_rec=0.596728 valid_auc=0.694743 valid_rmse=0.471102 q_change=54 q_delta=0.431755 q_grad=0.002130
epoch=57 loss_total=0.697305 loss_rec=0.594970 valid_auc=0.695882 valid_rmse=0.473216 q_change=54 q_delta=0.431921 q_grad=0.002193
epoch=58 loss_total=0.694116 loss_rec=0.591822 valid_auc=0.694275 valid_rmse=0.473454 q_change=54 q_delta=0.432208 q_grad=0.002153
epoch=59 loss_total=0.693893 loss_rec=0.591791 valid_auc=0.693136 valid_rmse=0.471488 q_change=54 q_delta=0.432645 q_grad=0.002145
epoch=60 loss_total=0.693294 loss_rec=0.591286 valid_auc=0.694565 valid_rmse=0.472780 q_change=54 q_delta=0.432852 q_grad=0.002179
epoch=61 loss_total=0.692254 loss_rec=0.590323 valid_auc=0.694431 valid_rmse=0.472347 q_change=54 q_delta=0.433210 q_grad=0.002228
epoch=62 loss_total=0.690058 loss_rec=0.588236 valid_auc=0.693281 valid_rmse=0.471804 q_change=54 q_delta=0.433475 q_grad=0.002184
epoch=63 loss_total=0.691247 loss_rec=0.589464 valid_auc=0.691674 valid_rmse=0.472986 q_change=54 q_delta=0.433615 q_grad=0.002222
epoch=64 loss_total=0.694025 loss_rec=0.592372 valid_auc=0.696083 valid_rmse=0.474273 q_change=54 q_delta=0.433791 q_grad=0.002273
epoch=65 loss_total=0.688276 loss_rec=0.586670 valid_auc=0.693103 valid_rmse=0.472066 q_change=54 q_delta=0.434135 q_grad=0.002172
epoch=66 loss_total=0.688772 loss_rec=0.587269 valid_auc=0.694085 valid_rmse=0.472868 q_change=54 q_delta=0.434290 q_grad=0.002307
epoch=67 loss_total=0.691189 loss_rec=0.589757 valid_auc=0.691484 valid_rmse=0.473985 q_change=54 q_delta=0.434450 q_grad=0.002293
epoch=68 loss_total=0.686997 loss_rec=0.585648 valid_auc=0.692388 valid_rmse=0.475013 q_change=54 q_delta=0.434596 q_grad=0.002297
epoch=69 loss_total=0.683907 loss_rec=0.582647 valid_auc=0.695368 valid_rmse=0.479827 q_change=54 q_delta=0.434625 q_grad=0.002381
epoch=70 loss_total=0.683109 loss_rec=0.581880 valid_auc=0.691317 valid_rmse=0.473055 q_change=54 q_delta=0.434929 q_grad=0.002383
epoch=71 loss_total=0.685467 loss_rec=0.584312 valid_auc=0.691987 valid_rmse=0.473161 q_change=54 q_delta=0.435040 q_grad=0.002395
epoch=72 loss_total=0.684189 loss_rec=0.583077 valid_auc=0.690759 valid_rmse=0.473635 q_change=54 q_delta=0.435179 q_grad=0.002407
epoch=73 loss_total=0.680343 loss_rec=0.579359 valid_auc=0.688516 valid_rmse=0.474036 q_change=54 q_delta=0.435323 q_grad=0.002462
epoch=74 loss_total=0.684621 loss_rec=0.583692 valid_auc=0.689699 valid_rmse=0.474637 q_change=54 q_delta=0.435403 q_grad=0.002403
epoch=75 loss_total=0.682750 loss_rec=0.581811 valid_auc=0.687891 valid_rmse=0.481293 q_change=54 q_delta=0.435343 q_grad=0.002414
Early stopping at epoch 75; best_epoch=55.
Saved run to C:\Users\YAN_SHU_YU\Desktop\Generative-CD\Q_GNCDM\results\weak_q_lambda_sweep\lq_0p3_ls_0p8_lb_0p2\seed_2026\noise_0.20\weak-q_lq_0p3_ls_0p8_lb_0p2
Final metrics: q_hat_f1=0.101695 response_auc=0.685624 mastery_pearson=0.315571
