run=weak-q_lq_0p9_ls_0p1_lb_0p6 mode=weak-q noise=0.20 train=4200 valid=600 test=1200
epoch=1 loss_total=0.917264 loss_rec=0.725491 valid_auc=0.593047 valid_rmse=0.499600 q_change=3 q_delta=0.058719 q_grad=0.000119
epoch=2 loss_total=0.890778 loss_rec=0.704208 valid_auc=0.609805 valid_rmse=0.498366 q_change=9 q_delta=0.090979 q_grad=0.000118
epoch=3 loss_total=0.879071 loss_rec=0.694512 valid_auc=0.632824 valid_rmse=0.495378 q_change=12 q_delta=0.109977 q_grad=0.000152
epoch=4 loss_total=0.862201 loss_rec=0.678173 valid_auc=0.655480 valid_rmse=0.488656 q_change=11 q_delta=0.122249 q_grad=0.000233
epoch=5 loss_total=0.840387 loss_rec=0.655618 valid_auc=0.666217 valid_rmse=0.479950 q_change=15 q_delta=0.130831 q_grad=0.000436
epoch=6 loss_total=0.815559 loss_rec=0.629975 valid_auc=0.673549 valid_rmse=0.476380 q_change=13 q_delta=0.139914 q_grad=0.000702
epoch=7 loss_total=0.802729 loss_rec=0.617264 valid_auc=0.678382 valid_rmse=0.476186 q_change=13 q_delta=0.146775 q_grad=0.000811
epoch=8 loss_total=0.798949 loss_rec=0.613662 valid_auc=0.676663 valid_rmse=0.477008 q_change=11 q_delta=0.154631 q_grad=0.000906
epoch=9 loss_total=0.793893 loss_rec=0.608806 valid_auc=0.679732 valid_rmse=0.475436 q_change=12 q_delta=0.161959 q_grad=0.000937
epoch=10 loss_total=0.797985 loss_rec=0.613129 valid_auc=0.678594 valid_rmse=0.476921 q_change=11 q_delta=0.169525 q_grad=0.000924
epoch=11 loss_total=0.796469 loss_rec=0.611647 valid_auc=0.678795 valid_rmse=0.475549 q_change=12 q_delta=0.176322 q_grad=0.000981
epoch=12 loss_total=0.788435 loss_rec=0.603692 valid_auc=0.679297 valid_rmse=0.477052 q_change=12 q_delta=0.182665 q_grad=0.000996
epoch=13 loss_total=0.785101 loss_rec=0.600462 valid_auc=0.679397 valid_rmse=0.475808 q_change=11 q_delta=0.190343 q_grad=0.000970
epoch=14 loss_total=0.785700 loss_rec=0.601044 valid_auc=0.678717 valid_rmse=0.477626 q_change=11 q_delta=0.196777 q_grad=0.001014
epoch=15 loss_total=0.781322 loss_rec=0.596576 valid_auc=0.680770 valid_rmse=0.476383 q_change=11 q_delta=0.203489 q_grad=0.001018
epoch=16 loss_total=0.783486 loss_rec=0.598634 valid_auc=0.681875 valid_rmse=0.476426 q_change=11 q_delta=0.209890 q_grad=0.001107
epoch=17 loss_total=0.777909 loss_rec=0.593019 valid_auc=0.681272 valid_rmse=0.476407 q_change=11 q_delta=0.216010 q_grad=0.001043
epoch=18 loss_total=0.772676 loss_rec=0.587684 valid_auc=0.681496 valid_rmse=0.476830 q_change=10 q_delta=0.221903 q_grad=0.001073
epoch=19 loss_total=0.771077 loss_rec=0.585981 valid_auc=0.682366 valid_rmse=0.477258 q_change=10 q_delta=0.227906 q_grad=0.001112
epoch=20 loss_total=0.768371 loss_rec=0.583123 valid_auc=0.684799 valid_rmse=0.475923 q_change=10 q_delta=0.234070 q_grad=0.001171
epoch=21 loss_total=0.762559 loss_rec=0.577113 valid_auc=0.686150 valid_rmse=0.476365 q_change=10 q_delta=0.239981 q_grad=0.001131
epoch=22 loss_total=0.759197 loss_rec=0.573591 valid_auc=0.685424 valid_rmse=0.476746 q_change=10 q_delta=0.245913 q_grad=0.001212
epoch=23 loss_total=0.755953 loss_rec=0.570134 valid_auc=0.685569 valid_rmse=0.476921 q_change=10 q_delta=0.251678 q_grad=0.001193
epoch=24 loss_total=0.749043 loss_rec=0.563037 valid_auc=0.685926 valid_rmse=0.477561 q_change=10 q_delta=0.257720 q_grad=0.001224
epoch=25 loss_total=0.746583 loss_rec=0.560325 valid_auc=0.687522 valid_rmse=0.477826 q_change=10 q_delta=0.263683 q_grad=0.001303
epoch=26 loss_total=0.741891 loss_rec=0.555390 valid_auc=0.687533 valid_rmse=0.478159 q_change=9 q_delta=0.269173 q_grad=0.001272
epoch=27 loss_total=0.738318 loss_rec=0.551572 valid_auc=0.686629 valid_rmse=0.480290 q_change=10 q_delta=0.274835 q_grad=0.001294
epoch=28 loss_total=0.739946 loss_rec=0.552929 valid_auc=0.686964 valid_rmse=0.479322 q_change=11 q_delta=0.280601 q_grad=0.001375
epoch=29 loss_total=0.731412 loss_rec=0.544157 valid_auc=0.688683 valid_rmse=0.478788 q_change=12 q_delta=0.285540 q_grad=0.001346
epoch=30 loss_total=0.727871 loss_rec=0.540341 valid_auc=0.690357 valid_rmse=0.480253 q_change=12 q_delta=0.290588 q_grad=0.001408
epoch=31 loss_total=0.721896 loss_rec=0.534110 valid_auc=0.689163 valid_rmse=0.480555 q_change=11 q_delta=0.295388 q_grad=0.001394
epoch=32 loss_total=0.721049 loss_rec=0.532988 valid_auc=0.693862 valid_rmse=0.479543 q_change=10 q_delta=0.300087 q_grad=0.001415
epoch=33 loss_total=0.716184 loss_rec=0.527854 valid_auc=0.690737 valid_rmse=0.479432 q_change=11 q_delta=0.304643 q_grad=0.001430
epoch=34 loss_total=0.716368 loss_rec=0.527816 valid_auc=0.690279 valid_rmse=0.479194 q_change=10 q_delta=0.308430 q_grad=0.001402
epoch=35 loss_total=0.716454 loss_rec=0.527677 valid_auc=0.693103 valid_rmse=0.477765 q_change=11 q_delta=0.312230 q_grad=0.001422
epoch=36 loss_total=0.708228 loss_rec=0.519182 valid_auc=0.692891 valid_rmse=0.478798 q_change=11 q_delta=0.315708 q_grad=0.001442
epoch=37 loss_total=0.705318 loss_rec=0.516034 valid_auc=0.692143 valid_rmse=0.480873 q_change=11 q_delta=0.318993 q_grad=0.001421
epoch=38 loss_total=0.698944 loss_rec=0.509468 valid_auc=0.692165 valid_rmse=0.481303 q_change=11 q_delta=0.322212 q_grad=0.001455
epoch=39 loss_total=0.699036 loss_rec=0.509353 valid_auc=0.692645 valid_rmse=0.480297 q_change=12 q_delta=0.325223 q_grad=0.001447
epoch=40 loss_total=0.696780 loss_rec=0.506893 valid_auc=0.691830 valid_rmse=0.481071 q_change=13 q_delta=0.327824 q_grad=0.001441
epoch=41 loss_total=0.691500 loss_rec=0.501437 valid_auc=0.693186 valid_rmse=0.483207 q_change=13 q_delta=0.330367 q_grad=0.001422
epoch=42 loss_total=0.694369 loss_rec=0.504135 valid_auc=0.692500 valid_rmse=0.481224 q_change=13 q_delta=0.332806 q_grad=0.001522
epoch=43 loss_total=0.689572 loss_rec=0.499171 valid_auc=0.694743 valid_rmse=0.482024 q_change=13 q_delta=0.335104 q_grad=0.001477
epoch=44 loss_total=0.685336 loss_rec=0.494770 valid_auc=0.694542 valid_rmse=0.480885 q_change=13 q_delta=0.337233 q_grad=0.001454
epoch=45 loss_total=0.682979 loss_rec=0.492271 valid_auc=0.693036 valid_rmse=0.485040 q_change=13 q_delta=0.339316 q_grad=0.001459
epoch=46 loss_total=0.682372 loss_rec=0.491515 valid_auc=0.696853 valid_rmse=0.480582 q_change=14 q_delta=0.341507 q_grad=0.001477
epoch=47 loss_total=0.680633 loss_rec=0.489627 valid_auc=0.695312 valid_rmse=0.482800 q_change=14 q_delta=0.343627 q_grad=0.001445
epoch=48 loss_total=0.680034 loss_rec=0.488916 valid_auc=0.695815 valid_rmse=0.481556 q_change=14 q_delta=0.345497 q_grad=0.001476
epoch=49 loss_total=0.674988 loss_rec=0.483737 valid_auc=0.696094 valid_rmse=0.480509 q_change=14 q_delta=0.347227 q_grad=0.001443
epoch=50 loss_total=0.672323 loss_rec=0.480948 valid_auc=0.695290 valid_rmse=0.484380 q_change=15 q_delta=0.349255 q_grad=0.001434
epoch=51 loss_total=0.672175 loss_rec=0.480679 valid_auc=0.697612 valid_rmse=0.483705 q_change=15 q_delta=0.350683 q_grad=0.001487
epoch=52 loss_total=0.672813 loss_rec=0.481208 valid_auc=0.695156 valid_rmse=0.483036 q_change=15 q_delta=0.352384 q_grad=0.001484
epoch=53 loss_total=0.674514 loss_rec=0.482809 valid_auc=0.695000 valid_rmse=0.482723 q_change=15 q_delta=0.353693 q_grad=0.001451
epoch=54 loss_total=0.669490 loss_rec=0.477683 valid_auc=0.693594 valid_rmse=0.483890 q_change=15 q_delta=0.355059 q_grad=0.001496
epoch=55 loss_total=0.664164 loss_rec=0.472259 valid_auc=0.700100 valid_rmse=0.480372 q_change=15 q_delta=0.356277 q_grad=0.001449
epoch=56 loss_total=0.662426 loss_rec=0.470437 valid_auc=0.697087 valid_rmse=0.483230 q_change=15 q_delta=0.357459 q_grad=0.001410
epoch=57 loss_total=0.663926 loss_rec=0.471825 valid_auc=0.696105 valid_rmse=0.484112 q_change=14 q_delta=0.358831 q_grad=0.001536
epoch=58 loss_total=0.658065 loss_rec=0.465870 valid_auc=0.696507 valid_rmse=0.484036 q_change=14 q_delta=0.360137 q_grad=0.001469
epoch=59 loss_total=0.655298 loss_rec=0.463015 valid_auc=0.698862 valid_rmse=0.482208 q_change=14 q_delta=0.361256 q_grad=0.001435
epoch=60 loss_total=0.660321 loss_rec=0.467953 valid_auc=0.698750 valid_rmse=0.483483 q_change=14 q_delta=0.362352 q_grad=0.001469
epoch=61 loss_total=0.657473 loss_rec=0.465037 valid_auc=0.697411 valid_rmse=0.482210 q_change=14 q_delta=0.363339 q_grad=0.001492
epoch=62 loss_total=0.653249 loss_rec=0.460726 valid_auc=0.699129 valid_rmse=0.482732 q_change=15 q_delta=0.364443 q_grad=0.001416
epoch=63 loss_total=0.653313 loss_rec=0.460710 valid_auc=0.698002 valid_rmse=0.483920 q_change=15 q_delta=0.365368 q_grad=0.001486
epoch=64 loss_total=0.655642 loss_rec=0.462961 valid_auc=0.699487 valid_rmse=0.484390 q_change=15 q_delta=0.366250 q_grad=0.001479
epoch=65 loss_total=0.653362 loss_rec=0.460612 valid_auc=0.697467 valid_rmse=0.483756 q_change=15 q_delta=0.367484 q_grad=0.001405
epoch=66 loss_total=0.651287 loss_rec=0.458488 valid_auc=0.697891 valid_rmse=0.484084 q_change=15 q_delta=0.368209 q_grad=0.001489
epoch=67 loss_total=0.652106 loss_rec=0.459241 valid_auc=0.697467 valid_rmse=0.484504 q_change=15 q_delta=0.368965 q_grad=0.001463
epoch=68 loss_total=0.646932 loss_rec=0.454004 valid_auc=0.699375 valid_rmse=0.484215 q_change=15 q_delta=0.369641 q_grad=0.001465
epoch=69 loss_total=0.645482 loss_rec=0.452498 valid_auc=0.698437 valid_rmse=0.489371 q_change=15 q_delta=0.370377 q_grad=0.001451
epoch=70 loss_total=0.642447 loss_rec=0.449387 valid_auc=0.697600 valid_rmse=0.483898 q_change=15 q_delta=0.371269 q_grad=0.001483
epoch=71 loss_total=0.642428 loss_rec=0.449322 valid_auc=0.700435 valid_rmse=0.483139 q_change=15 q_delta=0.371950 q_grad=0.001428
epoch=72 loss_total=0.644176 loss_rec=0.451037 valid_auc=0.698560 valid_rmse=0.485051 q_change=15 q_delta=0.372518 q_grad=0.001475
epoch=73 loss_total=0.639356 loss_rec=0.446149 valid_auc=0.697109 valid_rmse=0.486431 q_change=15 q_delta=0.373459 q_grad=0.001491
epoch=74 loss_total=0.644159 loss_rec=0.450915 valid_auc=0.697243 valid_rmse=0.485784 q_change=15 q_delta=0.373871 q_grad=0.001437
epoch=75 loss_total=0.641359 loss_rec=0.448052 valid_auc=0.695670 valid_rmse=0.489786 q_change=15 q_delta=0.374268 q_grad=0.001493
epoch=76 loss_total=0.641871 loss_rec=0.448528 valid_auc=0.697667 valid_rmse=0.484236 q_change=16 q_delta=0.374987 q_grad=0.001466
epoch=77 loss_total=0.634447 loss_rec=0.441063 valid_auc=0.698705 valid_rmse=0.485160 q_change=15 q_delta=0.375454 q_grad=0.001437
epoch=78 loss_total=0.636011 loss_rec=0.442584 valid_auc=0.699665 valid_rmse=0.487131 q_change=17 q_delta=0.376042 q_grad=0.001526
epoch=79 loss_total=0.632162 loss_rec=0.438694 valid_auc=0.697879 valid_rmse=0.485595 q_change=16 q_delta=0.376631 q_grad=0.001509
epoch=80 loss_total=0.633268 loss_rec=0.439768 valid_auc=0.700112 valid_rmse=0.486396 q_change=17 q_delta=0.377092 q_grad=0.001485
epoch=81 loss_total=0.632784 loss_rec=0.439258 valid_auc=0.699141 valid_rmse=0.487158 q_change=17 q_delta=0.377342 q_grad=0.001519
epoch=82 loss_total=0.629499 loss_rec=0.435937 valid_auc=0.696875 valid_rmse=0.487810 q_change=17 q_delta=0.377853 q_grad=0.001503
epoch=83 loss_total=0.635096 loss_rec=0.441505 valid_auc=0.698214 valid_rmse=0.486952 q_change=17 q_delta=0.378349 q_grad=0.001501
epoch=84 loss_total=0.634412 loss_rec=0.440786 valid_auc=0.698661 valid_rmse=0.485153 q_change=17 q_delta=0.378730 q_grad=0.001475
epoch=85 loss_total=0.629415 loss_rec=0.435764 valid_auc=0.699464 valid_rmse=0.487917 q_change=17 q_delta=0.379276 q_grad=0.001520
epoch=86 loss_total=0.629506 loss_rec=0.435803 valid_auc=0.696228 valid_rmse=0.487231 q_change=17 q_delta=0.379916 q_grad=0.001558
epoch=87 loss_total=0.627423 loss_rec=0.433687 valid_auc=0.696339 valid_rmse=0.486748 q_change=17 q_delta=0.380358 q_grad=0.001519
epoch=88 loss_total=0.623538 loss_rec=0.429769 valid_auc=0.699821 valid_rmse=0.486156 q_change=17 q_delta=0.380779 q_grad=0.001536
epoch=89 loss_total=0.623116 loss_rec=0.429331 valid_auc=0.698984 valid_rmse=0.490495 q_change=17 q_delta=0.381105 q_grad=0.001501
epoch=90 loss_total=0.631592 loss_rec=0.437774 valid_auc=0.695100 valid_rmse=0.486751 q_change=17 q_delta=0.381665 q_grad=0.001504
epoch=91 loss_total=0.623574 loss_rec=0.429725 valid_auc=0.696641 valid_rmse=0.487937 q_change=17 q_delta=0.381953 q_grad=0.001489
Early stopping at epoch 91; best_epoch=71.
Saved run to C:\Users\YAN_SHU_YU\Desktop\Generative-CD\Q_GNCDM\results\weak_q_lambda_sweep\lq_0p9_ls_0p1_lb_0p6\seed_2026\noise_0.20\weak-q_lq_0p9_ls_0p1_lb_0p6
Final metrics: q_hat_f1=0.816327 response_auc=0.684250 mastery_pearson=0.577726
