run=weak-q_lq_0p8_ls_0p5_lb_0p5 mode=weak-q noise=0.20 train=4200 valid=600 test=1200
epoch=1 loss_total=1.066357 loss_rec=0.725656 valid_auc=0.587768 valid_rmse=0.499750 q_change=57 q_delta=0.077736 q_grad=0.000500
epoch=2 loss_total=1.011836 loss_rec=0.705828 valid_auc=0.594844 valid_rmse=0.499264 q_change=57 q_delta=0.143384 q_grad=0.000413
epoch=3 loss_total=0.979655 loss_rec=0.699657 valid_auc=0.609420 valid_rmse=0.498356 q_change=57 q_delta=0.196101 q_grad=0.000347
epoch=4 loss_total=0.953660 loss_rec=0.692869 valid_auc=0.630781 valid_rmse=0.497348 q_change=57 q_delta=0.237534 q_grad=0.000297
epoch=5 loss_total=0.938561 loss_rec=0.691421 valid_auc=0.652098 valid_rmse=0.494683 q_change=57 q_delta=0.268285 q_grad=0.000280
epoch=6 loss_total=0.920786 loss_rec=0.683001 valid_auc=0.664464 valid_rmse=0.491246 q_change=57 q_delta=0.289173 q_grad=0.000303
epoch=7 loss_total=0.898027 loss_rec=0.666040 valid_auc=0.665201 valid_rmse=0.484525 q_change=57 q_delta=0.301537 q_grad=0.000401
epoch=8 loss_total=0.879518 loss_rec=0.650637 valid_auc=0.665904 valid_rmse=0.480184 q_change=57 q_delta=0.308906 q_grad=0.000617
epoch=9 loss_total=0.867392 loss_rec=0.640896 valid_auc=0.676127 valid_rmse=0.475521 q_change=57 q_delta=0.315368 q_grad=0.000805
epoch=10 loss_total=0.865995 loss_rec=0.641651 valid_auc=0.676875 valid_rmse=0.475733 q_change=57 q_delta=0.319790 q_grad=0.000917
epoch=11 loss_total=0.860679 loss_rec=0.637637 valid_auc=0.680937 valid_rmse=0.473763 q_change=57 q_delta=0.323451 q_grad=0.001074
epoch=12 loss_total=0.849065 loss_rec=0.627113 valid_auc=0.683828 valid_rmse=0.474405 q_change=57 q_delta=0.325537 q_grad=0.001183
epoch=13 loss_total=0.843824 loss_rec=0.622730 valid_auc=0.684185 valid_rmse=0.472539 q_change=57 q_delta=0.327899 q_grad=0.001244
epoch=14 loss_total=0.842440 loss_rec=0.621900 valid_auc=0.683839 valid_rmse=0.474110 q_change=56 q_delta=0.328856 q_grad=0.001372
epoch=15 loss_total=0.837373 loss_rec=0.617272 valid_auc=0.684643 valid_rmse=0.472749 q_change=55 q_delta=0.331031 q_grad=0.001459
epoch=16 loss_total=0.837553 loss_rec=0.617813 valid_auc=0.686350 valid_rmse=0.473116 q_change=54 q_delta=0.332518 q_grad=0.001582
epoch=17 loss_total=0.833079 loss_rec=0.613760 valid_auc=0.684665 valid_rmse=0.473161 q_change=54 q_delta=0.334646 q_grad=0.001527
epoch=18 loss_total=0.826215 loss_rec=0.607194 valid_auc=0.685547 valid_rmse=0.472923 q_change=52 q_delta=0.336617 q_grad=0.001571
epoch=19 loss_total=0.824263 loss_rec=0.605681 valid_auc=0.685658 valid_rmse=0.474169 q_change=51 q_delta=0.338883 q_grad=0.001679
epoch=20 loss_total=0.820817 loss_rec=0.602466 valid_auc=0.687355 valid_rmse=0.472383 q_change=51 q_delta=0.341503 q_grad=0.001762
epoch=21 loss_total=0.815291 loss_rec=0.597214 valid_auc=0.688996 valid_rmse=0.473964 q_change=51 q_delta=0.343381 q_grad=0.001691
epoch=22 loss_total=0.812206 loss_rec=0.594335 valid_auc=0.687634 valid_rmse=0.473652 q_change=51 q_delta=0.345633 q_grad=0.001833
epoch=23 loss_total=0.809096 loss_rec=0.591459 valid_auc=0.685201 valid_rmse=0.473707 q_change=50 q_delta=0.347863 q_grad=0.001796
epoch=24 loss_total=0.803151 loss_rec=0.585752 valid_auc=0.684732 valid_rmse=0.474620 q_change=50 q_delta=0.349766 q_grad=0.001834
epoch=25 loss_total=0.802837 loss_rec=0.585602 valid_auc=0.686395 valid_rmse=0.474648 q_change=50 q_delta=0.351662 q_grad=0.001960
epoch=26 loss_total=0.799296 loss_rec=0.582225 valid_auc=0.687857 valid_rmse=0.474871 q_change=50 q_delta=0.353458 q_grad=0.001951
epoch=27 loss_total=0.794404 loss_rec=0.577444 valid_auc=0.688136 valid_rmse=0.476852 q_change=49 q_delta=0.355056 q_grad=0.001938
epoch=28 loss_total=0.796484 loss_rec=0.579657 valid_auc=0.689063 valid_rmse=0.475195 q_change=49 q_delta=0.356607 q_grad=0.002048
epoch=29 loss_total=0.788470 loss_rec=0.571800 valid_auc=0.690993 valid_rmse=0.474771 q_change=49 q_delta=0.357831 q_grad=0.002056
epoch=30 loss_total=0.786007 loss_rec=0.569410 valid_auc=0.692723 valid_rmse=0.475580 q_change=49 q_delta=0.358893 q_grad=0.002081
epoch=31 loss_total=0.781018 loss_rec=0.564513 valid_auc=0.691685 valid_rmse=0.475576 q_change=48 q_delta=0.360228 q_grad=0.002099
epoch=32 loss_total=0.780442 loss_rec=0.564041 valid_auc=0.694219 valid_rmse=0.475174 q_change=48 q_delta=0.361696 q_grad=0.002168
epoch=33 loss_total=0.775047 loss_rec=0.558670 valid_auc=0.692667 valid_rmse=0.473823 q_change=47 q_delta=0.362873 q_grad=0.002187
epoch=34 loss_total=0.774158 loss_rec=0.557907 valid_auc=0.691429 valid_rmse=0.473953 q_change=47 q_delta=0.363662 q_grad=0.002192
epoch=35 loss_total=0.773314 loss_rec=0.557125 valid_auc=0.695871 valid_rmse=0.472384 q_change=47 q_delta=0.364723 q_grad=0.002200
epoch=36 loss_total=0.764669 loss_rec=0.548471 valid_auc=0.694900 valid_rmse=0.473012 q_change=47 q_delta=0.365311 q_grad=0.002287
epoch=37 loss_total=0.759909 loss_rec=0.543728 valid_auc=0.691886 valid_rmse=0.475932 q_change=47 q_delta=0.366078 q_grad=0.002292
epoch=38 loss_total=0.753360 loss_rec=0.537292 valid_auc=0.692567 valid_rmse=0.476624 q_change=46 q_delta=0.366852 q_grad=0.002412
epoch=39 loss_total=0.752121 loss_rec=0.536100 valid_auc=0.692511 valid_rmse=0.475023 q_change=46 q_delta=0.367982 q_grad=0.002390
epoch=40 loss_total=0.748918 loss_rec=0.532955 valid_auc=0.691730 valid_rmse=0.476321 q_change=45 q_delta=0.368582 q_grad=0.002472
epoch=41 loss_total=0.741475 loss_rec=0.525624 valid_auc=0.691797 valid_rmse=0.479019 q_change=45 q_delta=0.369280 q_grad=0.002468
epoch=42 loss_total=0.744207 loss_rec=0.528435 valid_auc=0.689141 valid_rmse=0.477686 q_change=45 q_delta=0.370149 q_grad=0.002623
epoch=43 loss_total=0.737820 loss_rec=0.522111 valid_auc=0.691060 valid_rmse=0.478499 q_change=44 q_delta=0.370608 q_grad=0.002588
epoch=44 loss_total=0.734818 loss_rec=0.519182 valid_auc=0.690446 valid_rmse=0.478377 q_change=45 q_delta=0.371301 q_grad=0.002630
epoch=45 loss_total=0.730152 loss_rec=0.514623 valid_auc=0.688292 valid_rmse=0.483607 q_change=44 q_delta=0.371626 q_grad=0.002636
epoch=46 loss_total=0.729434 loss_rec=0.513917 valid_auc=0.693940 valid_rmse=0.477549 q_change=44 q_delta=0.372467 q_grad=0.002666
epoch=47 loss_total=0.725765 loss_rec=0.510332 valid_auc=0.690190 valid_rmse=0.481283 q_change=43 q_delta=0.373002 q_grad=0.002656
epoch=48 loss_total=0.724368 loss_rec=0.509030 valid_auc=0.690513 valid_rmse=0.480343 q_change=43 q_delta=0.373803 q_grad=0.002731
epoch=49 loss_total=0.718728 loss_rec=0.503466 valid_auc=0.691875 valid_rmse=0.478758 q_change=43 q_delta=0.374119 q_grad=0.002705
epoch=50 loss_total=0.714084 loss_rec=0.498888 valid_auc=0.690379 valid_rmse=0.482738 q_change=43 q_delta=0.374622 q_grad=0.002725
epoch=51 loss_total=0.714732 loss_rec=0.499655 valid_auc=0.690424 valid_rmse=0.483407 q_change=43 q_delta=0.375126 q_grad=0.002808
epoch=52 loss_total=0.716027 loss_rec=0.501029 valid_auc=0.690513 valid_rmse=0.481446 q_change=43 q_delta=0.375746 q_grad=0.002814
epoch=53 loss_total=0.716998 loss_rec=0.502066 valid_auc=0.690424 valid_rmse=0.480651 q_change=42 q_delta=0.376065 q_grad=0.002829
epoch=54 loss_total=0.710601 loss_rec=0.495692 valid_auc=0.687779 valid_rmse=0.482941 q_change=41 q_delta=0.376457 q_grad=0.002851
epoch=55 loss_total=0.706144 loss_rec=0.491335 valid_auc=0.695167 valid_rmse=0.479239 q_change=41 q_delta=0.377027 q_grad=0.002777
Early stopping at epoch 55; best_epoch=35.
Saved run to C:\Users\YAN_SHU_YU\Desktop\Generative-CD\Q_GNCDM\results\weak_q_lambda_sweep\lq_0p8_ls_0p5_lb_0p5\seed_2026\noise_0.20\weak-q_lq_0p8_ls_0p5_lb_0p5
Final metrics: q_hat_f1=0.272727 response_auc=0.693200 mastery_pearson=0.467020
