run=weak-q_lq_0p2_ls_0p6_lb_0p5 mode=weak-q noise=0.20 train=4200 valid=600 test=1200
epoch=1 loss_total=1.108208 loss_rec=0.725667 valid_auc=0.587645 valid_rmse=0.499759 q_change=57 q_delta=0.079935 q_grad=0.000649
epoch=2 loss_total=1.036764 loss_rec=0.706033 valid_auc=0.593906 valid_rmse=0.499360 q_change=57 q_delta=0.153273 q_grad=0.000633
epoch=3 loss_total=0.982363 loss_rec=0.700364 valid_auc=0.605893 valid_rmse=0.498701 q_change=57 q_delta=0.216061 q_grad=0.000596
epoch=4 loss_total=0.933820 loss_rec=0.694620 valid_auc=0.622846 valid_rmse=0.498273 q_change=57 q_delta=0.266995 q_grad=0.000540
epoch=5 loss_total=0.899329 loss_rec=0.695226 valid_auc=0.642411 valid_rmse=0.496875 q_change=57 q_delta=0.306402 q_grad=0.000475
epoch=6 loss_total=0.868216 loss_rec=0.691876 valid_auc=0.657706 valid_rmse=0.496660 q_change=57 q_delta=0.336185 q_grad=0.000415
epoch=7 loss_total=0.841722 loss_rec=0.686825 valid_auc=0.658683 valid_rmse=0.495907 q_change=57 q_delta=0.358570 q_grad=0.000367
epoch=8 loss_total=0.822481 loss_rec=0.683765 valid_auc=0.652712 valid_rmse=0.494209 q_change=57 q_delta=0.374868 q_grad=0.000339
epoch=9 loss_total=0.805361 loss_rec=0.678478 valid_auc=0.655145 valid_rmse=0.489184 q_change=57 q_delta=0.386757 q_grad=0.000359
epoch=10 loss_total=0.792713 loss_rec=0.674579 valid_auc=0.657467 valid_rmse=0.486465 q_change=57 q_delta=0.395067 q_grad=0.000407
epoch=11 loss_total=0.779783 loss_rec=0.667825 valid_auc=0.656138 valid_rmse=0.483840 q_change=57 q_delta=0.401717 q_grad=0.000503
epoch=12 loss_total=0.763949 loss_rec=0.657464 valid_auc=0.659766 valid_rmse=0.484327 q_change=57 q_delta=0.407436 q_grad=0.000584
epoch=13 loss_total=0.757022 loss_rec=0.655340 valid_auc=0.660971 valid_rmse=0.480706 q_change=57 q_delta=0.412456 q_grad=0.000603
epoch=14 loss_total=0.751708 loss_rec=0.653834 valid_auc=0.663850 valid_rmse=0.482067 q_change=57 q_delta=0.416341 q_grad=0.000672
epoch=15 loss_total=0.747695 loss_rec=0.653144 valid_auc=0.661038 valid_rmse=0.480510 q_change=57 q_delta=0.420017 q_grad=0.000705
epoch=16 loss_total=0.745170 loss_rec=0.653364 valid_auc=0.661663 valid_rmse=0.480568 q_change=57 q_delta=0.422880 q_grad=0.000772
epoch=17 loss_total=0.742981 loss_rec=0.653661 valid_auc=0.664241 valid_rmse=0.481127 q_change=57 q_delta=0.425409 q_grad=0.000744
epoch=18 loss_total=0.736145 loss_rec=0.648954 valid_auc=0.665357 valid_rmse=0.480728 q_change=57 q_delta=0.427722 q_grad=0.000762
epoch=19 loss_total=0.732690 loss_rec=0.647382 valid_auc=0.664509 valid_rmse=0.480491 q_change=57 q_delta=0.429697 q_grad=0.000805
epoch=20 loss_total=0.731590 loss_rec=0.647882 valid_auc=0.668158 valid_rmse=0.479132 q_change=57 q_delta=0.431574 q_grad=0.000875
epoch=21 loss_total=0.727681 loss_rec=0.645524 valid_auc=0.667165 valid_rmse=0.479997 q_change=57 q_delta=0.433000 q_grad=0.000831
epoch=22 loss_total=0.727087 loss_rec=0.646183 valid_auc=0.666641 valid_rmse=0.479012 q_change=57 q_delta=0.434409 q_grad=0.000897
epoch=23 loss_total=0.723229 loss_rec=0.643510 valid_auc=0.665458 valid_rmse=0.478903 q_change=57 q_delta=0.435754 q_grad=0.000903
epoch=24 loss_total=0.719000 loss_rec=0.640398 valid_auc=0.667188 valid_rmse=0.479402 q_change=57 q_delta=0.436849 q_grad=0.000936
epoch=25 loss_total=0.721185 loss_rec=0.643493 valid_auc=0.666116 valid_rmse=0.478823 q_change=57 q_delta=0.437815 q_grad=0.001013
epoch=26 loss_total=0.718827 loss_rec=0.641997 valid_auc=0.666027 valid_rmse=0.479228 q_change=57 q_delta=0.438715 q_grad=0.001024
epoch=27 loss_total=0.716986 loss_rec=0.640875 valid_auc=0.667511 valid_rmse=0.478597 q_change=57 q_delta=0.439512 q_grad=0.001028
epoch=28 loss_total=0.717341 loss_rec=0.641931 valid_auc=0.668672 valid_rmse=0.478101 q_change=57 q_delta=0.440279 q_grad=0.001074
epoch=29 loss_total=0.714827 loss_rec=0.640052 valid_auc=0.670156 valid_rmse=0.477928 q_change=57 q_delta=0.440953 q_grad=0.001125
epoch=30 loss_total=0.715848 loss_rec=0.641647 valid_auc=0.670658 valid_rmse=0.478423 q_change=57 q_delta=0.441492 q_grad=0.001128
epoch=31 loss_total=0.712222 loss_rec=0.638478 valid_auc=0.670658 valid_rmse=0.477436 q_change=57 q_delta=0.442102 q_grad=0.001156
epoch=32 loss_total=0.713869 loss_rec=0.640613 valid_auc=0.672076 valid_rmse=0.478034 q_change=57 q_delta=0.442527 q_grad=0.001209
epoch=33 loss_total=0.712705 loss_rec=0.639808 valid_auc=0.671027 valid_rmse=0.476945 q_change=57 q_delta=0.443163 q_grad=0.001207
epoch=34 loss_total=0.711951 loss_rec=0.639501 valid_auc=0.670658 valid_rmse=0.476699 q_change=57 q_delta=0.443500 q_grad=0.001238
epoch=35 loss_total=0.713496 loss_rec=0.641393 valid_auc=0.671853 valid_rmse=0.476298 q_change=57 q_delta=0.443871 q_grad=0.001239
epoch=36 loss_total=0.710064 loss_rec=0.638271 valid_auc=0.672779 valid_rmse=0.477453 q_change=57 q_delta=0.444126 q_grad=0.001288
epoch=37 loss_total=0.705884 loss_rec=0.634387 valid_auc=0.674275 valid_rmse=0.476602 q_change=57 q_delta=0.444455 q_grad=0.001323
epoch=38 loss_total=0.704756 loss_rec=0.633501 valid_auc=0.674911 valid_rmse=0.477626 q_change=57 q_delta=0.444709 q_grad=0.001422
epoch=39 loss_total=0.708085 loss_rec=0.637094 valid_auc=0.674275 valid_rmse=0.475965 q_change=57 q_delta=0.445112 q_grad=0.001405
epoch=40 loss_total=0.704737 loss_rec=0.634014 valid_auc=0.674687 valid_rmse=0.476276 q_change=57 q_delta=0.445318 q_grad=0.001460
epoch=41 loss_total=0.701059 loss_rec=0.630543 valid_auc=0.676964 valid_rmse=0.476268 q_change=57 q_delta=0.445501 q_grad=0.001476
epoch=42 loss_total=0.705447 loss_rec=0.635101 valid_auc=0.673627 valid_rmse=0.476752 q_change=57 q_delta=0.445726 q_grad=0.001538
epoch=43 loss_total=0.702210 loss_rec=0.632010 valid_auc=0.674330 valid_rmse=0.476392 q_change=57 q_delta=0.445868 q_grad=0.001514
epoch=44 loss_total=0.702687 loss_rec=0.632645 valid_auc=0.675145 valid_rmse=0.476606 q_change=57 q_delta=0.446049 q_grad=0.001584
epoch=45 loss_total=0.700557 loss_rec=0.630658 valid_auc=0.676875 valid_rmse=0.477635 q_change=57 q_delta=0.446128 q_grad=0.001638
epoch=46 loss_total=0.702375 loss_rec=0.632566 valid_auc=0.678248 valid_rmse=0.475109 q_change=57 q_delta=0.446322 q_grad=0.001630
epoch=47 loss_total=0.699948 loss_rec=0.630260 valid_auc=0.678951 valid_rmse=0.475620 q_change=57 q_delta=0.446364 q_grad=0.001664
epoch=48 loss_total=0.701279 loss_rec=0.631657 valid_auc=0.680692 valid_rmse=0.474653 q_change=57 q_delta=0.446486 q_grad=0.001697
epoch=49 loss_total=0.699044 loss_rec=0.629453 valid_auc=0.680089 valid_rmse=0.474827 q_change=57 q_delta=0.446542 q_grad=0.001742
epoch=50 loss_total=0.695780 loss_rec=0.626250 valid_auc=0.678839 valid_rmse=0.475169 q_change=57 q_delta=0.446578 q_grad=0.001697
epoch=51 loss_total=0.696813 loss_rec=0.627326 valid_auc=0.679241 valid_rmse=0.476953 q_change=57 q_delta=0.446519 q_grad=0.001843
epoch=52 loss_total=0.697835 loss_rec=0.628356 valid_auc=0.678850 valid_rmse=0.475166 q_change=57 q_delta=0.446586 q_grad=0.001866
epoch=53 loss_total=0.699590 loss_rec=0.630135 valid_auc=0.679777 valid_rmse=0.474821 q_change=57 q_delta=0.446595 q_grad=0.001852
epoch=54 loss_total=0.691670 loss_rec=0.622194 valid_auc=0.679498 valid_rmse=0.475894 q_change=57 q_delta=0.446466 q_grad=0.001849
epoch=55 loss_total=0.692549 loss_rec=0.623002 valid_auc=0.682801 valid_rmse=0.474167 q_change=57 q_delta=0.446406 q_grad=0.001889
epoch=56 loss_total=0.693747 loss_rec=0.624137 valid_auc=0.680670 valid_rmse=0.474275 q_change=57 q_delta=0.446275 q_grad=0.001962
epoch=57 loss_total=0.692979 loss_rec=0.623232 valid_auc=0.682031 valid_rmse=0.476457 q_change=57 q_delta=0.445953 q_grad=0.002007
epoch=58 loss_total=0.688860 loss_rec=0.618913 valid_auc=0.682902 valid_rmse=0.475637 q_change=57 q_delta=0.445686 q_grad=0.001981
epoch=59 loss_total=0.689127 loss_rec=0.619044 valid_auc=0.682489 valid_rmse=0.474119 q_change=56 q_delta=0.445402 q_grad=0.002010
epoch=60 loss_total=0.688069 loss_rec=0.617805 valid_auc=0.685212 valid_rmse=0.473930 q_change=56 q_delta=0.445441 q_grad=0.002037
epoch=61 loss_total=0.687282 loss_rec=0.616807 valid_auc=0.684085 valid_rmse=0.474541 q_change=56 q_delta=0.445767 q_grad=0.002065
epoch=62 loss_total=0.686372 loss_rec=0.615844 valid_auc=0.683917 valid_rmse=0.473582 q_change=56 q_delta=0.446086 q_grad=0.002019
epoch=63 loss_total=0.687074 loss_rec=0.616458 valid_auc=0.684654 valid_rmse=0.473941 q_change=56 q_delta=0.446222 q_grad=0.002011
epoch=64 loss_total=0.689283 loss_rec=0.618658 valid_auc=0.687623 valid_rmse=0.475400 q_change=56 q_delta=0.446354 q_grad=0.002096
epoch=65 loss_total=0.682698 loss_rec=0.612027 valid_auc=0.686819 valid_rmse=0.472643 q_change=56 q_delta=0.446579 q_grad=0.001981
epoch=66 loss_total=0.683971 loss_rec=0.613317 valid_auc=0.688973 valid_rmse=0.472954 q_change=56 q_delta=0.446635 q_grad=0.002099
epoch=67 loss_total=0.685947 loss_rec=0.615311 valid_auc=0.685212 valid_rmse=0.474459 q_change=56 q_delta=0.446781 q_grad=0.002057
epoch=68 loss_total=0.682085 loss_rec=0.611496 valid_auc=0.688181 valid_rmse=0.473867 q_change=56 q_delta=0.446848 q_grad=0.002075
epoch=69 loss_total=0.678719 loss_rec=0.608153 valid_auc=0.691295 valid_rmse=0.478685 q_change=56 q_delta=0.446815 q_grad=0.002126
epoch=70 loss_total=0.679937 loss_rec=0.609404 valid_auc=0.687790 valid_rmse=0.472688 q_change=56 q_delta=0.447038 q_grad=0.002116
epoch=71 loss_total=0.681214 loss_rec=0.610778 valid_auc=0.688828 valid_rmse=0.472627 q_change=56 q_delta=0.447123 q_grad=0.002102
epoch=72 loss_total=0.680497 loss_rec=0.610070 valid_auc=0.687522 valid_rmse=0.473536 q_change=56 q_delta=0.447134 q_grad=0.002131
epoch=73 loss_total=0.678492 loss_rec=0.608151 valid_auc=0.684319 valid_rmse=0.473655 q_change=56 q_delta=0.447305 q_grad=0.002167
epoch=74 loss_total=0.681245 loss_rec=0.610961 valid_auc=0.686669 valid_rmse=0.473472 q_change=56 q_delta=0.447311 q_grad=0.002125
epoch=75 loss_total=0.680086 loss_rec=0.609848 valid_auc=0.687188 valid_rmse=0.477659 q_change=56 q_delta=0.447272 q_grad=0.002101
epoch=76 loss_total=0.680521 loss_rec=0.610283 valid_auc=0.684408 valid_rmse=0.473410 q_change=56 q_delta=0.447419 q_grad=0.002085
epoch=77 loss_total=0.674692 loss_rec=0.604498 valid_auc=0.685971 valid_rmse=0.476374 q_change=55 q_delta=0.447359 q_grad=0.002070
epoch=78 loss_total=0.676737 loss_rec=0.606619 valid_auc=0.686417 valid_rmse=0.474210 q_change=55 q_delta=0.447466 q_grad=0.002218
epoch=79 loss_total=0.676726 loss_rec=0.606669 valid_auc=0.686283 valid_rmse=0.473764 q_change=55 q_delta=0.447594 q_grad=0.002291
epoch=80 loss_total=0.676057 loss_rec=0.606067 valid_auc=0.686920 valid_rmse=0.472976 q_change=55 q_delta=0.447640 q_grad=0.002188
epoch=81 loss_total=0.673624 loss_rec=0.603642 valid_auc=0.688728 valid_rmse=0.473797 q_change=55 q_delta=0.447664 q_grad=0.002255
epoch=82 loss_total=0.674002 loss_rec=0.604096 valid_auc=0.687310 valid_rmse=0.473908 q_change=55 q_delta=0.447811 q_grad=0.002267
epoch=83 loss_total=0.672782 loss_rec=0.602941 valid_auc=0.688404 valid_rmse=0.476188 q_change=55 q_delta=0.447921 q_grad=0.002238
epoch=84 loss_total=0.673913 loss_rec=0.604112 valid_auc=0.690424 valid_rmse=0.473276 q_change=55 q_delta=0.448126 q_grad=0.002275
epoch=85 loss_total=0.674001 loss_rec=0.604227 valid_auc=0.688616 valid_rmse=0.476229 q_change=55 q_delta=0.448166 q_grad=0.002324
epoch=86 loss_total=0.676639 loss_rec=0.606936 valid_auc=0.688873 valid_rmse=0.473850 q_change=55 q_delta=0.448329 q_grad=0.002306
epoch=87 loss_total=0.672093 loss_rec=0.602401 valid_auc=0.688438 valid_rmse=0.473452 q_change=55 q_delta=0.448451 q_grad=0.002257
epoch=88 loss_total=0.667269 loss_rec=0.597600 valid_auc=0.687578 valid_rmse=0.474354 q_change=55 q_delta=0.448563 q_grad=0.002311
epoch=89 loss_total=0.668976 loss_rec=0.599377 valid_auc=0.688371 valid_rmse=0.478444 q_change=55 q_delta=0.448650 q_grad=0.002329
Early stopping at epoch 89; best_epoch=69.
Saved run to C:\Users\YAN_SHU_YU\Desktop\Generative-CD\Q_GNCDM\results\weak_q_lambda_sweep\lq_0p2_ls_0p6_lb_0p5\seed_2026\noise_0.20\weak-q_lq_0p2_ls_0p6_lb_0p5
Final metrics: q_hat_f1=0.035088 response_auc=0.684351 mastery_pearson=0.279043
