run=weak-q_lq_0p9_ls_0p4_lb_0p5 mode=weak-q noise=0.20 train=4200 valid=600 test=1200
epoch=1 loss_total=1.023220 loss_rec=0.725648 valid_auc=0.588013 valid_rmse=0.499742 q_change=57 q_delta=0.076538 q_grad=0.000391
epoch=2 loss_total=0.977682 loss_rec=0.705701 valid_auc=0.596490 valid_rmse=0.499192 q_change=57 q_delta=0.138139 q_grad=0.000304
epoch=3 loss_total=0.953998 loss_rec=0.699186 valid_auc=0.613069 valid_rmse=0.498090 q_change=57 q_delta=0.185094 q_grad=0.000252
epoch=4 loss_total=0.934896 loss_rec=0.691553 valid_auc=0.637377 valid_rmse=0.496567 q_change=57 q_delta=0.220151 q_grad=0.000227
epoch=5 loss_total=0.924124 loss_rec=0.687955 valid_auc=0.657455 valid_rmse=0.492543 q_change=57 q_delta=0.243295 q_grad=0.000251
epoch=6 loss_total=0.905903 loss_rec=0.673646 valid_auc=0.667868 valid_rmse=0.485856 q_change=57 q_delta=0.254950 q_grad=0.000348
epoch=7 loss_total=0.879654 loss_rec=0.648986 valid_auc=0.670949 valid_rmse=0.478989 q_change=57 q_delta=0.259794 q_grad=0.000543
epoch=8 loss_total=0.865913 loss_rec=0.636035 valid_auc=0.675703 valid_rmse=0.476791 q_change=57 q_delta=0.263361 q_grad=0.000805
epoch=9 loss_total=0.855915 loss_rec=0.626911 valid_auc=0.684743 valid_rmse=0.472552 q_change=57 q_delta=0.266490 q_grad=0.000976
epoch=10 loss_total=0.856529 loss_rec=0.628413 valid_auc=0.683047 valid_rmse=0.474150 q_change=56 q_delta=0.268982 q_grad=0.001066
epoch=11 loss_total=0.852597 loss_rec=0.624890 valid_auc=0.683795 valid_rmse=0.472598 q_change=54 q_delta=0.272036 q_grad=0.001202
epoch=12 loss_total=0.842243 loss_rec=0.614997 valid_auc=0.683571 valid_rmse=0.474342 q_change=53 q_delta=0.274670 q_grad=0.001270
epoch=13 loss_total=0.837774 loss_rec=0.611024 valid_auc=0.683326 valid_rmse=0.473147 q_change=52 q_delta=0.278783 q_grad=0.001281
epoch=14 loss_total=0.837446 loss_rec=0.611044 valid_auc=0.682667 valid_rmse=0.475091 q_change=51 q_delta=0.281618 q_grad=0.001365
epoch=15 loss_total=0.832453 loss_rec=0.606306 valid_auc=0.684118 valid_rmse=0.473706 q_change=49 q_delta=0.285370 q_grad=0.001403
epoch=16 loss_total=0.833429 loss_rec=0.607457 valid_auc=0.684821 valid_rmse=0.474096 q_change=49 q_delta=0.288463 q_grad=0.001511
epoch=17 loss_total=0.828423 loss_rec=0.602699 valid_auc=0.683404 valid_rmse=0.473999 q_change=48 q_delta=0.291578 q_grad=0.001443
epoch=18 loss_total=0.821927 loss_rec=0.596313 valid_auc=0.685078 valid_rmse=0.473851 q_change=48 q_delta=0.294656 q_grad=0.001484
epoch=19 loss_total=0.820202 loss_rec=0.594790 valid_auc=0.685770 valid_rmse=0.474741 q_change=48 q_delta=0.297726 q_grad=0.001575
epoch=20 loss_total=0.816646 loss_rec=0.591280 valid_auc=0.688203 valid_rmse=0.473339 q_change=46 q_delta=0.300970 q_grad=0.001662
epoch=21 loss_total=0.810443 loss_rec=0.585120 valid_auc=0.689308 valid_rmse=0.474378 q_change=46 q_delta=0.303389 q_grad=0.001596
epoch=22 loss_total=0.807355 loss_rec=0.582055 valid_auc=0.689074 valid_rmse=0.474313 q_change=43 q_delta=0.306137 q_grad=0.001727
epoch=23 loss_total=0.803547 loss_rec=0.578251 valid_auc=0.687254 valid_rmse=0.474673 q_change=40 q_delta=0.308673 q_grad=0.001684
epoch=24 loss_total=0.796980 loss_rec=0.571707 valid_auc=0.688092 valid_rmse=0.475279 q_change=39 q_delta=0.311312 q_grad=0.001738
epoch=25 loss_total=0.795206 loss_rec=0.569859 valid_auc=0.689554 valid_rmse=0.475395 q_change=39 q_delta=0.313766 q_grad=0.001856
epoch=26 loss_total=0.791344 loss_rec=0.565961 valid_auc=0.689475 valid_rmse=0.475406 q_change=38 q_delta=0.316252 q_grad=0.001845
epoch=27 loss_total=0.785158 loss_rec=0.559692 valid_auc=0.688728 valid_rmse=0.478052 q_change=37 q_delta=0.318608 q_grad=0.001848
epoch=28 loss_total=0.786517 loss_rec=0.560967 valid_auc=0.689598 valid_rmse=0.476637 q_change=36 q_delta=0.321251 q_grad=0.001986
epoch=29 loss_total=0.777945 loss_rec=0.552394 valid_auc=0.691540 valid_rmse=0.476331 q_change=35 q_delta=0.323106 q_grad=0.001970
epoch=30 loss_total=0.773972 loss_rec=0.548299 valid_auc=0.692924 valid_rmse=0.477506 q_change=33 q_delta=0.325100 q_grad=0.002052
epoch=31 loss_total=0.767889 loss_rec=0.542171 valid_auc=0.691819 valid_rmse=0.477920 q_change=32 q_delta=0.327080 q_grad=0.002047
epoch=32 loss_total=0.766825 loss_rec=0.541053 valid_auc=0.696496 valid_rmse=0.477097 q_change=32 q_delta=0.329365 q_grad=0.002110
epoch=33 loss_total=0.759620 loss_rec=0.533741 valid_auc=0.692891 valid_rmse=0.476803 q_change=31 q_delta=0.331833 q_grad=0.002134
epoch=34 loss_total=0.759320 loss_rec=0.533444 valid_auc=0.692879 valid_rmse=0.476583 q_change=31 q_delta=0.333481 q_grad=0.002146
epoch=35 loss_total=0.759643 loss_rec=0.533746 valid_auc=0.696607 valid_rmse=0.475270 q_change=31 q_delta=0.335210 q_grad=0.002138
epoch=36 loss_total=0.750802 loss_rec=0.524822 valid_auc=0.695614 valid_rmse=0.475697 q_change=31 q_delta=0.336677 q_grad=0.002210
epoch=37 loss_total=0.746510 loss_rec=0.520463 valid_auc=0.692712 valid_rmse=0.479176 q_change=31 q_delta=0.338496 q_grad=0.002209
epoch=38 loss_total=0.739528 loss_rec=0.513537 valid_auc=0.694297 valid_rmse=0.479425 q_change=29 q_delta=0.340082 q_grad=0.002274
epoch=39 loss_total=0.739989 loss_rec=0.514011 valid_auc=0.694196 valid_rmse=0.478085 q_change=28 q_delta=0.341641 q_grad=0.002251
epoch=40 loss_total=0.737595 loss_rec=0.511626 valid_auc=0.693538 valid_rmse=0.479034 q_change=28 q_delta=0.342961 q_grad=0.002307
epoch=41 loss_total=0.730695 loss_rec=0.504782 valid_auc=0.693627 valid_rmse=0.482277 q_change=28 q_delta=0.344494 q_grad=0.002274
epoch=42 loss_total=0.734848 loss_rec=0.508979 valid_auc=0.692121 valid_rmse=0.480356 q_change=28 q_delta=0.345780 q_grad=0.002421
epoch=43 loss_total=0.728434 loss_rec=0.502604 valid_auc=0.694308 valid_rmse=0.480881 q_change=27 q_delta=0.346997 q_grad=0.002373
epoch=44 loss_total=0.725202 loss_rec=0.499395 valid_auc=0.694844 valid_rmse=0.479841 q_change=28 q_delta=0.348215 q_grad=0.002382
epoch=45 loss_total=0.722217 loss_rec=0.496467 valid_auc=0.692277 valid_rmse=0.485106 q_change=27 q_delta=0.349185 q_grad=0.002369
epoch=46 loss_total=0.721687 loss_rec=0.495921 valid_auc=0.697790 valid_rmse=0.479494 q_change=27 q_delta=0.350556 q_grad=0.002416
epoch=47 loss_total=0.718744 loss_rec=0.493038 valid_auc=0.695145 valid_rmse=0.482892 q_change=27 q_delta=0.351570 q_grad=0.002359
epoch=48 loss_total=0.718520 loss_rec=0.492877 valid_auc=0.695201 valid_rmse=0.481269 q_change=26 q_delta=0.352912 q_grad=0.002444
epoch=49 loss_total=0.712271 loss_rec=0.486667 valid_auc=0.696194 valid_rmse=0.480224 q_change=27 q_delta=0.353927 q_grad=0.002404
epoch=50 loss_total=0.708296 loss_rec=0.482730 valid_auc=0.694431 valid_rmse=0.484501 q_change=27 q_delta=0.355141 q_grad=0.002405
epoch=51 loss_total=0.708743 loss_rec=0.483257 valid_auc=0.694576 valid_rmse=0.484788 q_change=28 q_delta=0.356083 q_grad=0.002487
epoch=52 loss_total=0.709358 loss_rec=0.483917 valid_auc=0.694040 valid_rmse=0.482937 q_change=28 q_delta=0.357175 q_grad=0.002479
epoch=53 loss_total=0.711123 loss_rec=0.485727 valid_auc=0.693940 valid_rmse=0.482358 q_change=28 q_delta=0.358116 q_grad=0.002468
epoch=54 loss_total=0.704689 loss_rec=0.479298 valid_auc=0.692522 valid_rmse=0.483893 q_change=28 q_delta=0.359000 q_grad=0.002522
epoch=55 loss_total=0.699826 loss_rec=0.474504 valid_auc=0.698828 valid_rmse=0.480152 q_change=28 q_delta=0.359935 q_grad=0.002448
epoch=56 loss_total=0.698712 loss_rec=0.473431 valid_auc=0.695190 valid_rmse=0.483355 q_change=28 q_delta=0.360820 q_grad=0.002476
epoch=57 loss_total=0.699312 loss_rec=0.474042 valid_auc=0.692411 valid_rmse=0.485758 q_change=27 q_delta=0.361689 q_grad=0.002595
epoch=58 loss_total=0.692601 loss_rec=0.467370 valid_auc=0.693973 valid_rmse=0.486092 q_change=27 q_delta=0.362516 q_grad=0.002507
epoch=59 loss_total=0.690030 loss_rec=0.464880 valid_auc=0.697556 valid_rmse=0.482697 q_change=27 q_delta=0.363410 q_grad=0.002477
epoch=60 loss_total=0.693229 loss_rec=0.468122 valid_auc=0.696685 valid_rmse=0.484071 q_change=27 q_delta=0.364121 q_grad=0.002524
epoch=61 loss_total=0.691568 loss_rec=0.466493 valid_auc=0.694676 valid_rmse=0.483481 q_change=27 q_delta=0.364998 q_grad=0.002563
epoch=62 loss_total=0.686060 loss_rec=0.461049 valid_auc=0.698806 valid_rmse=0.483284 q_change=27 q_delta=0.365801 q_grad=0.002473
epoch=63 loss_total=0.686772 loss_rec=0.461794 valid_auc=0.695647 valid_rmse=0.484431 q_change=27 q_delta=0.366539 q_grad=0.002568
epoch=64 loss_total=0.686721 loss_rec=0.461784 valid_auc=0.697545 valid_rmse=0.487303 q_change=27 q_delta=0.367405 q_grad=0.002551
epoch=65 loss_total=0.683811 loss_rec=0.458923 valid_auc=0.694096 valid_rmse=0.485075 q_change=27 q_delta=0.368304 q_grad=0.002463
epoch=66 loss_total=0.683288 loss_rec=0.458445 valid_auc=0.693962 valid_rmse=0.485782 q_change=28 q_delta=0.369075 q_grad=0.002592
epoch=67 loss_total=0.684063 loss_rec=0.459259 valid_auc=0.695145 valid_rmse=0.485690 q_change=28 q_delta=0.369920 q_grad=0.002577
epoch=68 loss_total=0.676449 loss_rec=0.451687 valid_auc=0.696797 valid_rmse=0.487014 q_change=28 q_delta=0.370647 q_grad=0.002578
epoch=69 loss_total=0.675685 loss_rec=0.450959 valid_auc=0.694978 valid_rmse=0.491727 q_change=28 q_delta=0.371323 q_grad=0.002569
epoch=70 loss_total=0.671797 loss_rec=0.447091 valid_auc=0.696038 valid_rmse=0.485014 q_change=28 q_delta=0.372242 q_grad=0.002606
epoch=71 loss_total=0.672052 loss_rec=0.447439 valid_auc=0.697634 valid_rmse=0.484940 q_change=28 q_delta=0.373015 q_grad=0.002551
epoch=72 loss_total=0.673868 loss_rec=0.449258 valid_auc=0.695268 valid_rmse=0.486479 q_change=28 q_delta=0.373717 q_grad=0.002627
epoch=73 loss_total=0.667518 loss_rec=0.442943 valid_auc=0.692969 valid_rmse=0.488770 q_change=28 q_delta=0.374342 q_grad=0.002653
epoch=74 loss_total=0.673242 loss_rec=0.448730 valid_auc=0.694431 valid_rmse=0.487147 q_change=28 q_delta=0.374976 q_grad=0.002582
epoch=75 loss_total=0.671322 loss_rec=0.446852 valid_auc=0.692600 valid_rmse=0.491762 q_change=28 q_delta=0.375630 q_grad=0.002629
Early stopping at epoch 75; best_epoch=55.
Saved run to C:\Users\YAN_SHU_YU\Desktop\Generative-CD\Q_GNCDM\results\weak_q_lambda_sweep\lq_0p9_ls_0p4_lb_0p5\seed_2026\noise_0.20\weak-q_lq_0p9_ls_0p4_lb_0p5
Final metrics: q_hat_f1=0.658824 response_auc=0.685357 mastery_pearson=0.559987
