run=weak-q_lq_0p6_ls_0p3_lb_0p7 mode=weak-q noise=0.20 train=4200 valid=600 test=1200
epoch=1 loss_total=1.027693 loss_rec=0.725653 valid_auc=0.588237 valid_rmse=0.499743 q_change=57 q_delta=0.078184 q_grad=0.000339
epoch=2 loss_total=0.981868 loss_rec=0.705844 valid_auc=0.597355 valid_rmse=0.499236 q_change=57 q_delta=0.147329 q_grad=0.000319
epoch=3 loss_total=0.952720 loss_rec=0.699720 valid_auc=0.615201 valid_rmse=0.498302 q_change=57 q_delta=0.205059 q_grad=0.000301
epoch=4 loss_total=0.926563 loss_rec=0.693075 valid_auc=0.640965 valid_rmse=0.497322 q_change=57 q_delta=0.251407 q_grad=0.000281
epoch=5 loss_total=0.910133 loss_rec=0.691967 valid_auc=0.660937 valid_rmse=0.494804 q_change=57 q_delta=0.285791 q_grad=0.000277
epoch=6 loss_total=0.891325 loss_rec=0.684472 valid_auc=0.669587 valid_rmse=0.491804 q_change=57 q_delta=0.309151 q_grad=0.000300
epoch=7 loss_total=0.868753 loss_rec=0.669540 valid_auc=0.666094 valid_rmse=0.485621 q_change=57 q_delta=0.323550 q_grad=0.000379
epoch=8 loss_total=0.850325 loss_rec=0.655737 valid_auc=0.665167 valid_rmse=0.480945 q_change=57 q_delta=0.332378 q_grad=0.000562
epoch=9 loss_total=0.837714 loss_rec=0.646556 valid_auc=0.672165 valid_rmse=0.476986 q_change=57 q_delta=0.340156 q_grad=0.000735
epoch=10 loss_total=0.836597 loss_rec=0.648457 valid_auc=0.672243 valid_rmse=0.477440 q_change=57 q_delta=0.345889 q_grad=0.000825
epoch=11 loss_total=0.831139 loss_rec=0.645087 valid_auc=0.673973 valid_rmse=0.476238 q_change=57 q_delta=0.350629 q_grad=0.000957
epoch=12 loss_total=0.820126 loss_rec=0.635851 valid_auc=0.676607 valid_rmse=0.476646 q_change=57 q_delta=0.353801 q_grad=0.001048
epoch=13 loss_total=0.815041 loss_rec=0.632155 valid_auc=0.679554 valid_rmse=0.474215 q_change=57 q_delta=0.356625 q_grad=0.001104
epoch=14 loss_total=0.812745 loss_rec=0.630854 valid_auc=0.680335 valid_rmse=0.475271 q_change=56 q_delta=0.357836 q_grad=0.001243
epoch=15 loss_total=0.808050 loss_rec=0.626905 valid_auc=0.681752 valid_rmse=0.473354 q_change=55 q_delta=0.359621 q_grad=0.001347
epoch=16 loss_total=0.807427 loss_rec=0.626962 valid_auc=0.685112 valid_rmse=0.472993 q_change=55 q_delta=0.361043 q_grad=0.001500
epoch=17 loss_total=0.803189 loss_rec=0.623280 valid_auc=0.684364 valid_rmse=0.472898 q_change=55 q_delta=0.362224 q_grad=0.001482
epoch=18 loss_total=0.794868 loss_rec=0.615401 valid_auc=0.686172 valid_rmse=0.472655 q_change=54 q_delta=0.363131 q_grad=0.001558
epoch=19 loss_total=0.792306 loss_rec=0.613394 valid_auc=0.686585 valid_rmse=0.473296 q_change=54 q_delta=0.364139 q_grad=0.001691
epoch=20 loss_total=0.788344 loss_rec=0.609806 valid_auc=0.689710 valid_rmse=0.471423 q_change=54 q_delta=0.365381 q_grad=0.001796
epoch=21 loss_total=0.782954 loss_rec=0.604863 valid_auc=0.689487 valid_rmse=0.473222 q_change=53 q_delta=0.366200 q_grad=0.001752
epoch=22 loss_total=0.779156 loss_rec=0.601433 valid_auc=0.690212 valid_rmse=0.472498 q_change=51 q_delta=0.367491 q_grad=0.001917
epoch=23 loss_total=0.775699 loss_rec=0.598399 valid_auc=0.687980 valid_rmse=0.472837 q_change=51 q_delta=0.368943 q_grad=0.001886
epoch=24 loss_total=0.770085 loss_rec=0.593215 valid_auc=0.687489 valid_rmse=0.473902 q_change=51 q_delta=0.370006 q_grad=0.001924
epoch=25 loss_total=0.769830 loss_rec=0.593403 valid_auc=0.687589 valid_rmse=0.474248 q_change=51 q_delta=0.370877 q_grad=0.002052
epoch=26 loss_total=0.766988 loss_rec=0.590919 valid_auc=0.689029 valid_rmse=0.474515 q_change=50 q_delta=0.371736 q_grad=0.002034
epoch=27 loss_total=0.763057 loss_rec=0.587330 valid_auc=0.689275 valid_rmse=0.476200 q_change=49 q_delta=0.372312 q_grad=0.002005
epoch=28 loss_total=0.764451 loss_rec=0.589032 valid_auc=0.688661 valid_rmse=0.474794 q_change=49 q_delta=0.373386 q_grad=0.002109
epoch=29 loss_total=0.757446 loss_rec=0.582333 valid_auc=0.690558 valid_rmse=0.474431 q_change=49 q_delta=0.374269 q_grad=0.002126
epoch=30 loss_total=0.755757 loss_rec=0.580874 valid_auc=0.692266 valid_rmse=0.475118 q_change=48 q_delta=0.375046 q_grad=0.002113
epoch=31 loss_total=0.751211 loss_rec=0.576553 valid_auc=0.693186 valid_rmse=0.474144 q_change=48 q_delta=0.375737 q_grad=0.002130
epoch=32 loss_total=0.750149 loss_rec=0.575724 valid_auc=0.695525 valid_rmse=0.474119 q_change=48 q_delta=0.376790 q_grad=0.002217
epoch=33 loss_total=0.745179 loss_rec=0.570920 valid_auc=0.695804 valid_rmse=0.472405 q_change=48 q_delta=0.377870 q_grad=0.002213
epoch=34 loss_total=0.744024 loss_rec=0.569957 valid_auc=0.693449 valid_rmse=0.473097 q_change=48 q_delta=0.378611 q_grad=0.002245
epoch=35 loss_total=0.742914 loss_rec=0.568999 valid_auc=0.697980 valid_rmse=0.471437 q_change=48 q_delta=0.379431 q_grad=0.002229
epoch=36 loss_total=0.734815 loss_rec=0.560985 valid_auc=0.699621 valid_rmse=0.471762 q_change=47 q_delta=0.379820 q_grad=0.002324
epoch=37 loss_total=0.728163 loss_rec=0.554466 valid_auc=0.697913 valid_rmse=0.473838 q_change=47 q_delta=0.380282 q_grad=0.002366
epoch=38 loss_total=0.721595 loss_rec=0.548058 valid_auc=0.698248 valid_rmse=0.474753 q_change=47 q_delta=0.380902 q_grad=0.002495
epoch=39 loss_total=0.719536 loss_rec=0.546096 valid_auc=0.698527 valid_rmse=0.473258 q_change=47 q_delta=0.381885 q_grad=0.002485
epoch=40 loss_total=0.714039 loss_rec=0.540804 valid_auc=0.697433 valid_rmse=0.474517 q_change=45 q_delta=0.382755 q_grad=0.002567
epoch=41 loss_total=0.706330 loss_rec=0.533301 valid_auc=0.696138 valid_rmse=0.477967 q_change=44 q_delta=0.383302 q_grad=0.002607
epoch=42 loss_total=0.706497 loss_rec=0.533648 valid_auc=0.693862 valid_rmse=0.476964 q_change=44 q_delta=0.384176 q_grad=0.002733
epoch=43 loss_total=0.699503 loss_rec=0.526791 valid_auc=0.695592 valid_rmse=0.477235 q_change=44 q_delta=0.384830 q_grad=0.002720
epoch=44 loss_total=0.694537 loss_rec=0.522013 valid_auc=0.695156 valid_rmse=0.478503 q_change=44 q_delta=0.385631 q_grad=0.002805
epoch=45 loss_total=0.688486 loss_rec=0.516173 valid_auc=0.693560 valid_rmse=0.483232 q_change=44 q_delta=0.386140 q_grad=0.002820
epoch=46 loss_total=0.688852 loss_rec=0.516679 valid_auc=0.696440 valid_rmse=0.477585 q_change=43 q_delta=0.387002 q_grad=0.002833
epoch=47 loss_total=0.681150 loss_rec=0.509189 valid_auc=0.691964 valid_rmse=0.482027 q_change=43 q_delta=0.387773 q_grad=0.002807
epoch=48 loss_total=0.680145 loss_rec=0.508363 valid_auc=0.692210 valid_rmse=0.480718 q_change=43 q_delta=0.388415 q_grad=0.002942
epoch=49 loss_total=0.671865 loss_rec=0.500213 valid_auc=0.694018 valid_rmse=0.479749 q_change=43 q_delta=0.388879 q_grad=0.002878
epoch=50 loss_total=0.668480 loss_rec=0.496949 valid_auc=0.691306 valid_rmse=0.483661 q_change=42 q_delta=0.389435 q_grad=0.002905
epoch=51 loss_total=0.666100 loss_rec=0.494764 valid_auc=0.691373 valid_rmse=0.484427 q_change=42 q_delta=0.389983 q_grad=0.002954
epoch=52 loss_total=0.666413 loss_rec=0.495239 valid_auc=0.691049 valid_rmse=0.483107 q_change=41 q_delta=0.390592 q_grad=0.002951
epoch=53 loss_total=0.667570 loss_rec=0.496495 valid_auc=0.692254 valid_rmse=0.482061 q_change=41 q_delta=0.390990 q_grad=0.002979
epoch=54 loss_total=0.659404 loss_rec=0.488472 valid_auc=0.687087 valid_rmse=0.485455 q_change=41 q_delta=0.391444 q_grad=0.003019
epoch=55 loss_total=0.654615 loss_rec=0.483833 valid_auc=0.692489 valid_rmse=0.482446 q_change=41 q_delta=0.392071 q_grad=0.002914
epoch=56 loss_total=0.653508 loss_rec=0.482837 valid_auc=0.687199 valid_rmse=0.485747 q_change=41 q_delta=0.392483 q_grad=0.003006
Early stopping at epoch 56; best_epoch=36.
Saved run to C:\Users\YAN_SHU_YU\Desktop\Generative-CD\Q_GNCDM\results\weak_q_lambda_sweep\lq_0p6_ls_0p3_lb_0p7\seed_2026\noise_0.20\weak-q_lq_0p6_ls_0p3_lb_0p7
Final metrics: q_hat_f1=0.303030 response_auc=0.691453 mastery_pearson=0.455082
