run=weak-q_lq_0p1_ls_0p4_lb_0p6 mode=weak-q noise=0.20 train=4200 valid=600 test=1200
epoch=1 loss_total=1.045470 loss_rec=0.725668 valid_auc=0.587779 valid_rmse=0.499756 q_change=57 q_delta=0.080516 q_grad=0.000467
epoch=2 loss_total=0.985762 loss_rec=0.706067 valid_auc=0.594788 valid_rmse=0.499357 q_change=57 q_delta=0.156553 q_grad=0.000493
epoch=3 loss_total=0.938657 loss_rec=0.700468 valid_auc=0.608393 valid_rmse=0.498712 q_change=57 q_delta=0.222562 q_grad=0.000493
epoch=4 loss_total=0.894302 loss_rec=0.694862 valid_auc=0.626752 valid_rmse=0.498344 q_change=57 q_delta=0.275897 q_grad=0.000463
epoch=5 loss_total=0.862424 loss_rec=0.695669 valid_auc=0.646886 valid_rmse=0.497059 q_change=57 q_delta=0.316440 q_grad=0.000417
epoch=6 loss_total=0.833361 loss_rec=0.692670 valid_auc=0.660435 valid_rmse=0.497046 q_change=57 q_delta=0.346429 q_grad=0.000367
epoch=7 loss_total=0.808883 loss_rec=0.688304 valid_auc=0.661038 valid_rmse=0.496662 q_change=57 q_delta=0.368577 q_grad=0.000325
epoch=8 loss_total=0.791848 loss_rec=0.686426 valid_auc=0.654420 valid_rmse=0.495631 q_change=57 q_delta=0.384558 q_grad=0.000295
epoch=9 loss_total=0.777444 loss_rec=0.683140 valid_auc=0.656161 valid_rmse=0.491859 q_change=57 q_delta=0.396172 q_grad=0.000300
epoch=10 loss_total=0.766710 loss_rec=0.680595 valid_auc=0.658996 valid_rmse=0.489438 q_change=57 q_delta=0.404030 q_grad=0.000324
epoch=11 loss_total=0.753816 loss_rec=0.673232 valid_auc=0.657199 valid_rmse=0.485491 q_change=57 q_delta=0.409820 q_grad=0.000400
epoch=12 loss_total=0.737483 loss_rec=0.661497 valid_auc=0.659364 valid_rmse=0.485176 q_change=57 q_delta=0.414698 q_grad=0.000489
epoch=13 loss_total=0.730330 loss_rec=0.658481 valid_auc=0.660446 valid_rmse=0.481660 q_change=57 q_delta=0.419204 q_grad=0.000520
epoch=14 loss_total=0.725138 loss_rec=0.656654 valid_auc=0.663114 valid_rmse=0.482959 q_change=57 q_delta=0.422705 q_grad=0.000588
epoch=15 loss_total=0.721297 loss_rec=0.655745 valid_auc=0.659933 valid_rmse=0.481272 q_change=57 q_delta=0.426011 q_grad=0.000630
epoch=16 loss_total=0.718764 loss_rec=0.655608 valid_auc=0.660223 valid_rmse=0.481141 q_change=57 q_delta=0.428555 q_grad=0.000693
epoch=17 loss_total=0.716971 loss_rec=0.655990 valid_auc=0.661842 valid_rmse=0.481716 q_change=57 q_delta=0.430816 q_grad=0.000667
epoch=18 loss_total=0.710334 loss_rec=0.651217 valid_auc=0.662589 valid_rmse=0.481613 q_change=57 q_delta=0.432870 q_grad=0.000683
epoch=19 loss_total=0.707090 loss_rec=0.649612 valid_auc=0.661708 valid_rmse=0.481209 q_change=57 q_delta=0.434631 q_grad=0.000718
epoch=20 loss_total=0.706317 loss_rec=0.650231 valid_auc=0.665368 valid_rmse=0.480021 q_change=57 q_delta=0.436329 q_grad=0.000780
epoch=21 loss_total=0.702607 loss_rec=0.647887 valid_auc=0.664576 valid_rmse=0.480792 q_change=57 q_delta=0.437607 q_grad=0.000735
epoch=22 loss_total=0.702352 loss_rec=0.648737 valid_auc=0.663638 valid_rmse=0.479904 q_change=57 q_delta=0.438891 q_grad=0.000793
epoch=23 loss_total=0.698744 loss_rec=0.646181 valid_auc=0.662779 valid_rmse=0.479948 q_change=57 q_delta=0.440102 q_grad=0.000795
epoch=24 loss_total=0.694823 loss_rec=0.643251 valid_auc=0.664342 valid_rmse=0.480632 q_change=57 q_delta=0.441090 q_grad=0.000820
epoch=25 loss_total=0.696833 loss_rec=0.646067 valid_auc=0.664051 valid_rmse=0.479874 q_change=57 q_delta=0.441984 q_grad=0.000883
epoch=26 loss_total=0.694904 loss_rec=0.644916 valid_auc=0.663783 valid_rmse=0.480078 q_change=57 q_delta=0.442819 q_grad=0.000894
epoch=27 loss_total=0.693413 loss_rec=0.644079 valid_auc=0.665100 valid_rmse=0.479623 q_change=57 q_delta=0.443574 q_grad=0.000892
epoch=28 loss_total=0.693491 loss_rec=0.644791 valid_auc=0.666328 valid_rmse=0.479547 q_change=57 q_delta=0.444268 q_grad=0.000926
epoch=29 loss_total=0.691508 loss_rec=0.643397 valid_auc=0.667065 valid_rmse=0.479241 q_change=57 q_delta=0.444918 q_grad=0.000966
epoch=30 loss_total=0.692495 loss_rec=0.644908 valid_auc=0.667846 valid_rmse=0.479994 q_change=57 q_delta=0.445409 q_grad=0.000969
epoch=31 loss_total=0.689181 loss_rec=0.642031 valid_auc=0.666585 valid_rmse=0.478882 q_change=57 q_delta=0.446021 q_grad=0.000989
epoch=32 loss_total=0.690733 loss_rec=0.644039 valid_auc=0.667500 valid_rmse=0.479123 q_change=57 q_delta=0.446437 q_grad=0.001031
epoch=33 loss_total=0.689623 loss_rec=0.643266 valid_auc=0.667634 valid_rmse=0.478243 q_change=57 q_delta=0.447034 q_grad=0.001029
epoch=34 loss_total=0.689147 loss_rec=0.643214 valid_auc=0.666629 valid_rmse=0.478260 q_change=57 q_delta=0.447349 q_grad=0.001058
epoch=35 loss_total=0.690650 loss_rec=0.645045 valid_auc=0.667087 valid_rmse=0.478017 q_change=57 q_delta=0.447708 q_grad=0.001055
epoch=36 loss_total=0.687184 loss_rec=0.641879 valid_auc=0.667623 valid_rmse=0.479131 q_change=57 q_delta=0.447965 q_grad=0.001102
epoch=37 loss_total=0.683787 loss_rec=0.638774 valid_auc=0.668884 valid_rmse=0.478223 q_change=57 q_delta=0.448302 q_grad=0.001133
epoch=38 loss_total=0.682514 loss_rec=0.637739 valid_auc=0.668471 valid_rmse=0.479076 q_change=57 q_delta=0.448562 q_grad=0.001221
epoch=39 loss_total=0.685555 loss_rec=0.641041 valid_auc=0.668783 valid_rmse=0.477414 q_change=57 q_delta=0.448973 q_grad=0.001204
epoch=40 loss_total=0.682709 loss_rec=0.638458 valid_auc=0.669007 valid_rmse=0.477814 q_change=57 q_delta=0.449175 q_grad=0.001259
epoch=41 loss_total=0.679120 loss_rec=0.635086 valid_auc=0.670268 valid_rmse=0.477452 q_change=57 q_delta=0.449406 q_grad=0.001269
epoch=42 loss_total=0.683407 loss_rec=0.639553 valid_auc=0.666691 valid_rmse=0.478194 q_change=57 q_delta=0.449622 q_grad=0.001332
epoch=43 loss_total=0.680231 loss_rec=0.636541 valid_auc=0.667199 valid_rmse=0.477813 q_change=57 q_delta=0.449819 q_grad=0.001315
epoch=44 loss_total=0.680893 loss_rec=0.637380 valid_auc=0.667679 valid_rmse=0.478044 q_change=57 q_delta=0.450008 q_grad=0.001382
epoch=45 loss_total=0.678512 loss_rec=0.635158 valid_auc=0.669319 valid_rmse=0.478672 q_change=57 q_delta=0.450119 q_grad=0.001433
epoch=46 loss_total=0.680784 loss_rec=0.637545 valid_auc=0.670848 valid_rmse=0.476645 q_change=57 q_delta=0.450339 q_grad=0.001441
epoch=47 loss_total=0.678499 loss_rec=0.635414 valid_auc=0.670848 valid_rmse=0.477215 q_change=57 q_delta=0.450431 q_grad=0.001477
epoch=48 loss_total=0.679949 loss_rec=0.636972 valid_auc=0.673315 valid_rmse=0.476241 q_change=57 q_delta=0.450596 q_grad=0.001508
epoch=49 loss_total=0.677706 loss_rec=0.634797 valid_auc=0.672857 valid_rmse=0.476396 q_change=57 q_delta=0.450691 q_grad=0.001555
epoch=50 loss_total=0.674741 loss_rec=0.631929 valid_auc=0.672031 valid_rmse=0.476594 q_change=57 q_delta=0.450773 q_grad=0.001518
epoch=51 loss_total=0.675724 loss_rec=0.632986 valid_auc=0.671663 valid_rmse=0.478124 q_change=57 q_delta=0.450784 q_grad=0.001678
epoch=52 loss_total=0.676807 loss_rec=0.634129 valid_auc=0.672958 valid_rmse=0.476834 q_change=57 q_delta=0.450914 q_grad=0.001717
epoch=53 loss_total=0.678111 loss_rec=0.635524 valid_auc=0.674129 valid_rmse=0.476620 q_change=57 q_delta=0.451008 q_grad=0.001705
epoch=54 loss_total=0.670720 loss_rec=0.628177 valid_auc=0.673382 valid_rmse=0.477706 q_change=57 q_delta=0.450996 q_grad=0.001730
epoch=55 loss_total=0.671520 loss_rec=0.629014 valid_auc=0.676663 valid_rmse=0.476113 q_change=57 q_delta=0.451093 q_grad=0.001770
epoch=56 loss_total=0.672727 loss_rec=0.630276 valid_auc=0.675212 valid_rmse=0.476079 q_change=57 q_delta=0.451159 q_grad=0.001875
epoch=57 loss_total=0.672420 loss_rec=0.630010 valid_auc=0.674587 valid_rmse=0.478533 q_change=57 q_delta=0.451118 q_grad=0.001921
epoch=58 loss_total=0.668922 loss_rec=0.626525 valid_auc=0.675592 valid_rmse=0.477808 q_change=57 q_delta=0.451169 q_grad=0.001913
epoch=59 loss_total=0.669998 loss_rec=0.627657 valid_auc=0.675759 valid_rmse=0.476491 q_change=57 q_delta=0.451254 q_grad=0.001976
epoch=60 loss_total=0.669546 loss_rec=0.627248 valid_auc=0.677924 valid_rmse=0.476207 q_change=57 q_delta=0.451254 q_grad=0.002024
epoch=61 loss_total=0.669570 loss_rec=0.627239 valid_auc=0.676127 valid_rmse=0.476648 q_change=57 q_delta=0.451264 q_grad=0.002068
epoch=62 loss_total=0.668693 loss_rec=0.626404 valid_auc=0.676507 valid_rmse=0.475941 q_change=57 q_delta=0.451330 q_grad=0.002028
epoch=63 loss_total=0.670284 loss_rec=0.628012 valid_auc=0.675781 valid_rmse=0.476509 q_change=57 q_delta=0.451299 q_grad=0.002037
epoch=64 loss_total=0.672655 loss_rec=0.630403 valid_auc=0.676585 valid_rmse=0.477495 q_change=57 q_delta=0.451278 q_grad=0.002137
epoch=65 loss_total=0.666437 loss_rec=0.624199 valid_auc=0.675915 valid_rmse=0.475986 q_change=57 q_delta=0.451415 q_grad=0.002035
epoch=66 loss_total=0.668422 loss_rec=0.626215 valid_auc=0.678270 valid_rmse=0.475761 q_change=57 q_delta=0.451391 q_grad=0.002153
epoch=67 loss_total=0.670098 loss_rec=0.627918 valid_auc=0.676083 valid_rmse=0.476935 q_change=57 q_delta=0.451410 q_grad=0.002111
epoch=68 loss_total=0.666757 loss_rec=0.624599 valid_auc=0.676763 valid_rmse=0.477061 q_change=57 q_delta=0.451420 q_grad=0.002141
epoch=69 loss_total=0.663644 loss_rec=0.621505 valid_auc=0.679342 valid_rmse=0.482047 q_change=57 q_delta=0.451321 q_grad=0.002212
epoch=70 loss_total=0.665096 loss_rec=0.622950 valid_auc=0.675926 valid_rmse=0.476318 q_change=57 q_delta=0.451489 q_grad=0.002230
epoch=71 loss_total=0.665514 loss_rec=0.623415 valid_auc=0.676696 valid_rmse=0.476066 q_change=57 q_delta=0.451497 q_grad=0.002234
epoch=72 loss_total=0.666555 loss_rec=0.624461 valid_auc=0.675419 valid_rmse=0.476744 q_change=57 q_delta=0.451490 q_grad=0.002275
epoch=73 loss_total=0.663484 loss_rec=0.621424 valid_auc=0.673761 valid_rmse=0.477154 q_change=57 q_delta=0.451526 q_grad=0.002304
epoch=74 loss_total=0.666263 loss_rec=0.624198 valid_auc=0.675458 valid_rmse=0.477327 q_change=57 q_delta=0.451507 q_grad=0.002271
epoch=75 loss_total=0.665679 loss_rec=0.623648 valid_auc=0.673482 valid_rmse=0.481116 q_change=57 q_delta=0.451475 q_grad=0.002284
epoch=76 loss_total=0.666598 loss_rec=0.624555 valid_auc=0.673504 valid_rmse=0.476930 q_change=57 q_delta=0.451591 q_grad=0.002237
epoch=77 loss_total=0.660103 loss_rec=0.618116 valid_auc=0.674297 valid_rmse=0.479734 q_change=57 q_delta=0.451535 q_grad=0.002249
epoch=78 loss_total=0.663406 loss_rec=0.621421 valid_auc=0.674833 valid_rmse=0.477827 q_change=57 q_delta=0.451578 q_grad=0.002407
epoch=79 loss_total=0.662005 loss_rec=0.620036 valid_auc=0.674118 valid_rmse=0.477385 q_change=57 q_delta=0.451622 q_grad=0.002450
epoch=80 loss_total=0.662198 loss_rec=0.620264 valid_auc=0.675179 valid_rmse=0.476751 q_change=57 q_delta=0.451669 q_grad=0.002340
epoch=81 loss_total=0.660126 loss_rec=0.618195 valid_auc=0.675737 valid_rmse=0.477337 q_change=57 q_delta=0.451639 q_grad=0.002410
epoch=82 loss_total=0.660999 loss_rec=0.619103 valid_auc=0.674475 valid_rmse=0.477912 q_change=57 q_delta=0.451680 q_grad=0.002438
epoch=83 loss_total=0.659741 loss_rec=0.617879 valid_auc=0.675871 valid_rmse=0.479708 q_change=57 q_delta=0.451660 q_grad=0.002396
epoch=84 loss_total=0.661540 loss_rec=0.619703 valid_auc=0.676395 valid_rmse=0.476576 q_change=57 q_delta=0.451751 q_grad=0.002417
epoch=85 loss_total=0.659837 loss_rec=0.618035 valid_auc=0.676830 valid_rmse=0.478876 q_change=57 q_delta=0.451738 q_grad=0.002471
epoch=86 loss_total=0.664247 loss_rec=0.622482 valid_auc=0.676127 valid_rmse=0.477302 q_change=57 q_delta=0.451807 q_grad=0.002454
epoch=87 loss_total=0.659758 loss_rec=0.618019 valid_auc=0.675770 valid_rmse=0.476591 q_change=57 q_delta=0.451832 q_grad=0.002388
epoch=88 loss_total=0.655581 loss_rec=0.613843 valid_auc=0.675134 valid_rmse=0.477562 q_change=57 q_delta=0.451853 q_grad=0.002426
epoch=89 loss_total=0.656330 loss_rec=0.614641 valid_auc=0.677037 valid_rmse=0.481381 q_change=57 q_delta=0.451812 q_grad=0.002410
Early stopping at epoch 89; best_epoch=69.
Saved run to C:\Users\YAN_SHU_YU\Desktop\Generative-CD\Q_GNCDM\results\weak_q_lambda_sweep\lq_0p1_ls_0p4_lb_0p6\seed_2026\noise_0.20\weak-q_lq_0p1_ls_0p4_lb_0p6
Final metrics: q_hat_f1=0.000000 response_auc=0.690683 mastery_pearson=0.262625
