run=weak-q_lq_0p3_ls_0p9_lb_0p1 mode=weak-q noise=0.20 train=4200 valid=600 test=1200
epoch=1 loss_total=1.141497 loss_rec=0.725664 valid_auc=0.587433 valid_rmse=0.499759 q_change=57 q_delta=0.078994 q_grad=0.000893
epoch=2 loss_total=1.056388 loss_rec=0.705967 valid_auc=0.593036 valid_rmse=0.499347 q_change=57 q_delta=0.148629 q_grad=0.000792
epoch=3 loss_total=0.996461 loss_rec=0.700155 valid_auc=0.603711 valid_rmse=0.498640 q_change=57 q_delta=0.206664 q_grad=0.000689
epoch=4 loss_total=0.947252 loss_rec=0.694126 valid_auc=0.619721 valid_rmse=0.498079 q_change=57 q_delta=0.253454 q_grad=0.000591
epoch=5 loss_total=0.914061 loss_rec=0.694261 valid_auc=0.639598 valid_rmse=0.496414 q_change=57 q_delta=0.290051 q_grad=0.000502
epoch=6 loss_total=0.884300 loss_rec=0.689945 valid_auc=0.655636 valid_rmse=0.495637 q_change=57 q_delta=0.318173 q_grad=0.000433
epoch=7 loss_total=0.857948 loss_rec=0.682782 valid_auc=0.657360 valid_rmse=0.493710 q_change=57 q_delta=0.339492 q_grad=0.000392
epoch=8 loss_total=0.837013 loss_rec=0.675855 valid_auc=0.652723 valid_rmse=0.490003 q_change=57 q_delta=0.354729 q_grad=0.000400
epoch=9 loss_total=0.817081 loss_rec=0.665803 valid_auc=0.658158 valid_rmse=0.483335 q_change=57 q_delta=0.365978 q_grad=0.000491
epoch=10 loss_total=0.806183 loss_rec=0.662561 valid_auc=0.660067 valid_rmse=0.482002 q_change=57 q_delta=0.374770 q_grad=0.000584
epoch=11 loss_total=0.796258 loss_rec=0.658500 valid_auc=0.660725 valid_rmse=0.480963 q_change=57 q_delta=0.382344 q_grad=0.000691
epoch=12 loss_total=0.781925 loss_rec=0.649444 valid_auc=0.664710 valid_rmse=0.481562 q_change=57 q_delta=0.388557 q_grad=0.000757
epoch=13 loss_total=0.775678 loss_rec=0.647602 valid_auc=0.666987 valid_rmse=0.478255 q_change=57 q_delta=0.393916 q_grad=0.000779
epoch=14 loss_total=0.771384 loss_rec=0.646729 valid_auc=0.669040 valid_rmse=0.479594 q_change=57 q_delta=0.397982 q_grad=0.000870
epoch=15 loss_total=0.766964 loss_rec=0.645260 valid_auc=0.667946 valid_rmse=0.477857 q_change=57 q_delta=0.401857 q_grad=0.000929
epoch=16 loss_total=0.765282 loss_rec=0.646012 valid_auc=0.669866 valid_rmse=0.477765 q_change=57 q_delta=0.404832 q_grad=0.001028
epoch=17 loss_total=0.762369 loss_rec=0.645310 valid_auc=0.671518 valid_rmse=0.478213 q_change=57 q_delta=0.407461 q_grad=0.001010
epoch=18 loss_total=0.755321 loss_rec=0.640081 valid_auc=0.672679 valid_rmse=0.477116 q_change=57 q_delta=0.409863 q_grad=0.001055
epoch=19 loss_total=0.752281 loss_rec=0.638716 valid_auc=0.673013 valid_rmse=0.477248 q_change=57 q_delta=0.411899 q_grad=0.001141
epoch=20 loss_total=0.750711 loss_rec=0.638501 valid_auc=0.676998 valid_rmse=0.475680 q_change=57 q_delta=0.413805 q_grad=0.001243
epoch=21 loss_total=0.746487 loss_rec=0.635578 valid_auc=0.677355 valid_rmse=0.476764 q_change=57 q_delta=0.415157 q_grad=0.001204
epoch=22 loss_total=0.745247 loss_rec=0.635336 valid_auc=0.678538 valid_rmse=0.475417 q_change=57 q_delta=0.416464 q_grad=0.001324
epoch=23 loss_total=0.741478 loss_rec=0.632502 valid_auc=0.678080 valid_rmse=0.474985 q_change=57 q_delta=0.417801 q_grad=0.001343
epoch=24 loss_total=0.736795 loss_rec=0.628693 valid_auc=0.677511 valid_rmse=0.475375 q_change=57 q_delta=0.418835 q_grad=0.001401
epoch=25 loss_total=0.739355 loss_rec=0.631970 valid_auc=0.678493 valid_rmse=0.475122 q_change=57 q_delta=0.419637 q_grad=0.001536
epoch=26 loss_total=0.736529 loss_rec=0.629771 valid_auc=0.678850 valid_rmse=0.476096 q_change=57 q_delta=0.420417 q_grad=0.001545
epoch=27 loss_total=0.733882 loss_rec=0.627591 valid_auc=0.682009 valid_rmse=0.475743 q_change=57 q_delta=0.420966 q_grad=0.001556
epoch=28 loss_total=0.735658 loss_rec=0.629850 valid_auc=0.681585 valid_rmse=0.474727 q_change=57 q_delta=0.421689 q_grad=0.001646
epoch=29 loss_total=0.731537 loss_rec=0.626124 valid_auc=0.683482 valid_rmse=0.474442 q_change=57 q_delta=0.422153 q_grad=0.001706
epoch=30 loss_total=0.732260 loss_rec=0.627200 valid_auc=0.683304 valid_rmse=0.474553 q_change=57 q_delta=0.422500 q_grad=0.001687
epoch=31 loss_total=0.728480 loss_rec=0.623517 valid_auc=0.685491 valid_rmse=0.474260 q_change=57 q_delta=0.422707 q_grad=0.001733
epoch=32 loss_total=0.730331 loss_rec=0.625544 valid_auc=0.687344 valid_rmse=0.475005 q_change=57 q_delta=0.422801 q_grad=0.001799
epoch=33 loss_total=0.728730 loss_rec=0.623986 valid_auc=0.684598 valid_rmse=0.473303 q_change=57 q_delta=0.423185 q_grad=0.001774
epoch=34 loss_total=0.727472 loss_rec=0.622853 valid_auc=0.684152 valid_rmse=0.473124 q_change=56 q_delta=0.423308 q_grad=0.001793
epoch=35 loss_total=0.728608 loss_rec=0.624054 valid_auc=0.687388 valid_rmse=0.472342 q_change=56 q_delta=0.423943 q_grad=0.001776
epoch=36 loss_total=0.725220 loss_rec=0.620660 valid_auc=0.689152 valid_rmse=0.473046 q_change=56 q_delta=0.424376 q_grad=0.001819
epoch=37 loss_total=0.719326 loss_rec=0.614825 valid_auc=0.689621 valid_rmse=0.472608 q_change=56 q_delta=0.424972 q_grad=0.001834
epoch=38 loss_total=0.718830 loss_rec=0.614482 valid_auc=0.687500 valid_rmse=0.475091 q_change=56 q_delta=0.425485 q_grad=0.001944
epoch=39 loss_total=0.721968 loss_rec=0.617780 valid_auc=0.689051 valid_rmse=0.472262 q_change=56 q_delta=0.426077 q_grad=0.001879
epoch=40 loss_total=0.717918 loss_rec=0.613845 valid_auc=0.689431 valid_rmse=0.472270 q_change=56 q_delta=0.426422 q_grad=0.001913
epoch=41 loss_total=0.713728 loss_rec=0.609777 valid_auc=0.691797 valid_rmse=0.472529 q_change=56 q_delta=0.426762 q_grad=0.001923
epoch=42 loss_total=0.718280 loss_rec=0.614420 valid_auc=0.688717 valid_rmse=0.472712 q_change=56 q_delta=0.427144 q_grad=0.001981
epoch=43 loss_total=0.713837 loss_rec=0.609977 valid_auc=0.691094 valid_rmse=0.472081 q_change=56 q_delta=0.427188 q_grad=0.001916
epoch=44 loss_total=0.715036 loss_rec=0.611279 valid_auc=0.691027 valid_rmse=0.472357 q_change=56 q_delta=0.427545 q_grad=0.001986
epoch=45 loss_total=0.711701 loss_rec=0.608006 valid_auc=0.691920 valid_rmse=0.474881 q_change=56 q_delta=0.427583 q_grad=0.002010
epoch=46 loss_total=0.712870 loss_rec=0.609153 valid_auc=0.693382 valid_rmse=0.470781 q_change=56 q_delta=0.427891 q_grad=0.001959
epoch=47 loss_total=0.710063 loss_rec=0.606410 valid_auc=0.695290 valid_rmse=0.471246 q_change=55 q_delta=0.427992 q_grad=0.001978
epoch=48 loss_total=0.709903 loss_rec=0.606244 valid_auc=0.693873 valid_rmse=0.470749 q_change=55 q_delta=0.428243 q_grad=0.002015
epoch=49 loss_total=0.707706 loss_rec=0.604005 valid_auc=0.694029 valid_rmse=0.470919 q_change=55 q_delta=0.428724 q_grad=0.002039
epoch=50 loss_total=0.703635 loss_rec=0.599949 valid_auc=0.691853 valid_rmse=0.471669 q_change=55 q_delta=0.429224 q_grad=0.001943
epoch=51 loss_total=0.703946 loss_rec=0.600311 valid_auc=0.695145 valid_rmse=0.472679 q_change=55 q_delta=0.429614 q_grad=0.002077
epoch=52 loss_total=0.705340 loss_rec=0.601734 valid_auc=0.692801 valid_rmse=0.471375 q_change=55 q_delta=0.430137 q_grad=0.002079
epoch=53 loss_total=0.706826 loss_rec=0.603249 valid_auc=0.694654 valid_rmse=0.471004 q_change=55 q_delta=0.430550 q_grad=0.002072
epoch=54 loss_total=0.699062 loss_rec=0.595569 valid_auc=0.694185 valid_rmse=0.472218 q_change=55 q_delta=0.430892 q_grad=0.002039
epoch=55 loss_total=0.698702 loss_rec=0.595295 valid_auc=0.696853 valid_rmse=0.470872 q_change=54 q_delta=0.431247 q_grad=0.002094
epoch=56 loss_total=0.700191 loss_rec=0.596854 valid_auc=0.694710 valid_rmse=0.471151 q_change=54 q_delta=0.431592 q_grad=0.002122
epoch=57 loss_total=0.698334 loss_rec=0.595062 valid_auc=0.696283 valid_rmse=0.473419 q_change=54 q_delta=0.431783 q_grad=0.002185
epoch=58 loss_total=0.695203 loss_rec=0.591967 valid_auc=0.694330 valid_rmse=0.473562 q_change=54 q_delta=0.432098 q_grad=0.002147
epoch=59 loss_total=0.694997 loss_rec=0.591963 valid_auc=0.693181 valid_rmse=0.471537 q_change=54 q_delta=0.432532 q_grad=0.002137
epoch=60 loss_total=0.694333 loss_rec=0.591391 valid_auc=0.694554 valid_rmse=0.472843 q_change=54 q_delta=0.432728 q_grad=0.002170
epoch=61 loss_total=0.693442 loss_rec=0.590569 valid_auc=0.694263 valid_rmse=0.472377 q_change=54 q_delta=0.433037 q_grad=0.002221
epoch=62 loss_total=0.691193 loss_rec=0.588428 valid_auc=0.694035 valid_rmse=0.471781 q_change=54 q_delta=0.433296 q_grad=0.002176
epoch=63 loss_total=0.692382 loss_rec=0.589649 valid_auc=0.691730 valid_rmse=0.472968 q_change=54 q_delta=0.433432 q_grad=0.002213
epoch=64 loss_total=0.695184 loss_rec=0.592586 valid_auc=0.696150 valid_rmse=0.474340 q_change=54 q_delta=0.433619 q_grad=0.002262
epoch=65 loss_total=0.689481 loss_rec=0.586925 valid_auc=0.693504 valid_rmse=0.471957 q_change=54 q_delta=0.433970 q_grad=0.002160
epoch=66 loss_total=0.689959 loss_rec=0.587506 valid_auc=0.694129 valid_rmse=0.472823 q_change=54 q_delta=0.434128 q_grad=0.002296
epoch=67 loss_total=0.692393 loss_rec=0.590004 valid_auc=0.691529 valid_rmse=0.473929 q_change=54 q_delta=0.434293 q_grad=0.002283
epoch=68 loss_total=0.688176 loss_rec=0.585870 valid_auc=0.692522 valid_rmse=0.474934 q_change=54 q_delta=0.434439 q_grad=0.002285
epoch=69 loss_total=0.685125 loss_rec=0.582910 valid_auc=0.696038 valid_rmse=0.479723 q_change=54 q_delta=0.434464 q_grad=0.002369
epoch=70 loss_total=0.684242 loss_rec=0.582047 valid_auc=0.691674 valid_rmse=0.472929 q_change=54 q_delta=0.434763 q_grad=0.002372
epoch=71 loss_total=0.686562 loss_rec=0.584437 valid_auc=0.692612 valid_rmse=0.472984 q_change=54 q_delta=0.434877 q_grad=0.002385
epoch=72 loss_total=0.685287 loss_rec=0.583199 valid_auc=0.691362 valid_rmse=0.473427 q_change=54 q_delta=0.435011 q_grad=0.002394
epoch=73 loss_total=0.681448 loss_rec=0.579487 valid_auc=0.689241 valid_rmse=0.473809 q_change=54 q_delta=0.435149 q_grad=0.002451
epoch=74 loss_total=0.685684 loss_rec=0.583769 valid_auc=0.690446 valid_rmse=0.474451 q_change=54 q_delta=0.435219 q_grad=0.002391
epoch=75 loss_total=0.683825 loss_rec=0.581882 valid_auc=0.688382 valid_rmse=0.481288 q_change=54 q_delta=0.435140 q_grad=0.002402
Early stopping at epoch 75; best_epoch=55.
Saved run to C:\Users\YAN_SHU_YU\Desktop\Generative-CD\Q_GNCDM\results\weak_q_lambda_sweep\lq_0p3_ls_0p9_lb_0p1\seed_2026\noise_0.20\weak-q_lq_0p3_ls_0p9_lb_0p1
Final metrics: q_hat_f1=0.101695 response_auc=0.685643 mastery_pearson=0.315861
