run=weak-q_lq_0p2_ls_0p3_lb_0p7 mode=weak-q noise=0.20 train=4200 valid=600 test=1200
epoch=1 loss_total=1.026660 loss_rec=0.725664 valid_auc=0.588047 valid_rmse=0.499752 q_change=57 q_delta=0.080355 q_grad=0.000371
epoch=2 loss_total=0.974337 loss_rec=0.706043 valid_auc=0.596116 valid_rmse=0.499332 q_change=57 q_delta=0.156921 q_grad=0.000404
epoch=3 loss_total=0.933675 loss_rec=0.700403 valid_auc=0.611105 valid_rmse=0.498649 q_change=57 q_delta=0.223622 q_grad=0.000415
epoch=4 loss_total=0.894599 loss_rec=0.694737 valid_auc=0.632199 valid_rmse=0.498238 q_change=57 q_delta=0.277422 q_grad=0.000396
epoch=5 loss_total=0.866936 loss_rec=0.695464 valid_auc=0.652472 valid_rmse=0.496900 q_change=57 q_delta=0.317949 q_grad=0.000362
epoch=6 loss_total=0.841157 loss_rec=0.692301 valid_auc=0.664967 valid_rmse=0.496780 q_change=57 q_delta=0.347546 q_grad=0.000324
epoch=7 loss_total=0.819081 loss_rec=0.687564 valid_auc=0.664001 valid_rmse=0.496162 q_change=57 q_delta=0.369082 q_grad=0.000294
epoch=8 loss_total=0.803616 loss_rec=0.684937 valid_auc=0.656931 valid_rmse=0.494565 q_change=57 q_delta=0.384135 q_grad=0.000281
epoch=9 loss_total=0.789395 loss_rec=0.679821 valid_auc=0.659442 valid_rmse=0.489616 q_change=57 q_delta=0.394651 q_grad=0.000311
epoch=10 loss_total=0.778664 loss_rec=0.675645 valid_auc=0.659821 valid_rmse=0.486604 q_change=57 q_delta=0.401587 q_grad=0.000366
epoch=11 loss_total=0.767003 loss_rec=0.668468 valid_auc=0.658795 valid_rmse=0.483581 q_change=57 q_delta=0.407177 q_grad=0.000463
epoch=12 loss_total=0.752633 loss_rec=0.658155 valid_auc=0.661417 valid_rmse=0.484274 q_change=57 q_delta=0.412054 q_grad=0.000549
epoch=13 loss_total=0.746843 loss_rec=0.655966 valid_auc=0.661741 valid_rmse=0.480946 q_change=57 q_delta=0.416463 q_grad=0.000569
epoch=14 loss_total=0.742316 loss_rec=0.654285 valid_auc=0.663705 valid_rmse=0.482212 q_change=57 q_delta=0.419733 q_grad=0.000642
epoch=15 loss_total=0.739510 loss_rec=0.653951 valid_auc=0.660804 valid_rmse=0.480723 q_change=57 q_delta=0.422966 q_grad=0.000678
epoch=16 loss_total=0.737601 loss_rec=0.654098 valid_auc=0.661451 valid_rmse=0.480522 q_change=57 q_delta=0.425390 q_grad=0.000750
epoch=17 loss_total=0.735944 loss_rec=0.654273 valid_auc=0.664542 valid_rmse=0.480840 q_change=57 q_delta=0.427524 q_grad=0.000721
epoch=18 loss_total=0.729724 loss_rec=0.649620 valid_auc=0.663884 valid_rmse=0.481224 q_change=57 q_delta=0.429482 q_grad=0.000741
epoch=19 loss_total=0.726716 loss_rec=0.648015 valid_auc=0.662946 valid_rmse=0.480674 q_change=57 q_delta=0.431190 q_grad=0.000780
epoch=20 loss_total=0.725920 loss_rec=0.648400 valid_auc=0.666350 valid_rmse=0.479579 q_change=57 q_delta=0.432843 q_grad=0.000850
epoch=21 loss_total=0.722543 loss_rec=0.646182 valid_auc=0.665491 valid_rmse=0.480364 q_change=57 q_delta=0.434047 q_grad=0.000806
epoch=22 loss_total=0.722214 loss_rec=0.646786 valid_auc=0.664710 valid_rmse=0.479503 q_change=57 q_delta=0.435279 q_grad=0.000874
epoch=23 loss_total=0.718866 loss_rec=0.644320 valid_auc=0.663583 valid_rmse=0.479511 q_change=57 q_delta=0.436436 q_grad=0.000881
epoch=24 loss_total=0.714846 loss_rec=0.641135 valid_auc=0.665681 valid_rmse=0.480167 q_change=57 q_delta=0.437369 q_grad=0.000917
epoch=25 loss_total=0.716918 loss_rec=0.643883 valid_auc=0.664743 valid_rmse=0.479470 q_change=57 q_delta=0.438220 q_grad=0.000995
epoch=26 loss_total=0.715127 loss_rec=0.642747 valid_auc=0.664833 valid_rmse=0.479693 q_change=57 q_delta=0.439004 q_grad=0.001009
epoch=27 loss_total=0.713701 loss_rec=0.641852 valid_auc=0.666138 valid_rmse=0.479110 q_change=57 q_delta=0.439697 q_grad=0.001011
epoch=28 loss_total=0.713608 loss_rec=0.642273 valid_auc=0.666853 valid_rmse=0.478958 q_change=57 q_delta=0.440344 q_grad=0.001058
epoch=29 loss_total=0.711514 loss_rec=0.640658 valid_auc=0.667667 valid_rmse=0.478643 q_change=57 q_delta=0.440933 q_grad=0.001108
epoch=30 loss_total=0.712733 loss_rec=0.642303 valid_auc=0.668437 valid_rmse=0.479414 q_change=57 q_delta=0.441371 q_grad=0.001120
epoch=31 loss_total=0.709377 loss_rec=0.639291 valid_auc=0.668136 valid_rmse=0.478160 q_change=57 q_delta=0.441922 q_grad=0.001149
epoch=32 loss_total=0.710604 loss_rec=0.640879 valid_auc=0.668940 valid_rmse=0.478457 q_change=57 q_delta=0.442284 q_grad=0.001207
epoch=33 loss_total=0.709556 loss_rec=0.640094 valid_auc=0.667991 valid_rmse=0.477599 q_change=57 q_delta=0.442876 q_grad=0.001211
epoch=34 loss_total=0.709265 loss_rec=0.640140 valid_auc=0.667612 valid_rmse=0.477529 q_change=57 q_delta=0.443115 q_grad=0.001250
epoch=35 loss_total=0.710598 loss_rec=0.641724 valid_auc=0.668348 valid_rmse=0.477231 q_change=57 q_delta=0.443432 q_grad=0.001257
epoch=36 loss_total=0.707133 loss_rec=0.638493 valid_auc=0.669498 valid_rmse=0.478225 q_change=57 q_delta=0.443624 q_grad=0.001310
epoch=37 loss_total=0.703496 loss_rec=0.635074 valid_auc=0.669955 valid_rmse=0.477532 q_change=57 q_delta=0.443903 q_grad=0.001353
epoch=38 loss_total=0.702409 loss_rec=0.634157 valid_auc=0.670787 valid_rmse=0.478460 q_change=57 q_delta=0.444109 q_grad=0.001466
epoch=39 loss_total=0.705382 loss_rec=0.637322 valid_auc=0.670056 valid_rmse=0.476768 q_change=57 q_delta=0.444491 q_grad=0.001446
epoch=40 loss_total=0.702450 loss_rec=0.634589 valid_auc=0.670714 valid_rmse=0.477136 q_change=57 q_delta=0.444634 q_grad=0.001518
epoch=41 loss_total=0.698721 loss_rec=0.631018 valid_auc=0.673147 valid_rmse=0.476935 q_change=57 q_delta=0.444810 q_grad=0.001532
epoch=42 loss_total=0.702843 loss_rec=0.635261 valid_auc=0.669766 valid_rmse=0.477793 q_change=57 q_delta=0.444983 q_grad=0.001608
epoch=43 loss_total=0.699700 loss_rec=0.632230 valid_auc=0.669900 valid_rmse=0.477500 q_change=57 q_delta=0.445144 q_grad=0.001592
epoch=44 loss_total=0.700349 loss_rec=0.633025 valid_auc=0.670201 valid_rmse=0.477694 q_change=57 q_delta=0.445303 q_grad=0.001667
epoch=45 loss_total=0.698166 loss_rec=0.630949 valid_auc=0.671998 valid_rmse=0.478326 q_change=57 q_delta=0.445374 q_grad=0.001733
epoch=46 loss_total=0.700253 loss_rec=0.633124 valid_auc=0.673415 valid_rmse=0.476301 q_change=57 q_delta=0.445583 q_grad=0.001726
epoch=47 loss_total=0.698184 loss_rec=0.631178 valid_auc=0.674275 valid_rmse=0.477018 q_change=57 q_delta=0.445638 q_grad=0.001765
epoch=48 loss_total=0.699361 loss_rec=0.632427 valid_auc=0.675145 valid_rmse=0.476131 q_change=57 q_delta=0.445791 q_grad=0.001805
epoch=49 loss_total=0.696872 loss_rec=0.629986 valid_auc=0.674632 valid_rmse=0.476373 q_change=57 q_delta=0.445863 q_grad=0.001844
epoch=50 loss_total=0.694202 loss_rec=0.627373 valid_auc=0.674397 valid_rmse=0.476700 q_change=57 q_delta=0.445930 q_grad=0.001809
epoch=51 loss_total=0.695426 loss_rec=0.628681 valid_auc=0.674007 valid_rmse=0.478225 q_change=57 q_delta=0.445929 q_grad=0.001968
epoch=52 loss_total=0.696451 loss_rec=0.629750 valid_auc=0.672924 valid_rmse=0.477085 q_change=57 q_delta=0.446050 q_grad=0.002000
epoch=53 loss_total=0.698052 loss_rec=0.631421 valid_auc=0.674330 valid_rmse=0.476896 q_change=57 q_delta=0.446133 q_grad=0.001974
epoch=54 loss_total=0.690374 loss_rec=0.623785 valid_auc=0.673728 valid_rmse=0.478136 q_change=57 q_delta=0.446104 q_grad=0.001987
epoch=55 loss_total=0.691474 loss_rec=0.624925 valid_auc=0.675748 valid_rmse=0.476557 q_change=57 q_delta=0.446222 q_grad=0.002024
epoch=56 loss_total=0.692490 loss_rec=0.625996 valid_auc=0.674018 valid_rmse=0.476613 q_change=57 q_delta=0.446288 q_grad=0.002122
epoch=57 loss_total=0.692463 loss_rec=0.626000 valid_auc=0.674063 valid_rmse=0.478916 q_change=57 q_delta=0.446233 q_grad=0.002182
epoch=58 loss_total=0.688775 loss_rec=0.622326 valid_auc=0.674308 valid_rmse=0.478283 q_change=57 q_delta=0.446287 q_grad=0.002163
epoch=59 loss_total=0.690138 loss_rec=0.623753 valid_auc=0.674174 valid_rmse=0.477214 q_change=57 q_delta=0.446397 q_grad=0.002215
epoch=60 loss_total=0.689519 loss_rec=0.623183 valid_auc=0.675949 valid_rmse=0.477080 q_change=57 q_delta=0.446405 q_grad=0.002265
epoch=61 loss_total=0.689484 loss_rec=0.623134 valid_auc=0.674955 valid_rmse=0.477528 q_change=57 q_delta=0.446440 q_grad=0.002302
epoch=62 loss_total=0.688872 loss_rec=0.622583 valid_auc=0.675011 valid_rmse=0.476731 q_change=57 q_delta=0.446549 q_grad=0.002242
epoch=63 loss_total=0.690445 loss_rec=0.624188 valid_auc=0.673996 valid_rmse=0.477307 q_change=57 q_delta=0.446527 q_grad=0.002237
epoch=64 loss_total=0.693249 loss_rec=0.627045 valid_auc=0.675502 valid_rmse=0.478328 q_change=57 q_delta=0.446528 q_grad=0.002342
epoch=65 loss_total=0.686811 loss_rec=0.620633 valid_auc=0.674063 valid_rmse=0.476819 q_change=57 q_delta=0.446705 q_grad=0.002216
epoch=66 loss_total=0.688845 loss_rec=0.622719 valid_auc=0.676150 valid_rmse=0.476615 q_change=57 q_delta=0.446705 q_grad=0.002347
epoch=67 loss_total=0.690476 loss_rec=0.624392 valid_auc=0.673984 valid_rmse=0.477730 q_change=57 q_delta=0.446747 q_grad=0.002285
epoch=68 loss_total=0.687272 loss_rec=0.621232 valid_auc=0.675089 valid_rmse=0.477850 q_change=57 q_delta=0.446789 q_grad=0.002317
epoch=69 loss_total=0.684055 loss_rec=0.618058 valid_auc=0.677656 valid_rmse=0.482807 q_change=57 q_delta=0.446698 q_grad=0.002392
epoch=70 loss_total=0.685599 loss_rec=0.619626 valid_auc=0.674397 valid_rmse=0.477435 q_change=57 q_delta=0.446936 q_grad=0.002408
epoch=71 loss_total=0.686191 loss_rec=0.620288 valid_auc=0.674464 valid_rmse=0.477107 q_change=57 q_delta=0.446980 q_grad=0.002404
epoch=72 loss_total=0.686996 loss_rec=0.621130 valid_auc=0.674040 valid_rmse=0.477896 q_change=57 q_delta=0.446999 q_grad=0.002436
epoch=73 loss_total=0.684453 loss_rec=0.618647 valid_auc=0.671853 valid_rmse=0.478241 q_change=57 q_delta=0.447078 q_grad=0.002472
epoch=74 loss_total=0.686989 loss_rec=0.621212 valid_auc=0.673605 valid_rmse=0.478348 q_change=57 q_delta=0.447094 q_grad=0.002423
epoch=75 loss_total=0.686521 loss_rec=0.620803 valid_auc=0.671317 valid_rmse=0.481744 q_change=57 q_delta=0.447085 q_grad=0.002434
epoch=76 loss_total=0.687458 loss_rec=0.621757 valid_auc=0.671897 valid_rmse=0.477962 q_change=57 q_delta=0.447261 q_grad=0.002368
epoch=77 loss_total=0.680938 loss_rec=0.615314 valid_auc=0.672121 valid_rmse=0.480652 q_change=57 q_delta=0.447217 q_grad=0.002390
epoch=78 loss_total=0.684346 loss_rec=0.618749 valid_auc=0.671975 valid_rmse=0.478823 q_change=57 q_delta=0.447311 q_grad=0.002549
epoch=79 loss_total=0.683007 loss_rec=0.617460 valid_auc=0.671987 valid_rmse=0.478469 q_change=57 q_delta=0.447388 q_grad=0.002592
epoch=80 loss_total=0.682795 loss_rec=0.617305 valid_auc=0.672757 valid_rmse=0.477933 q_change=57 q_delta=0.447469 q_grad=0.002469
epoch=81 loss_total=0.681333 loss_rec=0.615876 valid_auc=0.673616 valid_rmse=0.478493 q_change=57 q_delta=0.447480 q_grad=0.002547
epoch=82 loss_total=0.682007 loss_rec=0.616606 valid_auc=0.672489 valid_rmse=0.479001 q_change=57 q_delta=0.447552 q_grad=0.002583
epoch=83 loss_total=0.680836 loss_rec=0.615495 valid_auc=0.673460 valid_rmse=0.480566 q_change=57 q_delta=0.447561 q_grad=0.002532
epoch=84 loss_total=0.682773 loss_rec=0.617484 valid_auc=0.673940 valid_rmse=0.477663 q_change=57 q_delta=0.447707 q_grad=0.002551
epoch=85 loss_total=0.680865 loss_rec=0.615639 valid_auc=0.674007 valid_rmse=0.479751 q_change=57 q_delta=0.447720 q_grad=0.002608
epoch=86 loss_total=0.685271 loss_rec=0.620102 valid_auc=0.673259 valid_rmse=0.478257 q_change=57 q_delta=0.447825 q_grad=0.002597
epoch=87 loss_total=0.680813 loss_rec=0.615699 valid_auc=0.673203 valid_rmse=0.477787 q_change=57 q_delta=0.447904 q_grad=0.002528
epoch=88 loss_total=0.677141 loss_rec=0.612063 valid_auc=0.673181 valid_rmse=0.478750 q_change=57 q_delta=0.447962 q_grad=0.002568
epoch=89 loss_total=0.677546 loss_rec=0.612545 valid_auc=0.674732 valid_rmse=0.482072 q_change=57 q_delta=0.447950 q_grad=0.002543
Early stopping at epoch 89; best_epoch=69.
Saved run to C:\Users\YAN_SHU_YU\Desktop\Generative-CD\Q_GNCDM\results\weak_q_lambda_sweep\lq_0p2_ls_0p3_lb_0p7\seed_2026\noise_0.20\weak-q_lq_0p2_ls_0p3_lb_0p7
Final metrics: q_hat_f1=0.000000 response_auc=0.690238 mastery_pearson=0.270346
