run=weak-q_lq_0p2_ls_0p4_lb_0p1 mode=weak-q noise=0.20 train=4200 valid=600 test=1200
epoch=1 loss_total=0.924294 loss_rec=0.725655 valid_auc=0.587935 valid_rmse=0.499747 q_change=57 q_delta=0.077891 q_grad=0.000394
epoch=2 loss_total=0.876021 loss_rec=0.705825 valid_auc=0.595971 valid_rmse=0.499248 q_change=57 q_delta=0.144805 q_grad=0.000343
epoch=3 loss_total=0.846985 loss_rec=0.699645 valid_auc=0.611696 valid_rmse=0.498313 q_change=57 q_delta=0.199433 q_grad=0.000304
epoch=4 loss_total=0.822244 loss_rec=0.692857 valid_auc=0.635301 valid_rmse=0.497280 q_change=57 q_delta=0.242842 q_grad=0.000274
epoch=5 loss_total=0.807486 loss_rec=0.691429 valid_auc=0.657087 valid_rmse=0.494585 q_change=57 q_delta=0.275000 q_grad=0.000270
epoch=6 loss_total=0.789720 loss_rec=0.683041 valid_auc=0.667277 valid_rmse=0.491086 q_change=57 q_delta=0.296641 q_grad=0.000301
epoch=7 loss_total=0.766971 loss_rec=0.666228 valid_auc=0.665904 valid_rmse=0.484342 q_change=57 q_delta=0.309527 q_grad=0.000402
epoch=8 loss_total=0.749124 loss_rec=0.651701 valid_auc=0.666551 valid_rmse=0.480214 q_change=57 q_delta=0.317668 q_grad=0.000613
epoch=9 loss_total=0.737706 loss_rec=0.642886 valid_auc=0.674241 valid_rmse=0.476109 q_change=57 q_delta=0.324998 q_grad=0.000796
epoch=10 loss_total=0.737234 loss_rec=0.644754 valid_auc=0.675257 valid_rmse=0.476480 q_change=57 q_delta=0.330333 q_grad=0.000894
epoch=11 loss_total=0.732456 loss_rec=0.641480 valid_auc=0.676942 valid_rmse=0.475090 q_change=57 q_delta=0.334803 q_grad=0.001038
epoch=12 loss_total=0.721880 loss_rec=0.632208 valid_auc=0.679950 valid_rmse=0.475605 q_change=57 q_delta=0.337721 q_grad=0.001137
epoch=13 loss_total=0.717263 loss_rec=0.628602 valid_auc=0.681116 valid_rmse=0.473553 q_change=57 q_delta=0.340632 q_grad=0.001193
epoch=14 loss_total=0.716153 loss_rec=0.628178 valid_auc=0.680547 valid_rmse=0.474982 q_change=57 q_delta=0.341972 q_grad=0.001324
epoch=15 loss_total=0.712257 loss_rec=0.624803 valid_auc=0.680469 valid_rmse=0.473508 q_change=56 q_delta=0.343807 q_grad=0.001415
epoch=16 loss_total=0.712757 loss_rec=0.625720 valid_auc=0.683158 valid_rmse=0.473554 q_change=56 q_delta=0.345033 q_grad=0.001545
epoch=17 loss_total=0.709193 loss_rec=0.622566 valid_auc=0.682567 valid_rmse=0.473592 q_change=56 q_delta=0.346731 q_grad=0.001498
epoch=18 loss_total=0.702709 loss_rec=0.616384 valid_auc=0.683850 valid_rmse=0.473473 q_change=56 q_delta=0.348374 q_grad=0.001545
epoch=19 loss_total=0.701491 loss_rec=0.615624 valid_auc=0.684129 valid_rmse=0.474299 q_change=56 q_delta=0.349981 q_grad=0.001660
epoch=20 loss_total=0.698817 loss_rec=0.613205 valid_auc=0.685993 valid_rmse=0.472643 q_change=55 q_delta=0.351402 q_grad=0.001737
epoch=21 loss_total=0.694591 loss_rec=0.609317 valid_auc=0.687098 valid_rmse=0.474080 q_change=55 q_delta=0.352521 q_grad=0.001659
epoch=22 loss_total=0.692047 loss_rec=0.607038 valid_auc=0.687176 valid_rmse=0.473571 q_change=55 q_delta=0.353965 q_grad=0.001799
epoch=23 loss_total=0.689600 loss_rec=0.604895 valid_auc=0.684464 valid_rmse=0.473418 q_change=53 q_delta=0.355662 q_grad=0.001763
epoch=24 loss_total=0.684791 loss_rec=0.600389 valid_auc=0.683516 valid_rmse=0.474393 q_change=52 q_delta=0.357083 q_grad=0.001786
epoch=25 loss_total=0.685707 loss_rec=0.601613 valid_auc=0.683661 valid_rmse=0.474397 q_change=52 q_delta=0.358727 q_grad=0.001898
epoch=26 loss_total=0.683219 loss_rec=0.599384 valid_auc=0.685926 valid_rmse=0.474741 q_change=52 q_delta=0.360603 q_grad=0.001881
epoch=27 loss_total=0.679863 loss_rec=0.596254 valid_auc=0.686027 valid_rmse=0.475589 q_change=51 q_delta=0.362391 q_grad=0.001858
epoch=28 loss_total=0.682417 loss_rec=0.599065 valid_auc=0.686317 valid_rmse=0.474731 q_change=51 q_delta=0.364127 q_grad=0.001934
epoch=29 loss_total=0.675876 loss_rec=0.592786 valid_auc=0.688147 valid_rmse=0.474046 q_change=51 q_delta=0.365896 q_grad=0.001954
epoch=30 loss_total=0.674920 loss_rec=0.592016 valid_auc=0.690413 valid_rmse=0.474826 q_change=51 q_delta=0.367417 q_grad=0.001935
epoch=31 loss_total=0.670772 loss_rec=0.588042 valid_auc=0.689688 valid_rmse=0.474351 q_change=51 q_delta=0.369058 q_grad=0.001969
epoch=32 loss_total=0.671802 loss_rec=0.589267 valid_auc=0.691161 valid_rmse=0.474009 q_change=51 q_delta=0.370606 q_grad=0.002023
epoch=33 loss_total=0.669112 loss_rec=0.586728 valid_auc=0.690446 valid_rmse=0.472441 q_change=51 q_delta=0.372141 q_grad=0.002024
epoch=34 loss_total=0.668548 loss_rec=0.586384 valid_auc=0.688393 valid_rmse=0.472877 q_change=51 q_delta=0.373241 q_grad=0.002008
epoch=35 loss_total=0.667902 loss_rec=0.585889 valid_auc=0.691864 valid_rmse=0.471859 q_change=51 q_delta=0.374392 q_grad=0.002001
epoch=36 loss_total=0.661424 loss_rec=0.579496 valid_auc=0.693259 valid_rmse=0.472864 q_change=51 q_delta=0.375124 q_grad=0.002079
epoch=37 loss_total=0.657092 loss_rec=0.575284 valid_auc=0.692310 valid_rmse=0.473614 q_change=50 q_delta=0.375987 q_grad=0.002090
epoch=38 loss_total=0.654191 loss_rec=0.572530 valid_auc=0.691730 valid_rmse=0.474956 q_change=50 q_delta=0.376868 q_grad=0.002198
epoch=39 loss_total=0.654256 loss_rec=0.572734 valid_auc=0.691071 valid_rmse=0.472751 q_change=50 q_delta=0.378356 q_grad=0.002143
epoch=40 loss_total=0.650263 loss_rec=0.568876 valid_auc=0.691786 valid_rmse=0.473340 q_change=49 q_delta=0.379233 q_grad=0.002203
epoch=41 loss_total=0.644927 loss_rec=0.563683 valid_auc=0.693047 valid_rmse=0.474615 q_change=49 q_delta=0.380145 q_grad=0.002214
epoch=42 loss_total=0.646351 loss_rec=0.565216 valid_auc=0.689721 valid_rmse=0.474287 q_change=49 q_delta=0.381328 q_grad=0.002342
epoch=43 loss_total=0.640446 loss_rec=0.559413 valid_auc=0.691250 valid_rmse=0.475019 q_change=49 q_delta=0.382241 q_grad=0.002315
epoch=44 loss_total=0.638853 loss_rec=0.557942 valid_auc=0.688828 valid_rmse=0.476040 q_change=49 q_delta=0.383223 q_grad=0.002381
epoch=45 loss_total=0.633321 loss_rec=0.552545 valid_auc=0.689319 valid_rmse=0.480005 q_change=49 q_delta=0.383702 q_grad=0.002434
epoch=46 loss_total=0.632798 loss_rec=0.552074 valid_auc=0.692556 valid_rmse=0.474291 q_change=49 q_delta=0.384796 q_grad=0.002420
epoch=47 loss_total=0.629043 loss_rec=0.548445 valid_auc=0.689286 valid_rmse=0.477429 q_change=49 q_delta=0.385358 q_grad=0.002441
epoch=48 loss_total=0.625356 loss_rec=0.544838 valid_auc=0.689621 valid_rmse=0.476191 q_change=49 q_delta=0.386073 q_grad=0.002543
epoch=49 loss_total=0.620636 loss_rec=0.540193 valid_auc=0.691295 valid_rmse=0.475449 q_change=49 q_delta=0.386541 q_grad=0.002558
epoch=50 loss_total=0.615068 loss_rec=0.534703 valid_auc=0.688839 valid_rmse=0.478394 q_change=49 q_delta=0.386954 q_grad=0.002549
epoch=51 loss_total=0.613521 loss_rec=0.533278 valid_auc=0.689531 valid_rmse=0.479435 q_change=49 q_delta=0.387302 q_grad=0.002631
epoch=52 loss_total=0.614257 loss_rec=0.534089 valid_auc=0.690089 valid_rmse=0.477508 q_change=49 q_delta=0.387877 q_grad=0.002685
epoch=53 loss_total=0.613668 loss_rec=0.533556 valid_auc=0.689833 valid_rmse=0.477037 q_change=48 q_delta=0.388288 q_grad=0.002711
epoch=54 loss_total=0.605313 loss_rec=0.525257 valid_auc=0.685134 valid_rmse=0.480097 q_change=48 q_delta=0.388515 q_grad=0.002720
epoch=55 loss_total=0.600656 loss_rec=0.520653 valid_auc=0.691496 valid_rmse=0.476989 q_change=48 q_delta=0.388933 q_grad=0.002698
epoch=56 loss_total=0.600111 loss_rec=0.520169 valid_auc=0.686261 valid_rmse=0.479551 q_change=47 q_delta=0.389269 q_grad=0.002771
Early stopping at epoch 56; best_epoch=36.
Saved run to C:\Users\YAN_SHU_YU\Desktop\Generative-CD\Q_GNCDM\results\weak_q_lambda_sweep\lq_0p2_ls_0p4_lb_0p1\seed_2026\noise_0.20\weak-q_lq_0p2_ls_0p4_lb_0p1
Final metrics: q_hat_f1=0.193548 response_auc=0.692089 mastery_pearson=0.387628
