run=weak-q_lq_0p5_ls_0p9_lb_0p5 mode=weak-q noise=0.20 train=4200 valid=600 test=1200
epoch=1 loss_total=1.239164 loss_rec=0.725666 valid_auc=0.587439 valid_rmse=0.499760 q_change=57 q_delta=0.079410 q_grad=0.000929
epoch=2 loss_total=1.149445 loss_rec=0.706004 valid_auc=0.592879 valid_rmse=0.499362 q_change=57 q_delta=0.150525 q_grad=0.000853
epoch=3 loss_total=1.083075 loss_rec=0.700275 valid_auc=0.603382 valid_rmse=0.498692 q_change=57 q_delta=0.210463 q_grad=0.000762
epoch=4 loss_total=1.027117 loss_rec=0.694408 valid_auc=0.619118 valid_rmse=0.498214 q_change=57 q_delta=0.258969 q_grad=0.000666
epoch=5 loss_total=0.987879 loss_rec=0.694816 valid_auc=0.638504 valid_rmse=0.496709 q_change=57 q_delta=0.296910 q_grad=0.000572
epoch=6 loss_total=0.953323 loss_rec=0.691083 valid_auc=0.654263 valid_rmse=0.496281 q_change=57 q_delta=0.326080 q_grad=0.000491
epoch=7 loss_total=0.923832 loss_rec=0.685250 valid_auc=0.656362 valid_rmse=0.495118 q_change=57 q_delta=0.348373 q_grad=0.000430
epoch=8 loss_total=0.901587 loss_rec=0.680832 valid_auc=0.650815 valid_rmse=0.492745 q_change=57 q_delta=0.364843 q_grad=0.000398
epoch=9 loss_total=0.881457 loss_rec=0.673780 valid_auc=0.654230 valid_rmse=0.486934 q_change=57 q_delta=0.377084 q_grad=0.000431
epoch=10 loss_total=0.867523 loss_rec=0.669719 valid_auc=0.655446 valid_rmse=0.484596 q_change=57 q_delta=0.386129 q_grad=0.000492
epoch=11 loss_total=0.854746 loss_rec=0.664259 valid_auc=0.656674 valid_rmse=0.483004 q_change=57 q_delta=0.393668 q_grad=0.000591
epoch=12 loss_total=0.838502 loss_rec=0.654537 valid_auc=0.660290 valid_rmse=0.483488 q_change=57 q_delta=0.400037 q_grad=0.000659
epoch=13 loss_total=0.831124 loss_rec=0.652737 valid_auc=0.662109 valid_rmse=0.479978 q_change=57 q_delta=0.405516 q_grad=0.000674
epoch=14 loss_total=0.825482 loss_rec=0.651492 valid_auc=0.665335 valid_rmse=0.481297 q_change=57 q_delta=0.409793 q_grad=0.000746
epoch=15 loss_total=0.820654 loss_rec=0.650494 valid_auc=0.663415 valid_rmse=0.479668 q_change=57 q_delta=0.413799 q_grad=0.000784
epoch=16 loss_total=0.817983 loss_rec=0.650997 valid_auc=0.664710 valid_rmse=0.479716 q_change=57 q_delta=0.416961 q_grad=0.000859
epoch=17 loss_total=0.815194 loss_rec=0.651090 valid_auc=0.666953 valid_rmse=0.480331 q_change=57 q_delta=0.419755 q_grad=0.000834
epoch=18 loss_total=0.807926 loss_rec=0.646270 valid_auc=0.668080 valid_rmse=0.479518 q_change=57 q_delta=0.422307 q_grad=0.000858
epoch=19 loss_total=0.804265 loss_rec=0.644787 valid_auc=0.667623 valid_rmse=0.479458 q_change=57 q_delta=0.424472 q_grad=0.000914
epoch=20 loss_total=0.802789 loss_rec=0.645148 valid_auc=0.671417 valid_rmse=0.478057 q_change=57 q_delta=0.426508 q_grad=0.000993
epoch=21 loss_total=0.798511 loss_rec=0.642634 valid_auc=0.670993 valid_rmse=0.478926 q_change=57 q_delta=0.428063 q_grad=0.000949
epoch=22 loss_total=0.797524 loss_rec=0.643070 valid_auc=0.670201 valid_rmse=0.477802 q_change=57 q_delta=0.429573 q_grad=0.001029
epoch=23 loss_total=0.793365 loss_rec=0.640243 valid_auc=0.669576 valid_rmse=0.477457 q_change=57 q_delta=0.431033 q_grad=0.001039
epoch=24 loss_total=0.788788 loss_rec=0.636919 valid_auc=0.670357 valid_rmse=0.477842 q_change=57 q_delta=0.432219 q_grad=0.001081
epoch=25 loss_total=0.791112 loss_rec=0.640269 valid_auc=0.669788 valid_rmse=0.477356 q_change=57 q_delta=0.433229 q_grad=0.001177
epoch=26 loss_total=0.788353 loss_rec=0.638456 valid_auc=0.670201 valid_rmse=0.477998 q_change=57 q_delta=0.434175 q_grad=0.001189
epoch=27 loss_total=0.786056 loss_rec=0.636941 valid_auc=0.674051 valid_rmse=0.477427 q_change=57 q_delta=0.434983 q_grad=0.001197
epoch=28 loss_total=0.786867 loss_rec=0.638523 valid_auc=0.674721 valid_rmse=0.476589 q_change=57 q_delta=0.435809 q_grad=0.001256
epoch=29 loss_total=0.783698 loss_rec=0.636027 valid_auc=0.676685 valid_rmse=0.476529 q_change=57 q_delta=0.436486 q_grad=0.001314
epoch=30 loss_total=0.784666 loss_rec=0.637619 valid_auc=0.677388 valid_rmse=0.476779 q_change=57 q_delta=0.437056 q_grad=0.001312
epoch=31 loss_total=0.780805 loss_rec=0.634216 valid_auc=0.678828 valid_rmse=0.476074 q_change=57 q_delta=0.437626 q_grad=0.001348
epoch=32 loss_total=0.782667 loss_rec=0.636586 valid_auc=0.679141 valid_rmse=0.477005 q_change=57 q_delta=0.438037 q_grad=0.001407
epoch=33 loss_total=0.781416 loss_rec=0.635697 valid_auc=0.677946 valid_rmse=0.475493 q_change=57 q_delta=0.438669 q_grad=0.001399
epoch=34 loss_total=0.780290 loss_rec=0.635028 valid_auc=0.676830 valid_rmse=0.475166 q_change=57 q_delta=0.439007 q_grad=0.001430
epoch=35 loss_total=0.781900 loss_rec=0.636984 valid_auc=0.678638 valid_rmse=0.474584 q_change=57 q_delta=0.439354 q_grad=0.001430
epoch=36 loss_total=0.778525 loss_rec=0.633899 valid_auc=0.679163 valid_rmse=0.475649 q_change=57 q_delta=0.439556 q_grad=0.001476
epoch=37 loss_total=0.773516 loss_rec=0.629145 valid_auc=0.681462 valid_rmse=0.474840 q_change=57 q_delta=0.439818 q_grad=0.001509
epoch=38 loss_total=0.772434 loss_rec=0.628267 valid_auc=0.681406 valid_rmse=0.476158 q_change=57 q_delta=0.440005 q_grad=0.001617
epoch=39 loss_total=0.776024 loss_rec=0.632085 valid_auc=0.680926 valid_rmse=0.474389 q_change=57 q_delta=0.440339 q_grad=0.001592
epoch=40 loss_total=0.772135 loss_rec=0.628411 valid_auc=0.681161 valid_rmse=0.474468 q_change=57 q_delta=0.440447 q_grad=0.001635
epoch=41 loss_total=0.767999 loss_rec=0.624367 valid_auc=0.683638 valid_rmse=0.474746 q_change=57 q_delta=0.440440 q_grad=0.001662
epoch=42 loss_total=0.772587 loss_rec=0.628997 valid_auc=0.681362 valid_rmse=0.474808 q_change=57 q_delta=0.440507 q_grad=0.001714
epoch=43 loss_total=0.768707 loss_rec=0.625051 valid_auc=0.683984 valid_rmse=0.474005 q_change=57 q_delta=0.440309 q_grad=0.001677
epoch=44 loss_total=0.768874 loss_rec=0.625157 valid_auc=0.685592 valid_rmse=0.474274 q_change=57 q_delta=0.440285 q_grad=0.001750
epoch=45 loss_total=0.766332 loss_rec=0.622572 valid_auc=0.686518 valid_rmse=0.476313 q_change=57 q_delta=0.440099 q_grad=0.001791
epoch=46 loss_total=0.767278 loss_rec=0.623400 valid_auc=0.688393 valid_rmse=0.472590 q_change=56 q_delta=0.440293 q_grad=0.001760
epoch=47 loss_total=0.764093 loss_rec=0.620181 valid_auc=0.690100 valid_rmse=0.472839 q_change=56 q_delta=0.440677 q_grad=0.001786
epoch=48 loss_total=0.764967 loss_rec=0.620981 valid_auc=0.689967 valid_rmse=0.472054 q_change=56 q_delta=0.441083 q_grad=0.001815
epoch=49 loss_total=0.762904 loss_rec=0.618802 valid_auc=0.689743 valid_rmse=0.472259 q_change=56 q_delta=0.441345 q_grad=0.001851
epoch=50 loss_total=0.758585 loss_rec=0.614490 valid_auc=0.686429 valid_rmse=0.473041 q_change=56 q_delta=0.441562 q_grad=0.001771
epoch=51 loss_total=0.759165 loss_rec=0.615061 valid_auc=0.690301 valid_rmse=0.474094 q_change=56 q_delta=0.441670 q_grad=0.001909
epoch=52 loss_total=0.760086 loss_rec=0.615956 valid_auc=0.687411 valid_rmse=0.472501 q_change=56 q_delta=0.441908 q_grad=0.001913
epoch=53 loss_total=0.761668 loss_rec=0.617539 valid_auc=0.690391 valid_rmse=0.471569 q_change=56 q_delta=0.442061 q_grad=0.001894
epoch=54 loss_total=0.754036 loss_rec=0.609934 valid_auc=0.689487 valid_rmse=0.472912 q_change=56 q_delta=0.442102 q_grad=0.001865
epoch=55 loss_total=0.753998 loss_rec=0.609841 valid_auc=0.691842 valid_rmse=0.471380 q_change=56 q_delta=0.442145 q_grad=0.001907
epoch=56 loss_total=0.756026 loss_rec=0.611886 valid_auc=0.690234 valid_rmse=0.471590 q_change=56 q_delta=0.442226 q_grad=0.001959
epoch=57 loss_total=0.754474 loss_rec=0.610283 valid_auc=0.692790 valid_rmse=0.473228 q_change=56 q_delta=0.442085 q_grad=0.001989
epoch=58 loss_total=0.750905 loss_rec=0.606615 valid_auc=0.692143 valid_rmse=0.473087 q_change=56 q_delta=0.442113 q_grad=0.001944
epoch=59 loss_total=0.750561 loss_rec=0.606328 valid_auc=0.691897 valid_rmse=0.471305 q_change=56 q_delta=0.442182 q_grad=0.001951
epoch=60 loss_total=0.749582 loss_rec=0.605268 valid_auc=0.694554 valid_rmse=0.471675 q_change=56 q_delta=0.442056 q_grad=0.001975
epoch=61 loss_total=0.748991 loss_rec=0.604554 valid_auc=0.694286 valid_rmse=0.471638 q_change=55 q_delta=0.441989 q_grad=0.002013
epoch=62 loss_total=0.747341 loss_rec=0.602859 valid_auc=0.694107 valid_rmse=0.470822 q_change=54 q_delta=0.442241 q_grad=0.001953
epoch=63 loss_total=0.748171 loss_rec=0.603607 valid_auc=0.692467 valid_rmse=0.471971 q_change=54 q_delta=0.442484 q_grad=0.001968
epoch=64 loss_total=0.750803 loss_rec=0.606251 valid_auc=0.696473 valid_rmse=0.473117 q_change=54 q_delta=0.442799 q_grad=0.002022
epoch=65 loss_total=0.744352 loss_rec=0.599750 valid_auc=0.694766 valid_rmse=0.470604 q_change=54 q_delta=0.443206 q_grad=0.001925
epoch=66 loss_total=0.744796 loss_rec=0.600179 valid_auc=0.696205 valid_rmse=0.471250 q_change=54 q_delta=0.443436 q_grad=0.002048
epoch=67 loss_total=0.747082 loss_rec=0.602425 valid_auc=0.693850 valid_rmse=0.472560 q_change=54 q_delta=0.443760 q_grad=0.002018
epoch=68 loss_total=0.743032 loss_rec=0.598396 valid_auc=0.695826 valid_rmse=0.472654 q_change=54 q_delta=0.444039 q_grad=0.002033
epoch=69 loss_total=0.739612 loss_rec=0.594999 valid_auc=0.698705 valid_rmse=0.477635 q_change=54 q_delta=0.444203 q_grad=0.002106
epoch=70 loss_total=0.739404 loss_rec=0.594795 valid_auc=0.695748 valid_rmse=0.471024 q_change=54 q_delta=0.444563 q_grad=0.002097
epoch=71 loss_total=0.741499 loss_rec=0.596915 valid_auc=0.695926 valid_rmse=0.471165 q_change=54 q_delta=0.444784 q_grad=0.002109
epoch=72 loss_total=0.739803 loss_rec=0.595218 valid_auc=0.694888 valid_rmse=0.471819 q_change=54 q_delta=0.444990 q_grad=0.002124
epoch=73 loss_total=0.736929 loss_rec=0.592436 valid_auc=0.691786 valid_rmse=0.472135 q_change=54 q_delta=0.445211 q_grad=0.002177
epoch=74 loss_total=0.740921 loss_rec=0.596446 valid_auc=0.693326 valid_rmse=0.472729 q_change=54 q_delta=0.445355 q_grad=0.002121
epoch=75 loss_total=0.739026 loss_rec=0.594549 valid_auc=0.692991 valid_rmse=0.479051 q_change=54 q_delta=0.445457 q_grad=0.002119
epoch=76 loss_total=0.739021 loss_rec=0.594531 valid_auc=0.691016 valid_rmse=0.472201 q_change=54 q_delta=0.445675 q_grad=0.002113
epoch=77 loss_total=0.732768 loss_rec=0.588311 valid_auc=0.692031 valid_rmse=0.475822 q_change=54 q_delta=0.445701 q_grad=0.002106
epoch=78 loss_total=0.733949 loss_rec=0.589529 valid_auc=0.691596 valid_rmse=0.473822 q_change=54 q_delta=0.445806 q_grad=0.002265
epoch=79 loss_total=0.733348 loss_rec=0.588992 valid_auc=0.690725 valid_rmse=0.473213 q_change=54 q_delta=0.445940 q_grad=0.002332
epoch=80 loss_total=0.733491 loss_rec=0.589151 valid_auc=0.690402 valid_rmse=0.472910 q_change=54 q_delta=0.446036 q_grad=0.002255
epoch=81 loss_total=0.729592 loss_rec=0.585297 valid_auc=0.691819 valid_rmse=0.474970 q_change=54 q_delta=0.446142 q_grad=0.002306
epoch=82 loss_total=0.729989 loss_rec=0.585739 valid_auc=0.690011 valid_rmse=0.474296 q_change=54 q_delta=0.446213 q_grad=0.002346
epoch=83 loss_total=0.728583 loss_rec=0.584392 valid_auc=0.690781 valid_rmse=0.478284 q_change=54 q_delta=0.446279 q_grad=0.002314
epoch=84 loss_total=0.729442 loss_rec=0.585256 valid_auc=0.691406 valid_rmse=0.474908 q_change=54 q_delta=0.446473 q_grad=0.002394
epoch=85 loss_total=0.731324 loss_rec=0.587181 valid_auc=0.690413 valid_rmse=0.478623 q_change=54 q_delta=0.446410 q_grad=0.002412
epoch=86 loss_total=0.732861 loss_rec=0.588721 valid_auc=0.689319 valid_rmse=0.475722 q_change=54 q_delta=0.446524 q_grad=0.002387
epoch=87 loss_total=0.726849 loss_rec=0.582766 valid_auc=0.688170 valid_rmse=0.476197 q_change=54 q_delta=0.446599 q_grad=0.002332
epoch=88 loss_total=0.720934 loss_rec=0.576874 valid_auc=0.687467 valid_rmse=0.475958 q_change=54 q_delta=0.446676 q_grad=0.002421
epoch=89 loss_total=0.723092 loss_rec=0.579072 valid_auc=0.687824 valid_rmse=0.481384 q_change=54 q_delta=0.446688 q_grad=0.002473
Early stopping at epoch 89; best_epoch=69.
Saved run to C:\Users\YAN_SHU_YU\Desktop\Generative-CD\Q_GNCDM\results\weak_q_lambda_sweep\lq_0p5_ls_0p9_lb_0p5\seed_2026\noise_0.20\weak-q_lq_0p5_ls_0p9_lb_0p5
Final metrics: q_hat_f1=0.101695 response_auc=0.683859 mastery_pearson=0.300848
