run=weak-q_lq_0p4_ls_0p6_lb_0p4 mode=weak-q noise=0.20 train=4200 valid=600 test=1200
epoch=1 loss_total=1.084438 loss_rec=0.725663 valid_auc=0.587640 valid_rmse=0.499756 q_change=57 q_delta=0.079069 q_grad=0.000620
epoch=2 loss_total=1.018130 loss_rec=0.705958 valid_auc=0.594180 valid_rmse=0.499328 q_change=57 q_delta=0.149367 q_grad=0.000564
epoch=3 loss_total=0.972225 loss_rec=0.700114 valid_auc=0.606886 valid_rmse=0.498589 q_change=57 q_delta=0.208365 q_grad=0.000504
epoch=4 loss_total=0.933109 loss_rec=0.694039 valid_auc=0.624944 valid_rmse=0.497987 q_change=57 q_delta=0.256067 q_grad=0.000443
epoch=5 loss_total=0.907177 loss_rec=0.694096 valid_auc=0.645792 valid_rmse=0.496262 q_change=57 q_delta=0.293077 q_grad=0.000388
epoch=6 loss_total=0.882685 loss_rec=0.689593 valid_auc=0.659777 valid_rmse=0.495336 q_change=57 q_delta=0.321001 q_grad=0.000348
epoch=7 loss_total=0.860012 loss_rec=0.681893 valid_auc=0.660078 valid_rmse=0.493014 q_change=57 q_delta=0.341532 q_grad=0.000336
epoch=8 loss_total=0.841370 loss_rec=0.673810 valid_auc=0.655971 valid_rmse=0.488549 q_change=57 q_delta=0.355293 q_grad=0.000382
epoch=9 loss_total=0.822944 loss_rec=0.662509 valid_auc=0.661429 valid_rmse=0.481818 q_change=57 q_delta=0.365283 q_grad=0.000505
epoch=10 loss_total=0.815003 loss_rec=0.660257 valid_auc=0.662199 valid_rmse=0.481217 q_change=57 q_delta=0.373292 q_grad=0.000610
epoch=11 loss_total=0.806929 loss_rec=0.656559 valid_auc=0.663281 valid_rmse=0.480060 q_change=57 q_delta=0.380194 q_grad=0.000719
epoch=12 loss_total=0.794272 loss_rec=0.647860 valid_auc=0.667846 valid_rmse=0.480759 q_change=57 q_delta=0.385748 q_grad=0.000789
epoch=13 loss_total=0.788993 loss_rec=0.645868 valid_auc=0.668873 valid_rmse=0.477725 q_change=57 q_delta=0.390603 q_grad=0.000813
epoch=14 loss_total=0.785591 loss_rec=0.644990 valid_auc=0.669643 valid_rmse=0.479097 q_change=57 q_delta=0.394109 q_grad=0.000913
epoch=15 loss_total=0.781910 loss_rec=0.643466 valid_auc=0.669096 valid_rmse=0.477382 q_change=57 q_delta=0.397587 q_grad=0.000978
epoch=16 loss_total=0.780898 loss_rec=0.644240 valid_auc=0.671395 valid_rmse=0.477187 q_change=57 q_delta=0.400118 q_grad=0.001089
epoch=17 loss_total=0.778272 loss_rec=0.643214 valid_auc=0.673002 valid_rmse=0.477489 q_change=57 q_delta=0.402361 q_grad=0.001073
epoch=18 loss_total=0.771502 loss_rec=0.637736 valid_auc=0.674364 valid_rmse=0.476617 q_change=57 q_delta=0.404399 q_grad=0.001126
epoch=19 loss_total=0.768953 loss_rec=0.636412 valid_auc=0.675525 valid_rmse=0.476563 q_change=57 q_delta=0.406154 q_grad=0.001222
epoch=20 loss_total=0.767464 loss_rec=0.635884 valid_auc=0.679129 valid_rmse=0.475028 q_change=57 q_delta=0.407786 q_grad=0.001333
epoch=21 loss_total=0.763533 loss_rec=0.632875 valid_auc=0.679542 valid_rmse=0.476087 q_change=57 q_delta=0.408849 q_grad=0.001296
epoch=22 loss_total=0.762215 loss_rec=0.632227 valid_auc=0.680580 valid_rmse=0.474751 q_change=57 q_delta=0.409850 q_grad=0.001429
epoch=23 loss_total=0.758827 loss_rec=0.629452 valid_auc=0.679688 valid_rmse=0.474411 q_change=57 q_delta=0.410920 q_grad=0.001452
epoch=24 loss_total=0.754039 loss_rec=0.625235 valid_auc=0.678527 valid_rmse=0.474893 q_change=57 q_delta=0.411658 q_grad=0.001514
epoch=25 loss_total=0.756576 loss_rec=0.628213 valid_auc=0.679676 valid_rmse=0.474651 q_change=57 q_delta=0.412124 q_grad=0.001665
epoch=26 loss_total=0.753816 loss_rec=0.625784 valid_auc=0.680938 valid_rmse=0.475435 q_change=57 q_delta=0.412534 q_grad=0.001671
epoch=27 loss_total=0.750923 loss_rec=0.623049 valid_auc=0.684788 valid_rmse=0.475037 q_change=57 q_delta=0.412605 q_grad=0.001682
epoch=28 loss_total=0.752324 loss_rec=0.624622 valid_auc=0.683337 valid_rmse=0.474321 q_change=56 q_delta=0.412937 q_grad=0.001782
epoch=29 loss_total=0.747702 loss_rec=0.620143 valid_auc=0.686105 valid_rmse=0.473771 q_change=56 q_delta=0.413715 q_grad=0.001841
epoch=30 loss_total=0.747827 loss_rec=0.620407 valid_auc=0.686395 valid_rmse=0.473854 q_change=56 q_delta=0.414410 q_grad=0.001815
epoch=31 loss_total=0.744043 loss_rec=0.616675 valid_auc=0.687400 valid_rmse=0.473762 q_change=56 q_delta=0.415093 q_grad=0.001861
epoch=32 loss_total=0.745561 loss_rec=0.618377 valid_auc=0.689509 valid_rmse=0.474231 q_change=56 q_delta=0.415580 q_grad=0.001923
epoch=33 loss_total=0.743941 loss_rec=0.616879 valid_auc=0.686306 valid_rmse=0.472801 q_change=56 q_delta=0.416298 q_grad=0.001898
epoch=34 loss_total=0.742961 loss_rec=0.616085 valid_auc=0.685625 valid_rmse=0.472707 q_change=56 q_delta=0.416645 q_grad=0.001915
epoch=35 loss_total=0.743744 loss_rec=0.617022 valid_auc=0.689040 valid_rmse=0.471915 q_change=56 q_delta=0.416964 q_grad=0.001897
epoch=36 loss_total=0.740326 loss_rec=0.613649 valid_auc=0.691295 valid_rmse=0.472487 q_change=56 q_delta=0.416933 q_grad=0.001942
epoch=37 loss_total=0.734506 loss_rec=0.607862 valid_auc=0.690603 valid_rmse=0.472381 q_change=56 q_delta=0.417109 q_grad=0.001949
epoch=38 loss_total=0.733924 loss_rec=0.607428 valid_auc=0.690257 valid_rmse=0.474548 q_change=56 q_delta=0.417268 q_grad=0.002055
epoch=39 loss_total=0.736503 loss_rec=0.610071 valid_auc=0.691730 valid_rmse=0.471506 q_change=56 q_delta=0.417536 q_grad=0.001982
epoch=40 loss_total=0.732017 loss_rec=0.605662 valid_auc=0.692031 valid_rmse=0.471758 q_change=55 q_delta=0.417563 q_grad=0.002015
epoch=41 loss_total=0.727856 loss_rec=0.601593 valid_auc=0.694129 valid_rmse=0.471784 q_change=55 q_delta=0.418024 q_grad=0.002006
epoch=42 loss_total=0.731517 loss_rec=0.605291 valid_auc=0.691105 valid_rmse=0.471926 q_change=55 q_delta=0.418557 q_grad=0.002081
epoch=43 loss_total=0.726949 loss_rec=0.600706 valid_auc=0.691931 valid_rmse=0.471776 q_change=55 q_delta=0.418877 q_grad=0.002021
epoch=44 loss_total=0.727719 loss_rec=0.601620 valid_auc=0.692623 valid_rmse=0.471928 q_change=55 q_delta=0.419426 q_grad=0.002080
epoch=45 loss_total=0.724287 loss_rec=0.598326 valid_auc=0.693583 valid_rmse=0.474349 q_change=55 q_delta=0.419756 q_grad=0.002105
epoch=46 loss_total=0.725124 loss_rec=0.599229 valid_auc=0.694844 valid_rmse=0.470329 q_change=55 q_delta=0.420294 q_grad=0.002057
epoch=47 loss_total=0.722608 loss_rec=0.596880 valid_auc=0.695882 valid_rmse=0.471154 q_change=55 q_delta=0.420706 q_grad=0.002083
epoch=48 loss_total=0.721758 loss_rec=0.596134 valid_auc=0.694710 valid_rmse=0.470838 q_change=55 q_delta=0.421076 q_grad=0.002134
epoch=49 loss_total=0.719394 loss_rec=0.593879 valid_auc=0.694821 valid_rmse=0.470781 q_change=54 q_delta=0.421366 q_grad=0.002170
epoch=50 loss_total=0.715476 loss_rec=0.590060 valid_auc=0.693013 valid_rmse=0.471868 q_change=54 q_delta=0.421680 q_grad=0.002080
epoch=51 loss_total=0.715925 loss_rec=0.590664 valid_auc=0.695011 valid_rmse=0.473258 q_change=54 q_delta=0.421889 q_grad=0.002209
epoch=52 loss_total=0.717395 loss_rec=0.592283 valid_auc=0.693158 valid_rmse=0.471696 q_change=54 q_delta=0.422307 q_grad=0.002215
epoch=53 loss_total=0.718832 loss_rec=0.593811 valid_auc=0.695022 valid_rmse=0.471327 q_change=54 q_delta=0.422564 q_grad=0.002226
epoch=54 loss_total=0.710703 loss_rec=0.585807 valid_auc=0.692154 valid_rmse=0.473115 q_change=53 q_delta=0.422787 q_grad=0.002198
epoch=55 loss_total=0.709703 loss_rec=0.584959 valid_auc=0.697054 valid_rmse=0.471249 q_change=52 q_delta=0.423028 q_grad=0.002247
epoch=56 loss_total=0.711108 loss_rec=0.586464 valid_auc=0.694375 valid_rmse=0.471867 q_change=52 q_delta=0.423260 q_grad=0.002278
epoch=57 loss_total=0.709181 loss_rec=0.584643 valid_auc=0.694364 valid_rmse=0.474086 q_change=52 q_delta=0.423412 q_grad=0.002376
epoch=58 loss_total=0.705667 loss_rec=0.581192 valid_auc=0.692846 valid_rmse=0.474986 q_change=52 q_delta=0.423792 q_grad=0.002340
epoch=59 loss_total=0.706178 loss_rec=0.581867 valid_auc=0.692567 valid_rmse=0.472553 q_change=52 q_delta=0.424127 q_grad=0.002330
epoch=60 loss_total=0.705179 loss_rec=0.580945 valid_auc=0.693158 valid_rmse=0.473969 q_change=52 q_delta=0.424220 q_grad=0.002384
epoch=61 loss_total=0.703835 loss_rec=0.579639 valid_auc=0.692723 valid_rmse=0.473483 q_change=52 q_delta=0.424476 q_grad=0.002445
epoch=62 loss_total=0.700850 loss_rec=0.576755 valid_auc=0.691741 valid_rmse=0.473332 q_change=52 q_delta=0.424737 q_grad=0.002414
epoch=63 loss_total=0.701482 loss_rec=0.577411 valid_auc=0.690257 valid_rmse=0.474260 q_change=52 q_delta=0.424835 q_grad=0.002463
epoch=64 loss_total=0.703636 loss_rec=0.579605 valid_auc=0.694051 valid_rmse=0.475901 q_change=52 q_delta=0.424891 q_grad=0.002525
epoch=65 loss_total=0.697995 loss_rec=0.573963 valid_auc=0.691730 valid_rmse=0.473620 q_change=52 q_delta=0.425077 q_grad=0.002415
epoch=66 loss_total=0.698395 loss_rec=0.574357 valid_auc=0.691484 valid_rmse=0.474375 q_change=52 q_delta=0.425002 q_grad=0.002582
epoch=67 loss_total=0.699816 loss_rec=0.575777 valid_auc=0.689118 valid_rmse=0.475613 q_change=52 q_delta=0.425009 q_grad=0.002576
epoch=68 loss_total=0.694461 loss_rec=0.570350 valid_auc=0.689688 valid_rmse=0.477477 q_change=52 q_delta=0.424865 q_grad=0.002583
epoch=69 loss_total=0.691072 loss_rec=0.566909 valid_auc=0.692958 valid_rmse=0.481899 q_change=51 q_delta=0.424674 q_grad=0.002683
epoch=70 loss_total=0.688815 loss_rec=0.564546 valid_auc=0.687444 valid_rmse=0.475754 q_change=51 q_delta=0.425119 q_grad=0.002702
epoch=71 loss_total=0.689597 loss_rec=0.565327 valid_auc=0.688493 valid_rmse=0.475545 q_change=51 q_delta=0.425495 q_grad=0.002726
epoch=72 loss_total=0.687849 loss_rec=0.563467 valid_auc=0.688259 valid_rmse=0.475959 q_change=51 q_delta=0.425717 q_grad=0.002738
epoch=73 loss_total=0.682637 loss_rec=0.558249 valid_auc=0.685379 valid_rmse=0.477139 q_change=52 q_delta=0.425995 q_grad=0.002805
epoch=74 loss_total=0.686279 loss_rec=0.561795 valid_auc=0.686317 valid_rmse=0.477714 q_change=51 q_delta=0.426095 q_grad=0.002780
epoch=75 loss_total=0.684359 loss_rec=0.559797 valid_auc=0.683348 valid_rmse=0.484698 q_change=51 q_delta=0.426110 q_grad=0.002802
Early stopping at epoch 75; best_epoch=55.
Saved run to C:\Users\YAN_SHU_YU\Desktop\Generative-CD\Q_GNCDM\results\weak_q_lambda_sweep\lq_0p4_ls_0p6_lb_0p4\seed_2026\noise_0.20\weak-q_lq_0p4_ls_0p6_lb_0p4
Final metrics: q_hat_f1=0.163934 response_auc=0.687022 mastery_pearson=0.341222
