run=weak-q_lq_0p6_ls_0p9_lb_0p5 mode=weak-q noise=0.20 train=4200 valid=600 test=1200
epoch=1 loss_total=1.239421 loss_rec=0.725665 valid_auc=0.587439 valid_rmse=0.499759 q_change=57 q_delta=0.079213 q_grad=0.000921
epoch=2 loss_total=1.151260 loss_rec=0.705987 valid_auc=0.592946 valid_rmse=0.499355 q_change=57 q_delta=0.149623 q_grad=0.000831
epoch=3 loss_total=1.087521 loss_rec=0.700220 valid_auc=0.603527 valid_rmse=0.498669 q_change=57 q_delta=0.208656 q_grad=0.000733
epoch=4 loss_total=1.034495 loss_rec=0.694280 valid_auc=0.619342 valid_rmse=0.498154 q_change=57 q_delta=0.256355 q_grad=0.000635
epoch=5 loss_total=0.997953 loss_rec=0.694567 valid_auc=0.638828 valid_rmse=0.496578 q_change=57 q_delta=0.293683 q_grad=0.000542
epoch=6 loss_total=0.965563 loss_rec=0.690582 valid_auc=0.654520 valid_rmse=0.496001 q_change=57 q_delta=0.322400 q_grad=0.000466
epoch=7 loss_total=0.937520 loss_rec=0.684187 valid_auc=0.656585 valid_rmse=0.494519 q_change=57 q_delta=0.344305 q_grad=0.000413
epoch=8 loss_total=0.915924 loss_rec=0.678710 valid_auc=0.651730 valid_rmse=0.491564 q_change=57 q_delta=0.360287 q_grad=0.000397
epoch=9 loss_total=0.895805 loss_rec=0.670217 valid_auc=0.656138 valid_rmse=0.485227 q_change=57 q_delta=0.372090 q_grad=0.000456
epoch=10 loss_total=0.883022 loss_rec=0.666269 valid_auc=0.656953 valid_rmse=0.483286 q_change=57 q_delta=0.381011 q_grad=0.000534
epoch=11 loss_total=0.871610 loss_rec=0.661525 valid_auc=0.658438 valid_rmse=0.482046 q_change=57 q_delta=0.388612 q_grad=0.000637
epoch=12 loss_total=0.856253 loss_rec=0.652158 valid_auc=0.662121 valid_rmse=0.482592 q_change=57 q_delta=0.394953 q_grad=0.000702
epoch=13 loss_total=0.849458 loss_rec=0.650437 valid_auc=0.663917 valid_rmse=0.479223 q_change=57 q_delta=0.400409 q_grad=0.000720
epoch=14 loss_total=0.844458 loss_rec=0.649407 valid_auc=0.666585 valid_rmse=0.480536 q_change=57 q_delta=0.404621 q_grad=0.000799
epoch=15 loss_total=0.839805 loss_rec=0.648203 valid_auc=0.665748 valid_rmse=0.478870 q_change=57 q_delta=0.408595 q_grad=0.000846
epoch=16 loss_total=0.837591 loss_rec=0.648845 valid_auc=0.666786 valid_rmse=0.478850 q_change=57 q_delta=0.411701 q_grad=0.000931
epoch=17 loss_total=0.834752 loss_rec=0.648599 valid_auc=0.668549 valid_rmse=0.479423 q_change=57 q_delta=0.414443 q_grad=0.000909
epoch=18 loss_total=0.827580 loss_rec=0.643602 valid_auc=0.669587 valid_rmse=0.478453 q_change=57 q_delta=0.416949 q_grad=0.000942
epoch=19 loss_total=0.824136 loss_rec=0.642115 valid_auc=0.669431 valid_rmse=0.478447 q_change=57 q_delta=0.419068 q_grad=0.001011
epoch=20 loss_total=0.822640 loss_rec=0.642246 valid_auc=0.672690 valid_rmse=0.476983 q_change=57 q_delta=0.421060 q_grad=0.001102
epoch=21 loss_total=0.818379 loss_rec=0.639546 valid_auc=0.673125 valid_rmse=0.477889 q_change=57 q_delta=0.422538 q_grad=0.001060
epoch=22 loss_total=0.817260 loss_rec=0.639663 valid_auc=0.674464 valid_rmse=0.476603 q_change=57 q_delta=0.423965 q_grad=0.001161
epoch=23 loss_total=0.813209 loss_rec=0.636761 valid_auc=0.673783 valid_rmse=0.476188 q_change=57 q_delta=0.425375 q_grad=0.001176
epoch=24 loss_total=0.808555 loss_rec=0.633191 valid_auc=0.674185 valid_rmse=0.476543 q_change=57 q_delta=0.426497 q_grad=0.001227
epoch=25 loss_total=0.811010 loss_rec=0.636529 valid_auc=0.674743 valid_rmse=0.476117 q_change=57 q_delta=0.427412 q_grad=0.001344
epoch=26 loss_total=0.808181 loss_rec=0.634495 valid_auc=0.675491 valid_rmse=0.476911 q_change=57 q_delta=0.428278 q_grad=0.001355
epoch=27 loss_total=0.805677 loss_rec=0.632621 valid_auc=0.678650 valid_rmse=0.476401 q_change=57 q_delta=0.428963 q_grad=0.001369
epoch=28 loss_total=0.806891 loss_rec=0.634471 valid_auc=0.679152 valid_rmse=0.475459 q_change=57 q_delta=0.429739 q_grad=0.001443
epoch=29 loss_total=0.803255 loss_rec=0.631371 valid_auc=0.680993 valid_rmse=0.475302 q_change=57 q_delta=0.430310 q_grad=0.001507
epoch=30 loss_total=0.804138 loss_rec=0.632750 valid_auc=0.680960 valid_rmse=0.475461 q_change=57 q_delta=0.430778 q_grad=0.001499
epoch=31 loss_total=0.800289 loss_rec=0.629194 valid_auc=0.683114 valid_rmse=0.474910 q_change=57 q_delta=0.431181 q_grad=0.001542
epoch=32 loss_total=0.802142 loss_rec=0.631410 valid_auc=0.683739 valid_rmse=0.475879 q_change=57 q_delta=0.431438 q_grad=0.001612
epoch=33 loss_total=0.800758 loss_rec=0.630228 valid_auc=0.681339 valid_rmse=0.474187 q_change=57 q_delta=0.431918 q_grad=0.001596
epoch=34 loss_total=0.799510 loss_rec=0.629257 valid_auc=0.680536 valid_rmse=0.473883 q_change=57 q_delta=0.432077 q_grad=0.001628
epoch=35 loss_total=0.800887 loss_rec=0.630777 valid_auc=0.684263 valid_rmse=0.473145 q_change=57 q_delta=0.432181 q_grad=0.001624
epoch=36 loss_total=0.797408 loss_rec=0.627335 valid_auc=0.685915 valid_rmse=0.473905 q_change=57 q_delta=0.432064 q_grad=0.001669
epoch=37 loss_total=0.791389 loss_rec=0.621290 valid_auc=0.687723 valid_rmse=0.473150 q_change=57 q_delta=0.431997 q_grad=0.001698
epoch=38 loss_total=0.790363 loss_rec=0.620237 valid_auc=0.686819 valid_rmse=0.475372 q_change=56 q_delta=0.432037 q_grad=0.001812
epoch=39 loss_total=0.793567 loss_rec=0.623484 valid_auc=0.687500 valid_rmse=0.472807 q_change=56 q_delta=0.432755 q_grad=0.001763
epoch=40 loss_total=0.789277 loss_rec=0.619219 valid_auc=0.687723 valid_rmse=0.472878 q_change=56 q_delta=0.433223 q_grad=0.001801
epoch=41 loss_total=0.784609 loss_rec=0.614579 valid_auc=0.690625 valid_rmse=0.473186 q_change=56 q_delta=0.433610 q_grad=0.001823
epoch=42 loss_total=0.789279 loss_rec=0.619285 valid_auc=0.686429 valid_rmse=0.473414 q_change=56 q_delta=0.434049 q_grad=0.001872
epoch=43 loss_total=0.784890 loss_rec=0.614870 valid_auc=0.689018 valid_rmse=0.472525 q_change=56 q_delta=0.434146 q_grad=0.001817
epoch=44 loss_total=0.785659 loss_rec=0.615699 valid_auc=0.689051 valid_rmse=0.472919 q_change=56 q_delta=0.434470 q_grad=0.001891
epoch=45 loss_total=0.782608 loss_rec=0.612672 valid_auc=0.689632 valid_rmse=0.475353 q_change=56 q_delta=0.434492 q_grad=0.001920
epoch=46 loss_total=0.783557 loss_rec=0.613570 valid_auc=0.691395 valid_rmse=0.471243 q_change=56 q_delta=0.434709 q_grad=0.001874
epoch=47 loss_total=0.780536 loss_rec=0.610553 valid_auc=0.693382 valid_rmse=0.471467 q_change=56 q_delta=0.434705 q_grad=0.001894
epoch=48 loss_total=0.780822 loss_rec=0.610787 valid_auc=0.693382 valid_rmse=0.470853 q_change=55 q_delta=0.434784 q_grad=0.001926
epoch=49 loss_total=0.778523 loss_rec=0.608380 valid_auc=0.693382 valid_rmse=0.470914 q_change=55 q_delta=0.434916 q_grad=0.001951
epoch=50 loss_total=0.774113 loss_rec=0.603941 valid_auc=0.691808 valid_rmse=0.471581 q_change=55 q_delta=0.435398 q_grad=0.001855
epoch=51 loss_total=0.774293 loss_rec=0.604113 valid_auc=0.695480 valid_rmse=0.472385 q_change=55 q_delta=0.435740 q_grad=0.001991
epoch=52 loss_total=0.775352 loss_rec=0.605152 valid_auc=0.693504 valid_rmse=0.471082 q_change=55 q_delta=0.436201 q_grad=0.001993
epoch=53 loss_total=0.776948 loss_rec=0.606736 valid_auc=0.695792 valid_rmse=0.470435 q_change=55 q_delta=0.436554 q_grad=0.001983
epoch=54 loss_total=0.769061 loss_rec=0.598902 valid_auc=0.694654 valid_rmse=0.471680 q_change=55 q_delta=0.436848 q_grad=0.001948
epoch=55 loss_total=0.768874 loss_rec=0.598767 valid_auc=0.697790 valid_rmse=0.470155 q_change=55 q_delta=0.437133 q_grad=0.002004
epoch=56 loss_total=0.770278 loss_rec=0.600214 valid_auc=0.695971 valid_rmse=0.470558 q_change=55 q_delta=0.437414 q_grad=0.002044
epoch=57 loss_total=0.768462 loss_rec=0.598440 valid_auc=0.697612 valid_rmse=0.472372 q_change=54 q_delta=0.437557 q_grad=0.002090
epoch=58 loss_total=0.765116 loss_rec=0.595116 valid_auc=0.695614 valid_rmse=0.472764 q_change=54 q_delta=0.437812 q_grad=0.002052
epoch=59 loss_total=0.764836 loss_rec=0.594997 valid_auc=0.694955 valid_rmse=0.470718 q_change=54 q_delta=0.438161 q_grad=0.002056
epoch=60 loss_total=0.764301 loss_rec=0.594547 valid_auc=0.696217 valid_rmse=0.471830 q_change=54 q_delta=0.438323 q_grad=0.002083
epoch=61 loss_total=0.763171 loss_rec=0.593475 valid_auc=0.695781 valid_rmse=0.471532 q_change=54 q_delta=0.438569 q_grad=0.002134
epoch=62 loss_total=0.761256 loss_rec=0.591651 valid_auc=0.695513 valid_rmse=0.471056 q_change=54 q_delta=0.438774 q_grad=0.002090
epoch=63 loss_total=0.762501 loss_rec=0.592926 valid_auc=0.693415 valid_rmse=0.472125 q_change=54 q_delta=0.438838 q_grad=0.002122
epoch=64 loss_total=0.765226 loss_rec=0.595775 valid_auc=0.698359 valid_rmse=0.473383 q_change=54 q_delta=0.438986 q_grad=0.002173
epoch=65 loss_total=0.759309 loss_rec=0.589900 valid_auc=0.694777 valid_rmse=0.471300 q_change=54 q_delta=0.439253 q_grad=0.002079
epoch=66 loss_total=0.759839 loss_rec=0.590523 valid_auc=0.696138 valid_rmse=0.471950 q_change=54 q_delta=0.439384 q_grad=0.002205
epoch=67 loss_total=0.762291 loss_rec=0.593022 valid_auc=0.693683 valid_rmse=0.473209 q_change=54 q_delta=0.439519 q_grad=0.002188
epoch=68 loss_total=0.758111 loss_rec=0.588924 valid_auc=0.694710 valid_rmse=0.474062 q_change=54 q_delta=0.439647 q_grad=0.002195
epoch=69 loss_total=0.754926 loss_rec=0.585821 valid_auc=0.697857 valid_rmse=0.478952 q_change=54 q_delta=0.439673 q_grad=0.002273
epoch=70 loss_total=0.754386 loss_rec=0.585302 valid_auc=0.693638 valid_rmse=0.472052 q_change=54 q_delta=0.439928 q_grad=0.002272
epoch=71 loss_total=0.756743 loss_rec=0.587716 valid_auc=0.694308 valid_rmse=0.472279 q_change=54 q_delta=0.440015 q_grad=0.002285
epoch=72 loss_total=0.755396 loss_rec=0.586401 valid_auc=0.692846 valid_rmse=0.472740 q_change=54 q_delta=0.440127 q_grad=0.002294
epoch=73 loss_total=0.751593 loss_rec=0.582719 valid_auc=0.691250 valid_rmse=0.473156 q_change=54 q_delta=0.440230 q_grad=0.002347
epoch=74 loss_total=0.755920 loss_rec=0.587079 valid_auc=0.692299 valid_rmse=0.473798 q_change=54 q_delta=0.440267 q_grad=0.002285
epoch=75 loss_total=0.753995 loss_rec=0.585126 valid_auc=0.689230 valid_rmse=0.480698 q_change=54 q_delta=0.440199 q_grad=0.002287
epoch=76 loss_total=0.753831 loss_rec=0.584916 valid_auc=0.689107 valid_rmse=0.473176 q_change=54 q_delta=0.440344 q_grad=0.002289
epoch=77 loss_total=0.747168 loss_rec=0.578266 valid_auc=0.690000 valid_rmse=0.476732 q_change=54 q_delta=0.440198 q_grad=0.002291
epoch=78 loss_total=0.747848 loss_rec=0.578923 valid_auc=0.689911 valid_rmse=0.475323 q_change=54 q_delta=0.440166 q_grad=0.002457
epoch=79 loss_total=0.746519 loss_rec=0.577577 valid_auc=0.688516 valid_rmse=0.474458 q_change=54 q_delta=0.440139 q_grad=0.002523
epoch=80 loss_total=0.747352 loss_rec=0.578325 valid_auc=0.688103 valid_rmse=0.474155 q_change=54 q_delta=0.440011 q_grad=0.002447
epoch=81 loss_total=0.742266 loss_rec=0.573184 valid_auc=0.687946 valid_rmse=0.476971 q_change=54 q_delta=0.439872 q_grad=0.002497
epoch=82 loss_total=0.741662 loss_rec=0.572463 valid_auc=0.687054 valid_rmse=0.476276 q_change=54 q_delta=0.439668 q_grad=0.002551
epoch=83 loss_total=0.740562 loss_rec=0.571209 valid_auc=0.686406 valid_rmse=0.480745 q_change=54 q_delta=0.439411 q_grad=0.002519
epoch=84 loss_total=0.739821 loss_rec=0.570266 valid_auc=0.685815 valid_rmse=0.477659 q_change=53 q_delta=0.439267 q_grad=0.002612
Early stopping at epoch 84; best_epoch=64.
Saved run to C:\Users\YAN_SHU_YU\Desktop\Generative-CD\Q_GNCDM\results\weak_q_lambda_sweep\lq_0p6_ls_0p9_lb_0p5\seed_2026\noise_0.20\weak-q_lq_0p6_ls_0p9_lb_0p5
Final metrics: q_hat_f1=0.101695 response_auc=0.685966 mastery_pearson=0.318384
