run=weak-q_lq_0p8_ls_0p5_lb_0p9 mode=weak-q noise=0.20 train=4200 valid=600 test=1200
epoch=1 loss_total=1.163520 loss_rec=0.725663 valid_auc=0.587796 valid_rmse=0.499755 q_change=57 q_delta=0.079201 q_grad=0.000552
epoch=2 loss_total=1.101458 loss_rec=0.705963 valid_auc=0.594587 valid_rmse=0.499322 q_change=57 q_delta=0.150243 q_grad=0.000514
epoch=3 loss_total=1.058102 loss_rec=0.700129 valid_auc=0.608047 valid_rmse=0.498578 q_change=57 q_delta=0.210240 q_grad=0.000469
epoch=4 loss_total=1.020381 loss_rec=0.694081 valid_auc=0.627109 valid_rmse=0.497981 q_change=57 q_delta=0.258828 q_grad=0.000418
epoch=5 loss_total=0.995218 loss_rec=0.694186 valid_auc=0.647913 valid_rmse=0.496276 q_change=57 q_delta=0.296366 q_grad=0.000372
epoch=6 loss_total=0.971240 loss_rec=0.689785 valid_auc=0.661417 valid_rmse=0.495399 q_change=57 q_delta=0.324463 q_grad=0.000337
epoch=7 loss_total=0.949041 loss_rec=0.682295 valid_auc=0.660971 valid_rmse=0.493170 q_change=57 q_delta=0.344945 q_grad=0.000327
epoch=8 loss_total=0.930925 loss_rec=0.674550 valid_auc=0.656942 valid_rmse=0.488764 q_change=57 q_delta=0.358483 q_grad=0.000372
epoch=9 loss_total=0.912776 loss_rec=0.663363 valid_auc=0.661317 valid_rmse=0.482011 q_change=57 q_delta=0.368150 q_grad=0.000492
epoch=10 loss_total=0.904857 loss_rec=0.660959 valid_auc=0.661975 valid_rmse=0.481320 q_change=57 q_delta=0.375839 q_grad=0.000596
epoch=11 loss_total=0.896845 loss_rec=0.657193 valid_auc=0.663136 valid_rmse=0.480178 q_change=57 q_delta=0.382482 q_grad=0.000705
epoch=12 loss_total=0.884296 loss_rec=0.648477 valid_auc=0.666897 valid_rmse=0.480959 q_change=57 q_delta=0.387816 q_grad=0.000772
epoch=13 loss_total=0.879090 loss_rec=0.646479 valid_auc=0.667924 valid_rmse=0.477988 q_change=57 q_delta=0.392504 q_grad=0.000796
epoch=14 loss_total=0.875653 loss_rec=0.645500 valid_auc=0.668728 valid_rmse=0.479358 q_change=57 q_delta=0.395830 q_grad=0.000894
epoch=15 loss_total=0.872083 loss_rec=0.644022 valid_auc=0.668013 valid_rmse=0.477654 q_change=57 q_delta=0.399175 q_grad=0.000956
epoch=16 loss_total=0.871062 loss_rec=0.644755 valid_auc=0.670402 valid_rmse=0.477379 q_change=57 q_delta=0.401569 q_grad=0.001066
epoch=17 loss_total=0.868516 loss_rec=0.643753 valid_auc=0.671864 valid_rmse=0.477678 q_change=57 q_delta=0.403672 q_grad=0.001051
epoch=18 loss_total=0.861704 loss_rec=0.638185 valid_auc=0.673438 valid_rmse=0.476843 q_change=57 q_delta=0.405570 q_grad=0.001103
epoch=19 loss_total=0.859067 loss_rec=0.636723 valid_auc=0.674665 valid_rmse=0.476607 q_change=57 q_delta=0.407195 q_grad=0.001197
epoch=20 loss_total=0.857538 loss_rec=0.636121 valid_auc=0.678415 valid_rmse=0.475075 q_change=57 q_delta=0.408694 q_grad=0.001310
epoch=21 loss_total=0.853635 loss_rec=0.633085 valid_auc=0.679554 valid_rmse=0.475987 q_change=57 q_delta=0.409615 q_grad=0.001277
epoch=22 loss_total=0.852197 loss_rec=0.632273 valid_auc=0.680848 valid_rmse=0.474537 q_change=57 q_delta=0.410430 q_grad=0.001410
epoch=23 loss_total=0.848609 loss_rec=0.629219 valid_auc=0.680123 valid_rmse=0.474178 q_change=57 q_delta=0.411282 q_grad=0.001439
epoch=24 loss_total=0.843480 loss_rec=0.624586 valid_auc=0.680123 valid_rmse=0.474548 q_change=57 q_delta=0.411743 q_grad=0.001505
epoch=25 loss_total=0.845745 loss_rec=0.627183 valid_auc=0.681719 valid_rmse=0.474140 q_change=57 q_delta=0.411864 q_grad=0.001664
epoch=26 loss_total=0.842550 loss_rec=0.624203 valid_auc=0.683694 valid_rmse=0.474614 q_change=56 q_delta=0.411909 q_grad=0.001673
epoch=27 loss_total=0.839088 loss_rec=0.620832 valid_auc=0.687109 valid_rmse=0.474369 q_change=56 q_delta=0.412480 q_grad=0.001690
epoch=28 loss_total=0.839811 loss_rec=0.621749 valid_auc=0.685078 valid_rmse=0.473789 q_change=56 q_delta=0.413455 q_grad=0.001792
epoch=29 loss_total=0.835052 loss_rec=0.617193 valid_auc=0.688125 valid_rmse=0.473168 q_change=56 q_delta=0.413992 q_grad=0.001862
epoch=30 loss_total=0.835039 loss_rec=0.617315 valid_auc=0.689330 valid_rmse=0.473174 q_change=56 q_delta=0.414241 q_grad=0.001844
epoch=31 loss_total=0.831025 loss_rec=0.613374 valid_auc=0.690592 valid_rmse=0.472944 q_change=56 q_delta=0.414492 q_grad=0.001893
epoch=32 loss_total=0.832132 loss_rec=0.614624 valid_auc=0.692913 valid_rmse=0.473390 q_change=56 q_delta=0.414538 q_grad=0.001967
epoch=33 loss_total=0.830087 loss_rec=0.612651 valid_auc=0.689241 valid_rmse=0.471923 q_change=56 q_delta=0.414886 q_grad=0.001946
epoch=34 loss_total=0.828849 loss_rec=0.611523 valid_auc=0.688103 valid_rmse=0.472038 q_change=56 q_delta=0.414873 q_grad=0.001973
epoch=35 loss_total=0.828928 loss_rec=0.611729 valid_auc=0.691004 valid_rmse=0.471198 q_change=55 q_delta=0.414892 q_grad=0.001956
epoch=36 loss_total=0.825068 loss_rec=0.607896 valid_auc=0.692266 valid_rmse=0.471794 q_change=54 q_delta=0.414801 q_grad=0.002003
epoch=37 loss_total=0.819014 loss_rec=0.601876 valid_auc=0.692031 valid_rmse=0.472168 q_change=54 q_delta=0.415169 q_grad=0.002005
epoch=38 loss_total=0.818032 loss_rec=0.601041 valid_auc=0.691819 valid_rmse=0.474044 q_change=54 q_delta=0.415690 q_grad=0.002108
epoch=39 loss_total=0.820461 loss_rec=0.603602 valid_auc=0.692835 valid_rmse=0.470963 q_change=54 q_delta=0.416534 q_grad=0.002038
epoch=40 loss_total=0.815490 loss_rec=0.598792 valid_auc=0.692455 valid_rmse=0.471720 q_change=54 q_delta=0.417025 q_grad=0.002072
epoch=41 loss_total=0.811335 loss_rec=0.594798 valid_auc=0.694442 valid_rmse=0.471634 q_change=54 q_delta=0.417440 q_grad=0.002058
epoch=42 loss_total=0.814565 loss_rec=0.598146 valid_auc=0.692199 valid_rmse=0.471752 q_change=54 q_delta=0.417913 q_grad=0.002145
epoch=43 loss_total=0.810347 loss_rec=0.594001 valid_auc=0.692757 valid_rmse=0.471965 q_change=54 q_delta=0.418197 q_grad=0.002100
epoch=44 loss_total=0.810480 loss_rec=0.594317 valid_auc=0.693895 valid_rmse=0.472052 q_change=53 q_delta=0.418568 q_grad=0.002159
epoch=45 loss_total=0.807360 loss_rec=0.591372 valid_auc=0.694598 valid_rmse=0.474282 q_change=53 q_delta=0.418809 q_grad=0.002187
epoch=46 loss_total=0.807760 loss_rec=0.591875 valid_auc=0.696016 valid_rmse=0.470305 q_change=53 q_delta=0.419379 q_grad=0.002156
epoch=47 loss_total=0.805190 loss_rec=0.589485 valid_auc=0.696663 valid_rmse=0.471403 q_change=53 q_delta=0.419769 q_grad=0.002184
epoch=48 loss_total=0.804146 loss_rec=0.588554 valid_auc=0.695078 valid_rmse=0.471127 q_change=53 q_delta=0.420212 q_grad=0.002249
epoch=49 loss_total=0.801272 loss_rec=0.585783 valid_auc=0.696908 valid_rmse=0.470740 q_change=53 q_delta=0.420520 q_grad=0.002296
epoch=50 loss_total=0.797444 loss_rec=0.582037 valid_auc=0.694252 valid_rmse=0.472049 q_change=53 q_delta=0.420888 q_grad=0.002224
epoch=51 loss_total=0.797668 loss_rec=0.582401 valid_auc=0.696763 valid_rmse=0.473903 q_change=53 q_delta=0.421069 q_grad=0.002366
epoch=52 loss_total=0.798755 loss_rec=0.583613 valid_auc=0.695391 valid_rmse=0.471911 q_change=53 q_delta=0.421449 q_grad=0.002378
epoch=53 loss_total=0.799810 loss_rec=0.584720 valid_auc=0.696830 valid_rmse=0.471521 q_change=53 q_delta=0.421612 q_grad=0.002401
epoch=54 loss_total=0.791271 loss_rec=0.576256 valid_auc=0.692779 valid_rmse=0.473927 q_change=53 q_delta=0.421712 q_grad=0.002399
epoch=55 loss_total=0.789252 loss_rec=0.574322 valid_auc=0.697891 valid_rmse=0.471389 q_change=53 q_delta=0.421954 q_grad=0.002435
epoch=56 loss_total=0.790241 loss_rec=0.575347 valid_auc=0.695156 valid_rmse=0.472422 q_change=53 q_delta=0.422058 q_grad=0.002491
epoch=57 loss_total=0.787727 loss_rec=0.572880 valid_auc=0.693594 valid_rmse=0.475005 q_change=53 q_delta=0.422056 q_grad=0.002611
epoch=58 loss_total=0.782478 loss_rec=0.567619 valid_auc=0.693549 valid_rmse=0.476855 q_change=53 q_delta=0.422097 q_grad=0.002591
epoch=59 loss_total=0.783165 loss_rec=0.568360 valid_auc=0.692556 valid_rmse=0.473631 q_change=53 q_delta=0.422185 q_grad=0.002596
epoch=60 loss_total=0.781409 loss_rec=0.566591 valid_auc=0.693192 valid_rmse=0.474912 q_change=52 q_delta=0.422008 q_grad=0.002666
epoch=61 loss_total=0.778645 loss_rec=0.563761 valid_auc=0.692165 valid_rmse=0.474843 q_change=52 q_delta=0.422133 q_grad=0.002759
epoch=62 loss_total=0.774209 loss_rec=0.559374 valid_auc=0.692299 valid_rmse=0.474607 q_change=52 q_delta=0.422553 q_grad=0.002733
epoch=63 loss_total=0.773680 loss_rec=0.558814 valid_auc=0.689844 valid_rmse=0.475322 q_change=52 q_delta=0.422788 q_grad=0.002803
epoch=64 loss_total=0.775140 loss_rec=0.560258 valid_auc=0.694063 valid_rmse=0.478437 q_change=52 q_delta=0.422911 q_grad=0.002888
epoch=65 loss_total=0.768515 loss_rec=0.553624 valid_auc=0.692288 valid_rmse=0.474841 q_change=52 q_delta=0.423213 q_grad=0.002766
epoch=66 loss_total=0.768713 loss_rec=0.553809 valid_auc=0.690536 valid_rmse=0.476211 q_change=52 q_delta=0.423245 q_grad=0.002970
epoch=67 loss_total=0.769399 loss_rec=0.554485 valid_auc=0.689788 valid_rmse=0.476883 q_change=52 q_delta=0.423349 q_grad=0.003006
epoch=68 loss_total=0.761932 loss_rec=0.546995 valid_auc=0.691551 valid_rmse=0.479525 q_change=52 q_delta=0.423285 q_grad=0.002992
epoch=69 loss_total=0.758415 loss_rec=0.543443 valid_auc=0.693382 valid_rmse=0.483638 q_change=52 q_delta=0.423215 q_grad=0.003130
epoch=70 loss_total=0.755844 loss_rec=0.540849 valid_auc=0.689163 valid_rmse=0.476613 q_change=51 q_delta=0.423368 q_grad=0.003179
epoch=71 loss_total=0.755352 loss_rec=0.540393 valid_auc=0.691484 valid_rmse=0.476026 q_change=51 q_delta=0.423493 q_grad=0.003188
epoch=72 loss_total=0.752147 loss_rec=0.537122 valid_auc=0.690703 valid_rmse=0.476018 q_change=51 q_delta=0.423845 q_grad=0.003218
epoch=73 loss_total=0.746317 loss_rec=0.531306 valid_auc=0.688627 valid_rmse=0.478010 q_change=51 q_delta=0.424089 q_grad=0.003319
epoch=74 loss_total=0.750348 loss_rec=0.535316 valid_auc=0.688583 valid_rmse=0.478342 q_change=51 q_delta=0.424337 q_grad=0.003283
epoch=75 loss_total=0.747153 loss_rec=0.532117 valid_auc=0.686004 valid_rmse=0.486671 q_change=51 q_delta=0.424392 q_grad=0.003307
Early stopping at epoch 75; best_epoch=55.
Saved run to C:\Users\YAN_SHU_YU\Desktop\Generative-CD\Q_GNCDM\results\weak_q_lambda_sweep\lq_0p8_ls_0p5_lb_0p9\seed_2026\noise_0.20\weak-q_lq_0p8_ls_0p5_lb_0p9
Final metrics: q_hat_f1=0.133333 response_auc=0.686380 mastery_pearson=0.375267
