run=weak-q_lq_0p6_ls_0p4_lb_0p1 mode=weak-q noise=0.20 train=4200 valid=600 test=1200
epoch=1 loss_total=0.925285 loss_rec=0.725645 valid_auc=0.587980 valid_rmse=0.499739 q_change=57 q_delta=0.075872 q_grad=0.000363
epoch=2 loss_total=0.882561 loss_rec=0.705633 valid_auc=0.596875 valid_rmse=0.499161 q_change=57 q_delta=0.134989 q_grad=0.000269
epoch=3 loss_total=0.861931 loss_rec=0.698932 valid_auc=0.614475 valid_rmse=0.497961 q_change=57 q_delta=0.178387 q_grad=0.000219
epoch=4 loss_total=0.845331 loss_rec=0.690818 valid_auc=0.638873 valid_rmse=0.496147 q_change=57 q_delta=0.209485 q_grad=0.000207
epoch=5 loss_total=0.835792 loss_rec=0.685927 valid_auc=0.659051 valid_rmse=0.491322 q_change=57 q_delta=0.228107 q_grad=0.000250
epoch=6 loss_total=0.816484 loss_rec=0.668475 valid_auc=0.669029 valid_rmse=0.483402 q_change=57 q_delta=0.235226 q_grad=0.000384
epoch=7 loss_total=0.790285 loss_rec=0.642595 valid_auc=0.674007 valid_rmse=0.477596 q_change=57 q_delta=0.237960 q_grad=0.000608
epoch=8 loss_total=0.779339 loss_rec=0.631868 valid_auc=0.676652 valid_rmse=0.476328 q_change=57 q_delta=0.240840 q_grad=0.000865
epoch=9 loss_total=0.771078 loss_rec=0.624095 valid_auc=0.683438 valid_rmse=0.472806 q_change=57 q_delta=0.243716 q_grad=0.001016
epoch=10 loss_total=0.773560 loss_rec=0.627175 valid_auc=0.680848 valid_rmse=0.474809 q_change=57 q_delta=0.246522 q_grad=0.001076
epoch=11 loss_total=0.771144 loss_rec=0.624999 valid_auc=0.681094 valid_rmse=0.473593 q_change=56 q_delta=0.249723 q_grad=0.001187
epoch=12 loss_total=0.762448 loss_rec=0.616644 valid_auc=0.680569 valid_rmse=0.475422 q_change=55 q_delta=0.252194 q_grad=0.001230
epoch=13 loss_total=0.759181 loss_rec=0.613747 valid_auc=0.680502 valid_rmse=0.474133 q_change=54 q_delta=0.256013 q_grad=0.001218
epoch=14 loss_total=0.760106 loss_rec=0.614905 valid_auc=0.679252 valid_rmse=0.476294 q_change=54 q_delta=0.258334 q_grad=0.001290
epoch=15 loss_total=0.756627 loss_rec=0.611563 valid_auc=0.680636 valid_rmse=0.474708 q_change=54 q_delta=0.261379 q_grad=0.001313
epoch=16 loss_total=0.758788 loss_rec=0.613796 valid_auc=0.681417 valid_rmse=0.475049 q_change=52 q_delta=0.264173 q_grad=0.001404
epoch=17 loss_total=0.754877 loss_rec=0.610068 valid_auc=0.680435 valid_rmse=0.474935 q_change=52 q_delta=0.266679 q_grad=0.001331
epoch=18 loss_total=0.750305 loss_rec=0.605523 valid_auc=0.680625 valid_rmse=0.475078 q_change=52 q_delta=0.269556 q_grad=0.001359
epoch=19 loss_total=0.749769 loss_rec=0.605098 valid_auc=0.681496 valid_rmse=0.475623 q_change=51 q_delta=0.272489 q_grad=0.001439
epoch=20 loss_total=0.747841 loss_rec=0.603130 valid_auc=0.683616 valid_rmse=0.474246 q_change=50 q_delta=0.275473 q_grad=0.001506
epoch=21 loss_total=0.743518 loss_rec=0.598736 valid_auc=0.684308 valid_rmse=0.475088 q_change=50 q_delta=0.277767 q_grad=0.001435
epoch=22 loss_total=0.741572 loss_rec=0.596693 valid_auc=0.682924 valid_rmse=0.475327 q_change=50 q_delta=0.280465 q_grad=0.001549
epoch=23 loss_total=0.739635 loss_rec=0.594626 valid_auc=0.682009 valid_rmse=0.475119 q_change=50 q_delta=0.283330 q_grad=0.001512
epoch=24 loss_total=0.735098 loss_rec=0.589955 valid_auc=0.681596 valid_rmse=0.475733 q_change=49 q_delta=0.286060 q_grad=0.001551
epoch=25 loss_total=0.735012 loss_rec=0.589633 valid_auc=0.683270 valid_rmse=0.475760 q_change=48 q_delta=0.288569 q_grad=0.001646
epoch=26 loss_total=0.732535 loss_rec=0.586978 valid_auc=0.684844 valid_rmse=0.475838 q_change=47 q_delta=0.290984 q_grad=0.001633
epoch=27 loss_total=0.728691 loss_rec=0.582858 valid_auc=0.685134 valid_rmse=0.477072 q_change=45 q_delta=0.293398 q_grad=0.001633
epoch=28 loss_total=0.731274 loss_rec=0.585180 valid_auc=0.684386 valid_rmse=0.476355 q_change=43 q_delta=0.296079 q_grad=0.001734
epoch=29 loss_total=0.724158 loss_rec=0.577855 valid_auc=0.687121 valid_rmse=0.475482 q_change=42 q_delta=0.298363 q_grad=0.001736
epoch=30 loss_total=0.721960 loss_rec=0.575317 valid_auc=0.688594 valid_rmse=0.476716 q_change=41 q_delta=0.300372 q_grad=0.001781
epoch=31 loss_total=0.717365 loss_rec=0.570420 valid_auc=0.686384 valid_rmse=0.476682 q_change=41 q_delta=0.302943 q_grad=0.001795
epoch=32 loss_total=0.717180 loss_rec=0.569925 valid_auc=0.690446 valid_rmse=0.475402 q_change=42 q_delta=0.305751 q_grad=0.001845
epoch=33 loss_total=0.711998 loss_rec=0.564374 valid_auc=0.688962 valid_rmse=0.474738 q_change=40 q_delta=0.308469 q_grad=0.001882
epoch=34 loss_total=0.711128 loss_rec=0.563230 valid_auc=0.688181 valid_rmse=0.474891 q_change=39 q_delta=0.310625 q_grad=0.001874
epoch=35 loss_total=0.710396 loss_rec=0.562192 valid_auc=0.691105 valid_rmse=0.473767 q_change=39 q_delta=0.312839 q_grad=0.001905
epoch=36 loss_total=0.702078 loss_rec=0.553525 valid_auc=0.691462 valid_rmse=0.474194 q_change=39 q_delta=0.314484 q_grad=0.001983
epoch=37 loss_total=0.697242 loss_rec=0.548338 valid_auc=0.689866 valid_rmse=0.476964 q_change=37 q_delta=0.316624 q_grad=0.002001
epoch=38 loss_total=0.691403 loss_rec=0.542277 valid_auc=0.689386 valid_rmse=0.477815 q_change=35 q_delta=0.318583 q_grad=0.002095
epoch=39 loss_total=0.690573 loss_rec=0.541185 valid_auc=0.689866 valid_rmse=0.476307 q_change=35 q_delta=0.320766 q_grad=0.002081
epoch=40 loss_total=0.687104 loss_rec=0.537484 valid_auc=0.690424 valid_rmse=0.477185 q_change=35 q_delta=0.322313 q_grad=0.002138
epoch=41 loss_total=0.680344 loss_rec=0.530554 valid_auc=0.690100 valid_rmse=0.479709 q_change=35 q_delta=0.324329 q_grad=0.002130
epoch=42 loss_total=0.683290 loss_rec=0.533329 valid_auc=0.687902 valid_rmse=0.478250 q_change=35 q_delta=0.326129 q_grad=0.002281
epoch=43 loss_total=0.676585 loss_rec=0.526473 valid_auc=0.690167 valid_rmse=0.479136 q_change=34 q_delta=0.327591 q_grad=0.002242
epoch=44 loss_total=0.674959 loss_rec=0.524715 valid_auc=0.689542 valid_rmse=0.478292 q_change=34 q_delta=0.329030 q_grad=0.002255
epoch=45 loss_total=0.670607 loss_rec=0.520269 valid_auc=0.688359 valid_rmse=0.483160 q_change=32 q_delta=0.330170 q_grad=0.002248
epoch=46 loss_total=0.669846 loss_rec=0.519353 valid_auc=0.693103 valid_rmse=0.477765 q_change=31 q_delta=0.331875 q_grad=0.002286
epoch=47 loss_total=0.668025 loss_rec=0.517457 valid_auc=0.690335 valid_rmse=0.480992 q_change=30 q_delta=0.333004 q_grad=0.002249
epoch=48 loss_total=0.666797 loss_rec=0.516166 valid_auc=0.690179 valid_rmse=0.479722 q_change=30 q_delta=0.334536 q_grad=0.002311
epoch=49 loss_total=0.661119 loss_rec=0.510419 valid_auc=0.691317 valid_rmse=0.478524 q_change=30 q_delta=0.335476 q_grad=0.002296
epoch=50 loss_total=0.656691 loss_rec=0.505951 valid_auc=0.690792 valid_rmse=0.482330 q_change=30 q_delta=0.336747 q_grad=0.002286
epoch=51 loss_total=0.657712 loss_rec=0.506950 valid_auc=0.691730 valid_rmse=0.482405 q_change=31 q_delta=0.337598 q_grad=0.002361
epoch=52 loss_total=0.658673 loss_rec=0.507866 valid_auc=0.690848 valid_rmse=0.480880 q_change=29 q_delta=0.338886 q_grad=0.002363
epoch=53 loss_total=0.660174 loss_rec=0.509316 valid_auc=0.690223 valid_rmse=0.480456 q_change=30 q_delta=0.339756 q_grad=0.002364
epoch=54 loss_total=0.653434 loss_rec=0.502495 valid_auc=0.688103 valid_rmse=0.481940 q_change=31 q_delta=0.340851 q_grad=0.002386
epoch=55 loss_total=0.649086 loss_rec=0.498122 valid_auc=0.696830 valid_rmse=0.478200 q_change=31 q_delta=0.341964 q_grad=0.002347
epoch=56 loss_total=0.648679 loss_rec=0.497687 valid_auc=0.692891 valid_rmse=0.481309 q_change=30 q_delta=0.343027 q_grad=0.002352
epoch=57 loss_total=0.648995 loss_rec=0.497915 valid_auc=0.689888 valid_rmse=0.483885 q_change=31 q_delta=0.344118 q_grad=0.002481
epoch=58 loss_total=0.643176 loss_rec=0.492056 valid_auc=0.691496 valid_rmse=0.483635 q_change=31 q_delta=0.345320 q_grad=0.002412
epoch=59 loss_total=0.640473 loss_rec=0.489366 valid_auc=0.694096 valid_rmse=0.480392 q_change=31 q_delta=0.346235 q_grad=0.002374
epoch=60 loss_total=0.643303 loss_rec=0.492156 valid_auc=0.693694 valid_rmse=0.482135 q_change=31 q_delta=0.347127 q_grad=0.002424
epoch=61 loss_total=0.641030 loss_rec=0.489830 valid_auc=0.692143 valid_rmse=0.481332 q_change=31 q_delta=0.348260 q_grad=0.002478
epoch=62 loss_total=0.637210 loss_rec=0.486011 valid_auc=0.695045 valid_rmse=0.481107 q_change=31 q_delta=0.349029 q_grad=0.002387
epoch=63 loss_total=0.636850 loss_rec=0.485593 valid_auc=0.692556 valid_rmse=0.482277 q_change=31 q_delta=0.349863 q_grad=0.002507
epoch=64 loss_total=0.637182 loss_rec=0.485891 valid_auc=0.694040 valid_rmse=0.484238 q_change=31 q_delta=0.350554 q_grad=0.002474
epoch=65 loss_total=0.635071 loss_rec=0.483756 valid_auc=0.692578 valid_rmse=0.482298 q_change=31 q_delta=0.351673 q_grad=0.002374
epoch=66 loss_total=0.634327 loss_rec=0.482986 valid_auc=0.691953 valid_rmse=0.483163 q_change=30 q_delta=0.352547 q_grad=0.002515
epoch=67 loss_total=0.634071 loss_rec=0.482678 valid_auc=0.691172 valid_rmse=0.484185 q_change=30 q_delta=0.353362 q_grad=0.002504
epoch=68 loss_total=0.626974 loss_rec=0.475549 valid_auc=0.693728 valid_rmse=0.484886 q_change=29 q_delta=0.354037 q_grad=0.002502
epoch=69 loss_total=0.624348 loss_rec=0.472886 valid_auc=0.693192 valid_rmse=0.489669 q_change=28 q_delta=0.354815 q_grad=0.002508
epoch=70 loss_total=0.622240 loss_rec=0.470720 valid_auc=0.692243 valid_rmse=0.484067 q_change=29 q_delta=0.355831 q_grad=0.002578
epoch=71 loss_total=0.622020 loss_rec=0.470532 valid_auc=0.696562 valid_rmse=0.482533 q_change=29 q_delta=0.356682 q_grad=0.002513
epoch=72 loss_total=0.622967 loss_rec=0.471426 valid_auc=0.694475 valid_rmse=0.484457 q_change=29 q_delta=0.357347 q_grad=0.002549
epoch=73 loss_total=0.617345 loss_rec=0.465763 valid_auc=0.691004 valid_rmse=0.487034 q_change=29 q_delta=0.358218 q_grad=0.002586
epoch=74 loss_total=0.621987 loss_rec=0.470409 valid_auc=0.693058 valid_rmse=0.485520 q_change=29 q_delta=0.359049 q_grad=0.002554
epoch=75 loss_total=0.619804 loss_rec=0.468192 valid_auc=0.691049 valid_rmse=0.490809 q_change=29 q_delta=0.359595 q_grad=0.002610
Early stopping at epoch 75; best_epoch=55.
Saved run to C:\Users\YAN_SHU_YU\Desktop\Generative-CD\Q_GNCDM\results\weak_q_lambda_sweep\lq_0p6_ls_0p4_lb_0p1\seed_2026\noise_0.20\weak-q_lq_0p6_ls_0p4_lb_0p1
Final metrics: q_hat_f1=0.609756 response_auc=0.685966 mastery_pearson=0.530065
