run=weak-q_lq_0p6_ls_0p4_lb_0p5 mode=weak-q noise=0.20 train=4200 valid=600 test=1200
epoch=1 loss_total=1.022472 loss_rec=0.725655 valid_auc=0.587946 valid_rmse=0.499747 q_change=57 q_delta=0.077976 q_grad=0.000415
epoch=2 loss_total=0.972685 loss_rec=0.705837 valid_auc=0.595848 valid_rmse=0.499254 q_change=57 q_delta=0.145106 q_grad=0.000361
epoch=3 loss_total=0.942416 loss_rec=0.699687 valid_auc=0.611384 valid_rmse=0.498336 q_change=57 q_delta=0.199981 q_grad=0.000319
epoch=4 loss_total=0.916737 loss_rec=0.692964 valid_auc=0.634548 valid_rmse=0.497343 q_change=57 q_delta=0.243616 q_grad=0.000285
epoch=5 loss_total=0.901320 loss_rec=0.691674 valid_auc=0.656138 valid_rmse=0.494746 q_change=57 q_delta=0.276083 q_grad=0.000276
epoch=6 loss_total=0.883288 loss_rec=0.683684 valid_auc=0.666663 valid_rmse=0.491508 q_change=57 q_delta=0.298191 q_grad=0.000300
epoch=7 loss_total=0.860761 loss_rec=0.667641 valid_auc=0.665826 valid_rmse=0.484999 q_change=57 q_delta=0.311545 q_grad=0.000391
epoch=8 loss_total=0.842372 loss_rec=0.652925 valid_auc=0.665949 valid_rmse=0.480513 q_change=57 q_delta=0.319646 q_grad=0.000594
epoch=9 loss_total=0.830199 loss_rec=0.643537 valid_auc=0.673973 valid_rmse=0.476226 q_change=57 q_delta=0.326818 q_grad=0.000777
epoch=10 loss_total=0.829092 loss_rec=0.644918 valid_auc=0.674888 valid_rmse=0.476446 q_change=57 q_delta=0.331907 q_grad=0.000879
epoch=11 loss_total=0.823821 loss_rec=0.641255 valid_auc=0.677891 valid_rmse=0.474844 q_change=57 q_delta=0.336073 q_grad=0.001026
epoch=12 loss_total=0.812539 loss_rec=0.631314 valid_auc=0.681138 valid_rmse=0.475162 q_change=57 q_delta=0.338560 q_grad=0.001131
epoch=13 loss_total=0.807307 loss_rec=0.627102 valid_auc=0.682545 valid_rmse=0.473010 q_change=57 q_delta=0.340947 q_grad=0.001195
epoch=14 loss_total=0.805483 loss_rec=0.625937 valid_auc=0.683516 valid_rmse=0.474166 q_change=56 q_delta=0.341752 q_grad=0.001334
epoch=15 loss_total=0.800516 loss_rec=0.621466 valid_auc=0.683783 valid_rmse=0.472654 q_change=56 q_delta=0.343780 q_grad=0.001435
epoch=16 loss_total=0.800273 loss_rec=0.621656 valid_auc=0.686060 valid_rmse=0.472730 q_change=55 q_delta=0.344987 q_grad=0.001573
epoch=17 loss_total=0.795822 loss_rec=0.617638 valid_auc=0.684911 valid_rmse=0.472807 q_change=55 q_delta=0.346515 q_grad=0.001532
epoch=18 loss_total=0.788428 loss_rec=0.610600 valid_auc=0.686272 valid_rmse=0.472668 q_change=54 q_delta=0.348089 q_grad=0.001586
epoch=19 loss_total=0.786302 loss_rec=0.608978 valid_auc=0.686685 valid_rmse=0.473812 q_change=53 q_delta=0.349581 q_grad=0.001703
epoch=20 loss_total=0.782687 loss_rec=0.605673 valid_auc=0.688761 valid_rmse=0.472049 q_change=53 q_delta=0.351974 q_grad=0.001787
epoch=21 loss_total=0.777395 loss_rec=0.600768 valid_auc=0.689487 valid_rmse=0.473752 q_change=51 q_delta=0.353657 q_grad=0.001716
epoch=22 loss_total=0.774057 loss_rec=0.597748 valid_auc=0.688393 valid_rmse=0.473231 q_change=51 q_delta=0.355469 q_grad=0.001862
epoch=23 loss_total=0.770914 loss_rec=0.594965 valid_auc=0.685703 valid_rmse=0.473341 q_change=51 q_delta=0.357554 q_grad=0.001823
epoch=24 loss_total=0.765146 loss_rec=0.589554 valid_auc=0.685391 valid_rmse=0.474268 q_change=51 q_delta=0.359363 q_grad=0.001856
epoch=25 loss_total=0.764979 loss_rec=0.589706 valid_auc=0.686908 valid_rmse=0.474392 q_change=51 q_delta=0.361032 q_grad=0.001978
epoch=26 loss_total=0.761775 loss_rec=0.586790 valid_auc=0.688158 valid_rmse=0.474704 q_change=51 q_delta=0.362481 q_grad=0.001966
epoch=27 loss_total=0.757233 loss_rec=0.582501 valid_auc=0.688248 valid_rmse=0.476442 q_change=50 q_delta=0.363764 q_grad=0.001946
epoch=28 loss_total=0.759052 loss_rec=0.584565 valid_auc=0.688761 valid_rmse=0.474777 q_change=50 q_delta=0.365019 q_grad=0.002047
epoch=29 loss_total=0.751236 loss_rec=0.576997 valid_auc=0.691194 valid_rmse=0.474393 q_change=50 q_delta=0.366192 q_grad=0.002062
epoch=30 loss_total=0.749224 loss_rec=0.575170 valid_auc=0.692679 valid_rmse=0.475080 q_change=50 q_delta=0.367302 q_grad=0.002067
epoch=31 loss_total=0.744179 loss_rec=0.570333 valid_auc=0.692891 valid_rmse=0.474773 q_change=49 q_delta=0.368504 q_grad=0.002093
epoch=32 loss_total=0.743709 loss_rec=0.570063 valid_auc=0.694687 valid_rmse=0.474745 q_change=48 q_delta=0.369789 q_grad=0.002165
epoch=33 loss_total=0.738961 loss_rec=0.565457 valid_auc=0.693962 valid_rmse=0.473022 q_change=48 q_delta=0.370889 q_grad=0.002174
epoch=34 loss_total=0.738046 loss_rec=0.564767 valid_auc=0.692210 valid_rmse=0.473433 q_change=48 q_delta=0.371768 q_grad=0.002183
epoch=35 loss_total=0.736938 loss_rec=0.563802 valid_auc=0.695937 valid_rmse=0.471880 q_change=48 q_delta=0.372877 q_grad=0.002182
epoch=36 loss_total=0.728497 loss_rec=0.555447 valid_auc=0.695647 valid_rmse=0.472803 q_change=47 q_delta=0.373410 q_grad=0.002269
epoch=37 loss_total=0.723633 loss_rec=0.550717 valid_auc=0.693627 valid_rmse=0.475102 q_change=47 q_delta=0.374126 q_grad=0.002279
epoch=38 loss_total=0.717672 loss_rec=0.544926 valid_auc=0.693750 valid_rmse=0.475770 q_change=47 q_delta=0.374860 q_grad=0.002405
epoch=39 loss_total=0.716041 loss_rec=0.543417 valid_auc=0.693661 valid_rmse=0.474266 q_change=47 q_delta=0.376012 q_grad=0.002375
epoch=40 loss_total=0.712316 loss_rec=0.539838 valid_auc=0.692567 valid_rmse=0.475742 q_change=47 q_delta=0.376611 q_grad=0.002458
epoch=41 loss_total=0.704762 loss_rec=0.532448 valid_auc=0.693393 valid_rmse=0.478142 q_change=47 q_delta=0.377219 q_grad=0.002475
epoch=42 loss_total=0.706660 loss_rec=0.534479 valid_auc=0.689888 valid_rmse=0.477036 q_change=48 q_delta=0.378043 q_grad=0.002615
epoch=43 loss_total=0.700221 loss_rec=0.528148 valid_auc=0.691596 valid_rmse=0.477819 q_change=48 q_delta=0.378489 q_grad=0.002582
epoch=44 loss_total=0.696507 loss_rec=0.524559 valid_auc=0.690513 valid_rmse=0.478412 q_change=48 q_delta=0.379281 q_grad=0.002646
epoch=45 loss_total=0.691316 loss_rec=0.519525 valid_auc=0.689855 valid_rmse=0.482949 q_change=45 q_delta=0.379604 q_grad=0.002675
epoch=46 loss_total=0.690882 loss_rec=0.519153 valid_auc=0.694029 valid_rmse=0.477342 q_change=45 q_delta=0.380313 q_grad=0.002684
epoch=47 loss_total=0.686264 loss_rec=0.514662 valid_auc=0.689431 valid_rmse=0.481404 q_change=45 q_delta=0.380853 q_grad=0.002682
epoch=48 loss_total=0.684007 loss_rec=0.512522 valid_auc=0.689955 valid_rmse=0.480235 q_change=44 q_delta=0.381569 q_grad=0.002767
epoch=49 loss_total=0.677779 loss_rec=0.506374 valid_auc=0.691775 valid_rmse=0.478943 q_change=44 q_delta=0.381826 q_grad=0.002738
epoch=50 loss_total=0.673580 loss_rec=0.502252 valid_auc=0.689721 valid_rmse=0.482780 q_change=43 q_delta=0.382258 q_grad=0.002773
epoch=51 loss_total=0.672520 loss_rec=0.501324 valid_auc=0.689397 valid_rmse=0.483344 q_change=43 q_delta=0.382681 q_grad=0.002831
epoch=52 loss_total=0.673669 loss_rec=0.502564 valid_auc=0.690056 valid_rmse=0.481474 q_change=43 q_delta=0.383292 q_grad=0.002859
epoch=53 loss_total=0.674430 loss_rec=0.503394 valid_auc=0.690201 valid_rmse=0.480827 q_change=42 q_delta=0.383613 q_grad=0.002877
epoch=54 loss_total=0.667365 loss_rec=0.496392 valid_auc=0.685937 valid_rmse=0.483887 q_change=42 q_delta=0.384011 q_grad=0.002904
epoch=55 loss_total=0.662507 loss_rec=0.491634 valid_auc=0.692958 valid_rmse=0.480383 q_change=41 q_delta=0.384608 q_grad=0.002830
Early stopping at epoch 55; best_epoch=35.
Saved run to C:\Users\YAN_SHU_YU\Desktop\Generative-CD\Q_GNCDM\results\weak_q_lambda_sweep\lq_0p6_ls_0p4_lb_0p5\seed_2026\noise_0.20\weak-q_lq_0p6_ls_0p4_lb_0p5
Final metrics: q_hat_f1=0.276923 response_auc=0.691864 mastery_pearson=0.446677
