run=weak-q_lq_0p6_ls_0p2_lb_0p05 mode=weak-q noise=0.20 train=4200 valid=600 test=1200
epoch=1 loss_total=0.826338 loss_rec=0.725596 valid_auc=0.590313 valid_rmse=0.499691 q_change=57 q_delta=0.068890 q_grad=0.000161
epoch=2 loss_total=0.798326 loss_rec=0.704892 valid_auc=0.605112 valid_rmse=0.498736 q_change=57 q_delta=0.107079 q_grad=0.000123
epoch=3 loss_total=0.787543 loss_rec=0.696292 valid_auc=0.626719 valid_rmse=0.496445 q_change=57 q_delta=0.124407 q_grad=0.000145
epoch=4 loss_total=0.774094 loss_rec=0.683187 valid_auc=0.649788 valid_rmse=0.491557 q_change=54 q_delta=0.130191 q_grad=0.000207
epoch=5 loss_total=0.758101 loss_rec=0.666248 valid_auc=0.663460 valid_rmse=0.482368 q_change=49 q_delta=0.126024 q_grad=0.000369
epoch=6 loss_total=0.732185 loss_rec=0.638956 valid_auc=0.671049 valid_rmse=0.477000 q_change=46 q_delta=0.125473 q_grad=0.000634
epoch=7 loss_total=0.716996 loss_rec=0.623653 valid_auc=0.675759 valid_rmse=0.476558 q_change=45 q_delta=0.128911 q_grad=0.000801
epoch=8 loss_total=0.713656 loss_rec=0.620440 valid_auc=0.673917 valid_rmse=0.477444 q_change=48 q_delta=0.132632 q_grad=0.000926
epoch=9 loss_total=0.709419 loss_rec=0.616449 valid_auc=0.678013 valid_rmse=0.475445 q_change=45 q_delta=0.136318 q_grad=0.000971
epoch=10 loss_total=0.714342 loss_rec=0.621598 valid_auc=0.676641 valid_rmse=0.477002 q_change=45 q_delta=0.139812 q_grad=0.000958
epoch=11 loss_total=0.713805 loss_rec=0.621102 valid_auc=0.675658 valid_rmse=0.475932 q_change=45 q_delta=0.143071 q_grad=0.001017
epoch=12 loss_total=0.707270 loss_rec=0.614706 valid_auc=0.675402 valid_rmse=0.477562 q_change=43 q_delta=0.145847 q_grad=0.001034
epoch=13 loss_total=0.704923 loss_rec=0.612501 valid_auc=0.675513 valid_rmse=0.476082 q_change=41 q_delta=0.149623 q_grad=0.000998
epoch=14 loss_total=0.706977 loss_rec=0.614565 valid_auc=0.674330 valid_rmse=0.478361 q_change=42 q_delta=0.151582 q_grad=0.001048
epoch=15 loss_total=0.704556 loss_rec=0.612071 valid_auc=0.675614 valid_rmse=0.476639 q_change=41 q_delta=0.154376 q_grad=0.001051
epoch=16 loss_total=0.707808 loss_rec=0.615253 valid_auc=0.675458 valid_rmse=0.476790 q_change=42 q_delta=0.156893 q_grad=0.001125
epoch=17 loss_total=0.703999 loss_rec=0.611542 valid_auc=0.675312 valid_rmse=0.476710 q_change=40 q_delta=0.158503 q_grad=0.001061
epoch=18 loss_total=0.701387 loss_rec=0.608898 valid_auc=0.675480 valid_rmse=0.477396 q_change=40 q_delta=0.160892 q_grad=0.001079
epoch=19 loss_total=0.701428 loss_rec=0.608897 valid_auc=0.675569 valid_rmse=0.477607 q_change=38 q_delta=0.163459 q_grad=0.001123
epoch=20 loss_total=0.700950 loss_rec=0.608358 valid_auc=0.677333 valid_rmse=0.476497 q_change=38 q_delta=0.165678 q_grad=0.001169
epoch=21 loss_total=0.697753 loss_rec=0.605022 valid_auc=0.677768 valid_rmse=0.477047 q_change=37 q_delta=0.167665 q_grad=0.001104
epoch=22 loss_total=0.697301 loss_rec=0.604475 valid_auc=0.675859 valid_rmse=0.477333 q_change=36 q_delta=0.169864 q_grad=0.001182
epoch=23 loss_total=0.697382 loss_rec=0.604409 valid_auc=0.675446 valid_rmse=0.477196 q_change=36 q_delta=0.172191 q_grad=0.001143
epoch=24 loss_total=0.694206 loss_rec=0.601100 valid_auc=0.674955 valid_rmse=0.477810 q_change=37 q_delta=0.174613 q_grad=0.001171
epoch=25 loss_total=0.694576 loss_rec=0.601253 valid_auc=0.675312 valid_rmse=0.477673 q_change=36 q_delta=0.177127 q_grad=0.001225
epoch=26 loss_total=0.693047 loss_rec=0.599552 valid_auc=0.675960 valid_rmse=0.477957 q_change=34 q_delta=0.179456 q_grad=0.001198
epoch=27 loss_total=0.692577 loss_rec=0.598850 valid_auc=0.676094 valid_rmse=0.477982 q_change=34 q_delta=0.181747 q_grad=0.001205
epoch=28 loss_total=0.696837 loss_rec=0.602871 valid_auc=0.675915 valid_rmse=0.478166 q_change=33 q_delta=0.184692 q_grad=0.001247
epoch=29 loss_total=0.692060 loss_rec=0.597839 valid_auc=0.677801 valid_rmse=0.476820 q_change=33 q_delta=0.187346 q_grad=0.001242
Early stopping at epoch 29; best_epoch=9.
Saved run to C:\Users\YAN_SHU_YU\Desktop\Generative-CD\Q_GNCDM\results\weak_q_lambda_sweep\lq_0p6_ls_0p2_lb_0p05\seed_2026\noise_0.20\weak-q_lq_0p6_ls_0p2_lb_0p05
Final metrics: q_hat_f1=0.378378 response_auc=0.685260 mastery_pearson=0.345815
