run=weak-q_lq_0p4_ls_0p9_lb_0p4 mode=weak-q noise=0.20 train=4200 valid=600 test=1200
epoch=1 loss_total=1.214619 loss_rec=0.725666 valid_auc=0.587433 valid_rmse=0.499760 q_change=57 q_delta=0.079407 q_grad=0.000924
epoch=2 loss_total=1.125278 loss_rec=0.706003 valid_auc=0.592902 valid_rmse=0.499361 q_change=57 q_delta=0.150516 q_grad=0.000848
epoch=3 loss_total=1.059218 loss_rec=0.700274 valid_auc=0.603359 valid_rmse=0.498691 q_change=57 q_delta=0.210448 q_grad=0.000758
epoch=4 loss_total=1.003501 loss_rec=0.694405 valid_auc=0.619107 valid_rmse=0.498213 q_change=57 q_delta=0.258950 q_grad=0.000662
epoch=5 loss_total=0.964447 loss_rec=0.694810 valid_auc=0.638594 valid_rmse=0.496705 q_change=57 q_delta=0.296886 q_grad=0.000569
epoch=6 loss_total=0.930030 loss_rec=0.691072 valid_auc=0.654297 valid_rmse=0.496274 q_change=57 q_delta=0.326050 q_grad=0.000489
epoch=7 loss_total=0.900640 loss_rec=0.685226 valid_auc=0.656373 valid_rmse=0.495103 q_change=57 q_delta=0.348333 q_grad=0.000428
epoch=8 loss_total=0.878461 loss_rec=0.680780 valid_auc=0.651049 valid_rmse=0.492712 q_change=57 q_delta=0.364786 q_grad=0.000397
epoch=9 loss_total=0.858356 loss_rec=0.673677 valid_auc=0.654464 valid_rmse=0.486876 q_change=57 q_delta=0.377007 q_grad=0.000431
epoch=10 loss_total=0.844468 loss_rec=0.669602 valid_auc=0.655625 valid_rmse=0.484544 q_change=57 q_delta=0.386041 q_grad=0.000493
epoch=11 loss_total=0.831748 loss_rec=0.664159 valid_auc=0.656830 valid_rmse=0.482966 q_change=57 q_delta=0.393580 q_grad=0.000592
epoch=12 loss_total=0.815559 loss_rec=0.654462 valid_auc=0.660458 valid_rmse=0.483453 q_change=57 q_delta=0.399949 q_grad=0.000660
epoch=13 loss_total=0.808220 loss_rec=0.652673 valid_auc=0.662254 valid_rmse=0.479954 q_change=57 q_delta=0.405428 q_grad=0.000675
epoch=14 loss_total=0.802615 loss_rec=0.651443 valid_auc=0.665435 valid_rmse=0.481280 q_change=57 q_delta=0.409705 q_grad=0.000747
epoch=15 loss_total=0.797815 loss_rec=0.650452 valid_auc=0.663538 valid_rmse=0.479651 q_change=57 q_delta=0.413710 q_grad=0.000785
epoch=16 loss_total=0.795163 loss_rec=0.650958 valid_auc=0.664844 valid_rmse=0.479697 q_change=57 q_delta=0.416870 q_grad=0.000860
epoch=17 loss_total=0.792387 loss_rec=0.651047 valid_auc=0.666998 valid_rmse=0.480310 q_change=57 q_delta=0.419664 q_grad=0.000835
epoch=18 loss_total=0.785133 loss_rec=0.646229 valid_auc=0.668248 valid_rmse=0.479498 q_change=57 q_delta=0.422216 q_grad=0.000860
epoch=19 loss_total=0.781488 loss_rec=0.644752 valid_auc=0.667690 valid_rmse=0.479439 q_change=57 q_delta=0.424381 q_grad=0.000916
epoch=20 loss_total=0.780018 loss_rec=0.645109 valid_auc=0.671406 valid_rmse=0.478038 q_change=57 q_delta=0.426419 q_grad=0.000995
epoch=21 loss_total=0.775749 loss_rec=0.642595 valid_auc=0.671060 valid_rmse=0.478909 q_change=57 q_delta=0.427974 q_grad=0.000951
epoch=22 loss_total=0.774768 loss_rec=0.643029 valid_auc=0.670201 valid_rmse=0.477785 q_change=57 q_delta=0.429485 q_grad=0.001031
epoch=23 loss_total=0.770620 loss_rec=0.640209 valid_auc=0.669531 valid_rmse=0.477443 q_change=57 q_delta=0.430946 q_grad=0.001042
epoch=24 loss_total=0.766051 loss_rec=0.636885 valid_auc=0.670391 valid_rmse=0.477831 q_change=57 q_delta=0.432134 q_grad=0.001084
epoch=25 loss_total=0.768374 loss_rec=0.640231 valid_auc=0.669944 valid_rmse=0.477349 q_change=57 q_delta=0.433145 q_grad=0.001179
epoch=26 loss_total=0.765623 loss_rec=0.638422 valid_auc=0.670167 valid_rmse=0.477994 q_change=57 q_delta=0.434092 q_grad=0.001191
epoch=27 loss_total=0.763331 loss_rec=0.636908 valid_auc=0.673996 valid_rmse=0.477425 q_change=57 q_delta=0.434902 q_grad=0.001200
epoch=28 loss_total=0.764153 loss_rec=0.638497 valid_auc=0.674844 valid_rmse=0.476587 q_change=57 q_delta=0.435732 q_grad=0.001259
epoch=29 loss_total=0.760983 loss_rec=0.635999 valid_auc=0.676763 valid_rmse=0.476532 q_change=57 q_delta=0.436411 q_grad=0.001317
epoch=30 loss_total=0.761956 loss_rec=0.637594 valid_auc=0.677400 valid_rmse=0.476786 q_change=57 q_delta=0.436983 q_grad=0.001314
epoch=31 loss_total=0.758105 loss_rec=0.634201 valid_auc=0.678650 valid_rmse=0.476086 q_change=57 q_delta=0.437557 q_grad=0.001351
epoch=32 loss_total=0.759964 loss_rec=0.636566 valid_auc=0.678917 valid_rmse=0.477015 q_change=57 q_delta=0.437970 q_grad=0.001410
epoch=33 loss_total=0.758719 loss_rec=0.635684 valid_auc=0.677924 valid_rmse=0.475507 q_change=57 q_delta=0.438607 q_grad=0.001402
epoch=34 loss_total=0.757604 loss_rec=0.635027 valid_auc=0.676696 valid_rmse=0.475186 q_change=57 q_delta=0.438949 q_grad=0.001433
epoch=35 loss_total=0.759213 loss_rec=0.636982 valid_auc=0.678516 valid_rmse=0.474609 q_change=57 q_delta=0.439302 q_grad=0.001433
epoch=36 loss_total=0.755841 loss_rec=0.633904 valid_auc=0.679208 valid_rmse=0.475687 q_change=57 q_delta=0.439510 q_grad=0.001479
epoch=37 loss_total=0.750850 loss_rec=0.629171 valid_auc=0.681395 valid_rmse=0.474878 q_change=57 q_delta=0.439780 q_grad=0.001512
epoch=38 loss_total=0.749780 loss_rec=0.628308 valid_auc=0.681194 valid_rmse=0.476197 q_change=57 q_delta=0.439977 q_grad=0.001620
epoch=39 loss_total=0.753389 loss_rec=0.632152 valid_auc=0.680826 valid_rmse=0.474436 q_change=57 q_delta=0.440323 q_grad=0.001595
epoch=40 loss_total=0.749524 loss_rec=0.628511 valid_auc=0.681060 valid_rmse=0.474530 q_change=57 q_delta=0.440449 q_grad=0.001639
epoch=41 loss_total=0.745435 loss_rec=0.624527 valid_auc=0.683125 valid_rmse=0.474823 q_change=57 q_delta=0.440466 q_grad=0.001666
epoch=42 loss_total=0.750054 loss_rec=0.629207 valid_auc=0.680815 valid_rmse=0.474897 q_change=57 q_delta=0.440562 q_grad=0.001717
epoch=43 loss_total=0.746258 loss_rec=0.625369 valid_auc=0.683504 valid_rmse=0.474157 q_change=57 q_delta=0.440400 q_grad=0.001680
epoch=44 loss_total=0.746467 loss_rec=0.625537 valid_auc=0.685156 valid_rmse=0.474389 q_change=57 q_delta=0.440401 q_grad=0.001752
epoch=45 loss_total=0.744002 loss_rec=0.623040 valid_auc=0.686127 valid_rmse=0.476383 q_change=57 q_delta=0.440226 q_grad=0.001794
epoch=46 loss_total=0.744976 loss_rec=0.623889 valid_auc=0.688125 valid_rmse=0.472683 q_change=56 q_delta=0.440178 q_grad=0.001763
epoch=47 loss_total=0.741803 loss_rec=0.620665 valid_auc=0.689911 valid_rmse=0.472919 q_change=56 q_delta=0.440500 q_grad=0.001789
epoch=48 loss_total=0.742704 loss_rec=0.621477 valid_auc=0.689710 valid_rmse=0.472131 q_change=56 q_delta=0.440946 q_grad=0.001818
epoch=49 loss_total=0.740630 loss_rec=0.619278 valid_auc=0.689587 valid_rmse=0.472343 q_change=56 q_delta=0.441249 q_grad=0.001853
epoch=50 loss_total=0.736302 loss_rec=0.614953 valid_auc=0.686027 valid_rmse=0.473138 q_change=56 q_delta=0.441499 q_grad=0.001773
epoch=51 loss_total=0.736898 loss_rec=0.615532 valid_auc=0.690167 valid_rmse=0.474186 q_change=56 q_delta=0.441640 q_grad=0.001912
epoch=52 loss_total=0.737818 loss_rec=0.616428 valid_auc=0.687154 valid_rmse=0.472578 q_change=56 q_delta=0.441910 q_grad=0.001916
epoch=53 loss_total=0.739412 loss_rec=0.618026 valid_auc=0.690324 valid_rmse=0.471653 q_change=56 q_delta=0.442091 q_grad=0.001898
epoch=54 loss_total=0.731801 loss_rec=0.610449 valid_auc=0.689275 valid_rmse=0.473000 q_change=56 q_delta=0.442167 q_grad=0.001869
epoch=55 loss_total=0.731793 loss_rec=0.610400 valid_auc=0.691518 valid_rmse=0.471490 q_change=56 q_delta=0.442245 q_grad=0.001910
epoch=56 loss_total=0.733883 loss_rec=0.612523 valid_auc=0.689509 valid_rmse=0.471713 q_change=56 q_delta=0.442366 q_grad=0.001964
epoch=57 loss_total=0.732432 loss_rec=0.611049 valid_auc=0.692411 valid_rmse=0.473373 q_change=56 q_delta=0.442266 q_grad=0.001995
epoch=58 loss_total=0.728903 loss_rec=0.607447 valid_auc=0.691786 valid_rmse=0.473194 q_change=56 q_delta=0.442336 q_grad=0.001951
epoch=59 loss_total=0.728660 loss_rec=0.607285 valid_auc=0.691775 valid_rmse=0.471422 q_change=56 q_delta=0.442433 q_grad=0.001960
epoch=60 loss_total=0.727723 loss_rec=0.606275 valid_auc=0.694230 valid_rmse=0.471751 q_change=56 q_delta=0.442324 q_grad=0.001984
epoch=61 loss_total=0.727254 loss_rec=0.605681 valid_auc=0.693739 valid_rmse=0.471742 q_change=56 q_delta=0.442256 q_grad=0.002020
epoch=62 loss_total=0.725667 loss_rec=0.604047 valid_auc=0.693516 valid_rmse=0.470885 q_change=55 q_delta=0.442245 q_grad=0.001960
epoch=63 loss_total=0.726430 loss_rec=0.604706 valid_auc=0.692054 valid_rmse=0.472018 q_change=54 q_delta=0.442157 q_grad=0.001972
epoch=64 loss_total=0.729122 loss_rec=0.607393 valid_auc=0.696317 valid_rmse=0.473239 q_change=54 q_delta=0.442499 q_grad=0.002027
epoch=65 loss_total=0.722616 loss_rec=0.600807 valid_auc=0.694632 valid_rmse=0.470635 q_change=54 q_delta=0.442946 q_grad=0.001925
epoch=66 loss_total=0.723085 loss_rec=0.601240 valid_auc=0.695893 valid_rmse=0.471280 q_change=54 q_delta=0.443164 q_grad=0.002047
epoch=67 loss_total=0.725296 loss_rec=0.603394 valid_auc=0.693281 valid_rmse=0.472601 q_change=54 q_delta=0.443460 q_grad=0.002015
epoch=68 loss_total=0.721259 loss_rec=0.599358 valid_auc=0.695335 valid_rmse=0.472616 q_change=54 q_delta=0.443756 q_grad=0.002029
epoch=69 loss_total=0.717834 loss_rec=0.595940 valid_auc=0.698516 valid_rmse=0.477555 q_change=54 q_delta=0.443950 q_grad=0.002100
epoch=70 loss_total=0.717609 loss_rec=0.595708 valid_auc=0.695324 valid_rmse=0.471030 q_change=54 q_delta=0.444339 q_grad=0.002091
epoch=71 loss_total=0.719689 loss_rec=0.597803 valid_auc=0.695960 valid_rmse=0.471133 q_change=54 q_delta=0.444589 q_grad=0.002102
epoch=72 loss_total=0.717924 loss_rec=0.596025 valid_auc=0.694275 valid_rmse=0.471826 q_change=54 q_delta=0.444813 q_grad=0.002116
epoch=73 loss_total=0.715130 loss_rec=0.593314 valid_auc=0.692132 valid_rmse=0.472091 q_change=54 q_delta=0.445059 q_grad=0.002169
epoch=74 loss_total=0.719023 loss_rec=0.597215 valid_auc=0.693382 valid_rmse=0.472693 q_change=54 q_delta=0.445223 q_grad=0.002115
epoch=75 loss_total=0.717191 loss_rec=0.595375 valid_auc=0.693181 valid_rmse=0.478901 q_change=54 q_delta=0.445342 q_grad=0.002113
epoch=76 loss_total=0.717123 loss_rec=0.595289 valid_auc=0.691205 valid_rmse=0.472165 q_change=54 q_delta=0.445575 q_grad=0.002104
epoch=77 loss_total=0.710900 loss_rec=0.589093 valid_auc=0.692132 valid_rmse=0.475779 q_change=54 q_delta=0.445617 q_grad=0.002098
epoch=78 loss_total=0.712095 loss_rec=0.590321 valid_auc=0.691808 valid_rmse=0.473741 q_change=54 q_delta=0.445735 q_grad=0.002257
epoch=79 loss_total=0.711542 loss_rec=0.589834 valid_auc=0.691038 valid_rmse=0.473176 q_change=54 q_delta=0.445881 q_grad=0.002324
epoch=80 loss_total=0.711594 loss_rec=0.589899 valid_auc=0.690491 valid_rmse=0.472868 q_change=54 q_delta=0.445990 q_grad=0.002245
epoch=81 loss_total=0.707741 loss_rec=0.586082 valid_auc=0.692154 valid_rmse=0.474856 q_change=54 q_delta=0.446103 q_grad=0.002299
epoch=82 loss_total=0.708081 loss_rec=0.586467 valid_auc=0.690346 valid_rmse=0.474218 q_change=54 q_delta=0.446184 q_grad=0.002336
epoch=83 loss_total=0.706702 loss_rec=0.585144 valid_auc=0.690748 valid_rmse=0.478194 q_change=54 q_delta=0.446260 q_grad=0.002307
epoch=84 loss_total=0.707593 loss_rec=0.586036 valid_auc=0.691484 valid_rmse=0.474805 q_change=54 q_delta=0.446461 q_grad=0.002386
epoch=85 loss_total=0.709380 loss_rec=0.587868 valid_auc=0.690402 valid_rmse=0.478546 q_change=54 q_delta=0.446407 q_grad=0.002403
epoch=86 loss_total=0.710987 loss_rec=0.589474 valid_auc=0.689085 valid_rmse=0.475692 q_change=54 q_delta=0.446530 q_grad=0.002379
epoch=87 loss_total=0.705025 loss_rec=0.583571 valid_auc=0.688203 valid_rmse=0.476108 q_change=54 q_delta=0.446617 q_grad=0.002323
epoch=88 loss_total=0.699171 loss_rec=0.577737 valid_auc=0.687567 valid_rmse=0.475905 q_change=54 q_delta=0.446700 q_grad=0.002411
epoch=89 loss_total=0.701263 loss_rec=0.579867 valid_auc=0.687690 valid_rmse=0.481242 q_change=54 q_delta=0.446720 q_grad=0.002460
Early stopping at epoch 89; best_epoch=69.
Saved run to C:\Users\YAN_SHU_YU\Desktop\Generative-CD\Q_GNCDM\results\weak_q_lambda_sweep\lq_0p4_ls_0p9_lb_0p4\seed_2026\noise_0.20\weak-q_lq_0p4_ls_0p9_lb_0p4
Final metrics: q_hat_f1=0.101695 response_auc=0.683483 mastery_pearson=0.298461
