run=weak-q_lq_0p05_ls_0p4_lb_0p4 mode=weak-q noise=0.20 train=4200 valid=600 test=1200
epoch=1 loss_total=0.996773 loss_rec=0.725665 valid_auc=0.587801 valid_rmse=0.499754 q_change=57 q_delta=0.079922 q_grad=0.000445
epoch=2 loss_total=0.940324 loss_rec=0.706013 valid_auc=0.595000 valid_rmse=0.499333 q_change=57 q_delta=0.153997 q_grad=0.000451
epoch=3 loss_total=0.898317 loss_rec=0.700295 valid_auc=0.609152 valid_rmse=0.498630 q_change=57 q_delta=0.217778 q_grad=0.000440
epoch=4 loss_total=0.859523 loss_rec=0.694481 valid_auc=0.628862 valid_rmse=0.498150 q_change=57 q_delta=0.269498 q_grad=0.000408
epoch=5 loss_total=0.832578 loss_rec=0.694986 valid_auc=0.649241 valid_rmse=0.496681 q_change=57 q_delta=0.309056 q_grad=0.000369
epoch=6 loss_total=0.807250 loss_rec=0.691412 valid_auc=0.662299 valid_rmse=0.496311 q_change=57 q_delta=0.338392 q_grad=0.000331
epoch=7 loss_total=0.784996 loss_rec=0.685811 valid_auc=0.661752 valid_rmse=0.495188 q_change=57 q_delta=0.359889 q_grad=0.000307
epoch=8 loss_total=0.768515 loss_rec=0.681527 valid_auc=0.656507 valid_rmse=0.492578 q_change=57 q_delta=0.374705 q_grad=0.000311
epoch=9 loss_total=0.752149 loss_rec=0.673623 valid_auc=0.659319 valid_rmse=0.486245 q_change=57 q_delta=0.384977 q_grad=0.000374
epoch=10 loss_total=0.741320 loss_rec=0.668997 valid_auc=0.659353 valid_rmse=0.483893 q_change=57 q_delta=0.392265 q_grad=0.000457
epoch=11 loss_total=0.731318 loss_rec=0.663550 valid_auc=0.658873 valid_rmse=0.482252 q_change=57 q_delta=0.398598 q_grad=0.000564
epoch=12 loss_total=0.717935 loss_rec=0.654403 valid_auc=0.662467 valid_rmse=0.483073 q_change=57 q_delta=0.403959 q_grad=0.000635
epoch=13 loss_total=0.712614 loss_rec=0.652715 valid_auc=0.663281 valid_rmse=0.479935 q_change=57 q_delta=0.408671 q_grad=0.000650
epoch=14 loss_total=0.708643 loss_rec=0.651588 valid_auc=0.665642 valid_rmse=0.481490 q_change=57 q_delta=0.412168 q_grad=0.000727
epoch=15 loss_total=0.705605 loss_rec=0.651018 valid_auc=0.661808 valid_rmse=0.479952 q_change=57 q_delta=0.415610 q_grad=0.000764
epoch=16 loss_total=0.703946 loss_rec=0.651418 valid_auc=0.662500 valid_rmse=0.479922 q_change=57 q_delta=0.418205 q_grad=0.000841
epoch=17 loss_total=0.702108 loss_rec=0.651418 valid_auc=0.665491 valid_rmse=0.480375 q_change=57 q_delta=0.420489 q_grad=0.000814
epoch=18 loss_total=0.695771 loss_rec=0.646654 valid_auc=0.666306 valid_rmse=0.480204 q_change=57 q_delta=0.422599 q_grad=0.000841
epoch=19 loss_total=0.692822 loss_rec=0.645122 valid_auc=0.665625 valid_rmse=0.479848 q_change=57 q_delta=0.424427 q_grad=0.000894
epoch=20 loss_total=0.691866 loss_rec=0.645358 valid_auc=0.669598 valid_rmse=0.478515 q_change=57 q_delta=0.426188 q_grad=0.000978
epoch=21 loss_total=0.688355 loss_rec=0.643002 valid_auc=0.668415 valid_rmse=0.479313 q_change=57 q_delta=0.427459 q_grad=0.000936
epoch=22 loss_total=0.687731 loss_rec=0.643296 valid_auc=0.668292 valid_rmse=0.478323 q_change=57 q_delta=0.428740 q_grad=0.001021
epoch=23 loss_total=0.684269 loss_rec=0.640702 valid_auc=0.667143 valid_rmse=0.478208 q_change=57 q_delta=0.429966 q_grad=0.001034
epoch=24 loss_total=0.679973 loss_rec=0.637225 valid_auc=0.668560 valid_rmse=0.478728 q_change=57 q_delta=0.430942 q_grad=0.001081
epoch=25 loss_total=0.682221 loss_rec=0.640135 valid_auc=0.667589 valid_rmse=0.478113 q_change=57 q_delta=0.431801 q_grad=0.001182
epoch=26 loss_total=0.680115 loss_rec=0.638654 valid_auc=0.668125 valid_rmse=0.478490 q_change=57 q_delta=0.432585 q_grad=0.001199
epoch=27 loss_total=0.678354 loss_rec=0.637388 valid_auc=0.670335 valid_rmse=0.477739 q_change=57 q_delta=0.433250 q_grad=0.001212
epoch=28 loss_total=0.678596 loss_rec=0.638114 valid_auc=0.671150 valid_rmse=0.477251 q_change=57 q_delta=0.433938 q_grad=0.001278
epoch=29 loss_total=0.675991 loss_rec=0.635955 valid_auc=0.672779 valid_rmse=0.477070 q_change=57 q_delta=0.434505 q_grad=0.001341
epoch=30 loss_total=0.677285 loss_rec=0.637651 valid_auc=0.672913 valid_rmse=0.477736 q_change=57 q_delta=0.434944 q_grad=0.001354
epoch=31 loss_total=0.673752 loss_rec=0.634418 valid_auc=0.674487 valid_rmse=0.476582 q_change=57 q_delta=0.435447 q_grad=0.001393
epoch=32 loss_total=0.675053 loss_rec=0.636049 valid_auc=0.675837 valid_rmse=0.477258 q_change=57 q_delta=0.435792 q_grad=0.001462
epoch=33 loss_total=0.673955 loss_rec=0.635193 valid_auc=0.674632 valid_rmse=0.476298 q_change=57 q_delta=0.436408 q_grad=0.001465
epoch=34 loss_total=0.673592 loss_rec=0.635140 valid_auc=0.673717 valid_rmse=0.476114 q_change=57 q_delta=0.436639 q_grad=0.001508
epoch=35 loss_total=0.674946 loss_rec=0.636718 valid_auc=0.675246 valid_rmse=0.475661 q_change=57 q_delta=0.436962 q_grad=0.001517
epoch=36 loss_total=0.671644 loss_rec=0.633639 valid_auc=0.675592 valid_rmse=0.476736 q_change=57 q_delta=0.437136 q_grad=0.001565
epoch=37 loss_total=0.667248 loss_rec=0.629435 valid_auc=0.677288 valid_rmse=0.476174 q_change=57 q_delta=0.437384 q_grad=0.001611
epoch=38 loss_total=0.666504 loss_rec=0.628839 valid_auc=0.677433 valid_rmse=0.477324 q_change=57 q_delta=0.437578 q_grad=0.001731
epoch=39 loss_total=0.669777 loss_rec=0.632286 valid_auc=0.676451 valid_rmse=0.475722 q_change=57 q_delta=0.437955 q_grad=0.001704
epoch=40 loss_total=0.666388 loss_rec=0.629085 valid_auc=0.676585 valid_rmse=0.476177 q_change=57 q_delta=0.438101 q_grad=0.001769
epoch=41 loss_total=0.662722 loss_rec=0.625549 valid_auc=0.677980 valid_rmse=0.476190 q_change=57 q_delta=0.438232 q_grad=0.001782
epoch=42 loss_total=0.666824 loss_rec=0.629764 valid_auc=0.675067 valid_rmse=0.476929 q_change=57 q_delta=0.438424 q_grad=0.001852
epoch=43 loss_total=0.663817 loss_rec=0.626853 valid_auc=0.675335 valid_rmse=0.476587 q_change=57 q_delta=0.438555 q_grad=0.001819
epoch=44 loss_total=0.664254 loss_rec=0.627418 valid_auc=0.675491 valid_rmse=0.476737 q_change=57 q_delta=0.438704 q_grad=0.001889
epoch=45 loss_total=0.662521 loss_rec=0.625778 valid_auc=0.677288 valid_rmse=0.477833 q_change=57 q_delta=0.438760 q_grad=0.001947
epoch=46 loss_total=0.664124 loss_rec=0.627448 valid_auc=0.677467 valid_rmse=0.475619 q_change=57 q_delta=0.438962 q_grad=0.001918
epoch=47 loss_total=0.661956 loss_rec=0.625377 valid_auc=0.678270 valid_rmse=0.476256 q_change=57 q_delta=0.438976 q_grad=0.001950
epoch=48 loss_total=0.663120 loss_rec=0.626582 valid_auc=0.678158 valid_rmse=0.475471 q_change=57 q_delta=0.439122 q_grad=0.001992
epoch=49 loss_total=0.660866 loss_rec=0.624367 valid_auc=0.677266 valid_rmse=0.475658 q_change=57 q_delta=0.439179 q_grad=0.002026
epoch=50 loss_total=0.657990 loss_rec=0.621528 valid_auc=0.676987 valid_rmse=0.476077 q_change=57 q_delta=0.439213 q_grad=0.001968
epoch=51 loss_total=0.658943 loss_rec=0.622539 valid_auc=0.676384 valid_rmse=0.477659 q_change=57 q_delta=0.439129 q_grad=0.002105
epoch=52 loss_total=0.660126 loss_rec=0.623712 valid_auc=0.676562 valid_rmse=0.476155 q_change=57 q_delta=0.439149 q_grad=0.002120
epoch=53 loss_total=0.662012 loss_rec=0.625588 valid_auc=0.678136 valid_rmse=0.475779 q_change=57 q_delta=0.439064 q_grad=0.002100
epoch=54 loss_total=0.653943 loss_rec=0.617444 valid_auc=0.677377 valid_rmse=0.476973 q_change=57 q_delta=0.438745 q_grad=0.002077
epoch=55 loss_total=0.654722 loss_rec=0.618107 valid_auc=0.680435 valid_rmse=0.475082 q_change=57 q_delta=0.438446 q_grad=0.002111
epoch=56 loss_total=0.655313 loss_rec=0.618599 valid_auc=0.678092 valid_rmse=0.475582 q_change=56 q_delta=0.438426 q_grad=0.002170
epoch=57 loss_total=0.654477 loss_rec=0.617694 valid_auc=0.680379 valid_rmse=0.477028 q_change=56 q_delta=0.438859 q_grad=0.002231
epoch=58 loss_total=0.650230 loss_rec=0.613427 valid_auc=0.679263 valid_rmse=0.476731 q_change=56 q_delta=0.439351 q_grad=0.002192
epoch=59 loss_total=0.650553 loss_rec=0.613849 valid_auc=0.679029 valid_rmse=0.475787 q_change=56 q_delta=0.439786 q_grad=0.002218
epoch=60 loss_total=0.649826 loss_rec=0.613179 valid_auc=0.681663 valid_rmse=0.475652 q_change=56 q_delta=0.440015 q_grad=0.002263
epoch=61 loss_total=0.649180 loss_rec=0.612559 valid_auc=0.680993 valid_rmse=0.476056 q_change=56 q_delta=0.440227 q_grad=0.002289
epoch=62 loss_total=0.648532 loss_rec=0.612011 valid_auc=0.680949 valid_rmse=0.475156 q_change=56 q_delta=0.440499 q_grad=0.002239
epoch=63 loss_total=0.649637 loss_rec=0.613169 valid_auc=0.682020 valid_rmse=0.475338 q_change=56 q_delta=0.440597 q_grad=0.002251
epoch=64 loss_total=0.652730 loss_rec=0.616394 valid_auc=0.684085 valid_rmse=0.476983 q_change=56 q_delta=0.440734 q_grad=0.002341
epoch=65 loss_total=0.645841 loss_rec=0.609556 valid_auc=0.683170 valid_rmse=0.474398 q_change=56 q_delta=0.441034 q_grad=0.002204
epoch=66 loss_total=0.647155 loss_rec=0.610979 valid_auc=0.685547 valid_rmse=0.474617 q_change=56 q_delta=0.441118 q_grad=0.002345
epoch=67 loss_total=0.649610 loss_rec=0.613504 valid_auc=0.682221 valid_rmse=0.476060 q_change=56 q_delta=0.441280 q_grad=0.002291
epoch=68 loss_total=0.645651 loss_rec=0.609640 valid_auc=0.684364 valid_rmse=0.475413 q_change=56 q_delta=0.441399 q_grad=0.002319
epoch=69 loss_total=0.642178 loss_rec=0.606243 valid_auc=0.687232 valid_rmse=0.480066 q_change=56 q_delta=0.441367 q_grad=0.002377
epoch=70 loss_total=0.644247 loss_rec=0.608363 valid_auc=0.684040 valid_rmse=0.474602 q_change=56 q_delta=0.441686 q_grad=0.002380
epoch=71 loss_total=0.645007 loss_rec=0.609235 valid_auc=0.683806 valid_rmse=0.474508 q_change=56 q_delta=0.441755 q_grad=0.002352
epoch=72 loss_total=0.644231 loss_rec=0.608490 valid_auc=0.683828 valid_rmse=0.475561 q_change=56 q_delta=0.441791 q_grad=0.002386
epoch=73 loss_total=0.642479 loss_rec=0.606826 valid_auc=0.680000 valid_rmse=0.475772 q_change=56 q_delta=0.441956 q_grad=0.002438
epoch=74 loss_total=0.644981 loss_rec=0.609380 valid_auc=0.683337 valid_rmse=0.475355 q_change=56 q_delta=0.441982 q_grad=0.002393
epoch=75 loss_total=0.644269 loss_rec=0.608736 valid_auc=0.682377 valid_rmse=0.479388 q_change=56 q_delta=0.441955 q_grad=0.002367
epoch=76 loss_total=0.644395 loss_rec=0.608865 valid_auc=0.679955 valid_rmse=0.475466 q_change=56 q_delta=0.442147 q_grad=0.002325
epoch=77 loss_total=0.638481 loss_rec=0.603010 valid_auc=0.681395 valid_rmse=0.478654 q_change=56 q_delta=0.442079 q_grad=0.002334
epoch=78 loss_total=0.640841 loss_rec=0.605438 valid_auc=0.681629 valid_rmse=0.476449 q_change=56 q_delta=0.442204 q_grad=0.002503
epoch=79 loss_total=0.640468 loss_rec=0.605130 valid_auc=0.681741 valid_rmse=0.476052 q_change=56 q_delta=0.442325 q_grad=0.002556
epoch=80 loss_total=0.639758 loss_rec=0.604469 valid_auc=0.681373 valid_rmse=0.475494 q_change=56 q_delta=0.442388 q_grad=0.002447
epoch=81 loss_total=0.637558 loss_rec=0.602288 valid_auc=0.683739 valid_rmse=0.476198 q_change=56 q_delta=0.442320 q_grad=0.002517
epoch=82 loss_total=0.638004 loss_rec=0.602789 valid_auc=0.682266 valid_rmse=0.476679 q_change=56 q_delta=0.442423 q_grad=0.002538
epoch=83 loss_total=0.636644 loss_rec=0.601480 valid_auc=0.683326 valid_rmse=0.478453 q_change=56 q_delta=0.442372 q_grad=0.002500
epoch=84 loss_total=0.638326 loss_rec=0.603195 valid_auc=0.684598 valid_rmse=0.475515 q_change=56 q_delta=0.442448 q_grad=0.002532
epoch=85 loss_total=0.637060 loss_rec=0.601961 valid_auc=0.683058 valid_rmse=0.478293 q_change=56 q_delta=0.442458 q_grad=0.002586
epoch=86 loss_total=0.640616 loss_rec=0.605575 valid_auc=0.682812 valid_rmse=0.475881 q_change=56 q_delta=0.442539 q_grad=0.002573
epoch=87 loss_total=0.635764 loss_rec=0.600726 valid_auc=0.683426 valid_rmse=0.475721 q_change=56 q_delta=0.442530 q_grad=0.002512
epoch=88 loss_total=0.631571 loss_rec=0.596534 valid_auc=0.681920 valid_rmse=0.476616 q_change=56 q_delta=0.442549 q_grad=0.002579
epoch=89 loss_total=0.632581 loss_rec=0.597608 valid_auc=0.682567 valid_rmse=0.481435 q_change=56 q_delta=0.442464 q_grad=0.002563
Early stopping at epoch 89; best_epoch=69.
Saved run to C:\Users\YAN_SHU_YU\Desktop\Generative-CD\Q_GNCDM\results\weak_q_lambda_sweep\lq_0p05_ls_0p4_lb_0p4\seed_2026\noise_0.20\weak-q_lq_0p05_ls_0p4_lb_0p4
Final metrics: q_hat_f1=0.035088 response_auc=0.685760 mastery_pearson=0.286684
