run=weak-q_lq_0p6_ls_0p7_lb_0p05 mode=weak-q noise=0.20 train=4200 valid=600 test=1200
epoch=1 loss_total=1.043319 loss_rec=0.725658 valid_auc=0.587589 valid_rmse=0.499753 q_change=57 q_delta=0.077712 q_grad=0.000660
epoch=2 loss_total=0.978861 loss_rec=0.705842 valid_auc=0.594129 valid_rmse=0.499286 q_change=57 q_delta=0.142801 q_grad=0.000530
epoch=3 loss_total=0.940679 loss_rec=0.699719 valid_auc=0.607020 valid_rmse=0.498425 q_change=57 q_delta=0.194665 q_grad=0.000426
epoch=4 loss_total=0.911295 loss_rec=0.693027 valid_auc=0.625569 valid_rmse=0.497497 q_change=57 q_delta=0.235262 q_grad=0.000348
epoch=5 loss_total=0.894398 loss_rec=0.691807 valid_auc=0.646339 valid_rmse=0.495004 q_change=57 q_delta=0.265804 q_grad=0.000308
epoch=6 loss_total=0.875975 loss_rec=0.684029 valid_auc=0.661261 valid_rmse=0.492047 q_change=57 q_delta=0.287418 q_grad=0.000310
epoch=7 loss_total=0.853685 loss_rec=0.668463 valid_auc=0.662232 valid_rmse=0.485878 q_change=57 q_delta=0.301089 q_grad=0.000386
epoch=8 loss_total=0.834468 loss_rec=0.652903 valid_auc=0.664587 valid_rmse=0.481049 q_change=57 q_delta=0.309372 q_grad=0.000585
epoch=9 loss_total=0.821515 loss_rec=0.642603 valid_auc=0.675435 valid_rmse=0.475862 q_change=57 q_delta=0.316621 q_grad=0.000777
epoch=10 loss_total=0.819766 loss_rec=0.643275 valid_auc=0.675592 valid_rmse=0.476171 q_change=57 q_delta=0.321957 q_grad=0.000891
epoch=11 loss_total=0.814605 loss_rec=0.639640 valid_auc=0.679208 valid_rmse=0.474448 q_change=57 q_delta=0.326473 q_grad=0.001047
epoch=12 loss_total=0.803152 loss_rec=0.629521 valid_auc=0.681239 valid_rmse=0.475245 q_change=57 q_delta=0.329474 q_grad=0.001153
epoch=13 loss_total=0.798505 loss_rec=0.625951 valid_auc=0.682109 valid_rmse=0.473104 q_change=57 q_delta=0.332636 q_grad=0.001211
epoch=14 loss_total=0.797656 loss_rec=0.625848 valid_auc=0.681150 valid_rmse=0.474896 q_change=57 q_delta=0.334383 q_grad=0.001335
epoch=15 loss_total=0.793484 loss_rec=0.622288 valid_auc=0.681239 valid_rmse=0.473414 q_change=57 q_delta=0.336597 q_grad=0.001420
epoch=16 loss_total=0.794423 loss_rec=0.623697 valid_auc=0.683181 valid_rmse=0.473711 q_change=57 q_delta=0.338061 q_grad=0.001538
epoch=17 loss_total=0.790933 loss_rec=0.620746 valid_auc=0.682846 valid_rmse=0.473836 q_change=57 q_delta=0.339706 q_grad=0.001480
epoch=18 loss_total=0.785160 loss_rec=0.615312 valid_auc=0.684029 valid_rmse=0.473433 q_change=56 q_delta=0.341277 q_grad=0.001520
epoch=19 loss_total=0.784171 loss_rec=0.614823 valid_auc=0.683292 valid_rmse=0.474597 q_change=56 q_delta=0.343038 q_grad=0.001626
epoch=20 loss_total=0.782023 loss_rec=0.612930 valid_auc=0.685837 valid_rmse=0.472812 q_change=56 q_delta=0.344816 q_grad=0.001702
epoch=21 loss_total=0.777822 loss_rec=0.609006 valid_auc=0.686060 valid_rmse=0.474469 q_change=56 q_delta=0.346057 q_grad=0.001621
epoch=22 loss_total=0.775995 loss_rec=0.607369 valid_auc=0.685748 valid_rmse=0.474057 q_change=56 q_delta=0.347459 q_grad=0.001757
epoch=23 loss_total=0.773914 loss_rec=0.605463 valid_auc=0.683873 valid_rmse=0.473764 q_change=56 q_delta=0.349214 q_grad=0.001725
epoch=24 loss_total=0.769415 loss_rec=0.601131 valid_auc=0.682612 valid_rmse=0.474515 q_change=53 q_delta=0.350505 q_grad=0.001753
epoch=25 loss_total=0.770743 loss_rec=0.602552 valid_auc=0.683817 valid_rmse=0.474444 q_change=53 q_delta=0.351638 q_grad=0.001870
epoch=26 loss_total=0.768170 loss_rec=0.600082 valid_auc=0.685335 valid_rmse=0.474833 q_change=51 q_delta=0.353014 q_grad=0.001851
epoch=27 loss_total=0.764753 loss_rec=0.596637 valid_auc=0.685502 valid_rmse=0.475734 q_change=51 q_delta=0.354351 q_grad=0.001833
epoch=28 loss_total=0.767803 loss_rec=0.599797 valid_auc=0.685145 valid_rmse=0.474802 q_change=51 q_delta=0.356043 q_grad=0.001916
epoch=29 loss_total=0.761427 loss_rec=0.593482 valid_auc=0.687679 valid_rmse=0.474070 q_change=51 q_delta=0.357700 q_grad=0.001937
epoch=30 loss_total=0.760381 loss_rec=0.592387 valid_auc=0.689487 valid_rmse=0.474829 q_change=51 q_delta=0.359188 q_grad=0.001927
epoch=31 loss_total=0.756492 loss_rec=0.588363 valid_auc=0.688549 valid_rmse=0.474744 q_change=51 q_delta=0.360803 q_grad=0.001957
epoch=32 loss_total=0.757795 loss_rec=0.589622 valid_auc=0.690346 valid_rmse=0.474288 q_change=50 q_delta=0.362368 q_grad=0.002011
epoch=33 loss_total=0.755009 loss_rec=0.586720 valid_auc=0.689498 valid_rmse=0.472633 q_change=50 q_delta=0.363869 q_grad=0.002015
epoch=34 loss_total=0.754113 loss_rec=0.585778 valid_auc=0.687366 valid_rmse=0.473022 q_change=50 q_delta=0.365099 q_grad=0.001994
epoch=35 loss_total=0.753800 loss_rec=0.585381 valid_auc=0.692132 valid_rmse=0.471744 q_change=50 q_delta=0.366549 q_grad=0.001994
epoch=36 loss_total=0.747215 loss_rec=0.578569 valid_auc=0.692578 valid_rmse=0.472676 q_change=49 q_delta=0.367569 q_grad=0.002069
epoch=37 loss_total=0.742756 loss_rec=0.573934 valid_auc=0.692054 valid_rmse=0.473643 q_change=49 q_delta=0.368746 q_grad=0.002073
epoch=38 loss_total=0.739552 loss_rec=0.570701 valid_auc=0.691641 valid_rmse=0.475068 q_change=49 q_delta=0.369838 q_grad=0.002191
epoch=39 loss_total=0.739380 loss_rec=0.570392 valid_auc=0.690011 valid_rmse=0.472869 q_change=49 q_delta=0.371385 q_grad=0.002144
epoch=40 loss_total=0.735585 loss_rec=0.566466 valid_auc=0.689950 valid_rmse=0.473400 q_change=49 q_delta=0.372289 q_grad=0.002207
epoch=41 loss_total=0.729853 loss_rec=0.560662 valid_auc=0.691696 valid_rmse=0.474820 q_change=49 q_delta=0.373373 q_grad=0.002219
epoch=42 loss_total=0.731636 loss_rec=0.562320 valid_auc=0.687768 valid_rmse=0.474375 q_change=49 q_delta=0.374543 q_grad=0.002354
epoch=43 loss_total=0.725432 loss_rec=0.555980 valid_auc=0.689989 valid_rmse=0.475035 q_change=48 q_delta=0.375268 q_grad=0.002333
epoch=44 loss_total=0.723998 loss_rec=0.554492 valid_auc=0.687589 valid_rmse=0.475604 q_change=48 q_delta=0.376273 q_grad=0.002384
epoch=45 loss_total=0.718004 loss_rec=0.548457 valid_auc=0.687757 valid_rmse=0.480045 q_change=48 q_delta=0.376796 q_grad=0.002438
epoch=46 loss_total=0.717339 loss_rec=0.547655 valid_auc=0.691641 valid_rmse=0.474214 q_change=48 q_delta=0.377984 q_grad=0.002447
epoch=47 loss_total=0.713600 loss_rec=0.543841 valid_auc=0.688616 valid_rmse=0.477273 q_change=48 q_delta=0.378767 q_grad=0.002483
epoch=48 loss_total=0.710312 loss_rec=0.540522 valid_auc=0.688817 valid_rmse=0.476723 q_change=48 q_delta=0.379739 q_grad=0.002559
epoch=49 loss_total=0.705552 loss_rec=0.535735 valid_auc=0.690804 valid_rmse=0.475257 q_change=48 q_delta=0.380194 q_grad=0.002569
epoch=50 loss_total=0.699729 loss_rec=0.529860 valid_auc=0.688192 valid_rmse=0.478580 q_change=48 q_delta=0.380879 q_grad=0.002575
epoch=51 loss_total=0.698980 loss_rec=0.529171 valid_auc=0.688873 valid_rmse=0.479162 q_change=48 q_delta=0.381444 q_grad=0.002665
epoch=52 loss_total=0.700285 loss_rec=0.530471 valid_auc=0.687969 valid_rmse=0.477908 q_change=48 q_delta=0.382244 q_grad=0.002714
epoch=53 loss_total=0.700229 loss_rec=0.530407 valid_auc=0.688348 valid_rmse=0.476808 q_change=48 q_delta=0.382741 q_grad=0.002727
epoch=54 loss_total=0.692252 loss_rec=0.522380 valid_auc=0.684565 valid_rmse=0.479922 q_change=48 q_delta=0.383147 q_grad=0.002744
epoch=55 loss_total=0.688147 loss_rec=0.518334 valid_auc=0.691607 valid_rmse=0.476436 q_change=48 q_delta=0.383688 q_grad=0.002726
epoch=56 loss_total=0.688465 loss_rec=0.518664 valid_auc=0.687109 valid_rmse=0.479258 q_change=48 q_delta=0.383961 q_grad=0.002784
Early stopping at epoch 56; best_epoch=36.
Saved run to C:\Users\YAN_SHU_YU\Desktop\Generative-CD\Q_GNCDM\results\weak_q_lambda_sweep\lq_0p6_ls_0p7_lb_0p05\seed_2026\noise_0.20\weak-q_lq_0p6_ls_0p7_lb_0p05
Final metrics: q_hat_f1=0.250000 response_auc=0.692790 mastery_pearson=0.407811
