run=weak-q_lq_0p4_ls_0p6_lb_0p6 mode=weak-q noise=0.20 train=4200 valid=600 test=1200
epoch=1 loss_total=1.133013 loss_rec=0.725666 valid_auc=0.587623 valid_rmse=0.499758 q_change=57 q_delta=0.079656 q_grad=0.000646
epoch=2 loss_total=1.062799 loss_rec=0.706010 valid_auc=0.594029 valid_rmse=0.499350 q_change=57 q_delta=0.152024 q_grad=0.000616
epoch=3 loss_total=1.010888 loss_rec=0.700287 valid_auc=0.606138 valid_rmse=0.498667 q_change=57 q_delta=0.213634 q_grad=0.000570
epoch=4 loss_total=0.965264 loss_rec=0.694446 valid_auc=0.623482 valid_rmse=0.498189 q_change=57 q_delta=0.263613 q_grad=0.000511
epoch=5 loss_total=0.933474 loss_rec=0.694904 valid_auc=0.643694 valid_rmse=0.496703 q_change=57 q_delta=0.302379 q_grad=0.000449
epoch=6 loss_total=0.904488 loss_rec=0.691263 valid_auc=0.658237 valid_rmse=0.496312 q_change=57 q_delta=0.331738 q_grad=0.000393
epoch=7 loss_total=0.879342 loss_rec=0.685583 valid_auc=0.659018 valid_rmse=0.495193 q_change=57 q_delta=0.353766 q_grad=0.000354
epoch=8 loss_total=0.860574 loss_rec=0.681315 valid_auc=0.653527 valid_rmse=0.492756 q_change=57 q_delta=0.369530 q_grad=0.000343
epoch=9 loss_total=0.842856 loss_rec=0.673952 valid_auc=0.657243 valid_rmse=0.486687 q_change=57 q_delta=0.380837 q_grad=0.000393
epoch=10 loss_total=0.830716 loss_rec=0.669477 valid_auc=0.657891 valid_rmse=0.484297 q_change=57 q_delta=0.388954 q_grad=0.000468
epoch=11 loss_total=0.819501 loss_rec=0.663874 valid_auc=0.657779 valid_rmse=0.482557 q_change=57 q_delta=0.395836 q_grad=0.000573
epoch=12 loss_total=0.804880 loss_rec=0.654386 valid_auc=0.661529 valid_rmse=0.483135 q_change=57 q_delta=0.401676 q_grad=0.000643
epoch=13 loss_total=0.798691 loss_rec=0.652615 valid_auc=0.662779 valid_rmse=0.479848 q_change=57 q_delta=0.406751 q_grad=0.000660
epoch=14 loss_total=0.794078 loss_rec=0.651461 valid_auc=0.665848 valid_rmse=0.481270 q_change=57 q_delta=0.410621 q_grad=0.000735
epoch=15 loss_total=0.790226 loss_rec=0.650620 valid_auc=0.663181 valid_rmse=0.479696 q_change=57 q_delta=0.414328 q_grad=0.000772
epoch=16 loss_total=0.788178 loss_rec=0.651074 valid_auc=0.663906 valid_rmse=0.479728 q_change=57 q_delta=0.417186 q_grad=0.000850
epoch=17 loss_total=0.785917 loss_rec=0.651073 valid_auc=0.666496 valid_rmse=0.480283 q_change=57 q_delta=0.419708 q_grad=0.000826
epoch=18 loss_total=0.779175 loss_rec=0.646252 valid_auc=0.667444 valid_rmse=0.479799 q_change=57 q_delta=0.422030 q_grad=0.000851
epoch=19 loss_total=0.775931 loss_rec=0.644730 valid_auc=0.667054 valid_rmse=0.479520 q_change=57 q_delta=0.424011 q_grad=0.000907
epoch=20 loss_total=0.774779 loss_rec=0.645026 valid_auc=0.670592 valid_rmse=0.478186 q_change=57 q_delta=0.425896 q_grad=0.000989
epoch=21 loss_total=0.770930 loss_rec=0.642577 valid_auc=0.669777 valid_rmse=0.478978 q_change=57 q_delta=0.427294 q_grad=0.000945
epoch=22 loss_total=0.770141 loss_rec=0.642906 valid_auc=0.669330 valid_rmse=0.477918 q_change=57 q_delta=0.428670 q_grad=0.001030
epoch=23 loss_total=0.766369 loss_rec=0.640182 valid_auc=0.668705 valid_rmse=0.477650 q_change=57 q_delta=0.430003 q_grad=0.001042
epoch=24 loss_total=0.761948 loss_rec=0.636754 valid_auc=0.669699 valid_rmse=0.478114 q_change=57 q_delta=0.431074 q_grad=0.001087
epoch=25 loss_total=0.764264 loss_rec=0.639875 valid_auc=0.669386 valid_rmse=0.477540 q_change=57 q_delta=0.431989 q_grad=0.001187
epoch=26 loss_total=0.761844 loss_rec=0.638203 valid_auc=0.669788 valid_rmse=0.478050 q_change=57 q_delta=0.432841 q_grad=0.001202
epoch=27 loss_total=0.759804 loss_rec=0.636764 valid_auc=0.672958 valid_rmse=0.477368 q_change=57 q_delta=0.433556 q_grad=0.001214
epoch=28 loss_total=0.760399 loss_rec=0.637955 valid_auc=0.674029 valid_rmse=0.476709 q_change=57 q_delta=0.434303 q_grad=0.001278
epoch=29 loss_total=0.757488 loss_rec=0.635572 valid_auc=0.675904 valid_rmse=0.476581 q_change=57 q_delta=0.434908 q_grad=0.001340
epoch=30 loss_total=0.758618 loss_rec=0.637188 valid_auc=0.676518 valid_rmse=0.477024 q_change=57 q_delta=0.435401 q_grad=0.001343
epoch=31 loss_total=0.754911 loss_rec=0.633830 valid_auc=0.677500 valid_rmse=0.476083 q_change=57 q_delta=0.435914 q_grad=0.001383
epoch=32 loss_total=0.756513 loss_rec=0.635825 valid_auc=0.678705 valid_rmse=0.476922 q_change=57 q_delta=0.436268 q_grad=0.001448
epoch=33 loss_total=0.755322 loss_rec=0.634908 valid_auc=0.677232 valid_rmse=0.475638 q_change=57 q_delta=0.436874 q_grad=0.001445
epoch=34 loss_total=0.754568 loss_rec=0.634511 valid_auc=0.676562 valid_rmse=0.475364 q_change=57 q_delta=0.437142 q_grad=0.001483
epoch=35 loss_total=0.756048 loss_rec=0.636251 valid_auc=0.677868 valid_rmse=0.474826 q_change=57 q_delta=0.437451 q_grad=0.001488
epoch=36 loss_total=0.752746 loss_rec=0.633178 valid_auc=0.678694 valid_rmse=0.475895 q_change=57 q_delta=0.437608 q_grad=0.001536
epoch=37 loss_total=0.747933 loss_rec=0.628557 valid_auc=0.680826 valid_rmse=0.475186 q_change=57 q_delta=0.437830 q_grad=0.001576
epoch=38 loss_total=0.747058 loss_rec=0.627832 valid_auc=0.680703 valid_rmse=0.476458 q_change=57 q_delta=0.437984 q_grad=0.001691
epoch=39 loss_total=0.750549 loss_rec=0.631491 valid_auc=0.679688 valid_rmse=0.474746 q_change=57 q_delta=0.438295 q_grad=0.001666
epoch=40 loss_total=0.746800 loss_rec=0.627908 valid_auc=0.680725 valid_rmse=0.474986 q_change=57 q_delta=0.438367 q_grad=0.001719
epoch=41 loss_total=0.742788 loss_rec=0.623961 valid_auc=0.682746 valid_rmse=0.475084 q_change=57 q_delta=0.438329 q_grad=0.001742
epoch=42 loss_total=0.747116 loss_rec=0.628305 valid_auc=0.678984 valid_rmse=0.475475 q_change=57 q_delta=0.438336 q_grad=0.001802
epoch=43 loss_total=0.743400 loss_rec=0.624513 valid_auc=0.682199 valid_rmse=0.474601 q_change=57 q_delta=0.438085 q_grad=0.001767
epoch=44 loss_total=0.743449 loss_rec=0.624490 valid_auc=0.683092 valid_rmse=0.474841 q_change=57 q_delta=0.437925 q_grad=0.001843
epoch=45 loss_total=0.740969 loss_rec=0.621936 valid_auc=0.684040 valid_rmse=0.476592 q_change=56 q_delta=0.437629 q_grad=0.001891
epoch=46 loss_total=0.741647 loss_rec=0.622533 valid_auc=0.685246 valid_rmse=0.473324 q_change=56 q_delta=0.438314 q_grad=0.001855
epoch=47 loss_total=0.738611 loss_rec=0.619508 valid_auc=0.686730 valid_rmse=0.473721 q_change=56 q_delta=0.438721 q_grad=0.001885
epoch=48 loss_total=0.739457 loss_rec=0.620351 valid_auc=0.686384 valid_rmse=0.472898 q_change=56 q_delta=0.439160 q_grad=0.001923
epoch=49 loss_total=0.737343 loss_rec=0.618229 valid_auc=0.685977 valid_rmse=0.473164 q_change=56 q_delta=0.439430 q_grad=0.001960
epoch=50 loss_total=0.733223 loss_rec=0.614165 valid_auc=0.683571 valid_rmse=0.474091 q_change=56 q_delta=0.439663 q_grad=0.001881
epoch=51 loss_total=0.733827 loss_rec=0.614836 valid_auc=0.687467 valid_rmse=0.474958 q_change=56 q_delta=0.439745 q_grad=0.002024
epoch=52 loss_total=0.734728 loss_rec=0.615764 valid_auc=0.684911 valid_rmse=0.473524 q_change=56 q_delta=0.439991 q_grad=0.002034
epoch=53 loss_total=0.736524 loss_rec=0.617617 valid_auc=0.688259 valid_rmse=0.472669 q_change=56 q_delta=0.440137 q_grad=0.002015
epoch=54 loss_total=0.728732 loss_rec=0.609895 valid_auc=0.686540 valid_rmse=0.474086 q_change=56 q_delta=0.440183 q_grad=0.001988
epoch=55 loss_total=0.728957 loss_rec=0.610137 valid_auc=0.689286 valid_rmse=0.472431 q_change=56 q_delta=0.440247 q_grad=0.002023
epoch=56 loss_total=0.730948 loss_rec=0.612184 valid_auc=0.686060 valid_rmse=0.472903 q_change=56 q_delta=0.440357 q_grad=0.002083
epoch=57 loss_total=0.729888 loss_rec=0.611135 valid_auc=0.688996 valid_rmse=0.474151 q_change=56 q_delta=0.440244 q_grad=0.002122
epoch=58 loss_total=0.726139 loss_rec=0.607376 valid_auc=0.687299 valid_rmse=0.474297 q_change=56 q_delta=0.440324 q_grad=0.002072
epoch=59 loss_total=0.726268 loss_rec=0.607608 valid_auc=0.687835 valid_rmse=0.472574 q_change=56 q_delta=0.440399 q_grad=0.002085
epoch=60 loss_total=0.725523 loss_rec=0.606841 valid_auc=0.690134 valid_rmse=0.472746 q_change=56 q_delta=0.440298 q_grad=0.002116
epoch=61 loss_total=0.724998 loss_rec=0.606259 valid_auc=0.690100 valid_rmse=0.472827 q_change=56 q_delta=0.440202 q_grad=0.002146
epoch=62 loss_total=0.723502 loss_rec=0.604759 valid_auc=0.690022 valid_rmse=0.472067 q_change=56 q_delta=0.440154 q_grad=0.002083
epoch=63 loss_total=0.724464 loss_rec=0.605639 valid_auc=0.689833 valid_rmse=0.472819 q_change=55 q_delta=0.439919 q_grad=0.002093
epoch=64 loss_total=0.727144 loss_rec=0.608317 valid_auc=0.694029 valid_rmse=0.473697 q_change=55 q_delta=0.439745 q_grad=0.002154
epoch=65 loss_total=0.720195 loss_rec=0.601289 valid_auc=0.692857 valid_rmse=0.471410 q_change=54 q_delta=0.439825 q_grad=0.002036
epoch=66 loss_total=0.720751 loss_rec=0.601830 valid_auc=0.694386 valid_rmse=0.471661 q_change=54 q_delta=0.440281 q_grad=0.002158
epoch=67 loss_total=0.722743 loss_rec=0.603776 valid_auc=0.691942 valid_rmse=0.472891 q_change=54 q_delta=0.440744 q_grad=0.002119
epoch=68 loss_total=0.718336 loss_rec=0.599375 valid_auc=0.693817 valid_rmse=0.472683 q_change=54 q_delta=0.441168 q_grad=0.002134
epoch=69 loss_total=0.714709 loss_rec=0.595755 valid_auc=0.696775 valid_rmse=0.477350 q_change=54 q_delta=0.441424 q_grad=0.002202
epoch=70 loss_total=0.714885 loss_rec=0.595953 valid_auc=0.693371 valid_rmse=0.471436 q_change=54 q_delta=0.441904 q_grad=0.002195
epoch=71 loss_total=0.716456 loss_rec=0.597547 valid_auc=0.693225 valid_rmse=0.471513 q_change=54 q_delta=0.442197 q_grad=0.002199
epoch=72 loss_total=0.714540 loss_rec=0.595632 valid_auc=0.692612 valid_rmse=0.472276 q_change=54 q_delta=0.442452 q_grad=0.002233
epoch=73 loss_total=0.711554 loss_rec=0.592712 valid_auc=0.688951 valid_rmse=0.472713 q_change=54 q_delta=0.442723 q_grad=0.002282
epoch=74 loss_total=0.714814 loss_rec=0.595979 valid_auc=0.690725 valid_rmse=0.473102 q_change=54 q_delta=0.442907 q_grad=0.002237
epoch=75 loss_total=0.713018 loss_rec=0.594190 valid_auc=0.689955 valid_rmse=0.478871 q_change=54 q_delta=0.443035 q_grad=0.002242
epoch=76 loss_total=0.712778 loss_rec=0.593960 valid_auc=0.688761 valid_rmse=0.472876 q_change=54 q_delta=0.443303 q_grad=0.002234
epoch=77 loss_total=0.706382 loss_rec=0.587589 valid_auc=0.689208 valid_rmse=0.476495 q_change=54 q_delta=0.443357 q_grad=0.002233
epoch=78 loss_total=0.707799 loss_rec=0.589035 valid_auc=0.688583 valid_rmse=0.474718 q_change=54 q_delta=0.443511 q_grad=0.002413
epoch=79 loss_total=0.707169 loss_rec=0.588444 valid_auc=0.687411 valid_rmse=0.474218 q_change=54 q_delta=0.443672 q_grad=0.002483
epoch=80 loss_total=0.706562 loss_rec=0.587864 valid_auc=0.687333 valid_rmse=0.473958 q_change=54 q_delta=0.443792 q_grad=0.002405
epoch=81 loss_total=0.703072 loss_rec=0.584417 valid_auc=0.688806 valid_rmse=0.475880 q_change=54 q_delta=0.443909 q_grad=0.002469
epoch=82 loss_total=0.703376 loss_rec=0.584759 valid_auc=0.687132 valid_rmse=0.475492 q_change=54 q_delta=0.443997 q_grad=0.002510
epoch=83 loss_total=0.701746 loss_rec=0.583176 valid_auc=0.687812 valid_rmse=0.479050 q_change=54 q_delta=0.444085 q_grad=0.002483
epoch=84 loss_total=0.702624 loss_rec=0.584085 valid_auc=0.688415 valid_rmse=0.475757 q_change=54 q_delta=0.444274 q_grad=0.002554
epoch=85 loss_total=0.703900 loss_rec=0.585389 valid_auc=0.687087 valid_rmse=0.479464 q_change=54 q_delta=0.444238 q_grad=0.002592
epoch=86 loss_total=0.705586 loss_rec=0.587080 valid_auc=0.685826 valid_rmse=0.476740 q_change=54 q_delta=0.444361 q_grad=0.002566
epoch=87 loss_total=0.699572 loss_rec=0.581113 valid_auc=0.684654 valid_rmse=0.477364 q_change=54 q_delta=0.444438 q_grad=0.002514
epoch=88 loss_total=0.693870 loss_rec=0.575438 valid_auc=0.684732 valid_rmse=0.477190 q_change=54 q_delta=0.444528 q_grad=0.002610
epoch=89 loss_total=0.695817 loss_rec=0.577413 valid_auc=0.684922 valid_rmse=0.482784 q_change=54 q_delta=0.444531 q_grad=0.002662
Early stopping at epoch 89; best_epoch=69.
Saved run to C:\Users\YAN_SHU_YU\Desktop\Generative-CD\Q_GNCDM\results\weak_q_lambda_sweep\lq_0p4_ls_0p6_lb_0p6\seed_2026\noise_0.20\weak-q_lq_0p4_ls_0p6_lb_0p6
Final metrics: q_hat_f1=0.101695 response_auc=0.684642 mastery_pearson=0.302925
