run=weak-q_lq_0p1_ls_0p6_lb_0p2 mode=weak-q noise=0.20 train=4200 valid=600 test=1200
epoch=1 loss_total=1.035092 loss_rec=0.725664 valid_auc=0.587634 valid_rmse=0.499757 q_change=57 q_delta=0.079353 q_grad=0.000617
epoch=2 loss_total=0.967979 loss_rec=0.705982 valid_auc=0.594107 valid_rmse=0.499338 q_change=57 q_delta=0.150678 q_grad=0.000576
epoch=3 loss_total=0.920041 loss_rec=0.700194 valid_auc=0.606680 valid_rmse=0.498624 q_change=57 q_delta=0.210996 q_grad=0.000525
epoch=4 loss_total=0.878449 loss_rec=0.694230 valid_auc=0.624308 valid_rmse=0.498082 q_change=57 q_delta=0.259878 q_grad=0.000467
epoch=5 loss_total=0.850193 loss_rec=0.694487 valid_auc=0.644888 valid_rmse=0.496475 q_change=57 q_delta=0.297815 q_grad=0.000410
epoch=6 loss_total=0.823923 loss_rec=0.690421 valid_auc=0.659124 valid_rmse=0.495821 q_change=57 q_delta=0.326508 q_grad=0.000364
epoch=7 loss_total=0.800396 loss_rec=0.683766 valid_auc=0.659554 valid_rmse=0.494117 q_change=57 q_delta=0.347839 q_grad=0.000339
epoch=8 loss_total=0.781961 loss_rec=0.677576 valid_auc=0.654715 valid_rmse=0.490565 q_change=57 q_delta=0.362598 q_grad=0.000357
epoch=9 loss_total=0.763606 loss_rec=0.667673 valid_auc=0.659654 valid_rmse=0.483752 q_change=57 q_delta=0.373117 q_grad=0.000448
epoch=10 loss_total=0.753506 loss_rec=0.664030 valid_auc=0.659844 valid_rmse=0.482364 q_change=57 q_delta=0.381177 q_grad=0.000545
epoch=11 loss_total=0.744274 loss_rec=0.659724 valid_auc=0.660681 valid_rmse=0.481191 q_change=57 q_delta=0.388184 q_grad=0.000652
epoch=12 loss_total=0.730965 loss_rec=0.650930 valid_auc=0.664531 valid_rmse=0.481892 q_change=57 q_delta=0.393964 q_grad=0.000718
epoch=13 loss_total=0.725456 loss_rec=0.649218 valid_auc=0.665971 valid_rmse=0.478811 q_change=57 q_delta=0.398993 q_grad=0.000736
epoch=14 loss_total=0.721601 loss_rec=0.648314 valid_auc=0.667790 valid_rmse=0.480211 q_change=57 q_delta=0.402742 q_grad=0.000822
epoch=15 loss_total=0.717945 loss_rec=0.647208 valid_auc=0.665993 valid_rmse=0.478619 q_change=57 q_delta=0.406394 q_grad=0.000871
epoch=16 loss_total=0.716482 loss_rec=0.647865 valid_auc=0.667299 valid_rmse=0.478523 q_change=57 q_delta=0.409149 q_grad=0.000965
epoch=17 loss_total=0.714099 loss_rec=0.647395 valid_auc=0.669241 valid_rmse=0.478985 q_change=57 q_delta=0.411588 q_grad=0.000944
epoch=18 loss_total=0.707430 loss_rec=0.642322 valid_auc=0.669554 valid_rmse=0.478330 q_change=57 q_delta=0.413828 q_grad=0.000982
epoch=19 loss_total=0.704537 loss_rec=0.640895 valid_auc=0.669319 valid_rmse=0.478079 q_change=57 q_delta=0.415755 q_grad=0.001056
epoch=20 loss_total=0.703280 loss_rec=0.640842 valid_auc=0.672679 valid_rmse=0.476704 q_change=57 q_delta=0.417579 q_grad=0.001155
epoch=21 loss_total=0.699454 loss_rec=0.638177 valid_auc=0.673538 valid_rmse=0.477534 q_change=57 q_delta=0.418874 q_grad=0.001115
epoch=22 loss_total=0.698413 loss_rec=0.638035 valid_auc=0.674766 valid_rmse=0.476331 q_change=57 q_delta=0.420139 q_grad=0.001226
epoch=23 loss_total=0.694823 loss_rec=0.635288 valid_auc=0.674252 valid_rmse=0.475978 q_change=57 q_delta=0.421411 q_grad=0.001245
epoch=24 loss_total=0.690239 loss_rec=0.631499 valid_auc=0.674353 valid_rmse=0.476446 q_change=57 q_delta=0.422404 q_grad=0.001304
epoch=25 loss_total=0.692775 loss_rec=0.634683 valid_auc=0.674967 valid_rmse=0.476076 q_change=57 q_delta=0.423205 q_grad=0.001431
epoch=26 loss_total=0.690283 loss_rec=0.632774 valid_auc=0.675201 valid_rmse=0.476754 q_change=57 q_delta=0.423962 q_grad=0.001445
epoch=27 loss_total=0.688047 loss_rec=0.630979 valid_auc=0.678850 valid_rmse=0.476171 q_change=57 q_delta=0.424536 q_grad=0.001461
epoch=28 loss_total=0.689148 loss_rec=0.632527 valid_auc=0.678996 valid_rmse=0.475435 q_change=57 q_delta=0.425246 q_grad=0.001548
epoch=29 loss_total=0.685737 loss_rec=0.629514 valid_auc=0.680681 valid_rmse=0.475268 q_change=57 q_delta=0.425756 q_grad=0.001614
epoch=30 loss_total=0.686811 loss_rec=0.630952 valid_auc=0.680837 valid_rmse=0.475715 q_change=57 q_delta=0.426151 q_grad=0.001608
epoch=31 loss_total=0.683272 loss_rec=0.627612 valid_auc=0.682467 valid_rmse=0.474970 q_change=57 q_delta=0.426502 q_grad=0.001655
epoch=32 loss_total=0.684928 loss_rec=0.629526 valid_auc=0.683504 valid_rmse=0.475859 q_change=57 q_delta=0.426713 q_grad=0.001727
epoch=33 loss_total=0.683629 loss_rec=0.628359 valid_auc=0.681362 valid_rmse=0.474472 q_change=57 q_delta=0.427179 q_grad=0.001715
epoch=34 loss_total=0.682890 loss_rec=0.627811 valid_auc=0.680011 valid_rmse=0.474275 q_change=57 q_delta=0.427256 q_grad=0.001749
epoch=35 loss_total=0.684123 loss_rec=0.629105 valid_auc=0.682768 valid_rmse=0.473586 q_change=57 q_delta=0.427292 q_grad=0.001745
epoch=36 loss_total=0.680743 loss_rec=0.625724 valid_auc=0.685179 valid_rmse=0.474384 q_change=57 q_delta=0.427059 q_grad=0.001784
epoch=37 loss_total=0.674793 loss_rec=0.619713 valid_auc=0.686038 valid_rmse=0.473699 q_change=56 q_delta=0.426966 q_grad=0.001821
epoch=38 loss_total=0.673985 loss_rec=0.618880 valid_auc=0.684018 valid_rmse=0.476046 q_change=56 q_delta=0.427673 q_grad=0.001939
epoch=39 loss_total=0.677053 loss_rec=0.622030 valid_auc=0.684743 valid_rmse=0.473486 q_change=56 q_delta=0.428465 q_grad=0.001882
epoch=40 loss_total=0.673004 loss_rec=0.618080 valid_auc=0.684319 valid_rmse=0.473821 q_change=56 q_delta=0.428972 q_grad=0.001925
epoch=41 loss_total=0.668612 loss_rec=0.613809 valid_auc=0.686585 valid_rmse=0.473960 q_change=56 q_delta=0.429411 q_grad=0.001944
epoch=42 loss_total=0.673071 loss_rec=0.618403 valid_auc=0.682790 valid_rmse=0.474563 q_change=56 q_delta=0.429900 q_grad=0.001997
epoch=43 loss_total=0.669090 loss_rec=0.614527 valid_auc=0.685569 valid_rmse=0.473612 q_change=56 q_delta=0.430141 q_grad=0.001939
epoch=44 loss_total=0.670029 loss_rec=0.615637 valid_auc=0.685391 valid_rmse=0.473997 q_change=56 q_delta=0.430563 q_grad=0.002017
epoch=45 loss_total=0.667673 loss_rec=0.613436 valid_auc=0.685904 valid_rmse=0.476198 q_change=56 q_delta=0.430750 q_grad=0.002043
epoch=46 loss_total=0.668978 loss_rec=0.614857 valid_auc=0.687188 valid_rmse=0.472656 q_change=56 q_delta=0.431155 q_grad=0.001992
epoch=47 loss_total=0.666366 loss_rec=0.612399 valid_auc=0.689185 valid_rmse=0.472945 q_change=56 q_delta=0.431309 q_grad=0.002016
epoch=48 loss_total=0.667106 loss_rec=0.613221 valid_auc=0.688666 valid_rmse=0.472253 q_change=56 q_delta=0.431570 q_grad=0.002056
epoch=49 loss_total=0.665173 loss_rec=0.611347 valid_auc=0.688661 valid_rmse=0.472298 q_change=56 q_delta=0.431679 q_grad=0.002079
epoch=50 loss_total=0.661618 loss_rec=0.607860 valid_auc=0.686786 valid_rmse=0.473100 q_change=56 q_delta=0.431798 q_grad=0.001983
epoch=51 loss_total=0.661967 loss_rec=0.608300 valid_auc=0.690893 valid_rmse=0.473591 q_change=56 q_delta=0.431789 q_grad=0.002117
epoch=52 loss_total=0.663116 loss_rec=0.609463 valid_auc=0.689185 valid_rmse=0.472436 q_change=56 q_delta=0.431928 q_grad=0.002124
epoch=53 loss_total=0.664934 loss_rec=0.611316 valid_auc=0.692243 valid_rmse=0.471462 q_change=56 q_delta=0.431987 q_grad=0.002103
epoch=54 loss_total=0.657390 loss_rec=0.603811 valid_auc=0.690804 valid_rmse=0.472797 q_change=56 q_delta=0.431922 q_grad=0.002069
epoch=55 loss_total=0.657172 loss_rec=0.603566 valid_auc=0.693683 valid_rmse=0.471269 q_change=56 q_delta=0.431883 q_grad=0.002105
epoch=56 loss_total=0.658689 loss_rec=0.605082 valid_auc=0.691429 valid_rmse=0.471507 q_change=56 q_delta=0.431853 q_grad=0.002147
epoch=57 loss_total=0.657024 loss_rec=0.603368 valid_auc=0.693984 valid_rmse=0.472675 q_change=55 q_delta=0.431629 q_grad=0.002197
epoch=58 loss_total=0.653422 loss_rec=0.599692 valid_auc=0.691708 valid_rmse=0.472850 q_change=55 q_delta=0.431894 q_grad=0.002146
epoch=59 loss_total=0.652861 loss_rec=0.599202 valid_auc=0.691540 valid_rmse=0.471425 q_change=54 q_delta=0.432382 q_grad=0.002143
epoch=60 loss_total=0.651775 loss_rec=0.598111 valid_auc=0.692779 valid_rmse=0.472268 q_change=54 q_delta=0.432685 q_grad=0.002183
epoch=61 loss_total=0.650842 loss_rec=0.597169 valid_auc=0.693181 valid_rmse=0.472153 q_change=54 q_delta=0.433080 q_grad=0.002223
epoch=62 loss_total=0.648781 loss_rec=0.595149 valid_auc=0.692400 valid_rmse=0.471497 q_change=54 q_delta=0.433436 q_grad=0.002164
epoch=63 loss_total=0.649695 loss_rec=0.596057 valid_auc=0.691060 valid_rmse=0.472764 q_change=54 q_delta=0.433727 q_grad=0.002197
epoch=64 loss_total=0.652436 loss_rec=0.598874 valid_auc=0.694978 valid_rmse=0.473840 q_change=54 q_delta=0.434053 q_grad=0.002259
epoch=65 loss_total=0.645886 loss_rec=0.592342 valid_auc=0.692846 valid_rmse=0.471851 q_change=54 q_delta=0.434515 q_grad=0.002150
epoch=66 loss_total=0.646202 loss_rec=0.592718 valid_auc=0.693549 valid_rmse=0.472473 q_change=54 q_delta=0.434764 q_grad=0.002293
epoch=67 loss_total=0.648593 loss_rec=0.595139 valid_auc=0.691038 valid_rmse=0.473769 q_change=54 q_delta=0.435040 q_grad=0.002269
epoch=68 loss_total=0.644366 loss_rec=0.590979 valid_auc=0.692511 valid_rmse=0.474275 q_change=54 q_delta=0.435289 q_grad=0.002278
epoch=69 loss_total=0.640815 loss_rec=0.587482 valid_auc=0.694844 valid_rmse=0.479369 q_change=54 q_delta=0.435391 q_grad=0.002365
epoch=70 loss_total=0.640632 loss_rec=0.587336 valid_auc=0.691484 valid_rmse=0.472842 q_change=54 q_delta=0.435783 q_grad=0.002357
epoch=71 loss_total=0.642677 loss_rec=0.589433 valid_auc=0.690792 valid_rmse=0.473293 q_change=54 q_delta=0.435969 q_grad=0.002360
epoch=72 loss_total=0.641156 loss_rec=0.587952 valid_auc=0.690301 valid_rmse=0.473863 q_change=54 q_delta=0.436173 q_grad=0.002381
epoch=73 loss_total=0.637793 loss_rec=0.584699 valid_auc=0.687232 valid_rmse=0.474352 q_change=54 q_delta=0.436398 q_grad=0.002441
epoch=74 loss_total=0.641733 loss_rec=0.588682 valid_auc=0.688862 valid_rmse=0.474802 q_change=54 q_delta=0.436527 q_grad=0.002383
epoch=75 loss_total=0.639553 loss_rec=0.586502 valid_auc=0.687042 valid_rmse=0.481011 q_change=54 q_delta=0.436557 q_grad=0.002392
epoch=76 loss_total=0.639659 loss_rec=0.586625 valid_auc=0.685737 valid_rmse=0.474359 q_change=54 q_delta=0.436842 q_grad=0.002374
epoch=77 loss_total=0.633575 loss_rec=0.580579 valid_auc=0.686194 valid_rmse=0.477962 q_change=54 q_delta=0.436820 q_grad=0.002385
epoch=78 loss_total=0.634272 loss_rec=0.581298 valid_auc=0.685692 valid_rmse=0.476233 q_change=54 q_delta=0.436954 q_grad=0.002562
epoch=79 loss_total=0.633739 loss_rec=0.580836 valid_auc=0.685424 valid_rmse=0.475511 q_change=54 q_delta=0.437128 q_grad=0.002618
epoch=80 loss_total=0.633800 loss_rec=0.580915 valid_auc=0.685491 valid_rmse=0.475256 q_change=54 q_delta=0.437193 q_grad=0.002537
epoch=81 loss_total=0.630196 loss_rec=0.577370 valid_auc=0.686663 valid_rmse=0.477425 q_change=54 q_delta=0.437303 q_grad=0.002591
epoch=82 loss_total=0.630441 loss_rec=0.577655 valid_auc=0.685926 valid_rmse=0.476733 q_change=54 q_delta=0.437381 q_grad=0.002638
epoch=83 loss_total=0.629186 loss_rec=0.576451 valid_auc=0.685201 valid_rmse=0.480662 q_change=54 q_delta=0.437416 q_grad=0.002602
epoch=84 loss_total=0.629868 loss_rec=0.577157 valid_auc=0.686440 valid_rmse=0.477146 q_change=54 q_delta=0.437622 q_grad=0.002700
Early stopping at epoch 84; best_epoch=64.
Saved run to C:\Users\YAN_SHU_YU\Desktop\Generative-CD\Q_GNCDM\results\weak_q_lambda_sweep\lq_0p1_ls_0p6_lb_0p2\seed_2026\noise_0.20\weak-q_lq_0p1_ls_0p6_lb_0p2
Final metrics: q_hat_f1=0.101695 response_auc=0.685643 mastery_pearson=0.308447
