run=weak-q_lq_0p5_ls_0p2_lb_0p7 mode=weak-q noise=0.20 train=4200 valid=600 test=1200
epoch=1 loss_total=0.984124 loss_rec=0.725635 valid_auc=0.589275 valid_rmse=0.499725 q_change=57 q_delta=0.076941 q_grad=0.000247
epoch=2 loss_total=0.944625 loss_rec=0.705726 valid_auc=0.601205 valid_rmse=0.499141 q_change=57 q_delta=0.145664 q_grad=0.000250
epoch=3 loss_total=0.919743 loss_rec=0.699360 valid_auc=0.623884 valid_rmse=0.498023 q_change=57 q_delta=0.203304 q_grad=0.000254
epoch=4 loss_total=0.896095 loss_rec=0.692175 valid_auc=0.652355 valid_rmse=0.496647 q_change=57 q_delta=0.249275 q_grad=0.000252
epoch=5 loss_total=0.880612 loss_rec=0.689795 valid_auc=0.670301 valid_rmse=0.493223 q_change=57 q_delta=0.281786 q_grad=0.000271
epoch=6 loss_total=0.860473 loss_rec=0.679107 valid_auc=0.672612 valid_rmse=0.488154 q_change=54 q_delta=0.301922 q_grad=0.000332
epoch=7 loss_total=0.834852 loss_rec=0.659610 valid_auc=0.669554 valid_rmse=0.481294 q_change=52 q_delta=0.315130 q_grad=0.000461
epoch=8 loss_total=0.819546 loss_rec=0.648230 valid_auc=0.670089 valid_rmse=0.478755 q_change=52 q_delta=0.324217 q_grad=0.000672
epoch=9 loss_total=0.809227 loss_rec=0.640958 valid_auc=0.675859 valid_rmse=0.475683 q_change=52 q_delta=0.331806 q_grad=0.000822
epoch=10 loss_total=0.809003 loss_rec=0.643307 valid_auc=0.675703 valid_rmse=0.476277 q_change=53 q_delta=0.337027 q_grad=0.000898
epoch=11 loss_total=0.803616 loss_rec=0.639674 valid_auc=0.677266 valid_rmse=0.475093 q_change=53 q_delta=0.341339 q_grad=0.001033
epoch=12 loss_total=0.792449 loss_rec=0.629991 valid_auc=0.679699 valid_rmse=0.475347 q_change=53 q_delta=0.344346 q_grad=0.001123
epoch=13 loss_total=0.786668 loss_rec=0.625415 valid_auc=0.681908 valid_rmse=0.473515 q_change=53 q_delta=0.347008 q_grad=0.001174
epoch=14 loss_total=0.784204 loss_rec=0.623919 valid_auc=0.682444 valid_rmse=0.474589 q_change=52 q_delta=0.348691 q_grad=0.001314
epoch=15 loss_total=0.778554 loss_rec=0.619083 valid_auc=0.683092 valid_rmse=0.473221 q_change=51 q_delta=0.351231 q_grad=0.001407
epoch=16 loss_total=0.777848 loss_rec=0.619205 valid_auc=0.685134 valid_rmse=0.473056 q_change=51 q_delta=0.353070 q_grad=0.001555
epoch=17 loss_total=0.772949 loss_rec=0.614959 valid_auc=0.685056 valid_rmse=0.473120 q_change=50 q_delta=0.354327 q_grad=0.001529
epoch=18 loss_total=0.763424 loss_rec=0.606000 valid_auc=0.686629 valid_rmse=0.473048 q_change=50 q_delta=0.355756 q_grad=0.001594
epoch=19 loss_total=0.760508 loss_rec=0.603762 valid_auc=0.688259 valid_rmse=0.473643 q_change=50 q_delta=0.357255 q_grad=0.001725
epoch=20 loss_total=0.755758 loss_rec=0.599530 valid_auc=0.690134 valid_rmse=0.472109 q_change=48 q_delta=0.358345 q_grad=0.001812
epoch=21 loss_total=0.749388 loss_rec=0.593731 valid_auc=0.691518 valid_rmse=0.473578 q_change=47 q_delta=0.359646 q_grad=0.001780
epoch=22 loss_total=0.744718 loss_rec=0.589554 valid_auc=0.690960 valid_rmse=0.473073 q_change=47 q_delta=0.361435 q_grad=0.001946
epoch=23 loss_total=0.740364 loss_rec=0.585777 valid_auc=0.690033 valid_rmse=0.473595 q_change=46 q_delta=0.363334 q_grad=0.001894
epoch=24 loss_total=0.733360 loss_rec=0.579310 valid_auc=0.689263 valid_rmse=0.474837 q_change=47 q_delta=0.364933 q_grad=0.001954
epoch=25 loss_total=0.731543 loss_rec=0.578086 valid_auc=0.690073 valid_rmse=0.475205 q_change=46 q_delta=0.366442 q_grad=0.002077
epoch=26 loss_total=0.728204 loss_rec=0.575274 valid_auc=0.690982 valid_rmse=0.475415 q_change=45 q_delta=0.367825 q_grad=0.002061
epoch=27 loss_total=0.723100 loss_rec=0.570646 valid_auc=0.690815 valid_rmse=0.477856 q_change=45 q_delta=0.368691 q_grad=0.002048
epoch=28 loss_total=0.722544 loss_rec=0.570515 valid_auc=0.691228 valid_rmse=0.476110 q_change=45 q_delta=0.369976 q_grad=0.002193
epoch=29 loss_total=0.714877 loss_rec=0.563272 valid_auc=0.694118 valid_rmse=0.475851 q_change=45 q_delta=0.370842 q_grad=0.002210
epoch=30 loss_total=0.711473 loss_rec=0.560244 valid_auc=0.693996 valid_rmse=0.476688 q_change=44 q_delta=0.371952 q_grad=0.002234
epoch=31 loss_total=0.705896 loss_rec=0.554999 valid_auc=0.694788 valid_rmse=0.476598 q_change=44 q_delta=0.372879 q_grad=0.002239
epoch=32 loss_total=0.702578 loss_rec=0.552087 valid_auc=0.698047 valid_rmse=0.477326 q_change=44 q_delta=0.373904 q_grad=0.002375
epoch=33 loss_total=0.696278 loss_rec=0.546091 valid_auc=0.696406 valid_rmse=0.475671 q_change=44 q_delta=0.374722 q_grad=0.002357
epoch=34 loss_total=0.694641 loss_rec=0.544742 valid_auc=0.693036 valid_rmse=0.476874 q_change=42 q_delta=0.375481 q_grad=0.002428
epoch=35 loss_total=0.694602 loss_rec=0.544976 valid_auc=0.697087 valid_rmse=0.475559 q_change=41 q_delta=0.376388 q_grad=0.002394
epoch=36 loss_total=0.687848 loss_rec=0.538470 valid_auc=0.699342 valid_rmse=0.475051 q_change=40 q_delta=0.376630 q_grad=0.002457
epoch=37 loss_total=0.680048 loss_rec=0.530893 valid_auc=0.698739 valid_rmse=0.476974 q_change=40 q_delta=0.377022 q_grad=0.002508
epoch=38 loss_total=0.672210 loss_rec=0.523278 valid_auc=0.700592 valid_rmse=0.477357 q_change=39 q_delta=0.377732 q_grad=0.002590
epoch=39 loss_total=0.671410 loss_rec=0.522676 valid_auc=0.701853 valid_rmse=0.476368 q_change=39 q_delta=0.378423 q_grad=0.002565
epoch=40 loss_total=0.665158 loss_rec=0.516700 valid_auc=0.700848 valid_rmse=0.477901 q_change=39 q_delta=0.379388 q_grad=0.002625
epoch=41 loss_total=0.658799 loss_rec=0.510634 valid_auc=0.698404 valid_rmse=0.481792 q_change=39 q_delta=0.380427 q_grad=0.002667
epoch=42 loss_total=0.659627 loss_rec=0.511743 valid_auc=0.696975 valid_rmse=0.480920 q_change=39 q_delta=0.381567 q_grad=0.002730
epoch=43 loss_total=0.654849 loss_rec=0.507196 valid_auc=0.698482 valid_rmse=0.480627 q_change=38 q_delta=0.382724 q_grad=0.002690
epoch=44 loss_total=0.649131 loss_rec=0.501773 valid_auc=0.697455 valid_rmse=0.481236 q_change=37 q_delta=0.383763 q_grad=0.002748
epoch=45 loss_total=0.644841 loss_rec=0.497770 valid_auc=0.696473 valid_rmse=0.484941 q_change=37 q_delta=0.384532 q_grad=0.002702
epoch=46 loss_total=0.646225 loss_rec=0.499375 valid_auc=0.698315 valid_rmse=0.481643 q_change=37 q_delta=0.385640 q_grad=0.002730
epoch=47 loss_total=0.637603 loss_rec=0.491036 valid_auc=0.694576 valid_rmse=0.485383 q_change=37 q_delta=0.386426 q_grad=0.002647
epoch=48 loss_total=0.641065 loss_rec=0.494768 valid_auc=0.695781 valid_rmse=0.483800 q_change=37 q_delta=0.387444 q_grad=0.002782
epoch=49 loss_total=0.631673 loss_rec=0.485586 valid_auc=0.696953 valid_rmse=0.482745 q_change=36 q_delta=0.388128 q_grad=0.002661
epoch=50 loss_total=0.629983 loss_rec=0.484091 valid_auc=0.694866 valid_rmse=0.486116 q_change=36 q_delta=0.388908 q_grad=0.002683
epoch=51 loss_total=0.628014 loss_rec=0.482378 valid_auc=0.694241 valid_rmse=0.486392 q_change=36 q_delta=0.389490 q_grad=0.002693
epoch=52 loss_total=0.625284 loss_rec=0.479859 valid_auc=0.693717 valid_rmse=0.486587 q_change=36 q_delta=0.390289 q_grad=0.002652
epoch=53 loss_total=0.627783 loss_rec=0.482549 valid_auc=0.694911 valid_rmse=0.485528 q_change=36 q_delta=0.390930 q_grad=0.002700
epoch=54 loss_total=0.622305 loss_rec=0.477269 valid_auc=0.688426 valid_rmse=0.488434 q_change=36 q_delta=0.391565 q_grad=0.002737
epoch=55 loss_total=0.618521 loss_rec=0.473689 valid_auc=0.694810 valid_rmse=0.485035 q_change=36 q_delta=0.392417 q_grad=0.002565
epoch=56 loss_total=0.615832 loss_rec=0.471187 valid_auc=0.689275 valid_rmse=0.488512 q_change=36 q_delta=0.393015 q_grad=0.002622
epoch=57 loss_total=0.614846 loss_rec=0.470401 valid_auc=0.690859 valid_rmse=0.489453 q_change=36 q_delta=0.393758 q_grad=0.002780
epoch=58 loss_total=0.609284 loss_rec=0.465008 valid_auc=0.691172 valid_rmse=0.490357 q_change=36 q_delta=0.394271 q_grad=0.002676
epoch=59 loss_total=0.607187 loss_rec=0.463129 valid_auc=0.692355 valid_rmse=0.488889 q_change=35 q_delta=0.395059 q_grad=0.002655
Early stopping at epoch 59; best_epoch=39.
Saved run to C:\Users\YAN_SHU_YU\Desktop\Generative-CD\Q_GNCDM\results\weak_q_lambda_sweep\lq_0p5_ls_0p2_lb_0p7\seed_2026\noise_0.20\weak-q_lq_0p5_ls_0p2_lb_0p7
Final metrics: q_hat_f1=0.486486 response_auc=0.687575 mastery_pearson=0.505859
