run=weak-q_lq_0p5_ls_0p5_lb_0p05 mode=weak-q noise=0.20 train=4200 valid=600 test=1200
epoch=1 loss_total=0.956280 loss_rec=0.725652 valid_auc=0.587818 valid_rmse=0.499747 q_change=57 q_delta=0.077042 q_grad=0.000465
epoch=2 loss_total=0.905568 loss_rec=0.705761 valid_auc=0.595201 valid_rmse=0.499234 q_change=57 q_delta=0.140119 q_grad=0.000364
epoch=3 loss_total=0.878007 loss_rec=0.699413 valid_auc=0.610262 valid_rmse=0.498236 q_change=57 q_delta=0.189214 q_grad=0.000295
epoch=4 loss_total=0.856317 loss_rec=0.692199 valid_auc=0.632712 valid_rmse=0.496982 q_change=57 q_delta=0.226764 q_grad=0.000253
epoch=5 loss_total=0.844398 loss_rec=0.689715 valid_auc=0.654051 valid_rmse=0.493658 q_change=57 q_delta=0.253288 q_grad=0.000256
epoch=6 loss_total=0.827364 loss_rec=0.678374 valid_auc=0.666027 valid_rmse=0.488492 q_change=57 q_delta=0.269288 q_grad=0.000318
epoch=7 loss_total=0.802818 loss_rec=0.656642 valid_auc=0.668036 valid_rmse=0.481080 q_change=57 q_delta=0.277295 q_grad=0.000475
epoch=8 loss_total=0.787076 loss_rec=0.642181 valid_auc=0.671585 valid_rmse=0.478204 q_change=57 q_delta=0.282608 q_grad=0.000730
epoch=9 loss_total=0.777081 loss_rec=0.633423 valid_auc=0.682143 valid_rmse=0.473651 q_change=57 q_delta=0.287211 q_grad=0.000916
epoch=10 loss_total=0.777350 loss_rec=0.634859 valid_auc=0.680770 valid_rmse=0.474843 q_change=57 q_delta=0.290485 q_grad=0.001019
epoch=11 loss_total=0.773532 loss_rec=0.631635 valid_auc=0.681998 valid_rmse=0.473226 q_change=57 q_delta=0.293646 q_grad=0.001168
epoch=12 loss_total=0.763490 loss_rec=0.622184 valid_auc=0.682411 valid_rmse=0.474638 q_change=57 q_delta=0.295702 q_grad=0.001251
epoch=13 loss_total=0.759511 loss_rec=0.618760 valid_auc=0.682511 valid_rmse=0.473280 q_change=57 q_delta=0.298679 q_grad=0.001274
epoch=14 loss_total=0.759733 loss_rec=0.619371 valid_auc=0.680592 valid_rmse=0.475265 q_change=56 q_delta=0.300237 q_grad=0.001369
epoch=15 loss_total=0.755923 loss_rec=0.615877 valid_auc=0.681752 valid_rmse=0.473917 q_change=56 q_delta=0.302715 q_grad=0.001418
epoch=16 loss_total=0.757501 loss_rec=0.617694 valid_auc=0.682958 valid_rmse=0.474331 q_change=55 q_delta=0.304730 q_grad=0.001517
epoch=17 loss_total=0.753805 loss_rec=0.614340 valid_auc=0.681942 valid_rmse=0.474284 q_change=54 q_delta=0.306861 q_grad=0.001445
epoch=18 loss_total=0.748596 loss_rec=0.609318 valid_auc=0.682567 valid_rmse=0.474162 q_change=53 q_delta=0.308998 q_grad=0.001474
epoch=19 loss_total=0.747801 loss_rec=0.608842 valid_auc=0.682333 valid_rmse=0.475027 q_change=53 q_delta=0.311416 q_grad=0.001568
epoch=20 loss_total=0.745585 loss_rec=0.606745 valid_auc=0.684308 valid_rmse=0.473494 q_change=52 q_delta=0.313722 q_grad=0.001638
epoch=21 loss_total=0.741250 loss_rec=0.602534 valid_auc=0.685268 valid_rmse=0.474648 q_change=52 q_delta=0.315834 q_grad=0.001560
epoch=22 loss_total=0.739175 loss_rec=0.600531 valid_auc=0.683795 valid_rmse=0.474705 q_change=52 q_delta=0.318269 q_grad=0.001687
epoch=23 loss_total=0.737166 loss_rec=0.598584 valid_auc=0.682969 valid_rmse=0.474467 q_change=51 q_delta=0.320937 q_grad=0.001650
epoch=24 loss_total=0.732461 loss_rec=0.593939 valid_auc=0.681283 valid_rmse=0.475286 q_change=51 q_delta=0.323171 q_grad=0.001685
epoch=25 loss_total=0.732987 loss_rec=0.594443 valid_auc=0.682712 valid_rmse=0.475284 q_change=50 q_delta=0.325145 q_grad=0.001793
epoch=26 loss_total=0.730342 loss_rec=0.591809 valid_auc=0.684531 valid_rmse=0.475409 q_change=50 q_delta=0.327225 q_grad=0.001779
epoch=27 loss_total=0.726654 loss_rec=0.588028 valid_auc=0.685234 valid_rmse=0.476580 q_change=50 q_delta=0.329397 q_grad=0.001770
epoch=28 loss_total=0.729388 loss_rec=0.590724 valid_auc=0.685022 valid_rmse=0.475655 q_change=50 q_delta=0.331532 q_grad=0.001864
epoch=29 loss_total=0.722472 loss_rec=0.583792 valid_auc=0.687578 valid_rmse=0.474909 q_change=50 q_delta=0.333436 q_grad=0.001874
epoch=30 loss_total=0.720737 loss_rec=0.581933 valid_auc=0.688661 valid_rmse=0.475959 q_change=49 q_delta=0.335025 q_grad=0.001891
epoch=31 loss_total=0.716454 loss_rec=0.577526 valid_auc=0.686786 valid_rmse=0.475861 q_change=49 q_delta=0.336844 q_grad=0.001911
epoch=32 loss_total=0.716805 loss_rec=0.577759 valid_auc=0.690246 valid_rmse=0.474987 q_change=49 q_delta=0.338839 q_grad=0.001967
epoch=33 loss_total=0.712821 loss_rec=0.573596 valid_auc=0.689163 valid_rmse=0.473776 q_change=49 q_delta=0.340770 q_grad=0.001988
epoch=34 loss_total=0.712000 loss_rec=0.572701 valid_auc=0.687969 valid_rmse=0.474046 q_change=48 q_delta=0.342308 q_grad=0.001972
epoch=35 loss_total=0.711371 loss_rec=0.571933 valid_auc=0.692065 valid_rmse=0.472699 q_change=48 q_delta=0.343826 q_grad=0.001989
epoch=36 loss_total=0.703724 loss_rec=0.564084 valid_auc=0.691607 valid_rmse=0.473292 q_change=48 q_delta=0.344868 q_grad=0.002065
epoch=37 loss_total=0.699129 loss_rec=0.559308 valid_auc=0.690246 valid_rmse=0.475448 q_change=46 q_delta=0.346042 q_grad=0.002075
epoch=38 loss_total=0.694107 loss_rec=0.554204 valid_auc=0.690603 valid_rmse=0.476443 q_change=46 q_delta=0.347233 q_grad=0.002195
epoch=39 loss_total=0.692689 loss_rec=0.552651 valid_auc=0.689364 valid_rmse=0.474605 q_change=46 q_delta=0.348923 q_grad=0.002165
epoch=40 loss_total=0.688908 loss_rec=0.548733 valid_auc=0.689654 valid_rmse=0.475434 q_change=46 q_delta=0.349817 q_grad=0.002241
epoch=41 loss_total=0.681916 loss_rec=0.541670 valid_auc=0.689598 valid_rmse=0.477565 q_change=45 q_delta=0.351004 q_grad=0.002252
epoch=42 loss_total=0.683653 loss_rec=0.543319 valid_auc=0.686071 valid_rmse=0.476918 q_change=44 q_delta=0.352396 q_grad=0.002407
epoch=43 loss_total=0.677058 loss_rec=0.536646 valid_auc=0.688783 valid_rmse=0.477675 q_change=44 q_delta=0.353254 q_grad=0.002387
epoch=44 loss_total=0.675211 loss_rec=0.534739 valid_auc=0.687701 valid_rmse=0.477484 q_change=44 q_delta=0.354281 q_grad=0.002422
epoch=45 loss_total=0.669745 loss_rec=0.529246 valid_auc=0.686038 valid_rmse=0.482380 q_change=44 q_delta=0.354842 q_grad=0.002441
epoch=46 loss_total=0.668676 loss_rec=0.528071 valid_auc=0.692232 valid_rmse=0.476642 q_change=44 q_delta=0.356284 q_grad=0.002473
epoch=47 loss_total=0.665904 loss_rec=0.525273 valid_auc=0.688415 valid_rmse=0.479944 q_change=44 q_delta=0.357260 q_grad=0.002475
epoch=48 loss_total=0.663842 loss_rec=0.523215 valid_auc=0.687958 valid_rmse=0.479279 q_change=44 q_delta=0.358392 q_grad=0.002539
epoch=49 loss_total=0.658474 loss_rec=0.517842 valid_auc=0.690971 valid_rmse=0.477509 q_change=44 q_delta=0.359052 q_grad=0.002529
epoch=50 loss_total=0.653165 loss_rec=0.512544 valid_auc=0.688783 valid_rmse=0.481404 q_change=45 q_delta=0.360005 q_grad=0.002534
epoch=51 loss_total=0.653971 loss_rec=0.513405 valid_auc=0.689520 valid_rmse=0.481592 q_change=45 q_delta=0.360743 q_grad=0.002616
epoch=52 loss_total=0.655116 loss_rec=0.514558 valid_auc=0.687779 valid_rmse=0.480219 q_change=45 q_delta=0.361663 q_grad=0.002631
epoch=53 loss_total=0.656262 loss_rec=0.515719 valid_auc=0.687656 valid_rmse=0.479492 q_change=45 q_delta=0.362285 q_grad=0.002639
epoch=54 loss_total=0.649328 loss_rec=0.508751 valid_auc=0.685748 valid_rmse=0.481544 q_change=44 q_delta=0.362921 q_grad=0.002653
epoch=55 loss_total=0.645234 loss_rec=0.504702 valid_auc=0.692902 valid_rmse=0.477989 q_change=44 q_delta=0.363562 q_grad=0.002607
epoch=56 loss_total=0.645426 loss_rec=0.504922 valid_auc=0.688650 valid_rmse=0.480779 q_change=43 q_delta=0.363973 q_grad=0.002639
epoch=57 loss_total=0.645046 loss_rec=0.504540 valid_auc=0.685234 valid_rmse=0.483758 q_change=43 q_delta=0.364529 q_grad=0.002754
epoch=58 loss_total=0.639482 loss_rec=0.498995 valid_auc=0.687746 valid_rmse=0.483529 q_change=43 q_delta=0.365068 q_grad=0.002690
epoch=59 loss_total=0.638004 loss_rec=0.497629 valid_auc=0.691217 valid_rmse=0.479452 q_change=43 q_delta=0.365668 q_grad=0.002662
epoch=60 loss_total=0.639576 loss_rec=0.499215 valid_auc=0.690346 valid_rmse=0.481339 q_change=42 q_delta=0.366056 q_grad=0.002692
epoch=61 loss_total=0.637316 loss_rec=0.496938 valid_auc=0.688717 valid_rmse=0.481341 q_change=42 q_delta=0.366531 q_grad=0.002777
epoch=62 loss_total=0.634013 loss_rec=0.493721 valid_auc=0.691395 valid_rmse=0.480753 q_change=41 q_delta=0.366956 q_grad=0.002684
epoch=63 loss_total=0.634015 loss_rec=0.493723 valid_auc=0.689364 valid_rmse=0.482037 q_change=41 q_delta=0.367295 q_grad=0.002810
epoch=64 loss_total=0.633892 loss_rec=0.493629 valid_auc=0.689688 valid_rmse=0.483758 q_change=41 q_delta=0.367490 q_grad=0.002771
epoch=65 loss_total=0.632205 loss_rec=0.491964 valid_auc=0.689621 valid_rmse=0.481998 q_change=41 q_delta=0.368181 q_grad=0.002656
epoch=66 loss_total=0.631904 loss_rec=0.491676 valid_auc=0.688092 valid_rmse=0.483022 q_change=41 q_delta=0.368537 q_grad=0.002844
epoch=67 loss_total=0.632106 loss_rec=0.491906 valid_auc=0.687433 valid_rmse=0.484085 q_change=41 q_delta=0.368934 q_grad=0.002832
epoch=68 loss_total=0.624671 loss_rec=0.484500 valid_auc=0.689978 valid_rmse=0.485223 q_change=41 q_delta=0.369131 q_grad=0.002798
epoch=69 loss_total=0.622838 loss_rec=0.482669 valid_auc=0.689453 valid_rmse=0.489587 q_change=40 q_delta=0.369653 q_grad=0.002863
epoch=70 loss_total=0.620137 loss_rec=0.479973 valid_auc=0.687667 valid_rmse=0.484513 q_change=40 q_delta=0.370318 q_grad=0.002922
epoch=71 loss_total=0.620926 loss_rec=0.480826 valid_auc=0.692154 valid_rmse=0.483014 q_change=39 q_delta=0.370689 q_grad=0.002875
epoch=72 loss_total=0.621489 loss_rec=0.481365 valid_auc=0.689676 valid_rmse=0.483985 q_change=39 q_delta=0.370930 q_grad=0.002892
epoch=73 loss_total=0.615050 loss_rec=0.474926 valid_auc=0.686412 valid_rmse=0.487048 q_change=39 q_delta=0.371451 q_grad=0.002915
epoch=74 loss_total=0.620530 loss_rec=0.480444 valid_auc=0.688806 valid_rmse=0.485367 q_change=40 q_delta=0.372048 q_grad=0.002922
epoch=75 loss_total=0.618078 loss_rec=0.477978 valid_auc=0.686987 valid_rmse=0.491760 q_change=38 q_delta=0.372055 q_grad=0.002941
Early stopping at epoch 75; best_epoch=55.
Saved run to C:\Users\YAN_SHU_YU\Desktop\Generative-CD\Q_GNCDM\results\weak_q_lambda_sweep\lq_0p5_ls_0p5_lb_0p05\seed_2026\noise_0.20\weak-q_lq_0p5_ls_0p5_lb_0p05
Final metrics: q_hat_f1=0.347826 response_auc=0.684565 mastery_pearson=0.499203
