run=weak-q_lq_0p9_ls_0p3_lb_0p8 mode=weak-q noise=0.20 train=4200 valid=600 test=1200
epoch=1 loss_total=1.052740 loss_rec=0.725646 valid_auc=0.588482 valid_rmse=0.499738 q_change=57 q_delta=0.076947 q_grad=0.000329
epoch=2 loss_total=1.009496 loss_rec=0.705727 valid_auc=0.598315 valid_rmse=0.499179 q_change=57 q_delta=0.141544 q_grad=0.000285
epoch=3 loss_total=0.984880 loss_rec=0.699290 valid_auc=0.616892 valid_rmse=0.498079 q_change=57 q_delta=0.193007 q_grad=0.000258
epoch=4 loss_total=0.963537 loss_rec=0.691882 valid_auc=0.642991 valid_rmse=0.496643 q_change=57 q_delta=0.232905 q_grad=0.000243
epoch=5 loss_total=0.950622 loss_rec=0.688910 valid_auc=0.662333 valid_rmse=0.492947 q_change=57 q_delta=0.260506 q_grad=0.000262
epoch=6 loss_total=0.931712 loss_rec=0.676456 valid_auc=0.670123 valid_rmse=0.487068 q_change=56 q_delta=0.276331 q_grad=0.000339
epoch=7 loss_total=0.905624 loss_rec=0.653956 valid_auc=0.669436 valid_rmse=0.479978 q_change=54 q_delta=0.284335 q_grad=0.000503
epoch=8 loss_total=0.890496 loss_rec=0.640894 valid_auc=0.673616 valid_rmse=0.477340 q_change=54 q_delta=0.289635 q_grad=0.000750
epoch=9 loss_total=0.879491 loss_rec=0.631603 valid_auc=0.684319 valid_rmse=0.472852 q_change=54 q_delta=0.293489 q_grad=0.000924
epoch=10 loss_total=0.878010 loss_rec=0.631599 valid_auc=0.685737 valid_rmse=0.473407 q_change=53 q_delta=0.295588 q_grad=0.001032
epoch=11 loss_total=0.871862 loss_rec=0.626302 valid_auc=0.688404 valid_rmse=0.471476 q_change=49 q_delta=0.298293 q_grad=0.001194
epoch=12 loss_total=0.859153 loss_rec=0.614425 valid_auc=0.687991 valid_rmse=0.472827 q_change=47 q_delta=0.301093 q_grad=0.001301
epoch=13 loss_total=0.852327 loss_rec=0.608451 valid_auc=0.687600 valid_rmse=0.471996 q_change=47 q_delta=0.305353 q_grad=0.001343
epoch=14 loss_total=0.850074 loss_rec=0.606938 valid_auc=0.687333 valid_rmse=0.473720 q_change=46 q_delta=0.308930 q_grad=0.001451
epoch=15 loss_total=0.842820 loss_rec=0.600378 valid_auc=0.688304 valid_rmse=0.472810 q_change=45 q_delta=0.312638 q_grad=0.001513
epoch=16 loss_total=0.841946 loss_rec=0.600147 valid_auc=0.688571 valid_rmse=0.473304 q_change=44 q_delta=0.315764 q_grad=0.001640
epoch=17 loss_total=0.835618 loss_rec=0.594466 valid_auc=0.686886 valid_rmse=0.473520 q_change=43 q_delta=0.318582 q_grad=0.001576
epoch=18 loss_total=0.826680 loss_rec=0.586052 valid_auc=0.688839 valid_rmse=0.473275 q_change=43 q_delta=0.321378 q_grad=0.001617
epoch=19 loss_total=0.823417 loss_rec=0.583407 valid_auc=0.689799 valid_rmse=0.474439 q_change=40 q_delta=0.324223 q_grad=0.001708
epoch=20 loss_total=0.817872 loss_rec=0.578322 valid_auc=0.692076 valid_rmse=0.473166 q_change=40 q_delta=0.327024 q_grad=0.001803
epoch=21 loss_total=0.809915 loss_rec=0.570835 valid_auc=0.694230 valid_rmse=0.474281 q_change=37 q_delta=0.329303 q_grad=0.001737
epoch=22 loss_total=0.805455 loss_rec=0.566815 valid_auc=0.693304 valid_rmse=0.474287 q_change=36 q_delta=0.331757 q_grad=0.001878
epoch=23 loss_total=0.800054 loss_rec=0.561841 valid_auc=0.691228 valid_rmse=0.475332 q_change=34 q_delta=0.334135 q_grad=0.001810
epoch=24 loss_total=0.791114 loss_rec=0.553289 valid_auc=0.692176 valid_rmse=0.475981 q_change=34 q_delta=0.336480 q_grad=0.001873
epoch=25 loss_total=0.787864 loss_rec=0.550403 valid_auc=0.695056 valid_rmse=0.476240 q_change=33 q_delta=0.339039 q_grad=0.002001
epoch=26 loss_total=0.783397 loss_rec=0.546293 valid_auc=0.693917 valid_rmse=0.476468 q_change=33 q_delta=0.341498 q_grad=0.001982
epoch=27 loss_total=0.774910 loss_rec=0.538109 valid_auc=0.692355 valid_rmse=0.480310 q_change=32 q_delta=0.343748 q_grad=0.001981
epoch=28 loss_total=0.774775 loss_rec=0.538249 valid_auc=0.693304 valid_rmse=0.478407 q_change=32 q_delta=0.345940 q_grad=0.002138
epoch=29 loss_total=0.766297 loss_rec=0.530088 valid_auc=0.695413 valid_rmse=0.478545 q_change=31 q_delta=0.347785 q_grad=0.002108
epoch=30 loss_total=0.761846 loss_rec=0.525881 valid_auc=0.696629 valid_rmse=0.479350 q_change=31 q_delta=0.349890 q_grad=0.002179
epoch=31 loss_total=0.755033 loss_rec=0.519348 valid_auc=0.696797 valid_rmse=0.479965 q_change=30 q_delta=0.351591 q_grad=0.002145
epoch=32 loss_total=0.753143 loss_rec=0.517722 valid_auc=0.699431 valid_rmse=0.480387 q_change=30 q_delta=0.353484 q_grad=0.002225
epoch=33 loss_total=0.745632 loss_rec=0.510414 valid_auc=0.695725 valid_rmse=0.479642 q_change=30 q_delta=0.355220 q_grad=0.002206
epoch=34 loss_total=0.745278 loss_rec=0.510331 valid_auc=0.695982 valid_rmse=0.479348 q_change=30 q_delta=0.356527 q_grad=0.002225
epoch=35 loss_total=0.746255 loss_rec=0.511544 valid_auc=0.700123 valid_rmse=0.477527 q_change=29 q_delta=0.357917 q_grad=0.002191
epoch=36 loss_total=0.737505 loss_rec=0.502953 valid_auc=0.696953 valid_rmse=0.478780 q_change=29 q_delta=0.358882 q_grad=0.002256
epoch=37 loss_total=0.732558 loss_rec=0.498197 valid_auc=0.695592 valid_rmse=0.481897 q_change=29 q_delta=0.360202 q_grad=0.002242
epoch=38 loss_total=0.724167 loss_rec=0.490040 valid_auc=0.696194 valid_rmse=0.482102 q_change=28 q_delta=0.361474 q_grad=0.002295
epoch=39 loss_total=0.725599 loss_rec=0.491663 valid_auc=0.696105 valid_rmse=0.481313 q_change=27 q_delta=0.362597 q_grad=0.002257
epoch=40 loss_total=0.722423 loss_rec=0.488672 valid_auc=0.695391 valid_rmse=0.482206 q_change=27 q_delta=0.363661 q_grad=0.002307
epoch=41 loss_total=0.715473 loss_rec=0.481933 valid_auc=0.694777 valid_rmse=0.485902 q_change=27 q_delta=0.364962 q_grad=0.002278
epoch=42 loss_total=0.719786 loss_rec=0.486434 valid_auc=0.693795 valid_rmse=0.484041 q_change=27 q_delta=0.366028 q_grad=0.002393
epoch=43 loss_total=0.713417 loss_rec=0.480246 valid_auc=0.695826 valid_rmse=0.484032 q_change=27 q_delta=0.367321 q_grad=0.002344
epoch=44 loss_total=0.708659 loss_rec=0.475651 valid_auc=0.695357 valid_rmse=0.483272 q_change=27 q_delta=0.368387 q_grad=0.002359
epoch=45 loss_total=0.706498 loss_rec=0.473669 valid_auc=0.693393 valid_rmse=0.488232 q_change=27 q_delta=0.369416 q_grad=0.002318
epoch=46 loss_total=0.705817 loss_rec=0.473106 valid_auc=0.697400 valid_rmse=0.483443 q_change=28 q_delta=0.370552 q_grad=0.002374
epoch=47 loss_total=0.701308 loss_rec=0.468774 valid_auc=0.694799 valid_rmse=0.486439 q_change=28 q_delta=0.371486 q_grad=0.002273
epoch=48 loss_total=0.702991 loss_rec=0.470628 valid_auc=0.695547 valid_rmse=0.484624 q_change=28 q_delta=0.372786 q_grad=0.002388
epoch=49 loss_total=0.696014 loss_rec=0.463794 valid_auc=0.695737 valid_rmse=0.483732 q_change=28 q_delta=0.373684 q_grad=0.002310
epoch=50 loss_total=0.692077 loss_rec=0.459977 valid_auc=0.695670 valid_rmse=0.487702 q_change=27 q_delta=0.374709 q_grad=0.002317
epoch=51 loss_total=0.692334 loss_rec=0.460417 valid_auc=0.694754 valid_rmse=0.487966 q_change=28 q_delta=0.375692 q_grad=0.002380
epoch=52 loss_total=0.692544 loss_rec=0.460758 valid_auc=0.693884 valid_rmse=0.486470 q_change=27 q_delta=0.376524 q_grad=0.002323
epoch=53 loss_total=0.694615 loss_rec=0.462962 valid_auc=0.695435 valid_rmse=0.485345 q_change=26 q_delta=0.377362 q_grad=0.002343
epoch=54 loss_total=0.688889 loss_rec=0.457341 valid_auc=0.692243 valid_rmse=0.487139 q_change=27 q_delta=0.378194 q_grad=0.002392
epoch=55 loss_total=0.684368 loss_rec=0.452971 valid_auc=0.698158 valid_rmse=0.483364 q_change=27 q_delta=0.379011 q_grad=0.002294
Early stopping at epoch 55; best_epoch=35.
Saved run to C:\Users\YAN_SHU_YU\Desktop\Generative-CD\Q_GNCDM\results\weak_q_lambda_sweep\lq_0p9_ls_0p3_lb_0p8\seed_2026\noise_0.20\weak-q_lq_0p9_ls_0p3_lb_0p8
Final metrics: q_hat_f1=0.642857 response_auc=0.690652 mastery_pearson=0.548852
